ets Jul 29 2019 12:21:46

rst:0x1 (POWERON_RESET),boot:0x13 (SPI_FAST_FLASH_BOOT)
configsip: 0, SPIWP:0xee
clk_drv:0x00,q_drv:0x00,d_drv:0x00,cs0_drv:0x00,hd_drv:0x00,wp_drv:0x00
mode:DIO, clock div:1
load:0x3fff0030,len:7168
load:0x40078000,len:15464
load:0x40080400,len:4
ho 8 tail 4 room 4
load:0x40080404,len:3684
entry 0x40080614
[0;32mI (31) boot: ESP-IDF v5.3-dirty 2nd stage bootloader[0m
[0;32mI (31) boot: compile time Aug 24 2024 20:42:44[0m
[0;33mW (31) boot: Unicore bootloader[0m
[0;32mI (35) boot: chip revision: v3.1[0m
[0;32mI (39) boot.esp32: SPI Speed      : 80MHz[0m
[0;32mI (44) boot.esp32: SPI Mode       : DIO[0m
[0;32mI (48) boot.esp32: SPI Flash Size : 4MB[0m
[0;32mI (53) boot: Enabling RNG early entropy source...[0m
[0;32mI (58) boot: Partition Table:[0m
[0;32mI (62) boot: ## Label            Usage          Type ST Offset   Length[0m
[0;32mI (69) boot:  0 nvs              WiFi data        01 02 00009000 00004000[0m
[0;32mI (77) boot:  1 otadata          OTA data         01 00 0000d000 00002000[0m
[0;32mI (84) boot:  2 phy_init         RF data          01 01 0000f000 00001000[0m
[0;32mI (92) boot:  3 ota_0            OTA app          00 10 00010000 001e0000[0m
[0;32mI (99) boot:  4 ota_1            OTA app          00 11 001f0000 001e0000[0m
[0;32mI (107) boot:  5 coredump         Unknown data     01 03 003d0000 00010000[0m
[0;32mI (114) boot:  6 reserved         Unknown data     01 fe 003e0000 00020000[0m
[0;32mI (122) boot: End of partition table[0m
[0;32mI (126) boot: No factory image, trying OTA 0[0m
[0;32mI (131) esp_image: segment 0: paddr=00010020 vaddr=3f400020 size=2b9bch (178620) map[0m
[0;32mI (190) esp_image: segment 1: paddr=0003b9e4 vaddr=3ffbdb60 size=04634h ( 17972) load[0m
[0;32mI (196) esp_image: segment 2: paddr=00040020 vaddr=400d0020 size=ba780h (763776) map[0m
[0;32mI (412) esp_image: segment 3: paddr=000fa7a8 vaddr=3ffc2194 size=00b08h (  2824) load[0m
[0;32mI (413) esp_image: segment 4: paddr=000fb2b8 vaddr=40080000 size=1c9b4h (117172) load[0m
[0;32mI (471) boot: Loaded app from partition at offset 0x10000[0m
[0;32mI (477) boot: Set actual ota_seq=1 in otadata[0][0m
[0;32mI (477) boot: Disabling RNG early entropy source...[0m
[0;32mI (488) quad_psram: This chip is ESP32-D0WD[0m
[0;32mI (489) esp_psram: Found 8MB PSRAM device[0m
[0;32mI (489) esp_psram: Speed: 80MHz[0m
[0;32mI (492) esp_psram: PSRAM initialized, cache is in normal (1-core) mode.[0m
[0;33mW (500) esp_psram: Virtual address not enough for PSRAM, map as much as we can. 4MB is mapped[0m
[0;32mI (509) cpu_start: Unicore app[0m
[0;32mI (513) cpu_start: Single core mode[0m
[0;32mI (1050) esp_psram: SPI SRAM memory test OK[0m
[0;32mI (1058) cpu_start: Pro cpu start user code[0m
[0;32mI (1058) cpu_start: cpu freq: 240000000 Hz[0m
[0;32mI (1058) app_init: Application information:[0m
[0;32mI (1061) app_init: Project name:     mesh_local_control[0m
[0;32mI (1067) app_init: App version:      f4bea835-dirty[0m
[0;32mI (1073) app_init: Compile time:     Aug 24 2024 20:47:30[0m
[0;32mI (1079) app_init: ELF file SHA256:  ebde8a5f0...[0m
[0;32mI (1084) app_init: ESP-IDF:          v5.3-dirty[0m
[0;32mI (1089) efuse_init: Min chip rev:     v0.0[0m
[0;32mI (1094) efuse_init: Max chip rev:     v3.99 [0m
[0;32mI (1099) efuse_init: Chip rev:         v3.1[0m
[0;32mI (1104) heap_init: Initializing. RAM available for dynamic allocation:[0m
[0;32mI (1111) heap_init: At 3FFAE6E0 len 0000F480 (61 KiB): DRAM[0m
[0;32mI (1118) heap_init: At 3FFC7AA0 len 00018560 (97 KiB): DRAM[0m
[0;32mI (1124) heap_init: At 3FFE0440 len 0001FBC0 (126 KiB): D/IRAM[0m
[0;32mI (1130) heap_init: At 40078000 len 00008000 (32 KiB): IRAM[0m
[0;32mI (1137) heap_init: At 4009C9B4 len 0000364C (13 KiB): IRAM[0m
[0;32mI (1143) heap_init: At 3FF80000 len 00002000 (8 KiB): RTCRAM[0m
[0;32mI (1149) esp_psram: Adding pool of 4096K of PSRAM memory to heap allocator[0m
[0;32mI (1158) spi_flash: detected chip: generic[0m
[0;32mI (1162) spi_flash: flash io: dio[0m
[0;33mW (1166) i2c: This driver is an old driver, please migrate your application code to adapt `driver/i2c_master.h`[0m
[0;32mI (1177) coexist: coex firmware version: dab85ae96[0m
[0;32mI (1182) main_task: Started on CPU0[0m
[0;32mI (1185) esp_psram: Reserving pool of 32K of internal memory for DMA/internal allocations[0m
[0;32mI (1194) main_task: Calling app_main()[0m
[0;32mI (1207) bridge_common: esp-iot-bridge version: 0.11.8[0m
I (1210) wifi:wifi driver task: 3ffbd5e0, prio:23, stack:6656, core=0
I (1213) wifi:wifi firmware version: 0caa81945
I (1215) wifi:wifi certification version: v7.0
I (1219) wifi:config NVS flash: enabled
I (1222) wifi:config nano formating: disabled
I (1227) wifi:Init data frame dynamic rx buffer num: 32
I (1232) wifi:Init static rx mgmt buffer num: 5
I (1236) wifi:Init management short buffer num: 32
I (1241) wifi:Init static tx buffer num: 16
I (1245) wifi:Init tx cache buffer num: 32
I (1248) wifi:Init static rx buffer size: 1600
I (1252) wifi:Init static rx buffer num: 10
I (1256) wifi:Init dynamic rx buffer num: 32
[0;32mI (1261) wifi_init: accept mbox: 6[0m
[0;32mI (1264) wifi_init: tcpip mbox: 32[0m
[0;32mI (1268) wifi_init: udp mbox: 6[0m
[0;32mI (1272) wifi_init: tcp mbox: 6[0m
[0;32mI (1276) wifi_init: tcp tx win: 5760[0m
[0;32mI (1280) wifi_init: tcp rx win: 5760[0m
[0;32mI (1284) wifi_init: tcp mss: 1440[0m
[0;32mI (1288) wifi_init: WiFi IRAM OP enabled[0m
[0;32mI (1293) wifi_init: WiFi RX IRAM OP enabled[0m
[0;32mI (1298) phy_init: phy_version 4830,54550f7,Jun 20 2024,14:22:08[0m
[0;33mW (1305) phy_init: failed to load RF calibration data (0x1102), falling back to full calibration[0m
[0;33mW (1364) phy_init: saving new calibration data because of checksum failure, mode(2)[0m
I (1373) wifi:mode : null
I (1375) wifi:mode : softAP (08:a6:f7:11:51:a9)
I (1376) wifi:Total power save buffer number: 8
I (1376) wifi:Init max length of beacon: 752/752
I (1379) wifi:Init max length of beacon: 752/752
[0;32mI (1385) esp_netif_lwip: DHCP server started on interface WIFI_AP_DEF with IP: 192.168.4.1[0m
Add netif ap with f4bea835(commit id)
[0;32mI (1396) bridge_common: netif list add success[0m
[0;31mE (1401) NVS: Failed to open NVS namespace[0m
[0;32mI (1405) bridge_common: IP Address:192.168.5.1[0m
[0;32mI (1411) bridge_common: GW Address:192.168.5.1[0m
[0;32mI (1416) bridge_common: NM Address:255.255.255.0[0m
[0;32mI (1421) bridge_common: [WIFI_AP_DEF ][0m
[0;32mI (1426) bridge_common: Set ip info:192.168.5.1[0m
[0;32mI (1431) bridge_wifi: SoftAP IP network segment has changed, deauth all station[0m
I (1441) wifi:Disabled PMF config for SoftAP
I (1443) wifi:Total power save buffer number: 8
[0;32mI (1449) esp_netif_lwip: DHCP server started on interface WIFI_AP_DEF with IP: 192.168.5.1[0m
[0;32mI (1456) bridge_common: [WIFI_AP_DEF ]Name Server1: 114.114.114.114[0m
[0;32mI (1463) bridge_common: DHCPS Restart, deauth all station[0m
Add netif sta with f4bea835(commit id)
[0;32mI (1472) bridge_common: netif list add success[0m
I (1478) wifi:mode : sta (08:a6:f7:11:51:a8) + softAP (08:a6:f7:11:51:a9)
I (1484) wifi:enable tsf
[0;31mE (1487) NVS: Failed to read IP info from NVS[0m
I (1492) wifi:Disabled PMF config for STA
[0;32mI (1495) bridge_wifi: [esp_bridge_wifi_set_config] sta ssid: Tran Con Dev password: password[0m
[0;32mI (1505) bridge_wifi: [esp_bridge_wifi_set_config] softap ssid: ESP_Bridge_1151a9 password: 12345678[0m
I (1685) wifi:Total power save buffer number: 8
[0;32mI (1688) esp_netif_lwip: DHCP server started on interface WIFI_AP_DEF with IP: 192.168.5.1[0m
[0;32mI (1689) bridge_wifi: SoftAP config changed, deauth all station[0m
[0;32mI (1695) Mesh-Lite: esp-mesh-lite component version: 1.0.0[0m
I (1701) ESPNOW: espnow [version: 1.0] init
[0;32mI (1705) [vendor_ie]: Mesh-Lite commit id: bc9302d
 [0m
[0;31mE (1711) [vendor_ie]: Error Get! [0m
[0;33mW (1714) [vendor_ie]: Mesh ID is not saved in flash [0m
[0;32mI (1720) [vendor_ie]: Mesh ID: 77 [0m
[0;33mW (1724) [vendor_ie]: Error Get[4354] [0m
[0;33mW (1729) [vendor_ie]: Error Get[4354] [0m
[0;32mI (1734) [ESP_Mesh_Lite_Comm]: msg action add success [0m
[0;32mI (1740) [ESP_Mesh_Lite_Comm]: Bind Socket 54, port 6364 [0m
[0;32mI (1745) [ESP_Mesh_Lite_Comm]: Bind Socket 55, port 6363 [0m
[0;32mI (1751) [ESP_Mesh_Lite_Comm]: Bind Socket 56, port 6366 [0m
[0;32mI (1757) [ESP_Mesh_Lite_Comm]: Bind Socket 57, port 6365 [0m
[0;32mI (1764) [mesh-lite-espnow]: Start espnow task [0m
[0;32mI (1770) Mesh-Lite: Mesh-Lite connecting[0m
[0;32mI (1775) [vendor_ie]: esp_mesh_lite_wifi_scan_start return ESP_OK [0m
[0;32mI (1780) gpio: GPIO[25]| InputEn: 1| OutputEn: 0| OpenDrain: 0| Pullup: 1| Pulldown: 0| Intr:2 [0m
[0;32mI (1790) cam_hal: cam init ok[0m
[0;32mI (1793) sccb: pin_sda 26 pin_scl 27[0m
[0;32mI (1797) sccb: sccb_i2c_port=1[0m
[0;32mI (1801) gpio: GPIO[32]| InputEn: 0| OutputEn: 1| OpenDrain: 0| Pullup: 0| Pulldown: 0| Intr:0 [0m
[0;32mI (1840) camera: Detected camera at address=0x30[0m
[0;32mI (1842) camera: Detected OV2640 camera[0m
[0;32mI (1842) camera: Camera PID=0x26 VER=0x42 MIDL=0x7f MIDH=0xa2[0m
[0;32mI (1906) cam_hal: buffer_size: 32768, half_buffer_size: 4096, node_buffer_size: 2048, node_cnt: 16, total_cnt: 2[0m
[0;32mI (1906) cam_hal: Allocating 11520 Byte frame buffer in PSRAM[0m
[0;32mI (1912) cam_hal: cam config ok[0m
[0;32mI (1916) ov2640: Set PLL: clk_2x: 0, clk_div: 0, pclk_auto: 0, pclk_div: 8[0m
ï¿½ets Jul 29 2019 12:21:46

rst:0x3 (SW_RESET),boot:0x13 (SPI_FAST_FLASH_BOOT)
configsip: 0, SPIWP:0xee
clk_drv:0x00,q_drv:0x00,d_drv:0x00,cs0_drv:0x00,hd_drv:0x00,wp_drv:0x00
mode:DIO, clock div:1
load:0x3fff0030,len:7168
load:0x40078000,len:15464
load:0x40080400,len:4
ho 8 tail 4 room 4
load:0x40080404,len:3684
entry 0x40080614
[0;32mI (179) boot: ESP-IDF v5.3-dirty 2nd stage bootloader[0m
[0;32mI (179) boot: compile time Aug 24 2024 20:42:44[0m
[0;33mW (179) boot: Unicore bootloader[0m
[0;32mI (184) boot: chip revision: v3.1[0m
[0;32mI (188) boot.esp32: SPI Speed      : 80MHz[0m
[0;32mI (193) boot.esp32: SPI Mode       : DIO[0m
[0;32mI (198) boot.esp32: SPI Flash Size : 4MB[0m
[0;32mI (202) boot: Enabling RNG early entropy source...[0m
[0;32mI (208) boot: Partition Table:[0m
[0;32mI (211) boot: ## Label            Usage          Type ST Offset   Length[0m
[0;32mI (219) boot:  0 nvs              WiFi data        01 02 00009000 00004000[0m
[0;32mI (226) boot:  1 otadata          OTA data         01 00 0000d000 00002000[0m
[0;32mI (234) boot:  2 phy_init         RF data          01 01 0000f000 00001000[0m
[0;32mI (242) boot:  3 ota_0            OTA app          00 10 00010000 001e0000[0m
[0;32mI (249) boot:  4 ota_1            OTA app          00 11 001f0000 001e0000[0m
[0;32mI (257) boot:  5 coredump         Unknown data     01 03 003d0000 00010000[0m
[0;32mI (264) boot:  6 reserved         Unknown data     01 fe 003e0000 00020000[0m
[0;32mI (272) boot: End of partition table[0m
[0;32mI (276) esp_image: segment 0: paddr=00010020 vaddr=3f400020 size=2b9bch (178620) map[0m
[0;32mI (335) esp_image: segment 1: paddr=0003b9e4 vaddr=3ffbdb60 size=04634h ( 17972) load[0m
[0;32mI (341) esp_image: segment 2: paddr=00040020 vaddr=400d0020 size=ba780h (763776) map[0m
[0;32mI (557) esp_image: segment 3: paddr=000fa7a8 vaddr=3ffc2194 size=00b08h (  2824) load[0m
[0;32mI (558) esp_image: segment 4: paddr=000fb2b8 vaddr=40080000 size=1c9b4h (117172) load[0m
[0;32mI (616) boot: Loaded app from partition at offset 0x10000[0m
[0;32mI (616) boot: Disabling RNG early entropy source...[0m
[0;32mI (628) quad_psram: This chip is ESP32-D0WD[0m
[0;32mI (628) esp_psram: Found 8MB PSRAM device[0m
[0;32mI (629) esp_psram: Speed: 80MHz[0m
[0;32mI (632) esp_psram: PSRAM initialized, cache is in normal (1-core) mode.[0m
[0;33mW (640) esp_psram: Virtual address not enough for PSRAM, map as much as we can. 4MB is mapped[0m
[0;32mI (649) cpu_start: Unicore app[0m
[0;32mI (652) cpu_start: Single core mode[0m
[0;32mI (1190) esp_psram: SPI SRAM memory test OK[0m
[0;32mI (1198) cpu_start: Pro cpu start user code[0m
[0;32mI (1198) cpu_start: cpu freq: 240000000 Hz[0m
[0;32mI (1198) app_init: Application information:[0m
[0;32mI (1201) app_init: Project name:     mesh_local_control[0m
[0;32mI (1207) app_init: App version:      f4bea835-dirty[0m
[0;32mI (1212) app_init: Compile time:     Aug 24 2024 20:47:30[0m
[0;32mI (1219) app_init: ELF file SHA256:  ebde8a5f0...[0m
[0;32mI (1224) app_init: ESP-IDF:          v5.3-dirty[0m
[0;32mI (1229) efuse_init: Min chip rev:     v0.0[0m
[0;32mI (1234) efuse_init: Max chip rev:     v3.99 [0m
[0;32mI (1239) efuse_init: Chip rev:         v3.1[0m
[0;32mI (1244) heap_init: Initializing. RAM available for dynamic allocation:[0m
[0;32mI (1251) heap_init: At 3FFAE6E0 len 0000F480 (61 KiB): DRAM[0m
[0;32mI (1257) heap_init: At 3FFC7AA0 len 00018560 (97 KiB): DRAM[0m
[0;32mI (1264) heap_init: At 3FFE0440 len 0001FBC0 (126 KiB): D/IRAM[0m
[0;32mI (1270) heap_init: At 40078000 len 00008000 (32 KiB): IRAM[0m
[0;32mI (1276) heap_init: At 4009C9B4 len 0000364C (13 KiB): IRAM[0m
[0;32mI (1283) heap_init: At 3FF80000 len 00002000 (8 KiB): RTCRAM[0m
[0;32mI (1289) esp_psram: Adding pool of 4096K of PSRAM memory to heap allocator[0m
[0;32mI (1297) spi_flash: detected chip: generic[0m
[0;32mI (1301) spi_flash: flash io: dio[0m
[0;33mW (1305) i2c: This driver is an old driver, please migrate your application code to adapt `driver/i2c_master.h`[0m
[0;32mI (1316) coexist: coex firmware version: dab85ae96[0m
[0;32mI (1322) main_task: Started on CPU0[0m
[0;32mI (1325) esp_psram: Reserving pool of 32K of internal memory for DMA/internal allocations[0m
[0;32mI (1334) main_task: Calling app_main()[0m
[0;32mI (1349) bridge_common: esp-iot-bridge version: 0.11.8[0m
I (1351) wifi:wifi driver task: 3ffbd654, prio:23, stack:6656, core=0
I (1353) wifi:wifi firmware version: 0caa81945
I (1355) wifi:wifi certification version: v7.0
I (1359) wifi:config NVS flash: enabled
I (1362) wifi:config nano formating: disabled
I (1367) wifi:Init data frame dynamic rx buffer num: 32
I (1372) wifi:Init static rx mgmt buffer num: 5
I (1376) wifi:Init management short buffer num: 32
I (1381) wifi:Init static tx buffer num: 16
I (1385) wifi:Init tx cache buffer num: 32
I (1388) wifi:Init static rx buffer size: 1600
I (1392) wifi:Init static rx buffer num: 10
I (1396) wifi:Init dynamic rx buffer num: 32
[0;32mI (1401) wifi_init: accept mbox: 6[0m
[0;32mI (1404) wifi_init: tcpip mbox: 32[0m
[0;32mI (1408) wifi_init: udp mbox: 6[0m
[0;32mI (1412) wifi_init: tcp mbox: 6[0m
[0;32mI (1416) wifi_init: tcp tx win: 5760[0m
[0;32mI (1420) wifi_init: tcp rx win: 5760[0m
[0;32mI (1424) wifi_init: tcp mss: 1440[0m
[0;32mI (1428) wifi_init: WiFi IRAM OP enabled[0m
[0;32mI (1433) wifi_init: WiFi RX IRAM OP enabled[0m
[0;32mI (1438) phy_init: phy_version 4830,54550f7,Jun 20 2024,14:22:08[0m
I (1500) wifi:mode : null
I (1501) wifi:mode : softAP (08:a6:f7:11:51:a9)
I (1502) wifi:Total power save buffer number: 8
I (1503) wifi:Init max length of beacon: 752/752
I (1504) wifi:Init max length of beacon: 752/752
[0;32mI (1510) esp_netif_lwip: DHCP server started on interface WIFI_AP_DEF with IP: 192.168.4.1[0m
Add netif ap with f4bea835(commit id)
[0;32mI (1521) bridge_common: netif list add success[0m
[0;32mI (1527) bridge_common: [WIFI_AP_DEF ][0m
[0;32mI (1531) bridge_common: Set ip info:192.168.5.1[0m
[0;32mI (1536) bridge_wifi: SoftAP IP network segment has changed, deauth all station[0m
I (1545) wifi:Disabled PMF config for SoftAP
I (1548) wifi:Total power save buffer number: 8
[0;32mI (1553) esp_netif_lwip: DHCP server started on interface WIFI_AP_DEF with IP: 192.168.5.1[0m
[0;32mI (1561) bridge_common: [WIFI_AP_DEF ]Name Server1: 114.114.114.114[0m
[0;32mI (1568) bridge_common: DHCPS Restart, deauth all station[0m
Add netif sta with f4bea835(commit id)
[0;32mI (1577) bridge_common: netif list add success[0m
I (1583) wifi:mode : sta (08:a6:f7:11:51:a8) + softAP (08:a6:f7:11:51:a9)
I (1589) wifi:enable tsf
[0;31mE (1592) NVS: Failed to read IP info from NVS[0m
I (1596) wifi:Disabled PMF config for STA
[0;32mI (1600) bridge_wifi: [esp_bridge_wifi_set_config] sta ssid: Tran Con Dev password: password[0m
[0;32mI (1609) bridge_wifi: [esp_bridge_wifi_set_config] softap ssid: ESP_Bridge_1151a9 password: 12345678[0m
I (1790) wifi:Total power save buffer number: 8
[0;32mI (1793) esp_netif_lwip: DHCP server started on interface WIFI_AP_DEF with IP: 192.168.5.1[0m
[0;32mI (1793) bridge_wifi: SoftAP config changed, deauth all station[0m
[0;32mI (1800) Mesh-Lite: esp-mesh-lite component version: 1.0.0[0m
I (1806) ESPNOW: espnow [version: 1.0] init
[0;32mI (1810) [vendor_ie]: Mesh-Lite commit id: bc9302d
 [0m
[0;32mI (1816) [vendor_ie]: Mesh ID: 77 [0m
[0;32mI (1821) [ESP_Mesh_Lite_Comm]: msg action add success [0m
[0;32mI (1827) [ESP_Mesh_Lite_Comm]: Bind Socket 54, port 6364 [0m
[0;32mI (1832) [ESP_Mesh_Lite_Comm]: Bind Socket 55, port 6363 [0m
[0;32mI (1838) [ESP_Mesh_Lite_Comm]: Bind Socket 56, port 6366 [0m
[0;32mI (1844) [ESP_Mesh_Lite_Comm]: Bind Socket 57, port 6365 [0m
[0;32mI (1850) [mesh-lite-espnow]: Start espnow task [0m
[0;32mI (1856) Mesh-Lite: Mesh-Lite connecting[0m
[0;32mI (1861) [vendor_ie]: esp_mesh_lite_wifi_scan_start return ESP_OK [0m
[0;32mI (1866) gpio: GPIO[25]| InputEn: 1| OutputEn: 0| OpenDrain: 0| Pullup: 1| Pulldown: 0| Intr:2 [0m
[0;32mI (1876) cam_hal: cam init ok[0m
[0;32mI (1880) sccb: pin_sda 26 pin_scl 27[0m
[0;32mI (1883) sccb: sccb_i2c_port=1[0m
[0;32mI (1888) gpio: GPIO[32]| InputEn: 0| OutputEn: 1| OpenDrain: 0| Pullup: 0| Pulldown: 0| Intr:0 [0m
[0;32mI (1927) camera: Detected camera at address=0x30[0m
[0;32mI (1929) camera: Detected OV2640 camera[0m
[0;32mI (1929) camera: Camera PID=0x26 VER=0x42 MIDL=0x7f MIDH=0xa2[0m
[0;32mI (1992) cam_hal: buffer_size: 32768, half_buffer_size: 4096, node_buffer_size: 2048, node_cntï¿½ets Jul 29 2019 12:21:46

rst:0x3 (SW_RESET),boot:0x13 (SPI_FAST_FLASH_BOOT)
configsip: 0, SPIWP:0xee
clk_drv:0x00,q_drv:0x00,d_drv:0x00,cs0_drv:0x00,hd_drv:0x00,wp_drv:0x00
mode:DIO, clock div:1
load:0x3fff0030,len:7168
load:0x40078000,len:15464
load:0x40080400,len:4
ho 8 tail 4 room 4
load:0x40080404,len:3684
entry 0x40080614
[0;32mI (179) boot: ESP-IDF v5.3-dirty 2nd stage bootloader[0m
[0;32mI (179) boot: compile time Aug 24 2024 20:42:44[0m
[0;33mW (179) boot: Unicore bootloader[0m
[0;32mI (184) boot: chip revision: v3.1[0m
[0;32mI (188) boot.esp32: SPI Speed      : 80MHz[0m
[0;32mI (193) boot.esp32: SPI Mode       : DIO[0m
[0;32mI (198) boot.esp32: SPI Flash Size : 4MB[0m
[0;32mI (202) boot: Enabling RNG early entropy source...[0m
[0;32mI (208) boot: Partition Table:[0m
[0;32mI (211) boot: ## Label            Usage          Type ST Offset   Length[0m
[0;32mI (219) boot:  0 nvs              WiFi data        01 02 00009000 00004000[0m
[0;32mI (226) boot:  1 otadata          OTA data         01 00 0000d000 00002000[0m
[0;32mI (234) boot:  2 phy_init         RF data          01 01 0000f000 00001000[0m
[0;32mI (242) boot:  3 ota_0            OTA app          00 10 00010000 001e0000[0m
[0;32mI (249) boot:  4 ota_1            OTA app          00 11 001f0000 001e0000[0m
[0;32mI (257) boot:  5 coredump         Unknown data     01 03 003d0000 00010000[0m
[0;32mI (264) boot:  6 reserved         Unknown data     01 fe 003e0000 00020000[0m
[0;32mI (272) boot: End of partition table[0m
[0;32mI (276) esp_image: segment 0: paddr=00010020 vaddr=3f400020 size=2b9bch (178620) map[0m
[0;32mI (335) esp_image: segment 1: paddr=0003b9e4 vaddr=3ffbdb60 size=04634h ( 17972) load[0m
[0;32mI (341) esp_image: segment 2: paddr=00040020 vaddr=400d0020 size=ba780h (763776) map[0m
[0;32mI (557) esp_image: segment 3: paddr=000fa7a8 vaddr=3ffc2194 size=00b08h (  2824) load[0m
[0;32mI (558) esp_image: segment 4: paddr=000fb2b8 vaddr=40080000 size=1c9b4h (117172) load[0m
[0;32mI (616) boot: Loaded app from partition at offset 0x10000[0m
[0;32mI (616) boot: Disabling RNG early entropy source...[0m
[0;32mI (628) quad_psram: This chip is ESP32-D0WD[0m
[0;32mI (628) esp_psram: Found 8MB PSRAM device[0m
[0;32mI (629) esp_psram: Speed: 80MHz[0m
[0;32mI (632) esp_psram: PSRAM initialized, cache is in normal (1-core) mode.[0m
[0;33mW (640) esp_psram: Virtual address not enough for PSRAM, map as much as we can. 4MB is mapped[0m
[0;32mI (649) cpu_start: Unicore app[0m
[0;32mI (653) cpu_start: Single core mode[0m
[0;32mI (1190) esp_psram: SPI SRAM memory test OK[0m
[0;32mI (1198) cpu_start: Pro cpu start user code[0m
[0;32mI (1198) cpu_start: cpu freq: 240000000 Hz[0m
[0;32mI (1198) app_init: Application information:[0m
[0;32mI (1201) app_init: Project name:     mesh_local_control[0m
[0;32mI (1207) app_init: App version:      f4bea835-dirty[0m
[0;32mI (1212) app_init: Compile time:     Aug 24 2024 20:47:30[0m
[0;32mI (1219) app_init: ELF file SHA256:  ebde8a5f0...[0m
[0;32mI (1224) app_init: ESP-IDF:          v5.3-dirty[0m
[0;32mI (1229) efuse_init: Min chip rev:     v0.0[0m
[0;32mI (1234) efuse_init: Max chip rev:     v3.99 [0m
[0;32mI (1239) efuse_init: Chip rev:         v3.1[0m
[0;32mI (1244) heap_init: Initializing. RAM available for dynamic allocation:[0m
[0;32mI (1251) heap_init: At 3FFAE6E0 len 0000F480 (61 KiB): DRAM[0m
[0;32mI (1257) heap_init: At 3FFC7AA0 len 00018560 (97 KiB): DRAM[0m
[0;32mI (1264) heap_init: At 3FFE0440 len 0001FBC0 (126 KiB): D/IRAM[0m
[0;32mI (1270) heap_init: At 40078000 len 00008000 (32 KiB): IRAM[0m
[0;32mI (1276) heap_init: At 4009C9B4 len 0000364C (13 KiB): IRAM[0m
[0;32mI (1283) heap_init: At 3FF80000 len 00002000 (8 KiB): RTCRAM[0m
[0;32mI (1289) esp_psram: Adding pool of 4096K of PSRAM memory to heap allocator[0m
[0;32mI (1297) spi_flash: detected chip: generic[0m
[0;32mI (1301) spi_flash: flash io: dio[0m
[0;33mW (1305) i2c: This driver is an old driver, please migrate your application code to adapt `driver/i2c_master.h`[0m
[0;32mI (1316) coexist: coex firmware version: dab85ae96[0m
[0;32mI (1322) main_task: Started on CPU0[0m
[0;32mI (1325) esp_psram: Reserving pool of 32K of internal memory for DMA/internal allocations[0m
[0;32mI (1334) main_task: Calling app_main()[0m
[0;32mI (1349) bridge_common: esp-iot-bridge version: 0.11.8[0m
I (1351) wifi:wifi driver task: 3ffbd654, prio:23, stack:6656, core=0
I (1353) wifi:wifi firmware version: 0caa81945
I (1355) wifi:wifi certification version: v7.0
I (1359) wifi:config NVS flash: enabled
I (1362) wifi:config nano formating: disabled
I (1367) wifi:Init data frame dynamic rx buffer num: 32
I (1372) wifi:Init static rx mgmt buffer num: 5
I (1376) wifi:Init management short buffer num: 32
I (1381) wifi:Init static tx buffer num: 16
I (1385) wifi:Init tx cache buffer num: 32
I (1388) wifi:Init static rx buffer size: 1600
I (1392) wifi:Init static rx buffer num: 10
I (1396) wifi:Init dynamic rx buffer num: 32
[0;32mI (1401) wifi_init: accept mbox: 6[0m
[0;32mI (1404) wifi_init: tcpip mbox: 32[0m
[0;32mI (1408) wifi_init: udp mbox: 6[0m
[0;32mI (1412) wifi_init: tcp mbox: 6[0m
[0;32mI (1416) wifi_init: tcp tx win: 5760[0m
[0;32mI (1420) wifi_init: tcp rx win: 5760[0m
[0;32mI (1424) wifi_init: tcp mss: 1440[0m
[0;32mI (1428) wifi_init: WiFi IRAM OP enabled[0m
[0;32mI (1433) wifi_init: WiFi RX IRAM OP enabled[0m
[0;32mI (1438) phy_init: phy_version 4830,54550f7,Jun 20 2024,14:22:08[0m
I (1497) wifi:mode : null
I (1499) wifi:mode : softAP (08:a6:f7:11:51:a9)
I (1500) wifi:Total power save buffer number: 8
I (1500) wifi:Init max length of beacon: 752/752
I (1502) wifi:Init max length of beacon: 752/752
[0;32mI (1508) esp_netif_lwip: DHCP server started on interface WIFI_AP_DEF with IP: 192.168.4.1[0m
Add netif ap with f4bea835(commit id)
[0;32mI (1518) bridge_common: netif list add success[0m
[0;32mI (1524) bridge_common: [WIFI_AP_DEF ][0m
[0;32mI (1529) bridge_common: Set ip info:192.168.5.1[0m
[0;32mI (1533) bridge_wifi: SoftAP IP network segment has changed, deauth all station[0m
I (1543) wifi:Disabled PMF config for SoftAP
I (1546) wifi:Total power save buffer number: 8
[0;32mI (1551) esp_netif_lwip: DHCP server started on interface WIFI_AP_DEF with IP: 192.168.5.1[0m
[0;32mI (1559) bridge_common: [WIFI_AP_DEF ]Name Server1: 114.114.114.114[0m
[0;32mI (1565) bridge_common: DHCPS Restart, deauth all station[0m
Add netif sta with f4bea835(commit id)
[0;32mI (1575) bridge_common: netif list add success[0m
I (1580) wifi:mode : sta (08:a6:f7:11:51:a8) + softAP (08:a6:f7:11:51:a9)
I (1587) wifi:enable tsf
[0;31mE (1590) NVS: Failed to read IP info from NVS[0m
I (1594) wifi:Disabled PMF config for STA
[0;32mI (1598) bridge_wifi: [esp_bridge_wifi_set_config] sta ssid: Tran Con Dev password: password[0m
[0;32mI (1607) bridge_wifi: [esp_bridge_wifi_set_config] softap ssid: ESP_Bridge_1151a9 password: 12345678[0m
I (1788) wifi:Total power save buffer number: 8
[0;32mI (1790) esp_netif_lwip: DHCP server started on interface WIFI_AP_DEF with IP: 192.168.5.1[0m
[0;32mI (1791) bridge_wifi: SoftAP config changed, deauth all station[0m
[0;32mI (1797) Mesh-Lite: esp-mesh-lite component version: 1.0.0[0m
I (1804) ESPNOW: espnow [version: 1.0] init
[0;32mI (1807) [vendor_ie]: Mesh-Lite commit id: bc9302d
 [0m
[0;32mI (1813) [vendor_ie]: Mesh ID: 77 [0m
[0;32mI (1819) [ESP_Mesh_Lite_Comm]: msg action add success [0m
[0;32mI (1824) [ESP_Mesh_Lite_Comm]: Bind Socket 54, port 6364 [0m
[0;32mI (1829) [ESP_Mesh_Lite_Comm]: Bind Socket 55, port 6363 [0m
[0;32mI (1835) [ESP_Mesh_Lite_Comm]: Bind Socket 56, port 6366 [0m
[0;32mI (1841) [ESP_Mesh_Lite_Comm]: Bind Socket 57, port 6365 [0m
[0;32mI (1848) [mesh-lite-espnow]: Start espnow task [0m
[0;32mI (1853) Mesh-Lite: Mesh-Lite connecting[0m
[0;32mI (1859) [vendor_ie]: esp_mesh_lite_wifi_scan_start return ESP_OK [0m
[0;32mI (1864) gpio: GPIO[25]| InputEn: 1| OutputEn: 0| OpenDrain: 0| Pullup: 1| Pulldown: 0| Intr:2 [0m
[0;32mI (1874) cam_hal: cam init ok[0m
[0;32mI (1877) sccb: pin_sda 26 pin_scl 27[0m
[0;32mI (1881) sccb: sccb_i2c_port=1[0m
[0;32mI (1885) gpio: GPIO[32]| InputEn: 0| OutputEn: 1| OpenDrain: 0| Pullup: 0| Pulldown: 0| Intr:0 [0m
[0;32mI (1924) camera: Detected camera at address=0x30[0m
[0;32mI (1926) camera: Detected OV2640 camera[0m
[0;32mI (1926) camera: Camera PID=0x26 VER=0x42 MIDL=0x7f MIDH=0xa2[0m
[0;32mI (1989) cam_hal: buffer_size: 32768, half_buffer_size: 4096, node_buffer_size: 2048, node_cnt: 16, tï¿½ets Jul 29 2019 12:21:46

rst:0x3 (SW_RESET),boot:0x13 (SPI_FAST_FLASH_BOOT)
configsip: 0, SPIWP:0xee
clk_drv:0x00,q_drv:0x00,d_drv:0x00,cs0_drv:0x00,hd_drv:0x00,wp_drv:0x00
mode:DIO, clock div:1
load:0x3fff0030,len:7168
load:0x40078000,len:15464
load:0x40080400,len:4
ho 8 tail 4 room 4
load:0x40080404,len:3684
entry 0x40080614
[0;32mI (179) boot: ESP-IDF v5.3-dirty 2nd stage bootloader[0m
[0;32mI (179) boot: compile time Aug 24 2024 20:42:44[0m
[0;33mW (179) boot: Unicore bootloader[0m
[0;32mI (184) boot: chip revision: v3.1[0m
[0;32mI (188) boot.esp32: SPI Speed      : 80MHz[0m
[0;32mI (193) boot.esp32: SPI Mode       : DIO[0m
[0;32mI (198) boot.esp32: SPI Flash Size : 4MB[0m
[0;32mI (202) boot: Enabling RNG early entropy source...[0m
[0;32mI (208) boot: Partition Table:[0m
[0;32mI (211) boot: ## Label            Usage          Type ST Offset   Length[0m
[0;32mI (219) boot:  0 nvs              WiFi data        01 02 00009000 00004000[0m
[0;32mI (226) boot:  1 otadata          OTA data         01 00 0000d000 00002000[0m
[0;32mI (234) boot:  2 phy_init         RF data          01 01 0000f000 00001000[0m
[0;32mI (242) boot:  3 ota_0            OTA app          00 10 00010000 001e0000[0m
[0;32mI (249) boot:  4 ota_1            OTA app          00 11 001f0000 001e0000[0m
[0;32mI (257) boot:  5 coredump         Unknown data     01 03 003d0000 00010000[0m
[0;32mI (264) boot:  6 reserved         Unknown data     01 fe 003e0000 00020000[0m
[0;32mI (272) boot: End of partition table[0m
[0;32mI (276) esp_image: segment 0: paddr=00010020 vaddr=3f400020 size=2b9bch (178620) map[0m
[0;32mI (335) esp_image: segment 1: paddr=0003b9e4 vaddr=3ffbdb60 size=04634h ( 17972) load[0m
[0;32mI (341) esp_image: segment 2: paddr=00040020 vaddr=400d0020 size=ba780h (763776) map[0m
[0;32mI (557) esp_image: segment 3: paddr=000fa7a8 vaddr=3ffc2194 size=00b08h (  2824) load[0m
[0;32mI (558) esp_image: segment 4: paddr=000fb2b8 vaddr=40080000 size=1c9b4h (117172) load[0m
[0;32mI (616) boot: Loaded app from partition at offset 0x10000[0m
[0;32mI (616) boot: Disabling RNG early entropy source...[0m
[0;32mI (628) quad_psram: This chip is ESP32-D0WD[0m
[0;32mI (628) esp_psram: Found 8MB PSRAM device[0m
[0;32mI (629) esp_psram: Speed: 80MHz[0m
[0;32mI (632) esp_psram: PSRAM initialized, cache is in normal (1-core) mode.[0m
[0;33mW (640) esp_psram: Virtual address not enough for PSRAM, map as much as we can. 4MB is mapped[0m
[0;32mI (649) cpu_start: Unicore app[0m
[0;32mI (652) cpu_start: Single core mode[0m
[0;32mI (1190) esp_psram: SPI SRAM memory test OK[0m
[0;32mI (1198) cpu_start: Pro cpu start user code[0m
[0;32mI (1198) cpu_start: cpu freq: 240000000 Hz[0m
[0;32mI (1198) app_init: Application information:[0m
[0;32mI (1201) app_init: Project name:     mesh_local_control[0m
[0;32mI (1207) app_init: App version:      f4bea835-dirty[0m
[0;32mI (1212) app_init: Compile time:     Aug 24 2024 20:47:30[0m
[0;32mI (1219) app_init: ELF file SHA256:  ebde8a5f0...[0m
[0;32mI (1224) app_init: ESP-IDF:          v5.3-dirty[0m
[0;32mI (1229) efuse_init: Min chip rev:     v0.0[0m
[0;32mI (1234) efuse_init: Max chip rev:     v3.99 [0m
[0;32mI (1239) efuse_init: Chip rev:         v3.1[0m
[0;32mI (1244) heap_init: Initializing. RAM available for dynamic allocation:[0m
[0;32mI (1251) heap_init: At 3FFAE6E0 len 0000F480 (61 KiB): DRAM[0m
[0;32mI (1257) heap_init: At 3FFC7AA0 len 00018560 (97 KiB): DRAM[0m
[0;32mI (1264) heap_init: At 3FFE0440 len 0001FBC0 (126 KiB): D/IRAM[0m
[0;32mI (1270) heap_init: At 40078000 len 00008000 (32 KiB): IRAM[0m
[0;32mI (1276) heap_init: At 4009C9B4 len 0000364C (13 KiB): IRAM[0m
[0;32mI (1283) heap_init: At 3FF80000 len 00002000 (8 KiB): RTCRAM[0m
[0;32mI (1289) esp_psram: Adding pool of 4096K of PSRAM memory to heap allocator[0m
[0;32mI (1297) spi_flash: detected chip: generic[0m
[0;32mI (1301) spi_flash: flash io: dio[0m
[0;33mW (1305) i2c: This driver is an old driver, please migrate your application code to adapt `driver/i2c_master.h`[0m
[0;32mI (1316) coexist: coex firmware version: dab85ae96[0m
[0;32mI (1322) main_task: Started on CPU0[0m
[0;32mI (1325) esp_psram: Reserving pool of 32K of internal memory for DMA/internal allocations[0m
[0;32mI (1334) main_task: Calling app_main()[0m
[0;32mI (1349) bridge_common: esp-iot-bridge version: 0.11.8[0m
I (1351) wifi:wifi driver task: 3ffbd654, prio:23, stack:6656, core=0
I (1353) wifi:wifi firmware version: 0caa81945
I (1355) wifi:wifi certification version: v7.0
I (1359) wifi:config NVS flash: enabled
I (1362) wifi:config nano formating: disabled
I (1367) wifi:Init data frame dynamic rx buffer num: 32
I (1372) wifi:Init static rx mgmt buffer num: 5
I (1376) wifi:Init management short buffer num: 32
I (1381) wifi:Init static tx buffer num: 16
I (1385) wifi:Init tx cache buffer num: 32
I (1388) wifi:Init static rx buffer size: 1600
I (1392) wifi:Init static rx buffer num: 10
I (1396) wifi:Init dynamic rx buffer num: 32
[0;32mI (1401) wifi_init: accept mbox: 6[0m
[0;32mI (1404) wifi_init: tcpip mbox: 32[0m
[0;32mI (1408) wifi_init: udp mbox: 6[0m
[0;32mI (1412) wifi_init: tcp mbox: 6[0m
[0;32mI (1416) wifi_init: tcp tx win: 5760[0m
[0;32mI (1420) wifi_init: tcp rx win: 5760[0m
[0;32mI (1424) wifi_init: tcp mss: 1440[0m
[0;32mI (1428) wifi_init: WiFi IRAM OP enabled[0m
[0;32mI (1433) wifi_init: WiFi RX IRAM OP enabled[0m
[0;32mI (1438) phy_init: phy_version 4830,54550f7,Jun 20 2024,14:22:08[0m
I (1498) wifi:mode : null
I (1500) wifi:mode : softAP (08:a6:f7:11:51:a9)
I (1501) wifi:Total power save buffer number: 8
I (1501) wifi:Init max length of beacon: 752/752
I (1503) wifi:Init max length of beacon: 752/752
[0;32mI (1509) esp_netif_lwip: DHCP server started on interface WIFI_AP_DEF with IP: 192.168.4.1[0m
Add netif ap with f4bea835(commit id)
[0;32mI (1519) bridge_common: netif list add success[0m
[0;32mI (1525) bridge_common: [WIFI_AP_DEF ][0m
[0;32mI (1530) bridge_common: Set ip info:192.168.5.1[0m
[0;32mI (1534) bridge_wifi: SoftAP IP network segment has changed, deauth all station[0m
I (1544) wifi:Disabled PMF config for SoftAP
I (1547) wifi:Total power save buffer number: 8
[0;32mI (1552) esp_netif_lwip: DHCP server started on interface WIFI_AP_DEF with IP: 192.168.5.1[0m
[0;32mI (1560) bridge_common: [WIFI_AP_DEF ]Name Server1: 114.114.114.114[0m
[0;32mI (1566) bridge_common: DHCPS Restart, deauth all station[0m
Add netif sta with f4bea835(commit id)
[0;32mI (1576) bridge_common: netif list add success[0m
I (1581) wifi:mode : sta (08:a6:f7:11:51:a8) + softAP (08:a6:f7:11:51:a9)
I (1588) wifi:enable tsf
[0;31mE (1591) NVS: Failed to read IP info from NVS[0m
I (1595) wifi:Disabled PMF config for STA
[0;32mI (1599) bridge_wifi: [esp_bridge_wifi_set_config] sta ssid: Tran Con Dev password: password[0m
[0;32mI (1608) bridge_wifi: [esp_bridge_wifi_set_config] softap ssid: ESP_Bridge_1151a9 password: 12345678[0m
I (1789) wifi:Total power save buffer number: 8
[0;32mI (1792) esp_netif_lwip: DHCP server started on interface WIFI_AP_DEF with IP: 192.168.5.1[0m
[0;32mI (1792) bridge_wifi: SoftAP config changed, deauth all station[0m
[0;32mI (1798) Mesh-Lite: esp-mesh-lite component version: 1.0.0[0m
I (1805) ESPNOW: espnow [version: 1.0] init
[0;32mI (1808) [vendor_ie]: Mesh-Lite commit id: bc9302d
 [0m
[0;32mI (1815) [vendor_ie]: Mesh ID: 77 [0m
[0;32mI (1820) [ESP_Mesh_Lite_Comm]: msg action add success [0m
[0;32mI (1825) [ESP_Mesh_Lite_Comm]: Bind Socket 54, port 6364 [0m
[0;32mI (1830) [ESP_Mesh_Lite_Comm]: Bind Socket 55, port 6363 [0m
[0;32mI (1836) [ESP_Mesh_Lite_Comm]: Bind Socket 56, port 6366 [0m
[0;32mI (1842) [ESP_Mesh_Lite_Comm]: Bind Socket 57, port 6365 [0m
[0;32mI (1849) [mesh-lite-espnow]: Start espnow task [0m
[0;32mI (1854) Mesh-Lite: Mesh-Lite connecting[0m
[0;32mI (1860) [vendor_ie]: esp_mesh_lite_wifi_scan_start return ESP_OK [0m
[0;32mI (1865) gpio: GPIO[25]| InputEn: 1| OutputEn: 0| OpenDrain: 0| Pullup: 1| Pulldown: 0| Intr:2 [0m
[0;32mI (1875) cam_hal: cam init ok[0m
[0;32mI (1878) sccb: pin_sda 26 pin_scl 27[0m
[0;32mI (1882) sccb: sccb_i2c_port=1[0m
[0;32mI (1886) gpio: GPIO[32]| InputEn: 0| OutputEn: 1| OpenDrain: 0| Pullup: 0| Pulldown: 0| Intr:0 [0m
[0;32mI (1925) camera: Detected camera at address=0x30[0m
[0;32mI (1927) camera: Detected OV2640 camera[0m
[0;32mI (1927) camera: Camera PID=0x26 VER=0x42 MIDL=0x7f MIDH=0xa2[0m
[0;32mI (1990) cam_hal: buffer_size: 32768, half_buffer_size: 4096, node_buffer_size: 2048, node_cnt: 16, total_cnt: 2[0m
ï¿½ets Jul 29 2019 12:21:46

rst:0x3 (SW_RESET),boot:0x13 (SPI_FAST_FLASH_BOOT)
configsip: 0, SPIWP:0xee
clk_drv:0x00,q_drv:0x00,d_drv:0x00,cs0_drv:0x00,hd_drv:0x00,wp_drv:0x00
mode:DIO, clock div:1
load:0x3fff0030,len:7168
load:0x40078000,len:15464
load:0x40080400,len:4
ho 8 tail 4 room 4
load:0x40080404,len:3684
entry 0x40080614
[0;32mI (179) boot: ESP-IDF v5.3-dirty 2nd stage bootloader[0m
[0;32mI (179) boot: compile time Aug 24 2024 20:42:44[0m
[0;33mW (179) boot: Unicore bootloader[0m
[0;32mI (184) boot: chip revision: v3.1[0m
[0;32mI (188) boot.esp32: SPI Speed      : 80MHz[0m
[0;32mI (193) boot.esp32: SPI Mode       : DIO[0m
[0;32mI (198) boot.esp32: SPI Flash Size : 4MB[0m
[0;32mI (202) boot: Enabling RNG early entropy source...[0m
[0;32mI (208) boot: Partition Table:[0m
[0;32mI (211) boot: ## Label            Usage          Type ST Offset   Length[0m
[0;32mI (219) boot:  0 nvs              WiFi data        01 02 00009000 00004000[0m
[0;32mI (226) boot:  1 otadata          OTA data         01 00 0000d000 00002000[0m
[0;32mI (234) boot:  2 phy_init         RF data          01 01 0000f000 00001000[0m
[0;32mI (242) boot:  3 ota_0            OTA app          00 10 00010000 001e0000[0m
[0;32mI (249) boot:  4 ota_1            OTA app          00 11 001f0000 001e0000[0m
[0;32mI (257) boot:  5 coredump         Unknown data     01 03 003d0000 00010000[0m
[0;32mI (264) boot:  6 reserved         Unknown data     01 fe 003e0000 00020000[0m
[0;32mI (272) boot: End of partition table[0m
[0;32mI (276) esp_image: segment 0: paddr=00010020 vaddr=3f400020 size=2b9bch (178620) map[0m
[0;32mI (335) esp_image: segment 1: paddr=0003b9e4 vaddr=3ffbdb60 size=04634h ( 17972) load[0m
[0;32mI (341) esp_image: segment 2: paddr=00040020 vaddr=400d0020 size=ba780h (763776) map[0m
[0;32mI (557) esp_image: segment 3: paddr=000fa7a8 vaddr=3ffc2194 size=00b08h (  2824) load[0m
[0;32mI (558) esp_image: segment 4: paddr=000fb2b8 vaddr=40080000 size=1c9b4h (117172) load[0m
[0;32mI (616) boot: Loaded app from partition at offset 0x10000[0m
[0;32mI (616) boot: Disabling RNG early entropy source...[0m
[0;32mI (628) quad_psram: This chip is ESP32-D0WD[0m
[0;32mI (628) esp_psram: Found 8MB PSRAM device[0m
[0;32mI (629) esp_psram: Speed: 80MHz[0m
[0;32mI (632) esp_psram: PSRAM initialized, cache is in normal (1-core) mode.[0m
[0;33mW (640) esp_psram: Virtual address not enough for PSRAM, map as much as we can. 4MB is mapped[0m
[0;32mI (649) cpu_start: Unicore app[0m
[0;32mI (652) cpu_start: Single core mode[0m
[0;32mI (1190) esp_psram: SPI SRAM memory test OK[0m
[0;32mI (1198) cpu_start: Pro cpu start user code[0m
[0;32mI (1198) cpu_start: cpu freq: 240000000 Hz[0m
[0;32mI (1198) app_init: Application information:[0m
[0;32mI (1201) app_init: Project name:     mesh_local_control[0m
[0;32mI (1207) app_init: App version:      f4bea835-dirty[0m
[0;32mI (1212) app_init: Compile time:     Aug 24 2024 20:47:30[0m
[0;32mI (1218) app_init: ELF file SHA256:  ebde8a5f0...[0m
[0;32mI (1224) app_init: ESP-IDF:          v5.3-dirty[0m
[0;32mI (1229) efuse_init: Min chip rev:     v0.0[0m
[0;32mI (1234) efuse_init: Max chip rev:     v3.99 [0m
[0;32mI (1239) efuse_init: Chip rev:         v3.1[0m
[0;32mI (1244) heap_init: Initializing. RAM available for dynamic allocation:[0m
[0;32mI (1251) heap_init: At 3FFAE6E0 len 0000F480 (61 KiB): DRAM[0m
[0;32mI (1257) heap_init: At 3FFC7AA0 len 00018560 (97 KiB): DRAM[0m
[0;32mI (1264) heap_init: At 3FFE0440 len 0001FBC0 (126 KiB): D/IRAM[0m
[0;32mI (1270) heap_init: At 40078000 len 00008000 (32 KiB): IRAM[0m
[0;32mI (1276) heap_init: At 4009C9B4 len 0000364C (13 KiB): IRAM[0m
[0;32mI (1283) heap_init: At 3FF80000 len 00002000 (8 KiB): RTCRAM[0m
[0;32mI (1289) esp_psram: Adding pool of 4096K of PSRAM memory to heap allocator[0m
[0;32mI (1297) spi_flash: detected chip: generic[0m
[0;32mI (1301) spi_flash: flash io: dio[0m
[0;33mW (1305) i2c: This driver is an old driver, please migrate your application code to adapt `driver/i2c_master.h`[0m
[0;32mI (1316) coexist: coex firmware version: dab85ae96[0m
[0;32mI (1322) main_task: Started on CPU0[0m
[0;32mI (1325) esp_psram: Reserving pool of 32K of internal memory for DMA/internal allocations[0m
[0;32mI (1334) main_task: Calling app_main()[0m
[0;32mI (1349) bridge_common: esp-iot-bridge version: 0.11.8[0m
I (1351) wifi:wifi driver task: 3ffbd654, prio:23, stack:6656, core=0
I (1353) wifi:wifi firmware version: 0caa81945
I (1355) wifi:wifi certification version: v7.0
I (1359) wifi:config NVS flash: enabled
I (1362) wifi:config nano formating: disabled
I (1367) wifi:Init data frame dynamic rx buffer num: 32
I (1372) wifi:Init static rx mgmt buffer num: 5
I (1376) wifi:Init management short buffer num: 32
I (1381) wifi:Init static tx buffer num: 16
I (1385) wifi:Init tx cache buffer num: 32
I (1388) wifi:Init static rx buffer size: 1600
I (1392) wifi:Init static rx buffer num: 10
I (1396) wifi:Init dynamic rx buffer num: 32
[0;32mI (1401) wifi_init: accept mbox: 6[0m
[0;32mI (1404) wifi_init: tcpip mbox: 32[0m
[0;32mI (1408) wifi_init: udp mbox: 6[0m
[0;32mI (1412) wifi_init: tcp mbox: 6[0m
[0;32mI (1416) wifi_init: tcp tx win: 5760[0m
[0;32mI (1420) wifi_init: tcp rx win: 5760[0m
[0;32mI (1424) wifi_init: tcp mss: 1440[0m
[0;32mI (1428) wifi_init: WiFi IRAM OP enabled[0m
[0;32mI (1433) wifi_init: WiFi RX IRAM OP enabled[0m
[0;32mI (1438) phy_init: phy_version 4830,54550f7,Jun 20 2024,14:22:08[0m
I (1500) wifi:mode : null
I (1502) wifi:mode : softAP (08:a6:f7:11:51:a9)
I (1503) wifi:Total power save buffer number: 8
I (1503) wifi:Init max length of beacon: 752/752
I (1504) wifi:Init max length of beacon: 752/752
[0;32mI (1510) esp_netif_lwip: DHCP server started on interface WIFI_AP_DEF with IP: 192.168.4.1[0m
Add netif ap with f4bea835(commit id)
[0;32mI (1521) bridge_common: netif list add success[0m
[0;32mI (1527) bridge_common: [WIFI_AP_DEF ][0m
[0;32mI (1531) bridge_common: Set ip info:192.168.5.1[0m
[0;32mI (1536) bridge_wifi: SoftAP IP network segment has changed, deauth all station[0m
I (1545) wifi:Disabled PMF config for SoftAP
I (1548) wifi:Total power save buffer number: 8
[0;32mI (1554) esp_netif_lwip: DHCP server started on interface WIFI_AP_DEF with IP: 192.168.5.1[0m
[0;32mI (1561) bridge_common: [WIFI_AP_DEF ]Name Server1: 114.114.114.114[0m
[0;32mI (1568) bridge_common: DHCPS Restart, deauth all station[0m
Add netif sta with f4bea835(commit id)
[0;32mI (1577) bridge_common: netif list add success[0m
I (1583) wifi:mode : sta (08:a6:f7:11:51:a8) + softAP (08:a6:f7:11:51:a9)
I (1589) wifi:enable tsf
[0;31mE (1592) NVS: Failed to read IP info from NVS[0m
I (1597) wifi:Disabled PMF config for STA
[0;32mI (1600) bridge_wifi: [esp_bridge_wifi_set_config] sta ssid: Tran Con Dev password: password[0m
[0;32mI (1610) bridge_wifi: [esp_bridge_wifi_set_config] softap ssid: ESP_Bridge_1151a9 password: 12345678[0m
I (1790) wifi:Total power save buffer number: 8
[0;32mI (1793) esp_netif_lwip: DHCP server started on interface WIFI_AP_DEF with IP: 192.168.5.1[0m
[0;32mI (1794) bridge_wifi: SoftAP config changed, deauth all station[0m
[0;32mI (1800) Mesh-Lite: esp-mesh-lite component version: 1.0.0[0m
I (1806) ESPNOW: espnow [version: 1.0] init
[0;32mI (1810) [vendor_ie]: Mesh-Lite commit id: bc9302d
 [0m
[0;32mI (1816) [vendor_ie]: Mesh ID: 77 [0m
[0;32mI (1821) [ESP_Mesh_Lite_Comm]: msg action add success [0m
[0;32mI (1827) [ESP_Mesh_Lite_Comm]: Bind Socket 54, port 6364 [0m
[0;32mI (1832) [ESP_Mesh_Lite_Comm]: Bind Socket 55, port 6363 [0m
[0;32mI (1838) [ESP_Mesh_Lite_Comm]: Bind Socket 56, port 6366 [0m
[0;32mI (1844) [ESP_Mesh_Lite_Comm]: Bind Socket 57, port 6365 [0m
[0;32mI (1850) [mesh-lite-espnow]: Start espnow task [0m
[0;32mI (1856) Mesh-Lite: Mesh-Lite connecting[0m
[0;32mI (1861) [vendor_ie]: esp_mesh_lite_wifi_scan_start return ESP_OK [0m
[0;32mI (1867) gpio: GPIO[25]| InputEn: 1| OutputEn: 0| OpenDrain: 0| Pullup: 1| Pulldown: 0| Intr:2 [0m
[0;32mI (1876) cam_hal: cam init ok[0m
[0;32mI (1880) sccb: pin_sda 26 pin_scl 27[0m
[0;32mI (1883) sccb: sccb_i2c_port=1[0m
[0;32mI (1888) gpio: GPIO[32]| InputEn: 0| OutputEn: 1| OpenDrain: 0| Pullup: 0| Pulldown: 0| Intr:0 [0m
[0;32mI (1927) camera: Detected camera at address=0x30[0m
[0;32mI (1929) camera: Detected OV2640 camera[0m
[0;32mI (1929) camera: Camera PID=0x26 VER=0x42 MIDL=0x7f MIDH=0xa2[0m
[0;32mI (1992) cam_hal: buffer_size: 32768, half_buffer_size: 4096, node_buffer_size: 2048, node_cnt: 16, total_cnt: 2[0mï¿½ets Jul 29 2019 12:21:46

rst:0x3 (SW_RESET),boot:0x13 (SPI_FAST_FLASH_BOOT)
configsip: 0, SPIWP:0xee
clk_drv:0x00,q_drv:0x00,d_drv:0x00,cs0_drv:0x00,hd_drv:0x00,wp_drv:0x00
mode:DIO, clock div:1
load:0x3fff0030,len:7168
load:0x40078000,len:15464
load:0x40080400,len:4
ho 8 tail 4 room 4
load:0x40080404,len:3684
entry 0x40080614
[0;32mI (179) boot: ESP-IDF v5.3-dirty 2nd stage bootloader[0m
[0;32mI (179) boot: compile time Aug 24 2024 20:42:44[0m
[0;33mW (179) boot: Unicore bootloader[0m
[0;32mI (184) boot: chip revision: v3.1[0m
[0;32mI (188) boot.esp32: SPI Speed      : 80MHz[0m
[0;32mI (193) boot.esp32: SPI Mode       : DIO[0m
[0;32mI (198) boot.esp32: SPI Flash Size : 4MB[0m
[0;32mI (202) boot: Enabling RNG early entropy source...[0m
[0;32mI (208) boot: Partition Table:[0m
[0;32mI (211) boot: ## Label            Usage          Type ST Offset   Length[0m
[0;32mI (219) boot:  0 nvs              WiFi data        01 02 00009000 00004000[0m
[0;32mI (226) boot:  1 otadata          OTA data         01 00 0000d000 00002000[0m
[0;32mI (234) boot:  2 phy_init         RF data          01 01 0000f000 00001000[0m
[0;32mI (242) boot:  3 ota_0            OTA app          00 10 00010000 001e0000[0m
[0;32mI (249) boot:  4 ota_1            OTA app          00 11 001f0000 001e0000[0m
[0;32mI (257) boot:  5 coredump         Unknown data     01 03 003d0000 00010000[0m
[0;32mI (264) boot:  6 reserved         Unknown data     01 fe 003e0000 00020000[0m
[0;32mI (272) boot: End of partition table[0m
[0;32mI (276) esp_image: segment 0: paddr=00010020 vaddr=3f400020 size=2b9bch (178620) map[0m
[0;32mI (335) esp_image: segment 1: paddr=0003b9e4 vaddr=3ffbdb60 size=04634h ( 17972) load[0m
[0;32mI (341) esp_image: segment 2: paddr=00040020 vaddr=400d0020 size=ba780h (763776) map[0m
[0;32mI (557) esp_image: segment 3: paddr=000fa7a8 vaddr=3ffc2194 size=00b08h (  2824) load[0m
[0;32mI (558) esp_image: segment 4: paddr=000fb2b8 vaddr=40080000 size=1c9b4h (117172) load[0m
[0;32mI (616) boot: Loaded app from partition at offset 0x10000[0m
[0;32mI (616) boot: Disabling RNG early entropy source...[0m
[0;32mI (628) quad_psram: This chip is ESP32-D0WD[0m
[0;32mI (628) esp_psram: Found 8MB PSRAM device[0m
[0;32mI (629) esp_psram: Speed: 80MHz[0m
[0;32mI (632) esp_psram: PSRAM initialized, cache is in normal (1-core) mode.[0m
[0;33mW (640) esp_psram: Virtual address not enough for PSRAM, map as much as we can. 4MB is mapped[0m
[0;32mI (649) cpu_start: Unicore app[0m
[0;32mI (652) cpu_start: Single core mode[0m
[0;32mI (1190) esp_psram: SPI SRAM memory test OK[0m
[0;32mI (1198) cpu_start: Pro cpu start user code[0m
[0;32mI (1198) cpu_start: cpu freq: 240000000 Hz[0m
[0;32mI (1198) app_init: Application information:[0m
[0;32mI (1201) app_init: Project name:     mesh_local_control[0m
[0;32mI (1207) app_init: App version:      f4bea835-dirty[0m
[0;32mI (1212) app_init: Compile time:     Aug 24 2024 20:47:30[0m
[0;32mI (1219) app_init: ELF file SHA256:  ebde8a5f0...[0m
[0;32mI (1224) app_init: ESP-IDF:          v5.3-dirty[0m
[0;32mI (1229) efuse_init: Min chip rev:     v0.0[0m
[0;32mI (1234) efuse_init: Max chip rev:     v3.99 [0m
[0;32mI (1239) efuse_init: Chip rev:         v3.1[0m
[0;32mI (1244) heap_init: Initializing. RAM available for dynamic allocation:[0m
[0;32mI (1251) heap_init: At 3FFAE6E0 len 0000F480 (61 KiB): DRAM[0m
[0;32mI (1257) heap_init: At 3FFC7AA0 len 00018560 (97 KiB): DRAM[0m
[0;32mI (1264) heap_init: At 3FFE0440 len 0001FBC0 (126 KiB): D/IRAM[0m
[0;32mI (1270) heap_init: At 40078000 len 00008000 (32 KiB): IRAM[0m
[0;32mI (1276) heap_init: At 4009C9B4 len 0000364C (13 KiB): IRAM[0m
[0;32mI (1283) heap_init: At 3FF80000 len 00002000 (8 KiB): RTCRAM[0m
[0;32mI (1289) esp_psram: Adding pool of 4096K of PSRAM memory to heap allocator[0m
[0;32mI (1297) spi_flash: detected chip: generic[0m
[0;32mI (1301) spi_flash: flash io: dio[0m
[0;33mW (1305) i2c: This driver is an old driver, please migrate your application code to adapt `driver/i2c_master.h`[0m
[0;32mI (1316) coexist: coex firmware version: dab85ae96[0m
[0;32mI (1322) main_task: Started on CPU0[0m
[0;32mI (1325) esp_psram: Reserving pool of 32K of internal memory for DMA/internal allocations[0m
[0;32mI (1334) main_task: Calling app_main()[0m
[0;32mI (1349) bridge_common: esp-iot-bridge version: 0.11.8[0m
I (1351) wifi:wifi driver task: 3ffbd654, prio:23, stack:6656, core=0
I (1353) wifi:wifi firmware version: 0caa81945
I (1355) wifi:wifi certification version: v7.0
I (1359) wifi:config NVS flash: enabled
I (1362) wifi:config nano formating: disabled
I (1367) wifi:Init data frame dynamic rx buffer num: 32
I (1372) wifi:Init static rx mgmt buffer num: 5
I (1376) wifi:Init management short buffer num: 32
I (1381) wifi:Init static tx buffer num: 16
I (1385) wifi:Init tx cache buffer num: 32
I (1388) wifi:Init static rx buffer size: 1600
I (1392) wifi:Init static rx buffer num: 10
I (1396) wifi:Init dynamic rx buffer num: 32
[0;32mI (1401) wifi_init: accept mbox: 6[0m
[0;32mI (1404) wifi_init: tcpip mbox: 32[0m
[0;32mI (1408) wifi_init: udp mbox: 6[0m
[0;32mI (1412) wifi_init: tcp mbox: 6[0m
[0;32mI (1416) wifi_init: tcp tx win: 5760[0m
[0;32mI (1420) wifi_init: tcp rx win: 5760[0m
[0;32mI (1424) wifi_init: tcp mss: 1440[0m
[0;32mI (1428) wifi_init: WiFi IRAM OP enabled[0m
[0;32mI (1433) wifi_init: WiFi RX IRAM OP enabled[0m
[0;32mI (1438) phy_init: phy_version 4830,54550f7,Jun 20 2024,14:22:08[0m
I (1497) wifi:mode : null
I (1499) wifi:mode : softAP (08:a6:f7:11:51:a9)
I (1500) wifi:Total power save buffer number: 8
I (1500) wifi:Init max length of beacon: 752/752
I (1502) wifi:Init max length of beacon: 752/752
[0;32mI (1508) esp_netif_lwip: DHCP server started on interface WIFI_AP_DEF with IP: 192.168.4.1[0m
Add netif ap with f4bea835(commit id)
[0;32mI (1518) bridge_common: netif list add success[0m
[0;32mI (1524) bridge_common: [WIFI_AP_DEF ][0m
[0;32mI (1529) bridge_common: Set ip info:192.168.5.1[0m
[0;32mI (1533) bridge_wifi: SoftAP IP network segment has changed, deauth all station[0m
I (1542) wifi:Disabled PMF config for SoftAP
I (1546) wifi:Total power save buffer number: 8
[0;32mI (1551) esp_netif_lwip: DHCP server started on interface WIFI_AP_DEF with IP: 192.168.5.1[0m
[0;32mI (1558) bridge_common: [WIFI_AP_DEF ]Name Server1: 114.114.114.114[0m
[0;32mI (1565) bridge_common: DHCPS Restart, deauth all station[0m
Add netif sta with f4bea835(commit id)
[0;32mI (1575) bridge_common: netif list add success[0m
I (1580) wifi:mode : sta (08:a6:f7:11:51:a8) + softAP (08:a6:f7:11:51:a9)
I (1587) wifi:enable tsf
[0;31mE (1590) NVS: Failed to read IP info from NVS[0m
I (1594) wifi:Disabled PMF config for STA
[0;32mI (1598) bridge_wifi: [esp_bridge_wifi_set_config] sta ssid: Tran Con Dev password: password[0m
[0;32mI (1607) bridge_wifi: [esp_bridge_wifi_set_config] softap ssid: ESP_Bridge_1151a9 password: 12345678[0m
I (1788) wifi:Total power save buffer number: 8
[0;32mI (1790) esp_netif_lwip: DHCP server started on interface WIFI_AP_DEF with IP: 192.168.5.1[0m
[0;32mI (1791) bridge_wifi: SoftAP config changed, deauth all station[0m
[0;32mI (1797) Mesh-Lite: esp-mesh-lite component version: 1.0.0[0m
I (1803) ESPNOW: espnow [version: 1.0] init
[0;32mI (1807) [vendor_ie]: Mesh-Lite commit id: bc9302d
 [0m
[0;32mI (1813) [vendor_ie]: Mesh ID: 77 [0m
[0;32mI (1819) [ESP_Mesh_Lite_Comm]: msg action add success [0m
[0;32mI (1824) [ESP_Mesh_Lite_Comm]: Bind Socket 54, port 6364 [0m
[0;32mI (1829) [ESP_Mesh_Lite_Comm]: Bind Socket 55, port 6363 [0m
[0;32mI (1835) [ESP_Mesh_Lite_Comm]: Bind Socket 56, port 6366 [0m
[0;32mI (1841) [ESP_Mesh_Lite_Comm]: Bind Socket 57, port 6365 [0m
[0;32mI (1848) [mesh-lite-espnow]: Start espnow task [0m
[0;32mI (1853) Mesh-Lite: Mesh-Lite connecting[0m
[0;32mI (1858) [vendor_ie]: esp_mesh_lite_wifi_scan_start return ESP_OK [0m
[0;32mI (1864) gpio: GPIO[25]| InputEn: 1| OutputEn: 0| OpenDrain: 0| Pullup: 1| Pulldown: 0| Intr:2 [0m
[0;32mI (1874) cam_hal: cam init ok[0m
[0;32mI (1877) sccb: pin_sda 26 pin_scl 27[0m
[0;32mI (1881) sccb: sccb_i2c_port=1[0m
[0;32mI (1885) gpio: GPIO[32]| InputEn: 0| OutputEn: 1| OpenDrain: 0| Pullup: 0| Pulldown: 0| Intr:0 [0m
[0;32mI (1924) camera: Detected camera at address=0x30[0m
[0;32mI (1926) camera: Detected OV2640 camera[0m
[0;32mI (1926) camera: Camera PID=0x26 VER=0x42 MIDL=0x7f MIDH=0xa2[0m
[0;32mI (1990) cam_hal: buffer_size: 32768, half_buffer_size: 4096, node_buffer_size: 2048, node_cnï¿½ets Jul 29 2019 12:21:46

rst:0x3 (SW_RESET),boot:0x13 (SPI_FAST_FLASH_BOOT)
configsip: 0, SPIWP:0xee
clk_drv:0x00,q_drv:0x00,d_drv:0x00,cs0_drv:0x00,hd_drv:0x00,wp_drv:0x00
mode:DIO, clock div:1
load:0x3fff0030,len:7168
load:0x40078000,len:15464
load:0x40080400,len:4
ho 8 tail 4 room 4
load:0x40080404,len:3684
entry 0x40080614
[0;32mI (179) boot: ESP-IDF v5.3-dirty 2nd stage bootloader[0m
[0;32mI (179) boot: compile time Aug 24 2024 20:42:44[0m
[0;33mW (179) boot: Unicore bootloader[0m
[0;32mI (184) boot: chip revision: v3.1[0m
[0;32mI (188) boot.esp32: SPI Speed      : 80MHz[0m
[0;32mI (193) boot.esp32: SPI Mode       : DIO[0m
[0;32mI (198) boot.esp32: SPI Flash Size : 4MB[0m
[0;32mI (202) boot: Enabling RNG early entropy source...[0m
[0;32mI (208) boot: Partition Table:[0m
[0;32mI (211) boot: ## Label            Usage          Type ST Offset   Length[0m
[0;32mI (219) boot:  0 nvs              WiFi data        01 02 00009000 00004000[0m
[0;32mI (226) boot:  1 otadata          OTA data         01 00 0000d000 00002000[0m
[0;32mI (234) boot:  2 phy_init         RF data          01 01 0000f000 00001000[0m
[0;32mI (242) boot:  3 ota_0            OTA app          00 10 00010000 001e0000[0m
[0;32mI (249) boot:  4 ota_1            OTA app          00 11 001f0000 001e0000[0m
[0;32mI (257) boot:  5 coredump         Unknown data     01 03 003d0000 00010000[0m
[0;32mI (264) boot:  6 reserved         Unknown data     01 fe 003e0000 00020000[0m
[0;32mI (272) boot: End of partition table[0m
[0;32mI (276) esp_image: segment 0: paddr=00010020 vaddr=3f400020 size=2b9bch (178620) map[0m
[0;32mI (335) esp_image: segment 1: paddr=0003b9e4 vaddr=3ffbdb60 size=04634h ( 17972) load[0m
[0;32mI (341) esp_image: segment 2: paddr=00040020 vaddr=400d0020 size=ba780h (763776) map[0m
[0;32mI (557) esp_image: segment 3: paddr=000fa7a8 vaddr=3ffc2194 size=00b08h (  2824) load[0m
[0;32mI (558) esp_image: segment 4: paddr=000fb2b8 vaddr=40080000 size=1c9b4h (117172) load[0m
[0;32mI (616) boot: Loaded app from partition at offset 0x10000[0m
[0;32mI (616) boot: Disabling RNG early entropy source...[0m
[0;32mI (628) quad_psram: This chip is ESP32-D0WD[0m
[0;32mI (628) esp_psram: Found 8MB PSRAM device[0m
[0;32mI (629) esp_psram: Speed: 80MHz[0m
[0;32mI (632) esp_psram: PSRAM initialized, cache is in normal (1-core) mode.[0m
[0;33mW (640) esp_psram: Virtual address not enough for PSRAM, map as much as we can. 4MB is mapped[0m
[0;32mI (649) cpu_start: Unicore app[0m
[0;32mI (652) cpu_start: Single core mode[0m
[0;32mI (1190) esp_psram: SPI SRAM memory test OK[0m
[0;32mI (1198) cpu_start: Pro cpu start user code[0m
[0;32mI (1198) cpu_start: cpu freq: 240000000 Hz[0m
[0;32mI (1198) app_init: Application information:[0m
[0;32mI (1201) app_init: Project name:     mesh_local_control[0m
[0;32mI (1207) app_init: App version:      f4bea835-dirty[0m
[0;32mI (1212) app_init: Compile time:     Aug 24 2024 20:47:30[0m
[0;32mI (1218) app_init: ELF file SHA256:  ebde8a5f0...[0m
[0;32mI (1224) app_init: ESP-IDF:          v5.3-dirty[0m
[0;32mI (1229) efuse_init: Min chip rev:     v0.0[0m
[0;32mI (1234) efuse_init: Max chip rev:     v3.99 [0m
[0;32mI (1239) efuse_init: Chip rev:         v3.1[0m
[0;32mI (1244) heap_init: Initializing. RAM available for dynamic allocation:[0m
[0;32mI (1251) heap_init: At 3FFAE6E0 len 0000F480 (61 KiB): DRAM[0m
[0;32mI (1257) heap_init: At 3FFC7AA0 len 00018560 (97 KiB): DRAM[0m
[0;32mI (1264) heap_init: At 3FFE0440 len 0001FBC0 (126 KiB): D/IRAM[0m
[0;32mI (1270) heap_init: At 40078000 len 00008000 (32 KiB): IRAM[0m
[0;32mI (1276) heap_init: At 4009C9B4 len 0000364C (13 KiB): IRAM[0m
[0;32mI (1283) heap_init: At 3FF80000 len 00002000 (8 KiB): RTCRAM[0m
[0;32mI (1289) esp_psram: Adding pool of 4096K of PSRAM memory to heap allocator[0m
[0;32mI (1297) spi_flash: detected chip: generic[0m
[0;32mI (1301) spi_flash: flash io: dio[0m
[0;33mW (1305) i2c: This driver is an old driver, please migrate your application code to adapt `driver/i2c_master.h`[0m
[0;32mI (1316) coexist: coex firmware version: dab85ae96[0m
[0;32mI (1322) main_task: Started on CPU0[0m
[0;32mI (1325) esp_psram: Reserving pool of 32K of internal memory for DMA/internal allocations[0m
[0;32mI (1334) main_task: Calling app_main()[0m
[0;32mI (1349) bridge_common: esp-iot-bridge version: 0.11.8[0m
I (1351) wifi:wifi driver task: 3ffbd654, prio:23, stack:6656, core=0
I (1353) wifi:wifi firmware version: 0caa81945
I (1355) wifi:wifi certification version: v7.0
I (1359) wifi:config NVS flash: enabled
I (1362) wifi:config nano formating: disabled
I (1367) wifi:Init data frame dynamic rx buffer num: 32
I (1372) wifi:Init static rx mgmt buffer num: 5
I (1376) wifi:Init management short buffer num: 32
I (1381) wifi:Init static tx buffer num: 16
I (1385) wifi:Init tx cache buffer num: 32
I (1388) wifi:Init static rx buffer size: 1600
I (1392) wifi:Init static rx buffer num: 10
I (1396) wifi:Init dynamic rx buffer num: 32
[0;32mI (1401) wifi_init: accept mbox: 6[0m
[0;32mI (1404) wifi_init: tcpip mbox: 32[0m
[0;32mI (1408) wifi_init: udp mbox: 6[0m
[0;32mI (1412) wifi_init: tcp mbox: 6[0m
[0;32mI (1416) wifi_init: tcp tx win: 5760[0m
[0;32mI (1420) wifi_init: tcp rx win: 5760[0m
[0;32mI (1424) wifi_init: tcp mss: 1440[0m
[0;32mI (1428) wifi_init: WiFi IRAM OP enabled[0m
[0;32mI (1433) wifi_init: WiFi RX IRAM OP enabled[0m
[0;32mI (1438) phy_init: phy_version 4830,54550f7,Jun 20 2024,14:22:08[0m
I (1501) wifi:mode : null
I (1503) wifi:mode : softAP (08:a6:f7:11:51:a9)
I (1504) wifi:Total power save buffer number: 8
I (1504) wifi:Init max length of beacon: 752/752
I (1506) wifi:Init max length of beacon: 752/752
[0;32mI (1511) esp_netif_lwip: DHCP server started on interface WIFI_AP_DEF with IP: 192.168.4.1[0m
Add netif ap with f4bea835(commit id)
[0;32mI (1522) bridge_common: netif list add success[0m
[0;32mI (1528) bridge_common: [WIFI_AP_DEF ][0m
[0;32mI (1532) bridge_common: Set ip info:192.168.5.1[0m
[0;32mI (1537) bridge_wifi: SoftAP IP network segment has changed, deauth all station[0m
I (1546) wifi:Disabled PMF config for SoftAP
I (1549) wifi:Total power save buffer number: 8
[0;32mI (1555) esp_netif_lwip: DHCP server started on interface WIFI_AP_DEF with IP: 192.168.5.1[0m
[0;32mI (1562) bridge_common: [WIFI_AP_DEF ]Name Server1: 114.114.114.114[0m
[0;32mI (1569) bridge_common: DHCPS Restart, deauth all station[0m
Add netif sta with f4bea835(commit id)
[0;32mI (1579) bridge_common: netif list add success[0m
I (1584) wifi:mode : sta (08:a6:f7:11:51:a8) + softAP (08:a6:f7:11:51:a9)
I (1590) wifi:enable tsf
[0;31mE (1594) NVS: Failed to read IP info from NVS[0m
I (1598) wifi:Disabled PMF config for STA
[0;32mI (1601) bridge_wifi: [esp_bridge_wifi_set_config] sta ssid: Tran Con Dev password: password[0m
[0;32mI (1611) bridge_wifi: [esp_bridge_wifi_set_config] softap ssid: ESP_Bridge_1151a9 password: 12345678[0m
I (1792) wifi:Total power save buffer number: 8
[0;32mI (1794) esp_netif_lwip: DHCP server started on interface WIFI_AP_DEF with IP: 192.168.5.1[0m
[0;32mI (1795) bridge_wifi: SoftAP config changed, deauth all station[0m
[0;32mI (1801) Mesh-Lite: esp-mesh-lite component version: 1.0.0[0m
I (1807) ESPNOW: espnow [version: 1.0] init
[0;32mI (1811) [vendor_ie]: Mesh-Lite commit id: bc9302d
 [0m
[0;32mI (1817) [vendor_ie]: Mesh ID: 77 [0m
[0;32mI (1822) [ESP_Mesh_Lite_Comm]: msg action add success [0m
[0;32mI (1828) [ESP_Mesh_Lite_Comm]: Bind Socket 54, port 6364 [0m
[0;32mI (1833) [ESP_Mesh_Lite_Comm]: Bind Socket 55, port 6363 [0m
[0;32mI (1839) [ESP_Mesh_Lite_Comm]: Bind Socket 56, port 6366 [0m
[0;32mI (1845) [ESP_Mesh_Lite_Comm]: Bind Socket 57, port 6365 [0m
[0;32mI (1851) [mesh-lite-espnow]: Start espnow task [0m
[0;32mI (1857) Mesh-Lite: Mesh-Lite connecting[0m
[0;32mI (1862) [vendor_ie]: esp_mesh_lite_wifi_scan_start return ESP_OK [0m
[0;32mI (1868) gpio: GPIO[25]| InputEn: 1| OutputEn: 0| OpenDrain: 0| Pullup: 1| Pulldown: 0| Intr:2 [0m
[0;32mI (1877) cam_hal: cam init ok[0m
[0;32mI (1881) sccb: pin_sda 26 pin_scl 27[0m
[0;32mI (1885) sccb: sccb_i2c_port=1[0m
[0;32mI (1889) gpio: GPIO[32]| InputEn: 0| OutputEn: 1| OpenDrain: 0| Pullup: 0| Pulldown: 0| Intr:0 [0m
[0;32mI (1928) camera: Detected camera at address=0x30[0m
[0;32mI (1930) camera: Detected OV2640 camera[0m
[0;32mI (1930) camera: Camera PID=0x26 VER=0x42 MIDL=0x7f MIDH=0xa2[0m
[0;32mI (1994) cam_hal: buffer_size: 32768, half_buffer_size: 4096, node_buffer_size: 2048, node_ï¿½ets Jul 29 2019 12:21:46

rst:0x3 (SW_RESET),boot:0x13 (SPI_FAST_FLASH_BOOT)
configsip: 0, SPIWP:0xee
clk_drv:0x00,q_drv:0x00,d_drv:0x00,cs0_drv:0x00,hd_drv:0x00,wp_drv:0x00
mode:DIO, clock div:1
load:0x3fff0030,len:7168
load:0x40078000,len:15464
load:0x40080400,len:4
ho 8 tail 4 room 4
load:0x40080404,len:3684
entry 0x40080614
[0;32mI (179) boot: ESP-IDF v5.3-dirty 2nd stage bootloader[0m
[0;32mI (179) boot: compile time Aug 24 2024 20:42:44[0m
[0;33mW (179) boot: Unicore bootloader[0m
[0;32mI (184) boot: chip revision: v3.1[0m
[0;32mI (188) boot.esp32: SPI Speed      : 80MHz[0m
[0;32mI (193) boot.esp32: SPI Mode       : DIO[0m
[0;32mI (198) boot.esp32: SPI Flash Size : 4MB[0m
[0;32mI (202) boot: Enabling RNG early entropy source...[0m
[0;32mI (208) boot: Partition Table:[0m
[0;32mI (211) boot: ## Label            Usage          Type ST Offset   Length[0m
[0;32mI (219) boot:  0 nvs              WiFi data        01 02 00009000 00004000[0m
[0;32mI (226) boot:  1 otadata          OTA data         01 00 0000d000 00002000[0m
[0;32mI (234) boot:  2 phy_init         RF data          01 01 0000f000 00001000[0m
[0;32mI (242) boot:  3 ota_0            OTA app          00 10 00010000 001e0000[0m
[0;32mI (249) boot:  4 ota_1            OTA app          00 11 001f0000 001e0000[0m
[0;32mI (257) boot:  5 coredump         Unknown data     01 03 003d0000 00010000[0m
[0;32mI (264) boot:  6 reserved         Unknown data     01 fe 003e0000 00020000[0m
[0;32mI (272) boot: End of partition table[0m
[0;32mI (276) esp_image: segment 0: paddr=00010020 vaddr=3f400020 size=2b9bch (178620) map[0m
[0;32mI (335) esp_image: segment 1: paddr=0003b9e4 vaddr=3ffbdb60 size=04634h ( 17972) load[0m
[0;32mI (341) esp_image: segment 2: paddr=00040020 vaddr=400d0020 size=ba780h (763776) map[0m
[0;32mI (557) esp_image: segment 3: paddr=000fa7a8 vaddr=3ffc2194 size=00b08h (  2824) load[0m
[0;32mI (558) esp_image: segment 4: paddr=000fb2b8 vaddr=40080000 size=1c9b4h (117172) load[0m
[0;32mI (616) boot: Loaded app from partition at offset 0x10000[0m
[0;32mI (616) boot: Disabling RNG early entropy source...[0m
[0;32mI (628) quad_psram: This chip is ESP32-D0WD[0m
[0;32mI (628) esp_psram: Found 8MB PSRAM device[0m
[0;32mI (629) esp_psram: Speed: 80MHz[0m
[0;32mI (632) esp_psram: PSRAM initialized, cache is in normal (1-core) mode.[0m
[0;33mW (640) esp_psram: Virtual address not enough for PSRAM, map as much as we can. 4MB is mapped[0m
[0;32mI (649) cpu_start: Unicore app[0m
[0;32mI (652) cpu_start: Single core mode[0m
[0;32mI (1190) esp_psram: SPI SRAM memory test OK[0m
[0;32mI (1198) cpu_start: Pro cpu start user code[0m
[0;32mI (1198) cpu_start: cpu freq: 240000000 Hz[0m
[0;32mI (1198) app_init: Application information:[0m
[0;32mI (1201) app_init: Project name:     mesh_local_control[0m
[0;32mI (1207) app_init: App version:      f4bea835-dirty[0m
[0;32mI (1212) app_init: Compile time:     Aug 24 2024 20:47:30[0m
[0;32mI (1218) app_init: ELF file SHA256:  ebde8a5f0...[0m
[0;32mI (1224) app_init: ESP-IDF:          v5.3-dirty[0m
[0;32mI (1229) efuse_init: Min chip rev:     v0.0[0m
[0;32mI (1234) efuse_init: Max chip rev:     v3.99 [0m
[0;32mI (1239) efuse_init: Chip rev:         v3.1[0m
[0;32mI (1244) heap_init: Initializing. RAM available for dynamic allocation:[0m
[0;32mI (1251) heap_init: At 3FFAE6E0 len 0000F480 (61 KiB): DRAM[0m
[0;32mI (1257) heap_init: At 3FFC7AA0 len 00018560 (97 KiB): DRAM[0m
[0;32mI (1264) heap_init: At 3FFE0440 len 0001FBC0 (126 KiB): D/IRAM[0m
[0;32mI (1270) heap_init: At 40078000 len 00008000 (32 KiB): IRAM[0m
[0;32mI (1276) heap_init: At 4009C9B4 len 0000364C (13 KiB): IRAM[0m
[0;32mI (1283) heap_init: At 3FF80000 len 00002000 (8 KiB): RTCRAM[0m
[0;32mI (1289) esp_psram: Adding pool of 4096K of PSRAM memory to heap allocator[0m
[0;32mI (1297) spi_flash: detected chip: generic[0m
[0;32mI (1301) spi_flash: flash io: dio[0m
[0;33mW (1305) i2c: This driver is an old driver, please migrate your application code to adapt `driver/i2c_master.h`[0m
[0;32mI (1316) coexist: coex firmware version: dab85ae96[0m
[0;32mI (1322) main_task: Started on CPU0[0m
[0;32mI (1325) esp_psram: Reserving pool of 32K of internal memory for DMA/internal allocations[0m
[0;32mI (1334) main_task: Calling app_main()[0m
[0;32mI (1349) bridge_common: esp-iot-bridge version: 0.11.8[0m
I (1351) wifi:wifi driver task: 3ffbd654, prio:23, stack:6656, core=0
I (1353) wifi:wifi firmware version: 0caa81945
I (1355) wifi:wifi certification version: v7.0
I (1359) wifi:config NVS flash: enabled
I (1362) wifi:config nano formating: disabled
I (1367) wifi:Init data frame dynamic rx buffer num: 32
I (1372) wifi:Init static rx mgmt buffer num: 5
I (1376) wifi:Init management short buffer num: 32
I (1381) wifi:Init static tx buffer num: 16
I (1385) wifi:Init tx cache buffer num: 32
I (1388) wifi:Init static rx buffer size: 1600
I (1392) wifi:Init static rx buffer num: 10
I (1396) wifi:Init dynamic rx buffer num: 32
[0;32mI (1401) wifi_init: accept mbox: 6[0m
[0;32mI (1404) wifi_init: tcpip mbox: 32[0m
[0;32mI (1408) wifi_init: udp mbox: 6[0m
[0;32mI (1412) wifi_init: tcp mbox: 6[0m
[0;32mI (1416) wifi_init: tcp tx win: 5760[0m
[0;32mI (1420) wifi_init: tcp rx win: 5760[0m
[0;32mI (1424) wifi_init: tcp mss: 1440[0m
[0;32mI (1428) wifi_init: WiFi IRAM OP enabled[0m
[0;32mI (1433) wifi_init: WiFi RX IRAM OP enabled[0m
[0;32mI (1438) phy_init: phy_version 4830,54550f7,Jun 20 2024,14:22:08[0m
I (1502) wifi:mode : null
I (1504) wifi:mode : softAP (08:a6:f7:11:51:a9)
I (1505) wifi:Total power save buffer number: 8
I (1505) wifi:Init max length of beacon: 752/752
I (1506) wifi:Init max length of beacon: 752/752
[0;32mI (1512) esp_netif_lwip: DHCP server started on interface WIFI_AP_DEF with IP: 192.168.4.1[0m
Add netif ap with f4bea835(commit id)
[0;32mI (1523) bridge_common: netif list add success[0m
[0;32mI (1529) bridge_common: [WIFI_AP_DEF ][0m
[0;32mI (1533) bridge_common: Set ip info:192.168.5.1[0m
[0;32mI (1538) bridge_wifi: SoftAP IP network segment has changed, deauth all station[0m
I (1547) wifi:Disabled PMF config for SoftAP
I (1550) wifi:Total power save buffer number: 8
[0;32mI (1556) esp_netif_lwip: DHCP server started on interface WIFI_AP_DEF with IP: 192.168.5.1[0m
[0;32mI (1563) bridge_common: [WIFI_AP_DEF ]Name Server1: 114.114.114.114[0m
[0;32mI (1570) bridge_common: DHCPS Restart, deauth all station[0m
Add netif sta with f4bea835(commit id)
[0;32mI (1579) bridge_common: netif list add success[0m
I (1585) wifi:mode : sta (08:a6:f7:11:51:a8) + softAP (08:a6:f7:11:51:a9)
I (1591) wifi:enable tsf
[0;31mE (1594) NVS: Failed to read IP info from NVS[0m
I (1599) wifi:Disabled PMF config for STA
[0;32mI (1602) bridge_wifi: [esp_bridge_wifi_set_config] sta ssid: Tran Con Dev password: password[0m
[0;32mI (1612) bridge_wifi: [esp_bridge_wifi_set_config] softap ssid: ESP_Bridge_1151a9 password: 12345678[0m
I (1793) wifi:Total power save buffer number: 8
[0;32mI (1795) esp_netif_lwip: DHCP server started on interface WIFI_AP_DEF with IP: 192.168.5.1[0m
[0;32mI (1796) bridge_wifi: SoftAP config changed, deauth all station[0m
[0;32mI (1802) Mesh-Lite: esp-mesh-lite component version: 1.0.0[0m
I (1808) ESPNOW: espnow [version: 1.0] init
[0;32mI (1812) [vendor_ie]: Mesh-Lite commit id: bc9302d
 [0m
[0;32mI (1818) [vendor_ie]: Mesh ID: 77 [0m
[0;32mI (1823) [ESP_Mesh_Lite_Comm]: msg action add success [0m
[0;32mI (1829) [ESP_Mesh_Lite_Comm]: Bind Socket 54, port 6364 [0m
[0;32mI (1834) [ESP_Mesh_Lite_Comm]: Bind Socket 55, port 6363 [0m
[0;32mI (1840) [ESP_Mesh_Lite_Comm]: Bind Socket 56, port 6366 [0m
[0;32mI (1846) [ESP_Mesh_Lite_Comm]: Bind Socket 57, port 6365 [0m
[0;32mI (1852) [mesh-lite-espnow]: Start espnow task [0m
[0;32mI (1858) Mesh-Lite: Mesh-Lite connecting[0m
[0;32mI (1863) [vendor_ie]: esp_mesh_lite_wifi_scan_start return ESP_OK [0m
[0;32mI (1869) gpio: GPIO[25]| InputEn: 1| OutputEn: 0| OpenDrain: 0| Pullup: 1| Pulldown: 0| Intr:2 [0m
[0;32mI (1878) cam_hal: cam init ok[0m
[0;32mI (1882) sccb: pin_sda 26 pin_scl 27[0m
[0;32mI (1886) sccb: sccb_i2c_port=1[0m
[0;32mI (1890) gpio: GPIO[32]| InputEn: 0| OutputEn: 1| OpenDrain: 0| Pullup: 0| Pulldown: 0| Intr:0 [0m
[0;32mI (1929) camera: Detected camera at address=0x30[0m
[0;32mI (1931) camera: Detected OV2640 camera[0m
[0;32mI (1931) camera: Camera PID=0x26 VER=0x42 MIDL=0x7f MIDH=0xa2[0m
[0;32mI (1994) cam_hal: buffer_size: 32768, half_buffer_size: 4096, node_buffer_size: 2048, node_cï¿½ets Jul 29 2019 12:21:46

rst:0x3 (SW_RESET),boot:0x13 (SPI_FAST_FLASH_BOOT)
configsip: 0, SPIWP:0xee
clk_drv:0x00,q_drv:0x00,d_drv:0x00,cs0_drv:0x00,hd_drv:0x00,wp_drv:0x00
mode:DIO, clock div:1
load:0x3fff0030,len:7168
load:0x40078000,len:15464
load:0x40080400,len:4
ho 8 tail 4 room 4
load:0x40080404,len:3684
entry 0x40080614
[0;32mI (179) boot: ESP-IDF v5.3-dirty 2nd stage bootloader[0m
[0;32mI (179) boot: compile time Aug 24 2024 20:42:44[0m
[0;33mW (179) boot: Unicore bootloader[0m
[0;32mI (184) boot: chip revision: v3.1[0m
[0;32mI (188) boot.esp32: SPI Speed      : 80MHz[0m
[0;32mI (193) boot.esp32: SPI Mode       : DIO[0m
[0;32mI (198) boot.esp32: SPI Flash Size : 4MB[0m
[0;32mI (202) boot: Enabling RNG early entropy source...[0m
[0;32mI (208) boot: Partition Table:[0m
[0;32mI (211) boot: ## Label            Usage          Type ST Offset   Length[0m
[0;32mI (219) boot:  0 nvs              WiFi data        01 02 00009000 00004000[0m
[0;32mI (226) boot:  1 otadata          OTA data         01 00 0000d000 00002000[0m
[0;32mI (234) boot:  2 phy_init         RF data          01 01 0000f000 00001000[0m
[0;32mI (242) boot:  3 ota_0            OTA app          00 10 00010000 001e0000[0m
[0;32mI (249) boot:  4 ota_1            OTA app          00 11 001f0000 001e0000[0m
[0;32mI (257) boot:  5 coredump         Unknown data     01 03 003d0000 00010000[0m
[0;32mI (264) boot:  6 reserved         Unknown data     01 fe 003e0000 00020000[0m
[0;32mI (272) boot: End of partition table[0m
[0;32mI (276) esp_image: segment 0: paddr=00010020 vaddr=3f400020 size=2b9bch (178620) map[0m
[0;32mI (335) esp_image: segment 1: paddr=0003b9e4 vaddr=3ffbdb60 size=04634h ( 17972) load[0m
[0;32mI (341) esp_image: segment 2: paddr=00040020 vaddr=400d0020 size=ba780h (763776) map[0m
[0;32mI (557) esp_image: segment 3: paddr=000fa7a8 vaddr=3ffc2194 size=00b08h (  2824) load[0m
[0;32mI (558) esp_image: segment 4: paddr=000fb2b8 vaddr=40080000 size=1c9b4h (117172) load[0m
[0;32mI (616) boot: Loaded app from partition at offset 0x10000[0m
[0;32mI (616) boot: Disabling RNG early entropy source...[0m
[0;32mI (628) quad_psram: This chip is ESP32-D0WD[0m
[0;32mI (628) esp_psram: Found 8MB PSRAM device[0m
[0;32mI (629) esp_psram: Speed: 80MHz[0m
[0;32mI (632) esp_psram: PSRAM initialized, cache is in normal (1-core) mode.[0m
[0;33mW (640) esp_psram: Virtual address not enough for PSRAM, map as much as we can. 4MB is mapped[0m
[0;32mI (649) cpu_start: Unicore app[0m
[0;32mI (652) cpu_start: Single core mode[0m
[0;32mI (1190) esp_psram: SPI SRAM memory test OK[0m
[0;32mI (1198) cpu_start: Pro cpu start user code[0m
[0;32mI (1198) cpu_start: cpu freq: 240000000 Hz[0m
[0;32mI (1198) app_init: Application information:[0m
[0;32mI (1201) app_init: Project name:     mesh_local_control[0m
[0;32mI (1207) app_init: App version:      f4bea835-dirty[0m
[0;32mI (1212) app_init: Compile time:     Aug 24 2024 20:47:30[0m
[0;32mI (1218) app_init: ELF file SHA256:  ebde8a5f0...[0m
[0;32mI (1224) app_init: ESP-IDF:          v5.3-dirty[0m
[0;32mI (1229) efuse_init: Min chip rev:     v0.0[0m
[0;32mI (1234) efuse_init: Max chip rev:     v3.99 [0m
[0;32mI (1239) efuse_init: Chip rev:         v3.1[0m
[0;32mI (1244) heap_init: Initializing. RAM available for dynamic allocation:[0m
[0;32mI (1251) heap_init: At 3FFAE6E0 len 0000F480 (61 KiB): DRAM[0m
[0;32mI (1257) heap_init: At 3FFC7AA0 len 00018560 (97 KiB): DRAM[0m
[0;32mI (1264) heap_init: At 3FFE0440 len 0001FBC0 (126 KiB): D/IRAM[0m
[0;32mI (1270) heap_init: At 40078000 len 00008000 (32 KiB): IRAM[0m
[0;32mI (1276) heap_init: At 4009C9B4 len 0000364C (13 KiB): IRAM[0m
[0;32mI (1283) heap_init: At 3FF80000 len 00002000 (8 KiB): RTCRAM[0m
[0;32mI (1289) esp_psram: Adding pool of 4096K of PSRAM memory to heap allocator[0m
[0;32mI (1297) spi_flash: detected chip: generic[0m
[0;32mI (1301) spi_flash: flash io: dio[0m
[0;33mW (1305) i2c: This driver is an old driver, please migrate your application code to adapt `driver/i2c_master.h`[0m
[0;32mI (1316) coexist: coex firmware version: dab85ae96[0m
[0;32mI (1322) main_task: Started on CPU0[0m
[0;32mI (1325) esp_psram: Reserving pool of 32K of internal memory for DMA/internal allocations[0m
[0;32mI (1334) main_task: Calling app_main()[0m
[0;32mI (1349) bridge_common: esp-iot-bridge version: 0.11.8[0m
I (1351) wifi:wifi driver task: 3ffbd654, prio:23, stack:6656, core=0
I (1353) wifi:wifi firmware version: 0caa81945
I (1355) wifi:wifi certification version: v7.0
I (1359) wifi:config NVS flash: enabled
I (1362) wifi:config nano formating: disabled
I (1367) wifi:Init data frame dynamic rx buffer num: 32
I (1372) wifi:Init static rx mgmt buffer num: 5
I (1376) wifi:Init management short buffer num: 32
I (1381) wifi:Init static tx buffer num: 16
I (1385) wifi:Init tx cache buffer num: 32
I (1388) wifi:Init static rx buffer size: 1600
I (1392) wifi:Init static rx buffer num: 10
I (1396) wifi:Init dynamic rx buffer num: 32
[0;32mI (1401) wifi_init: accept mbox: 6[0m
[0;32mI (1404) wifi_init: tcpip mbox: 32[0m
[0;32mI (1408) wifi_init: udp mbox: 6[0m
[0;32mI (1412) wifi_init: tcp mbox: 6[0m
[0;32mI (1416) wifi_init: tcp tx win: 5760[0m
[0;32mI (1420) wifi_init: tcp rx win: 5760[0m
[0;32mI (1424) wifi_init: tcp mss: 1440[0m
[0;32mI (1428) wifi_init: WiFi IRAM OP enabled[0m
[0;32mI (1433) wifi_init: WiFi RX IRAM OP enabled[0m
[0;32mI (1438) phy_init: phy_version 4830,54550f7,Jun 20 2024,14:22:08[0m
I (1498) wifi:mode : null
I (1500) wifi:mode : softAP (08:a6:f7:11:51:a9)
I (1501) wifi:Total power save buffer number: 8
I (1501) wifi:Init max length of beacon: 752/752
I (1503) wifi:Init max length of beacon: 752/752
[0;32mI (1508) esp_netif_lwip: DHCP server started on interface WIFI_AP_DEF with IP: 192.168.4.1[0m
Add netif ap with f4bea835(commit id)
[0;32mI (1519) bridge_common: netif list add success[0m
[0;32mI (1525) bridge_common: [WIFI_AP_DEF ][0m
[0;32mI (1529) bridge_common: Set ip info:192.168.5.1[0m
[0;32mI (1534) bridge_wifi: SoftAP IP network segment has changed, deauth all station[0m
I (1543) wifi:Disabled PMF config for SoftAP
I (1546) wifi:Total power save buffer number: 8
[0;32mI (1552) esp_netif_lwip: DHCP server started on interface WIFI_AP_DEF with IP: 192.168.5.1[0m
[0;32mI (1559) bridge_common: [WIFI_AP_DEF ]Name Server1: 114.114.114.114[0m
[0;32mI (1566) bridge_common: DHCPS Restart, deauth all station[0m
Add netif sta with f4bea835(commit id)
[0;32mI (1576) bridge_common: netif list add success[0m
I (1581) wifi:mode : sta (08:a6:f7:11:51:a8) + softAP (08:a6:f7:11:51:a9)
I (1587) wifi:enable tsf
[0;31mE (1591) NVS: Failed to read IP info from NVS[0m
I (1595) wifi:Disabled PMF config for STA
[0;32mI (1598) bridge_wifi: [esp_bridge_wifi_set_config] sta ssid: Tran Con Dev password: password[0m
[0;32mI (1608) bridge_wifi: [esp_bridge_wifi_set_config] softap ssid: ESP_Bridge_1151a9 password: 12345678[0m
I (1789) wifi:Total power save buffer number: 8
[0;32mI (1791) esp_netif_lwip: DHCP server started on interface WIFI_AP_DEF with IP: 192.168.5.1[0m
[0;32mI (1792) bridge_wifi: SoftAP config changed, deauth all station[0m
[0;32mI (1798) Mesh-Lite: esp-mesh-lite component version: 1.0.0[0m
I (1804) ESPNOW: espnow [version: 1.0] init
[0;32mI (1808) [vendor_ie]: Mesh-Lite commit id: bc9302d
 [0m
[0;32mI (1814) [vendor_ie]: Mesh ID: 77 [0m
[0;32mI (1819) [ESP_Mesh_Lite_Comm]: msg action add success [0m
[0;32mI (1825) [ESP_Mesh_Lite_Comm]: Bind Socket 54, port 6364 [0m
[0;32mI (1830) [ESP_Mesh_Lite_Comm]: Bind Socket 55, port 6363 [0m
[0;32mI (1836) [ESP_Mesh_Lite_Comm]: Bind Socket 56, port 6366 [0m
[0;32mI (1842) [ESP_Mesh_Lite_Comm]: Bind Socket 57, port 6365 [0m
[0;32mI (1848) [mesh-lite-espnow]: Start espnow task [0m
[0;32mI (1854) Mesh-Lite: Mesh-Lite connecting[0m
[0;32mI (1859) [vendor_ie]: esp_mesh_lite_wifi_scan_start return ESP_OK [0m
[0;32mI (1865) gpio: GPIO[25]| InputEn: 1| OutputEn: 0| OpenDrain: 0| Pullup: 1| Pulldown: 0| Intr:2 [0m
[0;32mI (1874) cam_hal: cam init ok[0m
[0;32mI (1878) sccb: pin_sda 26 pin_scl 27[0m
[0;32mI (1882) sccb: sccb_i2c_port=1[0m
[0;32mI (1886) gpio: GPIO[32]| InputEn: 0| OutputEn: 1| OpenDrain: 0| Pullup: 0| Pulldown: 0| Intr:0 [0m
[0;32mI (1925) camera: Detected camera at address=0x30[0m
[0;32mI (1927) camera: Detected OV2640 camera[0m
[0;32mI (1927) camera: Camera PID=0x26 VER=0x42 MIDL=0x7f MIDH=0xa2[0m
[0;32mI (1990) cam_hal: buffer_size: 32768, half_buffer_size: 4096, node_buffer_size: 2048, node_cnt: ï¿½ets Jul 29 2019 12:21:46

rst:0x3 (SW_RESET),boot:0x13 (SPI_FAST_FLASH_BOOT)
configsip: 0, SPIWP:0xee
clk_drv:0x00,q_drv:0x00,d_drv:0x00,cs0_drv:0x00,hd_drv:0x00,wp_drv:0x00
mode:DIO, clock div:1
load:0x3fff0030,len:7168
load:0x40078000,len:15464
load:0x40080400,len:4
ho 8 tail 4 room 4
load:0x40080404,len:3684
entry 0x40080614
[0;32mI (179) boot: ESP-IDF v5.3-dirty 2nd stage bootloader[0m
[0;32mI (179) boot: compile time Aug 24 2024 20:42:44[0m
[0;33mW (179) boot: Unicore bootloader[0m
[0;32mI (184) boot: chip revision: v3.1[0m
[0;32mI (188) boot.esp32: SPI Speed      : 80MHz[0m
[0;32mI (193) boot.esp32: SPI Mode       : DIO[0m
[0;32mI (198) boot.esp32: SPI Flash Size : 4MB[0m
[0;32mI (202) boot: Enabling RNG early entropy source...[0m
[0;32mI (208) boot: Partition Table:[0m
[0;32mI (211) boot: ## Label            Usage          Type ST Offset   Length[0m
[0;32mI (219) boot:  0 nvs              WiFi data        01 02 00009000 00004000[0m
[0;32mI (226) boot:  1 otadata          OTA data         01 00 0000d000 00002000[0m
[0;32mI (234) boot:  2 phy_init         RF data          01 01 0000f000 00001000[0m
[0;32mI (242) boot:  3 ota_0            OTA app          00 10 00010000 001e0000[0m
[0;32mI (249) boot:  4 ota_1            OTA app          00 11 001f0000 001e0000[0m
[0;32mI (257) boot:  5 coredump         Unknown data     01 03 003d0000 00010000[0m
[0;32mI (264) boot:  6 reserved         Unknown data     01 fe 003e0000 00020000[0m
[0;32mI (272) boot: End of partition table[0m
[0;32mI (276) esp_image: segment 0: paddr=00010020 vaddr=3f400020 size=2b9bch (178620) map[0m
[0;32mI (335) esp_image: segment 1: paddr=0003b9e4 vaddr=3ffbdb60 size=04634h ( 17972) load[0m
[0;32mI (341) esp_image: segment 2: paddr=00040020 vaddr=400d0020 size=ba780h (763776) map[0m
[0;32mI (557) esp_image: segment 3: paddr=000fa7a8 vaddr=3ffc2194 size=00b08h (  2824) load[0m
[0;32mI (558) esp_image: segment 4: paddr=000fb2b8 vaddr=40080000 size=1c9b4h (117172) load[0m
[0;32mI (616) boot: Loaded app from partition at offset 0x10000[0m
[0;32mI (616) boot: Disabling RNG early entropy source...[0m
[0;32mI (628) quad_psram: This chip is ESP32-D0WD[0m
[0;32mI (628) esp_psram: Found 8MB PSRAM device[0m
[0;32mI (629) esp_psram: Speed: 80MHz[0m
[0;32mI (632) esp_psram: PSRAM initialized, cache is in normal (1-core) mode.[0m
[0;33mW (640) esp_psram: Virtual address not enough for PSRAM, map as much as we can. 4MB is mapped[0m
[0;32mI (649) cpu_start: Unicore app[0m
[0;32mI (652) cpu_start: Single core mode[0m
[0;32mI (1190) esp_psram: SPI SRAM memory test OK[0m
[0;32mI (1198) cpu_start: Pro cpu start user code[0m
[0;32mI (1198) cpu_start: cpu freq: 240000000 Hz[0m
[0;32mI (1198) app_init: Application information:[0m
[0;32mI (1201) app_init: Project name:     mesh_local_control[0m
[0;32mI (1207) app_init: App version:      f4bea835-dirty[0m
[0;32mI (1212) app_init: Compile time:     Aug 24 2024 20:47:30[0m
[0;32mI (1219) app_init: ELF file SHA256:  ebde8a5f0...[0m
[0;32mI (1224) app_init: ESP-IDF:          v5.3-dirty[0m
[0;32mI (1229) efuse_init: Min chip rev:     v0.0[0m
[0;32mI (1234) efuse_init: Max chip rev:     v3.99 [0m
[0;32mI (1239) efuse_init: Chip rev:         v3.1[0m
[0;32mI (1244) heap_init: Initializing. RAM available for dynamic allocation:[0m
[0;32mI (1251) heap_init: At 3FFAE6E0 len 0000F480 (61 KiB): DRAM[0m
[0;32mI (1257) heap_init: At 3FFC7AA0 len 00018560 (97 KiB): DRAM[0m
[0;32mI (1264) heap_init: At 3FFE0440 len 0001FBC0 (126 KiB): D/IRAM[0m
[0;32mI (1270) heap_init: At 40078000 len 00008000 (32 KiB): IRAM[0m
[0;32mI (1276) heap_init: At 4009C9B4 len 0000364C (13 KiB): IRAM[0m
[0;32mI (1283) heap_init: At 3FF80000 len 00002000 (8 KiB): RTCRAM[0m
[0;32mI (1289) esp_psram: Adding pool of 4096K of PSRAM memory to heap allocator[0m
[0;32mI (1297) spi_flash: detected chip: generic[0m
[0;32mI (1301) spi_flash: flash io: dio[0m
[0;33mW (1305) i2c: This driver is an old driver, please migrate your application code to adapt `driver/i2c_master.h`[0m
[0;32mI (1316) coexist: coex firmware version: dab85ae96[0m
[0;32mI (1322) main_task: Started on CPU0[0m
[0;32mI (1325) esp_psram: Reserving pool of 32K of internal memory for DMA/internal allocations[0m
[0;32mI (1334) main_task: Calling app_main()[0m
[0;32mI (1349) bridge_common: esp-iot-bridge version: 0.11.8[0m
I (1351) wifi:wifi driver task: 3ffbd654, prio:23, stack:6656, core=0
I (1353) wifi:wifi firmware version: 0caa81945
I (1355) wifi:wifi certification version: v7.0
I (1359) wifi:config NVS flash: enabled
I (1362) wifi:config nano formating: disabled
I (1367) wifi:Init data frame dynamic rx buffer num: 32
I (1372) wifi:Init static rx mgmt buffer num: 5
I (1376) wifi:Init management short buffer num: 32
I (1381) wifi:Init static tx buffer num: 16
I (1385) wifi:Init tx cache buffer num: 32
I (1388) wifi:Init static rx buffer size: 1600
I (1392) wifi:Init static rx buffer num: 10
I (1396) wifi:Init dynamic rx buffer num: 32
[0;32mI (1401) wifi_init: accept mbox: 6[0m
[0;32mI (1404) wifi_init: tcpip mbox: 32[0m
[0;32mI (1408) wifi_init: udp mbox: 6[0m
[0;32mI (1412) wifi_init: tcp mbox: 6[0m
[0;32mI (1416) wifi_init: tcp tx win: 5760[0m
[0;32mI (1420) wifi_init: tcp rx win: 5760[0m
[0;32mI (1424) wifi_init: tcp mss: 1440[0m
[0;32mI (1428) wifi_init: WiFi IRAM OP enabled[0m
[0;32mI (1433) wifi_init: WiFi RX IRAM OP enabled[0m
[0;32mI (1438) phy_init: phy_version 4830,54550f7,Jun 20 2024,14:22:08[0m
I (1499) wifi:mode : null
I (1500) wifi:mode : softAP (08:a6:f7:11:51:a9)
I (1501) wifi:Total power save buffer number: 8
I (1502) wifi:Init max length of beacon: 752/752
I (1503) wifi:Init max length of beacon: 752/752
[0;32mI (1509) esp_netif_lwip: DHCP server started on interface WIFI_AP_DEF with IP: 192.168.4.1[0m
Add netif ap with f4bea835(commit id)
[0;32mI (1520) bridge_common: netif list add success[0m
[0;32mI (1525) bridge_common: [WIFI_AP_DEF ][0m
[0;32mI (1530) bridge_common: Set ip info:192.168.5.1[0m
[0;32mI (1535) bridge_wifi: SoftAP IP network segment has changed, deauth all station[0m
I (1544) wifi:Disabled PMF config for SoftAP
I (1547) wifi:Total power save buffer number: 8
[0;32mI (1552) esp_netif_lwip: DHCP server started on interface WIFI_AP_DEF with IP: 192.168.5.1[0m
[0;32mI (1560) bridge_common: [WIFI_AP_DEF ]Name Server1: 114.114.114.114[0m
[0;32mI (1567) bridge_common: DHCPS Restart, deauth all station[0m
Add netif sta with f4bea835(commit id)
[0;32mI (1576) bridge_common: netif list add success[0m
I (1582) wifi:mode : sta (08:a6:f7:11:51:a8) + softAP (08:a6:f7:11:51:a9)
I (1588) wifi:enable tsf
[0;31mE (1591) NVS: Failed to read IP info from NVS[0m
I (1595) wifi:Disabled PMF config for STA
[0;32mI (1599) bridge_wifi: [esp_bridge_wifi_set_config] sta ssid: Tran Con Dev password: password[0m
[0;32mI (1608) bridge_wifi: [esp_bridge_wifi_set_config] softap ssid: ESP_Bridge_1151a9 password: 12345678[0m
I (1789) wifi:Total power save buffer number: 8
[0;32mI (1792) esp_netif_lwip: DHCP server started on interface WIFI_AP_DEF with IP: 192.168.5.1[0m
[0;32mI (1792) bridge_wifi: SoftAP config changed, deauth all station[0m
[0;32mI (1798) Mesh-Lite: esp-mesh-lite component version: 1.0.0[0m
I (1805) ESPNOW: espnow [version: 1.0] init
[0;32mI (1808) [vendor_ie]: Mesh-Lite commit id: bc9302d
 [0m
[0;32mI (1815) [vendor_ie]: Mesh ID: 77 [0m
[0;32mI (1820) [ESP_Mesh_Lite_Comm]: msg action add success [0m
[0;32mI (1826) [ESP_Mesh_Lite_Comm]: Bind Socket 54, port 6364 [0m
[0;32mI (1830) [ESP_Mesh_Lite_Comm]: Bind Socket 55, port 6363 [0m
[0;32mI (1836) [ESP_Mesh_Lite_Comm]: Bind Socket 56, port 6366 [0m
[0;32mI (1842) [ESP_Mesh_Lite_Comm]: Bind Socket 57, port 6365 [0m
[0;32mI (1849) [mesh-lite-espnow]: Start espnow task [0m
[0;32mI (1855) Mesh-Lite: Mesh-Lite connecting[0m
[0;32mI (1860) [vendor_ie]: esp_mesh_lite_wifi_scan_start return ESP_OK [0m
[0;32mI (1865) gpio: GPIO[25]| InputEn: 1| OutputEn: 0| OpenDrain: 0| Pullup: 1| Pulldown: 0| Intr:2 [0m
[0;32mI (1875) cam_hal: cam init ok[0m
[0;32mI (1878) sccb: pin_sda 26 pin_scl 27[0m
[0;32mI (1882) sccb: sccb_i2c_port=1[0m
[0;32mI (1886) gpio: GPIO[32]| InputEn: 0| OutputEn: 1| OpenDrain: 0| Pullup: 0| Pulldown: 0| Intr:0 [0m
[0;32mI (1925) camera: Detected camera at address=0x30[0m
[0;32mI (1927) camera: Detected OV2640 camera[0m
[0;32mI (1927) camera: Camera PID=0x26 VER=0x42 MIDL=0x7f MIDH=0xa2[0m
[0;32mI (1991) cam_hal: buffer_size: 32768, half_buffer_size: 4096, node_buffer_size: 2048, node_cnt: 16ï¿½ets Jul 29 2019 12:21:46

rst:0x3 (SW_RESET),boot:0x13 (SPI_FAST_FLASH_BOOT)
configsip: 0, SPIWP:0xee
clk_drv:0x00,q_drv:0x00,d_drv:0x00,cs0_drv:0x00,hd_drv:0x00,wp_drv:0x00
mode:DIO, clock div:1
load:0x3fff0030,len:7168
load:0x40078000,len:15464
load:0x40080400,len:4
ho 8 tail 4 room 4
load:0x40080404,len:3684
entry 0x40080614
[0;32mI (179) boot: ESP-IDF v5.3-dirty 2nd stage bootloader[0m
[0;32mI (179) boot: compile time Aug 24 2024 20:42:44[0m
[0;33mW (179) boot: Unicore bootloader[0m
[0;32mI (184) boot: chip revision: v3.1[0m
[0;32mI (188) boot.esp32: SPI Speed      : 80MHz[0m
[0;32mI (193) boot.esp32: SPI Mode       : DIO[0m
[0;32mI (198) boot.esp32: SPI Flash Size : 4MB[0m
[0;32mI (202) boot: Enabling RNG early entropy source...[0m
[0;32mI (208) boot: Partition Table:[0m
[0;32mI (211) boot: ## Label            Usage          Type ST Offset   Length[0m
[0;32mI (219) boot:  0 nvs              WiFi data        01 02 00009000 00004000[0m
[0;32mI (226) boot:  1 otadata          OTA data         01 00 0000d000 00002000[0m
[0;32mI (234) boot:  2 phy_init         RF data          01 01 0000f000 00001000[0m
[0;32mI (242) boot:  3 ota_0            OTA app          00 10 00010000 001e0000[0m
[0;32mI (249) boot:  4 ota_1            OTA app          00 11 001f0000 001e0000[0m
[0;32mI (257) boot:  5 coredump         Unknown data     01 03 003d0000 00010000[0m
[0;32mI (264) boot:  6 reserved         Unknown data     01 fe 003e0000 00020000[0m
[0;32mI (272) boot: End of partition table[0m
[0;32mI (276) esp_image: segment 0: paddr=00010020 vaddr=3f400020 size=2b9bch (178620) map[0m
[0;32mI (335) esp_image: segment 1: paddr=0003b9e4 vaddr=3ffbdb60 size=04634h ( 17972) load[0m
[0;32mI (341) esp_image: segment 2: paddr=00040020 vaddr=400d0020 size=ba780h (763776) map[0m
[0;32mI (557) esp_image: segment 3: paddr=000fa7a8 vaddr=3ffc2194 size=00b08h (  2824) load[0m
[0;32mI (558) esp_image: segment 4: paddr=000fb2b8 vaddr=40080000 size=1c9b4h (117172) load[0m
[0;32mI (616) boot: Loaded app from partition at offset 0x10000[0m
[0;32mI (616) boot: Disabling RNG early entropy source...[0m
[0;32mI (628) quad_psram: This chip is ESP32-D0WD[0m
[0;32mI (628) esp_psram: Found 8MB PSRAM device[0m
[0;32mI (629) esp_psram: Speed: 80MHz[0m
[0;32mI (632) esp_psram: PSRAM initialized, cache is in normal (1-core) mode.[0m
[0;33mW (640) esp_psram: Virtual address not enough for PSRAM, map as much as we can. 4MB is mapped[0m
[0;32mI (649) cpu_start: Unicore app[0m
[0;32mI (652) cpu_start: Single core mode[0m
[0;32mI (1190) esp_psram: SPI SRAM memory test OK[0m
[0;32mI (1198) cpu_start: Pro cpu start user code[0m
[0;32mI (1198) cpu_start: cpu freq: 240000000 Hz[0m
[0;32mI (1198) app_init: Application information:[0m
[0;32mI (1201) app_init: Project name:     mesh_local_control[0m
[0;32mI (1207) app_init: App version:      f4bea835-dirty[0m
[0;32mI (1212) app_init: Compile time:     Aug 24 2024 20:47:30[0m
[0;32mI (1218) app_init: ELF file SHA256:  ebde8a5f0...[0m
[0;32mI (1224) app_init: ESP-IDF:          v5.3-dirty[0m
[0;32mI (1229) efuse_init: Min chip rev:     v0.0[0m
[0;32mI (1234) efuse_init: Max chip rev:     v3.99 [0m
[0;32mI (1239) efuse_init: Chip rev:         v3.1[0m
[0;32mI (1244) heap_init: Initializing. RAM available for dynamic allocation:[0m
[0;32mI (1251) heap_init: At 3FFAE6E0 len 0000F480 (61 KiB): DRAM[0m
[0;32mI (1257) heap_init: At 3FFC7AA0 len 00018560 (97 KiB): DRAM[0m
[0;32mI (1264) heap_init: At 3FFE0440 len 0001FBC0 (126 KiB): D/IRAM[0m
[0;32mI (1270) heap_init: At 40078000 len 00008000 (32 KiB): IRAM[0m
[0;32mI (1276) heap_init: At 4009C9B4 len 0000364C (13 KiB): IRAM[0m
[0;32mI (1283) heap_init: At 3FF80000 len 00002000 (8 KiB): RTCRAM[0m
[0;32mI (1289) esp_psram: Adding pool of 4096K of PSRAM memory to heap allocator[0m
[0;32mI (1297) spi_flash: detected chip: generic[0m
[0;32mI (1301) spi_flash: flash io: dio[0m
[0;33mW (1305) i2c: This driver is an old driver, please migrate your application code to adapt `driver/i2c_master.h`[0m
[0;32mI (1316) coexist: coex firmware version: dab85ae96[0m
[0;32mI (1322) main_task: Started on CPU0[0m
[0;32mI (1325) esp_psram: Reserving pool of 32K of internal memory for DMA/internal allocations[0m
[0;32mI (1334) main_task: Calling app_main()[0m
[0;32mI (1349) bridge_common: esp-iot-bridge version: 0.11.8[0m
I (1351) wifi:wifi driver task: 3ffbd654, prio:23, stack:6656, core=0
I (1353) wifi:wifi firmware version: 0caa81945
I (1355) wifi:wifi certification version: v7.0
I (1359) wifi:config NVS flash: enabled
I (1362) wifi:config nano formating: disabled
I (1367) wifi:Init data frame dynamic rx buffer num: 32
I (1372) wifi:Init static rx mgmt buffer num: 5
I (1376) wifi:Init management short buffer num: 32
I (1381) wifi:Init static tx buffer num: 16
I (1385) wifi:Init tx cache buffer num: 32
I (1388) wifi:Init static rx buffer size: 1600
I (1392) wifi:Init static rx buffer num: 10
I (1396) wifi:Init dynamic rx buffer num: 32
[0;32mI (1401) wifi_init: accept mbox: 6[0m
[0;32mI (1404) wifi_init: tcpip mbox: 32[0m
[0;32mI (1408) wifi_init: udp mbox: 6[0m
[0;32mI (1412) wifi_init: tcp mbox: 6[0m
[0;32mI (1416) wifi_init: tcp tx win: 5760[0m
[0;32mI (1420) wifi_init: tcp rx win: 5760[0m
[0;32mI (1424) wifi_init: tcp mss: 1440[0m
[0;32mI (1428) wifi_init: WiFi IRAM OP enabled[0m
[0;32mI (1433) wifi_init: WiFi RX IRAM OP enabled[0m
[0;32mI (1438) phy_init: phy_version 4830,54550f7,Jun 20 2024,14:22:08[0m
I (1498) wifi:mode : null
I (1500) wifi:mode : softAP (08:a6:f7:11:51:a9)
I (1501) wifi:Total power save buffer number: 8
I (1501) wifi:Init max length of beacon: 752/752
I (1503) wifi:Init max length of beacon: 752/752
[0;32mI (1508) esp_netif_lwip: DHCP server started on interface WIFI_AP_DEF with IP: 192.168.4.1[0m
Add netif ap with f4bea835(commit id)
[0;32mI (1519) bridge_common: netif list add success[0m
[0;32mI (1525) bridge_common: [WIFI_AP_DEF ][0m
[0;32mI (1529) bridge_common: Set ip info:192.168.5.1[0m
[0;32mI (1534) bridge_wifi: SoftAP IP network segment has changed, deauth all station[0m
I (1543) wifi:Disabled PMF config for SoftAP
I (1546) wifi:Total power save buffer number: 8
[0;32mI (1552) esp_netif_lwip: DHCP server started on interface WIFI_AP_DEF with IP: 192.168.5.1[0m
[0;32mI (1559) bridge_common: [WIFI_AP_DEF ]Name Server1: 114.114.114.114[0m
[0;32mI (1566) bridge_common: DHCPS Restart, deauth all station[0m
Add netif sta with f4bea835(commit id)
[0;32mI (1575) bridge_common: netif list add success[0m
I (1581) wifi:mode : sta (08:a6:f7:11:51:a8) + softAP (08:a6:f7:11:51:a9)
I (1587) wifi:enable tsf
[0;31mE (1590) NVS: Failed to read IP info from NVS[0m
I (1595) wifi:Disabled PMF config for STA
[0;32mI (1598) bridge_wifi: [esp_bridge_wifi_set_config] sta ssid: Tran Con Dev password: password[0m
[0;32mI (1608) bridge_wifi: [esp_bridge_wifi_set_config] softap ssid: ESP_Bridge_1151a9 password: 12345678[0m
I (1789) wifi:Total power save buffer number: 8
[0;32mI (1791) esp_netif_lwip: DHCP server started on interface WIFI_AP_DEF with IP: 192.168.5.1[0m
[0;32mI (1792) bridge_wifi: SoftAP config changed, deauth all station[0m
[0;32mI (1798) Mesh-Lite: esp-mesh-lite component version: 1.0.0[0m
I (1804) ESPNOW: espnow [version: 1.0] init
[0;32mI (1808) [vendor_ie]: Mesh-Lite commit id: bc9302d
 [0m
[0;32mI (1814) [vendor_ie]: Mesh ID: 77 [0m
[0;32mI (1819) [ESP_Mesh_Lite_Comm]: msg action add success [0m
[0;32mI (1825) [ESP_Mesh_Lite_Comm]: Bind Socket 54, port 6364 [0m
[0;32mI (1830) [ESP_Mesh_Lite_Comm]: Bind Socket 55, port 6363 [0m
[0;32mI (1836) [ESP_Mesh_Lite_Comm]: Bind Socket 56, port 6366 [0m
[0;32mI (1842) [ESP_Mesh_Lite_Comm]: Bind Socket 57, port 6365 [0m
[0;32mI (1848) [mesh-lite-espnow]: Start espnow task [0m
[0;32mI (1854) Mesh-Lite: Mesh-Lite connecting[0m
[0;32mI (1859) [vendor_ie]: esp_mesh_lite_wifi_scan_start return ESP_OK [0m
[0;32mI (1865) gpio: GPIO[25]| InputEn: 1| OutputEn: 0| OpenDrain: 0| Pullup: 1| Pulldown: 0| Intr:2 [0m
[0;32mI (1874) cam_hal: cam init ok[0m
[0;32mI (1878) sccb: pin_sda 26 pin_scl 27[0m
[0;32mI (1882) sccb: sccb_i2c_port=1[0m
[0;32mI (1886) gpio: GPIO[32]| InputEn: 0| OutputEn: 1| OpenDrain: 0| Pullup: 0| Pulldown: 0| Intr:0 [0m
[0;32mI (1925) camera: Detected camera at address=0x30[0m
[0;32mI (1927) camera: Detected OV2640 camera[0m
[0;32mI (1927) camera: Camera PID=0x26 VER=0x42 MIDL=0x7f MIDH=0xa2[0m
[0;32mI (1990) cam_hal: buffer_size: 32768, half_buffer_size: 4096, node_buffer_size: 2048, node_cnt: ï¿½ets Jul 29 2019 12:21:46

rst:0x3 (SW_RESET),boot:0x13 (SPI_FAST_FLASH_BOOT)
configsip: 0, SPIWP:0xee
clk_drv:0x00,q_drv:0x00,d_drv:0x00,cs0_drv:0x00,hd_drv:0x00,wp_drv:0x00
mode:DIO, clock div:1
load:0x3fff0030,len:7168
load:0x40078000,len:15464
load:0x40080400,len:4
ho 8 tail 4 room 4
load:0x40080404,len:3684
entry 0x40080614
[0;32mI (179) boot: ESP-IDF v5.3-dirty 2nd stage bootloader[0m
[0;32mI (179) boot: compile time Aug 24 2024 20:42:44[0m
[0;33mW (179) boot: Unicore bootloader[0m
[0;32mI (184) boot: chip revision: v3.1[0m
[0;32mI (188) boot.esp32: SPI Speed      : 80MHz[0m
[0;32mI (193) boot.esp32: SPI Mode       : DIO[0m
[0;32mI (198) boot.esp32: SPI Flash Size : 4MB[0m
[0;32mI (202) boot: Enabling RNG early entropy source...[0m
[0;32mI (208) boot: Partition Table:[0m
[0;32mI (211) boot: ## Label            Usage          Type ST Offset   Length[0m
[0;32mI (219) boot:  0 nvs              WiFi data        01 02 00009000 00004000[0m
[0;32mI (226) boot:  1 otadata          OTA data         01 00 0000d000 00002000[0m
[0;32mI (234) boot:  2 phy_init         RF data          01 01 0000f000 00001000[0m
[0;32mI (242) boot:  3 ota_0            OTA app          00 10 00010000 001e0000[0m
[0;32mI (249) boot:  4 ota_1            OTA app          00 11 001f0000 001e0000[0m
[0;32mI (257) boot:  5 coredump         Unknown data     01 03 003d0000 00010000[0m
[0;32mI (264) boot:  6 reserved         Unknown data     01 fe 003e0000 00020000[0m
[0;32mI (272) boot: End of partition table[0m
[0;32mI (276) esp_image: segment 0: paddr=00010020 vaddr=3f400020 size=2b9bch (178620) map[0m
[0;32mI (335) esp_image: segment 1: paddr=0003b9e4 vaddr=3ffbdb60 size=04634h ( 17972) load[0m
[0;32mI (341) esp_image: segment 2: paddr=00040020 vaddr=400d0020 size=ba780h (763776) map[0m
[0;32mI (557) esp_image: segment 3: paddr=000fa7a8 vaddr=3ffc2194 size=00b08h (  2824) load[0m
[0;32mI (558) esp_image: segment 4: paddr=000fb2b8 vaddr=40080000 size=1c9b4h (117172) load[0m
[0;32mI (616) boot: Loaded app from partition at offset 0x10000[0m
[0;32mI (616) boot: Disabling RNG early entropy source...[0m
