ï¿½ï¿½ets Jul 29 2019 12:21:46

rst:0x1 (POWERON_RESET),boot:0x13 (SPI_FAST_FLASH_BOOT)
configsip: 0, SPIWP:0xee
clk_drv:0x00,q_drv:0x00,d_drv:0x00,cs0_drv:0x00,hd_drv:0x00,wp_drv:0x00
mode:DIO, clock div:2
load:0x3fff0030,len:7168
load:0x40078000,len:15452
load:0x40080400,len:4
load:0x40080404,len:3684
entry 0x40080614
[0;32mI (29) boot: ESP-IDF v5.3-dirty 2nd stage bootloader[0m
[0;32mI (29) boot: compile time Aug 24 2024 21:55:52[0m
[0;33mW (29) boot: Unicore bootloader[0m
[0;32mI (34) boot: chip revision: v3.1[0m
[0;32mI (38) boot.esp32: SPI Speed      : 40MHz[0m
[0;32mI (42) boot.esp32: SPI Mode       : DIO[0m
[0;32mI (47) boot.esp32: SPI Flash Size : 4MB[0m
[0;32mI (51) boot: Enabling RNG early entropy source...[0m
[0;32mI (57) boot: Partition Table:[0m
[0;32mI (60) boot: ## Label            Usage          Type ST Offset   Length[0m
[0;32mI (68) boot:  0 nvs              WiFi data        01 02 00009000 00004000[0m
[0;32mI (75) boot:  1 otadata          OTA data         01 00 0000d000 00002000[0m
[0;32mI (82) boot:  2 phy_init         RF data          01 01 0000f000 00001000[0m
[0;32mI (90) boot:  3 ota_0            OTA app          00 10 00010000 001e0000[0m
[0;32mI (97) boot:  4 ota_1            OTA app          00 11 001f0000 001e0000[0m
[0;32mI (105) boot:  5 coredump         Unknown data     01 03 003d0000 00010000[0m
[0;32mI (112) boot:  6 reserved         Unknown data     01 fe 003e0000 00020000[0m
[0;32mI (120) boot: End of partition table[0m
[0;32mI (124) boot: No factory image, trying OTA 0[0m
[0;32mI (129) esp_image: segment 0: paddr=00010020 vaddr=3f400020 size=2dfd4h (188372) map[0m
[0;32mI (202) esp_image: segment 1: paddr=0003dffc vaddr=3ffbdb60 size=0201ch (  8220) load[0m
[0;32mI (206) esp_image: segment 2: paddr=00040020 vaddr=400d0020 size=c2de8h (798184) map[0m
[0;32mI (482) esp_image: segment 3: paddr=00102e10 vaddr=3ffbfb7c size=03f5ch ( 16220) load[0m
[0;32mI (488) esp_image: segment 4: paddr=00106d74 vaddr=40080000 size=1cc6ch (117868) load[0m
[0;32mI (549) boot: Loaded app from partition at offset 0x10000[0m
[0;32mI (554) boot: Set actual ota_seq=1 in otadata[0][0m
[0;32mI (554) boot: Disabling RNG early entropy source...[0m
[0;32mI (566) quad_psram: This chip is ESP32-D0WD[0m
[0;32mI (567) esp_psram: Found 8MB PSRAM device[0m
[0;32mI (567) esp_psram: Speed: 40MHz[0m
[0;32mI (570) esp_psram: PSRAM initialized, cache is in normal (1-core) mode.[0m
[0;33mW (578) esp_psram: Virtual address not enough for PSRAM, map as much as we can. 4MB is mapped[0m
[0;32mI (587) cpu_start: Unicore app[0m
[0;32mI (590) cpu_start: Single core mode[0m
[0;32mI (1520) esp_psram: SPI SRAM memory test OK[0m
[0;32mI (1528) cpu_start: Pro cpu start user code[0m
[0;32mI (1528) cpu_start: cpu freq: 240000000 Hz[0m
[0;32mI (1528) app_init: Application information:[0m
[0;32mI (1531) app_init: Project name:     mesh_local_control[0m
[0;32mI (1537) app_init: App version:      f4bea835-dirty[0m
[0;32mI (1543) app_init: Compile time:     Aug 24 2024 21:55:48[0m
[0;32mI (1549) app_init: ELF file SHA256:  8524d1c8d...[0m
[0;32mI (1554) app_init: ESP-IDF:          v5.3-dirty[0m
[0;32mI (1559) efuse_init: Min chip rev:     v0.0[0m
[0;32mI (1564) efuse_init: Max chip rev:     v3.99 [0m
[0;32mI (1569) efuse_init: Chip rev:         v3.1[0m
[0;32mI (1575) heap_init: Initializing. RAM available for dynamic allocation:[0m
[0;32mI (1582) heap_init: At 3FFAE6E0 len 0000F480 (61 KiB): DRAM[0m
[0;32mI (1588) heap_init: At 3FFC8940 len 000176C0 (93 KiB): DRAM[0m
[0;32mI (1594) heap_init: At 3FFE0440 len 0001FBC0 (126 KiB): D/IRAM[0m
[0;32mI (1600) heap_init: At 40078000 len 00008000 (32 KiB): IRAM[0m
[0;32mI (1607) heap_init: At 4009CC6C len 00003394 (12 KiB): IRAM[0m
[0;32mI (1613) heap_init: At 3FF80000 len 00002000 (8 KiB): RTCRAM[0m
[0;32mI (1620) esp_psram: Adding pool of 4096K of PSRAM memory to heap allocator[0m
[0;32mI (1628) spi_flash: detected chip: generic[0m
[0;32mI (1632) spi_flash: flash io: dio[0m
[0;33mW (1636) i2c: This driver is an old driver, please migrate your application code to adapt `driver/i2c_master.h`[0m
[0;32mI (1658) coexist: coex firmware version: dab85ae96[0m
[0;32mI (1659) main_task: Started on CPU0[0m
[0;32mI (1659) esp_psram: Reserving pool of 32K of internal memory for DMA/internal allocations[0m
[0;32mI (1667) main_task: Calling app_main()[0m
[0;32mI (1686) bridge_common: esp-iot-bridge version: 0.11.8[0m
I (1689) wifi:wifi driver task: 3ffbd604, prio:23, stack:6656, core=0
I (1692) wifi:wifi firmware version: 0caa81945
I (1693) wifi:wifi certification version: v7.0
I (1696) wifi:config NVS flash: enabled
I (1699) wifi:config nano formating: disabled
I (1703) wifi:Init data frame dynamic rx buffer num: 32
I (1708) wifi:Init static rx mgmt buffer num: 5
I (1712) wifi:Init management short buffer num: 32
I (1717) wifi:Init static tx buffer num: 16
I (1721) wifi:Init tx cache buffer num: 32
I (1725) wifi:Init static rx buffer size: 1600
I (1729) wifi:Init static rx buffer num: 10
I (1733) wifi:Init dynamic rx buffer num: 32
[0;32mI (1738) wifi_init: accept mbox: 6[0m
[0;32mI (1741) wifi_init: tcpip mbox: 32[0m
[0;32mI (1745) wifi_init: udp mbox: 6[0m
[0;32mI (1748) wifi_init: tcp mbox: 6[0m
[0;32mI (1752) wifi_init: tcp tx win: 5760[0m
[0;32mI (1756) wifi_init: tcp rx win: 5760[0m
[0;32mI (1761) wifi_init: tcp mss: 1440[0m
[0;32mI (1765) wifi_init: WiFi IRAM OP enabled[0m
[0;32mI (1769) wifi_init: WiFi RX IRAM OP enabled[0m
[0;32mI (1775) phy_init: phy_version 4830,54550f7,Jun 20 2024,14:22:08[0m
[0;33mW (1781) phy_init: failed to load RF calibration data (0x1102), falling back to full calibration[0m
[0;33mW (1843) phy_init: saving new calibration data because of checksum failure, mode(2)[0m
I (1855) wifi:mode : null
I (1857) wifi:mode : softAP (08:a6:f7:11:51:a9)
I (1859) wifi:Total power save buffer number: 8
I (1859) wifi:Init max length of beacon: 752/752
I (1862) wifi:Init max length of beacon: 752/752
[0;32mI (1868) esp_netif_lwip: DHCP server started on interface WIFI_AP_DEF with IP: 192.168.4.1[0m
Add netif ap with f4bea835(commit id)
[0;32mI (1878) bridge_common: netif list add success[0m
[0;31mE (1883) NVS: Failed to open NVS namespace[0m
[0;32mI (1888) bridge_common: IP Address:192.168.5.1[0m
[0;32mI (1893) bridge_common: GW Address:192.168.5.1[0m
[0;32mI (1898) bridge_common: NM Address:255.255.255.0[0m
[0;32mI (1903) bridge_common: [WIFI_AP_DEF ][0m
[0;32mI (1909) bridge_common: Set ip info:192.168.5.1[0m
[0;32mI (1913) bridge_wifi: SoftAP IP network segment has changed, deauth all station[0m
I (1925) wifi:Disabled PMF config for SoftAP
I (1926) wifi:Total power save buffer number: 8
[0;32mI (1932) esp_netif_lwip: DHCP server started on interface WIFI_AP_DEF with IP: 192.168.5.1[0m
[0;32mI (1938) bridge_common: [WIFI_AP_DEF ]Name Server1: 114.114.114.114[0m
[0;32mI (1945) bridge_common: DHCPS Restart, deauth all station[0m
Add netif sta with f4bea835(commit id)
[0;32mI (1954) bridge_common: netif list add success[0m
I (1960) wifi:mode : sta (08:a6:f7:11:51:a8) + softAP (08:a6:f7:11:51:a9)
I (1966) wifi:enable tsf
[0;31mE (1970) NVS: Failed to read IP info from NVS[0m
I (1973) wifi:Disabled PMF config for STA
[0;32mI (1977) bridge_wifi: [esp_bridge_wifi_set_config] sta ssid: Tran Con Dev password: password[0m
[0;32mI (1986) bridge_wifi: [esp_bridge_wifi_set_config] softap ssid: ESP_Bridge_1151a9 password: 12345678[0m
I (2169) wifi:Total power save buffer number: 8
[0;32mI (2173) esp_netif_lwip: DHCP server started on interface WIFI_AP_DEF with IP: 192.168.5.1[0m
[0;32mI (2174) bridge_wifi: SoftAP config changed, deauth all station[0m
[0;32mI (2178) Mesh-Lite: esp-mesh-lite component version: 1.0.0[0m
I (2185) ESPNOW: espnow [version: 1.0] init
[0;32mI (2188) [vendor_ie]: Mesh-Lite commit id: bc9302d
 [0m
[0;31mE (2195) [vendor_ie]: Error Get! [0m
[0;33mW (2198) [vendor_ie]: Mesh ID is not saved in flash [0m
[0;32mI (2204) [vendor_ie]: Mesh ID: 77 [0m
[0;33mW (2208) [vendor_ie]: Error Get[4354] [0m
[0;33mW (2212) [vendor_ie]: Error Get[4354] [0m
[0;32mI (2218) [ESP_Mesh_Lite_Comm]: msg action add success [0m
[0;32mI (2224) [ESP_Mesh_Lite_Comm]: Bind Socket 54, port 6364 [0m
[0;32mI (2229) [ESP_Mesh_Lite_Comm]: Bind Socket 55, port 6363 [0m
[0;32mI (2235) [ESP_Mesh_Lite_Comm]: Bind Socket 56, port 6366 [0m
[0;32mI (2241) [ESP_Mesh_Lite_Comm]: Bind Socket 57, port 6365 [0m
[0;32mI (2247) [mesh-lite-espnow]: Start espnow task [0m
[0;32mI (2254) Mesh-Lite: Mesh-Lite connecting[0m
[0;32mI (2259) [vendor_ie]: esp_mesh_lite_wifi_scan_start return ESP_OK [0m
[0;32mI (2264) gpio: GPIO[25]| InputEn: 1| OutputEn: 0| OpenDrain: 0| Pullup: 1| Pulldown: 0| Intr:2 [0m
[0;32mI (2274) cam_hal: cam init ok[0m
[0;32mI (2277) sccb: pin_sda 26 pin_scl 27[0m
[0;32mI (2280) sccb: sccb_i2c_port=1[0m
[0;32mI (2285) gpio: GPIO[32]| InputEn: 0| OutputEn: 1| OpenDrain: 0| Pullup: 0| Pulldown: 0| Intr:0 [0m
[0;32mI (2323) camera: Detected camera at address=0x30[0m
[0;32mI (2325) camera: Detected OV2640 camera[0m
[0;32mI (2326) camera: Camera PID=0x26 VER=0x42 MIDL=0x7f MIDH=0xa2[0m
[0;32mI (2391) cam_hal: buffer_size: 32768, half_buffer_size: 4096, node_buffer_size: 2048, node_cnt: 16, total_cnt: 7[0m
[0;32mI (2392) cam_hal: Allocating 30720 Byte frame buffer in PSRAM[0m
[0;32mI (2398) cam_hal: cam config ok[0m
[0;32mI (2402) ov2640: Set PLL: clk_2x: 0, clk_div: 0, pclk_auto: 0, pclk_div: 8[0m
ï¿½ets Jul 29 2019 12:21:46

rst:0x3 (SW_RESET),boot:0x13 (SPI_FAST_FLASH_BOOT)
configsip: 0, SPIWP:0xee
clk_drv:0x00,q_drv:0x00,d_drv:0x00,cs0_drv:0x00,hd_drv:0x00,wp_drv:0x00
mode:DIO, clock div:2
load:0x3fff0030,len:7168
load:0x40078000,len:15452
load:0x40080400,len:4
load:0x40080404,len:3684
entry 0x40080614
[0;32mI (169) boot: ESP-IDF v5.3-dirty 2nd stage bootloader[0m
[0;32mI (169) boot: compile time Aug 24 2024 21:55:52[0m
[0;33mW (169) boot: Unicore bootloader[0m
[0;32mI (174) boot: chip revision: v3.1[0m
[0;32mI (178) boot.esp32: SPI Speed      : 40MHz[0m
[0;32mI (183) boot.esp32: SPI Mode       : DIO[0m
[0;32mI (187) boot.esp32: SPI Flash Size : 4MB[0m
[0;32mI (192) boot: Enabling RNG early entropy source...[0m
[0;32mI (197) boot: Partition Table:[0m
[0;32mI (201) boot: ## Label            Usage          Type ST Offset   Length[0m
[0;32mI (208) boot:  0 nvs              WiFi data        01 02 00009000 00004000[0m
[0;32mI (216) boot:  1 otadata          OTA data         01 00 0000d000 00002000[0m
[0;32mI (224) boot:  2 phy_init         RF data          01 01 0000f000 00001000[0m
[0;32mI (231) boot:  3 ota_0            OTA app          00 10 00010000 001e0000[0m
[0;32mI (239) boot:  4 ota_1            OTA app          00 11 001f0000 001e0000[0m
[0;32mI (246) boot:  5 coredump         Unknown data     01 03 003d0000 00010000[0m
[0;32mI (254) boot:  6 reserved         Unknown data     01 fe 003e0000 00020000[0m
[0;32mI (261) boot: End of partition table[0m
[0;32mI (266) esp_image: segment 0: paddr=00010020 vaddr=3f400020 size=2dfd4h (188372) map[0m
[0;32mI (339) esp_image: segment 1: paddr=0003dffc vaddr=3ffbdb60 size=0201ch (  8220) load[0m
[0;32mI (342) esp_image: segment 2: paddr=00040020 vaddr=400d0020 size=c2de8h (798184) map[0m
[0;32mI (618) esp_image: segment 3: paddr=00102e10 vaddr=3ffbfb7c size=03f5ch ( 16220) load[0m
[0;32mI (624) esp_image: segment 4: paddr=00106d74 vaddr=40080000 size=1cc6ch (117868) load[0m
[0;32mI (685) boot: Loaded app from partition at offset 0x10000[0m
[0;32mI (685) boot: Disabling RNG early entropy source...[0m
[0;32mI (697) quad_psram: This chip is ESP32-D0WD[0m
[0;32mI (698) esp_psram: Found 8MB PSRAM device[0m
[0;32mI (698) esp_psram: Speed: 40MHz[0m
[0;32mI (701) esp_psram: PSRAM initialized, cache is in normal (1-core) mode.[0m
[0;33mW (709) esp_psram: Virtual address not enough for PSRAM, map as much as we can. 4MB is mapped[0m
[0;32mI (718) cpu_start: Unicore app[0m
[0;32mI (722) cpu_start: Single core mode[0m
[0;32mI (1651) esp_psram: SPI SRAM memory test OK[0m
[0;32mI (1659) cpu_start: Pro cpu start user code[0m
[0;32mI (1659) cpu_start: cpu freq: 240000000 Hz[0m
[0;32mI (1659) app_init: Application information:[0m
[0;32mI (1662) app_init: Project name:     mesh_local_control[0m
[0;32mI (1668) app_init: App version:      f4bea835-dirty[0m
[0;32mI (1674) app_init: Compile time:     Aug 24 2024 21:55:48[0m
[0;32mI (1680) app_init: ELF file SHA256:  8524d1c8d...[0m
[0;32mI (1685) app_init: ESP-IDF:          v5.3-dirty[0m
[0;32mI (1691) efuse_init: Min chip rev:     v0.0[0m
[0;32mI (1695) efuse_init: Max chip rev:     v3.99 [0m
[0;32mI (1700) efuse_init: Chip rev:         v3.1[0m
[0;32mI (1706) heap_init: Initializing. RAM available for dynamic allocation:[0m
[0;32mI (1713) heap_init: At 3FFAE6E0 len 0000F480 (61 KiB): DRAM[0m
[0;32mI (1719) heap_init: At 3FFC8940 len 000176C0 (93 KiB): DRAM[0m
[0;32mI (1725) heap_init: At 3FFE0440 len 0001FBC0 (126 KiB): D/IRAM[0m
[0;32mI (1732) heap_init: At 40078000 len 00008000 (32 KiB): IRAM[0m
[0;32mI (1738) heap_init: At 4009CC6C len 00003394 (12 KiB): IRAM[0m
[0;32mI (1744) heap_init: At 3FF80000 len 00002000 (8 KiB): RTCRAM[0m
[0;32mI (1751) esp_psram: Adding pool of 4096K of PSRAM memory to heap allocator[0m
[0;32mI (1759) spi_flash: detected chip: generic[0m
[0;32mI (1763) spi_flash: flash io: dio[0m
[0;33mW (1767) i2c: This driver is an old driver, please migrate your application code to adapt `driver/i2c_master.h`[0m
[0;32mI (1789) coexist: coex firmware version: dab85ae96[0m
[0;32mI (1790) main_task: Started on CPU0[0m
[0;32mI (1790) esp_psram: Reserving pool of 32K of internal memory for DMA/internal allocations[0m
[0;32mI (1798) main_task: Calling app_main()[0m
[0;32mI (1819) bridge_common: esp-iot-bridge version: 0.11.8[0m
I (1821) wifi:wifi driver task: 3ffbd678, prio:23, stack:6656, core=0
I (1824) wifi:wifi firmware version: 0caa81945
I (1825) wifi:wifi certification version: v7.0
I (1829) wifi:config NVS flash: enabled
I (1832) wifi:config nano formating: disabled
I (1837) wifi:Init data frame dynamic rx buffer num: 32
I (1841) wifi:Init static rx mgmt buffer num: 5
I (1845) wifi:Init management short buffer num: 32
I (1850) wifi:Init static tx buffer num: 16
I (1854) wifi:Init tx cache buffer num: 32
I (1858) wifi:Init static rx buffer size: 1600
I (1862) wifi:Init static rx buffer num: 10
I (1866) wifi:Init dynamic rx buffer num: 32
[0;32mI (1871) wifi_init: accept mbox: 6[0m
[0;32mI (1874) wifi_init: tcpip mbox: 32[0m
[0;32mI (1878) wifi_init: udp mbox: 6[0m
[0;32mI (1882) wifi_init: tcp mbox: 6[0m
[0;32mI (1885) wifi_init: tcp tx win: 5760[0m
[0;32mI (1890) wifi_init: tcp rx win: 5760[0m
[0;32mI (1894) wifi_init: tcp mss: 1440[0m
[0;32mI (1898) wifi_init: WiFi IRAM OP enabled[0m
[0;32mI (1902) wifi_init: WiFi RX IRAM OP enabled[0m
[0;32mI (1908) phy_init: phy_version 4830,54550f7,Jun 20 2024,14:22:08[0m
I (1970) wifi:mode : null
I (1973) wifi:mode : softAP (08:a6:f7:11:51:a9)
I (1975) wifi:Total power save buffer number: 8
I (1975) wifi:Init max length of beacon: 752/752
I (1978) wifi:Init max length of beacon: 752/752
[0;32mI (1984) esp_netif_lwip: DHCP server started on interface WIFI_AP_DEF with IP: 192.168.4.1[0m
Add netif ap with f4bea835(commit id)
[0;32mI (1994) bridge_common: netif list add success[0m
[0;32mI (2000) bridge_common: [WIFI_AP_DEF ][0m
[0;32mI (2004) bridge_common: Set ip info:192.168.5.1[0m
[0;32mI (2009) bridge_wifi: SoftAP IP network segment has changed, deauth all station[0m
I (2018) wifi:Disabled PMF config for SoftAP
I (2021) wifi:Total power save buffer number: 8
[0;32mI (2027) esp_netif_lwip: DHCP server started on interface WIFI_AP_DEF with IP: 192.168.5.1[0m
[0;32mI (2034) bridge_common: [WIFI_AP_DEF ]Name Server1: 114.114.114.114[0m
[0;32mI (2040) bridge_common: DHCPS Restart, deauth all station[0m
Add netif sta with f4bea835(commit id)
[0;32mI (2050) bridge_common: netif list add success[0m
I (2055) wifi:mode : sta (08:a6:f7:11:51:a8) + softAP (08:a6:f7:11:51:a9)
I (2062) wifi:enable tsf
[0;31mE (2065) NVS: Failed to read IP info from NVS[0m
I (2069) wifi:Disabled PMF config for STA
[0;32mI (2072) bridge_wifi: [esp_bridge_wifi_set_config] sta ssid: Tran Con Dev password: password[0m
[0;32mI (2082) bridge_wifi: [esp_bridge_wifi_set_config] softap ssid: ESP_Bridge_1151a9 password: 12345678[0m
I (2265) wifi:Total power save buffer number: 8
[0;32mI (2269) esp_netif_lwip: DHCP server started on interface WIFI_AP_DEF with IP: 192.168.5.1[0m
[0;32mI (2270) bridge_wifi: SoftAP config changed, deauth all station[0m
[0;32mI (2274) Mesh-Lite: esp-mesh-lite component version: 1.0.0[0m
I (2280) ESPNOW: espnow [version: 1.0] init
[0;32mI (2284) [vendor_ie]: Mesh-Lite commit id: bc9302d
 [0m
[0;32mI (2290) [vendor_ie]: Mesh ID: 77 [0m
[0;32mI (2296) [ESP_Mesh_Lite_Comm]: msg action add success [0m
[0;32mI (2301) [ESP_Mesh_Lite_Comm]: Bind Socket 54, port 6364 [0m
[0;32mI (2306) [ESP_Mesh_Lite_Comm]: Bind Socket 55, port 6363 [0m
[0;32mI (2312) [ESP_Mesh_Lite_Comm]: Bind Socket 56, port 6366 [0m
[0;32mI (2318) [ESP_Mesh_Lite_Comm]: Bind Socket 57, port 6365 [0m
[0;32mI (2324) [mesh-lite-espnow]: Start espnow task [0m
[0;32mI (2330) Mesh-Lite: Mesh-Lite connecting[0m
[0;32mI (2336) [vendor_ie]: esp_mesh_lite_wifi_scan_start return ESP_OK [0m
[0;32mI (2341) gpio: GPIO[25]| InputEn: 1| OutputEn: 0| OpenDrain: 0| Pullup: 1| Pulldown: 0| Intr:2 [0m
[0;32mI (2350) cam_hal: cam init ok[0m
[0;32mI (2354) sccb: pin_sda 26 pin_scl 27[0m
[0;32mI (2357) sccb: sccb_i2c_port=1[0m
[0;32mI (2362) gpio: GPIO[32]| InputEn: 0| OutputEn: 1| OpenDrain: 0| Pullup: 0| Pulldown: 0| Intr:0 [0m
[0;32mI (2400) camera: Detected camera at address=0x30[0m
[0;32mI (2403) camera: Detected OV2640 camera[0m
[0;32mI (2403) camera: Camera PID=0x26 VER=0x42 MIDL=0x7f MIDH=0xa2[0m
[0;32mI (2468) cam_hal: buffer_size: 32768, half_buffer_size: 4096, node_bufferï¿½ets Jul 29 2019 12:21:46

rst:0x3 (SW_RESET),boot:0x13 (SPI_FAST_FLASH_BOOT)
configsip: 0, SPIWP:0xee
clk_drv:0x00,q_drv:0x00,d_drv:0x00,cs0_drv:0x00,hd_drv:0x00,wp_drv:0x00
mode:DIO, clock div:2
load:0x3fff0030,len:7168
load:0x40078000,len:15452
load:0x40080400,len:4
load:0x40080404,len:3684
entry 0x40080614
[0;32mI (169) boot: ESP-IDF v5.3-dirty 2nd stage bootloader[0m
[0;32mI (169) boot: compile time Aug 24 2024 21:55:52[0m
[0;33mW (169) boot: Unicore bootloader[0m
[0;32mI (174) boot: chip revision: v3.1[0m
[0;32mI (178) boot.esp32: SPI Speed      : 40MHz[0m
[0;32mI (183) boot.esp32: SPI Mode       : DIO[0m
[0;32mI (187) boot.esp32: SPI Flash Size : 4MB[0m
[0;32mI (192) boot: Enabling RNG early entropy source...[0m
[0;32mI (197) boot: Partition Table:[0m
[0;32mI (201) boot: ## Label            Usage          Type ST Offset   Length[0m
[0;32mI (208) boot:  0 nvs              WiFi data        01 02 00009000 00004000[0m
[0;32mI (216) boot:  1 otadata          OTA data         01 00 0000d000 00002000[0m
[0;32mI (224) boot:  2 phy_init         RF data          01 01 0000f000 00001000[0m
[0;32mI (231) boot:  3 ota_0            OTA app          00 10 00010000 001e0000[0m
[0;32mI (239) boot:  4 ota_1            OTA app          00 11 001f0000 001e0000[0m
[0;32mI (246) boot:  5 coredump         Unknown data     01 03 003d0000 00010000[0m
[0;32mI (254) boot:  6 reserved         Unknown data     01 fe 003e0000 00020000[0m
[0;32mI (261) boot: End of partition table[0m
[0;32mI (266) esp_image: segment 0: paddr=00010020 vaddr=3f400020 size=2dfd4h (188372) map[0m
[0;32mI (339) esp_image: segment 1: paddr=0003dffc vaddr=3ffbdb60 size=0201ch (  8220) load[0m
[0;32mI (342) esp_image: segment 2: paddr=00040020 vaddr=400d0020 size=c2de8h (798184) map[0m
[0;32mI (618) esp_image: segment 3: paddr=00102e10 vaddr=3ffbfb7c size=03f5ch ( 16220) load[0m
[0;32mI (624) esp_image: segment 4: paddr=00106d74 vaddr=40080000 size=1cc6ch (117868) load[0m
[0;32mI (685) boot: Loaded app from partition at offset 0x10000[0m
[0;32mI (685) boot: Disabling RNG early entropy source...[0m
[0;32mI (697) quad_psram: This chip is ESP32-D0WD[0m
[0;32mI (698) esp_psram: Found 8MB PSRAM device[0m
[0;32mI (698) esp_psram: Speed: 40MHz[0m
[0;32mI (701) esp_psram: PSRAM initialized, cache is in normal (1-core) mode.[0m
[0;33mW (709) esp_psram: Virtual address not enough for PSRAM, map as much as we can. 4MB is mapped[0m
[0;32mI (718) cpu_start: Unicore app[0m
[0;32mI (722) cpu_start: Single core mode[0m
[0;32mI (1651) esp_psram: SPI SRAM memory test OK[0m
[0;32mI (1659) cpu_start: Pro cpu start user code[0m
[0;32mI (1659) cpu_start: cpu freq: 240000000 Hz[0m
[0;32mI (1659) app_init: Application information:[0m
[0;32mI (1662) app_init: Project name:     mesh_local_control[0m
[0;32mI (1668) app_init: App version:      f4bea835-dirty[0m
[0;32mI (1674) app_init: Compile time:     Aug 24 2024 21:55:48[0m
[0;32mI (1680) app_init: ELF file SHA256:  8524d1c8d...[0m
[0;32mI (1685) app_init: ESP-IDF:          v5.3-dirty[0m
[0;32mI (1691) efuse_init: Min chip rev:     v0.0[0m
[0;32mI (1695) efuse_init: Max chip rev:     v3.99 [0m
[0;32mI (1700) efuse_init: Chip rev:         v3.1[0m
[0;32mI (1706) heap_init: Initializing. RAM available for dynamic allocation:[0m
[0;32mI (1713) heap_init: At 3FFAE6E0 len 0000F480 (61 KiB): DRAM[0m
[0;32mI (1719) heap_init: At 3FFC8940 len 000176C0 (93 KiB): DRAM[0m
[0;32mI (1725) heap_init: At 3FFE0440 len 0001FBC0 (126 KiB): D/IRAM[0m
[0;32mI (1732) heap_init: At 40078000 len 00008000 (32 KiB): IRAM[0m
[0;32mI (1738) heap_init: At 4009CC6C len 00003394 (12 KiB): IRAM[0m
[0;32mI (1744) heap_init: At 3FF80000 len 00002000 (8 KiB): RTCRAM[0m
[0;32mI (1751) esp_psram: Adding pool of 4096K of PSRAM memory to heap allocator[0m
[0;32mI (1759) spi_flash: detected chip: generic[0m
[0;32mI (1763) spi_flash: flash io: dio[0m
[0;33mW (1767) i2c: This driver is an old driver, please migrate your application code to adapt `driver/i2c_master.h`[0m
[0;32mI (1789) coexist: coex firmware version: dab85ae96[0m
[0;32mI (1790) main_task: Started on CPU0[0m
[0;32mI (1790) esp_psram: Reserving pool of 32K of internal memory for DMA/internal allocations[0m
[0;32mI (1798) main_task: Calling app_main()[0m
[0;32mI (1819) bridge_common: esp-iot-bridge version: 0.11.8[0m
I (1821) wifi:wifi driver task: 3ffbd678, prio:23, stack:6656, core=0
I (1824) wifi:wifi firmware version: 0caa81945
I (1825) wifi:wifi certification version: v7.0
I (1829) wifi:config NVS flash: enabled
I (1832) wifi:config nano formating: disabled
I (1837) wifi:Init data frame dynamic rx buffer num: 32
I (1841) wifi:Init static rx mgmt buffer num: 5
I (1845) wifi:Init management short buffer num: 32
I (1850) wifi:Init static tx buffer num: 16
I (1854) wifi:Init tx cache buffer num: 32
I (1858) wifi:Init static rx buffer size: 1600
I (1862) wifi:Init static rx buffer num: 10
I (1866) wifi:Init dynamic rx buffer num: 32
[0;32mI (1871) wifi_init: accept mbox: 6[0m
[0;32mI (1874) wifi_init: tcpip mbox: 32[0m
[0;32mI (1878) wifi_init: udp mbox: 6[0m
[0;32mI (1882) wifi_init: tcp mbox: 6[0m
[0;32mI (1885) wifi_init: tcp tx win: 5760[0m
[0;32mI (1890) wifi_init: tcp rx win: 5760[0m
[0;32mI (1894) wifi_init: tcp mss: 1440[0m
[0;32mI (1898) wifi_init: WiFi IRAM OP enabled[0m
[0;32mI (1902) wifi_init: WiFi RX IRAM OP enabled[0m
[0;32mI (1908) phy_init: phy_version 4830,54550f7,Jun 20 2024,14:22:08[0m
I (1972) wifi:mode : null
I (1975) wifi:mode : softAP (08:a6:f7:11:51:a9)
I (1976) wifi:Total power save buffer number: 8
I (1977) wifi:Init max length of beacon: 752/752
I (1979) wifi:Init max length of beacon: 752/752
[0;32mI (1986) esp_netif_lwip: DHCP server started on interface WIFI_AP_DEF with IP: 192.168.4.1[0m
Add netif ap with f4bea835(commit id)
[0;32mI (1995) bridge_common: netif list add success[0m
[0;32mI (2002) bridge_common: [WIFI_AP_DEF ][0m
[0;32mI (2006) bridge_common: Set ip info:192.168.5.1[0m
[0;32mI (2010) bridge_wifi: SoftAP IP network segment has changed, deauth all station[0m
I (2020) wifi:Disabled PMF config for SoftAP
I (2023) wifi:Total power save buffer number: 8
[0;32mI (2029) esp_netif_lwip: DHCP server started on interface WIFI_AP_DEF with IP: 192.168.5.1[0m
[0;32mI (2035) bridge_common: [WIFI_AP_DEF ]Name Server1: 114.114.114.114[0m
[0;32mI (2042) bridge_common: DHCPS Restart, deauth all station[0m
Add netif sta with f4bea835(commit id)
[0;32mI (2051) bridge_common: netif list add success[0m
I (2057) wifi:mode : sta (08:a6:f7:11:51:a8) + softAP (08:a6:f7:11:51:a9)
I (2063) wifi:enable tsf
[0;31mE (2067) NVS: Failed to read IP info from NVS[0m
I (2071) wifi:Disabled PMF config for STA
[0;32mI (2074) bridge_wifi: [esp_bridge_wifi_set_config] sta ssid: Tran Con Dev password: password[0m
[0;32mI (2084) bridge_wifi: [esp_bridge_wifi_set_config] softap ssid: ESP_Bridge_1151a9 password: 12345678[0m
I (2266) wifi:Total power save buffer number: 8
[0;32mI (2270) esp_netif_lwip: DHCP server started on interface WIFI_AP_DEF with IP: 192.168.5.1[0m
[0;32mI (2272) bridge_wifi: SoftAP config changed, deauth all station[0m
[0;32mI (2276) Mesh-Lite: esp-mesh-lite component version: 1.0.0[0m
I (2282) ESPNOW: espnow [version: 1.0] init
[0;32mI (2286) [vendor_ie]: Mesh-Lite commit id: bc9302d
 [0m
[0;32mI (2292) [vendor_ie]: Mesh ID: 77 [0m
[0;32mI (2297) [ESP_Mesh_Lite_Comm]: msg action add success [0m
[0;32mI (2303) [ESP_Mesh_Lite_Comm]: Bind Socket 54, port 6364 [0m
[0;32mI (2307) [ESP_Mesh_Lite_Comm]: Bind Socket 55, port 6363 [0m
[0;32mI (2313) [ESP_Mesh_Lite_Comm]: Bind Socket 56, port 6366 [0m
[0;32mI (2319) [ESP_Mesh_Lite_Comm]: Bind Socket 57, port 6365 [0m
[0;32mI (2326) [mesh-lite-espnow]: Start espnow task [0m
[0;32mI (2332) Mesh-Lite: Mesh-Lite connecting[0m
[0;32mI (2338) [vendor_ie]: esp_mesh_lite_wifi_scan_start return ESP_OK [0m
[0;32mI (2342) gpio: GPIO[25]| InputEn: 1| OutputEn: 0| OpenDrain: 0| Pullup: 1| Pulldown: 0| Intr:2 [0m
[0;32mI (2352) cam_hal: cam init ok[0m
[0;32mI (2356) sccb: pin_sda 26 pin_scl 27[0m
[0;32mI (2359) sccb: sccb_i2c_port=1[0m
[0;32mI (2363) gpio: GPIO[32]| InputEn: 0| OutputEn: 1| OpenDrain: 0| Pullup: 0| Pulldown: 0| Intr:0 [0m
[0;32mI (2402) camera: Detected camera at address=0x30[0m
[0;32mI (2405) camera: Detected OV2640 camera[0m
[0;32mI (2405) camera: Camera PID=0x26 VER=0x42 MIDL=0x7f MIDH=0xa2[0m
[0;32mI (2470) cam_hal: buffer_size: 32768, half_buffer_size: 4096, node_bufï¿½ets Jul 29 2019 12:21:46

rst:0x3 (SW_RESET),boot:0x13 (SPI_FAST_FLASH_BOOT)
configsip: 0, SPIWP:0xee
clk_drv:0x00,q_drv:0x00,d_drv:0x00,cs0_drv:0x00,hd_drv:0x00,wp_drv:0x00
mode:DIO, clock div:2
load:0x3fff0030,len:7168
load:0x40078000,len:15452
load:0x40080400,len:4
load:0x40080404,len:3684
entry 0x40080614
[0;32mI (169) boot: ESP-IDF v5.3-dirty 2nd stage bootloader[0m
[0;32mI (169) boot: compile time Aug 24 2024 21:55:52[0m
[0;33mW (169) boot: Unicore bootloader[0m
[0;32mI (174) boot: chip revision: v3.1[0m
[0;32mI (178) boot.esp32: SPI Speed      : 40MHz[0m
[0;32mI (183) boot.esp32: SPI Mode       : DIO[0m
[0;32mI (187) boot.esp32: SPI Flash Size : 4MB[0m
[0;32mI (192) boot: Enabling RNG early entropy source...[0m
[0;32mI (197) boot: Partition Table:[0m
[0;32mI (201) boot: ## Label            Usage          Type ST Offset   Length[0m
[0;32mI (208) boot:  0 nvs              WiFi data        01 02 00009000 00004000[0m
[0;32mI (216) boot:  1 otadata          OTA data         01 00 0000d000 00002000[0m
[0;32mI (224) boot:  2 phy_init         RF data          01 01 0000f000 00001000[0m
[0;32mI (231) boot:  3 ota_0            OTA app          00 10 00010000 001e0000[0m
[0;32mI (239) boot:  4 ota_1            OTA app          00 11 001f0000 001e0000[0m
[0;32mI (246) boot:  5 coredump         Unknown data     01 03 003d0000 00010000[0m
[0;32mI (254) boot:  6 reserved         Unknown data     01 fe 003e0000 00020000[0m
[0;32mI (261) boot: End of partition table[0m
[0;32mI (266) esp_image: segment 0: paddr=00010020 vaddr=3f400020 size=2dfd4h (188372) map[0m
[0;32mI (339) esp_image: segment 1: paddr=0003dffc vaddr=3ffbdb60 size=0201ch (  8220) load[0m
[0;32mI (342) esp_image: segment 2: paddr=00040020 vaddr=400d0020 size=c2de8h (798184) map[0m
[0;32mI (618) esp_image: segment 3: paddr=00102e10 vaddr=3ffbfb7c size=03f5ch ( 16220) load[0m
[0;32mI (624) esp_image: segment 4: paddr=00106d74 vaddr=40080000 size=1cc6ch (117868) load[0m
[0;32mI (685) boot: Loaded app from partition at offset 0x10000[0m
[0;32mI (685) boot: Disabling RNG early entropy source...[0m
[0;32mI (697) quad_psram: This chip is ESP32-D0WD[0m
[0;32mI (698) esp_psram: Found 8MB PSRAM device[0m
[0;32mI (698) esp_psram: Speed: 40MHz[0m
[0;32mI (701) esp_psram: PSRAM initialized, cache is in normal (1-core) mode.[0m
[0;33mW (709) esp_psram: Virtual address not enough for PSRAM, map as much as we can. 4MB is mapped[0m
[0;32mI (718) cpu_start: Unicore app[0m
[0;32mI (721) cpu_start: Single core mode[0m
[0;32mI (1651) esp_psram: SPI SRAM memory test OK[0m
[0;32mI (1659) cpu_start: Pro cpu start user code[0m
[0;32mI (1659) cpu_start: cpu freq: 240000000 Hz[0m
[0;32mI (1659) app_init: Application information:[0m
[0;32mI (1662) app_init: Project name:     mesh_local_control[0m
[0;32mI (1668) app_init: App version:      f4bea835-dirty[0m
[0;32mI (1674) app_init: Compile time:     Aug 24 2024 21:55:48[0m
[0;32mI (1680) app_init: ELF file SHA256:  8524d1c8d...[0m
[0;32mI (1685) app_init: ESP-IDF:          v5.3-dirty[0m
[0;32mI (1691) efuse_init: Min chip rev:     v0.0[0m
[0;32mI (1695) efuse_init: Max chip rev:     v3.99 [0m
[0;32mI (1700) efuse_init: Chip rev:         v3.1[0m
[0;32mI (1706) heap_init: Initializing. RAM available for dynamic allocation:[0m
[0;32mI (1713) heap_init: At 3FFAE6E0 len 0000F480 (61 KiB): DRAM[0m
[0;32mI (1719) heap_init: At 3FFC8940 len 000176C0 (93 KiB): DRAM[0m
[0;32mI (1725) heap_init: At 3FFE0440 len 0001FBC0 (126 KiB): D/IRAM[0m
[0;32mI (1732) heap_init: At 40078000 len 00008000 (32 KiB): IRAM[0m
[0;32mI (1738) heap_init: At 4009CC6C len 00003394 (12 KiB): IRAM[0m
[0;32mI (1744) heap_init: At 3FF80000 len 00002000 (8 KiB): RTCRAM[0m
[0;32mI (1751) esp_psram: Adding pool of 4096K of PSRAM memory to heap allocator[0m
[0;32mI (1759) spi_flash: detected chip: generic[0m
[0;32mI (1763) spi_flash: flash io: dio[0m
[0;33mW (1767) i2c: This driver is an old driver, please migrate your application code to adapt `driver/i2c_master.h`[0m
[0;32mI (1789) coexist: coex firmware version: dab85ae96[0m
[0;32mI (1790) main_task: Started on CPU0[0m
[0;32mI (1790) esp_psram: Reserving pool of 32K of internal memory for DMA/internal allocations[0m
[0;32mI (1798) main_task: Calling app_main()[0m
[0;32mI (1819) bridge_common: esp-iot-bridge version: 0.11.8[0m
I (1821) wifi:wifi driver task: 3ffbd678, prio:23, stack:6656, core=0
I (1824) wifi:wifi firmware version: 0caa81945
I (1825) wifi:wifi certification version: v7.0
I (1829) wifi:config NVS flash: enabled
I (1832) wifi:config nano formating: disabled
I (1837) wifi:Init data frame dynamic rx buffer num: 32
I (1841) wifi:Init static rx mgmt buffer num: 5
I (1845) wifi:Init management short buffer num: 32
I (1850) wifi:Init static tx buffer num: 16
I (1854) wifi:Init tx cache buffer num: 32
I (1858) wifi:Init static rx buffer size: 1600
I (1862) wifi:Init static rx buffer num: 10
I (1866) wifi:Init dynamic rx buffer num: 32
[0;32mI (1871) wifi_init: accept mbox: 6[0m
[0;32mI (1874) wifi_init: tcpip mbox: 32[0m
[0;32mI (1878) wifi_init: udp mbox: 6[0m
[0;32mI (1882) wifi_init: tcp mbox: 6[0m
[0;32mI (1885) wifi_init: tcp tx win: 5760[0m
[0;32mI (1890) wifi_init: tcp rx win: 5760[0m
[0;32mI (1894) wifi_init: tcp mss: 1440[0m
[0;32mI (1898) wifi_init: WiFi IRAM OP enabled[0m
[0;32mI (1902) wifi_init: WiFi RX IRAM OP enabled[0m
[0;32mI (1908) phy_init: phy_version 4830,54550f7,Jun 20 2024,14:22:08[0m
I (1971) wifi:mode : null
I (1973) wifi:mode : softAP (08:a6:f7:11:51:a9)
I (1975) wifi:Total power save buffer number: 8
I (1975) wifi:Init max length of beacon: 752/752
I (1978) wifi:Init max length of beacon: 752/752
[0;32mI (1985) esp_netif_lwip: DHCP server started on interface WIFI_AP_DEF with IP: 192.168.4.1[0m
Add netif ap with f4bea835(commit id)
[0;32mI (1994) bridge_common: netif list add success[0m
[0;32mI (2000) bridge_common: [WIFI_AP_DEF ][0m
[0;32mI (2005) bridge_common: Set ip info:192.168.5.1[0m
[0;32mI (2009) bridge_wifi: SoftAP IP network segment has changed, deauth all station[0m
I (2019) wifi:Disabled PMF config for SoftAP
I (2022) wifi:Total power save buffer number: 8
[0;32mI (2028) esp_netif_lwip: DHCP server started on interface WIFI_AP_DEF with IP: 192.168.5.1[0m
[0;32mI (2034) bridge_common: [WIFI_AP_DEF ]Name Server1: 114.114.114.114[0m
[0;32mI (2041) bridge_common: DHCPS Restart, deauth all station[0m
Add netif sta with f4bea835(commit id)
[0;32mI (2050) bridge_common: netif list add success[0m
I (2056) wifi:mode : sta (08:a6:f7:11:51:a8) + softAP (08:a6:f7:11:51:a9)
I (2062) wifi:enable tsf
[0;31mE (2066) NVS: Failed to read IP info from NVS[0m
I (2069) wifi:Disabled PMF config for STA
[0;32mI (2073) bridge_wifi: [esp_bridge_wifi_set_config] sta ssid: Tran Con Dev password: password[0m
[0;32mI (2082) bridge_wifi: [esp_bridge_wifi_set_config] softap ssid: ESP_Bridge_1151a9 password: 12345678[0m
I (2265) wifi:Total power save buffer number: 8
[0;32mI (2269) esp_netif_lwip: DHCP server started on interface WIFI_AP_DEF with IP: 192.168.5.1[0m
[0;32mI (2270) bridge_wifi: SoftAP config changed, deauth all station[0m
[0;32mI (2274) Mesh-Lite: esp-mesh-lite component version: 1.0.0[0m
I (2281) ESPNOW: espnow [version: 1.0] init
[0;32mI (2284) [vendor_ie]: Mesh-Lite commit id: bc9302d
 [0m
[0;32mI (2291) [vendor_ie]: Mesh ID: 77 [0m
[0;32mI (2296) [ESP_Mesh_Lite_Comm]: msg action add success [0m
[0;32mI (2302) [ESP_Mesh_Lite_Comm]: Bind Socket 54, port 6364 [0m
[0;32mI (2306) [ESP_Mesh_Lite_Comm]: Bind Socket 55, port 6363 [0m
[0;32mI (2312) [ESP_Mesh_Lite_Comm]: Bind Socket 56, port 6366 [0m
[0;32mI (2318) [ESP_Mesh_Lite_Comm]: Bind Socket 57, port 6365 [0m
[0;32mI (2325) [mesh-lite-espnow]: Start espnow task [0m
[0;32mI (2331) Mesh-Lite: Mesh-Lite connecting[0m
[0;32mI (2337) [vendor_ie]: esp_mesh_lite_wifi_scan_start return ESP_OK [0m
[0;32mI (2341) gpio: GPIO[25]| InputEn: 1| OutputEn: 0| OpenDrain: 0| Pullup: 1| Pulldown: 0| Intr:2 [0m
[0;32mI (2351) cam_hal: cam init ok[0m
[0;32mI (2354) sccb: pin_sda 26 pin_scl 27[0m
[0;32mI (2358) sccb: sccb_i2c_port=1[0m
[0;32mI (2363) gpio: GPIO[32]| InputEn: 0| OutputEn: 1| OpenDrain: 0| Pullup: 0| Pulldown: 0| Intr:0 [0m
[0;32mI (2401) camera: Detected camera at address=0x30[0m
[0;32mI (2404) camera: Detected OV2640 camera[0m
[0;32mI (2404) camera: Camera PID=0x26 VER=0x42 MIDL=0x7f MIDH=0xa2[0m
[0;32mI (2469) cam_hal: buffer_size: 32768, half_buffer_size: 4096, node_ï¿½ets Jul 29 2019 12:21:46

rst:0x3 (SW_RESET),boot:0x13 (SPI_FAST_FLASH_BOOT)
configsip: 0, SPIWP:0xee
clk_drv:0x00,q_drv:0x00,d_drv:0x00,cs0_drv:0x00,hd_drv:0x00,wp_drv:0x00
mode:DIO, clock div:2
load:0x3fff0030,len:7168
load:0x40078000,len:15452
load:0x40080400,len:4
load:0x40080404,len:3684
entry 0x40080614
[0;32mI (169) boot: ESP-IDF v5.3-dirty 2nd stage bootloader[0m
[0;32mI (169) boot: compile time Aug 24 2024 21:55:52[0m
[0;33mW (169) boot: Unicore bootloader[0m
[0;32mI (174) boot: chip revision: v3.1[0m
[0;32mI (178) boot.esp32: SPI Speed      : 40MHz[0m
[0;32mI (183) boot.esp32: SPI Mode       : DIO[0m
[0;32mI (187) boot.esp32: SPI Flash Size : 4MB[0m
[0;32mI (192) boot: Enabling RNG early entropy source...[0m
[0;32mI (197) boot: Partition Table:[0m
[0;32mI (201) boot: ## Label            Usage          Type ST Offset   Length[0m
[0;32mI (208) boot:  0 nvs              WiFi data        01 02 00009000 00004000[0m
[0;32mI (216) boot:  1 otadata          OTA data         01 00 0000d000 00002000[0m
[0;32mI (224) boot:  2 phy_init         RF data          01 01 0000f000 00001000[0m
[0;32mI (231) boot:  3 ota_0            OTA app          00 10 00010000 001e0000[0m
[0;32mI (239) boot:  4 ota_1            OTA app          00 11 001f0000 001e0000[0m
[0;32mI (246) boot:  5 coredump         Unknown data     01 03 003d0000 00010000[0m
[0;32mI (254) boot:  6 reserved         Unknown data     01 fe 003e0000 00020000[0m
[0;32mI (261) boot: End of partition table[0m
[0;32mI (266) esp_image: segment 0: paddr=00010020 vaddr=3f400020 size=2dfd4h (188372) map[0m
[0;32mI (339) esp_image: segment 1: paddr=0003dffc vaddr=3ffbdb60 size=0201ch (  8220) load[0m
[0;32mI (342) esp_image: segment 2: paddr=00040020 vaddr=400d0020 size=c2de8h (798184) map[0m
[0;32mI (618) esp_image: segment 3: paddr=00102e10 vaddr=3ffbfb7c size=03f5ch ( 16220) load[0m
[0;32mI (624) esp_image: segment 4: paddr=00106d74 vaddr=40080000 size=1cc6ch (117868) load[0m
[0;32mI (685) boot: Loaded app from partition at offset 0x10000[0m
[0;32mI (685) boot: Disabling RNG early entropy source...[0m
[0;32mI (697) quad_psram: This chip is ESP32-D0WD[0m
[0;32mI (698) esp_psram: Found 8MB PSRAM device[0m
[0;32mI (698) esp_psram: Speed: 40MHz[0m
[0;32mI (701) esp_psram: PSRAM initialized, cache is in normal (1-core) mode.[0m
[0;33mW (709) esp_psram: Virtual address not enough for PSRAM, map as much as we can. 4MB is mapped[0m
[0;32mI (718) cpu_start: Unicore app[0m
[0;32mI (722) cpu_start: Single core mode[0m
[0;32mI (1651) esp_psram: SPI SRAM memory test OK[0m
[0;32mI (1659) cpu_start: Pro cpu start user code[0m
[0;32mI (1659) cpu_start: cpu freq: 240000000 Hz[0m
[0;32mI (1659) app_init: Application information:[0m
[0;32mI (1662) app_init: Project name:     mesh_local_control[0m
[0;32mI (1668) app_init: App version:      f4bea835-dirty[0m
[0;32mI (1674) app_init: Compile time:     Aug 24 2024 21:55:48[0m
[0;32mI (1680) app_init: ELF file SHA256:  8524d1c8d...[0m
[0;32mI (1685) app_init: ESP-IDF:          v5.3-dirty[0m
[0;32mI (1691) efuse_init: Min chip rev:     v0.0[0m
[0;32mI (1695) efuse_init: Max chip rev:     v3.99 [0m
[0;32mI (1700) efuse_init: Chip rev:         v3.1[0m
[0;32mI (1706) heap_init: Initializing. RAM available for dynamic allocation:[0m
[0;32mI (1713) heap_init: At 3FFAE6E0 len 0000F480 (61 KiB): DRAM[0m
[0;32mI (1719) heap_init: At 3FFC8940 len 000176C0 (93 KiB): DRAM[0m
[0;32mI (1725) heap_init: At 3FFE0440 len 0001FBC0 (126 KiB): D/IRAM[0m
[0;32mI (1732) heap_init: At 40078000 len 00008000 (32 KiB): IRAM[0m
[0;32mI (1738) heap_init: At 4009CC6C len 00003394 (12 KiB): IRAM[0m
[0;32mI (1744) heap_init: At 3FF80000 len 00002000 (8 KiB): RTCRAM[0m
[0;32mI (1751) esp_psram: Adding pool of 4096K of PSRAM memory to heap allocator[0m
[0;32mI (1759) spi_flash: detected chip: generic[0m
[0;32mI (1763) spi_flash: flash io: dio[0m
[0;33mW (1767) i2c: This driver is an old driver, please migrate your application code to adapt `driver/i2c_master.h`[0m
[0;32mI (1789) coexist: coex firmware version: dab85ae96[0m
[0;32mI (1790) main_task: Started on CPU0[0m
[0;32mI (1790) esp_psram: Reserving pool of 32K of internal memory for DMA/internal allocations[0m
[0;32mI (1798) main_task: Calling app_main()[0m
[0;32mI (1819) bridge_common: esp-iot-bridge version: 0.11.8[0m
I (1821) wifi:wifi driver task: 3ffbd678, prio:23, stack:6656, core=0
I (1824) wifi:wifi firmware version: 0caa81945
I (1825) wifi:wifi certification version: v7.0
I (1829) wifi:config NVS flash: enabled
I (1832) wifi:config nano formating: disabled
I (1837) wifi:Init data frame dynamic rx buffer num: 32
I (1841) wifi:Init static rx mgmt buffer num: 5
I (1845) wifi:Init management short buffer num: 32
I (1850) wifi:Init static tx buffer num: 16
I (1854) wifi:Init tx cache buffer num: 32
I (1858) wifi:Init static rx buffer size: 1600
I (1862) wifi:Init static rx buffer num: 10
I (1866) wifi:Init dynamic rx buffer num: 32
[0;32mI (1871) wifi_init: accept mbox: 6[0m
[0;32mI (1874) wifi_init: tcpip mbox: 32[0m
[0;32mI (1878) wifi_init: udp mbox: 6[0m
[0;32mI (1882) wifi_init: tcp mbox: 6[0m
[0;32mI (1885) wifi_init: tcp tx win: 5760[0m
[0;32mI (1890) wifi_init: tcp rx win: 5760[0m
[0;32mI (1894) wifi_init: tcp mss: 1440[0m
[0;32mI (1898) wifi_init: WiFi IRAM OP enabled[0m
[0;32mI (1902) wifi_init: WiFi RX IRAM OP enabled[0m
[0;32mI (1908) phy_init: phy_version 4830,54550f7,Jun 20 2024,14:22:08[0m
I (1970) wifi:mode : null
I (1973) wifi:mode : softAP (08:a6:f7:11:51:a9)
I (1975) wifi:Total power save buffer number: 8
I (1975) wifi:Init max length of beacon: 752/752
I (1978) wifi:Init max length of beacon: 752/752
[0;32mI (1984) esp_netif_lwip: DHCP server started on interface WIFI_AP_DEF with IP: 192.168.4.1[0m
Add netif ap with f4bea835(commit id)
[0;32mI (1994) bridge_common: netif list add success[0m
[0;32mI (2000) bridge_common: [WIFI_AP_DEF ][0m
[0;32mI (2005) bridge_common: Set ip info:192.168.5.1[0m
[0;32mI (2009) bridge_wifi: SoftAP IP network segment has changed, deauth all station[0m
I (2019) wifi:Disabled PMF config for SoftAP
I (2021) wifi:Total power save buffer number: 8
[0;32mI (2028) esp_netif_lwip: DHCP server started on interface WIFI_AP_DEF with IP: 192.168.5.1[0m
[0;32mI (2034) bridge_common: [WIFI_AP_DEF ]Name Server1: 114.114.114.114[0m
[0;32mI (2041) bridge_common: DHCPS Restart, deauth all station[0m
Add netif sta with f4bea835(commit id)
[0;32mI (2050) bridge_common: netif list add success[0m
I (2056) wifi:mode : sta (08:a6:f7:11:51:a8) + softAP (08:a6:f7:11:51:a9)
I (2062) wifi:enable tsf
[0;31mE (2066) NVS: Failed to read IP info from NVS[0m
I (2069) wifi:Disabled PMF config for STA
[0;32mI (2073) bridge_wifi: [esp_bridge_wifi_set_config] sta ssid: Tran Con Dev password: password[0m
[0;32mI (2082) bridge_wifi: [esp_bridge_wifi_set_config] softap ssid: ESP_Bridge_1151a9 password: 12345678[0m
I (2265) wifi:Total power save buffer number: 8
[0;32mI (2269) esp_netif_lwip: DHCP server started on interface WIFI_AP_DEF with IP: 192.168.5.1[0m
[0;32mI (2270) bridge_wifi: SoftAP config changed, deauth all station[0m
[0;32mI (2274) Mesh-Lite: esp-mesh-lite component version: 1.0.0[0m
I (2281) ESPNOW: espnow [version: 1.0] init
[0;32mI (2284) [vendor_ie]: Mesh-Lite commit id: bc9302d
 [0m
[0;32mI (2291) [vendor_ie]: Mesh ID: 77 [0m
[0;32mI (2296) [ESP_Mesh_Lite_Comm]: msg action add success [0m
[0;32mI (2302) [ESP_Mesh_Lite_Comm]: Bind Socket 54, port 6364 [0m
[0;32mI (2306) [ESP_Mesh_Lite_Comm]: Bind Socket 55, port 6363 [0m
[0;32mI (2312) [ESP_Mesh_Lite_Comm]: Bind Socket 56, port 6366 [0m
[0;32mI (2318) [ESP_Mesh_Lite_Comm]: Bind Socket 57, port 6365 [0m
[0;32mI (2325) [mesh-lite-espnow]: Start espnow task [0m
[0;32mI (2330) Mesh-Lite: Mesh-Lite connecting[0m
[0;32mI (2337) [vendor_ie]: esp_mesh_lite_wifi_scan_start return ESP_OK [0m
[0;32mI (2341) gpio: GPIO[25]| InputEn: 1| OutputEn: 0| OpenDrain: 0| Pullup: 1| Pulldown: 0| Intr:2 [0m
[0;32mI (2351) cam_hal: cam init ok[0m
[0;32mI (2354) sccb: pin_sda 26 pin_scl 27[0m
[0;32mI (2358) sccb: sccb_i2c_port=1[0m
[0;32mI (2362) gpio: GPIO[32]| InputEn: 0| OutputEn: 1| OpenDrain: 0| Pullup: 0| Pulldown: 0| Intr:0 [0m
[0;32mI (2401) camera: Detected camera at address=0x30[0m
[0;32mI (2404) camera: Detected OV2640 camera[0m
[0;32mI (2404) camera: Camera PID=0x26 VER=0x42 MIDL=0x7f MIDH=0xa2[0m
[0;32mI (2469) cam_hal: buffer_size: 32768, half_buffer_size: 4096, node_bï¿½ets Jul 29 2019 12:21:46

rst:0x3 (SW_RESET),boot:0x13 (SPI_FAST_FLASH_BOOT)
configsip: 0, SPIWP:0xee
clk_drv:0x00,q_drv:0x00,d_drv:0x00,cs0_drv:0x00,hd_drv:0x00,wp_drv:0x00
mode:DIO, clock div:2
load:0x3fff0030,len:7168
load:0x40078000,len:15452
load:0x40080400,len:4
load:0x40080404,len:3684
entry 0x40080614
[0;32mI (169) boot: ESP-IDF v5.3-dirty 2nd stage bootloader[0m
[0;32mI (169) boot: compile time Aug 24 2024 21:55:52[0m
[0;33mW (169) boot: Unicore bootloader[0m
[0;32mI (174) boot: chip revision: v3.1[0m
[0;32mI (178) boot.esp32: SPI Speed      : 40MHz[0m
[0;32mI (183) boot.esp32: SPI Mode       : DIO[0m
[0;32mI (187) boot.esp32: SPI Flash Size : 4MB[0m
[0;32mI (192) boot: Enabling RNG early entropy source...[0m
[0;32mI (197) boot: Partition Table:[0m
[0;32mI (201) boot: ## Label            Usage          Type ST Offset   Length[0m
[0;32mI (208) boot:  0 nvs              WiFi data        01 02 00009000 00004000[0m
[0;32mI (216) boot:  1 otadata          OTA data         01 00 0000d000 00002000[0m
[0;32mI (224) boot:  2 phy_init         RF data          01 01 0000f000 00001000[0m
[0;32mI (231) boot:  3 ota_0            OTA app          00 10 00010000 001e0000[0m
[0;32mI (239) boot:  4 ota_1            OTA app          00 11 001f0000 001e0000[0m
[0;32mI (246) boot:  5 coredump         Unknown data     01 03 003d0000 00010000[0m
[0;32mI (254) boot:  6 reserved         Unknown data     01 fe 003e0000 00020000[0m
[0;32mI (261) boot: End of partition table[0m
[0;32mI (266) esp_image: segment 0: paddr=00010020 vaddr=3f400020 size=2dfd4h (188372) map[0m
[0;32mI (339) esp_image: segment 1: paddr=0003dffc vaddr=3ffbdb60 size=0201ch (  8220) load[0m
[0;32mI (342) esp_image: segment 2: paddr=00040020 vaddr=400d0020 size=c2de8h (798184) map[0m
[0;32mI (618) esp_image: segment 3: paddr=00102e10 vaddr=3ffbfb7c size=03f5ch ( 16220) load[0m
[0;32mI (624) esp_image: segment 4: paddr=00106d74 vaddr=40080000 size=1cc6ch (117868) load[0m
[0;32mI (685) boot: Loaded app from partition at offset 0x10000[0m
[0;32mI (685) boot: Disabling RNG early entropy source...[0m
[0;32mI (697) quad_psram: This chip is ESP32-D0WD[0m
[0;32mI (698) esp_psram: Found 8MB PSRAM device[0m
[0;32mI (698) esp_psram: Speed: 40MHz[0m
[0;32mI (701) esp_psram: PSRAM initialized, cache is in normal (1-core) mode.[0m
[0;33mW (709) esp_psram: Virtual address not enough for PSRAM, map as much as we can. 4MB is mapped[0m
[0;32mI (718) cpu_start: Unicore app[0m
[0;32mI (721) cpu_start: Single core mode[0m
[0;32mI (1651) esp_psram: SPI SRAM memory test OK[0m
[0;32mI (1659) cpu_start: Pro cpu start user code[0m
[0;32mI (1659) cpu_start: cpu freq: 240000000 Hz[0m
[0;32mI (1659) app_init: Application information:[0m
[0;32mI (1662) app_init: Project name:     mesh_local_control[0m
[0;32mI (1668) app_init: App version:      f4bea835-dirty[0m
[0;32mI (1674) app_init: Compile time:     Aug 24 2024 21:55:48[0m
[0;32mI (1680) app_init: ELF file SHA256:  8524d1c8d...[0m
[0;32mI (1685) app_init: ESP-IDF:          v5.3-dirty[0m
[0;32mI (1690) efuse_init: Min chip rev:     v0.0[0m
[0;32mI (1695) efuse_init: Max chip rev:     v3.99 [0m
[0;32mI (1700) efuse_init: Chip rev:         v3.1[0m
[0;32mI (1706) heap_init: Initializing. RAM available for dynamic allocation:[0m
[0;32mI (1713) heap_init: At 3FFAE6E0 len 0000F480 (61 KiB): DRAM[0m
[0;32mI (1719) heap_init: At 3FFC8940 len 000176C0 (93 KiB): DRAM[0m
[0;32mI (1725) heap_init: At 3FFE0440 len 0001FBC0 (126 KiB): D/IRAM[0m
[0;32mI (1732) heap_init: At 40078000 len 00008000 (32 KiB): IRAM[0m
[0;32mI (1738) heap_init: At 4009CC6C len 00003394 (12 KiB): IRAM[0m
[0;32mI (1744) heap_init: At 3FF80000 len 00002000 (8 KiB): RTCRAM[0m
[0;32mI (1751) esp_psram: Adding pool of 4096K of PSRAM memory to heap allocator[0m
[0;32mI (1759) spi_flash: detected chip: generic[0m
[0;32mI (1763) spi_flash: flash io: dio[0m
[0;33mW (1767) i2c: This driver is an old driver, please migrate your application code to adapt `driver/i2c_master.h`[0m
[0;32mI (1789) coexist: coex firmware version: dab85ae96[0m
[0;32mI (1790) main_task: Started on CPU0[0m
[0;32mI (1790) esp_psram: Reserving pool of 32K of internal memory for DMA/internal allocations[0m
[0;32mI (1798) main_task: Calling app_main()[0m
[0;32mI (1819) bridge_common: esp-iot-bridge version: 0.11.8[0m
I (1821) wifi:wifi driver task: 3ffbd678, prio:23, stack:6656, core=0
I (1824) wifi:wifi firmware version: 0caa81945
I (1825) wifi:wifi certification version: v7.0
I (1829) wifi:config NVS flash: enabled
I (1832) wifi:config nano formating: disabled
I (1837) wifi:Init data frame dynamic rx buffer num: 32
I (1841) wifi:Init static rx mgmt buffer num: 5
I (1845) wifi:Init management short buffer num: 32
I (1850) wifi:Init static tx buffer num: 16
I (1854) wifi:Init tx cache buffer num: 32
I (1858) wifi:Init static rx buffer size: 1600
I (1862) wifi:Init static rx buffer num: 10
I (1866) wifi:Init dynamic rx buffer num: 32
[0;32mI (1871) wifi_init: accept mbox: 6[0m
[0;32mI (1874) wifi_init: tcpip mbox: 32[0m
[0;32mI (1878) wifi_init: udp mbox: 6[0m
[0;32mI (1882) wifi_init: tcp mbox: 6[0m
[0;32mI (1885) wifi_init: tcp tx win: 5760[0m
[0;32mI (1890) wifi_init: tcp rx win: 5760[0m
[0;32mI (1894) wifi_init: tcp mss: 1440[0m
[0;32mI (1898) wifi_init: WiFi IRAM OP enabled[0m
[0;32mI (1902) wifi_init: WiFi RX IRAM OP enabled[0m
[0;32mI (1908) phy_init: phy_version 4830,54550f7,Jun 20 2024,14:22:08[0m
I (1970) wifi:mode : null
I (1973) wifi:mode : softAP (08:a6:f7:11:51:a9)
I (1974) wifi:Total power save buffer number: 8
I (1975) wifi:Init max length of beacon: 752/752
I (1977) wifi:Init max length of beacon: 752/752
[0;32mI (1984) esp_netif_lwip: DHCP server started on interface WIFI_AP_DEF with IP: 192.168.4.1[0m
Add netif ap with f4bea835(commit id)
[0;32mI (1993) bridge_common: netif list add success[0m
[0;32mI (2000) bridge_common: [WIFI_AP_DEF ][0m
[0;32mI (2004) bridge_common: Set ip info:192.168.5.1[0m
[0;32mI (2008) bridge_wifi: SoftAP IP network segment has changed, deauth all station[0m
I (2018) wifi:Disabled PMF config for SoftAP
I (2021) wifi:Total power save buffer number: 8
[0;32mI (2027) esp_netif_lwip: DHCP server started on interface WIFI_AP_DEF with IP: 192.168.5.1[0m
[0;32mI (2033) bridge_common: [WIFI_AP_DEF ]Name Server1: 114.114.114.114[0m
[0;32mI (2040) bridge_common: DHCPS Restart, deauth all station[0m
Add netif sta with f4bea835(commit id)
[0;32mI (2049) bridge_common: netif list add success[0m
I (2055) wifi:mode : sta (08:a6:f7:11:51:a8) + softAP (08:a6:f7:11:51:a9)
I (2061) wifi:enable tsf
[0;31mE (2065) NVS: Failed to read IP info from NVS[0m
I (2069) wifi:Disabled PMF config for STA
[0;32mI (2072) bridge_wifi: [esp_bridge_wifi_set_config] sta ssid: Tran Con Dev password: password[0m
[0;32mI (2082) bridge_wifi: [esp_bridge_wifi_set_config] softap ssid: ESP_Bridge_1151a9 password: 12345678[0m
I (2264) wifi:Total power save buffer number: 8
[0;32mI (2268) esp_netif_lwip: DHCP server started on interface WIFI_AP_DEF with IP: 192.168.5.1[0m
[0;32mI (2270) bridge_wifi: SoftAP config changed, deauth all station[0m
[0;32mI (2274) Mesh-Lite: esp-mesh-lite component version: 1.0.0[0m
I (2280) ESPNOW: espnow [version: 1.0] init
[0;32mI (2284) [vendor_ie]: Mesh-Lite commit id: bc9302d
 [0m
[0;32mI (2290) [vendor_ie]: Mesh ID: 77 [0m
[0;32mI (2295) [ESP_Mesh_Lite_Comm]: msg action add success [0m
[0;32mI (2301) [ESP_Mesh_Lite_Comm]: Bind Socket 54, port 6364 [0m
[0;32mI (2305) [ESP_Mesh_Lite_Comm]: Bind Socket 55, port 6363 [0m
[0;32mI (2311) [ESP_Mesh_Lite_Comm]: Bind Socket 56, port 6366 [0m
[0;32mI (2317) [ESP_Mesh_Lite_Comm]: Bind Socket 57, port 6365 [0m
[0;32mI (2324) [mesh-lite-espnow]: Start espnow task [0m
[0;32mI (2330) Mesh-Lite: Mesh-Lite connecting[0m
[0;32mI (2336) [vendor_ie]: esp_mesh_lite_wifi_scan_start return ESP_OK [0m
[0;32mI (2340) gpio: GPIO[25]| InputEn: 1| OutputEn: 0| OpenDrain: 0| Pullup: 1| Pulldown: 0| Intr:2 [0m
[0;32mI (2350) cam_hal: cam init ok[0m
[0;32mI (2353) sccb: pin_sda 26 pin_scl 27[0m
[0;32mI (2357) sccb: sccb_i2c_port=1[0m
[0;32mI (2361) gpio: GPIO[32]| InputEn: 0| OutputEn: 1| OpenDrain: 0| Pullup: 0| Pulldown: 0| Intr:0 [0m
[0;32mI (2400) camera: Detected camera at address=0x30[0m
[0;32mI (2403) camera: Detected OV2640 camera[0m
[0;32mI (2403) camera: Camera PID=0x26 VER=0x42 MIDL=0x7f MIDH=0xa2[0m
[0;32mI (2468) cam_hal: buffer_size: 32768, half_buffer_size: 4096, node_buffer_ï¿½ets Jul 29 2019 12:21:46

rst:0x3 (SW_RESET),boot:0x13 (SPI_FAST_FLASH_BOOT)
configsip: 0, SPIWP:0xee
clk_drv:0x00,q_drv:0x00,d_drv:0x00,cs0_drv:0x00,hd_drv:0x00,wp_drv:0x00
mode:DIO, clock div:2
load:0x3fff0030,len:7168
load:0x40078000,len:15452
load:0x40080400,len:4
load:0x40080404,len:3684
entry 0x40080614
[0;32mI (169) boot: ESP-IDF v5.3-dirty 2nd stage bootloader[0m
[0;32mI (169) boot: compile time Aug 24 2024 21:55:52[0m
[0;33mW (169) boot: Unicore bootloader[0m
[0;32mI (174) boot: chip revision: v3.1[0m
[0;32mI (178) boot.esp32: SPI Speed      : 40MHz[0m
[0;32mI (183) boot.esp32: SPI Mode       : DIO[0m
[0;32mI (187) boot.esp32: SPI Flash Size : 4MB[0m
[0;32mI (192) boot: Enabling RNG early entropy source...[0m
[0;32mI (197) boot: Partition Table:[0m
[0;32mI (201) boot: ## Label            Usage          Type ST Offset   Length[0m
[0;32mI (208) boot:  0 nvs              WiFi data        01 02 00009000 00004000[0m
[0;32mI (216) boot:  1 otadata          OTA data         01 00 0000d000 00002000[0m
[0;32mI (224) boot:  2 phy_init         RF data          01 01 0000f000 00001000[0m
[0;32mI (231) boot:  3 ota_0            OTA app          00 10 00010000 001e0000[0m
[0;32mI (239) boot:  4 ota_1            OTA app          00 11 001f0000 001e0000[0m
[0;32mI (246) boot:  5 coredump         Unknown data     01 03 003d0000 00010000[0m
[0;32mI (254) boot:  6 reserved         Unknown data     01 fe 003e0000 00020000[0m
[0;32mI (261) boot: End of partition table[0m
[0;32mI (266) esp_image: segment 0: paddr=00010020 vaddr=3f400020 size=2dfd4h (188372) map[0m
[0;32mI (339) esp_image: segment 1: paddr=0003dffc vaddr=3ffbdb60 size=0201ch (  8220) load[0m
[0;32mI (342) esp_image: segment 2: paddr=00040020 vaddr=400d0020 size=c2de8h (798184) map[0m
[0;32mI (618) esp_image: segment 3: paddr=00102e10 vaddr=3ffbfb7c size=03f5ch ( 16220) load[0m
[0;32mI (624) esp_image: segment 4: paddr=00106d74 vaddr=40080000 size=1cc6ch (117868) load[0m
[0;32mI (685) boot: Loaded app from partition at offset 0x10000[0m
[0;32mI (685) boot: Disabling RNG early entropy source...[0m
[0;32mI (697) quad_psram: This chip is ESP32-D0WD[0m
[0;32mI (698) esp_psram: Found 8MB PSRAM device[0m
[0;32mI (698) esp_psram: Speed: 40MHz[0m
[0;32mI (701) esp_psram: PSRAM initialized, cache is in normal (1-core) mode.[0m
[0;33mW (709) esp_psram: Virtual address not enough for PSRAM, map as much as we can. 4MB is mapped[0m
[0;32mI (718) cpu_start: Unicore app[0m
[0;32mI (721) cpu_start: Single core mode[0m
[0;32mI (1651) esp_psram: SPI SRAM memory test OK[0m
[0;32mI (1659) cpu_start: Pro cpu start user code[0m
[0;32mI (1659) cpu_start: cpu freq: 240000000 Hz[0m
[0;32mI (1659) app_init: Application information:[0m
[0;32mI (1662) app_init: Project name:     mesh_local_control[0m
[0;32mI (1668) app_init: App version:      f4bea835-dirty[0m
[0;32mI (1674) app_init: Compile time:     Aug 24 2024 21:55:48[0m
[0;32mI (1680) app_init: ELF file SHA256:  8524d1c8d...[0m
[0;32mI (1685) app_init: ESP-IDF:          v5.3-dirty[0m
[0;32mI (1691) efuse_init: Min chip rev:     v0.0[0m
[0;32mI (1695) efuse_init: Max chip rev:     v3.99 [0m
[0;32mI (1700) efuse_init: Chip rev:         v3.1[0m
[0;32mI (1706) heap_init: Initializing. RAM available for dynamic allocation:[0m
[0;32mI (1713) heap_init: At 3FFAE6E0 len 0000F480 (61 KiB): DRAM[0m
[0;32mI (1719) heap_init: At 3FFC8940 len 000176C0 (93 KiB): DRAM[0m
[0;32mI (1725) heap_init: At 3FFE0440 len 0001FBC0 (126 KiB): D/IRAM[0m
[0;32mI (1732) heap_init: At 40078000 len 00008000 (32 KiB): IRAM[0m
[0;32mI (1738) heap_init: At 4009CC6C len 00003394 (12 KiB): IRAM[0m
[0;32mI (1744) heap_init: At 3FF80000 len 00002000 (8 KiB): RTCRAM[0m
[0;32mI (1751) esp_psram: Adding pool of 4096K of PSRAM memory to heap allocator[0m
[0;32mI (1759) spi_flash: detected chip: generic[0m
[0;32mI (1763) spi_flash: flash io: dio[0m
[0;33mW (1767) i2c: This driver is an old driver, please migrate your application code to adapt `driver/i2c_master.h`[0m
[0;32mI (1789) coexist: coex firmware version: dab85ae96[0m
[0;32mI (1790) main_task: Started on CPU0[0m
[0;32mI (1790) esp_psram: Reserving pool of 32K of internal memory for DMA/internal allocations[0m
[0;32mI (1798) main_task: Calling app_main()[0m
[0;32mI (1819) bridge_common: esp-iot-bridge version: 0.11.8[0m
I (1821) wifi:wifi driver task: 3ffbd678, prio:23, stack:6656, core=0
I (1824) wifi:wifi firmware version: 0caa81945
I (1825) wifi:wifi certification version: v7.0
I (1829) wifi:config NVS flash: enabled
I (1832) wifi:config nano formating: disabled
I (1837) wifi:Init data frame dynamic rx buffer num: 32
I (1841) wifi:Init static rx mgmt buffer num: 5
I (1845) wifi:Init management short buffer num: 32
I (1850) wifi:Init static tx buffer num: 16
I (1854) wifi:Init tx cache buffer num: 32
I (1858) wifi:Init static rx buffer size: 1600
I (1862) wifi:Init static rx buffer num: 10
I (1866) wifi:Init dynamic rx buffer num: 32
[0;32mI (1871) wifi_init: accept mbox: 6[0m
[0;32mI (1874) wifi_init: tcpip mbox: 32[0m
[0;32mI (1878) wifi_init: udp mbox: 6[0m
[0;32mI (1882) wifi_init: tcp mbox: 6[0m
[0;32mI (1885) wifi_init: tcp tx win: 5760[0m
[0;32mI (1890) wifi_init: tcp rx win: 5760[0m
[0;32mI (1894) wifi_init: tcp mss: 1440[0m
[0;32mI (1898) wifi_init: WiFi IRAM OP enabled[0m
[0;32mI (1902) wifi_init: WiFi RX IRAM OP enabled[0m
[0;32mI (1908) phy_init: phy_version 4830,54550f7,Jun 20 2024,14:22:08[0m
I (1971) wifi:mode : null
I (1974) wifi:mode : softAP (08:a6:f7:11:51:a9)
I (1976) wifi:Total power save buffer number: 8
I (1976) wifi:Init max length of beacon: 752/752
I (1979) wifi:Init max length of beacon: 752/752
[0;32mI (1985) esp_netif_lwip: DHCP server started on interface WIFI_AP_DEF with IP: 192.168.4.1[0m
Add netif ap with f4bea835(commit id)
[0;32mI (1995) bridge_common: netif list add success[0m
[0;32mI (2001) bridge_common: [WIFI_AP_DEF ][0m
[0;32mI (2005) bridge_common: Set ip info:192.168.5.1[0m
[0;32mI (2010) bridge_wifi: SoftAP IP network segment has changed, deauth all station[0m
I (2020) wifi:Disabled PMF config for SoftAP
I (2022) wifi:Total power save buffer number: 8
[0;32mI (2028) esp_netif_lwip: DHCP server started on interface WIFI_AP_DEF with IP: 192.168.5.1[0m
[0;32mI (2035) bridge_common: [WIFI_AP_DEF ]Name Server1: 114.114.114.114[0m
[0;32mI (2041) bridge_common: DHCPS Restart, deauth all station[0m
Add netif sta with f4bea835(commit id)
[0;32mI (2051) bridge_common: netif list add success[0m
I (2057) wifi:mode : sta (08:a6:f7:11:51:a8) + softAP (08:a6:f7:11:51:a9)
I (2063) wifi:enable tsf
[0;31mE (2066) NVS: Failed to read IP info from NVS[0m
I (2070) wifi:Disabled PMF config for STA
[0;32mI (2073) bridge_wifi: [esp_bridge_wifi_set_config] sta ssid: Tran Con Dev password: password[0m
[0;32mI (2083) bridge_wifi: [esp_bridge_wifi_set_config] softap ssid: ESP_Bridge_1151a9 password: 12345678[0m
I (2266) wifi:Total power save buffer number: 8
[0;32mI (2270) esp_netif_lwip: DHCP server started on interface WIFI_AP_DEF with IP: 192.168.5.1[0m
[0;32mI (2271) bridge_wifi: SoftAP config changed, deauth all station[0m
[0;32mI (2275) Mesh-Lite: esp-mesh-lite component version: 1.0.0[0m
I (2281) ESPNOW: espnow [version: 1.0] init
[0;32mI (2285) [vendor_ie]: Mesh-Lite commit id: bc9302d
 [0m
[0;32mI (2291) [vendor_ie]: Mesh ID: 77 [0m
[0;32mI (2297) [ESP_Mesh_Lite_Comm]: msg action add success [0m
[0;32mI (2302) [ESP_Mesh_Lite_Comm]: Bind Socket 54, port 6364 [0m
[0;32mI (2307) [ESP_Mesh_Lite_Comm]: Bind Socket 55, port 6363 [0m
[0;32mI (2313) [ESP_Mesh_Lite_Comm]: Bind Socket 56, port 6366 [0m
[0;32mI (2319) [ESP_Mesh_Lite_Comm]: Bind Socket 57, port 6365 [0m
[0;32mI (2325) [mesh-lite-espnow]: Start espnow task [0m
[0;32mI (2331) Mesh-Lite: Mesh-Lite connecting[0m
[0;32mI (2337) [vendor_ie]: esp_mesh_lite_wifi_scan_start return ESP_OK [0m
[0;32mI (2342) gpio: GPIO[25]| InputEn: 1| OutputEn: 0| OpenDrain: 0| Pullup: 1| Pulldown: 0| Intr:2 [0m
[0;32mI (2352) cam_hal: cam init ok[0m
[0;32mI (2355) sccb: pin_sda 26 pin_scl 27[0m
[0;32mI (2358) sccb: sccb_i2c_port=1[0m
[0;32mI (2363) gpio: GPIO[32]| InputEn: 0| OutputEn: 1| OpenDrain: 0| Pullup: 0| Pulldown: 0| Intr:0 [0m
[0;32mI (2401) camera: Detected camera at address=0x30[0m
[0;32mI (2404) camera: Detected OV2640 camera[0m
[0;32mI (2404) camera: Camera PID=0x26 VER=0x42 MIDL=0x7f MIDH=0xa2[0m
[0;32mI (2469) cam_hal: buffer_size: 32768, half_buffer_size: 4096, node_buffer_sizeï¿½ets Jul 29 2019 12:21:46

rst:0x3 (SW_RESET),boot:0x13 (SPI_FAST_FLASH_BOOT)
configsip: 0, SPIWP:0xee
clk_drv:0x00,q_drv:0x00,d_drv:0x00,cs0_drv:0x00,hd_drv:0x00,wp_drv:0x00
mode:DIO, clock div:2
load:0x3fff0030,len:7168
load:0x40078000,len:15452
load:0x40080400,len:4
load:0x40080404,len:3684
entry 0x40080614
[0;32mI (169) boot: ESP-IDF v5.3-dirty 2nd stage bootloader[0m
[0;32mI (169) boot: compile time Aug 24 2024 21:55:52[0m
[0;33mW (169) boot: Unicore bootloader[0m
[0;32mI (174) boot: chip revision: v3.1[0m
[0;32mI (178) boot.esp32: SPI Speed      : 40MHz[0m
[0;32mI (183) boot.esp32: SPI Mode       : DIO[0m
[0;32mI (187) boot.esp32: SPI Flash Size : 4MB[0m
[0;32mI (192) boot: Enabling RNG early entropy source...[0m
[0;32mI (197) boot: Partition Table:[0m
[0;32mI (201) boot: ## Label            Usage          Type ST Offset   Length[0m
[0;32mI (208) boot:  0 nvs              WiFi data        01 02 00009000 00004000[0m
[0;32mI (216) boot:  1 otadata          OTA data         01 00 0000d000 00002000[0m
[0;32mI (224) boot:  2 phy_init         RF data          01 01 0000f000 00001000[0m
[0;32mI (231) boot:  3 ota_0            OTA app          00 10 00010000 001e0000[0m
[0;32mI (239) boot:  4 ota_1            OTA app          00 11 001f0000 001e0000[0m
[0;32mI (246) boot:  5 coredump         Unknown data     01 03 003d0000 00010000[0m
[0;32mI (254) boot:  6 reserved         Unknown data     01 fe 003e0000 00020000[0m
[0;32mI (261) boot: End of partition table[0m
[0;32mI (266) esp_image: segment 0: paddr=00010020 vaddr=3f400020 size=2dfd4h (188372) map[0m
[0;32mI (339) esp_image: segment 1: paddr=0003dffc vaddr=3ffbdb60 size=0201ch (  8220) load[0m
[0;32mI (342) esp_image: segment 2: paddr=00040020 vaddr=400d0020 size=c2de8h (798184) map[0m
[0;32mI (618) esp_image: segment 3: paddr=00102e10 vaddr=3ffbfb7c size=03f5ch ( 16220) load[0m
[0;32mI (624) esp_image: segment 4: paddr=00106d74 vaddr=40080000 size=1cc6ch (117868) load[0m
[0;32mI (685) boot: Loaded app from partition at offset 0x10000[0m
[0;32mI (685) boot: Disabling RNG early entropy source...[0m
[0;32mI (697) quad_psram: This chip is ESP32-D0WD[0m
[0;32mI (698) esp_psram: Found 8MB PSRAM device[0m
[0;32mI (698) esp_psram: Speed: 40MHz[0m
[0;32mI (701) esp_psram: PSRAM initialized, cache is in normal (1-core) mode.[0m
[0;33mW (709) esp_psram: Virtual address not enough for PSRAM, map as much as we can. 4MB is mapped[0m
[0;32mI (718) cpu_start: Unicore app[0m
[0;32mI (721) cpu_start: Single core mode[0m
[0;32mI (1651) esp_psram: SPI SRAM memory test OK[0m
[0;32mI (1659) cpu_start: Pro cpu start user code[0m
[0;32mI (1659) cpu_start: cpu freq: 240000000 Hz[0m
[0;32mI (1659) app_init: Application information:[0m
[0;32mI (1662) app_init: Project name:     mesh_local_control[0m
[0;32mI (1668) app_init: App version:      f4bea835-dirty[0m
[0;32mI (1674) app_init: Compile time:     Aug 24 2024 21:55:48[0m
[0;32mI (1680) app_init: ELF file SHA256:  8524d1c8d...[0m
[0;32mI (1685) app_init: ESP-IDF:          v5.3-dirty[0m
[0;32mI (1690) efuse_init: Min chip rev:     v0.0[0m
[0;32mI (1695) efuse_init: Max chip rev:     v3.99 [0m
[0;32mI (1700) efuse_init: Chip rev:         v3.1[0m
[0;32mI (1706) heap_init: Initializing. RAM available for dynamic allocation:[0m
[0;32mI (1713) heap_init: At 3FFAE6E0 len 0000F480 (61 KiB): DRAM[0m
[0;32mI (1719) heap_init: At 3FFC8940 len 000176C0 (93 KiB): DRAM[0m
[0;32mI (1725) heap_init: At 3FFE0440 len 0001FBC0 (126 KiB): D/IRAM[0m
[0;32mI (1732) heap_init: At 40078000 len 00008000 (32 KiB): IRAM[0m
[0;32mI (1738) heap_init: At 4009CC6C len 00003394 (12 KiB): IRAM[0m
[0;32mI (1744) heap_init: At 3FF80000 len 00002000 (8 KiB): RTCRAM[0m
[0;32mI (1751) esp_psram: Adding pool of 4096K of PSRAM memory to heap allocator[0m
[0;32mI (1759) spi_flash: detected chip: generic[0m
[0;32mI (1763) spi_flash: flash io: dio[0m
[0;33mW (1767) i2c: This driver is an old driver, please migrate your application code to adapt `driver/i2c_master.h`[0m
[0;32mI (1789) coexist: coex firmware version: dab85ae96[0m
[0;32mI (1790) main_task: Started on CPU0[0m
[0;32mI (1790) esp_psram: Reserving pool of 32K of internal memory for DMA/internal allocations[0m
[0;32mI (1798) main_task: Calling app_main()[0m
[0;32mI (1819) bridge_common: esp-iot-bridge version: 0.11.8[0m
I (1821) wifi:wifi driver task: 3ffbd678, prio:23, stack:6656, core=0
I (1824) wifi:wifi firmware version: 0caa81945
I (1825) wifi:wifi certification version: v7.0
I (1829) wifi:config NVS flash: enabled
I (1832) wifi:config nano formating: disabled
I (1837) wifi:Init data frame dynamic rx buffer num: 32
I (1841) wifi:Init static rx mgmt buffer num: 5
I (1845) wifi:Init management short buffer num: 32
I (1850) wifi:Init static tx buffer num: 16
I (1854) wifi:Init tx cache buffer num: 32
I (1858) wifi:Init static rx buffer size: 1600
I (1862) wifi:Init static rx buffer num: 10
I (1866) wifi:Init dynamic rx buffer num: 32
[0;32mI (1871) wifi_init: accept mbox: 6[0m
[0;32mI (1874) wifi_init: tcpip mbox: 32[0m
[0;32mI (1878) wifi_init: udp mbox: 6[0m
[0;32mI (1882) wifi_init: tcp mbox: 6[0m
[0;32mI (1885) wifi_init: tcp tx win: 5760[0m
[0;32mI (1890) wifi_init: tcp rx win: 5760[0m
[0;32mI (1894) wifi_init: tcp mss: 1440[0m
[0;32mI (1898) wifi_init: WiFi IRAM OP enabled[0m
[0;32mI (1902) wifi_init: WiFi RX IRAM OP enabled[0m
[0;32mI (1908) phy_init: phy_version 4830,54550f7,Jun 20 2024,14:22:08[0m
I (1971) wifi:mode : null
I (1974) wifi:mode : softAP (08:a6:f7:11:51:a9)
I (1975) wifi:Total power save buffer number: 8
I (1976) wifi:Init max length of beacon: 752/752
I (1978) wifi:Init max length of beacon: 752/752
[0;32mI (1985) esp_netif_lwip: DHCP server started on interface WIFI_AP_DEF with IP: 192.168.4.1[0m
Add netif ap with f4bea835(commit id)
[0;32mI (1994) bridge_common: netif list add success[0m
[0;32mI (2001) bridge_common: [WIFI_AP_DEF ][0m
[0;32mI (2005) bridge_common: Set ip info:192.168.5.1[0m
[0;32mI (2009) bridge_wifi: SoftAP IP network segment has changed, deauth all station[0m
I (2019) wifi:Disabled PMF config for SoftAP
I (2022) wifi:Total power save buffer number: 8
[0;32mI (2028) esp_netif_lwip: DHCP server started on interface WIFI_AP_DEF with IP: 192.168.5.1[0m
[0;32mI (2034) bridge_common: [WIFI_AP_DEF ]Name Server1: 114.114.114.114[0m
[0;32mI (2041) bridge_common: DHCPS Restart, deauth all station[0m
Add netif sta with f4bea835(commit id)
[0;32mI (2050) bridge_common: netif list add success[0m
I (2056) wifi:mode : sta (08:a6:f7:11:51:a8) + softAP (08:a6:f7:11:51:a9)
I (2062) wifi:enable tsf
[0;31mE (2066) NVS: Failed to read IP info from NVS[0m
I (2070) wifi:Disabled PMF config for STA
[0;32mI (2073) bridge_wifi: [esp_bridge_wifi_set_config] sta ssid: Tran Con Dev password: password[0m
[0;32mI (2083) bridge_wifi: [esp_bridge_wifi_set_config] softap ssid: ESP_Bridge_1151a9 password: 12345678[0m
I (2265) wifi:Total power save buffer number: 8
[0;32mI (2269) esp_netif_lwip: DHCP server started on interface WIFI_AP_DEF with IP: 192.168.5.1[0m
[0;32mI (2270) bridge_wifi: SoftAP config changed, deauth all station[0m
[0;32mI (2275) Mesh-Lite: esp-mesh-lite component version: 1.0.0[0m
I (2281) ESPNOW: espnow [version: 1.0] init
[0;32mI (2285) [vendor_ie]: Mesh-Lite commit id: bc9302d
 [0m
[0;32mI (2291) [vendor_ie]: Mesh ID: 77 [0m
[0;32mI (2296) [ESP_Mesh_Lite_Comm]: msg action add success [0m
[0;32mI (2302) [ESP_Mesh_Lite_Comm]: Bind Socket 54, port 6364 [0m
[0;32mI (2306) [ESP_Mesh_Lite_Comm]: Bind Socket 55, port 6363 [0m
[0;32mI (2312) [ESP_Mesh_Lite_Comm]: Bind Socket 56, port 6366 [0m
[0;32mI (2318) [ESP_Mesh_Lite_Comm]: Bind Socket 57, port 6365 [0m
[0;32mI (2325) [mesh-lite-espnow]: Start espnow task [0m
[0;32mI (2331) Mesh-Lite: Mesh-Lite connecting[0m
[0;32mI (2337) [vendor_ie]: esp_mesh_lite_wifi_scan_start return ESP_OK [0m
[0;32mI (2341) gpio: GPIO[25]| InputEn: 1| OutputEn: 0| OpenDrain: 0| Pullup: 1| Pulldown: 0| Intr:2 [0m
[0;32mI (2351) cam_hal: cam init ok[0m
[0;32mI (2354) sccb: pin_sda 26 pin_scl 27[0m
[0;32mI (2358) sccb: sccb_i2c_port=1[0m
[0;32mI (2362) gpio: GPIO[32]| InputEn: 0| OutputEn: 1| OpenDrain: 0| Pullup: 0| Pulldown: 0| Intr:0 [0m
[0;32mI (2401) camera: Detected camera at address=0x30[0m
[0;32mI (2404) camera: Detected OV2640 camera[0m
[0;32mI (2404) camera: Camera PID=0x26 VER=0x42 MIDL=0x7f MIDH=0xa2[0m
[0;32mI (2469) cam_hal: buffer_size: 32768, half_buffer_size: 4096, node_buffï¿½ets Jul 29 2019 12:21:46

rst:0x3 (SW_RESET),boot:0x13 (SPI_FAST_FLASH_BOOT)
configsip: 0, SPIWP:0xee
clk_drv:0x00,q_drv:0x00,d_drv:0x00,cs0_drv:0x00,hd_drv:0x00,wp_drv:0x00
mode:DIO, clock div:2
load:0x3fff0030,len:7168
load:0x40078000,len:15452
load:0x40080400,len:4
load:0x40080404,len:3684
entry 0x40080614
[0;32mI (169) boot: ESP-IDF v5.3-dirty 2nd stage bootloader[0m
[0;32mI (169) boot: compile time Aug 24 2024 21:55:52[0m
[0;33mW (169) boot: Unicore bootloader[0m
[0;32mI (174) boot: chip revision: v3.1[0m
[0;32mI (178) boot.esp32: SPI Speed      : 40MHz[0m
[0;32mI (183) boot.esp32: SPI Mode       : DIO[0m
[0;32mI (187) boot.esp32: SPI Flash Size : 4MB[0m
[0;32mI (192) boot: Enabling RNG early entropy source...[0m
[0;32mI (197) boot: Partition Table:[0m
[0;32mI (201) boot: ## Label            Usage          Type ST Offset   Length[0m
[0;32mI (208) boot:  0 nvs              WiFi data        01 02 00009000 00004000[0m
[0;32mI (216) boot:  1 otadata          OTA data         01 00 0000d000 00002000[0m
[0;32mI (224) boot:  2 phy_init         RF data          01 01 0000f000 00001000[0m
[0;32mI (231) boot:  3 ota_0            OTA app          00 10 00010000 001e0000[0m
[0;32mI (239) boot:  4 ota_1            OTA app          00 11 001f0000 001e0000[0m
[0;32mI (246) boot:  5 coredump         Unknown data     01 03 003d0000 00010000[0m
[0;32mI (254) boot:  6 reserved         Unknown data     01 fe 003e0000 00020000[0m
[0;32mI (261) boot: End of partition table[0m
[0;32mI (266) esp_image: segment 0: paddr=00010020 vaddr=3f400020 size=2dfd4h (188372) map[0m
[0;32mI (339) esp_image: segment 1: paddr=0003dffc vaddr=3ffbdb60 size=0201ch (  8220) load[0m
[0;32mI (342) esp_image: segment 2: paddr=00040020 vaddr=400d0020 size=c2de8h (798184) map[0m
[0;32mI (618) esp_image: segment 3: paddr=00102e10 vaddr=3ffbfb7c size=03f5ch ( 16220) load[0m
[0;32mI (624) esp_image: segment 4: paddr=00106d74 vaddr=40080000 size=1cc6ch (117868) load[0m
[0;32mI (685) boot: Loaded app from partition at offset 0x10000[0m
[0;32mI (685) boot: Disabling RNG early entropy source...[0m
[0;32mI (697) quad_psram: This chip is ESP32-D0WD[0m
[0;32mI (698) esp_psram: Found 8MB PSRAM device[0m
[0;32mI (698) esp_psram: Speed: 40MHz[0m
[0;32mI (701) esp_psram: PSRAM initialized, cache is in normal (1-core) mode.[0m
[0;33mW (709) esp_psram: Virtual address not enough for PSRAM, map as much as we can. 4MB is mapped[0m
[0;32mI (718) cpu_start: Unicore app[0m
[0;32mI (722) cpu_start: Single core mode[0m
[0;32mI (1651) esp_psram: SPI SRAM memory test OK[0m
[0;32mI (1659) cpu_start: Pro cpu start user code[0m
[0;32mI (1659) cpu_start: cpu freq: 240000000 Hz[0m
[0;32mI (1659) app_init: Application information:[0m
[0;32mI (1662) app_init: Project name:     mesh_local_control[0m
[0;32mI (1668) app_init: App version:      f4bea835-dirty[0m
[0;32mI (1674) app_init: Compile time:     Aug 24 2024 21:55:48[0m
[0;32mI (1680) app_init: ELF file SHA256:  8524d1c8d...[0m
[0;32mI (1685) app_init: ESP-IDF:          v5.3-dirty[0m
[0;32mI (1691) efuse_init: Min chip rev:     v0.0[0m
[0;32mI (1695) efuse_init: Max chip rev:     v3.99 [0m
[0;32mI (1700) efuse_init: Chip rev:         v3.1[0m
[0;32mI (1706) heap_init: Initializing. RAM available for dynamic allocation:[0m
[0;32mI (1713) heap_init: At 3FFAE6E0 len 0000F480 (61 KiB): DRAM[0m
[0;32mI (1719) heap_init: At 3FFC8940 len 000176C0 (93 KiB): DRAM[0m
[0;32mI (1725) heap_init: At 3FFE0440 len 0001FBC0 (126 KiB): D/IRAM[0m
[0;32mI (1732) heap_init: At 40078000 len 00008000 (32 KiB): IRAM[0m
[0;32mI (1738) heap_init: At 4009CC6C len 00003394 (12 KiB): IRAM[0m
[0;32mI (1744) heap_init: At 3FF80000 len 00002000 (8 KiB): RTCRAM[0m
[0;32mI (1751) esp_psram: Adding pool of 4096K of PSRAM memory to heap allocator[0m
[0;32mI (1759) spi_flash: detected chip: generic[0m
[0;32mI (1763) spi_flash: flash io: dio[0m
[0;33mW (1767) i2c: This driver is an old driver, please migrate your application code to adapt `driver/i2c_master.h`[0m
[0;32mI (1789) coexist: coex firmware version: dab85ae96[0m
[0;32mI (1790) main_task: Started on CPU0[0m
[0;32mI (1790) esp_psram: Reserving pool of 32K of internal memory for DMA/internal allocations[0m
[0;32mI (1798) main_task: Calling app_main()[0m
[0;32mI (1819) bridge_common: esp-iot-bridge version: 0.11.8[0m
I (1821) wifi:wifi driver task: 3ffbd678, prio:23, stack:6656, core=0
I (1824) wifi:wifi firmware version: 0caa81945
I (1825) wifi:wifi certification version: v7.0
I (1829) wifi:config NVS flash: enabled
I (1832) wifi:config nano formating: disabled
I (1837) wifi:Init data frame dynamic rx buffer num: 32
I (1841) wifi:Init static rx mgmt buffer num: 5
I (1845) wifi:Init management short buffer num: 32
I (1850) wifi:Init static tx buffer num: 16
I (1854) wifi:Init tx cache buffer num: 32
I (1858) wifi:Init static rx buffer size: 1600
I (1862) wifi:Init static rx buffer num: 10
I (1866) wifi:Init dynamic rx buffer num: 32
[0;32mI (1871) wifi_init: accept mbox: 6[0m
[0;32mI (1874) wifi_init: tcpip mbox: 32[0m
[0;32mI (1878) wifi_init: udp mbox: 6[0m
[0;32mI (1882) wifi_init: tcp mbox: 6[0m
[0;32mI (1885) wifi_init: tcp tx win: 5760[0m
[0;32mI (1890) wifi_init: tcp rx win: 5760[0m
[0;32mI (1894) wifi_init: tcp mss: 1440[0m
[0;32mI (1898) wifi_init: WiFi IRAM OP enabled[0m
[0;32mI (1902) wifi_init: WiFi RX IRAM OP enabled[0m
[0;32mI (1908) phy_init: phy_version 4830,54550f7,Jun 20 2024,14:22:08[0m
I (1971) wifi:mode : null
I (1974) wifi:mode : softAP (08:a6:f7:11:51:a9)
I (1976) wifi:Total power save buffer number: 8
I (1976) wifi:Init max length of beacon: 752/752
I (1979) wifi:Init max length of beacon: 752/752
[0;32mI (1986) esp_netif_lwip: DHCP server started on interface WIFI_AP_DEF with IP: 192.168.4.1[0m
Add netif ap with f4bea835(commit id)
[0;32mI (1995) bridge_common: netif list add success[0m
[0;32mI (2001) bridge_common: [WIFI_AP_DEF ][0m
[0;32mI (2006) bridge_common: Set ip info:192.168.5.1[0m
[0;32mI (2010) bridge_wifi: SoftAP IP network segment has changed, deauth all station[0m
I (2020) wifi:Disabled PMF config for SoftAP
I (2022) wifi:Total power save buffer number: 8
[0;32mI (2029) esp_netif_lwip: DHCP server started on interface WIFI_AP_DEF with IP: 192.168.5.1[0m
[0;32mI (2035) bridge_common: [WIFI_AP_DEF ]Name Server1: 114.114.114.114[0m
[0;32mI (2042) bridge_common: DHCPS Restart, deauth all station[0m
Add netif sta with f4bea835(commit id)
[0;32mI (2051) bridge_common: netif list add success[0m
I (2057) wifi:mode : sta (08:a6:f7:11:51:a8) + softAP (08:a6:f7:11:51:a9)
I (2063) wifi:enable tsf
[0;31mE (2067) NVS: Failed to read IP info from NVS[0m
I (2070) wifi:Disabled PMF config for STA
[0;32mI (2074) bridge_wifi: [esp_bridge_wifi_set_config] sta ssid: Tran Con Dev password: password[0m
[0;32mI (2083) bridge_wifi: [esp_bridge_wifi_set_config] softap ssid: ESP_Bridge_1151a9 password: 12345678[0m
I (2266) wifi:Total power save buffer number: 8
[0;32mI (2270) esp_netif_lwip: DHCP server started on interface WIFI_AP_DEF with IP: 192.168.5.1[0m
[0;32mI (2271) bridge_wifi: SoftAP config changed, deauth all station[0m
[0;32mI (2275) Mesh-Lite: esp-mesh-lite component version: 1.0.0[0m
I (2282) ESPNOW: espnow [version: 1.0] init
[0;32mI (2285) [vendor_ie]: Mesh-Lite commit id: bc9302d
 [0m
[0;32mI (2292) [vendor_ie]: Mesh ID: 77 [0m
[0;32mI (2297) [ESP_Mesh_Lite_Comm]: msg action add success [0m
[0;32mI (2303) [ESP_Mesh_Lite_Comm]: Bind Socket 54, port 6364 [0m
[0;32mI (2307) [ESP_Mesh_Lite_Comm]: Bind Socket 55, port 6363 [0m
[0;32mI (2313) [ESP_Mesh_Lite_Comm]: Bind Socket 56, port 6366 [0m
[0;32mI (2319) [ESP_Mesh_Lite_Comm]: Bind Socket 57, port 6365 [0m
[0;32mI (2326) [mesh-lite-espnow]: Start espnow task [0m
[0;32mI (2332) Mesh-Lite: Mesh-Lite connecting[0m
[0;32mI (2338) [vendor_ie]: esp_mesh_lite_wifi_scan_start return ESP_OK [0m
[0;32mI (2342) gpio: GPIO[25]| InputEn: 1| OutputEn: 0| OpenDrain: 0| Pullup: 1| Pulldown: 0| Intr:2 [0m
[0;32mI (2352) cam_hal: cam init ok[0m
[0;32mI (2355) sccb: pin_sda 26 pin_scl 27[0m
[0;32mI (2359) sccb: sccb_i2c_port=1[0m
[0;32mI (2363) gpio: GPIO[32]| InputEn: 0| OutputEn: 1| OpenDrain: 0| Pullup: 0| Pulldown: 0| Intr:0 [0m
[0;32mI (2402) camera: Detected camera at address=0x30[0m
[0;32mI (2405) camera: Detected OV2640 camera[0m
[0;32mI (2405) camera: Camera PID=0x26 VER=0x42 MIDL=0x7f MIDH=0xa2[0m
[0;32mI (2470) cam_hal: buffer_size: 32768, half_buffer_size: 4096, nodeï¿½ets Jul 29 2019 12:21:46

rst:0x3 (SW_RESET),boot:0x13 (SPI_FAST_FLASH_BOOT)
configsip: 0, SPIWP:0xee
clk_drv:0x00,q_drv:0x00,d_drv:0x00,cs0_drv:0x00,hd_drv:0x00,wp_drv:0x00
mode:DIO, clock div:2
load:0x3fff0030,len:7168
load:0x40078000,len:15452
load:0x40080400,len:4
load:0x40080404,len:3684
entry 0x40080614
[0;32mI (169) boot: ESP-IDF v5.3-dirty 2nd stage bootloader[0m
[0;32mI (169) boot: compile time Aug 24 2024 21:55:52[0m
[0;33mW (169) boot: Unicore bootloader[0m
[0;32mI (174) boot: chip revision: v3.1[0m
[0;32mI (178) boot.esp32: SPI Speed      : 40MHz[0m
[0;32mI (183) boot.esp32: SPI Mode       : DIO[0m
[0;32mI (187) boot.esp32: SPI Flash Size : 4MB[0m
[0;32mI (192) boot: Enabling RNG early entropy source...[0m
[0;32mI (197) boot: Partition Table:[0m
[0;32mI (201) boot: ## Label            Usage          Type ST Offset   Length[0m
[0;32mI (208) boot:  0 nvs              WiFi data        01 02 00009000 00004000[0m
[0;32mI (216) boot:  1 otadata          OTA data         01 00 0000d000 00002000[0m
[0;32mI (224) boot:  2 phy_init         RF data          01 01 0000f000 00001000[0m
[0;32mI (231) boot:  3 ota_0            OTA app          00 10 00010000 001e0000[0m
[0;32mI (239) boot:  4 ota_1            OTA app          00 11 001f0000 001e0000[0m
[0;32mI (246) boot:  5 coredump         Unknown data     01 03 003d0000 00010000[0m
[0;32mI (254) boot:  6 reserved         Unknown data     01 fe 003e0000 00020000[0m
[0;32mI (261) boot: End of partition table[0m
[0;32mI (266) esp_image: segment 0: paddr=00010020 vaddr=3f400020 size=2dfd4h (188372) map[0m
[0;32mI (339) esp_image: segment 1: paddr=0003dffc vaddr=3ffbdb60 size=0201ch (  8220) load[0m
[0;32mI (342) esp_image: segment 2: paddr=00040020 vaddr=400d0020 size=c2de8h (798184) map[0m
[0;32mI (618) esp_image: segment 3: paddr=00102e10 vaddr=3ffbfb7c size=03f5ch ( 16220) load[0m
[0;32mI (624) esp_image: segment 4: paddr=00106d74 vaddr=40080000 size=1cc6ch (117868) load[0m
[0;32mI (685) boot: Loaded app from partition at offset 0x10000[0m
[0;32mI (685) boot: Disabling RNG early entropy source...[0m
[0;32mI (697) quad_psram: This chip is ESP32-D0WD[0m
[0;32mI (698) esp_psram: Found 8MB PSRAM device[0m
[0;32mI (698) esp_psram: Speed: 40MHz[0m
[0;32mI (701) esp_psram: PSRAM initialized, cache is in normal (1-core) mode.[0m
[0;33mW (709) esp_psram: Virtual address not enough for PSRAM, map as much as we can. 4MB is mapped[0m
[0;32mI (718) cpu_start: Unicore app[0m
[0;32mI (722) cpu_start: Single core mode[0m
[0;32mI (1651) esp_psram: SPI SRAM memory test OK[0m
[0;32mI (1659) cpu_start: Pro cpu start user code[0m
[0;32mI (1659) cpu_start: cpu freq: 240000000 Hz[0m
[0;32mI (1659) app_init: Application information:[0m
[0;32mI (1662) app_init: Project name:     mesh_local_control[0m
[0;32mI (1668) app_init: App version:      f4bea835-dirty[0m
[0;32mI (1674) app_init: Compile time:     Aug 24 2024 21:55:48[0m
[0;32mI (1680) app_init: ELF file SHA256:  8524d1c8d...[0m
[0;32mI (1685) app_init: ESP-IDF:          v5.3-dirty[0m
[0;32mI (1691) efuse_init: Min chip rev:     v0.0[0m
[0;32mI (1695) efuse_init: Max chip rev:     v3.99 [0m
[0;32mI (1700) efuse_init: Chip rev:         v3.1[0m
[0;32mI (1706) heap_init: Initializing. RAM available for dynamic allocation:[0m
[0;32mI (1713) heap_init: At 3FFAE6E0 len 0000F480 (61 KiB): DRAM[0m
[0;32mI (1719) heap_init: At 3FFC8940 len 000176C0 (93 KiB): DRAM[0m
[0;32mI (1725) heap_init: At 3FFE0440 len 0001FBC0 (126 KiB): D/IRAM[0m
[0;32mI (1732) heap_init: At 40078000 len 00008000 (32 KiB): IRAM[0m
[0;32mI (1738) heap_init: At 4009CC6C len 00003394 (12 KiB): IRAM[0m
[0;32mI (1744) heap_init: At 3FF80000 len 00002000 (8 KiB): RTCRAM[0m
[0;32mI (1751) esp_psram: Adding pool of 4096K of PSRAM memory to heap allocator[0m
[0;32mI (1759) spi_flash: detected chip: generic[0m
[0;32mI (1763) spi_flash: flash io: dio[0m
[0;33mW (1767) i2c: This driver is an old driver, please migrate your application code to adapt `driver/i2c_master.h`[0m
[0;32mI (1789) coexist: coex firmware version: dab85ae96[0m
[0;32mI (1790) main_task: Started on CPU0[0m
[0;32mI (1790) esp_psram: Reserving pool of 32K of internal memory for DMA/internal allocations[0m
[0;32mI (1798) main_task: Calling app_main()[0m
[0;32mI (1819) bridge_common: esp-iot-bridge version: 0.11.8[0m
I (1821) wifi:wifi driver task: 3ffbd678, prio:23, stack:6656, core=0
I (1824) wifi:wifi firmware version: 0caa81945
I (1825) wifi:wifi certification version: v7.0
I (1829) wifi:config NVS flash: enabled
I (1832) wifi:config nano formating: disabled
I (1837) wifi:Init data frame dynamic rx buffer num: 32
I (1841) wifi:Init static rx mgmt buffer num: 5
I (1845) wifi:Init management short buffer num: 32
I (1850) wifi:Init static tx buffer num: 16
I (1854) wifi:Init tx cache buffer num: 32
I (1858) wifi:Init static rx buffer size: 1600
I (1862) wifi:Init static rx buffer num: 10
I (1866) wifi:Init dynamic rx buffer num: 32
[0;32mI (1871) wifi_init: accept mbox: 6[0m
[0;32mI (1874) wifi_init: tcpip mbox: 32[0m
[0;32mI (1878) wifi_init: udp mbox: 6[0m
[0;32mI (1882) wifi_init: tcp mbox: 6[0m
[0;32mI (1885) wifi_init: tcp tx win: 5760[0m
[0;32mI (1890) wifi_init: tcp rx win: 5760[0m
[0;32mI (1894) wifi_init: tcp mss: 1440[0m
[0;32mI (1898) wifi_init: WiFi IRAM OP enabled[0m
[0;32mI (1902) wifi_init: WiFi RX IRAM OP enabled[0m
[0;32mI (1908) phy_init: phy_version 4830,54550f7,Jun 20 2024,14:22:08[0m
I (1971) wifi:mode : null
I (1974) wifi:mode : softAP (08:a6:f7:11:51:a9)
I (1976) wifi:Total power save buffer number: 8
I (1976) wifi:Init max length of beacon: 752/752
I (1979) wifi:Init max length of beacon: 752/752
[0;32mI (1985) esp_netif_lwip: DHCP server started on interface WIFI_AP_DEF with IP: 192.168.4.1[0m
Add netif ap with f4bea835(commit id)
[0;32mI (1995) bridge_common: netif list add success[0m
[0;32mI (2001) bridge_common: [WIFI_AP_DEF ][0m
[0;32mI (2006) bridge_common: Set ip info:192.168.5.1[0m
[0;32mI (2010) bridge_wifi: SoftAP IP network segment has changed, deauth all station[0m
I (2020) wifi:Disabled PMF config for SoftAP
I (2022) wifi:Total power save buffer number: 8
[0;32mI (2028) esp_netif_lwip: DHCP server started on interface WIFI_AP_DEF with IP: 192.168.5.1[0m
[0;32mI (2035) bridge_common: [WIFI_AP_DEF ]Name Server1: 114.114.114.114[0m
[0;32mI (2041) bridge_common: DHCPS Restart, deauth all station[0m
Add netif sta with f4bea835(commit id)
[0;32mI (2051) bridge_common: netif list add success[0m
I (2057) wifi:mode : sta (08:a6:f7:11:51:a8) + softAP (08:a6:f7:11:51:a9)
I (2063) wifi:enable tsf
[0;31mE (2066) NVS: Failed to read IP info from NVS[0m
I (2070) wifi:Disabled PMF config for STA
[0;32mI (2074) bridge_wifi: [esp_bridge_wifi_set_config] sta ssid: Tran Con Dev password: password[0m
[0;32mI (2083) bridge_wifi: [esp_bridge_wifi_set_config] softap ssid: ESP_Bridge_1151a9 password: 12345678[0m
I (2266) wifi:Total power save buffer number: 8
[0;32mI (2270) esp_netif_lwip: DHCP server started on interface WIFI_AP_DEF with IP: 192.168.5.1[0m
[0;32mI (2271) bridge_wifi: SoftAP config changed, deauth all station[0m
[0;32mI (2275) Mesh-Lite: esp-mesh-lite component version: 1.0.0[0m
I (2282) ESPNOW: espnow [version: 1.0] init
[0;32mI (2285) [vendor_ie]: Mesh-Lite commit id: bc9302d
 [0m
[0;32mI (2292) [vendor_ie]: Mesh ID: 77 [0m
[0;32mI (2297) [ESP_Mesh_Lite_Comm]: msg action add success [0m
[0;32mI (2303) [ESP_Mesh_Lite_Comm]: Bind Socket 54, port 6364 [0m
[0;32mI (2307) [ESP_Mesh_Lite_Comm]: Bind Socket 55, port 6363 [0m
[0;32mI (2313) [ESP_Mesh_Lite_Comm]: Bind Socket 56, port 6366 [0m
[0;32mI (2319) [ESP_Mesh_Lite_Comm]: Bind Socket 57, port 6365 [0m
[0;32mI (2326) [mesh-lite-espnow]: Start espnow task [0m
[0;32mI (2331) Mesh-Lite: Mesh-Lite connecting[0m
[0;32mI (2337) [vendor_ie]: esp_mesh_lite_wifi_scan_start return ESP_OK [0m
[0;32mI (2342) gpio: GPIO[25]| InputEn: 1| OutputEn: 0| OpenDrain: 0| Pullup: 1| Pulldown: 0| Intr:2 [0m
[0;32mI (2352) cam_hal: cam init ok[0m
[0;32mI (2355) sccb: pin_sda 26 pin_scl 27[0m
[0;32mI (2358) sccb: sccb_i2c_port=1[0m
[0;32mI (2363) gpio: GPIO[32]| InputEn: 0| OutputEn: 1| OpenDrain: 0| Pullup: 0| Pulldown: 0| Intr:0 [0m
[0;32mI (2402) camera: Detected camera at address=0x30[0m
[0;32mI (2405) camera: Detected OV2640 camera[0m
[0;32mI (2405) camera: Camera PID=0x26 VER=0x42 MIDL=0x7f MIDH=0xa2[0m
[0;32mI (2470) cam_hal: buffer_size: 32768, half_buffer_size: 4096, node_buffeï¿½ets Jul 29 2019 12:21:46

rst:0x3 (SW_RESET),boot:0x13 (SPI_FAST_FLASH_BOOT)
configsip: 0, SPIWP:0xee
clk_drv:0x00,q_drv:0x00,d_drv:0x00,cs0_drv:0x00,hd_drv:0x00,wp_drv:0x00
mode:DIO, clock div:2
load:0x3fff0030,len:7168
load:0x40078000,len:15452
load:0x40080400,len:4
load:0x40080404,len:3684
entry 0x40080614
[0;32mI (169) boot: ESP-IDF v5.3-dirty 2nd stage bootloader[0m
[0;32mI (169) boot: compile time Aug 24 2024 21:55:52[0m
[0;33mW (169) boot: Unicore bootloader[0m
[0;32mI (174) boot: chip revision: v3.1[0m
[0;32mI (178) boot.esp32: SPI Speed      : 40MHz[0m
[0;32mI (183) boot.esp32: SPI Mode       : DIO[0m
[0;32mI (187) boot.esp32: SPI Flash Size : 4MB[0m
[0;32mI (192) boot: Enabling RNG early entropy source...[0m
[0;32mI (197) boot: Partition Table:[0m
[0;32mI (201) boot: ## Label            Usage          Type ST Offset   Length[0m
[0;32mI (208) boot:  0 nvs              WiFi data        01 02 00009000 00004000[0m
[0;32mI (216) boot:  1 otadata          OTA data         01 00 0000d000 00002000[0m
[0;32mI (224) boot:  2 phy_init         RF data          01 01 0000f000 00001000[0m
[0;32mI (231) boot:  3 ota_0            OTA app          00 10 00010000 001e0000[0m
[0;32mI (239) boot:  4 ota_1            OTA app          00 11 001f0000 001e0000[0m
[0;32mI (246) boot:  5 coredump         Unknown data     01 03 003d0000 00010000[0m
[0;32mI (254) boot:  6 reserved         Unknown data     01 fe 003e0000 00020000[0m
[0;32mI (261) boot: End of partition table[0m
[0;32mI (266) esp_image: segment 0: paddr=00010020 vaddr=3f400020 size=2dfd4h (188372) map[0m
[0;32mI (339) esp_image: segment 1: paddr=0003dffc vaddr=3ffbdb60 size=0201ch (  8220) load[0m
[0;32mI (342) esp_image: segment 2: paddr=00040020 vaddr=400d0020 size=c2de8h (798184) map[0m
[0;32mI (618) esp_image: segment 3: paddr=00102e10 vaddr=3ffbfb7c size=03f5ch ( 16220) load[0m
[0;32mI (624) esp_image: segment 4: paddr=00106d74 vaddr=40080000 size=1cc6ch (117868) load[0m
[0;32mI (685) boot: Loaded app from partition at offset 0x10000[0m
[0;32mI (685) boot: Disabling RNG early entropy source...[0m
[0;32mI (697) quad_psram: This chip is ESP32-D0WD[0m
[0;32mI (698) esp_psram: Found 8MB PSRAM device[0m
[0;32mI (698) esp_psram: Speed: 40MHz[0m
[0;32mI (701) esp_psram: PSRAM initialized, cache is in normal (1-core) mode.[0m
[0;33mW (709) esp_psram: Virtual address not enough for PSRAM, map as much as we can. 4MB is mapped[0m
[0;32mI (718) cpu_start: Unicore app[0m
[0;32mI (721) cpu_start: Single core mode[0m
[0;32mI (1651) esp_psram: SPI SRAM memory test OK[0m
[0;32mI (1659) cpu_start: Pro cpu start user code[0m
[0;32mI (1659) cpu_start: cpu freq: 240000000 Hz[0m
[0;32mI (1659) app_init: Application information:[0m
[0;32mI (1662) app_init: Project name:     mesh_local_control[0m
[0;32mI (1668) app_init: App version:      f4bea835-dirty[0m
[0;32mI (1674) app_init: Compile time:     Aug 24 2024 21:55:48[0m
[0;32mI (1680) app_init: ELF file SHA256:  8524d1c8d...[0m
[0;32mI (1685) app_init: ESP-IDF:          v5.3-dirty[0m
[0;32mI (1691) efuse_init: Min chip rev:     v0.0[0m
[0;32mI (1695) efuse_init: Max chip rev:     v3.99 [0m
[0;32mI (1700) efuse_init: Chip rev:         v3.1[0m
[0;32mI (1706) heap_init: Initializing. RAM available for dynamic allocation:[0m
[0;32mI (1713) heap_init: At 3FFAE6E0 len 0000F480 (61 KiB): DRAM[0m
[0;32mI (1719) heap_init: At 3FFC8940 len 000176C0 (93 KiB): DRAM[0m
[0;32mI (1725) heap_init: At 3FFE0440 len 0001FBC0 (126 KiB): D/IRAM[0m
[0;32mI (1732) heap_init: At 40078000 len 00008000 (32 KiB): IRAM[0m
[0;32mI (1738) heap_init: At 4009CC6C len 00003394 (12 KiB): IRAM[0m
[0;32mI (1744) heap_init: At 3FF80000 len 00002000 (8 KiB): RTCRAM[0m
[0;32mI (1751) esp_psram: Adding pool of 4096K of PSRAM memory to heap allocator[0m
[0;32mI (1759) spi_flash: detected chip: generic[0m
[0;32mI (1763) spi_flash: flash io: dio[0m
[0;33mW (1767) i2c: This driver is an old driver, please migrate your application code to adapt `driver/i2c_master.h`[0m
[0;32mI (1789) coexist: coex firmware version: dab85ae96[0m
[0;32mI (1790) main_task: Started on CPU0[0m
[0;32mI (1790) esp_psram: Reserving pool of 32K of internal memory for DMA/internal allocations[0m
[0;32mI (1798) main_task: Calling app_main()[0m
[0;32mI (1819) bridge_common: esp-iot-bridge version: 0.11.8[0m
I (1821) wifi:wifi driver task: 3ffbd678, prio:23, stack:6656, core=0
I (1824) wifi:wifi firmware version: 0caa81945
I (1825) wifi:wifi certification version: v7.0
I (1829) wifi:config NVS flash: enabled
I (1832) wifi:config nano formating: disabled
I (1837) wifi:Init data frame dynamic rx buffer num: 32
I (1841) wifi:Init static rx mgmt buffer num: 5
I (1845) wifi:Init management short buffer num: 32
I (1850) wifi:Init static tx buffer num: 16
I (1854) wifi:Init tx cache buffer num: 32
I (1858) wifi:Init static rx buffer size: 1600
I (1862) wifi:Init static rx buffer num: 10
I (1866) wifi:Init dynamic rx buffer num: 32
[0;32mI (1871) wifi_init: accept mbox: 6[0m
[0;32mI (1874) wifi_init: tcpip mbox: 32[0m
[0;32mI (1878) wifi_init: udp mbox: 6[0m
[0;32mI (1882) wifi_init: tcp mbox: 6[0m
[0;32mI (1885) wifi_init: tcp tx win: 5760[0m
[0;32mI (1890) wifi_init: tcp rx win: 5760[0m
[0;32mI (1894) wifi_init: tcp mss: 1440[0m
[0;32mI (1898) wifi_init: WiFi IRAM OP enabled[0m
[0;32mI (1902) wifi_init: WiFi RX IRAM OP enabled[0m
[0;32mI (1908) phy_init: phy_version 4830,54550f7,Jun 20 2024,14:22:08[0m
I (1970) wifi:mode : null
I (1973) wifi:mode : softAP (08:a6:f7:11:51:a9)
I (1975) wifi:Total power save buffer nuï¿½ets Jul 29 2019 12:21:46

rst:0x1 (POWERON_RESET),boot:0x13 (SPI_FAST_FLASH_BOOT)
configsip: 0, SPIWP:0xee
clk_drv:0x00,q_drv:0x00,d_drv:0x00,cs0_drv:0x00,hd_drv:0x00,wp_drv:0x00
mode:DIO, clock div:2
load:0x3fff0030,len:7168
load:0x40078000,len:15452
load:0x40080400,len:4
load:0x40080404,len:3684
entry 0x40080614
[0;32mI (29) boot: ESP-IDF v5.3-dirty 2nd stage bootloader[0m
[0;32mI (29) boot: compile time Aug 24 2024 21:55:52[0m
[0;33mW (29) boot: Unicore bootloader[0m
[0;32mI (34) boot: chip revision: v3.1[0m
[0;32mI (38) boot.esp32: SPI Speed      : 40MHz[0m
[0;32mI (42) boot.esp32: SPI Mode       : DIO[0m
[0;32mI (47) boot.esp32: SPI Flash Size : 4MB[0m
[0;32mI (51) boot: Enabling RNG early entropy source...[0m
[0;32mI (57) boot: Partition Table:[0m
[0;32mI (60) boot: ## Label            Usage          Type ST Offset   Length[0m
[0;32mI (68) boot:  0 nvs              WiFi data        01 02 00009000 00004000[0m
[0;32mI (75) boot:  1 otadata          OTA data         01 00 0000d000 00002000[0m
[0;32mI (82) boot:  2 phy_init         RF data          01 01 0000f000 00001000[0m
[0;32mI (90) boot:  3 ota_0            OTA app          00 10 00010000 001e0000[0m
[0;32mI (97) boot:  4 ota_1            OTA app          00 11 001f0000 001e0000[0m
[0;32mI (105) boot:  5 coredump         Unknown data     01 03 003d0000 00010000[0m
[0;32mI (112) boot:  6 reserved         Unknown data     01 fe 003e0000 00020000[0m
[0;32mI (120) boot: End of partition table[0m
[0;32mI (124) esp_image: segment 0: paddr=00010020 vaddr=3f400020 size=2dfd4h (188372) map[0m
[0;32mI (197) esp_image: segment 1: paddr=0003dffc vaddr=3ffbdb60 size=0201ch (  8220) load[0m
[0;32mI (201) esp_image: segment 2: paddr=00040020 vaddr=400d0020 size=c2de8h (798184) map[0m
[0;32mI (477) esp_image: segment 3: paddr=00102e10 vaddr=3ffbfb7c size=03f5ch ( 16220) load[0m
[0;32mI (483) esp_image: segment 4: paddr=00106d74 vaddr=40080000 size=1cc6ch (117868) load[0m
[0;32mI (544) boot: Loaded app from partition at offset 0x10000[0m
[0;32mI (544) boot: Disabling RNG early entropy source...[0m
[0;32mI (556) quad_psram: This chip is ESP32-D0WD[0m
[0;32mI (556) esp_psram: Found 8MB PSRAM device[0m
[0;32mI (557) esp_psram: Speed: 40MHz[0m
[0;32mI (560) esp_psram: PSRAM initialized, cache is in normal (1-core) mode.[0m
[0;33mW (567) esp_psram: Virtual address not enough for PSRAM, map as much as we can. 4MB is mapped[0m
[0;32mI (576) cpu_start: Unicore app[0m
[0;32mI (580) cpu_start: Single core mode[0m
ets Jul 29 2019 12:21:46

rst:0x1 (POWERON_RESET),boot:0x13 (SPI_FAST_FLASH_BOOT)
configsip: 0, SPIWP:0xee
clk_drv:0x00,q_drv:0x00,d_drv:0x00,cs0_drv:0x00,hd_drv:0x00,wp_drv:0x00
mode:DIO, clock div:2
load:0x3fff0030,len:7168
load:0x40078000,len:15452
load:0x40080400,len:4
load:0x40080404,len:3684
entry 0x40080614
[0;32mI (29) boot: ESP-IDF v5.3-dirty 2nd stage bootloader[0m
[0;32mI (29) boot: compile time Aug 24 2024 21:55:52[0m
[0;33mW (29) boot: Unicore bootloader[0m
[0;32mI (34) boot: chip revision: v3.1[0m
[0;32mI (38) boot.esp32: SPI Speed      : 40MHz[0m
[0;32mI (42) boot.esp32: SPI Mode       : DIO[0m
[0;32mI (47) boot.esp32: SPI Flash Size : 4MB[0m
[0;32mI (51) boot: Enabling RNG early entropy source...[0m
[0;32mI (57) boot: Partition Table:[0m
[0;32mI (60) boot: ## Label            Usage          Type ST Offset   Length[0m
[0;32mI (68) boot:  0 nvs              WiFi data        01 02 00009000 00004000[0m
[0;32mI (75) boot:  1 otadata          OTA data         01 00 0000d000 00002000[0m
[0;32mI (82) boot:  2 phy_init         RF data          01 01 0000f000 00001000[0m
[0;32mI (90) boot:  3 ota_0            OTA app          00 10 00010000 001e0000[0m
[0;32mI (97) boot:  4 ota_1            OTA app          00 11 001f0000 001e0000[0m
[0;32mI (105) boot:  5 coredump         Unknown data     01 03 003d0000 00010000[0m
[0;32mI (112) boot:  6 reserved         Unknown data     01 fe 003e0000 00020000[0m
[0;32mI (120) boot: End of partition table[0m
[0;32mI (124) esp_image: segment 0: paddr=00010020 vaddr=3f400020 size=2dfd4h (188372) map[0m
[0;32mI (197) esp_image: segment 1: paddr=0003dffc vaddr=3ffbdb60 size=0201ch (  8220) load[0m
[0;32mI (201) esp_image: segment 2: paddr=00040020 vaddr=400d0020 size=c2de8h (798184) map[0m
[0;32mI (477) esp_image: segment 3: paddr=00102e10 vaddr=3ffbfb7c size=03f5ch ( 16220) load[0m
[0;32mI (483) esp_image: segment 4: paddr=00106d74 vaddr=40080000 size=1cc6ch (117868) load[0m
[0;32mI (544) boot: Loaded app from partition at offset 0x10000[0m
[0;32mI (544) boot: Disabling RNG early entropy source...[0m
[0;32mI (556) quad_psram: This chip is ESP32-D0WD[0m
[0;32mI (556) esp_psram: Found 8MB PSRAM device[0m
[0;32mI (557) esp_psram: Speed: 40MHz[0m
[0;32mI (560) esp_psram: PSRAM initialized, cache is in normal (1-core) mode.[0m
[0;33mW (567) esp_psram: Virtual address not enough for PSRAM, map as much as we can. 4MB is mapped[0m
[0;32mI (576) cpu_start: Unicore app[0m
[0;32mI (580) cpu_start: Single core mode[0m
[0;32mI (1510) esp_psram: SPI SRAM memory test OK[0m
[0;32mI (1518) cpu_start: Pro cpu start user code[0m
[0;32mI (1518) cpu_start: cpu freq: 240000000 Hz[0m
[0;32mI (1518) app_init: Application information:[0m
[0;32mI (1521) app_init: Project name:     mesh_local_control[0m
[0;32mI (1527) app_init: App version:      f4bea835-dirty[0m
[0;32mI (1532) app_init: Compile time:     Aug 24 2024 21:55:48[0m
[0;32mI (1539) app_init: ELF file SHA256:  8524d1c8d...[0m
