ets Jul 29 2019 12:21:46

rst:0x1 (POWERON_RESET),boot:0x13 (SPI_FAST_FLASH_BOOT)
configsip: 0, SPIWP:0xee
clk_drv:0x00,q_drv:0x00,d_drv:0x00,cs0_drv:0x00,hd_drv:0x00,wp_drv:0x00
mode:DIO, clock div:2
load:0x3fff0030,len:7168
load:0x40078000,len:15452
load:0x40080400,len:4
load:0x40080404,len:3684
entry 0x40080614
[0;32mI (29) boot: ESP-IDF v5.3-dirty 2nd stage bootloader[0m
[0;32mI (29) boot: compile time Aug 24 2024 21:55:52[0m
[0;33mW (30) boot: Unicore bootloader[0m
[0;32mI (34) boot: chip revision: v3.1[0m
[0;32mI (38) boot.esp32: SPI Speed      : 40MHz[0m
[0;32mI (42) boot.esp32: SPI Mode       : DIO[0m
[0;32mI (47) boot.esp32: SPI Flash Size : 4MB[0m
[0;32mI (51) boot: Enabling RNG early entropy source...[0m
[0;32mI (57) boot: Partition Table:[0m
[0;32mI (60) boot: ## Label            Usage          Type ST Offset   Length[0m
[0;32mI (68) boot:  0 nvs              WiFi data        01 02 00009000 00004000[0m
[0;32mI (75) boot:  1 otadata          OTA data         01 00 0000d000 00002000[0m
[0;32mI (82) boot:  2 phy_init         RF data          01 01 0000f000 00001000[0m
[0;32mI (90) boot:  3 ota_0            OTA app          00 10 00010000 001e0000[0m
[0;32mI (97) boot:  4 ota_1            OTA app          00 11 001f0000 001e0000[0m
[0;32mI (105) boot:  5 coredump         Unknown data     01 03 003d0000 00010000[0m
[0;32mI (112) boot:  6 reserved         Unknown data     01 fe 003e0000 00020000[0m
[0;32mI (120) boot: End of partition table[0m
[0;32mI (124) boot: No factory image, trying OTA 0[0m
[0;32mI (129) esp_image: segment 0: paddr=00010020 vaddr=3f400020 size=2dfd4h (188372) map[0m
[0;32mI (202) esp_image: segment 1: paddr=0003dffc vaddr=3ffbdb60 size=0201ch (  8220) load[0m
[0;32mI (206) esp_image: segment 2: paddr=00040020 vaddr=400d0020 size=c2de8h (798184) map[0m
[0;32mI (482) esp_image: segment 3: paddr=00102e10 vaddr=3ffbfb7c size=03f5ch ( 16220) load[0m
[0;32mI (488) esp_image: segment 4: paddr=00106d74 vaddr=40080000 size=1cc6ch (117868) load[0m
[0;32mI (549) boot: Loaded app from partition at offset 0x10000[0m
[0;32mI (554) boot: Set actual ota_seq=1 in otadata[0][0m
[0;32mI (554) boot: Disabling RNG early entropy source...[0m
[0;32mI (566) quad_psram: This chip is ESP32-D0WD[0m
[0;32mI (567) esp_psram: Found 8MB PSRAM device[0m
[0;32mI (567) esp_psram: Speed: 40MHz[0m
[0;32mI (570) esp_psram: PSRAM initialized, cache is in normal (1-core) mode.[0m
[0;33mW (578) esp_psram: Virtual address not enough for PSRAM, map as much as we can. 4MB is mapped[0m
[0;32mI (587) cpu_start: Unicore app[0m
[0;32mI (590) cpu_start: Single core mode[0m
[0;32mI (1520) esp_psram: SPI SRAM memory test OK[0m
[0;32mI (1528) cpu_start: Pro cpu start user code[0m
[0;32mI (1528) cpu_start: cpu freq: 240000000 Hz[0m
[0;32mI (1528) app_init: Application information:[0m
[0;32mI (1531) app_init: Project name:     mesh_local_control[0m
[0;32mI (1537) app_init: App version:      f4bea835-dirty[0m
[0;32mI (1543) app_init: Compile time:     Aug 24 2024 21:55:48[0m
[0;32mI (1549) app_init: ELF file SHA256:  7e5faf7dd...[0m
[0;32mI (1554) app_init: ESP-IDF:          v5.3-dirty[0m
[0;32mI (1559) efuse_init: Min chip rev:     v0.0[0m
[0;32mI (1564) efuse_init: Max chip rev:     v3.99 [0m
[0;32mI (1569) efuse_init: Chip rev:         v3.1[0m
[0;32mI (1575) heap_init: Initializing. RAM available for dynamic allocation:[0m
[0;32mI (1582) heap_init: At 3FFAE6E0 len 0000F480 (61 KiB): DRAM[0m
[0;32mI (1588) heap_init: At 3FFC8940 len 000176C0 (93 KiB): DRAM[0m
[0;32mI (1594) heap_init: At 3FFE0440 len 0001FBC0 (126 KiB): D/IRAM[0m
[0;32mI (1600) heap_init: At 40078000 len 00008000 (32 KiB): IRAM[0m
[0;32mI (1607) heap_init: At 4009CC6C len 00003394 (12 KiB): IRAM[0m
[0;32mI (1613) heap_init: At 3FF80000 len 00002000 (8 KiB): RTCRAM[0m
[0;32mI (1620) esp_psram: Adding pool of 4096K of PSRAM memory to heap allocator[0m
[0;32mI (1628) spi_flash: detected chip: generic[0m
[0;32mI (1632) spi_flash: flash io: dio[0m
[0;33mW (1636) i2c: This driver is an old driver, please migrate your application code to adapt `driver/i2c_master.h`[0m
[0;32mI (1658) coexist: coex firmware version: dab85ae96[0m
[0;32mI (1659) main_task: Started on CPU0[0m
[0;32mI (1659) esp_psram: Reserving pool of 32K of internal memory for DMA/internal allocations[0m
[0;32mI (1667) main_task: Calling app_main()[0m
[0;32mI (1686) bridge_common: esp-iot-bridge version: 0.11.8[0m
I (1689) wifi:wifi driver task: 3ffbd604, prio:23, stack:6656, core=0
I (1692) wifi:wifi firmware version: 0caa81945
I (1693) wifi:wifi certification version: v7.0
I (1696) wifi:config NVS flash: enabled
I (1699) wifi:config nano formating: disabled
I (1703) wifi:Init data frame dynamic rx buffer num: 32
I (1708) wifi:Init static rx mgmt buffer num: 5
I (1712) wifi:Init management short buffer num: 32
I (1717) wifi:Init static tx buffer num: 16
I (1721) wifi:Init tx cache buffer num: 32
I (1725) wifi:Init static rx buffer size: 1600
I (1729) wifi:Init static rx buffer num: 10
I (1733) wifi:Init dynamic rx buffer num: 32
[0;32mI (1738) wifi_init: accept mbox: 6[0m
[0;32mI (1741) wifi_init: tcpip mbox: 32[0m
[0;32mI (1745) wifi_init: udp mbox: 6[0m
[0;32mI (1748) wifi_init: tcp mbox: 6[0m
[0;32mI (1752) wifi_init: tcp tx win: 5760[0m
[0;32mI (1756) wifi_init: tcp rx win: 5760[0m
[0;32mI (1761) wifi_init: tcp mss: 1440[0m
[0;32mI (1765) wifi_init: WiFi IRAM OP enabled[0m
[0;32mI (1769) wifi_init: WiFi RX IRAM OP enabled[0m
[0;32mI (1775) phy_init: phy_version 4830,54550f7,Jun 20 2024,14:22:08[0m
[0;33mW (1781) phy_init: failed to load RF calibration data (0x1102), falling back to full calibration[0m
[0;33mW (1843) phy_init: saving new calibration data because of checksum failure, mode(2)[0m
I (1855) wifi:mode : null
I (1857) wifi:mode : softAP (08:a6:f7:11:51:a9)
I (1859) wifi:Total power save buffer number: 8
I (1859) wifi:Init max length of beacon: 752/752
I (1862) wifi:Init max length of beacon: 752/752
[0;32mI (1869) esp_netif_lwip: DHCP server started on interface WIFI_AP_DEF with IP: 192.168.4.1[0m
Add netif ap with f4bea835(commit id)
[0;32mI (1878) bridge_common: netif list add success[0m
[0;31mE (1883) NVS: Failed to open NVS namespace[0m
[0;32mI (1888) bridge_common: IP Address:192.168.5.1[0m
[0;32mI (1893) bridge_common: GW Address:192.168.5.1[0m
[0;32mI (1898) bridge_common: NM Address:255.255.255.0[0m
[0;32mI (1903) bridge_common: [WIFI_AP_DEF ][0m
[0;32mI (1909) bridge_common: Set ip info:192.168.5.1[0m
[0;32mI (1913) bridge_wifi: SoftAP IP network segment has changed, deauth all station[0m
I (1925) wifi:Disabled PMF config for SoftAP
I (1926) wifi:Total power save buffer number: 8
[0;32mI (1932) esp_netif_lwip: DHCP server started on interface WIFI_AP_DEF with IP: 192.168.5.1[0m
[0;32mI (1938) bridge_common: [WIFI_AP_DEF ]Name Server1: 114.114.114.114[0m
[0;32mI (1945) bridge_common: DHCPS Restart, deauth all station[0m
Add netif sta with f4bea835(commit id)
[0;32mI (1954) bridge_common: netif list add success[0m
I (1960) wifi:mode : sta (08:a6:f7:11:51:a8) + softAP (08:a6:f7:11:51:a9)
I (1966) wifi:enable tsf
[0;31mE (1970) NVS: Failed to read IP info from NVS[0m
I (1974) wifi:Disabled PMF config for STA
[0;32mI (1977) bridge_wifi: [esp_bridge_wifi_set_config] sta ssid: Tran Con Dev password: password[0m
[0;32mI (1987) bridge_wifi: [esp_bridge_wifi_set_config] softap ssid: ESP_Bridge_1151a9 password: 12345678[0m
I (2169) wifi:Total power save buffer number: 8
[0;32mI (2174) esp_netif_lwip: DHCP server started on interface WIFI_AP_DEF with IP: 192.168.5.1[0m
[0;32mI (2176) bridge_wifi: SoftAP config changed, deauth all station[0m
[0;32mI (2181) Mesh-Lite: esp-mesh-lite component version: 1.0.0[0m
I (2187) ESPNOW: espnow [version: 1.0] init
[0;32mI (2191) [vendor_ie]: Mesh-Lite commit id: bc9302d
 [0m
[0;31mE (2198) [vendor_ie]: Error Get! [0m
[0;33mW (2200) [vendor_ie]: Mesh ID is not saved in flash [0m
[0;32mI (2206) [vendor_ie]: Mesh ID: 77 [0m
[0;33mW (2210) [vendor_ie]: Error Get[4354] [0m
[0;33mW (2214) [vendor_ie]: Error Get[4354] [0m
[0;32mI (2220) [ESP_Mesh_Lite_Comm]: msg action add success [0m
[0;32mI (2227) [ESP_Mesh_Lite_Comm]: Bind Socket 54, port 6364 [0m
[0;32mI (2231) [ESP_Mesh_Lite_Comm]: Bind Socket 55, port 6363 [0m
[0;32mI (2237) [ESP_Mesh_Lite_Comm]: Bind Socket 56, port 6366 [0m
[0;32mI (2243) [ESP_Mesh_Lite_Comm]: Bind Socket 57, port 6365 [0m
[0;32mI (2250) [mesh-lite-espnow]: Start espnow task [0m
[0;32mI (2256) Mesh-Lite: Mesh-Lite connecting[0m
[0;32mI (2261) [vendor_ie]: esp_mesh_lite_wifi_scan_start return ESP_OK [0m
[0;32mI (2266) gpio: GPIO[25]| InputEn: 1| OutputEn: 0| OpenDrain: 0| Pullup: 1| Pulldown: 0| Intr:2 [0m
[0;32mI (2276) cam_hal: cam init ok[0m
[0;32mI (2279) sccb: pin_sda 26 pin_scl 27[0m
[0;32mI (2282) sccb: sccb_i2c_port=1[0m
[0;32mI (2287) gpio: GPIO[32]| InputEn: 0| OutputEn: 1| OpenDrain: 0| Pullup: 0| Pulldown: 0| Intr:0 [0m
[0;32mI (2325) camera: Detected camera at address=0x30[0m
[0;32mI (2328) camera: Detected OV2640 camera[0m
[0;32mI (2328) camera: Camera PID=0x26 VER=0x42 MIDL=0x7f MIDH=0xa2[0m
[0;32mI (2395) cam_hal: buffer_size: 32768, half_buffer_size: 4096, node_buffer_size: 2048, node_cnt: 16, total_cnt: 45[0m
[0;32mI (2395) cam_hal: Allocating 184320 Byte frame buffer in PSRAM[0m
[0;32mI (2402) cam_hal: cam config ok[0m
[0;32mI (2405) ov2640: Set PLL: clk_2x: 0, clk_div: 0, pclk_auto: 0, pclk_div: 12[0m
[0;32mI (3803) [vendor_ie]: Mesh-Lite Scan done [0m
[0;32mI (3804) [vendor_ie]: RTC store: temp_mesh_id:255; ssid:Tran Con Dev; bssid:00:00:00:00:00:00; crc:2891781910 [0m
[0;32mI (3808) [vendor_ie]: wifi_cfg Tran Con Dev router_config Tran Con Dev [0m
[0;32mI (3817) [vendor_ie]: esp_mesh_lite_wifi_connect return ESP_OK [0m
I (4447) wifi:ap channel adjust o:1,1 n:4,1
I (4448) wifi:new:<4,0>, old:<1,1>, ap:<4,1>, sta:<4,0>, prof:1, snd_ch_cfg:0x0
I (4449) wifi:state: init -> auth (0xb0)
I (4456) wifi:state: auth -> assoc (0x0)
I (4461) wifi:state: assoc -> run (0x10)
I (4515) wifi:connected with Tran Con Dev, aid = 2, channel 4, BW20, bssid = e4:ca:12:bd:52:70
I (4515) wifi:security: WPA2-PSK, phy: bgn, rssi: -35
I (4518) wifi:pm start, type: 1

I (4520) wifi:dp: 1, bi: 102400, li: 3, scale listen interval from 307200 us to 307200 us
I (4602) wifi:AP's beacon interval = 102400 us, DTIM period = 1
[0;32mI (6599) bridge_common: [WIFI_AP_DEF ]Name Server1: 203.113.131.2[0m
[0;31mE (7490) esp-tls: [sock=58] select() timeout[0m
[0;31mE (7491) transport_base: Failed to open a new connection: 32774[0m
[0;31mE (7491) transport_ws: Error connecting to host 192.168.1.88:3000[0m
[0;31mE (7499) websocket_client: esp_transport_connect() failed with -1, transport_error=ESP_ERR_ESP_TLS_CONNECTION_TIMEOUT, tls_error_code=0, tls_flags=0, esp_ws_handshake_status_code=0, errno=119[0m
[0;31mE (7515) websocket_client: WebSocket client error[0m
[0;32mI (7520) websocket_client: Reconnect after 5000 ms[0m
[0;33mW (7526) cam_hal: Failed to get the frame on time![0m
[0;31mE (7531) websocket_client: Camera Capture Failed[0m
[0;32mI (7538) esp_netif_handlers: sta ip: 192.168.1.3, mask: 255.255.255.0, gw: 192.168.1.1[0m
[0;32mI (7545) bridge_wifi: Connected with IP Address:192.168.1.3[0m
[0;32mI (7554) [vendor_ie]: RTC store: temp_mesh_id:3; ssid:Tran Con Dev; bssid:00:00:00:00:00:00; crc:1060202104 [0m
[0;31mE (7563) [ESP_Mesh_Lite_Comm]: Error Get! [0m
[0;33mW (7567) [ESP_Mesh_Lite_Comm]: argot is not saved in flash [0m
[0;32mI (7579) websocket_client: WebSocket client connected[0m
[0;32mI (7580) esp32cam_security_gate: TCP client write task is running[0m
[0;33mW (11537) cam_hal: Failed to get the frame on time![0m
[0;31mE (11537) websocket_client: Camera Capture Failed[0m
[0;32mI (12605) websocket_client: WebSocket client connected[0m
[0;33mW (15537) cam_hal: Failed to get the frame on time![0m
[0;31mE (15537) websocket_client: Camera Capture Failed[0m
ets Jul 29 2019 12:21:46

rst:0x1 (POWERON_RESET),boot:0x13 (SPI_FAST_FLASH_BOOT)
configsip: 0, SPIWP:0xee
clk_drv:0x00,q_drv:0x00,d_drv:0x00,cs0_drv:0x00,hd_drv:0x00,wp_drv:0x00
mode:DIO, clock div:2
load:0x3fff0030,len:7168
load:0x40078000,len:15452
load:0x40080400,len:4
load:0x40080404,len:3684
entry 0x40080614
[0;32mI (29) boot: ESP-IDF v5.3-dirty 2nd stage bootloader[0m
[0;32mI (29) boot: compile time Aug 24 2024 21:55:52[0m
[0;33mW (29) boot: Unicore bootloader[0m
[0;32mI (34) boot: chip revision: v3.1[0m
[0;32mI (38) boot.esp32: SPI Speed      : 40MHz[0m
[0;32mI (42) boot.esp32: SPI Mode       : DIO[0m
[0;32mI (47) boot.esp32: SPI Flash Size : 4MB[0m
[0;32mI (51) boot: Enabling RNG early entropy source...[0m
[0;32mI (57) boot: Partition Table:[0m
[0;32mI (60) boot: ## Label            Usage          Type ST Offset   Length[0m
[0;32mI (68) boot:  0 nvs              WiFi data        01 02 00009000 00004000[0m
[0;32mI (75) boot:  1 otadata          OTA data         01 00 0000d000 00002000[0m
[0;32mI (82) boot:  2 phy_init         RF data          01 01 0000f000 00001000[0m
[0;32mI (90) boot:  3 ota_0            OTA app          00 10 00010000 001e0000[0m
[0;32mI (97) boot:  4 ota_1            OTA app          00 11 001f0000 001e0000[0m
[0;32mI (105) boot:  5 coredump         Unknown data     01 03 003d0000 00010000[0m
[0;32mI (112) boot:  6 reserved         Unknown data     01 fe 003e0000 00020000[0m
[0;32mI (120) boot: End of partition table[0m
[0;32mI (124) esp_image: segment 0: paddr=00010020 vaddr=3f400020 size=2dfd4h (188372) map[0m
[0;32mI (197) esp_image: segment 1: paddr=0003dffc vaddr=3ffbdb60 size=0201ch (  8220) load[0m
[0;32mI (201) esp_image: segment 2: paddr=00040020 vaddr=400d0020 size=c2de8h (798184) map[0m
[0;32mI (477) esp_image: segment 3: paddr=00102e10 vaddr=3ffbfb7c size=03f5ch ( 16220) load[0m
[0;32mI (483) esp_image: segment 4: paddr=00106d74 vaddr=40080000 size=1cc6ch (117868) load[0m
[0;32mI (544) boot: Loaded app from partition at offset 0x10000[0m
[0;32mI (544) boot: Disabling RNG early entropy source...[0m
[0;32mI (556) quad_psram: This chip is ESP32-D0WD[0m
[0;32mI (556) esp_psram: Found 8MB PSRAM device[0m
[0;32mI (557) esp_psram: Speed: 40MHz[0m
[0;32mI (560) esp_psram: PSRAM initialized, cache is in normal (1-core) mode.[0m
[0;33mW (567) esp_psram: Virtual address not enough for PSRAM, map as much as we can. 4MB is mapped[0m
[0;32mI (576) cpu_start: Unicore app[0m
[0;32mI (580) cpu_start: Single core mode[0m
[0;32mI (1510) esp_psram: SPI SRAM memory test OK[0m
[0;32mI (1518) cpu_start: Pro cpu start user code[0m
[0;32mI (1518) cpu_start: cpu freq: 240000000 Hz[0m
[0;32mI (1518) app_init: Application information:[0m
[0;32mI (1521) app_init: Project name:     mesh_local_control[0m
[0;32mI (1527) app_init: App version:      f4bea835-dirty[0m
[0;32mI (1532) app_init: Compile time:     Aug 24 2024 21:55:48[0m
[0;32mI (1539) app_init: ELF file SHA256:  7e5faf7dd...[0m
[0;32mI (1544) app_init: ESP-IDF:          v5.3-dirty[0m
[0;32mI (1549) efuse_init: Min chip rev:     v0.0[0m
[0;32mI (1554) efuse_init: Max chip rev:     v3.99 [0m
[0;32mI (1559) efuse_init: Chip rev:         v3.1[0m
[0;32mI (1564) heap_init: Initializing. RAM available for dynamic allocation:[0m
[0;32mI (1571) heap_init: At 3FFAE6E0 len 0000F480 (61 KiB): DRAM[0m
[0;32mI (1577) heap_init: At 3FFC8940 len 000176C0 (93 KiB): DRAM[0m
[0;32mI (1584) heap_init: At 3FFE0440 len 0001FBC0 (126 KiB): D/IRAM[0m
[0;32mI (1590) heap_init: At 40078000 len 00008000 (32 KiB): IRAM[0m
[0;32mI (1596) heap_init: At 4009CC6C len 00003394 (12 KiB): IRAM[0m
[0;32mI (1603) heap_init: At 3FF80000 len 00002000 (8 KiB): RTCRAM[0m
[0;32mI (1610) esp_psram: Adding pool of 4096K of PSRAM memory to heap allocator[0m
[0;32mI (1618) spi_flash: detected chip: generic[0m
[0;32mI (1621) spi_flash: flash io: dio[0m
[0;33mW (1626) i2c: This driver is an old driver, please migrate your application code to adapt `driver/i2c_master.h`[0m
[0;32mI (1648) coexist: coex firmware version: dab85ae96[0m
[0;32mI (1649) main_task: Started on CPU0[0m
[0;32mI (1649) esp_psram: Reserving pool of 32K of internal memory for DMA/internal allocations[0m
[0;32mI (1657) main_task: Calling app_main()[0m
[0;32mI (1678) bridge_common: esp-iot-bridge version: 0.11.8[0m
I (1681) wifi:wifi driver task: 3ffbd678, prio:23, stack:6656, core=0
I (1684) wifi:wifi firmware version: 0caa81945
I (1684) wifi:wifi certification version: v7.0
I (1688) wifi:config NVS flash: enabled
I (1691) wifi:config nano formating: disabled
I (1696) wifi:Init data frame dynamic rx buffer num: 32
I (1701) wifi:Init static rx mgmt buffer num: 5
I (1705) wifi:Init management short buffer num: 32
I (1709) wifi:Init static tx buffer num: 16
I (1713) wifi:Init tx cache buffer num: 32
I (1717) wifi:Init static rx buffer size: 1600
I (1721) wifi:Init static rx buffer num: 10
I (1725) wifi:Init dynamic rx buffer num: 32
[0;32mI (1730) wifi_init: accept mbox: 6[0m
[0;32mI (1733) wifi_init: tcpip mbox: 32[0m
[0;32mI (1737) wifi_init: udp mbox: 6[0m
[0;32mI (1741) wifi_init: tcp mbox: 6[0m
[0;32mI (1744) wifi_init: tcp tx win: 5760[0m
[0;32mI (1749) wifi_init: tcp rx win: 5760[0m
[0;32mI (1753) wifi_init: tcp mss: 1440[0m
[0;32mI (1757) wifi_init: WiFi IRAM OP enabled[0m
[0;32mI (1761) wifi_init: WiFi RX IRAM OP enabled[0m
[0;32mI (1767) phy_init: phy_version 4830,54550f7,Jun 20 2024,14:22:08[0m
I (1832) wifi:mode : null
I (1835) wifi:mode : softAP (08:a6:f7:11:51:a9)
I (1837) wifi:Total power save buffer number: 8
I (1837) wifi:Init max length of beacon: 752/752
I (1840) wifi:Init max length of beacon: 752/752
[0;32mI (1846) esp_netif_lwip: DHCP server started on interface WIFI_AP_DEF with IP: 192.168.4.1[0m
Add netif ap with f4bea835(commit id)
[0;32mI (1856) bridge_common: netif list add success[0m
[0;32mI (1862) bridge_common: [WIFI_AP_DEF ][0m
[0;32mI (1867) bridge_common: Set ip info:192.168.5.1[0m
[0;32mI (1871) bridge_wifi: SoftAP IP network segment has changed, deauth all station[0m
I (1881) wifi:Disabled PMF config for SoftAP
I (1883) wifi:Total power save buffer number: 8
[0;32mI (1890) esp_netif_lwip: DHCP server started on interface WIFI_AP_DEF with IP: 192.168.5.1[0m
[0;32mI (1896) bridge_common: [WIFI_AP_DEF ]Name Server1: 114.114.114.114[0m
[0;32mI (1903) bridge_common: DHCPS Restart, deauth all station[0m
Add netif sta with f4bea835(commit id)
[0;32mI (1912) bridge_common: netif list add success[0m
I (1918) wifi:mode : sta (08:a6:f7:11:51:a8) + softAP (08:a6:f7:11:51:a9)
I (1924) wifi:enable tsf
[0;31mE (1928) NVS: Failed to read IP info from NVS[0m
I (1931) wifi:Disabled PMF config for STA
[0;32mI (1935) bridge_wifi: [esp_bridge_wifi_set_config] sta ssid: Tran Con Dev password: password[0m
[0;32mI (1944) bridge_wifi: [esp_bridge_wifi_set_config] softap ssid: ESP_Bridge_1151a9 password: 12345678[0m
I (2127) wifi:Total power save buffer number: 8
[0;32mI (2131) esp_netif_lwip: DHCP server started on interface WIFI_AP_DEF with IP: 192.168.5.1[0m
[0;32mI (2132) bridge_wifi: SoftAP config changed, deauth all station[0m
[0;32mI (2136) Mesh-Lite: esp-mesh-lite component version: 1.0.0[0m
I (2143) ESPNOW: espnow [version: 1.0] init
[0;32mI (2146) [vendor_ie]: Mesh-Lite commit id: bc9302d
 [0m
[0;32mI (2153) [vendor_ie]: Mesh ID: 77 [0m
[0;32mI (2158) [ESP_Mesh_Lite_Comm]: msg action add success [0m
[0;32mI (2164) [ESP_Mesh_Lite_Comm]: Bind Socket 54, port 6364 [0m
[0;32mI (2168) [ESP_Mesh_Lite_Comm]: Bind Socket 55, port 6363 [0m
[0;32mI (2174) [ESP_Mesh_Lite_Comm]: Bind Socket 56, port 6366 [0m
[0;32mI (2180) [ESP_Mesh_Lite_Comm]: Bind Socket 57, port 6365 [0m
[0;32mI (2187) [mesh-lite-espnow]: Start espnow task [0m
[0;32mI (2192) Mesh-Lite: Mesh-Lite connecting[0m
[0;32mI (2199) [vendor_ie]: esp_mesh_lite_wifi_scan_start return ESP_OK [0m
[0;32mI (2203) gpio: GPIO[25]| InputEn: 1| OutputEn: 0| OpenDrain: 0| Pullup: 1| Pulldown: 0| Intr:2 [0m
[0;32mI (2213) cam_hal: cam init ok[0m
[0;32mI (2216) sccb: pin_sda 26 pin_scl 27[0m
[0;32mI (2220) sccb: sccb_i2c_port=1[0m
[0;32mI (2224) gpio: GPIO[32]| InputEn: 0| OutputEn: 1| OpenDrain: 0| Pullup: 0| Pulldown: 0| Intr:0 [0m
[0;32mI (2263) camera: Detected camera at address=0x30[0m
[0;32mI (2266) camera: Detected OV2640 camera[0m
[0;32mI (2266) camera: Camera PID=0x26 VER=0x42 MIDL=0x7f MIDH=0xa2[0m
[0;32mI (2331) cam_hal: buffer_size: 32768, half_buffer_size: 4096, node_buffer_size: 2048, node_cnt: 16, total_cnt: 45[0m
[0;32mI (2332) cam_hal: Allocating 184320 Byte frame buffer in PSRAM[0m
[0;32mI (2338) cam_hal: cam config ok[0m
[0;32mI (2342) ov2640: Set PLL: clk_2x: 0, clk_div: 0, pclk_auto: 0, pclk_div: 12[0m
[0;32mI (3741) [vendor_ie]: Mesh-Lite Scan done [0m
[0;32mI (3743) [vendor_ie]: RTC store: temp_mesh_id:255; ssid:Tran Con Dev; bssid:00:00:00:00:00:00; crc:2891781910 [0m
[0;32mI (3747) [vendor_ie]: wifi_cfg Tran Con Dev router_config Tran Con Dev [0m
[0;32mI (3755) [vendor_ie]: esp_mesh_lite_wifi_connect return ESP_OK [0m
I (4386) wifi:ap channel adjust o:1,1 n:4,1
I (4387) wifi:new:<4,0>, old:<1,1>, ap:<4,1>, sta:<4,0>, prof:1, snd_ch_cfg:0x0
I (4388) wifi:state: init -> auth (0xb0)
I (4396) wifi:state: auth -> assoc (0x0)
I (4401) wifi:state: assoc -> run (0x10)
I (4445) wifi:connected with Tran Con Dev, aid = 2, channel 4, BW20, bssid = e4:ca:12:bd:52:70
I (4446) wifi:security: WPA2-PSK, phy: bgn, rssi: -43
I (4448) wifi:pm start, type: 1

I (4451) wifi:dp: 1, bi: 102400, li: 3, scale listen interval from 307200 us to 307200 us
I (4488) wifi:AP's beacon interval = 102400 us, DTIM period = 1
[0;32mI (6569) bridge_common: [WIFI_AP_DEF ]Name Server1: 203.113.131.2[0m
[0;31mE (7425) esp-tls: [sock=58] select() timeout[0m
[0;31mE (7426) transport_base: Failed to open a new connection: 32774[0m
[0;31mE (7426) transport_ws: Error connecting to host 192.168.1.88:3000[0m
[0;31mE (7433) websocket_client: esp_transport_connect() failed with -1, transport_error=ESP_ERR_ESP_TLS_CONNECTION_TIMEOUT, tls_error_code=0, tls_flags=0, esp_ws_handshake_status_code=0, errno=119[0m
[0;31mE (7450) websocket_client: WebSocket client error[0m
[0;32mI (7455) websocket_client: Reconnect after 5000 ms[0m
[0;32mI (7461) websocket_client: WebSocket client connected[0m
[0;31mE (7467) websocket_client: Websocket client is not connected[0m
[0;33mW (7473) websocket_client: Waiting for WebSocket connection to resume sending image...[0m
[0;32mI (7483) esp_netif_handlers: sta ip: 192.168.1.3, mask: 255.255.255.0, gw: 192.168.1.1[0m
[0;32mI (7490) bridge_wifi: Connected with IP Address:192.168.1.3[0m
[0;32mI (7497) [vendor_ie]: RTC store: temp_mesh_id:3; ssid:Tran Con Dev; bssid:00:00:00:00:00:00; crc:2969825598 [0m
[0;32mI (7513) esp32cam_security_gate: TCP client write task is running[0m
[0;32mI (12698) websocket_client: WebSocket client connected[0m
[0;32mI (12736) websocket_client: Image sent to WebSocket: 21434 bytes (0.1fps)[0m
[0;32mI (12922) websocket_client: Image sent to WebSocket: 37688 bytes (5.4fps)[0m
[0;32mI (13360) websocket_client: Image sent to WebSocket: 37730 bytes (2.3fps)[0m
[0;32mI (13580) websocket_client: Image sent to WebSocket: 38170 bytes (4.5fps)[0m
[0;32mI (14015) websocket_client: Image sent to WebSocket: 38046 bytes (2.3fps)[0m
[0;32mI (14203) websocket_client: Image sent to WebSocket: 38406 bytes (5.3fps)[0m
[0;32mI (14491) websocket_client: Image sent to WebSocket: 37900 bytes (3.5fps)[0m
[0;32mI (14676) websocket_client: Image sent to WebSocket: 37542 bytes (5.4fps)[0m
[0;32mI (14844) websocket_client: Image sent to WebSocket: 37717 bytes (6.0fps)[0m
[0;32mI (15338) websocket_client: Image sent to WebSocket: 37731 bytes (2.0fps)[0m
[0;32mI (16057) websocket_client: Image sent to WebSocket: 37962 bytes (1.4fps)[0m
[0;32mI (16329) websocket_client: Image sent to WebSocket: 38083 bytes (3.7fps)[0m
[0;32mI (16544) websocket_client: Image sent to WebSocket: 38505 bytes (4.7fps)[0m
[0;32mI (16759) websocket_client: Image sent to WebSocket: 39592 bytes (4.7fps)[0m
[0;32mI (17002) websocket_client: Image sent to WebSocket: 38687 bytes (4.1fps)[0m
[0;32mI (17254) websocket_client: Image sent to WebSocket: 38611 bytes (4.0fps)[0m
[0;32mI (17485) websocket_client: Image sent to WebSocket: 39265 bytes (4.3fps)[0m
[0;32mI (17717) websocket_client: Image sent to WebSocket: 38919 bytes (4.3fps)[0m
[0;32mI (17953) websocket_client: Image sent to WebSocket: 38495 bytes (4.3fps)[0m
[0;32mI (18113) websocket_client: Image sent to WebSocket: 38770 bytes (6.2fps)[0m
[0;32mI (18293) websocket_client: Image sent to WebSocket: 38938 bytes (5.6fps)[0m
[0;32mI (18594) websocket_client: Image sent to WebSocket: 39198 bytes (3.3fps)[0m
[0;32mI (18831) websocket_client: Image sent to WebSocket: 39205 bytes (4.2fps)[0m
[0;32mI (18997) websocket_client: Image sent to WebSocket: 39089 bytes (6.1fps)[0m
[0;32mI (19407) websocket_client: Image sent to WebSocket: 39154 bytes (2.4fps)[0m
[0;32mI (19817) websocket_client: Image sent to WebSocket: 39503 bytes (2.4fps)[0m
[0;32mI (20125) websocket_client: Image sent to WebSocket: 38660 bytes (3.2fps)[0m
[0;32mI (20362) websocket_client: Image sent to WebSocket: 38281 bytes (4.2fps)[0m
[0;32mI (20645) websocket_client: Image sent to WebSocket: 40956 bytes (3.5fps)[0m
ets Jul 29 2019 12:21:46

rst:0x1 (POWERON_RESET),boot:0x13 (SPI_FAST_FLASH_BOOT)
configsip: 0, SPIWP:0xee
clk_drv:0x00,q_drv:0x00,d_drv:0x00,cs0_drv:0x00,hd_drv:0x00,wp_drv:0x00
mode:DIO, clock div:2
load:0x3fff0030,len:7168
load:0x40078000,len:15452
load:0x40080400,len:4
load:0x40080404,len:3684
entry 0x40080614
[0;32mI (29) boot: ESP-IDF v5.3-dirty 2nd stage bootloader[0m
[0;32mI (29) boot: compile time Aug 24 2024 21:55:52[0m
[0;33mW (29) boot: Unicore bootloader[0m
[0;32mI (34) boot: chip revision: v3.1[0m
[0;32mI (38) boot.esp32: SPI Speed      : 40MHz[0m
[0;32mI (42) boot.esp32: SPI Mode       : DIO[0m
[0;32mI (47) boot.esp32: SPI Flash Size : 4MB[0m
[0;32mI (51) boot: Enabling RNG early entropy source...[0m
[0;32mI (57) boot: Partition Table:[0m
[0;32mI (60) boot: ## Label            Usage          Type ST Offset   Length[0m
[0;32mI (68) boot:  0 nvs              WiFi data        01 02 00009000 00004000[0m
[0;32mI (75) boot:  1 otadata          OTA data         01 00 0000d000 00002000[0m
[0;32mI (82) boot:  2 phy_init         RF data          01 01 0000f000 00001000[0m
[0;32mI (90) boot:  3 ota_0            OTA app          00 10 00010000 001e0000[0m
[0;32mI (97) boot:  4 ota_1            OTA app          00 11 001f0000 001e0000[0m
[0;32mI (105) boot:  5 coredump         Unknown data     01 03 003d0000 00010000[0m
[0;32mI (112) boot:  6 reserved         Unknown data     01 fe 003e0000 00020000[0m
[0;32mI (120) boot: End of partition table[0m
[0;32mI (124) esp_image: segment 0: paddr=00010020 vaddr=3f400020 size=2dfd4h (188372) map[0m
[0;32mI (197) esp_image: segment 1: paddr=0003dffc vaddr=3ffbdb60 size=0201ch (  8220) load[0m
[0;32mI (201) esp_image: segment 2: paddr=00040020 vaddr=400d0020 size=c2de8h (798184) map[0m
[0;32mI (477) esp_image: segment 3: paddr=00102e10 vaddr=3ffbfb7c size=03f5ch ( 16220) load[0m
[0;32mI (483) esp_image: segment 4: paddr=00106d74 vaddr=40080000 size=1cc6ch (117868) load[0m
[0;32mI (544) boot: Loaded app from partition at offset 0x10000[0m
[0;32mI (544) boot: Disabling RNG early entropy source...[0m
[0;32mI (556) quad_psram: This chip is ESP32-D0WD[0m
[0;32mI (556) esp_psram: Found 8MB PSRAM device[0m
[0;32mI (557) esp_psram: Speed: 40MHz[0m
[0;32mI (560) esp_psram: PSRAM initialized, cache is in normal (1-core) mode.[0m
[0;33mW (567) esp_psram: Virtual address not enough for PSRAM, map as much as we can. 4MB is mapped[0m
[0;32mI (576) cpu_start: Unicore app[0m
[0;32mI (580) cpu_start: Single core mode[0m
[0;32mI (1510) esp_psram: SPI SRAM memory test OK[0m
[0;32mI (1518) cpu_start: Pro cpu start user code[0m
[0;32mI (1518) cpu_start: cpu freq: 240000000 Hz[0m
[0;32mI (1518) app_init: Application information:[0m
[0;32mI (1521) app_init: Project name:     mesh_local_control[0m
[0;32mI (1527) app_init: App version:      f4bea835-dirty[0m
[0;32mI (1532) app_init: Compile time:     Aug 24 2024 21:55:48[0m
[0;32mI (1539) app_init: ELF file SHA256:  7e5faf7dd...[0m
[0;32mI (1544) app_init: ESP-IDF:          v5.3-dirty[0m
[0;32mI (1549) efuse_init: Min chip rev:     v0.0[0m
[0;32mI (1554) efuse_init: Max chip rev:     v3.99 [0m
[0;32mI (1559) efuse_init: Chip rev:         v3.1[0m
[0;32mI (1564) heap_init: Initializing. RAM available for dynamic allocation:[0m
[0;32mI (1571) heap_init: At 3FFAE6E0 len 0000F480 (61 KiB): DRAM[0m
[0;32mI (1577) heap_init: At 3FFC8940 len 000176C0 (93 KiB): DRAM[0m
[0;32mI (1584) heap_init: At 3FFE0440 len 0001FBC0 (126 KiB): D/IRAM[0m
[0;32mI (1590) heap_init: At 40078000 len 00008000 (32 KiB): IRAM[0m
[0;32mI (1596) heap_init: At 4009CC6C len 00003394 (12 KiB): IRAM[0m
[0;32mI (1603) heap_init: At 3FF80000 len 00002000 (8 KiB): RTCRAM[0m
[0;32mI (1610) esp_psram: Adding pool of 4096K of PSRAM memory to heap allocator[0m
[0;32mI (1618) spi_flash: detected chip: generic[0m
[0;32mI (1621) spi_flash: flash io: dio[0m
[0;33mW (1626) i2c: This driver is an old driver, please migrate your application code to adapt `driver/i2c_master.h`[0m
[0;32mI (1648) coexist: coex firmware version: dab85ae96[0m
[0;32mI (1649) main_task: Started on CPU0[0m
[0;32mI (1649) esp_psram: Reserving pool of 32K of internal memory for DMA/internal allocations[0m
[0;32mI (1657) main_task: Calling app_main()[0m
[0;32mI (1678) bridge_common: esp-iot-bridge version: 0.11.8[0m
I (1681) wifi:wifi driver task: 3ffbd678, prio:23, stack:6656, core=0
I (1684) wifi:wifi firmware version: 0caa81945
I (1684) wifi:wifi certification version: v7.0
I (1688) wifi:config NVS flash: enabled
I (1691) wifi:config nano formating: disabled
I (1696) wifi:Init data frame dynamic rx buffer num: 32
I (1701) wifi:Init static rx mgmt buffer num: 5
I (1705) wifi:Init management short buffer num: 32
I (1709) wifi:Init static tx buffer num: 16
I (1713) wifi:Init tx cache buffer num: 32
I (1717) wifi:Init static rx buffer size: 1600
I (1721) wifi:Init static rx buffer num: 10
I (1725) wifi:Init dynamic rx buffer num: 32
[0;32mI (1730) wifi_init: accept mbox: 6[0m
[0;32mI (1733) wifi_init: tcpip mbox: 32[0m
[0;32mI (1737) wifi_init: udp mbox: 6[0m
[0;32mI (1741) wifi_init: tcp mbox: 6[0m
[0;32mI (1744) wifi_init: tcp tx win: 5760[0m
[0;32mI (1749) wifi_init: tcp rx win: 5760[0m
[0;32mI (1753) wifi_init: tcp mss: 1440[0m
[0;32mI (1757) wifi_init: WiFi IRAM OP enabled[0m
[0;32mI (1761) wifi_init: WiFi RX IRAM OP enabled[0m
[0;32mI (1767) phy_init: phy_version 4830,54550f7,Jun 20 2024,14:22:08[0m
I (1830) wifi:mode : null
I (1832) wifi:mode : softAP (08:a6:f7:11:51:a9)
I (1834) wifi:Total power save buffer number: 8
I (1834) wifi:Init max length of beacon: 752/752
I (1837) wifi:Init max length of beacon: 752/752
[0;32mI (1844) esp_netif_lwip: DHCP server started on interface WIFI_AP_DEF with IP: 192.168.4.1[0m
Add netif ap with f4bea835(commit id)
[0;32mI (1853) bridge_common: netif list add success[0m
[0;32mI (1859) bridge_common: [WIFI_AP_DEF ][0m
[0;32mI (1864) bridge_common: Set ip info:192.168.5.1[0m
[0;32mI (1868) bridge_wifi: SoftAP IP network segment has changed, deauth all station[0m
I (1878) wifi:Disabled PMF config for SoftAP
I (1881) wifi:Total power save buffer number: 8
[0;32mI (1887) esp_netif_lwip: DHCP server started on interface WIFI_AP_DEF with IP: 192.168.5.1[0m
[0;32mI (1893) bridge_common: [WIFI_AP_DEF ]Name Server1: 114.114.114.114[0m
[0;32mI (1900) bridge_common: DHCPS Restart, deauth all station[0m
Add netif sta with f4bea835(commit id)
[0;32mI (1909) bridge_common: netif list add success[0m
I (1915) wifi:mode : sta (08:a6:f7:11:51:a8) + softAP (08:a6:f7:11:51:a9)
I (1921) wifi:enable tsf
[0;31mE (1925) NVS: Failed to read IP info from NVS[0m
I (1928) wifi:Disabled PMF config for STA
[0;32mI (1932) bridge_wifi: [esp_bridge_wifi_set_config] sta ssid: Tran Con Dev password: password[0m
[0;32mI (1941) bridge_wifi: [esp_bridge_wifi_set_config] softap ssid: ESP_Bridge_1151a9 password: 12345678[0m
I (2124) wifi:Total power save buffer number: 8
[0;32mI (2128) esp_netif_lwip: DHCP server started on interface WIFI_AP_DEF with IP: 192.168.5.1[0m
[0;32mI (2130) bridge_wifi: SoftAP config changed, deauth all station[0m
[0;32mI (2134) Mesh-Lite: esp-mesh-lite component version: 1.0.0[0m
I (2140) ESPNOW: espnow [version: 1.0] init
[0;32mI (2143) [vendor_ie]: Mesh-Lite commit id: bc9302d
 [0m
[0;32mI (2150) [vendor_ie]: Mesh ID: 77 [0m
[0;32mI (2155) [ESP_Mesh_Lite_Comm]: msg action add success [0m
[0;32mI (2161) [ESP_Mesh_Lite_Comm]: Bind Socket 54, port 6364 [0m
[0;32mI (2165) [ESP_Mesh_Lite_Comm]: Bind Socket 55, port 6363 [0m
[0;32mI (2171) [ESP_Mesh_Lite_Comm]: Bind Socket 56, port 6366 [0m
[0;32mI (2177) [ESP_Mesh_Lite_Comm]: Bind Socket 57, port 6365 [0m
[0;32mI (2184) [mesh-lite-espnow]: Start espnow task [0m
[0;32mI (2190) Mesh-Lite: Mesh-Lite connecting[0m
[0;32mI (2196) [vendor_ie]: esp_mesh_lite_wifi_scan_start return ESP_OK [0m
[0;32mI (2200) gpio: GPIO[25]| InputEn: 1| OutputEn: 0| OpenDrain: 0| Pullup: 1| Pulldown: 0| Intr:2 [0m
[0;32mI (2210) cam_hal: cam init ok[0m
[0;32mI (2213) sccb: pin_sda 26 pin_scl 27[0m
[0;32mI (2217) sccb: sccb_i2c_port=1[0m
[0;32mI (2222) gpio: GPIO[32]| InputEn: 0| OutputEn: 1| OpenDrain: 0| Pullup: 0| Pulldown: 0| Intr:0 [0m
[0;32mI (2260) camera: Detected camera at address=0x30[0m
[0;32mI (2263) camera: Detected OV2640 camera[0m
[0;32mI (2263) camera: Camera PID=0x26 VER=0x42 MIDL=0x7f MIDH=0xa2[0m
[0;32mI (2328) cam_hal: buffer_size: 32768, half_buffer_size: 4096, node_buffer_size: 2048, node_cnt: 16, total_cnt: 45[0m
[0;32mI (2329) cam_hal: Allocating 184320 Byte frame buffer in PSRAM[0m
[0;32mI (2335) cam_hal: cam config ok[0m
[0;32mI (2339) ov2640: Set PLL: clk_2x: 0, clk_div: 0, pclk_auto: 0, pclk_div: 12[0m
[0;32mI (3738) [vendor_ie]: Mesh-Lite Scan done [0m
[0;32mI (3740) [vendor_ie]: RTC store: temp_mesh_id:255; ssid:Tran Con Dev; bssid:00:00:00:00:00:00; crc:2891781910 [0m
[0;32mI (3744) [vendor_ie]: wifi_cfg Tran Con Dev router_config Tran Con Dev [0m
[0;32mI (3752) [vendor_ie]: esp_mesh_lite_wifi_connect return ESP_OK [0m
I (4383) wifi:ap channel adjust o:1,1 n:4,1
I (4384) wifi:new:<4,0>, old:<1,1>, ap:<4,1>, sta:<4,0>, prof:1, snd_ch_cfg:0x0
I (4385) wifi:state: init -> auth (0xb0)
I (4392) wifi:state: auth -> assoc (0x0)
I (4397) wifi:state: assoc -> run (0x10)
I (4441) wifi:connected with Tran Con Dev, aid = 2, channel 4, BW20, bssid = e4:ca:12:bd:52:70
I (4442) wifi:security: WPA2-PSK, phy: bgn, rssi: -44
I (4444) wifi:pm start, type: 1

I (4447) wifi:dp: 1, bi: 102400, li: 3, scale listen interval from 307200 us to 307200 us
I (4529) wifi:AP's beacon interval = 102400 us, DTIM period = 1
[0;32mI (6631) bridge_common: [WIFI_AP_DEF ]Name Server1: 203.113.131.2[0m
[0;31mE (7422) esp-tls: [sock=58] select() timeout[0m
[0;31mE (7423) transport_base: Failed to open a new connection: 32774[0m
[0;31mE (7423) transport_ws: Error connecting to host 192.168.1.88:3000[0m
[0;31mE (7430) websocket_client: esp_transport_connect() failed with -1, transport_error=ESP_ERR_ESP_TLS_CONNECTION_TIMEOUT, tls_error_code=0, tls_flags=0, esp_ws_handshake_status_code=0, errno=119[0m
[0;31mE (7447) websocket_client: WebSocket client error[0m
[0;32mI (7453) websocket_client: Reconnect after 5000 ms[0m
[0;32mI (7458) websocket_client: WebSocket client connected[0m
[0;31mE (7464) websocket_client: Websocket client is not connected[0m
[0;33mW (7470) websocket_client: Waiting for WebSocket connection to resume sending image...[0m
[0;32mI (7480) esp_netif_handlers: sta ip: 192.168.1.3, mask: 255.255.255.0, gw: 192.168.1.1[0m
[0;32mI (7487) bridge_wifi: Connected with IP Address:192.168.1.3[0m
[0;32mI (7494) [vendor_ie]: RTC store: temp_mesh_id:3; ssid:Tran Con Dev; bssid:00:00:00:00:00:00; crc:187743618 [0m
[0;32mI (7510) esp32cam_security_gate: TCP client write task is running[0m
[0;32mI (12543) websocket_client: WebSocket client connected[0m
[0;32mI (12585) websocket_client: Image sent to WebSocket: 21443 bytes (0.1fps)[0m
[0;32mI (12753) websocket_client: Image sent to WebSocket: 32227 bytes (6.0fps)[0m
[0;32mI (12923) websocket_client: Image sent to WebSocket: 33161 bytes (5.9fps)[0m
[0;32mI (13187) websocket_client: Image sent to WebSocket: 31295 bytes (3.8fps)[0m
[0;32mI (13397) websocket_client: Image sent to WebSocket: 32094 bytes (4.8fps)[0m
[0;32mI (14118) websocket_client: Image sent to WebSocket: 32252 bytes (1.4fps)[0m
[0;32mI (16074) websocket_client: Image sent to WebSocket: 31616 bytes (0.5fps)[0m
[0;32mI (16289) websocket_client: Image sent to WebSocket: 31897 bytes (4.7fps)[0m
[0;32mI (16634) websocket_client: Image sent to WebSocket: 31631 bytes (2.9fps)[0m
[0;32mI (17144) websocket_client: Image sent to WebSocket: 31909 bytes (2.0fps)[0m
[0;32mI (17337) websocket_client: Image sent to WebSocket: 31884 bytes (5.2fps)[0m
[0;32mI (17573) websocket_client: Image sent to WebSocket: 31350 bytes (4.3fps)[0m
[0;32mI (17806) websocket_client: Image sent to WebSocket: 32147 bytes (4.3fps)[0m
[0;32mI (18038) websocket_client: Image sent to WebSocket: 32128 bytes (4.3fps)[0m
[0;32mI (18320) websocket_client: Image sent to WebSocket: 32033 bytes (3.6fps)[0m
[0;32mI (18532) websocket_client: Image sent to WebSocket: 32177 bytes (4.7fps)[0m
[0;32mI (19552) websocket_client: Image sent to WebSocket: 32150 bytes (1.0fps)[0m
[0;32mI (19799) websocket_client: Image sent to WebSocket: 31633 bytes (4.1fps)[0m
[0;32mI (20051) websocket_client: Image sent to WebSocket: 32165 bytes (4.0fps)[0m
[0;32mI (20389) websocket_client: Image sent to WebSocket: 32866 bytes (3.0fps)[0m
[0;32mI (20929) websocket_client: Image sent to WebSocket: 31984 bytes (1.9fps)[0m
[0;32mI (21182) websocket_client: Image sent to WebSocket: 30706 bytes (4.0fps)[0m
[0;32mI (21384) websocket_client: Image sent to WebSocket: 30886 bytes (5.0fps)[0m
[0;32mI (21549) websocket_client: Image sent to WebSocket: 30625 bytes (6.1fps)[0m
[0;32mI (21708) websocket_client: Image sent to WebSocket: 30964 bytes (6.3fps)[0m
[0;32mI (21871) websocket_client: Image sent to WebSocket: 31124 bytes (6.1fps)[0m
[0;32mI (22033) websocket_client: Image sent to WebSocket: 30555 bytes (6.2fps)[0m
[0;32mI (22328) websocket_client: Image sent to WebSocket: 30631 bytes (3.4fps)[0m
[0;32mI (22521) websocket_client: Image sent to WebSocket: 30888 bytes (5.2fps)[0m
[0;32mI (22801) websocket_client: Image sent to WebSocket: 30554 bytes (3.6fps)[0m
[0;32mI (23007) websocket_client: Image sent to WebSocket: 30537 bytes (4.9fps)[0m
[0;32mI (24123) websocket_client: Image sent to WebSocket: 30892 bytes (0.9fps)[0m
[0;32mI (24348) websocket_client: Image sent to WebSocket: 30962 bytes (4.5fps)[0m
[0;32mI (24498) websocket_client: Image sent to WebSocket: 29723 bytes (6.7fps)[0m
[0;32mI (24665) websocket_client: Image sent to WebSocket: 30886 bytes (6.0fps)[0m
[0;32mI (24817) websocket_client: Image sent to WebSocket: 30124 bytes (6.6fps)[0m
[0;32mI (24981) websocket_client: Image sent to WebSocket: 30493 bytes (6.1fps)[0m
[0;32mI (25141) websocket_client: Image sent to WebSocket: 30596 bytes (6.2fps)[0m
[0;32mI (25312) websocket_client: Image sent to WebSocket: 30242 bytes (5.9fps)[0m
[0;32mI (25580) websocket_client: Image sent to WebSocket: 30257 bytes (3.7fps)[0m
[0;32mI (25773) websocket_client: Image sent to WebSocket: 30499 bytes (5.2fps)[0m
[0;32mI (25913) websocket_client: Image sent to WebSocket: 22638 bytes (7.1fps)[0m
[0;32mI (26097) websocket_client: Image sent to WebSocket: 30555 bytes (5.4fps)[0m
[0;32mI (26263) websocket_client: Image sent to WebSocket: 30419 bytes (6.0fps)[0m
[0;32mI (26406) websocket_client: Image sent to WebSocket: 22906 bytes (7.0fps)[0m
[0;32mI (26562) websocket_client: Image sent to WebSocket: 21476 bytes (6.4fps)[0m
[0;32mI (27478) websocket_client: Image sent to WebSocket: 20997 bytes (1.1fps)[0m
[0;32mI (27694) websocket_client: Image sent to WebSocket: 21817 bytes (4.6fps)[0m
[0;32mI (27876) websocket_client: Image sent to WebSocket: 33870 bytes (5.5fps)[0m
[0;32mI (28109) websocket_client: Image sent to WebSocket: 34565 bytes (4.3fps)[0m
[0;32mI (28365) websocket_client: Image sent to WebSocket: 33679 bytes (3.9fps)[0m
[0;32mI (28602) websocket_client: Image sent to WebSocket: 33342 bytes (4.2fps)[0m
[0;32mI (28844) websocket_client: Image sent to WebSocket: 34636 bytes (4.1fps)[0m
[0;32mI (29070) websocket_client: Image sent to WebSocket: 27434 bytes (4.4fps)[0m
[0;32mI (29315) websocket_client: Image sent to WebSocket: 27591 bytes (4.1fps)[0m
[0;32mI (29540) websocket_client: Image sent to WebSocket: 27636 bytes (4.4fps)[0m
[0;32mI (41622) websocket_client: Image sent to WebSocket: 24389 bytes (0.1fps)[0m
[0;31mE (41779) websocket_client: Websocket client is not connected[0m
[0;33mW (41780) websocket_client: Waiting for WebSocket connection to resume sending image...[0m
