ets Jul 29 2019 12:21:46

rst:0x1 (POWERON_RESET),boot:0x13 (SPI_FAST_FLASH_BOOT)
configsip: 0, SPIWP:0xee
clk_drv:0x00,q_drv:0x00,d_drv:0x00,cs0_drv:0x00,hd_drv:0x00,wp_drv:0x00
mode:DIO, clock div:2
load:0x3fff0030,len:7168
load:0x40078000,len:15452
load:0x40080400,len:4
load:0x40080404,len:3684
entry 0x40080614
[0;32mI (29) boot: ESP-IDF v5.3-dirty 2nd stage bootloader[0m
[0;32mI (29) boot: compile time Aug 18 2024 03:13:10[0m
[0;33mW (29) boot: Unicore bootloader[0m
[0;32mI (34) boot: chip revision: v3.1[0m
[0;32mI (38) boot.esp32: SPI Speed      : 40MHz[0m
[0;32mI (42) boot.esp32: SPI Mode       : DIO[0m
[0;32mI (47) boot.esp32: SPI Flash Size : 4MB[0m
[0;32mI (51) boot: Enabling RNG early entropy source...[0m
[0;32mI (57) boot: Partition Table:[0m
[0;32mI (60) boot: ## Label            Usage          Type ST Offset   Length[0m
[0;32mI (68) boot:  0 nvs              WiFi data        01 02 00009000 00004000[0m
[0;32mI (75) boot:  1 otadata          OTA data         01 00 0000d000 00002000[0m
[0;32mI (82) boot:  2 phy_init         RF data          01 01 0000f000 00001000[0m
[0;32mI (90) boot:  3 ota_0            OTA app          00 10 00010000 001e0000[0m
[0;32mI (97) boot:  4 ota_1            OTA app          00 11 001f0000 001e0000[0m
[0;32mI (105) boot:  5 coredump         Unknown data     01 03 003d0000 00010000[0m
[0;32mI (112) boot:  6 reserved         Unknown data     01 fe 003e0000 00020000[0m
[0;32mI (120) boot: End of partition table[0m
[0;32mI (124) boot: No factory image, trying OTA 0[0m
[0;32mI (129) esp_image: segment 0: paddr=00010020 vaddr=3f400020 size=2d83ch (186428) map[0m
[0;32mI (202) esp_image: segment 1: paddr=0003d864 vaddr=3ffbdb60 size=027b4h ( 10164) load[0m
[0;32mI (206) esp_image: segment 2: paddr=00040020 vaddr=400d0020 size=c2208h (795144) map[0m
[0;32mI (480) esp_image: segment 3: paddr=00102230 vaddr=3ffc0314 size=037b4h ( 14260) load[0m
[0;32mI (485) esp_image: segment 4: paddr=001059ec vaddr=40080000 size=1c858h (116824) load[0m
[0;32mI (546) boot: Loaded app from partition at offset 0x10000[0m
[0;32mI (551) boot: Set actual ota_seq=1 in otadata[0][0m
[0;32mI (551) boot: Disabling RNG early entropy source...[0m
[0;32mI (563) quad_psram: This chip is ESP32-D0WD[0m
[0;32mI (564) esp_psram: Found 8MB PSRAM device[0m
[0;32mI (564) esp_psram: Speed: 40MHz[0m
[0;32mI (567) esp_psram: PSRAM initialized, cache is in normal (1-core) mode.[0m
[0;33mW (575) esp_psram: Virtual address not enough for PSRAM, map as much as we can. 4MB is mapped[0m
[0;32mI (584) cpu_start: Unicore app[0m
[0;32mI (587) cpu_start: Single core mode[0m
[0;32mI (1517) esp_psram: SPI SRAM memory test OK[0m
[0;32mI (1525) cpu_start: Pro cpu start user code[0m
[0;32mI (1525) cpu_start: cpu freq: 240000000 Hz[0m
[0;32mI (1525) app_init: Application information:[0m
[0;32mI (1528) app_init: Project name:     mesh_local_control[0m
[0;32mI (1534) app_init: App version:      5e0a053-dirty[0m
[0;32mI (1540) app_init: Compile time:     Aug 19 2024 08:33:55[0m
[0;32mI (1546) app_init: ELF file SHA256:  bf8091536...[0m
[0;32mI (1551) app_init: ESP-IDF:          v5.3-dirty[0m
[0;32mI (1556) efuse_init: Min chip rev:     v0.0[0m
[0;32mI (1561) efuse_init: Max chip rev:     v3.99 [0m
[0;32mI (1566) efuse_init: Chip rev:         v3.1[0m
[0;32mI (1572) heap_init: Initializing. RAM available for dynamic allocation:[0m
[0;32mI (1579) heap_init: At 3FFAE6E0 len 0000F480 (61 KiB): DRAM[0m
[0;32mI (1585) heap_init: At 3FFC88B8 len 00017748 (93 KiB): DRAM[0m
[0;32mI (1591) heap_init: At 3FFE0440 len 0001FBC0 (126 KiB): D/IRAM[0m
[0;32mI (1597) heap_init: At 40078000 len 00008000 (32 KiB): IRAM[0m
[0;32mI (1604) heap_init: At 4009C858 len 000037A8 (13 KiB): IRAM[0m
[0;32mI (1610) heap_init: At 3FF80000 len 00002000 (8 KiB): RTCRAM[0m
[0;32mI (1617) esp_psram: Adding pool of 4096K of PSRAM memory to heap allocator[0m
[0;32mI (1625) spi_flash: detected chip: generic[0m
[0;32mI (1629) spi_flash: flash io: dio[0m
[0;33mW (1633) i2c: This driver is an old driver, please migrate your application code to adapt `driver/i2c_master.h`[0m
[0;32mI (1644) coexist: coex firmware version: dab85ae96[0m
[0;32mI (1649) main_task: Started on CPU0[0m
[0;32mI (1652) esp_psram: Reserving pool of 32K of internal memory for DMA/internal allocations[0m
[0;32mI (1661) main_task: Calling app_main()[0m
[0;32mI (1680) bridge_common: esp-iot-bridge version: 0.11.8[0m
I (1684) wifi:wifi driver task: 3ffbd5e0, prio:23, stack:6656, core=0
I (1687) wifi:wifi firmware version: 0caa81945
I (1688) wifi:wifi certification version: v7.0
I (1690) wifi:config NVS flash: enabled
I (1694) wifi:config nano formating: disabled
I (1698) wifi:Init data frame dynamic rx buffer num: 32
I (1703) wifi:Init static rx mgmt buffer num: 5
I (1707) wifi:Init management short buffer num: 32
I (1712) wifi:Init static tx buffer num: 16
I (1716) wifi:Init tx cache buffer num: 32
I (1719) wifi:Init static rx buffer size: 1600
I (1724) wifi:Init static rx buffer num: 10
I (1727) wifi:Init dynamic rx buffer num: 32
[0;32mI (1732) wifi_init: accept mbox: 6[0m
[0;32mI (1735) wifi_init: tcpip mbox: 32[0m
[0;32mI (1739) wifi_init: udp mbox: 6[0m
[0;32mI (1743) wifi_init: tcp mbox: 6[0m
[0;32mI (1747) wifi_init: tcp tx win: 5760[0m
[0;32mI (1751) wifi_init: tcp rx win: 5760[0m
[0;32mI (1756) wifi_init: tcp mss: 1440[0m
[0;32mI (1760) wifi_init: WiFi IRAM OP enabled[0m
[0;32mI (1764) wifi_init: WiFi RX IRAM OP enabled[0m
[0;32mI (1770) phy_init: phy_version 4830,54550f7,Jun 20 2024,14:22:08[0m
[0;33mW (1776) phy_init: failed to load RF calibration data (0x1102), falling back to full calibration[0m
[0;33mW (1837) phy_init: saving new calibration data because of checksum failure, mode(2)[0m
I (1849) wifi:mode : null
I (1851) wifi:mode : softAP (08:a6:f7:11:51:a9)
I (1853) wifi:Total power save buffer number: 8
I (1853) wifi:Init max length of beacon: 752/752
I (1856) wifi:Init max length of beacon: 752/752
[0;32mI (1862) esp_netif_lwip: DHCP server started on interface WIFI_AP_DEF with IP: 192.168.4.1[0m
Add netif ap with 5e0a053(commit id)
[0;32mI (1872) bridge_common: netif list add success[0m
[0;31mE (1877) NVS: Failed to open NVS namespace[0m
[0;32mI (1882) bridge_common: IP Address:192.168.5.1[0m
[0;32mI (1887) bridge_common: GW Address:192.168.5.1[0m
[0;32mI (1892) bridge_common: NM Address:255.255.255.0[0m
[0;32mI (1897) bridge_common: [WIFI_AP_DEF ][0m
[0;32mI (1903) bridge_common: Set ip info:192.168.5.1[0m
[0;32mI (1907) bridge_wifi: SoftAP IP network segment has changed, deauth all station[0m
I (1919) wifi:Disabled PMF config for SoftAP
I (1920) wifi:Total power save buffer number: 8
[0;32mI (1926) esp_netif_lwip: DHCP server started on interface WIFI_AP_DEF with IP: 192.168.5.1[0m
[0;32mI (1933) bridge_common: [WIFI_AP_DEF ]Name Server1: 114.114.114.114[0m
[0;32mI (1939) bridge_common: DHCPS Restart, deauth all station[0m
Add netif sta with 5e0a053(commit id)
[0;32mI (1949) bridge_common: netif list add success[0m
I (1954) wifi:mode : sta (08:a6:f7:11:51:a8) + softAP (08:a6:f7:11:51:a9)
I (1961) wifi:enable tsf
[0;31mE (1964) NVS: Failed to read IP info from NVS[0m
I (1968) wifi:Disabled PMF config for STA
[0;32mI (1971) bridge_wifi: [esp_bridge_wifi_set_config] sta ssid: TP-Link M7350 password: password[0m
[0;32mI (1981) bridge_wifi: [esp_bridge_wifi_set_config] softap ssid: ESP_Bridge_1151a9 password: 12345678[0m
I (2164) wifi:Total power save buffer number: 8
[0;32mI (2168) esp_netif_lwip: DHCP server started on interface WIFI_AP_DEF with IP: 192.168.5.1[0m
[0;32mI (2170) bridge_wifi: SoftAP config changed, deauth all station[0m
[0;32mI (2173) Mesh-Lite: esp-mesh-lite component version: 1.0.0[0m
I (2180) ESPNOW: espnow [version: 1.0] init
[0;32mI (2183) [vendor_ie]: Mesh-Lite commit id: bc9302d
 [0m
[0;31mE (2190) [vendor_ie]: Error Get! [0m
[0;33mW (2193) [vendor_ie]: Mesh ID is not saved in flash [0m
[0;32mI (2199) [vendor_ie]: Mesh ID: 77 [0m
[0;33mW (2203) [vendor_ie]: Error Get[4354] [0m
[0;33mW (2207) [vendor_ie]: Error Get[4354] [0m
[0;32mI (2213) [ESP_Mesh_Lite_Comm]: msg action add success [0m
[0;32mI (2219) [ESP_Mesh_Lite_Comm]: Bind Socket 54, port 6364 [0m
[0;32mI (2224) [ESP_Mesh_Lite_Comm]: Bind Socket 55, port 6363 [0m
[0;32mI (2230) [ESP_Mesh_Lite_Comm]: Bind Socket 56, port 6366 [0m
[0;32mI (2236) [ESP_Mesh_Lite_Comm]: Bind Socket 57, port 6365 [0m
[0;32mI (2243) [mesh-lite-espnow]: Start espnow task [0m
[0;32mI (2249) Mesh-Lite: Mesh-Lite connecting[0m
[0;32mI (2254) [vendor_ie]: esp_mesh_lite_wifi_scan_start return ESP_OK [0m
[0;32mI (2259) gpio: GPIO[25]| InputEn: 1| OutputEn: 0| OpenDrain: 0| Pullup: 1| Pulldown: 0| Intr:2 [0m
[0;32mI (2270) cam_hal: cam init ok[0m
[0;32mI (2272) sccb: pin_sda 26 pin_scl 27[0m
[0;32mI (2276) sccb: sccb_i2c_port=1[0m
[0;32mI (2280) gpio: GPIO[32]| InputEn: 0| OutputEn: 1| OpenDrain: 0| Pullup: 0| Pulldown: 0| Intr:0 [0m
[0;31mE (2321) camera: Camera probe failed with error 0x105(ESP_ERR_NOT_FOUND)[0m
[0;31mE (2321) setup_esp32_cam: Camera Init Failed[0m
[0;32mI (2322) main_task: Returned from app_main()[0m
[0;32mI (3643) [vendor_ie]: Mesh-Lite Scan done [0m
[0;32mI (3644) [vendor_ie]: RTC store: temp_mesh_id:255; ssid:TP-Link M7350; bssid:00:00:00:00:00:00; crc:3318033560 [0m
[0;32mI (3649) [vendor_ie]: wifi_cfg TP-Link M7350 router_config TP-Link M7350 [0m
[0;32mI (3657) [vendor_ie]: esp_mesh_lite_wifi_connect return ESP_OK [0m
I (5199) wifi:ap channel adjust o:1,1 n:10,2
I (5200) wifi:new:<10,0>, old:<1,1>, ap:<10,2>, sta:<10,0>, prof:1, snd_ch_cfg:0x0
I (5201) wifi:state: init -> auth (0xb0)
I (5210) wifi:state: auth -> assoc (0x0)
I (5218) wifi:state: assoc -> run (0x10)
I (5235) wifi:connected with TP-Link M7350, aid = 2, channel 10, BW20, bssid = 34:60:f9:e5:3d:01
I (5236) wifi:security: WPA2-PSK, phy: bgn, rssi: -52
I (5238) wifi:pm start, type: 1

I (5241) wifi:dp: 1, bi: 102400, li: 3, scale listen interval from 307200 us to 307200 us
I (5295) wifi:AP's beacon interval = 102400 us, DTIM period = 1
[0;32mI (5300) bridge_common: [WIFI_AP_DEF ]Name Server1: 8.8.8.8[0m
[0;32mI (6254) esp_netif_handlers: sta ip: 192.168.0.103, mask: 255.255.255.0, gw: 192.168.0.1[0m
[0;32mI (6255) bridge_wifi: Connected with IP Address:192.168.0.103[0m
[0;32mI (6260) [vendor_ie]: RTC store: temp_mesh_id:103; ssid:TP-Link M7350; bssid:00:00:00:00:00:00; crc:4069871118 [0m
[0;31mE (6270) [ESP_Mesh_Lite_Comm]: Error Get! [0m
[0;33mW (6274) [ESP_Mesh_Lite_Comm]: argot is not saved in flash [0m
[0;32mI (6286) esp32cam_security_gate: TCP client write task is running[0m
