ets Jul 29 2019 12:21:46

rst:0x1 (POWERON_RESET),boot:0x13 (SPI_FAST_FLASH_BOOT)
configsip: 0, SPIWP:0xee
clk_drv:0x00,q_drv:0x00,d_drv:0x00,cs0_drv:0x00,hd_drv:0x00,wp_drv:0x00
mode:DIO, clock div:1
load:0x3fff0030,len:7168
load:0x40078000,len:15464
load:0x40080400,len:4
ho 8 tail 4 room 4
load:0x40080404,len:3684
entry 0x40080614
[0;32mI (31) boot: ESP-IDF v5.3-dirty 2nd stage bootloader[0m
[0;32mI (31) boot: compile time Aug 20 2024 21:14:45[0m
[0;33mW (31) boot: Unicore bootloader[0m
[0;32mI (35) boot: chip revision: v3.1[0m
[0;32mI (39) boot.esp32: SPI Speed      : 80MHz[0m
[0;32mI (44) boot.esp32: SPI Mode       : DIO[0m
[0;32mI (48) boot.esp32: SPI Flash Size : 4MB[0m
[0;32mI (53) boot: Enabling RNG early entropy source...[0m
[0;32mI (58) boot: Partition Table:[0m
[0;32mI (62) boot: ## Label            Usage          Type ST Offset   Length[0m
[0;32mI (69) boot:  0 nvs              WiFi data        01 02 00009000 00004000[0m
[0;32mI (77) boot:  1 otadata          OTA data         01 00 0000d000 00002000[0m
[0;32mI (84) boot:  2 phy_init         RF data          01 01 0000f000 00001000[0m
[0;32mI (92) boot:  3 ota_0            OTA app          00 10 00010000 001e0000[0m
[0;32mI (99) boot:  4 ota_1            OTA app          00 11 001f0000 001e0000[0m
[0;32mI (107) boot:  5 coredump         Unknown data     01 03 003d0000 00010000[0m
[0;32mI (114) boot:  6 reserved         Unknown data     01 fe 003e0000 00020000[0m
[0;32mI (122) boot: End of partition table[0m
[0;32mI (126) boot: No factory image, trying OTA 0[0m
[0;32mI (131) esp_image: segment 0: paddr=00010020 vaddr=3f400020 size=2d81ch (186396) map[0m
[0;32mI (192) esp_image: segment 1: paddr=0003d844 vaddr=3ffbdb60 size=027d4h ( 10196) load[0m
[0;32mI (196) esp_image: segment 2: paddr=00040020 vaddr=400d0020 size=c1e2ch (794156) map[0m
[0;32mI (423) esp_image: segment 3: paddr=00101e54 vaddr=3ffc0334 size=03794h ( 14228) load[0m
[0;32mI (427) esp_image: segment 4: paddr=001055f0 vaddr=40080000 size=1c880h (116864) load[0m
[0;32mI (482) boot: Loaded app from partition at offset 0x10000[0m
[0;32mI (487) boot: Set actual ota_seq=1 in otadata[0][0m
[0;32mI (487) boot: Disabling RNG early entropy source...[0m
[0;32mI (499) quad_psram: This chip is ESP32-D0WD[0m
[0;32mI (499) esp_psram: Found 8MB PSRAM device[0m
[0;32mI (499) esp_psram: Speed: 40MHz[0m
[0;32mI (503) esp_psram: PSRAM initialized, cache is in normal (1-core) mode.[0m
[0;33mW (510) esp_psram: Virtual address not enough for PSRAM, map as much as we can. 4MB is mapped[0m
[0;32mI (520) cpu_start: Unicore app[0m
[0;32mI (523) cpu_start: Single core mode[0m
[0;32mI (1451) esp_psram: SPI SRAM memory test OK[0m
[0;32mI (1458) cpu_start: Pro cpu start user code[0m
[0;32mI (1458) cpu_start: cpu freq: 240000000 Hz[0m
[0;32mI (1458) app_init: Application information:[0m
[0;32mI (1462) app_init: Project name:     mesh_local_control[0m
[0;32mI (1468) app_init: App version:      f498e75d-dirty[0m
[0;32mI (1473) app_init: Compile time:     Aug 21 2024 12:35:40[0m
[0;32mI (1479) app_init: ELF file SHA256:  b14a85c1e...[0m
[0;32mI (1485) app_init: ESP-IDF:          v5.3-dirty[0m
[0;32mI (1490) efuse_init: Min chip rev:     v0.0[0m
[0;32mI (1495) efuse_init: Max chip rev:     v3.99 [0m
[0;32mI (1500) efuse_init: Chip rev:         v3.1[0m
[0;32mI (1505) heap_init: Initializing. RAM available for dynamic allocation:[0m
[0;32mI (1512) heap_init: At 3FFAE6E0 len 0000F480 (61 KiB): DRAM[0m
[0;32mI (1518) heap_init: At 3FFC88B8 len 00017748 (93 KiB): DRAM[0m
[0;32mI (1524) heap_init: At 3FFE0440 len 0001FBC0 (126 KiB): D/IRAM[0m
[0;32mI (1531) heap_init: At 40078000 len 00008000 (32 KiB): IRAM[0m
[0;32mI (1537) heap_init: At 4009C880 len 00003780 (13 KiB): IRAM[0m
[0;32mI (1543) heap_init: At 3FF80000 len 00002000 (8 KiB): RTCRAM[0m
[0;32mI (1550) esp_psram: Adding pool of 4096K of PSRAM memory to heap allocator[0m
[0;32mI (1558) spi_flash: detected chip: generic[0m
[0;32mI (1562) spi_flash: flash io: dio[0m
[0;33mW (1566) i2c: This driver is an old driver, please migrate your application code to adapt `driver/i2c_master.h`[0m
[0;32mI (1577) coexist: coex firmware version: dab85ae96[0m
[0;32mI (1583) main_task: Started on CPU0[0m
[0;32mI (1586) esp_psram: Reserving pool of 32K of internal memory for DMA/internal allocations[0m
[0;32mI (1595) main_task: Calling app_main()[0m
[0;32mI (1612) bridge_common: esp-iot-bridge version: 0.11.8[0m
I (1615) wifi:wifi driver task: 3ffbd5e0, prio:23, stack:6656, core=0
I (1617) wifi:wifi firmware version: 0caa81945
I (1618) wifi:wifi certification version: v7.0
I (1622) wifi:config NVS flash: enabled
I (1626) wifi:config nano formating: disabled
I (1630) wifi:Init data frame dynamic rx buffer num: 32
I (1635) wifi:Init static rx mgmt buffer num: 5
I (1639) wifi:Init management short buffer num: 32
I (1644) wifi:Init static tx buffer num: 16
I (1648) wifi:Init tx cache buffer num: 32
I (1651) wifi:Init static rx buffer size: 1600
I (1656) wifi:Init static rx buffer num: 10
I (1659) wifi:Init dynamic rx buffer num: 32
[0;32mI (1664) wifi_init: accept mbox: 6[0m
[0;32mI (1667) wifi_init: tcpip mbox: 32[0m
[0;32mI (1671) wifi_init: udp mbox: 6[0m
[0;32mI (1675) wifi_init: tcp mbox: 6[0m
[0;32mI (1679) wifi_init: tcp tx win: 5760[0m
[0;32mI (1683) wifi_init: tcp rx win: 5760[0m
[0;32mI (1688) wifi_init: tcp mss: 1440[0m
[0;32mI (1692) wifi_init: WiFi IRAM OP enabled[0m
[0;32mI (1696) wifi_init: WiFi RX IRAM OP enabled[0m
[0;32mI (1701) phy_init: phy_version 4830,54550f7,Jun 20 2024,14:22:08[0m
[0;33mW (1708) phy_init: failed to load RF calibration data (0x1102), falling back to full calibration[0m
[0;33mW (1768) phy_init: saving new calibration data because of checksum failure, mode(2)[0m
I (1778) wifi:mode : null
I (1779) wifi:mode : softAP (08:a6:f7:11:51:a9)
I (1780) wifi:Total power save buffer number: 8
I (1781) wifi:Init max length of beacon: 752/752
I (1783) wifi:Init max length of beacon: 752/752
[0;32mI (1789) esp_netif_lwip: DHCP server started on interface WIFI_AP_DEF with IP: 192.168.4.1[0m
Add netif ap with f498e75d(commit id)
[0;32mI (1800) bridge_common: netif list add success[0m
[0;31mE (1805) NVS: Failed to open NVS namespace[0m
[0;32mI (1810) bridge_common: IP Address:192.168.5.1[0m
[0;32mI (1815) bridge_common: GW Address:192.168.5.1[0m
[0;32mI (1820) bridge_common: NM Address:255.255.255.0[0m
[0;32mI (1825) bridge_common: [WIFI_AP_DEF ][0m
[0;32mI (1830) bridge_common: Set ip info:192.168.5.1[0m
[0;32mI (1835) bridge_wifi: SoftAP IP network segment has changed, deauth all station[0m
I (1846) wifi:Disabled PMF config for SoftAP
I (1847) wifi:Total power save buffer number: 8
[0;32mI (1853) esp_netif_lwip: DHCP server started on interface WIFI_AP_DEF with IP: 192.168.5.1[0m
[0;32mI (1860) bridge_common: [WIFI_AP_DEF ]Name Server1: 114.114.114.114[0m
[0;32mI (1867) bridge_common: DHCPS Restart, deauth all station[0m
Add netif sta with f498e75d(commit id)
[0;32mI (1877) bridge_common: netif list add success[0m
I (1882) wifi:mode : sta (08:a6:f7:11:51:a8) + softAP (08:a6:f7:11:51:a9)
I (1888) wifi:enable tsf
[0;31mE (1892) NVS: Failed to read IP info from NVS[0m
I (1896) wifi:Disabled PMF config for STA
[0;32mI (1899) bridge_wifi: [esp_bridge_wifi_set_config] sta ssid: Tran Con password: 88888888[0m
[0;32mI (1909) bridge_wifi: [esp_bridge_wifi_set_config] softap ssid: ESP_Bridge_1151a9 password: 12345678[0m
I (2089) wifi:Total power save buffer number: 8
[0;32mI (2092) esp_netif_lwip: DHCP server started on interface WIFI_AP_DEF with IP: 192.168.5.1[0m
[0;32mI (2093) bridge_wifi: SoftAP config changed, deauth all station[0m
[0;32mI (2099) Mesh-Lite: esp-mesh-lite component version: 1.0.0[0m
I (2105) ESPNOW: espnow [version: 1.0] init
[0;32mI (2108) [vendor_ie]: Mesh-Lite commit id: bc9302d
 [0m
[0;31mE (2115) [vendor_ie]: Error Get! [0m
[0;33mW (2118) [vendor_ie]: Mesh ID is not saved in flash [0m
[0;32mI (2124) [vendor_ie]: Mesh ID: 77 [0m
[0;33mW (2128) [vendor_ie]: Error Get[4354] [0m
[0;33mW (2132) [vendor_ie]: Error Get[4354] [0m
[0;32mI (2138) [ESP_Mesh_Lite_Comm]: msg action add success [0m
[0;32mI (2144) [ESP_Mesh_Lite_Comm]: Bind Socket 54, port 6364 [0m
[0;32mI (2149) [ESP_Mesh_Lite_Comm]: Bind Socket 55, port 6363 [0m
[0;32mI (2155) [ESP_Mesh_Lite_Comm]: Bind Socket 56, port 6366 [0m
[0;32mI (2161) [ESP_Mesh_Lite_Comm]: Bind Socket 57, port 6365 [0m
[0;32mI (2168) [mesh-lite-espnow]: Start espnow task [0m
[0;32mI (2174) Mesh-Lite: Mesh-Lite connecting[0m
[0;32mI (2178) [vendor_ie]: esp_mesh_lite_wifi_scan_start return ESP_OK [0m
[0;32mI (2184) gpio: GPIO[25]| InputEn: 1| OutputEn: 0| OpenDrain: 0| Pullup: 1| Pulldown: 0| Intr:2 [0m
[0;32mI (2194) cam_hal: cam init ok[0m
[0;32mI (2197) sccb: pin_sda 26 pin_scl 27[0m
[0;32mI (2201) sccb: sccb_i2c_port=1[0m
[0;32mI (2205) gpio: GPIO[32]| InputEn: 0| OutputEn: 1| OpenDrain: 0| Pullup: 0| Pulldown: 0| Intr:0 [0m
[0;32mI (2244) camera: Detected camera at address=0x30[0m
[0;32mI (2247) camera: Detected OV2640 camera[0m
[0;32mI (2247) camera: Camera PID=0x26 VER=0x42 MIDL=0x7f MIDH=0xa2[0m
[0;32mI (2332) cam_hal: buffer_size: 32768, half_buffer_size: 4096, node_buffer_size: 2048, node_cnt: 16, total_cnt: 23[0m
[0;32mI (2332) cam_hal: Allocating 96000 Byte frame buffer in PSRAM[0m
[0;32mI (2339) cam_hal: cam config ok[0m
[0;32mI (2342) ov2640: Set PLL: clk_2x: 0, clk_div: 0, pclk_auto: 0, pclk_div: 8[0m
[0;33mW (2430) websocket_client: `network_timeout_ms` is not set, or it is less than or equal to zero, using default time out 10000 (milliseconds)[0m
[0;32mI (2436) main_task: Returned from app_main()[0m
[0;32mI (3717) [vendor_ie]: Mesh-Lite Scan done [0m
[0;32mI (3718) [vendor_ie]: RTC store: temp_mesh_id:255; ssid:Tran Con; bssid:00:00:00:00:00:00; crc:3374109264 [0m
[0;32mI (3721) [vendor_ie]: wifi_cfg Tran Con router_config Tran Con [0m
[0;32mI (3729) [vendor_ie]: esp_mesh_lite_wifi_connect return ESP_OK [0m
I (3951) wifi:new:<1,1>, old:<1,1>, ap:<1,1>, sta:<1,0>, prof:1, snd_ch_cfg:0x0
I (3952) wifi:state: init -> auth (0xb0)
I (3954) wifi:state: auth -> assoc (0x0)
I (3960) wifi:state: assoc -> run (0x10)
I (4059) wifi:connected with Tran Con, aid = 2, channel 1, BW20, bssid = d8:e8:44:03:77:28
I (4059) wifi:security: WPA2-PSK, phy: bgn, rssi: -91
I (4061) wifi:pm start, type: 1

I (4064) wifi:dp: 1, bi: 102400, li: 3, scale listen interval from 307200 us to 307200 us
I (4087) wifi:AP's beacon interval = 102400 us, DTIM period = 1
[0;32mI (6343) bridge_common: [WIFI_AP_DEF ]Name Server1: 192.168.2.253[0m
[0;32mI (7074) esp_netif_handlers: sta ip: 192.168.2.13, mask: 255.255.255.0, gw: 192.168.2.253[0m
[0;32mI (7075) bridge_wifi: Connected with IP Address:192.168.2.13[0m
[0;32mI (7079) [vendor_ie]: RTC store: temp_mesh_id:13; ssid:Tran Con; bssid:00:00:00:00:00:00; crc:1923333000 [0m
[0;31mE (7090) [ESP_Mesh_Lite_Comm]: Error Get! [0m
[0;33mW (7094) [ESP_Mesh_Lite_Comm]: argot is not saved in flash [0m
[0;32mI (7103) esp32cam_security_gate: TCP client write task is running[0m
[0;31mE (12437) esp-tls: [sock=58] select() timeout[0m
[0;31mE (12438) transport_base: Failed to open a new connection: 32774[0m
[0;31mE (12438) transport_ws: Error connecting to host 192.168.2.88:3000[0m
[0;31mE (12445) websocket_client: esp_transport_connect() failed with -1, transport_error=ESP_ERR_ESP_TLS_CONNECTION_TIMEOUT, tls_error_code=0, tls_flags=0, esp_ws_handshake_status_code=0, errno=119[0m
[0;31mE (12462) websocket_client: WebSocket client error[0m
[0;32mI (12468) websocket_client: Reconnect after 500 ms[0m
[0;32mI (12473) websocket_client: WebSocket client connected[0m
[0;31mE (12479) websocket_client: Websocket client is not connected[0m
[0;33mW (12485) websocket_client: Waiting for WebSocket connection to resume sending image...[0m
[0;33mW (12496) cam_hal: NO-SOI[0m
[0;32mI (13112) websocket_client: WebSocket client connected[0m
[0;32mI (13569) websocket_client: Image sent to WebSocket: 18456 bytes (0.1fps)[0m
[0;32mI (14323) websocket_client: Image sent to WebSocket: 19066 bytes (1.3fps)[0m
[0;32mI (14751) websocket_client: Image sent to WebSocket: 18169 bytes (2.3fps)[0m
[0;32mI (15181) websocket_client: Image sent to WebSocket: 18402 bytes (2.3fps)[0m
[0;32mI (15563) websocket_client: Image sent to WebSocket: 18015 bytes (2.6fps)[0m
[0;32mI (15995) websocket_client: Image sent to WebSocket: 18297 bytes (2.3fps)[0m
[0;32mI (16350) websocket_client: Image sent to WebSocket: 17960 bytes (2.8fps)[0m
[0;32mI (16918) websocket_client: Image sent to WebSocket: 18025 bytes (1.8fps)[0m
[0;32mI (17364) websocket_client: Image sent to WebSocket: 18985 bytes (2.2fps)[0m
[0;32mI (17829) websocket_client: Image sent to WebSocket: 18208 bytes (2.2fps)[0m
[0;32mI (18218) websocket_client: Image sent to WebSocket: 18604 bytes (2.6fps)[0m
[0;32mI (18643) websocket_client: Image sent to WebSocket: 18400 bytes (2.4fps)[0m
[0;32mI (18987) websocket_client: Image sent to WebSocket: 17892 bytes (2.9fps)[0m
[0;32mI (19345) websocket_client: Image sent to WebSocket: 17986 bytes (2.8fps)[0m
[0;32mI (19844) websocket_client: Image sent to WebSocket: 18168 bytes (2.0fps)[0m
[0;32mI (20456) websocket_client: Image sent to WebSocket: 18166 bytes (1.6fps)[0m
[0;32mI (20794) websocket_client: Image sent to WebSocket: 17979 bytes (3.0fps)[0m
[0;32mI (21283) websocket_client: Image sent to WebSocket: 18304 bytes (2.0fps)[0m
[0;32mI (21803) websocket_client: Image sent to WebSocket: 17834 bytes (1.9fps)[0m
[0;32mI (22123) websocket_client: Image sent to WebSocket: 17888 bytes (3.1fps)[0m
[0;32mI (22582) websocket_client: Image sent to WebSocket: 18458 bytes (2.2fps)[0m
[0;32mI (22903) websocket_client: Image sent to WebSocket: 18129 bytes (3.1fps)[0m
[0;32mI (23376) websocket_client: Image sent to WebSocket: 18394 bytes (2.1fps)[0m
[0;32mI (23749) websocket_client: Image sent to WebSocket: 18295 bytes (2.7fps)[0m
[0;32mI (24429) websocket_client: Image sent to WebSocket: 18287 bytes (1.5fps)[0m
[0;32mI (24836) websocket_client: Image sent to WebSocket: 18480 bytes (2.5fps)[0m
[0;32mI (25183) websocket_client: Image sent to WebSocket: 18063 bytes (2.9fps)[0m
[0;32mI (25499) websocket_client: Image sent to WebSocket: 17950 bytes (3.2fps)[0m
[0;32mI (25890) websocket_client: Image sent to WebSocket: 18406 bytes (2.6fps)[0m
[0;32mI (26344) websocket_client: Image sent to WebSocket: 18249 bytes (2.2fps)[0m
[0;32mI (26832) websocket_client: Image sent to WebSocket: 18262 bytes (2.0fps)[0m
[0;32mI (27446) websocket_client: Image sent to WebSocket: 18135 bytes (1.6fps)[0m
[0;32mI (27941) websocket_client: Image sent to WebSocket: 17849 bytes (2.0fps)[0m
[0;32mI (28389) websocket_client: Image sent to WebSocket: 18491 bytes (2.2fps)[0m
[0;32mI (28804) websocket_client: Image sent to WebSocket: 17996 bytes (2.4fps)[0m
[0;32mI (29446) websocket_client: Image sent to WebSocket: 18283 bytes (1.6fps)[0m
[0;32mI (30016) websocket_client: Image sent to WebSocket: 18417 bytes (1.8fps)[0m
[0;32mI (30449) websocket_client: Image sent to WebSocket: 17819 bytes (2.3fps)[0m
[0;32mI (30807) websocket_client: Image sent to WebSocket: 18577 bytes (2.8fps)[0m
[0;32mI (31240) websocket_client: Image sent to WebSocket: 17802 bytes (2.3fps)[0m
[0;32mI (31709) websocket_client: Image sent to WebSocket: 18205 bytes (2.1fps)[0m
[0;32mI (32346) websocket_client: Image sent to WebSocket: 17934 bytes (1.6fps)[0m
[0;32mI (32958) websocket_client: Image sent to WebSocket: 17835 bytes (1.6fps)[0m
[0;32mI (33437) websocket_client: Image sent to WebSocket: 17828 bytes (2.1fps)[0m
[0;32mI (33816) websocket_client: Image sent to WebSocket: 18380 bytes (2.6fps)[0m
[0;32mI (34258) websocket_client: Image sent to WebSocket: 18050 bytes (2.3fps)[0m
[0;32mI (34697) websocket_client: Image sent to WebSocket: 18182 bytes (2.3fps)[0m
[0;32mI (35192) websocket_client: Image sent to WebSocket: 17783 bytes (2.0fps)[0m
[0;32mI (35634) websocket_client: Image sent to WebSocket: 17704 bytes (2.3fps)[0m
[0;32mI (35997) websocket_client: Image sent to WebSocket: 17799 bytes (2.8fps)[0m
[0;32mI (36410) websocket_client: Image sent to WebSocket: 18103 bytes (2.4fps)[0m
[0;32mI (36837) websocket_client: Image sent to WebSocket: 18102 bytes (2.3fps)[0m
[0;32mI (37296) websocket_client: Image sent to WebSocket: 18199 bytes (2.2fps)[0m
[0;32mI (37837) websocket_client: Image sent to WebSocket: 18080 bytes (1.9fps)[0m
[0;32mI (38457) websocket_client: Image sent to WebSocket: 17933 bytes (1.6fps)[0m
[0;32mI (38814) websocket_client: Image sent to WebSocket: 18040 bytes (2.8fps)[0m
[0;32mI (39713) websocket_client: Image sent to WebSocket: 17942 bytes (1.1fps)[0m
[0;32mI (40251) websocket_client: Image sent to WebSocket: 19201 bytes (1.9fps)[0m
[0;32mI (40946) websocket_client: Image sent to WebSocket: 18437 bytes (1.4fps)[0m
[0;32mI (41327) websocket_client: Image sent to WebSocket: 17786 bytes (2.6fps)[0m
[0;32mI (41780) websocket_client: Image sent to WebSocket: 18340 bytes (2.2fps)[0m
[0;32mI (42267) websocket_client: Image sent to WebSocket: 18662 bytes (2.1fps)[0m
[0;32mI (42712) websocket_client: Image sent to WebSocket: 18237 bytes (2.2fps)[0m
[0;32mI (43132) websocket_client: Image sent to WebSocket: 18453 bytes (2.4fps)[0m
[0;32mI (43515) websocket_client: Image sent to WebSocket: 17949 bytes (2.6fps)[0m
[0;32mI (43997) websocket_client: Image sent to WebSocket: 17746 bytes (2.1fps)[0m
[0;32mI (44340) websocket_client: Image sent to WebSocket: 17873 bytes (2.9fps)[0m
[0;32mI (44866) websocket_client: Image sent to WebSocket: 17934 bytes (1.9fps)[0m
[0;32mI (45271) websocket_client: Image sent to WebSocket: 17708 bytes (2.5fps)[0m
[0;32mI (45758) websocket_client: Image sent to WebSocket: 17993 bytes (2.1fps)[0m
[0;32mI (46119) websocket_client: Image sent to WebSocket: 18158 bytes (2.8fps)[0m
[0;32mI (46511) websocket_client: Image sent to WebSocket: 18051 bytes (2.6fps)[0m
[0;32mI (46921) websocket_client: Image sent to WebSocket: 17805 bytes (2.4fps)[0m
[0;32mI (47324) websocket_client: Image sent to WebSocket: 17998 bytes (2.5fps)[0m
[0;32mI (47737) websocket_client: Image sent to WebSocket: 17622 bytes (2.4fps)[0m
[0;32mI (48251) websocket_client: Image sent to WebSocket: 17646 bytes (1.9fps)[0m
[0;32mI (48544) websocket_client: Image sent to WebSocket: 17742 bytes (3.4fps)[0m
[0;32mI (48978) websocket_client: Image sent to WebSocket: 17658 bytes (2.3fps)[0m
[0;32mI (49265) websocket_client: Image sent to WebSocket: 17983 bytes (3.5fps)[0m
[0;32mI (49729) websocket_client: Image sent to WebSocket: 18574 bytes (2.2fps)[0m
[0;32mI (50201) websocket_client: Image sent to WebSocket: 17765 bytes (2.1fps)[0m
[0;32mI (50675) websocket_client: Image sent to WebSocket: 17932 bytes (2.1fps)[0m
[0;32mI (50996) websocket_client: Image sent to WebSocket: 18104 bytes (3.1fps)[0m
[0;32mI (51360) websocket_client: Image sent to WebSocket: 17648 bytes (2.7fps)[0m
[0;32mI (51833) websocket_client: Image sent to WebSocket: 17794 bytes (2.1fps)[0m
[0;32mI (52199) websocket_client: Image sent to WebSocket: 17547 bytes (2.7fps)[0m
[0;32mI (52606) websocket_client: Image sent to WebSocket: 17575 bytes (2.5fps)[0m
[0;32mI (52966) websocket_client: Image sent to WebSocket: 17938 bytes (2.8fps)[0m
[0;32mI (53336) websocket_client: Image sent to WebSocket: 17743 bytes (2.7fps)[0m
[0;32mI (53749) websocket_client: Image sent to WebSocket: 18005 bytes (2.4fps)[0m
[0;32mI (54208) websocket_client: Image sent to WebSocket: 17762 bytes (2.2fps)[0m
[0;32mI (54658) websocket_client: Image sent to WebSocket: 17997 bytes (2.2fps)[0m
[0;32mI (55145) websocket_client: Image sent to WebSocket: 17653 bytes (2.1fps)[0m
[0;32mI (55585) websocket_client: Image sent to WebSocket: 18462 bytes (2.3fps)[0m
[0;32mI (56033) websocket_client: Image sent to WebSocket: 18116 bytes (2.2fps)[0m
[0;32mI (56438) websocket_client: Image sent to WebSocket: 17459 bytes (2.5fps)[0m
[0;32mI (56820) websocket_client: Image sent to WebSocket: 17344 bytes (2.6fps)[0m
[0;32mI (57136) websocket_client: Image sent to WebSocket: 17528 bytes (3.2fps)[0m
[0;32mI (57711) websocket_client: Image sent to WebSocket: 17715 bytes (1.7fps)[0m
[0;32mI (58157) websocket_client: Image sent to WebSocket: 17824 bytes (2.2fps)[0m
[0;32mI (58572) websocket_client: Image sent to WebSocket: 17574 bytes (2.4fps)[0m
[0;32mI (58964) websocket_client: Image sent to WebSocket: 17514 bytes (2.6fps)[0m
[0;32mI (59430) websocket_client: Image sent to WebSocket: 17507 bytes (2.1fps)[0m
[0;32mI (59806) websocket_client: Image sent to WebSocket: 17618 bytes (2.7fps)[0m
[0;32mI (60237) websocket_client: Image sent to WebSocket: 17600 bytes (2.3fps)[0m
[0;32mI (60728) websocket_client: Image sent to WebSocket: 17787 bytes (2.0fps)[0m
[0;32mI (61211) websocket_client: Image sent to WebSocket: 17676 bytes (2.1fps)[0m
[0;32mI (61621) websocket_client: Image sent to WebSocket: 17762 bytes (2.4fps)[0m
[0;32mI (62231) websocket_client: Image sent to WebSocket: 17262 bytes (1.6fps)[0m
[0;32mI (62681) websocket_client: Image sent to WebSocket: 17176 bytes (2.2fps)[0m
[0;32mI (63248) websocket_client: Image sent to WebSocket: 17570 bytes (1.8fps)[0m
[0;32mI (63591) websocket_client: Image sent to WebSocket: 17683 bytes (2.9fps)[0m
[0;32mI (63985) websocket_client: Image sent to WebSocket: 17385 bytes (2.5fps)[0m
[0;32mI (64312) websocket_client: Image sent to WebSocket: 17184 bytes (3.1fps)[0m
[0;32mI (64799) websocket_client: Image sent to WebSocket: 17196 bytes (2.1fps)[0m
[0;32mI (65232) websocket_client: Image sent to WebSocket: 17200 bytes (2.3fps)[0m
[0;32mI (65730) websocket_client: Image sent to WebSocket: 17290 bytes (2.0fps)[0m
[0;32mI (66132) websocket_client: Image sent to WebSocket: 17461 bytes (2.5fps)[0m
[0;32mI (66583) websocket_client: Image sent to WebSocket: 17276 bytes (2.2fps)[0m
[0;32mI (67039) websocket_client: Image sent to WebSocket: 17416 bytes (2.2fps)[0m
[0;32mI (67405) websocket_client: Image sent to WebSocket: 17327 bytes (2.7fps)[0m
[0;32mI (67874) websocket_client: Image sent to WebSocket: 17552 bytes (2.1fps)[0m
[0;32mI (68200) websocket_client: Image sent to WebSocket: 17210 bytes (3.1fps)[0m
[0;32mI (68793) websocket_client: Image sent to WebSocket: 17346 bytes (1.7fps)[0m
[0;32mI (69141) websocket_client: Image sent to WebSocket: 17358 bytes (2.9fps)[0m
[0;32mI (69496) websocket_client: Image sent to WebSocket: 17220 bytes (2.8fps)[0m
[0;32mI (69928) websocket_client: Image sent to WebSocket: 17290 bytes (2.3fps)[0m
[0;32mI (70248) websocket_client: Image sent to WebSocket: 17442 bytes (3.1fps)[0m
[0;32mI (70578) websocket_client: Image sent to WebSocket: 17869 bytes (3.0fps)[0m
[0;32mI (70972) websocket_client: Image sent to WebSocket: 17450 bytes (2.5fps)[0m
[0;32mI (71388) websocket_client: Image sent to WebSocket: 17295 bytes (2.4fps)[0m
[0;32mI (71790) websocket_client: Image sent to WebSocket: 17817 bytes (2.5fps)[0m
[0;32mI (72178) websocket_client: Image sent to WebSocket: 17396 bytes (2.6fps)[0m
[0;32mI (72575) websocket_client: Image sent to WebSocket: 17904 bytes (2.5fps)[0m
[0;32mI (73069) websocket_client: Image sent to WebSocket: 17359 bytes (2.0fps)[0m
[0;32mI (73414) websocket_client: Image sent to WebSocket: 17458 bytes (2.9fps)[0m
[0;32mI (73818) websocket_client: Image sent to WebSocket: 17398 bytes (2.5fps)[0m
[0;32mI (74244) websocket_client: Image sent to WebSocket: 17637 bytes (2.3fps)[0m
[0;32mI (74643) websocket_client: Image sent to WebSocket: 17328 bytes (2.5fps)[0m
[0;32mI (75150) websocket_client: Image sent to WebSocket: 17504 bytes (2.0fps)[0m
[0;32mI (75470) websocket_client: Image sent to WebSocket: 17357 bytes (3.1fps)[0m
[0;32mI (75827) websocket_client: Image sent to WebSocket: 17465 bytes (2.8fps)[0m
[0;32mI (76219) websocket_client: Image sent to WebSocket: 17606 bytes (2.6fps)[0m
[0;32mI (76509) websocket_client: Image sent to WebSocket: 17195 bytes (3.5fps)[0m
[0;32mI (76912) websocket_client: Image sent to WebSocket: 17693 bytes (2.5fps)[0m
[0;32mI (77479) websocket_client: Image sent to WebSocket: 17362 bytes (1.8fps)[0m
[0;32mI (77839) websocket_client: Image sent to WebSocket: 17605 bytes (2.8fps)[0m
[0;32mI (78246) websocket_client: Image sent to WebSocket: 17387 bytes (2.5fps)[0m
[0;32mI (78776) websocket_client: Image sent to WebSocket: 17326 bytes (1.9fps)[0m
[0;32mI (79296) websocket_client: Image sent to WebSocket: 17553 bytes (1.9fps)[0m
[0;32mI (79977) websocket_client: Image sent to WebSocket: 17310 bytes (1.5fps)[0m
[0;32mI (80477) websocket_client: Image sent to WebSocket: 17770 bytes (2.0fps)[0m
[0;32mI (81109) websocket_client: Image sent to WebSocket: 18160 bytes (1.6fps)[0m
[0;32mI (81781) websocket_client: Image sent to WebSocket: 17562 bytes (1.5fps)[0m
[0;32mI (82279) websocket_client: Image sent to WebSocket: 18014 bytes (2.0fps)[0m
[0;32mI (82729) websocket_client: Image sent to WebSocket: 17222 bytes (2.2fps)[0m
[0;32mI (83259) websocket_client: Image sent to WebSocket: 17428 bytes (1.9fps)[0m
[0;32mI (83703) websocket_client: Image sent to WebSocket: 16832 bytes (2.3fps)[0m
[0;32mI (84139) websocket_client: Image sent to WebSocket: 16544 bytes (2.3fps)[0m
[0;32mI (84484) websocket_client: Image sent to WebSocket: 16418 bytes (2.9fps)[0m
[0;32mI (85030) websocket_client: Image sent to WebSocket: 15959 bytes (1.8fps)[0m
[0;32mI (85490) websocket_client: Image sent to WebSocket: 16384 bytes (2.2fps)[0m
[0;32mI (85944) websocket_client: Image sent to WebSocket: 16331 bytes (2.2fps)[0m
[0;32mI (86316) websocket_client: Image sent to WebSocket: 16672 bytes (2.7fps)[0m
[0;32mI (86640) websocket_client: Image sent to WebSocket: 16345 bytes (3.1fps)[0m
[0;32mI (87048) websocket_client: Image sent to WebSocket: 16538 bytes (2.5fps)[0m
[0;32mI (87495) websocket_client: Image sent to WebSocket: 16424 bytes (2.2fps)[0m
[0;32mI (87918) websocket_client: Image sent to WebSocket: 16027 bytes (2.4fps)[0m
[0;32mI (88399) websocket_client: Image sent to WebSocket: 16292 bytes (2.1fps)[0m
[0;32mI (88757) websocket_client: Image sent to WebSocket: 15645 bytes (2.8fps)[0m
[0;32mI (89076) websocket_client: Image sent to WebSocket: 16490 bytes (3.1fps)[0m
[0;32mI (89605) websocket_client: Image sent to WebSocket: 15764 bytes (1.9fps)[0m
[0;32mI (89905) websocket_client: Image sent to WebSocket: 15354 bytes (3.3fps)[0m
ets Jul 29 2019 12:21:46

rst:0x1 (POWERON_RESET),boot:0x13 (SPI_FAST_FLASH_BOOT)
configsip: 0, SPIWP:0xee
clk_drv:0x00,q_drv:0x00,d_drv:0x00,cs0_drv:0x00,hd_drv:0x00,wp_drv:0x00
mode:DIO, clock div:1
load:0x3fff0030,len:7168
load:0x40078000,len:15464
load:0x40080400,len:4
ho 8 tail 4 room 4
load:0x40080404,len:3684
entry 0x40080614
[0;32mI (31) boot: ESP-IDF v5.3-dirty 2nd stage bootloader[0m
[0;32mI (31) boot: compile time Aug 20 2024 21:14:45[0m
[0;33mW (31) boot: Unicore bootloader[0m
[0;32mI (35) boot: chip revision: v3.1[0m
[0;32mI (39) boot.esp32: SPI Speed      : 80MHz[0m
[0;32mI (44) boot.esp32: SPI Mode       : DIO[0m
[0;32mI (48) boot.esp32: SPI Flash Size : 4MB[0m
[0;32mI (53) boot: Enabling RNG early entropy source...[0m
[0;32mI (58) boot: Partition Table:[0m
[0;32mI (62) boot: ## Label            Usage          Type ST Offset   Length[0m
[0;32mI (69) boot:  0 nvs              WiFi data        01 02 00009000 00004000[0m
[0;32mI (77) boot:  1 otadata          OTA data         01 00 0000d000 00002000[0m
[0;32mI (84) boot:  2 phy_init         RF data          01 01 0000f000 00001000[0m
[0;32mI (92) boot:  3 ota_0            OTA app          00 10 00010000 001e0000[0m
[0;32mI (99) boot:  4 ota_1            OTA app          00 11 001f0000 001e0000[0m
[0;32mI (107) boot:  5 coredump         Unknown data     01 03 003d0000 00010000[0m
[0;32mI (114) boot:  6 reserved         Unknown data     01 fe 003e0000 00020000[0m
[0;32mI (122) boot: End of partition table[0m
[0;32mI (126) esp_image: segment 0: paddr=00010020 vaddr=3f400020 size=2d81ch (186396) map[0m
[0;32mI (187) esp_image: segment 1: paddr=0003d844 vaddr=3ffbdb60 size=027d4h ( 10196) load[0m
[0;32mI (191) esp_image: segment 2: paddr=00040020 vaddr=400d0020 size=c1e2ch (794156) map[0m
[0;32mI (418) esp_image: segment 3: paddr=00101e54 vaddr=3ffc0334 size=03794h ( 14228) load[0m
[0;32mI (422) esp_image: segment 4: paddr=001055f0 vaddr=40080000 size=1c880h (116864) load[0m
[0;32mI (477) boot: Loaded app from partition at offset 0x10000[0m
[0;32mI (477) boot: Disabling RNG early entropy source...[0m
[0;32mI (489) quad_psram: This chip is ESP32-D0WD[0m
[0;32mI (489) esp_psram: Found 8MB PSRAM device[0m
[0;32mI (489) esp_psram: Speed: 40MHz[0m
[0;32mI (493) esp_psram: PSRAM initialized, cache is in normal (1-core) mode.[0m
[0;33mW (500) esp_psram: Virtual address not enough for PSRAM, map as much as we can. 4MB is mapped[0m
[0;32mI (509) cpu_start: Unicore app[0m
[0;32mI (513) cpu_start: Single core mode[0m
[0;32mI (1440) esp_psram: SPI SRAM memory test OK[0m
[0;32mI (1448) cpu_start: Pro cpu start user code[0m
[0;32mI (1448) cpu_start: cpu freq: 240000000 Hz[0m
[0;32mI (1448) app_init: Application information:[0m
[0;32mI (1451) app_init: Project name:     mesh_local_control[0m
[0;32mI (1457) app_init: App version:      f498e75d-dirty[0m
[0;32mI (1463) app_init: Compile time:     Aug 21 2024 12:35:40[0m
[0;32mI (1469) app_init: ELF file SHA256:  b14a85c1e...[0m
[0;32mI (1474) app_init: ESP-IDF:          v5.3-dirty[0m
[0;32mI (1480) efuse_init: Min chip rev:     v0.0[0m
[0;32mI (1484) efuse_init: Max chip rev:     v3.99 [0m
[0;32mI (1489) efuse_init: Chip rev:         v3.1[0m
[0;32mI (1495) heap_init: Initializing. RAM available for dynamic allocation:[0m
[0;32mI (1502) heap_init: At 3FFAE6E0 len 0000F480 (61 KiB): DRAM[0m
[0;32mI (1508) heap_init: At 3FFC88B8 len 00017748 (93 KiB): DRAM[0m
[0;32mI (1514) heap_init: At 3FFE0440 len 0001FBC0 (126 KiB): D/IRAM[0m
[0;32mI (1521) heap_init: At 40078000 len 00008000 (32 KiB): IRAM[0m
[0;32mI (1527) heap_init: At 4009C880 len 00003780 (13 KiB): IRAM[0m
[0;32mI (1533) heap_init: At 3FF80000 len 00002000 (8 KiB): RTCRAM[0m
[0;32mI (1540) esp_psram: Adding pool of 4096K of PSRAM memory to heap allocator[0m
[0;32mI (1548) spi_flash: detected chip: generic[0m
[0;32mI (1552) spi_flash: flash io: dio[0m
[0;33mW (1556) i2c: This driver is an old driver, please migrate your application code to adapt `driver/i2c_master.h`[0m
[0;32mI (1567) coexist: coex firmware version: dab85ae96[0m
[0;32mI (1572) main_task: Started on CPU0[0m
[0;32mI (1575) esp_psram: Reserving pool of 32K of internal memory for DMA/internal allocations[0m
[0;32mI (1584) main_task: Calling app_main()[0m
[0;32mI (1603) bridge_common: esp-iot-bridge version: 0.11.8[0m
I (1605) wifi:wifi driver task: 3ffbd654, prio:23, stack:6656, core=0
I (1607) wifi:wifi firmware version: 0caa81945
I (1609) wifi:wifi certification version: v7.0
I (1613) wifi:config NVS flash: enabled
I (1617) wifi:config nano formating: disabled
I (1621) wifi:Init data frame dynamic rx buffer num: 32
I (1626) wifi:Init static rx mgmt buffer num: 5
I (1630) wifi:Init management short buffer num: 32
I (1635) wifi:Init static tx buffer num: 16
I (1639) wifi:Init tx cache buffer num: 32
I (1642) wifi:Init static rx buffer size: 1600
I (1646) wifi:Init static rx buffer num: 10
I (1650) wifi:Init dynamic rx buffer num: 32
[0;32mI (1655) wifi_init: accept mbox: 6[0m
[0;32mI (1658) wifi_init: tcpip mbox: 32[0m
[0;32mI (1662) wifi_init: udp mbox: 6[0m
[0;32mI (1666) wifi_init: tcp mbox: 6[0m
[0;32mI (1670) wifi_init: tcp tx win: 5760[0m
[0;32mI (1674) wifi_init: tcp rx win: 5760[0m
[0;32mI (1678) wifi_init: tcp mss: 1440[0m
[0;32mI (1682) wifi_init: WiFi IRAM OP enabled[0m
[0;32mI (1687) wifi_init: WiFi RX IRAM OP enabled[0m
[0;32mI (1692) phy_init: phy_version 4830,54550f7,Jun 20 2024,14:22:08[0m
[0;33mW (1751) phy_init: saving new calibration data because of checksum failure, mode(0)[0m
I (1762) wifi:mode : null
I (1764) wifi:mode : softAP (08:a6:f7:11:51:a9)
I (1765) wifi:Total power save buffer number: 8
I (1765) wifi:Init max length of beacon: 752/752
I (1767) wifi:Init max length of beacon: 752/752
[0;32mI (1772) esp_netif_lwip: DHCP server started on interface WIFI_AP_DEF with IP: 192.168.4.1[0m
Add netif ap with f498e75d(commit id)
[0;32mI (1783) bridge_common: netif list add success[0m
[0;32mI (1789) bridge_common: [WIFI_AP_DEF ][0m
[0;32mI (1793) bridge_common: Set ip info:192.168.5.1[0m
[0;32mI (1798) bridge_wifi: SoftAP IP network segment has changed, deauth all station[0m
I (1807) wifi:Disabled PMF config for SoftAP
I (1810) wifi:Total power save buffer number: 8
[0;32mI (1816) esp_netif_lwip: DHCP server started on interface WIFI_AP_DEF with IP: 192.168.5.1[0m
[0;32mI (1823) bridge_common: [WIFI_AP_DEF ]Name Server1: 114.114.114.114[0m
[0;32mI (1830) bridge_common: DHCPS Restart, deauth all station[0m
Add netif sta with f498e75d(commit id)
[0;32mI (1839) bridge_common: netif list add success[0m
I (1845) wifi:mode : sta (08:a6:f7:11:51:a8) + softAP (08:a6:f7:11:51:a9)
I (1851) wifi:enable tsf
[0;31mE (1854) NVS: Failed to read IP info from NVS[0m
I (1859) wifi:Disabled PMF config for STA
[0;32mI (1862) bridge_wifi: [esp_bridge_wifi_set_config] sta ssid: Tran Con password: 88888888[0m
[0;32mI (1871) bridge_wifi: [esp_bridge_wifi_set_config] softap ssid: ESP_Bridge_1151a9 password: 12345678[0m
I (2052) wifi:Total power save buffer number: 8
[0;32mI (2055) esp_netif_lwip: DHCP server started on interface WIFI_AP_DEF with IP: 192.168.5.1[0m
[0;32mI (2056) bridge_wifi: SoftAP config changed, deauth all station[0m
[0;32mI (2061) Mesh-Lite: esp-mesh-lite component version: 1.0.0[0m
I (2068) ESPNOW: espnow [version: 1.0] init
[0;32mI (2071) [vendor_ie]: Mesh-Lite commit id: bc9302d
 [0m
[0;32mI (2078) [vendor_ie]: Mesh ID: 77 [0m
[0;32mI (2083) [ESP_Mesh_Lite_Comm]: msg action add success [0m
[0;32mI (2089) [ESP_Mesh_Lite_Comm]: Bind Socket 54, port 6364 [0m
[0;32mI (2093) [ESP_Mesh_Lite_Comm]: Bind Socket 55, port 6363 [0m
[0;32mI (2099) [ESP_Mesh_Lite_Comm]: Bind Socket 56, port 6366 [0m
[0;32mI (2106) [ESP_Mesh_Lite_Comm]: Bind Socket 57, port 6365 [0m
[0;32mI (2112) [mesh-lite-espnow]: Start espnow task [0m
[0;32mI (2118) Mesh-Lite: Mesh-Lite connecting[0m
[0;32mI (2123) [vendor_ie]: esp_mesh_lite_wifi_scan_start return ESP_OK [0m
[0;32mI (2128) gpio: GPIO[25]| InputEn: 1| OutputEn: 0| OpenDrain: 0| Pullup: 1| Pulldown: 0| Intr:2 [0m
[0;32mI (2138) cam_hal: cam init ok[0m
[0;32mI (2141) sccb: pin_sda 26 pin_scl 27[0m
[0;32mI (2145) sccb: sccb_i2c_port=1[0m
[0;32mI (2149) gpio: GPIO[32]| InputEn: 0| OutputEn: 1| OpenDrain: 0| Pullup: 0| Pulldown: 0| Intr:0 [0m
[0;32mI (2188) camera: Detected camera at address=0x30[0m
[0;32mI (2191) camera: Detected OV2640 camera[0m
[0;32mI (2191) camera: Camera PID=0x26 VER=0x42 MIDL=0x7f MIDH=0xa2[0m
[0;32mI (2275) cam_hal: buffer_size: 32768, half_buffer_size: 4096, node_buffer_size: 2048, node_cnt: 16, total_cnt: 23[0m
[0;32mI (2275) cam_hal: Allocating 96000 Byte frame buffer in PSRAM[0m
[0;32mI (2282) cam_hal: cam config ok[0m
[0;32mI (2285) ov2640: Set PLL: clk_2x: 0, clk_div: 0, pclk_auto: 0, pclk_div: 8[0m
[0;33mW (2372) websocket_client: `network_timeout_ms` is not set, or it is less than or equal to zero, using default time out 10000 (milliseconds)[0m
[0;32mI (2378) main_task: Returned from app_main()[0m
[0;32mI (3661) [vendor_ie]: Mesh-Lite Scan done [0m
[0;32mI (3662) [vendor_ie]: RTC store: temp_mesh_id:255; ssid:Tran Con; bssid:00:00:00:00:00:00; crc:3374109264 [0m
[0;32mI (3666) [vendor_ie]: wifi_cfg Tran Con router_config Tran Con [0m
[0;32mI (3673) [vendor_ie]: esp_mesh_lite_wifi_connect return ESP_OK [0m
I (4567) wifi:new:<1,1>, old:<1,1>, ap:<1,1>, sta:<1,0>, prof:1, snd_ch_cfg:0x0
I (4568) wifi:state: init -> auth (0xb0)
I (5568) wifi:state: auth -> init (0x200)
I (5569) wifi:new:<1,0>, old:<1,1>, ap:<1,1>, sta:<1,0>, prof:1, snd_ch_cfg:0x0
ets Jul 29 2019 12:21:46

rst:0x1 (POWERON_RESET),boot:0x13 (SPI_FAST_FLASH_BOOT)
configsip: 0, SPIWP:0xee
clk_drv:0x00,q_drv:0x00,d_drv:0x00,cs0_drv:0x00,hd_drv:0x00,wp_drv:0x00
mode:DIO, clock div:1
load:0x3fff0030,len:7168
load:0x40078000,len:15464
load:0x40080400,len:4
ho 8 tail 4 room 4
load:0x40080404,len:3684
entry 0x40080614
[0;32mI (31) boot: ESP-IDF v5.3-dirty 2nd stage bootloader[0m
[0;32mI (31) boot: compile time Aug 20 2024 21:14:45[0m
[0;33mW (31) boot: Unicore bootloader[0m
[0;32mI (35) boot: chip revision: v3.1[0m
[0;32mI (39) boot.esp32: SPI Speed      : 80MHz[0m
[0;32mI (44) boot.esp32: SPI Mode       : DIO[0m
[0;32mI (48) boot.esp32: SPI Flash Size : 4MB[0m
[0;32mI (53) boot: Enabling RNG early entropy source...[0m
[0;32mI (58) boot: Partition Table:[0m
[0;32mI (62) boot: ## Label            Usage          Type ST Offset   Length[0m
[0;32mI (69) boot:  0 nvs              WiFi data        01 02 00009000 00004000[0m
[0;32mI (77) boot:  1 otadata          OTA data         01 00 0000d000 00002000[0m
[0;32mI (84) boot:  2 phy_init         RF data          01 01 0000f000 00001000[0m
[0;32mI (92) boot:  3 ota_0            OTA app          00 10 00010000 001e0000[0m
[0;32mI (99) boot:  4 ota_1            OTA app          00 11 001f0000 001e0000[0m
[0;32mI (107) boot:  5 coredump         Unknown data     01 03 003d0000 00010000[0m
[0;32mI (114) boot:  6 reserved         Unknown data     01 fe 003e0000 00020000[0m
[0;32mI (122) boot: End of partition table[0m
[0;32mI (126) esp_image: segment 0: paddr=00010020 vaddr=3f400020 size=2d81ch (186396) map[0m
ets Jul 29 2019 12:21:46

rst:0x1 (POWERON_RESET),boot:0x13 (SPI_FAST_FLASH_BOOT)
configsip: 0, SPIWP:0xee
clk_drv:0x00,q_drv:0x00,d_drv:0x00,cs0_drv:0x00,hd_drv:0x00,wp_drv:0x00
mode:DIO, clock div:1
load:0x3fff0030,len:7168
load:0x40078000,len:15464
load:0x40080400,len:4
ho 8 tail 4 room 4
load:0x40080404,len:3684
entry 0x40080614
[0;32mI (31) boot: ESP-IDF v5.3-dirty 2nd stage bootloader[0m
[0;32mI (31) boot: compile time Aug 20 2024 21:14:45[0m
[0;33mW (31) boot: Unicore bootloader[0m
[0;32mI (35) boot: chip revision: v3.1[0m
[0;32mI (39) boot.esp32: SPI Speed      : 80MHz[0m
[0;32mI (44) boot.esp32: SPI Mode       : DIO[0m
[0;32mI (48) boot.esp32: SPI Flash Size : 4MB[0m
[0;32mI (53) boot: Enabling RNG early entropy source...[0m
[0;32mI (58) boot: Partition Table:[0m
[0;32mI (62) boot: ## Label            Usage          Type ST Offset   Length[0m
[0;32mI (69) boot:  0 nvs              WiFi data        01 02 00009000 00004000[0m
[0;32mI (77) boot:  1 otadata          OTA data         01 00 0000d000 00002000[0m
[0;32mI (84) boot:  2 phy_init         RF data          01 01 0000f000 00001000[0m
[0;32mI (92) boot:  3 ota_0            OTA app          00 10 00010000 001e0000[0m
[0;32mI (99) boot:  4 ota_1            OTA app          00 11 001f0000 001e0000[0m
[0;32mI (107) boot:  5 coredump         Unknown data     01 03 003d0000 00010000[0m
[0;32mI (114) boot:  6 reserved         Unknown data     01 fe 003e0000 00020000[0m
[0;32mI (122) boot: End of partition table[0m
[0;32mI (126) esp_image: segment 0: paddr=00010020 vaddr=3f400020 size=2d81ch (186396) map[0m
[0;32mI (187) esp_image: segment 1: paddr=0003d844 vaddr=3ffbdb60 size=027d4h ( 10196) load[0m
[0;32mI (191) esp_image: segment 2: paddr=00040020 vaddr=400d0020 size=c1e2ch (794156) map[0m
[0;32mI (418) esp_image: segment 3: paddr=00101e54 vaddr=3ffc0334 size=03794h ( 14228) load[0m
[0;32mI (422) esp_image: segment 4: paddr=001055f0 vaddr=40080000 size=1c880h (116864) load[0m
[0;32mI (477) boot: Loaded app from partition at offset 0x10000[0m
[0;32mI (477) boot: Disabling RNG early entropy source...[0m
[0;32mI (489) quad_psram: This chip is ESP32-D0WD[0m
[0;32mI (489) esp_psram: Found 8MB PSRAM device[0m
[0;32mI (489) esp_psram: Speed: 40MHz[0m
[0;32mI (493) esp_psram: PSRAM initialized, cache is in normal (1-core) mode.[0m
[0;33mW (500) esp_psram: Virtual address not enough for PSRAM, map as much as we can. 4MB is mapped[0m
[0;32mI (509) cpu_start: Unicore app[0m
[0;32mI (513) cpu_start: Single core mode[0m
[0;32mI (1440) esp_psram: SPI SRAM memory test OK[0m
[0;32mI (1448) cpu_start: Pro cpu start user code[0m
[0;32mI (1448) cpu_start: cpu freq: 240000000 Hz[0m
[0;32mI (1448) app_init: Application information:[0m
[0;32mI (1451) app_init: Project name:     mesh_local_control[0m
[0;32mI (1457) app_init: App version:      f498e75d-dirty[0m
[0;32mI (1463) app_init: Compile time:     Aug 21 2024 12:35:40[0m
[0;32mI (1469) app_init: ELF file SHA256:  b14a85c1e...[0m
[0;32mI (1474) app_init: ESP-IDF:          v5.3-dirty[0m
[0;32mI (1480) efuse_init: Min chip rev:     v0.0[0m
[0;32mI (1484) efuse_init: Max chip rev:     v3.99 [0m
[0;32mI (1489) efuse_init: Chip rev:         v3.1[0m
[0;32mI (1495) heap_init: Initializing. RAM available for dynamic allocation:[0m
[0;32mI (1502) heap_init: At 3FFAE6E0 len 0000F480 (61 KiB): DRAM[0m
[0;32mI (1508) heap_init: At 3FFC88B8 len 00017748 (93 KiB): DRAM[0m
[0;32mI (1514) heap_init: At 3FFE0440 len 0001FBC0 (126 KiB): D/IRAM[0m
[0;32mI (1521) heap_init: At 40078000 len 00008000 (32 KiB): IRAM[0m
[0;32mI (1527) heap_init: At 4009C880 len 00003780 (13 KiB): IRAM[0m
[0;32mI (1533) heap_init: At 3FF80000 len 00002000 (8 KiB): RTCRAM[0m
[0;32mI (1540) esp_psram: Adding pool of 4096K of PSRAM memory to heap allocator[0m
[0;32mI (1548) spi_flash: detected chip: generic[0m
[0;32mI (1552) spi_flash: flash io: dio[0m
[0;33mW (1556) i2c: This driver is an old driver, please migrate your application code to adapt `driver/i2c_master.h`[0m
[0;32mI (1567) coexist: coex firmware version: dab85ae96[0m
[0;32mI (1572) main_task: Started on CPU0[0m
[0;32mI (1575) esp_psram: Reserving pool of 32K of internal memory for DMA/internal allocations[0m
[0;32mI (1584) main_task: Calling app_main()[0m
[0;32mI (1603) bridge_common: esp-iot-bridge version: 0.11.8[0m
I (1605) wifi:wifi driver task: 3ffbd6d8, prio:23, stack:6656, core=0
I (1607) wifi:wifi firmware version: 0caa81945
I (1608) wifi:wifi certification version: v7.0
I (1612) wifi:config NVS flash: enabled
I (1616) wifi:config nano formating: disabled
I (1620) wifi:Init data frame dynamic rx buffer num: 32
I (1625) wifi:Init static rx mgmt buffer num: 5
I (1629) wifi:Init management short buffer num: 32
I (1634) wifi:Init static tx buffer num: 16
I (1638) wifi:Init tx cache buffer num: 32
I (1641) wifi:Init static rx buffer size: 1600
I (1646) wifi:Init static rx buffer num: 10
I (1649) wifi:Init dynamic rx buffer num: 32
[0;32mI (1654) wifi_init: accept mbox: 6[0m
[0;32mI (1657) wifi_init: tcpip mbox: 32[0m
[0;32mI (1662) wifi_init: udp mbox: 6[0m
[0;32mI (1665) wifi_init: tcp mbox: 6[0m
[0;32mI (1669) wifi_init: tcp tx win: 5760[0m
[0;32mI (1673) wifi_init: tcp rx win: 5760[0m
[0;32mI (1678) wifi_init: tcp mss: 1440[0m
[0;32mI (1682) wifi_init: WiFi IRAM OP enabled[0m
[0;32mI (1686) wifi_init: WiFi RX IRAM OP enabled[0m
[0;32mI (1692) phy_init: phy_version 4830,54550f7,Jun 20 2024,14:22:08[0m
[0;33mW (1750) phy_init: saving new calibration data because of checksum failure, mode(0)[0m
I (1762) wifi:mode : null
I (1763) wifi:mode : softAP (08:a6:f7:11:51:a9)
I (1764) wifi:Total power save buffer number: 8
I (1765) wifi:Init max length of beacon: 752/752
I (1766) wifi:Init max length of beacon: 752/752
[0;32mI (1772) esp_netif_lwip:ets Jul 29 2019 12:21:46

rst:0x1 (POWERON_RESET),boot:0x13 (SPI_FAST_FLASH_BOOT)
configsip: 0, SPIWP:0xee
clk_drv:0x00,q_drv:0x00,d_drv:0x00,cs0_drv:0x00,hd_drv:0x00,wp_drv:0x00
mode:DIO, clock div:1
load:0x3fff0030,len:7168
load:0x40078000,len:15464
load:0x40080400,len:4
ho 8 tail 4 room 4
load:0x40080404,len:3684
entry 0x40080614
[0;32mI (31) boot: ESP-IDF v5.3-dirty 2nd stage bootloader[0m
[0;32mI (31) boot: compile time Aug 20 2024 21:14:45[0m
[0;33mW (31) boot: Unicore bootloader[0m
[0;32mI (35) boot: chip revision: v3.1[0m
[0;32mI (39) boot.esp32: SPI Speed      : 80MHz[0m
[0;32mI (44) boot.esp32: SPI Mode       : DIO[0m
[0;32mI (48) boot.esp32: SPI Flash Size : 4MB[0m
[0;32mI (53) boot: Enabling RNG early entropy source...[0m
[0;32mI (58) boot: Partition Table:[0m
[0;32mI (62) boot: ## Label            Usage          Type ST Offset   Length[0m
[0;32mI (69) boot:  0 nvs              WiFi data        01 02 00009000 00004000[0m
[0;32mI (77) boot:  1 otadata          OTA data         01 00 0000d000 00002000[0m
[0;32mI (84) boot:  2 phy_init         RF data          01 01 0000f000 00001000[0m
[0;32mI (92) boot:  3 ota_0            OTA app          00 10 00010000 001e0000[0m
[0;32mI (99) boot:  4 ota_1            OTA app          00 11 001f0000 001e0000[0m
[0;32mI (107) boot:  5 coredump         Unknown data     01 03 003d0000 00010000[0m
[0;32mI (114) boot:  6 reserved         Unknown data     01 fe 003e0000 00020000[0m
[0;32mI (122) boot: End of partition table[0m
[0;32mI (126) esp_image: segment 0: paddr=00010020 vaddr=3f400020 size=2d81ch (186396) map[0m
[0;32mI (187) esp_image: segment 1: paddr=0003d844 vaddr=3ffbdb60 size=027d4h ( 10196) load[0m
[0;32mI (191) esp_image: segment 2: paddr=00040020 vaddr=400d0020 size=c1e2ch (794156) map[0m
ets Jul 29 2019 12:21:46

rst:0x1 (POWERON_RESET),boot:0x13 (SPI_FAST_FLASH_BOOT)
configsip: 0, SPIWP:0xee
clk_drv:0x00,q_drv:0x00,d_drv:0x00,cs0_drv:0x00,hd_drv:0x00,wp_drv:0x00
mode:DIO, clock div:1
load:0x3fff0030,len:7168
load:0x40078000,len:15464
load:0x40080400,len:4
ho 8 tail 4 room 4
load:0x40080404,len:3684
entry 0x40080614
[0;32mI (31) boot: ESP-IDF v5.3-dirty 2nd stage bootloader[0m
[0;32mI (31) boot: compile time Aug 20 2024 21:14:45[0m
[0;33mW (31) boot: Unicore bootloader[0m
[0;32mI (35) boot: chip revision: v3.1[0m
[0;32mI (39) boot.esp32: SPI Speed      : 80MHz[0m
[0;32mI (44) boot.esp32: SPI Mode       : DIO[0m
[0;32mI (48) boot.esp32: SPI Flash Size : 4MB[0m
[0;32mI (53) boot: Enabling RNG early entropy source...[0m
[0;32mI (58) boot: Partition Table:[0m
[0;32mI (62) boot: ## Label            Usage          Type ST Offset   Length[0m
[0;32mI (69) boot:  0 nvs              WiFi data        01 02 00009000 00004000[0m
[0;32mI (77) boot:  1 otadata          OTA data         01 00 0000d000 00002000[0m
[0;32mI (84) boot:  2 phy_init         RF data          01 01 0000f000 00001000[0m
[0;32mI (92) boot:  3 ota_0            OTA app          00 10 00010000 001e0000[0m
[0;32mI (99) boot:  4 ota_1            OTA app          00 11 001f0000 001e0000[0m
[0;32mI (107) boot:  5 coredump         Unknown data     01 03 003d0000 00010000[0m
[0;32mI (114) boot:  6 reserved         Unknown data     01 fe 003e0000 00020000[0m
[0;32mI (122) boot: End of partition table[0m
[0;32mI (126) esp_image: segment 0: paddr=00010020 vaddr=3f400020 size=2d81ch (186396) map[0m
[0;32mI (187) esp_image: segment 1: paddr=0003d844 vaddr=3ffbdb60 size=027d4h ( 10196) load[0m
[0;32mI (191) esp_image: segment 2: paddr=00040020 vaddr=400d0020 size=c1e2ch (794156) map[0m
[0;32mI (418) esp_image: segment 3: paddr=00101e54 vaddr=3ffc0334 size=03794h ( 14228) load[0m
[0;32mI (422) esp_image: segment 4: paddr=001055f0 vaddr=40080000 size=1c880h (116864) load[0m
[0;32mI (477) boot: Loaded app from partition at offset 0x10000[0m
[0;32mI (477) boot: Disabling RNG early entropy source...[0m
[0;32mI (489) quad_psram: This chip is ESP32-D0WD[0m
[0;32mI (489) esp_psram: Found 8MB PSRAM device[0m
[0;32mI (489) esp_psram: Speed: 40MHz[0m
[0;32mI (493) esp_psram: PSRAM initialized, cache is in normal (1-core) mode.[0m
[0;33mW (500) esp_psram: Virtual address not enough for PSRAM, map as much as we can. 4MB is mapped[0m
[0;32mI (509) cpu_start: Unicore app[0m
[0;32mI (513) cpu_start: Single core mode[0m
[0;32mI (1440) esp_psram: SPI SRAM memory test OK[0m
[0;32mI (1448) cpu_start: Pro cpu start user code[0m
[0;32mI (1448) cpu_start: cpu freq: 240000000 Hz[0m
[0;32mI (1448) app_init: Application information:[0m
[0;32mI (1451) app_init: Project name:     mesh_local_control[0m
[0;32mI (1457) app_init: App version:      f498e75d-dirty[0m
[0;32mI (1463) app_init: Compile time:     Aug 21 2024 12:35:40[0m
[0;32mI (1469) app_init: ELF file SHA256:  b14a85c1e...[0m
[0;32mI (1474) app_init: ESP-IDF:          v5.3-dirty[0m
[0;32mI (1480) efuse_init: Min chip rev:     v0.0[0m
[0;32mI (1484) efuse_init: Max chip rev:     v3.99 [0m
[0;32mI (1489) efuse_init: Chip rev:         v3.1[0m
[0;32mI (1495) heap_init: Initializing. RAM available for dynamic allocation:[0m
[0;32mI (1502) heap_init: At 3FFAE6E0 len 0000F480 (61 KiB): DRAM[0m
[0;32mI (1508) heap_init: At 3FFC88B8 len 00017748 (93 KiB): DRAM[0m
[0;32mI (1514) heap_init: At 3FFE0440 len 0001FBC0 (126 KiB): D/IRAM[0m
[0;32mI (1521) heap_init: At 40078000 len 00008000 (32 KiB): IRAM[0m
[0;32mI (1527) heap_init: At 4009C880 len 00003780 (13 KiB): IRAM[0m
[0;32mI (1533) heap_init: At 3FF80000 len 00002000 (8 KiB): RTCRAM[0m
[0;32mI (1540) esp_psram: Adding pool of 4096K of PSRAM memory to heap allocator[0m
[0;32mI (1548) spi_flash: detected chip: generic[0m
[0;32mI (1552) spi_flash: flash io: dio[0m
[0;33mW (1556) i2c: This driver is an old driver, please migrate your application code to adapt `driver/i2c_master.h`[0m
[0;32mI (1567) coexist: coex firmware version: dab85ae96[0m
[0;32mI (1572) main_task: Started on CPU0[0m
[0;32mI (1575) esp_psram: Reserving pool of 32K of internal memory for DMA/internal allocations[0m
[0;32mI (1584) main_task: Calling app_main()[0m
[0;32mI (1603) bridge_common: esp-iot-bridge version: 0.11.8[0m
I (1605) wifi:wifi driver task: 3ffbd6d8, prio:23, stack:6656, core=0
I (1607) wifi:wifi firmware version: 0caa81945
I (1608) wifi:wifi certification version: v7.0
I (1612) wifi:config NVS flash: enabled
I (1616) wifi:config nano formating: disabled
I (1620) wifi:Init data frame dynamic rx buffer num: 32
I (1625) wifi:Init static rx mgmt buffer num: 5
I (1629) wifi:Init management short buffer num: 32
I (1634) wifi:Init static tx buffer num: 16
I (1638) wifi:Init tx cache buffer num: 32
I (1641) wifi:Init static rx buffer size: 1600
I (1646) wifi:Init static rx buffer num: 10
I (1649) wifi:Init dynamic rx buffer num: 32
[0;32mI (1654) wifi_init: accept mbox: 6[0m
[0;32mI (1657) wifi_init: tcpip mbox: 32[0m
[0;32mI (1661) wifi_init: udp mbox: 6[0m
[0;32mI (1665) wifi_init: tcp mbox: 6[0m
[0;32mI (1669) wifi_init: tcp tx win: 5760[0m
[0;32mI (1673) wifi_init: tcp rx win: 5760[0m
[0;32mI (1678) wifi_init: tcp mss: 1440[0m
[0;32mI (1682) wifi_init: WiFi IRAM OP enabled[0m
[0;32mI (1686) wifi_init: WiFi RX IRAM OP enabled[0m
[0;32mI (1691) phy_init: phy_version 4830,54550f7,Jun 20 2024,14:22:08[0m
I (1752) wifi:mode : null
I (1754) wifi:mode : softAP (08:a6:f7:11:51:a9)
I (1755) wifi:Total power save buffer number: 8
I (1755) wifi:Init max length of beacon: 752/752
I (1757) wifi:Init max length of beacon: 752/752
[0;32mI (1763) esp_netif_lwip: DHCP server started on interface WIFI_AP_DEF with IP: 192.168.4.1[0m
Add netif ap with f498e75d(commit id)
[0;32mI (1773) bridge_common: netif list add success[0m
[0;32mI (1779) bridge_common: [WIFI_AP_DEF ][0m
[0;32mI (1784) bridge_common: Set ip info:192.168.5.1[0m
[0;32mI (1788) bridge_wifi: SoftAP IP network segment has changed, deauth all station[0m
I (1798) wifi:Disabled PMF config for SoftAP
I (1801) wifi:Total power save buffer number: 8
[0;32mI (1806) esp_netif_lwip: DHCP server started on interface WIFI_AP_DEF with IP: 192.168.5.1[0m
[0;32mI (1814) bridge_common: [WIFI_AP_DEF ]Name Server1: 114.114.114.114[0m
[0;32mI (1820) bridge_common: DHCPS Restart, deauth all station[0m
Add netif sta with f498e75d(commit id)
[0;32mI (1830) bridge_common: netif list add success[0m
I (1835) wifi:mode : sta (08:a6:f7:11:51:a8) + softAP (08:a6:f7:11:51:a9)
I (1842) wifi:enable tsf
[0;31mE (1845) NVS: Failed to read IP info from NVS[0m
I (1849) wifi:Disabled PMF config for STA
[0;32mI (1853) bridge_wifi: [esp_bridge_wifi_set_config] sta ssid: Tran Con password: 88888888[0m
[0;32mI (1862) bridge_wifi: [esp_bridge_wifi_set_config] softap ssid: ESP_Bridge_1151a9 password: 12345678[0m
I (2043) wifi:Total power save buffer number: 8
[0;32mI (2045) esp_netif_lwip: DHCP server started on interface WIFI_AP_DEF with IP: 192.168.5.1[0m
[0;32mI (2046) bridge_wifi: SoftAP config changed, deauth all station[0m
[0;32mI (2052) Mesh-Lite: esp-mesh-lite component version: 1.0.0[0m
I (2058) ESPNOW: espnow [version: 1.0] init
[0;32mI (2062) [vendor_ie]: Mesh-Lite commit id: bc9302d
 [0m
[0;32mI (2068) [vendor_ie]: Mesh ID: 77 [0m
[0;32mI (2073) [ESP_Mesh_Lite_Comm]: msg action add success [0m
[0;32mI (2079) [ESP_Mesh_Lite_Comm]: Bind Socket 54, port 6364 [0m
[0;32mI (2084) [ESP_Mesh_Lite_Comm]: Bind Socket 55, port 6363 [0m
[0;32mI (2090) [ESP_Mesh_Lite_Comm]: Bind Socket 56, port 6366 [0m
[0;32mI (2096) [ESP_Mesh_Lite_Comm]: Bind Socket 57, port 6365 [0m
[0;32mI (2102) [mesh-lite-espnow]: Start espnow task [0m
[0;32mI (2108) Mesh-Lite: Mesh-Lite connecting[0m
[0;32mI (2113) [vendor_ie]: esp_mesh_lite_wifi_scan_start return ESP_OK [0m
[0;32mI (2119) gpio: GPIO[25]| InputEn: 1| OutputEn: 0| OpenDrain: 0| Pullup: 1| Pulldown: 0| Intr:2 [0m
[0;32mI (2128) cam_hal: cam init ok[0m
[0;32mI (2132) sccb: pin_sda 26 pin_scl 27[0m
[0;32mI (2136) sccb: sccb_i2c_port=1[0m
[0;32mI (2140) gpio: GPIO[32]| InputEn: 0| OutputEn: 1| OpenDrain: 0| Pullup: 0| Pulldown: 0| Intr:0 [0m
[0;32mI (2179) camera: Detected camera at address=0x30[0m
[0;32mI (2182) camera: Detected OV2640 camera[0m
[0;32mI (2182) camera: Camera PID=0x26 VER=0x42 MIDL=0x7f MIDH=0xa2[0m
[0;32mI (2266) cam_hal: buffer_size: 32768, half_buffer_size: 4096, node_buffer_size: 2048, node_cnt: 16, total_cnt: 23[0m
[0;32mI (2267) cam_hal: Allocating 96000 Byte frame buffer in PSRAM[0m
[0;32mI (2273) cam_hal: cam config ok[0m
[0;32mI (2277) ov2640: Set PLL: clk_2x: 0, clk_div: 0, pclk_auto: 0, pclk_div: 8[0m
[0;33mW (2363) websocket_client: `network_timeout_ms` is not set, or it is less than or equal to zero, using default time out 10000 (milliseconds)[0m
[0;32mI (2369) main_task: Returned from app_main()[0m
[0;32mI (3651) [vendor_ie]: Mesh-Lite Scan done [0m
[0;32mI (3652) [vendor_ie]: RTC store: temp_mesh_id:255; ssid:Tran Con; bssid:00:00:00:00:00:00; crc:3374109264 [0m
[0;32mI (3656) [vendor_ie]: wifi_cfg Tran Con router_config Tran Con [0m
[0;32mI (3664) [vendor_ie]: esp_mesh_lite_wifi_connect return ESP_OK [0m
I (3907) wifi:new:<1,1>, old:<1,1>, ap:<1,1>, sta:<1,0>, prof:1, snd_ch_cfg:0x0
I (3907) wifi:state: init -> auth (0xb0)
I (3909) wifi:state: auth -> assoc (0x0)
I (3918) wifi:state: assoc -> run (0x10)
I (8073) wifi:state: run -> init (0x0)
I (8074) wifi:new:<1,0>, old:<1,1>, ap:<1,1>, sta:<1,0>, prof:1, snd_ch_cfg:0x0
[0;32mI (8078) [vendor_ie]: esp_mesh_lite_wifi_connect return ESP_OK [0m
[0;32mI (8079) [ESP_Mesh_Lite_Comm]: Retry to connect to the AP [0m
I (8095) wifi:new:<1,1>, old:<1,0>, ap:<1,1>, sta:<1,0>, prof:1, snd_ch_cfg:0x0
I (8096) wifi:state: init -> auth (0xb0)
I (8108) wifi:state: auth -> assoc (0x0)
I (8116) wifi:state: assoc -> run (0x10)
[0;31mE (12370) esp-tls: [sock=58] select() timeout[0m
[0;31mE (12371) transport_base: Failed to open a new connection: 32774[0m
[0;31mE (12371) transport_ws: Error connecting to host 192.168.2.88:3000[0m
[0;31mE (12378) websocket_client: esp_transport_connect() failed with -1, transport_error=ESP_ERR_ESP_TLS_CONNECTION_TIMEOUT, tls_error_code=0, tls_flags=0, esp_ws_handshake_status_code=0, errno=119[0m
[0;31mE (12395) websocket_client: WebSocket client error[0m
[0;32mI (12401) websocket_client: Reconnect after 500 ms[0m
[0;32mI (12406) websocket_client: WebSocket client connected[0m
[0;31mE (12412) websocket_client: Websocket client is not connected[0m
[0;33mW (12418) websocket_client: Waiting for WebSocket connection to resume sending image...[0m
[0;33mW (12429) cam_hal: NO-SOI[0m
I (13073) wifi:state: run -> init (0x0)
I (13074) wifi:new:<1,0>, old:<1,1>, ap:<1,1>, sta:<1,0>, prof:1, snd_ch_cfg:0x0
[0;32mI (13078) [vendor_ie]: esp_mesh_lite_wifi_connect return ESP_OK [0m
[0;32mI (13080) [ESP_Mesh_Lite_Comm]: Retry to connect to the AP [0m
I (13159) wifi:new:<1,1>, old:<1,0>, ap:<1,1>, sta:<1,0>, prof:1, snd_ch_cfg:0x0
I (13160) wifi:state: init -> auth (0xb0)
I (13162) wifi:state: auth -> assoc (0x0)
I (13167) wifi:state: assoc -> run (0x10)
ets Jul 29 2019 12:21:46

rst:0x1 (POWERON_RESET),boot:0x13 (SPI_FAST_FLASH_BOOT)
configsip: 0, SPIWP:0xee
clk_drv:0x00,q_drv:0x00,d_drv:0x00,cs0_drv:0x00,hd_drv:0x00,wp_drv:0x00
mode:DIO, clock div:1
load:0x3fff0030,len:7168
load:0x40078000,len:15464
load:0x40080400,len:4
ho 8 tail 4 room 4
load:0x40080404,len:3684
entry 0x40080614
[0;32mI (31) boot: ESP-IDF v5.3-dirty 2nd stage bootloader[0m
[0;32mI (31) boot: compile time Aug 20 2024 21:14:45[0m
[0;33mW (31) boot: Unicore bootloader[0m
[0;32mI (35) boot: chip revision: v3.1[0m
[0;32mI (39) boot.esp32: SPI Speed      : 80MHz[0m
[0;32mI (44) boot.esp32: SPI Mode       : DIO[0m
[0;32mI (48) boot.esp32: SPI Flash Size : 4MB[0m
[0;32mI (53) boot: Enabling RNG early entropy source...[0m
[0;32mI (58) boot: Partition Table:[0m
[0;32mI (62) boot: ## Label            Usage          Type ST Offset   Length[0m
[0;32mI (69) boot:  0 nvs              WiFi data        01 02 00009000 00004000[0m
[0;32mI (77) boot:  1 otadata          OTA data         01 00 0000d000 00002000[0m
[0;32mI (84) boot:  2 phy_init         RF data          01 01 0000f000 00001000[0m
[0;32mI (92) boot:  3 ota_0            OTA app          00 10 00010000 001e0000[0m
[0;32mI (99) boot:  4 ota_1            OTA app          00 11 001f0000 001e0000[0m
[0;32mI (107) boot:  5 coredump         Unknown data     01 03 003d0000 00010000[0m
[0;32mI (114) boot:  6 reserved         Unknown data     01 fe 003e0000 00020000[0m
[0;32mI (122) boot: End of partition table[0m
[0;32mI (126) esp_image: segment 0: paddr=00010020 vaddr=3f400020 size=2d81ch (186396) map[0m
[0;32mI (187) esp_image: segment 1: paddr=0003d844 vaddr=3ffbdb60 size=027d4h ( 10196) load[0m
[0;32mI (191) esp_image: segment 2: paddr=00040020 vaddr=400d0020 size=c1e2ch (794156) map[0m
[0;32mI (418) esp_image: segment 3: paddr=00101e54 vaddr=3ffc0334 size=03794h ( 14228) load[0m
[0;32mI (422) esp_image: segment 4: paddr=001055f0 vaddr=40080000 size=1c880h (116864) load[0m
[0;32mI (477) boot: Loaded app from partition at offset 0x10000[0m
[0;32mI (477) boot: Disabling RNG early entropy source...[0m
[0;32mI (489) quad_psram: This chip is ESP32-D0WD[0m
[0;32mI (489) esp_psram: Found 8MB PSRAM device[0m
[0;32mI (489) esp_psram: Speed: 40MHz[0m
[0;32mI (493) esp_psram: PSRAM initialized, cache is in normal (1-core) mode.[0m
[0;33mW (500) esp_psram: Virtual address not enough for PSRAM, map as much as we can. 4MB is mapped[0m
[0;32mI (509) cpu_start: Unicore app[0m
[0;32mI (513) cpu_start: Single core mode[0m
[0;32mI (1440) esp_psram: SPI SRAM memory test OK[0m
[0;32mI (1448) cpu_start: Pro cpu start user code[0m
[0;32mI (1448) cpu_start: cpu freq: 240000000 Hz[0m
[0;32mI (1448) app_init: Application information:[0m
[0;32mI (1451) app_init: Project name:     mesh_local_control[0m
[0;32mI (1457) app_init: App version:      f498e75d-dirty[0m
[0;32mI (1463) app_init: Compile time:     Aug 21 2024 12:35:40[0m
[0;32mI (1469) app_init: ELF file SHA256:  b14a85c1e...[0m
[0;32mI (1474) app_init: ESP-IDF:          v5.3-dirty[0m
[0;32mI (1480) efuse_init: Min chip rev:     v0.0[0m
[0;32mI (1484) efuse_init: Max chip rev:     v3.99 [0m
[0;32mI (1489) efuse_init: Chip rev:         v3.1[0m
[0;32mI (1495) heap_init: Initializing. RAM available for dynamic allocation:[0m
[0;32mI (1502) heap_init: At 3FFAE6E0 len 0000F480 (61 KiB): DRAM[0m
[0;32mI (1508) heap_init: At 3FFC88B8 len 00017748 (93 KiB): DRAM[0m
[0;32mI (1514) heap_init: At 3FFE0440 len 0001FBC0 (126 KiB): D/IRAM[0m
[0;32mI (1521) heap_init: At 40078000 len 00008000 (32 KiB): IRAM[0m
[0;32mI (1527) heap_init: At 4009C880 len 00003780 (13 KiB): IRAM[0m
[0;32mI (1533) heap_init: At 3FF80000 len 00002000 (8 KiB): RTCRAM[0m
[0;32mI (1540) esp_psram: Adding pool of 4096K of PSRAM memory to heap allocator[0m
[0;32mI (1548) spi_flash: detected chip: generic[0m
[0;32mI (1552) spi_flash: flash io: dio[0m
[0;33mW (1556) i2c: This driver is an old driver, please migrate your application code to adapt `driver/i2c_master.h`[0m
[0;32mI (1567) coexist: coex firmware version: dab85ae96[0m
[0;32mI (1572) main_task: Started on CPU0[0m
[0;32mI (1575) esp_psram: Reserving pool of 32K of internal memory for DMA/internal allocations[0m
[0;32mI (1584) main_task: Calling app_main()[0m
[0;32mI (1603) bridge_common: esp-iot-bridge version: 0.11.8[0m
I (1605) wifi:wifi driver task: 3ffbd6d8, prio:23, stack:6656, core=0
I (1607) wifi:wifi firmware version: 0caa81945
I (1608) wifi:wifi certification version: v7.0
I (1612) wifi:config NVS flash: enabled
I (1616) wifi:config nano formating: disabled
I (1620) wifi:Init data frame dynamic rx buffer num: 32
I (1625) wifi:Init static rx mgmt buffer num: 5
I (1629) wifi:Init management short buffer num: 32
I (1634) wifi:Init static tx buffer num: 16
I (1638) wifi:Init tx cache buffer num: 32
I (1641) wifi:Init static rx buffer size: 1600
I (1646) wifi:Init static rx buffer num: 10
I (1649) wifi:Init dynamic rx buffer num: 32
[0;32mI (1654) wifi_init: accept mbox: 6[0m
[0;32mI (1657) wifi_init: tcpip mbox: 32[0m
[0;32mI (1661) wifi_init: udp mbox: 6[0m
[0;32mI (1665) wifi_init: tcp mbox: 6[0m
[0;32mI (1669) wifi_init: tcp tx win: 5760[0m
[0;32mI (1673) wifi_init: tcp rx win: 5760[0m
[0;32mI (1678) wifi_init: tcp mss: 1440[0m
[0;32mI (1682) wifi_init: WiFi IRAM OP enabled[0m
[0;32mI (1686) wifi_init: WiFi RX IRAM OP enabled[0m
[0;32mI (1691) phy_init: phy_version 4830,54550f7,Jun 20 2024,14:22:08[0m
I (1751) wifi:mode : null
I (1753) wifi:mode : softAP (08:a6:f7:11:51:a9)
I (1754) wifi:Total power save buffer number: 8
I (1754) wifi:Init max length of beacon: 752/752
I (1756) wifi:Init max length of beacon: 752/752
[0;32mI (1762) esp_netif_lwip: DHCP server started on interface WIFI_AP_DEF with IP: 192.168.4.1[0m
Add netif ap with f498e75d(commit id)
[0;32mI (1772) bridge_common: netif list add success[0m
[0;32mI (1778) bridge_common: [WIFI_AP_DEF ][0m
[0;32mI (1783) bridge_common: Set ip info:192.168.5.1[0m
[0;32mI (1787) bridge_wifi: SoftAP IP network segment has changed, deauth all station[0m
I (1796) wifi:Disabled PMF config for SoftAP
I (1800) wifi:Total power save buffer number: 8
[0;32mI (1805) esp_netif_lwip: DHCP server started on interface WIFI_AP_DEF with IP: 192.168.5.1[0m
[0;32mI (1813) bridge_common: [WIFI_AP_DEF ]Name Server1: 114.114.114.114[0m
[0;32mI (1819) bridge_common: DHCPS Restart, deauth all station[0m
Add netif sta with f498e75d(commit id)
[0;32mI (1829) bridge_common: netif list add success[0m
I (1834) wifi:mode : sta (08:a6:f7:11:51:a8) + softAP (08:a6:f7:11:51:a9)
I (1841) wifi:enable tsf
[0;31mE (1844) NVS: Failed to read IP info from NVS[0m
I (1848) wifi:Disabled PMF config for STA
[0;32mI (1852) bridge_wifi: [esp_bridge_wifi_set_config] sta ssid: Tran Con password: 88888888[0m
[0;32mI (1861) bridge_wifi: [esp_bridge_wifi_set_config] softap ssid: ESP_Bridge_1151a9 password: 12345678[0m
I (2042) wifi:Total power save buffer number: 8
[0;32mI (2044) esp_netif_lwip: DHCP server started on interface WIFI_AP_DEF with IP: 192.168.5.1[0m
[0;32mI (2045) bridge_wifi: SoftAP config changed, deauth all station[0m
[0;32mI (2051) Mesh-Lite: esp-mesh-lite component version: 1.0.0[0m
I (2057) ESPNOW: espnow [version: 1.0] init
[0;32mI (2061) [vendor_ie]: Mesh-Lite commit id: bc9302d
 [0m
[0;32mI (2067) [vendor_ie]: Mesh ID: 77 [0m
[0;32mI (2072) [ESP_Mesh_Lite_Comm]: msg action add success [0m
[0;32mI (2078) [ESP_Mesh_Lite_Comm]: Bind Socket 54, port 6364 [0m
[0;32mI (2083) [ESP_Mesh_Lite_Comm]: Bind Socket 55, port 6363 [0m
[0;32mI (2089) [ESP_Mesh_Lite_Comm]: Bind Socket 56, port 6366 [0m
[0;32mI (2095) [ESP_Mesh_Lite_Comm]: Bind Socket 57, port 6365 [0m
[0;32mI (2101) [mesh-lite-espnow]: Start espnow task [0m
[0;32mI (2107) Mesh-Lite: Mesh-Lite connecting[0m
[0;32mI (2112) [vendor_ie]: esp_mesh_lite_wifi_scan_start return ESP_OK [0m
[0;32mI (2118) gpio: GPIO[25]| InputEn: 1| OutputEn: 0| OpenDrain: 0| Pullup: 1| Pulldown: 0| Intr:2 [0m
[0;32mI (2127) cam_hal: cam init ok[0m
[0;32mI (2131) sccb: pin_sda 26 pin_scl 27[0m
[0;32mI (2135) sccb: sccb_i2c_port=1[0m
[0;32mI (2139) gpio: GPIO[32]| InputEn: 0| OutputEn: 1| OpenDrain: 0| Pullup: 0| Pulldown: 0| Intr:0 [0m
[0;32mI (2178) camera: Detected camera at address=0x30[0m
[0;32mI (2181) camera: Detected OV2640 camera[0m
[0;32mI (2181) camera: Camera PID=0x26 VER=0x42 MIDL=0x7f MIDH=0xa2[0m
[0;32mI (2266) cam_hal: buffer_size: 32768, half_buffer_size: 4096, node_buffer_size: 2048, node_cnt: 16, total_cnt: 23[0m
[0;32mI (2266) cam_hal: Allocating 96000 Byte frame buffer in PSRAM[0m
[0;32mI (2273) cam_hal: cam config ok[0m
[0;32mI (2276) ov2640: Set PLL: clk_2x: 0, clk_div: 0, pclk_auto: 0, pclk_div: 8[0m
[0;33mW (2363) websocket_client: `network_timeout_ms` is not set, or it is less than or equal to zero, using default time out 10000 (milliseconds)[0m
[0;32mI (2369) main_task: Returned from app_main()[0m
[0;32mI (3650) [vendor_ie]: Mesh-Lite Scan done [0m
[0;32mI (3650) [vendor_ie]: RTC store: temp_mesh_id:255; ssid:Tran Con; bssid:00:00:00:00:00:00; crc:3374109264 [0m
[0;32mI (3654) [vendor_ie]: wifi_cfg Tran Con router_config Tran Con [0m
[0;32mI (3661) [vendor_ie]: esp_mesh_lite_wifi_connect return ESP_OK [0m
I (3915) wifi:new:<1,1>, old:<1,1>, ap:<1,1>, sta:<1,0>, prof:1, snd_ch_cfg:0x0
I (3915) wifi:state: init -> auth (0xb0)
I (3917) wifi:state: auth -> assoc (0x0)
I (3926) wifi:state: assoc -> run (0x10)
I (4036) wifi:connected with Tran Con, aid = 2, channel 1, BW20, bssid = d8:e8:44:03:77:28
I (4036) wifi:security: WPA2-PSK, phy: bgn, rssi: -89
I (4038) wifi:pm start, type: 1

I (4041) wifi:dp: 1, bi: 102400, li: 3, scale listen interval from 307200 us to 307200 us
I (4051) wifi:AP's beacon interval = 102400 us, DTIM period = 1
[0;32mI (6240) bridge_common: [WIFI_AP_DEF ]Name Server1: 192.168.2.253[0m
[0;32mI (7050) esp_netif_handlers: sta ip: 192.168.2.13, mask: 255.255.255.0, gw: 192.168.2.253[0m
[0;32mI (7051) bridge_wifi: Connected with IP Address:192.168.2.13[0m
[0;32mI (7056) [vendor_ie]: RTC store: temp_mesh_id:13; ssid:Tran Con; bssid:00:00:00:00:00:00; crc:951365044 [0m
[0;32mI (7068) esp32cam_security_gate: TCP client write task is running[0m
[0;31mE (12370) esp-tls: [sock=58] select() timeout[0m
[0;31mE (12371) transport_base: Failed to open a new connection: 32774[0m
[0;31mE (12371) transport_ws: Error connecting to host 192.168.2.88:3000[0m
[0;31mE (12378) websocket_client: esp_transport_connect() failed with -1, transport_error=ESP_ERR_ESP_TLS_CONNECTION_TIMEOUT, tls_error_code=0, tls_flags=0, esp_ws_handshake_status_code=0, errno=119[0m
[0;31mE (12395) websocket_client: WebSocket client error[0m
[0;32mI (12401) websocket_client: Reconnect after 500 ms[0m
[0;33mW (12406) cam_hal: Failed to get the frame on time![0m
[0;31mE (12412) websocket_client: Camera Capture Failed[0m
[0;32mI (12417) websocket_client: WebSocket client connected[0m
[0;32mI (14718) websocket_client: WebSocket client connected[0m
[0;33mW (16417) cam_hal: Failed to get the frame on time![0m
[0;31mE (16417) websocket_client: Camera Capture Failed[0m
[0;33mW (20417) cam_hal: Failed to get the frame on time![0m
[0;31mE (20417) websocket_client: Camera Capture Failed[0m
ets Jul 29 2019 12:21:46

rst:0x1 (POWERON_RESET),boot:0x13 (SPI_FAST_FLASH_BOOT)
configsip: 0, SPIWP:0xee
clk_drv:0x00,q_drv:0x00,d_drv:0x00,cs0_drv:0x00,hd_drv:0x00,wp_drv:0x00
mode:DIO, clock div:1
load:0x3fff0030,len:7168
load:0x40078000,len:15464
load:0x40080400,len:4
ho 8 tail 4 room 4
load:0x40080404,len:3684
entry 0x40080614
[0;32mI (31) boot: ESP-IDF v5.3-dirty 2nd stage bootloader[0m
[0;32mI (31) boot: compile time Aug 20 2024 21:14:45[0m
[0;33mW (31) boot: Unicore bootloader[0m
[0;32mI (35) boot: chip revision: v3.1[0m
[0;32mI (39) boot.esp32: SPI Speed      : 80MHz[0m
[0;32mI (44) boot.esp32: SPI Mode       : DIO[0m
[0;32mI (48) boot.esp32: SPI Flash Size : 4MB[0m
[0;32mI (53) boot: Enabling RNG early entropy source...[0m
[0;32mI (58) boot: Partition Table:[0m
[0;32mI (62) boot: ## Label            Usage          Type ST Offset   Length[0m
[0;32mI (69) boot:  0 nvs              WiFi data        01 02 00009000 00004000[0m
[0;32mI (77) boot:  1 otadata          OTA data         01 00 0000d000 00002000[0m
[0;32mI (84) boot:  2 phy_init         RF data          01 01 0000f000 00001000[0m
[0;32mI (92) boot:  3 ota_0            OTA app          00 10 00010000 001e0000[0m
[0;32mI (99) boot:  4 ota_1            OTA app          00 11 001f0000 001e0000[0m
[0;32mI (107) boot:  5 coredump         Unknown data     01 03 003d0000 00010000[0m
[0;32mI (114) boot:  6 reserved         Unknown data     01 fe 003e0000 00020000[0m
[0;32mI (122) boot: End of partition table[0m
[0;32mI (126) esp_image: segment 0: paddr=00010020 vaddr=3f400020 size=2d81ch (186396) map[0m
[0;32mI (187) esp_image: segment 1: paddr=0003d844 vaddr=3ffbdb60 size=027d4h ( 10196) load[0m
[0;32mI (191) esp_image: segment 2: paddr=00040020 vaddr=400d0020 size=c1e2ch (794156) map[0m
[0;32mI (418) esp_image: segment 3: paddr=00101e54 vaddr=3ffc0334 size=03794h ( 14228) load[0m
[0;32mI (422) esp_image: segment 4: paddr=001055f0 vaddr=40080000 size=1c880h (116864) load[0m
[0;32mI (477) boot: Loaded app from partition at offset 0x10000[0m
[0;32mI (477) boot: Disabling RNG early entropy source...[0m
[0;32mI (489) quad_psram: This chip is ESP32-D0WD[0m
[0;32mI (489) esp_psram: Found 8MB PSRAM device[0m
[0;32mI (489) esp_psram: Speed: 40MHz[0m
[0;32mI (493) esp_psram: PSRAM initialized, cache is in normal (1-core) mode.[0m
[0;33mW (500) esp_psram: Virtual address not enough for PSRAM, map as much as we can. 4MB is mapped[0m
[0;32mI (509) cpu_start: Unicore app[0m
[0;32mI (513) cpu_start: Single core mode[0m
[0;32mI (1440) esp_psram: SPI SRAM memory test OK[0m
[0;32mI (1448) cpu_start: Pro cpu start user code[0m
[0;32mI (1448) cpu_start: cpu freq: 240000000 Hz[0m
[0;32mI (1448) app_init: Application information:[0m
[0;32mI (1451) app_init: Project name:     mesh_local_control[0m
[0;32mI (1457) app_init: App version:      f498e75d-dirty[0m
[0;32mI (1463) app_init: Compile time:     Aug 21 2024 12:35:40[0m
[0;32mI (1469) app_init: ELF file SHA256:  b14a85c1e...[0m
[0;32mI (1474) app_init: ESP-IDF:          v5.3-dirty[0m
[0;32mI (1480) efuse_init: Min chip rev:     v0.0[0m
[0;32mI (1484) efuse_init: Max chip rev:     v3.99 [0m
[0;32mI (1489) efuse_init: Chip rev:         v3.1[0m
[0;32mI (1495) heap_init: Initializing. RAM available for dynamic allocation:[0m
[0;32mI (1502) heap_init: At 3FFAE6E0 len 0000F480 (61 KiB): DRAM[0m
[0;32mI (1508) heap_init: At 3FFC88B8 len 00017748 (93 KiB): DRAM[0m
[0;32mI (1514) heap_init: At 3FFE0440 len 0001FBC0 (126 KiB): D/IRAM[0m
[0;32mI (1521) heap_init: At 40078000 len 00008000 (32 KiB): IRAM[0m
[0;32mI (1527) heap_init: At 4009C880 len 00003780 (13 KiB): IRAM[0m
[0;32mI (1533) heap_init: At 3FF80000 len 00002000 (8 KiB): RTCRAM[0m
[0;32mI (1540) esp_psram: Adding pool of 4096K of PSRAM memory to heap allocator[0m
[0;32mI (1548) spi_flash: detected chip: generic[0m
[0;32mI (1552) spi_flash: flash io: dio[0m
[0;33mW (1556) i2c: This driver is an old driver, please migrate your application code to adapt `driver/i2c_master.h`[0m
[0;32mI (1567) coexist: coex firmware version: dab85ae96[0m
[0;32mI (1572) main_task: Started on CPU0[0m
[0;32mI (1575) esp_psram: Reserving pool of 32K of internal memory for DMA/internal allocations[0m
[0;32mI (1584) main_task: Calling app_main()[0m
[0;32mI (1603) bridge_common: esp-iot-bridge version: 0.11.8[0m
I (1605) wifi:wifi driver task: 3ffbd6d8, prio:23, stack:6656, core=0
I (1607) wifi:wifi firmware version: 0caa81945
I (1608) wifi:wifi certification version: v7.0
I (1612) wifi:config NVS flash: enabled
I (1616) wifi:config nano formating: disabled
I (1620) wifi:Init data frame dynamic rx buffer num: 32
I (1625) wifi:Init static rx mgmt buffer num: 5
I (1629) wifi:Init management short buffer num: 32
I (1634) wifi:Init static tx buffer num: 16
I (1638) wifi:Init tx cache buffer num: 32
I (1641) wifi:Init static rx buffer size: 1600
I (1646) wifi:Init static rx buffer num: 10
I (1649) wifi:Init dynamic rx buffer num: 32
[0;32mI (1654) wifi_init: accept mbox: 6[0m
[0;32mI (1657) wifi_init: tcpip mbox: 32[0m
[0;32mI (1661) wifi_init: udp mbox: 6[0m
[0;32mI (1665) wifi_init: tcp mbox: 6[0m
[0;32mI (1669) wifi_init: tcp tx win: 5760[0m
[0;32mI (1673) wifi_init: tcp rx win: 5760[0m
[0;32mI (1678) wifi_init: tcp mss: 1440[0m
[0;32mI (1682) wifi_init: WiFi IRAM OP enabled[0m
[0;32mI (1686) wifi_init: WiFi RX IRAM OP enabled[0m
[0;32mI (1691) phy_init: phy_version 4830,54550f7,Jun 20 2024,14:22:08[0m
I (1751) wifi:mode : null
I (1753) wifi:mode : softAP (08:a6:f7:11:51:a9)
I (1754) wifi:Total power save buffer number: 8
I (1755) wifi:Init max length of beacon: 752/752
I (1756) wifi:Init max length of beacon: 752/752
[0;32mI (1762) esp_netif_lwip: DHCP server started on interface WIFI_AP_DEF with IP: 192.168.4.1[0m
Add netif ap with f498e75d(commit id)
[0;32mI (1773) bridge_common: netif list add success[0m
[0;32mI (1778) bridge_common: [WIFI_AP_DEF ][0m
[0;32mI (1783) bridge_common: Set ip info:192.168.5.1[0m
[0;32mI (1788) bridge_wifi: SoftAP IP network segment has changed, deauth all station[0m
I (1797) wifi:Disabled PMF config for SoftAP
I (1800) wifi:Total power save buffer number: 8
[0;32mI (1805) esp_netif_lwip: DHCP server started on interface WIFI_AP_DEF with IP: 192.168.5.1[0m
[0;32mI (1813) bridge_common: [WIFI_AP_DEF ]Name Server1: 114.114.114.114[0m
[0;32mI (1820) bridge_common: DHCPS Restart, deauth all station[0m
Add netif sta with f498e75d(commit id)
[0;32mI (1829) bridge_common: netif list add success[0m
I (1835) wifi:mode : sta (08:a6:f7:11:51:a8) + softAP (08:a6:f7:11:51:a9)
I (1841) wifi:enable tsf
[0;31mE (1844) NVS: Failed to read IP info from NVS[0m
I (1848) wifi:Disabled PMF config for STA
[0;32mI (1852) bridge_wifi: [esp_bridge_wifi_set_config] sta ssid: Tran Con password: 88888888[0m
[0;32mI (1861) bridge_wifi: [esp_bridge_wifi_set_config] softap ssid: ESP_Bridge_1151a9 password: 12345678[0m
I (2042) wifi:Total power save buffer number: 8
[0;32mI (2044) esp_netif_lwip: DHCP server started on interface WIFI_AP_DEF with IP: 192.168.5.1[0m
[0;32mI (2045) bridge_wifi: SoftAP config changed, deauth all station[0m
[0;32mI (2051) Mesh-Lite: esp-mesh-lite component version: 1.0.0[0m
I (2057) ESPNOW: espnow [version: 1.0] init
[0;32mI (2061) [vendor_ie]: Mesh-Lite commit id: bc9302d
 [0m
[0;32mI (2067) [vendor_ie]: Mesh ID: 77 [0m
[0;32mI (2073) [ESP_Mesh_Lite_Comm]: msg action add success [0m
[0;32mI (2078) [ESP_Mesh_Lite_Comm]: Bind Socket 54, port 6364 [0m
[0;32mI (2083) [ESP_Mesh_Lite_Comm]: Bind Socket 55, port 6363 [0m
[0;32mI (2089) [ESP_Mesh_Lite_Comm]: Bind Socket 56, port 6366 [0m
[0;32mI (2095) [ESP_Mesh_Lite_Comm]: Bind Socket 57, port 6365 [0m
[0;32mI (2102) [mesh-lite-espnow]: Start espnow task [0m
[0;32mI (2107) Mesh-Lite: Mesh-Lite connecting[0m
[0;32mI (2112) [vendor_ie]: esp_mesh_lite_wifi_scan_start return ESP_OK [0m
[0;32mI (2118) gpio: GPIO[25]| InputEn: 1| OutputEn: 0| OpenDrain: 0| Pullup: 1| Pulldown: 0| Intr:2 [0m
[0;32mI (2128) cam_hal: cam init ok[0m
[0;32mI (2131) sccb: pin_sda 26 pin_scl 27[0m
[0;32mI (2135) sccb: sccb_i2c_port=1[0m
[0;32mI (2139) gpio: GPIO[32]| InputEn: 0| OutputEn: 1| OpenDrain: 0| Pullup: 0| Pulldown: 0| Intr:0 [0m
[0;32mI (2178) camera: Detected camera at address=0x30[0m
[0;32mI (2181) camera: Detected OV2640 camera[0m
[0;32mI (2181) camera: Camera PID=0x26 VER=0x42 MIDL=0x7f MIDH=0xa2[0m
[0;32mI (2266) cam_hal: buffer_size: 32768, half_buffer_size: 4096, node_buffer_size: 2048, node_cnt: 16, total_cnt: 23[0m
[0;32mI (2266) cam_hal: Allocating 96000 Byte frame buffer in PSRAM[0m
[0;32mI (2273) cam_hal: cam config ok[0m
[0;32mI (2276) ov2640: Set PLL: clk_2x: 0, clk_div: 0, pclk_auto: 0, pclk_div: 8[0m
[0;33mW (2363) websocket_client: `network_timeout_ms` is not set, or it is less than or equal to zero, using default time out 10000 (milliseconds)[0m
[0;32mI (2369) main_task: Returned from app_main()[0m
[0;32mI (3651) [vendor_ie]: Mesh-Lite Scan done [0m
[0;32mI (3651) [vendor_ie]: RTC store: temp_mesh_id:255; ssid:Tran Con; bssid:00:00:00:00:00:00; crc:3374109264 [0m
[0;32mI (3655) [vendor_ie]: wifi_cfg Tran Con router_config Tran Con [0m
[0;32mI (3663) [vendor_ie]: esp_mesh_lite_wifi_connect return ESP_OK [0m
I (3838) wifi:new:<1,1>, old:<1,1>, ap:<1,1>, sta:<1,0>, prof:1, snd_ch_cfg:0x0
I (3838) wifi:state: init -> auth (0xb0)
I (3841) wifi:state: auth -> assoc (0x0)
I (3847) wifi:state: assoc -> run (0x10)
I (3948) wifi:connected with Tran Con, aid = 2, channel 1, BW20, bssid = d8:e8:44:03:77:28
I (3949) wifi:security: WPA2-PSK, phy: bgn, rssi: -85
I (3950) wifi:pm start, type: 1

I (3953) wifi:dp: 1, bi: 102400, li: 3, scale listen interval from 307200 us to 307200 us
I (3993) wifi:AP's beacon interval = 102400 us, DTIM period = 1
[0;32mI (6250) bridge_common: [WIFI_AP_DEF ]Name Server1: 192.168.2.253[0m
[0;32mI (6964) esp_netif_handlers: sta ip: 192.168.2.13, mask: 255.255.255.0, gw: 192.168.2.253[0m
[0;32mI (6964) bridge_wifi: Connected with IP Address:192.168.2.13[0m
[0;32mI (6969) [vendor_ie]: RTC store: temp_mesh_id:13; ssid:Tran Con; bssid:00:00:00:00:00:00; crc:2478120042 [0m
[0;32mI (6982) esp32cam_security_gate: TCP client write task is running[0m
[0;31mE (12370) esp-tls: [sock=58] select() timeout[0m
[0;31mE (12371) transport_base: Failed to open a new connection: 32774[0m
[0;31mE (12371) transport_ws: Error connecting to host 192.168.2.88:3000[0m
[0;31mE (12378) websocket_client: esp_transport_connect() failed with -1, transport_error=ESP_ERR_ESP_TLS_CONNECTION_TIMEOUT, tls_error_code=0, tls_flags=0, esp_ws_handshake_status_code=0, errno=119[0m
[0;31mE (12395) websocket_client: WebSocket client error[0m
[0;32mI (12401) websocket_client: Reconnect after 500 ms[0m
[0;32mI (12406) websocket_client: WebSocket client connected[0m
[0;31mE (12412) websocket_client: Websocket client is not connected[0m
[0;33mW (12418) websocket_client: Waiting for WebSocket connection to resume sending image...[0m
[0;33mW (12430) cam_hal: NO-SOI[0m
[0;32mI (13067) websocket_client: WebSocket client connected[0m
[0;32mI (13394) websocket_client: Image sent to WebSocket: 16597 bytes (0.1fps)[0m
[0;32mI (13741) websocket_client: Image sent to WebSocket: 16597 bytes (2.9fps)[0m
[0;32mI (14017) websocket_client: Image sent to WebSocket: 16714 bytes (3.6fps)[0m
[0;32mI (14301) websocket_client: Image sent to WebSocket: 16750 bytes (3.5fps)[0m
[0;32mI (14554) websocket_client: Image sent to WebSocket: 16780 bytes (4.0fps)[0m
[0;32mI (14843) websocket_client: Image sent to WebSocket: 16870 bytes (3.5fps)[0m
[0;32mI (15131) websocket_client: Image sent to WebSocket: 17013 bytes (3.5fps)[0m
[0;32mI (15434) websocket_client: Image sent to WebSocket: 17149 bytes (3.3fps)[0m
[0;32mI (15663) websocket_client: Image sent to WebSocket: 16953 bytes (4.4fps)[0m
[0;32mI (15989) websocket_client: Image sent to WebSocket: 17872 bytes (3.1fps)[0m
[0;32mI (16259) websocket_client: Image sent to WebSocket: 16685 bytes (3.7fps)[0m
[0;32mI (16501) websocket_client: Image sent to WebSocket: 16729 bytes (4.1fps)[0m
[0;32mI (16866) websocket_client: Image sent to WebSocket: 16868 bytes (2.7fps)[0m
[0;32mI (17101) websocket_client: Image sent to WebSocket: 16692 bytes (4.3fps)[0m
[0;32mI (17406) websocket_client: Image sent to WebSocket: 17536 bytes (3.3fps)[0m
[0;32mI (17638) websocket_client: Image sent to WebSocket: 17029 bytes (4.3fps)[0m
[0;32mI (17949) websocket_client: Image sent to WebSocket: 16878 bytes (3.2fps)[0m
[0;32mI (18210) websocket_client: Image sent to WebSocket: 17059 bytes (3.8fps)[0m
[0;32mI (18493) websocket_client: Image sent to WebSocket: 16807 bytes (3.5fps)[0m
[0;32mI (18789) websocket_client: Image sent to WebSocket: 16936 bytes (3.4fps)[0m
[0;32mI (19150) websocket_client: Image sent to WebSocket: 17417 bytes (2.8fps)[0m
[0;32mI (19443) websocket_client: Image sent to WebSocket: 18409 bytes (3.4fps)[0m
[0;32mI (19828) websocket_client: Image sent to WebSocket: 17747 bytes (2.6fps)[0m
[0;32mI (20132) websocket_client: Image sent to WebSocket: 17311 bytes (3.3fps)[0m
[0;32mI (20371) websocket_client: Image sent to WebSocket: 16713 bytes (4.2fps)[0m
[0;32mI (20755) websocket_client: Image sent to WebSocket: 16627 bytes (2.6fps)[0m
[0;32mI (21104) websocket_client: Image sent to WebSocket: 17096 bytes (2.9fps)[0m
[0;32mI (21376) websocket_client: Image sent to WebSocket: 16724 bytes (3.7fps)[0m
[0;32mI (21718) websocket_client: Image sent to WebSocket: 16659 bytes (2.9fps)[0m
[0;32mI (22014) websocket_client: Image sent to WebSocket: 16668 bytes (3.4fps)[0m
[0;32mI (22319) websocket_client: Image sent to WebSocket: 16461 bytes (3.3fps)[0m
[0;32mI (22661) websocket_client: Image sent to WebSocket: 16553 bytes (2.9fps)[0m
[0;32mI (22919) websocket_client: Image sent to WebSocket: 16554 bytes (3.9fps)[0m
[0;32mI (23223) websocket_client: Image sent to WebSocket: 17761 bytes (3.3fps)[0m
[0;32mI (23517) websocket_client: Image sent to WebSocket: 16532 bytes (3.4fps)[0m
[0;32mI (23865) websocket_client: Image sent to WebSocket: 16089 bytes (2.9fps)[0m
[0;32mI (24150) websocket_client: Image sent to WebSocket: 16404 bytes (3.5fps)[0m
[0;32mI (24421) websocket_client: Image sent to WebSocket: 16522 bytes (3.7fps)[0m
[0;32mI (24709) websocket_client: Image sent to WebSocket: 15946 bytes (3.5fps)[0m
[0;32mI (25062) websocket_client: Image sent to WebSocket: 16495 bytes (2.8fps)[0m
[0;32mI (25519) websocket_client: Image sent to WebSocket: 16006 bytes (2.2fps)[0m
[0;32mI (25935) websocket_client: Image sent to WebSocket: 15745 bytes (2.4fps)[0m
[0;32mI (26293) websocket_client: Image sent to WebSocket: 15773 bytes (2.8fps)[0m
[0;32mI (26776) websocket_client: Image sent to WebSocket: 15853 bytes (2.1fps)[0m
[0;32mI (27451) websocket_client: Image sent to WebSocket: 16382 bytes (1.5fps)[0m
[0;32mI (27906) websocket_client: Image sent to WebSocket: 15470 bytes (2.2fps)[0m
[0;32mI (28175) websocket_client: Image sent to WebSocket: 16192 bytes (3.7fps)[0m
[0;32mI (31240) websocket_client: Image sent to WebSocket: 15710 bytes (0.3fps)[0m
[0;32mI (32114) websocket_client: Image sent to WebSocket: 22728 bytes (1.1fps)[0m
[0;32mI (33142) websocket_client: Image sent to WebSocket: 26679 bytes (1.0fps)[0m
[0;32mI (33868) websocket_client: Image sent to WebSocket: 31652 bytes (1.4fps)[0m
[0;32mI (34627) websocket_client: Image sent to WebSocket: 31534 bytes (1.3fps)[0m
[0;32mI (35476) websocket_client: Image sent to WebSocket: 25757 bytes (1.2fps)[0m
[0;32mI (41649) websocket_client: Image sent to WebSocket: 21621 bytes (0.2fps)[0m
[0;32mI (42964) websocket_client: Image sent to WebSocket: 30669 bytes (0.8fps)[0m
I (51774) wifi:bcn_timeout,ap_probe_send_start
[0;32mI (54211) websocket_client: Image sent to WebSocket: 28966 bytes (0.1fps)[0m
[0;32mI (54981) websocket_client: Image sent to WebSocket: 28729 bytes (1.3fps)[0m
[0;32mI (56311) websocket_client: Image sent to WebSocket: 28695 bytes (0.8fps)[0m
[0;32mI (57146) websocket_client: Image sent to WebSocket: 27492 bytes (1.2fps)[0m
[0;32mI (57515) websocket_client: Image sent to WebSocket: 20174 bytes (2.7fps)[0m
[0;33mW (57518) cam_hal: NO-SOI[0m
[0;32mI (62334) websocket_client: Image sent to WebSocket: 23942 bytes (0.2fps)[0m
[0;32mI (62855) websocket_client: Image sent to WebSocket: 16333 bytes (1.9fps)[0m
[0;32mI (63387) websocket_client: Image sent to WebSocket: 16524 bytes (1.9fps)[0m
[0;32mI (63721) websocket_client: Image sent to WebSocket: 15981 bytes (3.0fps)[0m
[0;32mI (64125) websocket_client: Image sent to WebSocket: 16413 bytes (2.5fps)[0m
[0;32mI (64503) websocket_client: Image sent to WebSocket: 15994 bytes (2.6fps)[0m
[0;32mI (65104) websocket_client: Image sent to WebSocket: 16185 bytes (1.7fps)[0m
[0;32mI (65357) websocket_client: Image sent to WebSocket: 16164 bytes (4.0fps)[0m
[0;32mI (65783) websocket_client: Image sent to WebSocket: 16204 bytes (2.4fps)[0m
[0;32mI (67886) websocket_client: Image sent to WebSocket: 16511 bytes (0.5fps)[0m
[0;32mI (68221) websocket_client: Image sent to WebSocket: 18059 bytes (3.0fps)[0m
[0;32mI (68525) websocket_client: Image sent to WebSocket: 17838 bytes (3.3fps)[0m
I (79556) wifi:bcn_timeout,ap_probe_send_start
I (82057) wifi:ap_probe_send over, resett wifi status to disassoc
I (82058) wifi:state: run -> init (0xc800)
I (82058) wifi:pm stop, total sleep time: 0 us / 78104936 us

I (82062) wifi:new:<1,0>, old:<1,1>, ap:<1,1>, sta:<1,0>, prof:1, snd_ch_cfg:0x0
[0;31mE (82073) transport_base: poll_write select error 113, errno = Software caused connection abort, fd = 58[0m
[0;31mE (82079) transport_ws: Error transport_poll_write[0m
[0;31mE (82085) websocket_client: esp_transport_write() returned -1, transport_error=ESP_OK, tls_error_code=0, tls_flags=0, errno=0[0m
[0;31mE (82096) websocket_client: WebSocket client error[0m
[0;32mI (82102) websocket_client: Reconnect after 500 ms[0m
[0;32mI (82107) websocket_client: WebSocket client connected[0m
[0;31mE (82113) websocket_client: Failed to send the buffer[0m
[0;33mW (82119) websocket_client: Waiting for WebSocket connection to resume sending image...[0m
[0;33mW (82129) cam_hal: NO-SOI[0m
[0;32mI (83073) [vendor_ie]: esp_mesh_lite_wifi_connect return ESP_OK [0m
[0;32mI (83073) [ESP_Mesh_Lite_Comm]: Retry to connect to the AP [0m
I (84441) wifi:ap channel adjust o:1,1 n:10,2
I (84442) wifi:new:<10,2>, old:<1,0>, ap:<10,2>, sta:<10,2>, prof:1, snd_ch_cfg:0x0
I (84443) wifi:state: init -> auth (0xb0)
I (84452) wifi:state: auth -> assoc (0x0)
I (84458) wifi:state: assoc -> run (0x10)
I (84558) wifi:connected with Tran Con, aid = 1, channel 10, 40D, bssid = d8:e8:44:03:77:1c
I (84559) wifi:security: WPA2-PSK, phy: bgn, rssi: -56
I (84560) wifi:pm start, type: 1

I (84566) wifi:AP's beacon interval = 102400 us, DTIM period = 1
[0;32mI (87565) esp_netif_handlers: sta ip: 192.168.2.13, mask: 255.255.255.0, gw: 192.168.2.253[0m
[0;32mI (87566) bridge_wifi: Connected with IP Address:192.168.2.13[0m
[0;32mI (87571) [vendor_ie]: RTC store: temp_mesh_id:13; ssid:Tran Con; bssid:00:00:00:00:00:00; crc:4224822811 [0m
ets Jul 29 2019 12:21:46

rst:0x1 (POWERON_RESET),boot:0x13 (SPI_FAST_FLASH_BOOT)
configsip: 0, SPIWP:0xee
clk_drv:0x00,q_drv:0x00,d_drv:0x00,cs0_drv:0x00,hd_drv:0x00,wp_drv:0x00
mode:DIO, clock div:1
load:0x3fff0030,len:7168
load:0x40078000,len:15464
load:0x40080400,len:4
ho 8 tail 4 room 4
load:0x40080404,len:3684
entry 0x40080614
[0;32mI (31) boot: ESP-IDF v5.3-dirty 2nd stage bootloader[0m
[0;32mI (31) boot: compile time Aug 20 2024 21:14:45[0m
[0;33mW (31) boot: Unicore bootloader[0m
[0;32mI (35) boot: chip revision: v3.1[0m
[0;32mI (39) boot.esp32: SPI Speed      : 80MHz[0m
[0;32mI (44) boot.esp32: SPI Mode       : DIO[0m
[0;32mI (48) boot.esp32: SPI Flash Size : 4MB[0m
[0;32mI (53) boot: Enabling RNG early entropy source...[0m
[0;32mI (58) boot: Partition Table:[0m
[0;32mI (62) boot: ## Label            Usage          Type ST Offset   Length[0m
[0;32mI (69) boot:  0 nvs              WiFi data        01 02 00009000 00004000[0m
[0;32mI (77) boot:  1 otadata          OTA data         01 00 0000d000 00002000[0m
[0;32mI (84) boot:  2 phy_init         RF data          01 01 0000f000 00001000[0m
[0;32mI (92) boot:  3 ota_0            OTA app          00 10 00010000 001e0000[0m
[0;32mI (99) boot:  4 ota_1            OTA app          00 11 001f0000 001e0000[0m
[0;32mI (107) boot:  5 coredump         Unknown data     01 03 003d0000 00010000[0m
[0;32mI (114) boot:  6 reserved         Unknown data     01 fe 003e0000 00020000[0m
[0;32mI (122) boot: End of partition table[0m
[0;32mI (126) esp_image: segment 0: paddr=00010020 vaddr=3f400020 size=2d81ch (186396) map[0m
[0;32mI (187) esp_image: segment 1: paddr=0003d844 vaddr=3ffbdb60 size=027d4h ( 10196) load[0m
[0;32mI (191) esp_image: segment 2: paddr=00040020 vaddr=400d0020 size=c1e2ch (794156) map[0m
[0;32mI (418) esp_image: segment 3: paddr=00101e54 vaddr=3ffc0334 size=03794h ( 14228) load[0m
[0;32mI (422) esp_image: segment 4: paddr=001055f0 vaddr=40080000 size=1c880h (116864) load[0m
[0;32mI (477) boot: Loaded app from partition at offset 0x10000[0m
[0;32mI (477) boot: Disabling RNG early entropy source...[0m
[0;32mI (489) quad_psram: This chip is ESP32-D0WD[0m
[0;32mI (489) esp_psram: Found 8MB PSRAM device[0m
[0;32mI (489) esp_psram: Speed: 40MHz[0m
[0;32mI (493) esp_psram: PSRAM initialized, cache is in normal (1-core) mode.[0m
[0;33mW (500) esp_psram: Virtual address not enough for PSRAM, map as much as we can. 4MB is mapped[0m
[0;32mI (509) cpu_start: Unicore app[0m
[0;32mI (513) cpu_start: Single core mode[0m
ets Jul 29 2019 12:21:46

rst:0x1 (POWERON_RESET),boot:0x13 (SPI_FAST_FLASH_BOOT)
configsip: 0, SPIWP:0xee
clk_drv:0x00,q_drv:0x00,d_drv:0x00,cs0_drv:0x00,hd_drv:0x00,wp_drv:0x00
mode:DIO, clock div:1
load:0x3fff0030,len:7168
load:0x40078000,len:15464
load:0x40080400,len:4
ho 8 tail 4 room 4
load:0x40080404,len:3684
entry 0x40080614
[0;32mI (31) boot: ESP-IDF v5.3-dirty 2nd stage bootloader[0m
[0;32mI (31) boot: compile time Aug 20 2024 21:14:45[0m
[0;33mW (31) boot: Unicore bootloader[0m
[0;32mI (35) boot: chip revision: v3.1[0m
[0;32mI (39) boot.esp32: SPI Speed      : 80MHz[0m
[0;32mI (44) boot.esp32: SPI Mode       : DIO[0m
[0;32mI (48) boot.esp32: SPI Flaets Jul 29 2019 12:21:46

rst:0x1 (POWERON_RESET),boot:0x13 (SPI_FAST_FLASH_BOOT)
configsip: 0, SPIWP:0xee
clk_drv:0x00,q_drv:0x00,d_drv:0x00,cs0_drv:0x00,hd_drv:0x00,wp_drv:0x00
mode:DIO, clock div:1
load:0x3fff0030,len:7168
load:0x40078000,len:15464
load:0x40080400,len:4
ho 8 tail 4 room 4
load:0x40080404,len:3684
entry 0x40080614
[0;32mI (31) boot: ESP-IDF v5.3-dirty 2nd stage bootloader[0m
[0;32mI (31) boot: compile time Aug 20 2024 21:14:45[0m
[0;33mW (31) boot: Unicore bootloader[0m
[0;32mI (35) boot: chip revision: v3.1[0m
[0;32mI (39) boot.esp32: SPI Speed      : 80MHz[0m
[0;32mI (44) boot.esp32: SPI Mode       : DIO[0m
[0;32mI (48) boot.esp32: SPI Flash Size : 4MB[0m
[0;32mI (53) boot: Enabling RNG early entropy source...[0m
[0;32mI (58) boot: Partition Table:[0m
[0;32mI (62) boot: ## Label            Usage          Type ST Offset   Length[0m
[0;32mI (69) boot:  0 nvs              WiFi data        01 02 00009000 00004000[0m
[0;32mI (77) boot:  1 otadata          OTA data         01 00 0000d000 00002000[0m
[0;32mI (84) boot:  2 phy_init         RF data          01 01 0000f000 00001000[0m
[0;32mI (92) boot:  3 ota_0            OTA app          00 10 00010000 001e0000[0m
[0;32mI (99) boot:  4 ota_1            OTA app          00 11 001f0000 001e0000[0m
[0;32mI (107) boot:  5 coredump         Unknown data     01 03 003d0000 00010000[0m
[0;32mI (114) boot:  6 reserved         Unknown data     01 fe 003e0000 00020000[0m
[0;32mI (122) boot: End of partition table[0m
[0;32mI (126) esp_image: segment 0: paddr=00010020 vaddr=3f400020 size=2d81ch (186396) map[0m
[0;32mI (187) esp_image: segment 1: paddr=0003d844 vaddr=3ffbdb60 size=027d4h ( 10196) load[0m
[0;32mI (191) esp_image: segment 2: paddr=00040020 vaddr=400d0020 size=c1e2ch (794156) map[0m
[0;32mI (418) esp_image: segment 3: paddr=00101e54 vaddr=3ffc0334 size=03794h ( 14228) load[0m
[0;32mI (422) esp_image: segment 4: paddr=001055f0 vaddr=40080000 size=1c880h (116864) load[0m
[0;32mI (477) boot: Loaded app from partition at offset 0x10000[0m
[0;32mI (477) boot: Disabling RNG early entropy source...[0m
[0;32mI (489) quad_psram: This chip is ESP32-D0WD[0m
[0;32mI (489) esp_psram: Found 8MB PSRAM device[0m
[0;32mI (489) esp_psram: Speed: 40MHz[0m
[0;32mI (493) esp_psram: PSRAM initialized, cache is in normal (1-core) mode.[0m
[0;33mW (500) esp_psram: Virtual address not enough for PSRAM, map as much as we can. 4MB is mapped[0m
[0;32mI (509) cpu_start: Unicore app[0m
[0;32mI (513) cpu_start: Single core mode[0m
[0;32mI (1440) esp_psram: SPI SRAM memory test OK[0m
[0;32mI (1448) cpu_start: Pro cpu start user code[0m
[0;32mI (1448) cpu_start: cpu freq: 240000000 Hz[0m
[0;32mI (1448) app_init: Application information:[0m
[0;32mI (1451) app_init: Project name:     mesh_local_control[0m
[0;32mI (1457) app_init: App version:      f498e75d-dirty[0m
[0;32mI (1463) app_init: Compile time:     Aug 21 2024 12:35:40[0m
[0;32mI (1469) app_init: ELF file SHA256:  b14a85c1e...[0m
[0;32mI (1474) app_init: ESP-IDF:          v5.3-dirty[0m
[0;32mI (1480) efuse_init: Min chip rev:     v0.0[0m
[0;32mI (1484) efuse_init: Max chip rev:     v3.99 [0m
[0;32mI (1489) efuse_init: Chip rev:         v3.1[0m
[0;32mI (1495) heap_init: Initializing. RAM available for dynamic allocation:[0m
[0;32mI (1502) heap_init: At 3FFAE6E0 len 0000F480 (61 KiB): DRAM[0m
[0;32mI (1508) heap_init: At 3FFC88B8 len 00017748 (93 KiB): DRAM[0m
[0;32mI (1514) heap_init: At 3FFE0440 len 0001FBC0 (126 KiB): D/IRAM[0m
[0;32mI (1521) heap_init: At 40078000 len 00008000 (32 KiB): IRAM[0m
[0;32mI (1527) heap_init: At 4009C880 len 00003780 (13 KiB): IRAM[0m
[0;32mI (1533) heap_init: At 3FF80000 len 00002000 (8 KiB): RTCRAM[0m
[0;32mI (1540) esp_psram: Adding pool of 4096K of PSRAM memory to heap allocator[0m
[0;32mI (1548) spi_flash: detected chip: generic[0m
[0;32mI (1552) spi_flash: flash io: dio[0m
[0;33mW (1556) i2c: This driver is an old driver, please migrate your application code to adapt `driver/i2c_master.h`[0m
[0;32mI (1567) coexist: coex firmware version: dab85ae96[0m
[0;32mI (1572) main_task: Started on CPU0[0m
[0;32mI (1575) esp_psram: Reserving pool of 32K of internal memory for DMA/internal allocations[0m
[0;32mI (1584) main_task: Calling app_main()[0m
[0;32mI (1603) bridge_common: esp-iot-bridge version: 0.11.8[0m
I (1605) wifi:wifi driver task: 3ffbd6d8, prio:23, stack:6656, core=0
I (1607) wifi:wifi firmware version: 0caa81945
I (1608) wifi:wifi certification version: v7.0
I (1612) wifi:config NVS flash: enabled
I (1616) wifi:config nano formating: disabled
I (1620) wifi:Init data frame dynamic rx buffer num: 32
I (1625) wifi:Init static rx mgmt buffer num: 5
I (1629) wifi:Init management short buffer num: 32
I (1634) wifi:Init static tx buffer num: 16
I (1638) wifi:Init tx cache buffer num: 32
I (1641) wifi:Init static rx buffer size: 1600
I (1646) wifi:Init static rx buffer num: 10
I (1649) wifi:Init dynamic rx buffer num: 32
[0;32mI (1654) wifi_init: accept mbox: 6[0m
[0;32mI (1657) wifi_init: tcpip mbox: 32[0m
[0;32mI (1661) wifi_init: udp mbox: 6[0m
[0;32mI (1665) wifi_init: tcp mbox: 6[0m
[0;32mI (1669) wifi_init: tcp tx win: 5760[0m
[0;32mI (1673) wifi_init: tcp rx win: 5760[0m
[0;32mI (1678) wifi_init: tcp mss: 1440[0m
[0;32mI (1682) wifi_init: WiFi IRAM OP enabled[0m
[0;32mI (1686) wifi_init: WiFi RX IRAM OP enabled[0m
[0;32mI (1691) phy_init: phy_version 4830,54550f7,Jun 20 2024,14:22:08[0m
I (1751) wifi:mode : null
I (1753) wifi:mode : softAP (08:a6:f7:11:51:a9)
I (1754) wifi:Total power save buffer number: 8
I (1754) wifi:Init max length of beacon: 752/752
I (1755) wifi:Init max length of beacon: 752/752
[0;32mI (1761) esp_netif_lwip: DHCP server started on interface WIFI_AP_DEF with IP: 192.168.4.1[0m
Add netif ap with f498e75d(commit id)
[0;32mI (1772) bridge_common: netif list add success[0m
[0;32mI (1778) bridge_common: [WIFI_AP_DEF ][0m
[0;32mI (1782) bridge_common: Set ip info:192.168.5.1[0m
[0;32mI (1787) bridge_wifi: SoftAP IP network segment has changed, deauth all station[0m
I (1796) wifi:Disabled PMF config for SoftAP
I (1799) wifi:Total power save buffer number: 8
[0;32mI (1805) esp_netif_lwip: DHCP server started on interface WIFI_AP_DEF with IP: 192.168.5.1[0m
[0;32mI (1812) bridge_common: [WIFI_AP_DEF ]Name Server1: 114.114.114.114[0m
[0;32mI (1819) bridge_common: DHCPS Restart, deauth all station[0m
Add netif sta with f498e75d(commit id)
[0;32mI (1828) bridge_common: netif list add success[0m
I (1834) wifi:mode : sta (08:a6:f7:11:51:a8) + softAP (08:a6:f7:11:51:a9)
I (1840) wifi:enable tsf
[0;31mE (1843) NVS: Failed to read IP info from NVS[0m
I (1848) wifi:Disabled PMF config for STA
[0;32mI (1851) bridge_wifi: [esp_bridge_wifi_set_config] sta ssid: Tran Con password: 88888888[0m
[0;32mI (1860) bridge_wifi: [esp_bridge_wifi_set_config] softap ssid: ESP_Bridge_1151a9 password: 12345678[0m
I (2041) wifi:Total power save buffer number: 8
