xï¿½ets Jul 29 2019 12:21:46

rst:0x1 (POWERON_RESET),boot:0x13 (SPI_FAST_FLASH_BOOT)
configsip: 0, SPIWP:0xee
clk_drv:0x00,q_drv:0x00,d_drv:0x00,cs0_drv:0x00,hd_drv:0x00,wp_drv:0x00
mode:DIO, clock div:2
load:0x3fff0030,len:7168
load:0x40078000,len:15452
load:0x40080400,len:4
load:0x40080404,len:3684
entry 0x40080614
[0;32mI (29) boot: ESP-IDF v5.3-dirty 2nd stage bootloader[0m
[0;32mI (29) boot: compile time Aug 24 2024 21:55:52[0m
[0;33mW (29) boot: Unicore bootloader[0m
[0;32mI (34) boot: chip revision: v3.1[0m
[0;32mI (38) boot.esp32: SPI Speed      : 40MHz[0m
[0;32mI (42) boot.esp32: SPI Mode       : DIO[0m
[0;32mI (47) boot.esp32: SPI Flash Size : 4MB[0m
[0;32mI (51) boot: Enabling RNG early entropy source...[0m
[0;32mI (57) boot: Partition Table:[0m
[0;32mI (60) boot: ## Label            Usage          Type ST Offset   Length[0m
[0;32mI (68) boot:  0 nvs              WiFi data        01 02 00009000 00004000[0m
[0;32mI (75) boot:  1 otadata          OTA data         01 00 0000d000 00002000[0m
[0;32mI (82) boot:  2 phy_init         RF data          01 01 0000f000 00001000[0m
[0;32mI (90) boot:  3 ota_0            OTA app          00 10 00010000 001e0000[0m
[0;32mI (97) boot:  4 ota_1            OTA app          00 11 001f0000 001e0000[0m
[0;32mI (105) boot:  5 coredump         Unknown data     01 03 003d0000 00010000[0m
[0;32mI (112) boot:  6 reserved         Unknown data     01 fe 003e0000 00020000[0m
[0;32mI (120) boot: End of partition table[0m
[0;32mI (124) boot: No factory image, trying OTA 0[0m
[0;32mI (129) esp_image: segment 0: paddr=00010020 vaddr=3f400020 size=2dfd4h (188372) map[0m
[0;32mI (202) esp_image: segment 1: paddr=0003dffc vaddr=3ffbdb60 size=0201ch (  8220) load[0m
[0;32mI (206) esp_image: segment 2: paddr=00040020 vaddr=400d0020 size=c2df4h (798196) map[0m
[0;32mI (482) esp_image: segment 3: paddr=00102e1c vaddr=3ffbfb7c size=03f5ch ( 16220) load[0m
[0;32mI (488) esp_image: segment 4: paddr=00106d80 vaddr=40080000 size=1cc6ch (117868) load[0m
[0;32mI (549) boot: Loaded app from partition at offset 0x10000[0m
[0;32mI (554) boot: Set actual ota_seq=1 in otadata[0][0m
[0;32mI (554) boot: Disabling RNG early entropy source...[0m
[0;32mI (566) quad_psram: This chip is ESP32-D0WD[0m
[0;32mI (567) esp_psram: Found 8MB PSRAM device[0m
[0;32mI (567) esp_psram: Speed: 40MHz[0m
[0;32mI (570) esp_psram: PSRAM initialized, cache is in normal (1-core) mode.[0m
[0;33mW (577) esp_psram: Virtual address not enough for PSRAM, map as much as we can. 4MB is mapped[0m
[0;32mI (587) cpu_start: Unicore app[0m
[0;32mI (590) cpu_start: Single core mode[0m
[0;32mI (1519) esp_psram: SPI SRAM memory test OK[0m
[0;32mI (1527) cpu_start: Pro cpu start user code[0m
[0;32mI (1527) cpu_start: cpu freq: 240000000 Hz[0m
[0;32mI (1527) app_init: Application information:[0m
[0;32mI (1531) app_init: Project name:     mesh_local_control[0m
[0;32mI (1537) app_init: App version:      d1ba481-dirty[0m
[0;32mI (1542) app_init: Compile time:     Aug 25 2024 14:40:31[0m
[0;32mI (1548) app_init: ELF file SHA256:  cd0303b20...[0m
[0;32mI (1553) app_init: ESP-IDF:          v5.3-dirty[0m
[0;32mI (1559) efuse_init: Min chip rev:     v0.0[0m
[0;32mI (1564) efuse_init: Max chip rev:     v3.99 [0m
[0;32mI (1569) efuse_init: Chip rev:         v3.1[0m
[0;32mI (1574) heap_init: Initializing. RAM available for dynamic allocation:[0m
[0;32mI (1581) heap_init: At 3FFAE6E0 len 0000F480 (61 KiB): DRAM[0m
[0;32mI (1587) heap_init: At 3FFC8940 len 000176C0 (93 KiB): DRAM[0m
[0;32mI (1593) heap_init: At 3FFE0440 len 0001FBC0 (126 KiB): D/IRAM[0m
[0;32mI (1600) heap_init: At 40078000 len 00008000 (32 KiB): IRAM[0m
[0;32mI (1606) heap_init: At 4009CC6C len 00003394 (12 KiB): IRAM[0m
[0;32mI (1612) heap_init: At 3FF80000 len 00002000 (8 KiB): RTCRAM[0m
[0;32mI (1619) esp_psram: Adding pool of 4096K of PSRAM memory to heap allocator[0m
[0;32mI (1627) spi_flash: detected chip: generic[0m
[0;32mI (1631) spi_flash: flash io: dio[0m
[0;33mW (1635) i2c: This driver is an old driver, please migrate your application code to adapt `driver/i2c_master.h`[0m
[0;32mI (1657) coexist: coex firmware version: dab85ae96[0m
[0;32mI (1658) main_task: Started on CPU0[0m
[0;32mI (1658) esp_psram: Reserving pool of 32K of internal memory for DMA/internal allocations[0m
[0;32mI (1666) main_task: Calling app_main()[0m
[0;32mI (1685) bridge_common: esp-iot-bridge version: 0.11.8[0m
I (1688) wifi:wifi driver task: 3ffbd604, prio:23, stack:6656, core=0
I (1691) wifi:wifi firmware version: 0caa81945
I (1692) wifi:wifi certification version: v7.0
I (1695) wifi:config NVS flash: enabled
I (1698) wifi:config nano formating: disabled
I (1702) wifi:Init data frame dynamic rx buffer num: 32
I (1707) wifi:Init static rx mgmt buffer num: 5
I (1711) wifi:Init management short buffer num: 32
I (1716) wifi:Init static tx buffer num: 16
I (1720) wifi:Init tx cache buffer num: 32
I (1724) wifi:Init static rx buffer size: 1600
I (1728) wifi:Init static rx buffer num: 10
I (1732) wifi:Init dynamic rx buffer num: 32
[0;32mI (1737) wifi_init: accept mbox: 6[0m
[0;32mI (1740) wifi_init: tcpip mbox: 32[0m
[0;32mI (1744) wifi_init: udp mbox: 6[0m
[0;32mI (1747) wifi_init: tcp mbox: 6[0m
[0;32mI (1751) wifi_init: tcp tx win: 5760[0m
[0;32mI (1755) wifi_init: tcp rx win: 5760[0m
[0;32mI (1760) wifi_init: tcp mss: 1440[0m
[0;32mI (1764) wifi_init: WiFi IRAM OP enabled[0m
[0;32mI (1768) wifi_init: WiFi RX IRAM OP enabled[0m
[0;32mI (1774) phy_init: phy_version 4830,54550f7,Jun 20 2024,14:22:08[0m
[0;33mW (1780) phy_init: failed to load RF calibration data (0x1102), falling back to full calibration[0m
[0;33mW (1842) phy_init: saving new calibration data because of checksum failure, mode(2)[0m
I (1853) wifi:mode : null
I (1856) wifi:mode : softAP (08:a6:f7:11:51:a9)
I (1857) wifi:Total power save buffer number: 8
I (1858) wifi:Init max length of beacon: 752/752
I (1860) wifi:ï¿½ets Jul 29 2019 12:21:46

rst:0x3 (SW_RESET),boot:0x13 (SPI_FAST_FLASH_BOOT)
configsip: 0, SPIWP:0xee
clk_drv:0x00,q_drv:0x00,d_drv:0x00,cs0_drv:0x00,hd_drv:0x00,wp_drv:0x00
mode:DIO, clock div:2
load:0x3fff0030,len:7168
load:0x40078000,len:15452
load:0x40080400,len:4
load:0x40080404,len:3684
entry 0x40080614
[0;32mI (169) boot: ESP-IDF v5.3-dirty 2nd stage bootloader[0m
[0;32mI (169) boot: compile time Aug 24 2024 21:55:52[0m
[0;33mW (169) boot: Unicore bootloader[0m
[0;32mI (174) boot: chip revision: v3.1[0m
[0;32mI (178) boot.esp32: SPI Speed      : 40MHz[0m
[0;32mI (183) boot.esp32: SPI Mode       : DIO[0m
[0;32mI (187) boot.esp32: SPI Flash Size : 4MB[0m
[0;32mI (192) boot: Enabling RNG early entropy source...[0m
[0;32mI (197) boot: Partition Table:[0m
[0;32mI (201) boot: ## Label            Usage          Type ST Offset   Length[0m
[0;32mI (208) boot:  0 nvs              WiFi data        01 02 00009000 00004000[0m
[0;32mI (216) boot:  1 otadata          OTA data         01 00 0000d000 00002000[0m
[0;32mI (224) boot:  2 phy_init         RF data          01 01 0000f000 00001000[0m
[0;32mI (231) boot:  3 ota_0            OTA app          00 10 00010000 001e0000[0m
[0;32mI (239) boot:  4 ota_1            OTA app          00 11 001f0000 001e0000[0m
[0;32mI (246) boot:  5 coredump         Unknown data     01 03 003d0000 00010000[0m
[0;32mI (254) boot:  6 reserved         Unknown data     01 fe 003e0000 00020000[0m
[0;32mI (261) boot: End of partition table[0m
[0;32mI (266) esp_image: segment 0: paddr=00010020 vaddr=3f400020 size=2dfd4h (188372) map[0m
[0;32mI (339) esp_image: segment 1: paddr=0003dffc vaddr=3ffbdb60 size=0201ch (  8220) load[0m
[0;32mI (342) esp_image: segment 2: paddr=00040020 vaddr=400d0020 size=c2df4h (798196) map[0m
[0;32mI (618) esp_image: segment 3: paddr=00102e1c vaddr=3ffbfb7c size=03f5ch ( 16220) load[0m
[0;32mI (624) esp_image: segment 4: paddr=00106d80 vaddr=40080000 size=1cc6ch (117868) load[0m
[0;32mI (685) boot: Loaded app from partition at offset 0x10000[0m
[0;32mI (685) boot: Disabling RNG early entropy source...[0m
[0;32mI (697) quad_psram: This chip is ESP32-D0WD[0m
[0;32mI (698) esp_psram: Found 8MB PSRAM device[0m
[0;32mI (698) esp_psram: Speed: 40MHz[0m
[0;32mI (701) esp_psram: PSRAM initialized, cache is in normal (1-core) mode.[0m
[0;33mW (709) esp_psram: Virtual address not enough for PSRAM, map as much as we can. 4MB is mapped[0m
[0;32mI (718) cpu_start: Unicore app[0m
[0;32mI (721) cpu_start: Single core mode[0m
[0;32mI (1650) esp_psram: SPI SRAM memory test OK[0m
[0;32mI (1658) cpu_start: Pro cpu start user code[0m
[0;32mI (1659) cpu_start: cpu freq: 240000000 Hz[0m
[0;32mI (1659) app_init: Application information:[0m
[0;32mI (1662) app_init: Project name:     mesh_local_control[0m
[0;32mI (1668) app_init: App version:      d1ba481-dirty[0m
[0;32mI (1673) app_init: Compile time:     Aug 25 2024 14:40:31[0m
[0;32mI (1679) app_init: ELF file SHA256:  cd0303b20...[0m
[0;32mI (1685) app_init: ESP-IDF:          v5.3-dirty[0m
[0;32mI (1690) efuse_init: Min chip rev:     v0.0[0m
[0;32mI (1695) efuse_init: Max chip rev:     v3.99 [0m
[0;32mI (1700) efuse_init: Chip rev:         v3.1[0m
[0;32mI (1705) heap_init: Initializing. RAM available for dynamic allocation:[0m
[0;32mI (1712) heap_init: At 3FFAE6E0 len 0000F480 (61 KiB): DRAM[0m
[0;32mI (1718) heap_init: At 3FFC8940 len 000176C0 (93 KiB): DRAM[0m
[0;32mI (1724) heap_init: At 3FFE0440 len 0001FBC0 (126 KiB): D/IRAM[0m
[0;32mI (1731) heap_init: At 40078000 len 00008000 (32 KiB): IRAM[0m
[0;32mI (1737) heap_init: At 4009CC6C len 00003394 (12 KiB): IRAM[0m
[0;32mI (1743) heap_init: At 3FF80000 len 00002000 (8 KiB): RTCRAM[0m
[0;32mI (1750) esp_psram: Adding pool of 4096K of PSRAM memory to heap allocator[0m
[0;32mI (1759) spi_flash: detected chip: generic[0m
[0;32mI (1762) spi_flash: flash io: dio[0m
[0;33mW (1766) i2c: This driver is an old driver, please migrate your application code to adapt `driver/i2c_master.h`[0m
[0;32mI (1788) coexist: coex firmware version: dab85ae96[0m
[0;32mI (1789) main_task: Started on CPU0[0m
[0;32mI (1789) esp_psram: Reserving pool of 32K of internal memory for DMA/internal allocations[0m
[0;32mI (1797) main_task: Calling app_main()[0m
[0;32mI (1817) bridge_common: esp-iot-bridge version: 0.11.8[0m
I (1819) wifi:wifi driver task: 3ffbd638, prio:23, stack:6656, core=0
I (1822) wifi:wifi firmware version: 0caa81945
I (1822) wifi:wifi certification version: v7.0
I (1827) wifi:config NVS flash: enabled
I (1830) wifi:config nano formating: disabled
I (1834) wifi:Init data frame dynamic rx buffer num: 32
I (1839) wifi:Init static rx mgmt buffer num: 5
I (1843) wifi:Init management short buffer num: 32
I (1848) wifi:Init static tx buffer num: 16
I (1852) wifi:Init tx cache buffer num: 32
I (1856) wifi:Init static rx buffer size: 1600
I (1860) wifi:Init static rx buffer num: 10
I (1864) wifi:Init dynamic rx buffer num: 32
[0;32mI (1869) wifi_init: accept mbox: 6[0m
[0;32mI (1872) wifi_init: tcpip mbox: 32[0m
[0;32mI (1876) wifi_init: udp mbox: 6[0m
[0;32mI (1879) wifi_init: tcp mbox: 6[0m
[0;32mI (1883) wifi_init: tcp tx win: 5760[0m
[0;32mI (1887) wifi_init: tcp rx win: 5760[0m
[0;32mI (1892) wifi_init: tcp mss: 1440[0m
[0;32mI (1896) wifi_init: WiFi IRAM OP enabled[0m
[0;32mI (1900) wifi_init: WiFi RX IRAM OP enabled[0m
[0;32mI (1906) phy_init: phy_version 4830,54550f7,Jun 20 2024,14:22:08[0m
I (1969) wifi:mode : null
I (1972) wifi:mode : softAP (08:a6:f7:11:51:a9)
I (1974) wifi:Total power save buffer number: 8
I (1974) wifi:Init max length of beacon: 752/752
I (1977) wifi:Init max length of beacon: 752/752
[0;32mI (1983) esp_netif_lwip: DHCP server started on interface WIFI_AP_DEF with IP: 192.168.4.1[0m
Add netif ap with d1ba481(commit id)
[0;32mI (1993) bridge_common: netif list add success[0m
[0;31mE (1998) NVS: Failed to open NVS namespace[0m
[0;32mI (2002) bridge_common: IP Address:192.168.5.1[0m
[0;32mI (2007) bridge_common: GW Address:192.168.5.1[0m
[0;32mI (2013) bridge_common: NM Address:255.255.255.0[0m
[0;32mI (2018) bridge_common: [WIFI_AP_DEF ][0m
[0;32mI (2023) bridge_common: Set ip info:192.168.5.1[0m
[0;32mI (2028) bridge_wifi: SoftAP IP network segment has changed, deauth all station[0m
I (2039) wifi:Disabled PMF config for SoftAP
I (2041) wifi:Total power save buffer number: 8
[0;32mI (2047) esp_netif_lwip: DHCP server started on interface WIFI_AP_DEF with IP: 192.168.5.1[0m
[0;32mI (2053) bridge_common: [WIFI_AP_DEF ]Name Server1: 114.114.114.114[0m
[0;32mI (2059) bridge_common: DHCPS Restart, deauth all station[0m
Add netif sta with d1ba481(commit id)
[0;32mI (2069) bridge_common: netif list add success[0m
I (2075) wifi:mode : sta (08:a6:f7:11:51:a8) + softAP (08:a6:f7:11:51:a9)
I (2081) wifi:enable tsf
[0;31mE (2084) NVS: Failed to read IP info from NVS[0m
I (2088) wifi:Disabled PMF config for STA
[0;32mI (2091) bridge_wifi: [esp_bridge_wifi_set_config] sta ssid: Tran Con Dev password: password[0m
[0;32mI (2101) bridge_wifi: [esp_bridge_wifi_set_config] softap ssid: ESP_Bridge_1151a9 password: 12345678[0m
I (2284) wifi:Total power save buffer number: 8
[0;32mI (2288) esp_netif_lwip: DHCP server started on interface WIFI_AP_DEF with IP: 192.168.5.1[0m
[0;32mI (2289) bridge_wifi: SoftAP config changed, deauth all station[0m
[0;32mI (2293) Mesh-Lite: esp-mesh-lite component version: 1.0.0[0m
I (2300) ESPNOW: espnow [version: 1.0] init
[0;32mI (2303) [vendor_ie]: Mesh-Lite commit id: bc9302d
 [0m
[0;31mE (2310) [vendor_ie]: Error Get! [0m
[0;33mW (2313) [vendor_ie]: Mesh ID is not saved in flash [0m
[0;32mI (2319) [vendor_ie]: Mesh ID: 77 [0m
[0;33mW (2322) [vendor_ie]: Error Get[4354] [0m
[0;33mW (2327) [vendor_ie]: Error Get[4354] [0m
[0;32mI (2333) [ESP_Mesh_Lite_Comm]: msg action add success [0m
[0;32mI (2339) [ESP_Mesh_Lite_Comm]: Bind Socket 54, port 6364 [0m
[0;32mI (2343) [ESP_Mesh_Lite_Comm]: Bind Socket 55, port 6363 [0m
[0;32mI (2349) [ESP_Mesh_Lite_Comm]: Bind Socket 56, port 6366 [0m
[0;32mI (2355) [ESP_Mesh_Lite_Comm]: Bind Socket 57, port 6365 [0m
[0;32mI (2362) [mesh-lite-espnow]: Start espnow task [0m
[0;32mI (2369) Mesh-Lite: Mesh-Lite connecting[0m
[0;32mI (2374) [vendor_ie]: esp_mesh_lite_wifi_scan_start return ESP_OK [0m
[0;32mI (2378) gpio: GPIO[25]| InputEn: 1| OutputEn: 0| OpenDrain: 0| Pullup: 1| Pulldown: 0| Intr:2 [0m
[0;32mI (2389) cam_hal: cam init ok[0m
[0;32mI (2391) sccb: pin_sda 26 pin_scl 27[0m
[0;32mI (2395) sccb: sccb_i2c_port=1[0m
[0;32mI (2399) gpio: GPIO[32]| InputEn: 0| OutputEn: 1| OpenDrain: 0| Pullup: 0| Pulldown: 0| Intr:0 [0m
[0;32mI (2438) camera: Detected camera at address=0x30[0m
[0;32mI (2440) camera: Detected OV2640 camera[0m
[0;32mI (2441) camera: Camera PID=0x26 VER=0x42 MIDL=0x7f MIDH=0xa2[0m
[0;32mI (2507) cam_hal: buffer_size: 32768, half_buffer_size: 4096, node_buffer_size: 2048, node_cnt: 16, total_cnt: 5[0m
[0;32mI (2507) cam_hal: Allocating 23680 Byte frame buffer in PSRAM[0m
[0;32mI (2513) cam_hal: cam config ok[0m
[0;32mI (2517) ov2640: Set PLL: clk_2x: 0, clk_div: 0, pclk_auto: 0, pclk_div: 8[0m
ï¿½ets Jul 29 2019 12:21:46

rst:0x3 (SW_RESET),boot:0x13 (SPI_FAST_FLASH_BOOT)
configsip: 0, SPIWP:0xee
clk_drv:0x00,q_drv:0x00,d_drv:0x00,cs0_drv:0x00,hd_drv:0x00,wp_drv:0x00
mode:DIO, clock div:2
load:0x3fff0030,len:7168
load:0x40078000,len:15452
load:0x40080400,len:4
load:0x40080404,len:3684
entry 0x40080614
[0;32mI (169) boot: ESP-IDF v5.3-dirty 2nd stage bootloader[0m
[0;32mI (169) boot: compile time Aug 24 2024 21:55:52[0m
[0;33mW (169) boot: Unicore bootloader[0m
[0;32mI (174) boot: chip revision: v3.1[0m
[0;32mI (178) boot.esp32: SPI Speed      : 40MHz[0m
[0;32mI (183) boot.esp32: SPI Mode       : DIO[0m
[0;32mI (187) boot.esp32: SPI Flash Size : 4MB[0m
[0;32mI (192) boot: Enabling RNG early entropy source...[0m
[0;32mI (197) boot: Partition Table:[0m
[0;32mI (201) boot: ## Label            Usage          Type ST Offset   Length[0m
[0;32mI (208) boot:  0 nvs              WiFi data        01 02 00009000 00004000[0m
[0;32mI (216) boot:  1 otadata          OTA data         01 00 0000d000 00002000[0m
[0;32mI (224) boot:  2 phy_init         RF data          01 01 0000f000 00001000[0m
[0;32mI (231) boot:  3 ota_0            OTA app          00 10 00010000 001e0000[0m
[0;32mI (239) boot:  4 ota_1            OTA app          00 11 001f0000 001e0000[0m
[0;32mI (246) boot:  5 coredump         Unknown data     01 03 003d0000 00010000[0m
[0;32mI (254) boot:  6 reserved         Unknown data     01 fe 003e0000 00020000[0m
[0;32mI (261) boot: End of partition table[0m
[0;32mI (266) esp_image: segment 0: paddr=00010020 vaddr=3f400020 size=2dfd4h (188372) map[0m
[0;32mI (339) esp_image: segment 1: paddr=0003dffc vaddr=3ffbdb60 size=0201ch (  8220) load[0m
[0;32mI (342) esp_image: segment 2: paddr=00040020 vaddr=400d0020 size=c2df4h (798196) map[0m
[0;32mI (618) esp_image: segment 3: paddr=00102e1c vaddr=3ffbfb7c size=03f5ch ( 16220) load[0m
[0;32mI (624) esp_image: segment 4: paddr=00106d80 vaddr=40080000 size=1cc6ch (117868) load[0m
[0;32mI (685) boot: Loaded app from partition at offset 0x10000[0m
[0;32mI (685) boot: Disabling RNG early entropy source...[0m
[0;32mI (697) quad_psram: This chip is ESP32-D0WD[0m
[0;32mI (698) esp_psram: Found 8MB PSRAM device[0m
[0;32mI (698) esp_psram: Speed: 40MHz[0m
[0;32mI (701) esp_psram: PSRAM initialized, cache is in normal (1-core) mode.[0m
[0;33mW (708) esp_psram: Virtual address not enough for PSRAM, map as much as we can. 4MB is mapped[0m
[0;32mI (718) cpu_start: Unicore app[0m
[0;32mI (721) cpu_start: Single core mode[0m
[0;32mI (1650) esp_psram: SPI SRAM memory test OK[0m
[0;32mI (1658) cpu_start: Pro cpu start user code[0m
[0;32mI (1659) cpu_start: cpu freq: 240000000 Hz[0m
[0;32mI (1659) app_init: Application information:[0m
[0;32mI (1662) app_init: Project name:     mesh_local_control[0m
[0;32mI (1668) app_init: App version:      d1ba481-dirty[0m
[0;32mI (1673) app_init: Compile time:     Aug 25 2024 14:40:31[0m
[0;32mI (1679) app_init: ELF file SHA256:  cd0303b20...[0m
[0;32mI (1685) app_init: ESP-IDF:          v5.3-dirty[0m
[0;32mI (1690) efuse_init: Min chip rev:     v0.0[0m
[0;32mI (1695) efuse_init: Max chip rev:     v3.99 [0m
[0;32mI (1700) efuse_init: Chip rev:         v3.1[0m
[0;32mI (1705) heap_init: Initializing. RAM available for dynamic allocation:[0m
[0;32mI (1712) heap_init: At 3FFAE6E0 len 0000F480 (61 KiB): DRAM[0m
[0;32mI (1718) heap_init: At 3FFC8940 len 000176C0 (93 KiB): DRAM[0m
[0;32mI (1724) heap_init: At 3FFE0440 len 0001FBC0 (126 KiB): D/IRAM[0m
[0;32mI (1731) heap_init: At 40078000 len 00008000 (32 KiB): IRAM[0m
[0;32mI (1737) heap_init: At 4009CC6C len 00003394 (12 KiB): IRAM[0m
[0;32mI (1743) heap_init: At 3FF80000 len 00002000 (8 KiB): RTCRAM[0m
[0;32mI (1750) esp_psram: Adding pool of 4096K of PSRAM memory to heap allocator[0m
[0;32mI (1759) spi_flash: detected chip: generic[0m
[0;32mI (1762) spi_flash: flash io: dio[0m
[0;33mW (1766) i2c: This driver is an old driver, please migrate your application code to adapt `driver/i2c_master.h`[0m
[0;32mI (1788) coexist: coex firmware version: dab85ae96[0m
[0;32mI (1789) main_task: Started on CPU0[0m
[0;32mI (1789) esp_psram: Reserving pool of 32K of internal memory for DMA/internal allocations[0m
[0;32mI (1797) main_task: Calling app_main()[0m
[0;32mI (1818) bridge_common: esp-iot-bridge version: 0.11.8[0m
I (1820) wifi:wifi driver task: 3ffbd678, prio:23, stack:6656, core=0
I (1823) wifi:wifi firmware version: 0caa81945
I (1824) wifi:wifi certification version: v7.0
I (1828) wifi:config NVS flash: enabled
I (1831) wifi:config nano formating: disabled
I (1836) wifi:Init data frame dynamic rx buffer num: 32
I (1840) wifi:Init static rx mgmt buffer num: 5
I (1844) wifi:Init management short buffer num: 32
I (1849) wifi:Init static tx buffer num: 16
I (1853) wifi:Init tx cache buffer num: 32
I (1857) wifi:Init static rx buffer size: 1600
I (1861) wifi:Init static rx buffer num: 10
I (1865) wifi:Init dynamic rx buffer num: 32
[0;32mI (1870) wifi_init: accept mbox: 6[0m
[0;32mI (1873) wifi_init: tcpip mbox: 32[0m
[0;32mI (1877) wifi_init: udp mbox: 6[0m
[0;32mI (1880) wifi_init: tcp mbox: 6[0m
[0;32mI (1884) wifi_init: tcp tx win: 5760[0m
[0;32mI (1889) wifi_init: tcp rx win: 5760[0m
[0;32mI (1893) wifi_init: tcp mss: 1440[0m
[0;32mI (1897) wifi_init: WiFi IRAM OP enabled[0m
[0;32mI (1901) wifi_init: WiFi RX IRAM OP enabled[0m
[0;32mI (1907) phy_init: phy_version 4830,54550f7,Jun 20 2024,14:22:08[0m
I (1970) wifi:mode : null
I (1972) wifi:mode : softAP (08:a6:f7:11:51:a9)
I (1974) wifi:Total power save buffer number: 8
I (1974) wifi:Init max length of beacon: 752/752
I (1977) wifi:Init max length of beacon: 752/752
[0;32mI (1984) esp_netif_lwip: DHCP server started on interface WIFI_AP_DEF with IP: 192.168.4.1[0m
Add netif ap with d1ba481(commit id)
[0;32mI (1993) bridge_common: netif list add success[0m
[0;32mI (1999) bridge_common: [WIFI_AP_DEF ][0m
[0;32mI (2004) bridge_common: Set ip info:192.168.5.1[0m
[0;32mI (2008) bridge_wifi: SoftAP IP network segment has changed, deauth all station[0m
I (2018) wifi:Disabled PMF config for SoftAP
I (2020) wifi:Total power save buffer number: 8
[0;32mI (2027) esp_netif_lwip: DHCP server started on interface WIFI_AP_DEF with IP: 192.168.5.1[0m
[0;32mI (2033) bridge_common: [WIFI_AP_DEF ]Name Server1: 114.114.114.114[0m
[0;32mI (2040) bridge_common: DHCPS Restart, deauth all station[0m
Add netif sta with d1ba481(commit id)
[0;32mI (2049) bridge_common: netif list add success[0m
I (2055) wifi:mode : sta (08:a6:f7:11:51:a8) + softAP (08:a6:f7:11:51:a9)
I (2061) wifi:enable tsf
[0;31mE (2065) NVS: Failed to read IP info from NVS[0m
I (2068) wifi:Disabled PMF config for STA
[0;32mI (2072) bridge_wifi: [esp_bridge_wifi_set_config] sta ssid: Tran Con Dev password: password[0m
[0;32mI (2081) bridge_wifi: [esp_bridge_wifi_set_config] softap ssid: ESP_Bridge_1151a9 password: 12345678[0m
I (2264) wifi:Total power save buffer number: 8
[0;32mI (2268) esp_netif_lwip: DHCP server started on interface WIFI_AP_DEF with IP: 192.168.5.1[0m
[0;32mI (2269) bridge_wifi: SoftAP config changed, deauth all station[0m
[0;32mI (2273) Mesh-Lite: esp-mesh-lite component version: 1.0.0[0m
I (2280) ESPNOW: espnow [version: 1.0] init
[0;32mI (2283) [vendor_ie]: Mesh-Lite commit id: bc9302d
 [0m
[0;32mI (2290) [vendor_ie]: Mesh ID: 77 [0m
[0;32mI (2295) [ESP_Mesh_Lite_Comm]: msg action add success [0m
[0;32mI (2301) [ESP_Mesh_Lite_Comm]: Bind Socket 54, port 6364 [0m
[0;32mI (2305) [ESP_Mesh_Lite_Comm]: Bind Socket 55, port 6363 [0m
[0;32mI (2311) [ESP_Mesh_Lite_Comm]: Bind Socket 56, port 6366 [0m
[0;32mI (2317) [ESP_Mesh_Lite_Comm]: Bind Socket 57, port 6365 [0m
[0;32mI (2324) [mesh-lite-espnow]: Start espnow task [0m
[0;32mI (2329) Mesh-Lite: Mesh-Lite connecting[0m
[0;32mI (2336) [vendor_ie]: esp_mesh_lite_wifi_scan_start return ESP_OK [0m
[0;32mI (2340) gpio: GPIO[25]| InputEn: 1| OutputEn: 0| OpenDrain: 0| Pullup: 1| Pulldown: 0| Intr:2 [0m
[0;32mI (2350) cam_hal: cam init ok[0m
[0;32mI (2353) sccb: pin_sda 26 pin_scl 27[0m
[0;32mI (2357) sccb: sccb_i2c_port=1[0m
[0;32mI (2361) gpio: GPIO[32]| InputEn: 0| OutputEn: 1| OpenDrain: 0| Pullup: 0| Pulldown: 0| Intr:0 [0m
[0;32mI (2400) camera: Detected camera at address=0x30[0m
[0;32mI (2402) camera: Detected OV2640 camera[0m
[0;32mI (2403) camera: Camera PID=0x26 VER=0x42 MIDL=0x7f MIDH=0xa2[0m
[0;32mI (2468) cam_hal: buffer_size: 32768, half_buffer_size: 4096, nï¿½ets Jul 29 2019 12:21:46

rst:0x3 (SW_RESET),boot:0x13 (SPI_FAST_FLASH_BOOT)
configsip: 0, SPIWP:0xee
clk_drv:0x00,q_drv:0x00,d_drv:0x00,cs0_drv:0x00,hd_drv:0x00,wp_drv:0x00
mode:DIO, clock div:2
load:0x3fff0030,len:7168
load:0x40078000,len:15452
load:0x40080400,len:4
load:0x40080404,len:3684
entry 0x40080614
[0;32mI (169) boot: ESP-IDF v5.3-dirty 2nd stage bootloader[0m
[0;32mI (169) boot: compile time Aug 24 2024 21:55:52[0m
[0;33mW (169) boot: Unicore bootloader[0m
[0;32mI (174) boot: chip revision: v3.1[0m
[0;32mI (178) boot.esp32: SPI Speed      : 40MHz[0m
[0;32mI (183) boot.esp32: SPI Mode       : DIO[0m
[0;32mI (187) boot.esp32: SPI Flash Size : 4MB[0m
[0;32mI (192) boot: Enabling RNG early entropy source...[0m
[0;32mI (197) boot: Partition Table:[0m
[0;32mI (201) boot: ## Label            Usage          Type ST Offset   Length[0m
[0;32mI (208) boot:  0 nvs              WiFi data        01 02 00009000 00004000[0m
[0;32mI (216) boot:  1 otadata          OTA data         01 00 0000d000 00002000[0m
[0;32mI (224) boot:  2 phy_init         RF data          01 01 0000f000 00001000[0m
[0;32mI (231) boot:  3 ota_0            OTA app          00 10 00010000 001e0000[0m
[0;32mI (239) boot:  4 ota_1            OTA app          00 11 001f0000 001e0000[0m
[0;32mI (246) boot:  5 coredump         Unknown data     01 03 003d0000 00010000[0m
[0;32mI (254) boot:  6 reserved         Unknown data     01 fe 003e0000 00020000[0m
[0;32mI (261) boot: End of partition table[0m
[0;32mI (266) esp_image: segment 0: paddr=00010020 vaddr=3f400020 size=2dfd4h (188372) map[0m
[0;32mI (339) esp_image: segment 1: paddr=0003dffc vaddr=3ffbdb60 size=0201ch (  8220) load[0m
[0;32mI (342) esp_image: segment 2: paddr=00040020 vaddr=400d0020 size=c2df4h (798196) map[0m
[0;32mI (618) esp_image: segment 3: paddr=00102e1c vaddr=3ffbfb7c size=03f5ch ( 16220) load[0m
[0;32mI (624) esp_image: segment 4: paddr=00106d80 vaddr=40080000 size=1cc6ch (117868) load[0m
[0;32mI (685) boot: Loaded app from partition at offset 0x10000[0m
[0;32mI (685) boot: Disabling RNG early entropy source...[0m
[0;32mI (697) quad_psram: This chip is ESP32-D0WD[0m
[0;32mI (698) esp_psram: Found 8MB PSRAM device[0m
[0;32mI (698) esp_psram: Speed: 40MHz[0m
[0;32mI (701) esp_psram: PSRAM initialized, cache is in normal (1-core) mode.[0m
[0;33mW (708) esp_psram: Virtual address not enough for PSRAM, map as much as we can. 4MB is mapped[0m
[0;32mI (718) cpu_start: Unicore app[0m
[0;32mI (721) cpu_start: Single core mode[0m
[0;32mI (1650) esp_psram: SPI SRAM memory test OK[0m
[0;32mI (1658) cpu_start: Pro cpu start user code[0m
[0;32mI (1659) cpu_start: cpu freq: 240000000 Hz[0m
[0;32mI (1659) app_init: Application information:[0m
[0;32mI (1662) app_init: Project name:     mesh_local_control[0m
[0;32mI (1668) app_init: App version:      d1ba481-dirty[0m
[0;32mI (1673) app_init: Compile time:     Aug 25 2024 14:40:31[0m
[0;32mI (1679) app_init: ELF file SHA256:  cd0303b20...[0m
[0;32mI (1685) app_init: ESP-IDF:          v5.3-dirty[0m
[0;32mI (1690) efuse_init: Min chip rev:     v0.0[0m
[0;32mI (1695) efuse_init: Max chip rev:     v3.99 [0m
[0;32mI (1700) efuse_init: Chip rev:         v3.1[0m
[0;32mI (1705) heap_init: Initializing. RAM available for dynamic allocation:[0m
[0;32mI (1712) heap_init: At 3FFAE6E0 len 0000F480 (61 KiB): DRAM[0m
[0;32mI (1718) heap_init: At 3FFC8940 len 000176C0 (93 KiB): DRAM[0m
[0;32mI (1724) heap_init: At 3FFE0440 len 0001FBC0 (126 KiB): D/IRAM[0m
[0;32mI (1731) heap_init: At 40078000 len 00008000 (32 KiB): IRAM[0m
[0;32mI (1737) heap_init: At 4009CC6C len 00003394 (12 KiB): IRAM[0m
[0;32mI (1743) heap_init: At 3FF80000 len 00002000 (8 KiB): RTCRAM[0m
[0;32mI (1750) esp_psram: Adding pool of 4096K of PSRAM memory to heap allocator[0m
[0;32mI (1759) spi_flash: detected chip: generic[0m
[0;32mI (1762) spi_flash: flash io: dio[0m
[0;33mW (1766) i2c: This driver is an old driver, please migrate your application code to adapt `driver/i2c_master.h`[0m
[0;32mI (1788) coexist: coex firmware version: dab85ae96[0m
[0;32mI (1789) main_task: Started on CPU0[0m
[0;32mI (1789) esp_psram: Reserving pool of 32K of internal memory for DMA/internal allocations[0m
[0;32mI (1797) main_task: Calling app_main()[0m
[0;32mI (1818) bridge_common: esp-iot-bridge version: 0.11.8[0m
I (1820) wifi:wifi driver task: 3ffbd678, prio:23, stack:6656, core=0
I (1823) wifi:wifi firmware version: 0caa81945
I (1824) wifi:wifi certification version: v7.0
I (1828) wifi:config NVS flash: enabled
I (1831) wifi:config nano formating: disabled
I (1836) wifi:Init data frame dynamic rx buffer num: 32
I (1840) wifi:Init static rx mgmt buffer num: 5
I (1844) wifi:Init management short buffer num: 32
I (1849) wifi:Init static tx buffer num: 16
I (1853) wifi:Init tx cache buffer num: 32
I (1857) wifi:Init static rx buffer size: 1600
I (1861) wifi:Init static rx buffer num: 10
I (1865) wifi:Init dynamic rx buffer num: 32
[0;32mI (1870) wifi_init: accept mbox: 6[0m
[0;32mI (1873) wifi_init: tcpip mbox: 32[0m
[0;32mI (1877) wifi_init: udp mbox: 6[0m
[0;32mI (1880) wifi_init: tcp mbox: 6[0m
[0;32mI (1884) wifi_init: tcp tx win: 5760[0m
[0;32mI (1889) wifi_init: tcp rx win: 5760[0m
[0;32mI (1893) wifi_init: tcp mss: 1440[0m
[0;32mI (1897) wifi_init: WiFi IRAM OP enabled[0m
[0;32mI (1901) wifi_init: WiFi RX IRAM OP enabled[0m
[0;32mI (1907) phy_init: phy_version 4830,54550f7,Jun 20 2024,14:22:08[0m
I (1969) wifi:mode : null
I (1972) wifi:mode : softAP (08:a6:f7:11:51:a9)
I (1973) wifi:Total power save buffer number: 8
I (1974) wifi:Init max length of beacon: 752/752
I (1976) wifi:Init max length of beacon: 752/752
[0;32mI (1983) esp_netif_lwip: DHCP server started on interface WIFI_AP_DEF with IP: 192.168.4.1[0m
Add netif ap with d1ba481(commit id)
[0;32mI (1992) bridge_common: netif list add success[0m
[0;32mI (1999) bridge_common: [WIFI_AP_DEF ][0m
[0;32mI (2003) bridge_common: Set ip info:192.168.5.1[0m
[0;32mI (2007) bridge_wifi: SoftAP IP network segment has changed, deauth all station[0m
I (2017) wifi:Disabled PMF config for SoftAP
I (2020) wifi:Total power save buffer number: 8
[0;32mI (2026) esp_netif_lwip: DHCP server started on interface WIFI_AP_DEF with IP: 192.168.5.1[0m
[0;32mI (2032) bridge_common: [WIFI_AP_DEF ]Name Server1: 114.114.114.114[0m
[0;32mI (2039) bridge_common: DHCPS Restart, deauth all station[0m
Add netif sta with d1ba481(commit id)
[0;32mI (2048) bridge_common: netif list add success[0m
I (2054) wifi:mode : sta (08:a6:f7:11:51:a8) + softAP (08:a6:f7:11:51:a9)
I (2060) wifi:enable tsf
[0;31mE (2064) NVS: Failed to read IP info from NVS[0m
I (2068) wifi:Disabled PMF config for STA
[0;32mI (2071) bridge_wifi: [esp_bridge_wifi_set_config] sta ssid: Tran Con Dev password: password[0m
[0;32mI (2081) bridge_wifi: [esp_bridge_wifi_set_config] softap ssid: ESP_Bridge_1151a9 password: 12345678[0m
I (2263) wifi:Total power save buffer number: 8
[0;32mI (2267) esp_netif_lwip: DHCP server started on interface WIFI_AP_DEF with IP: 192.168.5.1[0m
[0;32mI (2269) bridge_wifi: SoftAP config changed, deauth all station[0m
[0;32mI (2273) Mesh-Lite: esp-mesh-lite component version: 1.0.0[0m
I (2279) ESPNOW: espnow [version: 1.0] init
[0;32mI (2283) [vendor_ie]: Mesh-Lite commit id: bc9302d
 [0m
[0;32mI (2289) [vendor_ie]: Mesh ID: 77 [0m
[0;32mI (2294) [ESP_Mesh_Lite_Comm]: msg action add success [0m
[0;32mI (2300) [ESP_Mesh_Lite_Comm]: Bind Socket 54, port 6364 [0m
[0;32mI (2304) [ESP_Mesh_Lite_Comm]: Bind Socket 55, port 6363 [0m
[0;32mI (2310) [ESP_Mesh_Lite_Comm]: Bind Socket 56, port 6366 [0m
[0;32mI (2316) [ESP_Mesh_Lite_Comm]: Bind Socket 57, port 6365 [0m
[0;32mI (2323) [mesh-lite-espnow]: Start espnow task [0m
[0;32mI (2329) Mesh-Lite: Mesh-Lite connecting[0m
[0;32mI (2335) [vendor_ie]: esp_mesh_lite_wifi_scan_start return ESP_OK [0m
[0;32mI (2339) gpio: GPIO[25]| InputEn: 1| OutputEn: 0| OpenDrain: 0| Pullup: 1| Pulldown: 0| Intr:2 [0m
[0;32mI (2349) cam_hal: cam init ok[0m
[0;32mI (2352) sccb: pin_sda 26 pin_scl 27[0m
[0;32mI (2356) sccb: sccb_i2c_port=1[0m
[0;32mI (2360) gpio: GPIO[32]| InputEn: 0| OutputEn: 1| OpenDrain: 0| Pullup: 0| Pulldown: 0| Intr:0 [0m
[0;32mI (2399) camera: Detected camera at address=0x30[0m
[0;32mI (2401) camera: Detected OV2640 camera[0m
[0;32mI (2402) camera: Camera PID=0x26 VER=0x42 MIDL=0x7f MIDH=0xa2[0m
[0;32mI (2467) cam_hal: buffer_size: 32768, half_buffer_size: 4096, nodeï¿½ets Jul 29 2019 12:21:46

rst:0x3 (SW_RESET),boot:0x13 (SPI_FAST_FLASH_BOOT)
configsip: 0, SPIWP:0xee
clk_drv:0x00,q_drv:0x00,d_drv:0x00,cs0_drv:0x00,hd_drv:0x00,wp_drv:0x00
mode:DIO, clock div:2
load:0x3fff0030,len:7168
load:0x40078000,len:15452
load:0x40080400,len:4
load:0x40080404,len:3684
entry 0x40080614
[0;32mI (169) boot: ESP-IDF v5.3-dirty 2nd stage bootloader[0m
[0;32mI (169) boot: compile time Aug 24 2024 21:55:52[0m
[0;33mW (169) boot: Unicore bootloader[0m
[0;32mI (174) boot: chip revision: v3.1[0m
[0;32mI (178) boot.esp32: SPI Speed      : 40MHz[0m
[0;32mI (183) boot.esp32: SPI Mode       : DIO[0m
[0;32mI (187) boot.esp32: SPI Flash Size : 4MB[0m
[0;32mI (192) boot: Enabling RNG early entropy source...[0m
[0;32mI (197) boot: Partition Table:[0m
[0;32mI (201) boot: ## Label            Usage          Type ST Offset   Length[0m
[0;32mI (208) boot:  0 nvs              WiFi data        01 02 00009000 00004000[0m
[0;32mI (216) boot:  1 otadata          OTA data         01 00 0000d000 00002000[0m
[0;32mI (224) boot:  2 phy_init         RF data          01 01 0000f000 00001000[0m
[0;32mI (231) boot:  3 ota_0            OTA app          00 10 00010000 001e0000[0m
[0;32mI (239) boot:  4 ota_1            OTA app          00 11 001f0000 001e0000[0m
[0;32mI (246) boot:  5 coredump         Unknown data     01 03 003d0000 00010000[0m
[0;32mI (254) boot:  6 reserved         Unknown data     01 fe 003e0000 00020000[0m
[0;32mI (261) boot: End of partition table[0m
[0;32mI (266) esp_image: segment 0: paddr=00010020 vaddr=3f400020 size=2dfd4h (188372) map[0m
[0;32mI (339) esp_image: segment 1: paddr=0003dffc vaddr=3ffbdb60 size=0201ch (  8220) load[0m
[0;32mI (342) esp_image: segment 2: paddr=00040020 vaddr=400d0020 size=c2df4h (798196) map[0m
[0;32mI (618) esp_image: segment 3: paddr=00102e1c vaddr=3ffbfb7c size=03f5ch ( 16220) load[0m
[0;32mI (624) esp_image: segment 4: paddr=00106d80 vaddr=40080000 size=1cc6ch (117868) load[0m
[0;32mI (685) boot: Loaded app from partition at offset 0x10000[0m
[0;32mI (685) boot: Disabling RNG early entropy source...[0m
[0;32mI (697) quad_psram: This chip is ESP32-D0WD[0m
[0;32mI (698) esp_psram: Found 8MB PSRAM device[0m
[0;32mI (698) esp_psram: Speed: 40MHz[0m
[0;32mI (701) esp_psram: PSRAM initialized, cache is in normal (1-core) mode.[0m
[0;33mW (708) esp_psram: Virtual address not enough for PSRAM, map as much as we can. 4MB is mapped[0m
[0;32mI (718) cpu_start: Unicore app[0m
[0;32mI (721) cpu_start: Single core mode[0m
[0;32mI (1650) esp_psram: SPI SRAM memory test OK[0m
[0;32mI (1658) cpu_start: Pro cpu start user code[0m
[0;32mI (1659) cpu_start: cpu freq: 240000000 Hz[0m
[0;32mI (1659) app_init: Application information:[0m
[0;32mI (1662) app_init: Project name:     mesh_local_control[0m
[0;32mI (1668) app_init: App version:      d1ba481-dirty[0m
[0;32mI (1673) app_init: Compile time:     Aug 25 2024 14:40:31[0m
[0;32mI (1679) app_init: ELF file SHA256:  cd0303b20...[0m
[0;32mI (1685) app_init: ESP-IDF:          v5.3-dirty[0m
[0;32mI (1690) efuse_init: Min chip rev:     v0.0[0m
[0;32mI (1695) efuse_init: Max chip rev:     v3.99 [0m
[0;32mI (1700) efuse_init: Chip rev:         v3.1[0m
[0;32mI (1705) heap_init: Initializing. RAM available for dynamic allocation:[0m
[0;32mI (1712) heap_init: At 3FFAE6E0 len 0000F480 (61 KiB): DRAM[0m
[0;32mI (1718) heap_init: At 3FFC8940 len 000176C0 (93 KiB): DRAM[0m
[0;32mI (1724) heap_init: At 3FFE0440 len 0001FBC0 (126 KiB): D/IRAM[0m
[0;32mI (1731) heap_init: At 40078000 len 00008000 (32 KiB): IRAM[0m
[0;32mI (1737) heap_init: At 4009CC6C len 00003394 (12 KiB): IRAM[0m
[0;32mI (1743) heap_init: At 3FF80000 len 00002000 (8 KiB): RTCRAM[0m
[0;32mI (1750) esp_psram: Adding pool of 4096K of PSRAM memory to heap allocator[0m
[0;32mI (1759) spi_flash: detected chip: generic[0m
[0;32mI (1762) spi_flash: flash io: dio[0m
[0;33mW (1766) i2c: This driver is an old driver, please migrate your application code to adapt `driver/i2c_master.h`[0m
[0;32mI (1788) coexist: coex firmware version: dab85ae96[0m
[0;32mI (1789) main_task: Started on CPU0[0m
[0;32mI (1789) esp_psram: Reserving pool of 32K of internal memory for DMA/internal allocations[0m
[0;32mI (1797) main_task: Calling app_main()[0m
[0;32mI (1818) bridge_common: esp-iot-bridge version: 0.11.8[0m
I (1820) wifi:wifi driver task: 3ffbd678, prio:23, stack:6656, core=0
I (1823) wifi:wifi firmware version: 0caa81945
I (1824) wifi:wifi certification version: v7.0
I (1828) wifi:config NVS flash: enabled
I (1831) wifi:config nano formating: disabled
I (1836) wifi:Init data frame dynamic rx buffer num: 32
I (1840) wifi:Init static rx mgmt buffer num: 5
I (1844) wifi:Init management short buffer num: 32
I (1849) wifi:Init static tx buffer num: 16
I (1853) wifi:Init tx cache buffer num: 32
I (1857) wifi:Init static rx buffer size: 1600
I (1861) wifi:Init static rx buffer num: 10
I (1865) wifi:Init dynamic rx buffer num: 32
[0;32mI (1870) wifi_init: accept mbox: 6[0m
[0;32mI (1873) wifi_init: tcpip mbox: 32[0m
[0;32mI (1877) wifi_init: udp mbox: 6[0m
[0;32mI (1880) wifi_init: tcp mbox: 6[0m
[0;32mI (1884) wifi_init: tcp tx win: 5760[0m
[0;32mI (1889) wifi_init: tcp rx win: 5760[0m
[0;32mI (1893) wifi_init: tcp mss: 1440[0m
[0;32mI (1897) wifi_init: WiFi IRAM OP enabled[0m
[0;32mI (1901) wifi_init: WiFi RX IRAM OP enabled[0m
[0;32mI (1907) phy_init: phy_version 4830,54550f7,Jun 20 2024,14:22:08[0m
[0;33mW (1967) phy_init: saving new calibration data because of checksum failure, mode(0)[0m
I (1980) wifi:mode : null
I (1983) wifi:mode : softAP (08:a6:f7:11:51:a9)
I (1984) wifi:Total power save buffer number: 8
I (1985) wifi:Init max length of beacon: 752/752
I (1987) wifi:Init max length of beacon: 752/752
[0;32mI (1994) esp_netif_lwip: DHCP server started on interface WIFI_AP_DEF with IP: 192.168.4.1[0m
Add netif ap with d1ba481(commit id)
[0;32mI (2003) bridge_common: netif list add success[0m
[0;32mI (2009) bridge_common: [WIFI_AP_DEF ][0m
[0;32mI (2014) bridge_common: Set ip info:192.168.5.1[0m
[0;32mI (2018) bridge_wifi: SoftAP IP network segment has changed, deauth all station[0m
I (2028) wifi:Disabled PMF config for SoftAP
I (2031) wifi:Total power save buffer number: 8
[0;32mI (2037) esp_netif_lwip: DHCP server started on interface WIFI_AP_DEF with IP: 192.168.5.1[0m
[0;32mI (2043) bridge_common: [WIFI_AP_DEF ]Name Server1: 114.114.114.114[0m
[0;32mI (2050) bridge_common: DHCPS Restart, deauth all station[0m
Add netif sta with d1ba481(commit id)
[0;32mI (2059) bridge_common: netif list add success[0m
I (2065) wifi:mode : sta (08:a6:f7:11:51:a8) + softAP (08:a6:f7:11:51:a9)
I (2071) wifi:enable tsf
[0;31mE (2075) NVS: Failed to read IP info from NVS[0m
I (2078) wifi:Disabled PMF config for STA
[0;32mI (2082) bridge_wifi: [esp_bridge_wifi_set_config] sta ssid: Tran Con Dev password: password[0m
[0;32mI (2091) bridge_wifi: [esp_bridge_wifi_set_config] softap ssid: ESP_Bridge_1151a9 password: 12345678[0m
I (2274) wifi:Total power save buffer number: 8
[0;32mI (2278) esp_netif_lwip: DHCP server started on interface WIFI_AP_DEF with IP: 192.168.5.1[0m
[0;32mI (2280) bridge_wifi: SoftAP config changed, deauth all station[0m
[0;32mI (2284) Mesh-Lite: esp-mesh-lite component version: 1.0.0[0m
I (2290) ESPNOW: espnow [version: 1.0] init
[0;32mI (2293) [vendor_ie]: Mesh-Lite commit id: bc9302d
 [0m
[0;32mI (2300) [vendor_ie]: Mesh ID: 77 [0m
[0;32mI (2305) [ESP_Mesh_Lite_Comm]: msg action add success [0m
[0;32mI (2311) [ESP_Mesh_Lite_Comm]: Bind Socket 54, port 6364 [0m
[0;32mI (2315) [ESP_Mesh_Lite_Comm]: Bind Socket 55, port 6363 [0m
[0;32mI (2321) [ESP_Mesh_Lite_Comm]: Bind Socket 56, port 6366 [0m
[0;32mI (2327) [ESP_Mesh_Lite_Comm]: Bind Socket 57, port 6365 [0m
[0;32mI (2334) [mesh-lite-espnow]: Start espnow task [0m
[0;32mI (2340) Mesh-Lite: Mesh-Lite connecting[0m
[0;32mI (2346) [vendor_ie]: esp_mesh_lite_wifi_scan_start return ESP_OK [0m
[0;32mI (2350) gpio: GPIO[25]| InputEn: 1| OutputEn: 0| OpenDrain: 0| Pullup: 1| Pulldown: 0| Intr:2 [0m
[0;32mI (2360) cam_hal: cam init ok[0m
[0;32mI (2363) sccb: pin_sda 26 pin_scl 27[0m
[0;32mI (2367) sccb: sccb_i2c_port=1[0m
[0;32mI (2371) gpio: GPIO[32]| InputEn: 0| OutputEn: 1| OpenDrain: 0| Pullup: 0| Pulldown: 0| Intr:0 [0m
[0;32mI (2410) camera: Detected camera at address=0x30[0m
[0;32mI (2412) camera: Detected OV2640 camera[0m
[0;32mI (2413) camera: Camera PID=0x26 VER=0x42 MIDL=0x7f MIDH=0xa2[0m
[0;32mI (2479) cam_hal: buffer_size: 32768, half_buffer_size: 40ï¿½ets Jul 29 2019 12:21:46

rst:0x3 (SW_RESET),boot:0x13 (SPI_FAST_FLASH_BOOT)
configsip: 0, SPIWP:0xee
clk_drv:0x00,q_drv:0x00,d_drv:0x00,cs0_drv:0x00,hd_drv:0x00,wp_drv:0x00
mode:DIO, clock div:2
load:0x3fff0030,len:7168
load:0x40078000,len:15452
load:0x40080400,len:4
load:0x40080404,len:3684
entry 0x40080614
[0;32mI (169) boot: ESP-IDF v5.3-dirty 2nd stage bootloader[0m
[0;32mI (169) boot: compile time Aug 24 2024 21:55:52[0m
[0;33mW (169) boot: Unicore bootloader[0m
[0;32mI (174) boot: chip revision: v3.1[0m
[0;32mI (178) boot.esp32: SPI Speed      : 40MHz[0m
[0;32mI (183) boot.esp32: SPI Mode       : DIO[0m
[0;32mI (187) boot.esp32: SPI Flash Size : 4MB[0m
[0;32mI (192) boot: Enabling RNG early entropy source...[0m
[0;32mI (197) boot: Partition Table:[0m
[0;32mI (201) boot: ## Label            Usage          Type ST Offset   Length[0m
[0;32mI (208) boot:  0 nvs              WiFi data        01 02 00009000 00004000[0m
[0;32mI (216) boot:  1 otadata          OTA data         01 00 0000d000 00002000[0m
[0;32mI (224) boot:  2 phy_init         RF data          01 01 0000f000 00001000[0m
[0;32mI (231) boot:  3 ota_0            OTA app          00 10 00010000 001e0000[0m
[0;32mI (239) boot:  4 ota_1            OTA app          00 11 001f0000 001e0000[0m
[0;32mI (246) boot:  5 coredump         Unknown data     01 03 003d0000 00010000[0m
[0;32mI (254) boot:  6 reserved         Unknown data     01 fe 003e0000 00020000[0m
[0;32mI (261) boot: End of partition table[0m
[0;32mI (266) esp_image: segment 0: paddr=00010020 vaddr=3f400020 size=2dfd4h (188372) map[0m
[0;32mI (339) esp_image: segment 1: paddr=0003dffc vaddr=3ffbdb60 size=0201ch (  8220) load[0m
[0;32mI (342) esp_image: segment 2: paddr=00040020 vaddr=400d0020 size=c2df4h (798196) map[0m
[0;32mI (618) esp_image: segment 3: paddr=00102e1c vaddr=3ffbfb7c size=03f5ch ( 16220) load[0m
[0;32mI (624) esp_image: segment 4: paddr=00106d80 vaddr=40080000 size=1cc6ch (117868) load[0m
[0;32mI (685) boot: Loaded app from partition at offset 0x10000[0m
[0;32mI (685) boot: Disabling RNG early entropy source...[0m
[0;32mI (697) quad_psram: This chip is ESP32-D0WD[0m
[0;32mI (698) esp_psram: Found 8MB PSRAM device[0m
[0;32mI (698) esp_psram: Speed: 40MHz[0m
[0;32mI (701) esp_psram: PSRAM initialized, cache is in normal (1-core) mode.[0m
[0;33mW (708) esp_psram: Virtual address not enough for PSRAM, map as much as we can. 4MB is mapped[0m
[0;32mI (718) cpu_start: Unicore app[0m
[0;32mI (721) cpu_start: Single core mode[0m
[0;32mI (1650) esp_psram: SPI SRAM memory test OK[0m
[0;32mI (1658) cpu_start: Pro cpu start user code[0m
[0;32mI (1659) cpu_start: cpu freq: 240000000 Hz[0m
[0;32mI (1659) app_init: Application information:[0m
[0;32mI (1662) app_init: Project name:     mesh_local_control[0m
[0;32mI (1668) app_init: App version:      d1ba481-dirty[0m
[0;32mI (1673) app_init: Compile time:     Aug 25 2024 14:40:31[0m
[0;32mI (1679) app_init: ELF file SHA256:  cd0303b20...[0m
[0;32mI (1685) app_init: ESP-IDF:          v5.3-dirty[0m
[0;32mI (1690) efuse_init: Min chip rev:     v0.0[0m
[0;32mI (1695) efuse_init: Max chip rev:     v3.99 [0m
[0;32mI (1700) efuse_init: Chip rev:         v3.1[0m
[0;32mI (1705) heap_init: Initializing. RAM available for dynamic allocation:[0m
[0;32mI (1712) heap_init: At 3FFAE6E0 len 0000F480 (61 KiB): DRAM[0m
[0;32mI (1718) heap_init: At 3FFC8940 len 000176C0 (93 KiB): DRAM[0m
[0;32mI (1724) heap_init: At 3FFE0440 len 0001FBC0 (126 KiB): D/IRAM[0m
[0;32mI (1731) heap_init: At 40078000 len 00008000 (32 KiB): IRAM[0m
[0;32mI (1737) heap_init: At 4009CC6C len 00003394 (12 KiB): IRAM[0m
[0;32mI (1743) heap_init: At 3FF80000 len 00002000 (8 KiB): RTCRAM[0m
[0;32mI (1750) esp_psram: Adding pool of 4096K of PSRAM memory to heap allocator[0m
[0;32mI (1759) spi_flash: detected chip: generic[0m
[0;32mI (1762) spi_flash: flash io: dio[0m
[0;33mW (1766) i2c: This driver is an old driver, please migrate your application code to adapt `driver/i2c_master.h`[0m
[0;32mI (1788) coexist: coex firmware version: dab85ae96[0m
[0;32mI (1789) main_task: Started on CPU0[0m
[0;32mI (1789) esp_psram: Reserving pool of 32K of internal memory for DMA/internal allocations[0m
[0;32mI (1797) main_task: Calling app_main()[0m
[0;32mI (1817) bridge_common: esp-iot-bridge version: 0.11.8[0m
I (1820) wifi:wifi driver task: 3ffbd6fc, prio:23, stack:6656, core=0
I (1823) wifi:wifi firmware version: 0caa81945
I (1824) wifi:wifi certification version: v7.0
I (1827) wifi:config NVS flash: enabled
I (1830) wifi:config nano formating: disabled
I (1835) wifi:Init data frame dynamic rx buffer num: 32
I (1839) wifi:Init static rx mgmt buffer num: 5
I (1843) wifi:Init management short buffer num: 32
I (1848) wifi:Init static tx buffer num: 16
I (1852) wifi:Init tx cache buffer num: 32
I (1856) wifi:Init static rx buffer size: 1600
I (1860) wifi:Init static rx buffer num: 10
I (1864) wifi:Init dynamic rx buffer num: 32
[0;32mI (1869) wifi_init: accept mbox: 6[0m
[0;32mI (1872) wifi_init: tcpip mbox: 32[0m
[0;32mI (1876) wifi_init: udp mbox: 6[0m
[0;32mI (1880) wifi_init: tcp mbox: 6[0m
[0;32mI (1883) wifi_init: tcp tx win: 5760[0m
[0;32mI (1888) wifi_init: tcp rx win: 5760[0m
[0;32mI (1892) wifi_init: tcp mss: 1440[0m
[0;32mI (1896) wifi_init: WiFi IRAM OP enabled[0m
[0;32mI (1900) wifi_init: WiFi RX IRAM OP enabled[0m
[0;32mI (1906) phy_init: phy_version 4830,54550f7,Jun 20 2024,14:22:08[0m
[0;33mW (1966) phy_init: saving new calibration data because of checksum failure, mode(0)[0m
I (1980) wifi:mode : null
I (1983) wifi:mode : softAP (08:a6:f7:11:51:a9)
I (1984) wifi:Total power save buffer number: 8
I (1985) wifi:Init max length of beacon: 752/752
I (1987) wifi:Init max length of beacon: 752/752
[0;32mI (1994) esp_netif_lwip: DHCP server started on interface WIFI_AP_DEF with IP: 192.168.4.1[0m
Add netif ap with d1ba481(commit id)
[0;32mI (2003) bridge_common: netif list add success[0m
[0;32mI (2009) bridge_common: [WIFI_AP_DEF ][0m
[0;32mI (2014) bridge_common: Set ip info:192.168.5.1[0m
[0;32mI (2018) bridge_wifi: SoftAP IP network segment has changed, deauth all station[0m
I (2028) wifi:Disabled PMF config for SoftAP
I (2031) wifi:Total power save buffer number: 8
[0;32mI (2037) esp_netif_lwip: DHCP server started on interface WIFI_AP_DEF with IP: 192.168.5.1[0m
[0;32mI (2043) bridge_common: [WIFI_AP_DEF ]Name Server1: 114.114.114.114[0m
[0;32mI (2050) bridge_common: DHCPS Restart, deauth all station[0m
Add netif sta with d1ba481(commit id)
[0;32mI (2059) bridge_common: netif list add success[0m
I (2065) wifi:mode : sta (08:a6:f7:11:51:a8) + softAP (08:a6:f7:11:51:a9)
I (2071) wifi:enable tsf
[0;31mE (2075) NVS: Failed to read IP info from NVS[0m
I (2078) wifi:Disabled PMF config for STA
[0;32mI (2082) bridge_wifi: [esp_bridge_wifi_set_config] sta ssid: Tran Con Dev password: password[0m
[0;32mI (2091) bridge_wifi: [esp_bridge_wifi_set_config] softap ssid: ESP_Bridge_1151a9 password: 12345678[0m
I (2274) wifi:Total power save buffer number: 8
[0;32mI (2278) esp_netif_lwip: DHCP server started on interface WIFI_AP_DEF with IP: 192.168.5.1[0m
[0;32mI (2280) bridge_wifi: SoftAP config changed, deauth all station[0m
[0;32mI (2283) Mesh-Lite: esp-mesh-lite component version: 1.0.0[0m
I (2290) ESPNOW: espnow [version: 1.0] init
[0;32mI (2293) [vendor_ie]: Mesh-Lite commit id: bc9302d
 [0m
[0;32mI (2300) [vendor_ie]: Mesh ID: 77 [0m
[0;32mI (2305) [ESP_Mesh_Lite_Comm]: msg action add success [0m
[0;32mI (2311) [ESP_Mesh_Lite_Comm]: Bind Socket 54, port 6364 [0m
[0;32mI (2315) [ESP_Mesh_Lite_Comm]: Bind Socket 55, port 6363 [0m
[0;32mI (2321) [ESP_Mesh_Lite_Comm]: Bind Socket 56, port 6366 [0m
[0;32mI (2327) [ESP_Mesh_Lite_Comm]: Bind Socket 57, port 6365 [0m
[0;32mI (2334) [mesh-lite-espnow]: Start espnow task [0m
[0;32mI (2340) Mesh-Lite: Mesh-Lite connecting[0m
[0;32mI (2346) [vendor_ie]: esp_mesh_lite_wifi_scan_start return ESP_OK [0m
[0;32mI (2350) gpio: GPIO[25]| InputEn: 1| OutputEn: 0| OpenDrain: 0| Pullup: 1| Pulldown: 0| Intr:2 [0m
[0;32mI (2360) cam_hal: cam init ok[0m
[0;32mI (2363) sccb: pin_sda 26 pin_scl 27[0m
[0;32mI (2367) sccb: sccb_i2c_port=1[0m
[0;32mI (2371) gpio: GPIO[32]| InputEn: 0| OutputEn: 1| OpenDrain: 0| Pullup: 0| Pulldown: 0| Intr:0 [0m
[0;32mI (2410) camera: Detected camera at address=0x30[0m
[0;32mI (2412) camera: Detected OV2640 camera[0m
[0;32mI (2413) camera: Camera PID=0x26 VER=0x42 MIDL=0x7f MIDH=0xa2[0m
[0;32mI (2479) cam_hal: buffer_size: 32768, half_buffer_size: 4ï¿½ets Jul 29 2019 12:21:46

rst:0x3 (SW_RESET),boot:0x13 (SPI_FAST_FLASH_BOOT)
configsip: 0, SPIWP:0xee
clk_drv:0x00,q_drv:0x00,d_drv:0x00,cs0_drv:0x00,hd_drv:0x00,wp_drv:0x00
mode:DIO, clock div:2
load:0x3fff0030,len:7168
load:0x40078000,len:15452
load:0x40080400,len:4
load:0x40080404,len:3684
entry 0x40080614
[0;32mI (169) boot: ESP-IDF v5.3-dirty 2nd stage bootloader[0m
[0;32mI (169) boot: compile time Aug 24 2024 21:55:52[0m
[0;33mW (169) boot: Unicore bootloader[0m
[0;32mI (174) boot: chip revision: v3.1[0m
[0;32mI (178) boot.esp32: SPI Speed      : 40MHz[0m
[0;32mI (183) boot.esp32: SPI Mode       : DIO[0m
[0;32mI (187) boot.esp32: SPI Flash Size : 4MB[0m
[0;32mI (192) boot: Enabling RNG early entropy source...[0m
[0;32mI (197) boot: Partition Table:[0m
[0;32mI (201) boot: ## Label            Usage          Type ST Offset   Length[0m
[0;32mI (208) boot:  0 nvs              WiFi data        01 02 00009000 00004000[0m
[0;32mI (216) boot:  1 otadata          OTA data         01 00 0000d000 00002000[0m
[0;32mI (224) boot:  2 phy_init         RF data          01 01 0000f000 00001000[0m
[0;32mI (231) boot:  3 ota_0            OTA app          00 10 00010000 001e0000[0m
[0;32mI (239) boot:  4 ota_1            OTA app          00 11 001f0000 001e0000[0m
[0;32mI (246) boot:  5 coredump         Unknown data     01 03 003d0000 00010000[0m
[0;32mI (254) boot:  6 reserved         Unknown data     01 fe 003e0000 00020000[0m
[0;32mI (261) boot: End of partition table[0m
[0;32mI (266) esp_image: segment 0: paddr=00010020 vaddr=3f400020 size=2dfd4h (188372) map[0m
[0;32mI (339) esp_image: segment 1: paddr=0003dffc vaddr=3ffbdb60 size=0201ch (  8220) load[0m
[0;32mI (342) esp_image: segment 2: paddr=00040020 vaddr=400d0020 size=c2df4h (798196) map[0m
[0;32mI (618) esp_image: segment 3: paddr=00102e1c vaddr=3ffbfb7c size=03f5ch ( 16220) load[0m
[0;32mI (624) esp_image: segment 4: paddr=00106d80 vaddr=40080000 size=1cc6ch (117868) load[0m
[0;32mI (685) boot: Loaded app from partition at offset 0x10000[0m
[0;32mI (685) boot: Disabling RNG early entropy source...[0m
[0;32mI (697) quad_psram: This chip is ESP32-D0WD[0m
[0;32mI (698) esp_psram: Found 8MB PSRAM device[0m
[0;32mI (698) esp_psram: Speed: 40MHz[0m
[0;32mI (701) esp_psram: PSRAM initialized, cache is in normal (1-core) mode.[0m
[0;33mW (708) esp_psram: Virtual address not enough for PSRAM, map as much as we can. 4MB is mapped[0m
[0;32mI (718) cpu_start: Unicore app[0m
[0;32mI (721) cpu_start: Single core mode[0m
[0;32mI (1650) esp_psram: SPI SRAM memory test OK[0m
[0;32mI (1658) cpu_start: Pro cpu start user code[0m
[0;32mI (1659) cpu_start: cpu freq: 240000000 Hz[0m
[0;32mI (1659) app_init: Application information:[0m
[0;32mI (1662) app_init: Project name:     mesh_local_control[0m
[0;32mI (1668) app_init: App version:      d1ba481-dirty[0m
[0;32mI (1673) app_init: Compile time:     Aug 25 2024 14:40:31[0m
[0;32mI (1679) app_init: ELF file SHA256:  cd0303b20...[0m
[0;32mI (1685) app_init: ESP-IDF:          v5.3-dirty[0m
[0;32mI (1690) efuse_init: Min chip rev:     v0.0[0m
[0;32mI (1695) efuse_init: Max chip rev:     v3.99 [0m
[0;32mI (1700) efuse_init: Chip rev:         v3.1[0m
[0;32mI (1705) heap_init: Initializing. RAM available for dynamic allocation:[0m
[0;32mI (1712) heap_init: At 3FFAE6E0 len 0000F480 (61 KiB): DRAM[0m
[0;32mI (1718) heap_init: At 3FFC8940 len 000176C0 (93 KiB): DRAM[0m
[0;32mI (1724) heap_init: At 3FFE0440 len 0001FBC0 (126 KiB): D/IRAM[0m
[0;32mI (1731) heap_init: At 40078000 len 00008000 (32 KiB): IRAM[0m
[0;32mI (1737) heap_init: At 4009CC6C len 00003394 (12 KiB): IRAM[0m
[0;32mI (1743) heap_init: At 3FF80000 len 00002000 (8 KiB): RTCRAM[0m
[0;32mI (1750) esp_psram: Adding pool of 4096K of PSRAM memory to heap allocator[0m
[0;32mI (1759) spi_flash: detected chip: generic[0m
[0;32mI (1762) spi_flash: flash io: dio[0m
[0;33mW (1766) i2c: This driver is an old driver, please migrate your application code to adapt `driver/i2c_master.h`[0m
[0;32mI (1788) coexist: coex firmware version: dab85ae96[0m
[0;32mI (1789) main_task: Started on CPU0[0m
[0;32mI (1789) esp_psram: Reserving pool of 32K of internal memory for DMA/internal allocations[0m
[0;32mI (1797) main_task: Calling app_main()[0m
[0;32mI (1817) bridge_common: esp-iot-bridge version: 0.11.8[0m
I (1819) wifi:wifi driver task: 3ffbd6fc, prio:23, stack:6656, core=0
I (1822) wifi:wifi firmware version: 0caa81945
I (1823) wifi:wifi certification version: v7.0
I (1827) wifi:config NVS flash: enabled
I (1830) wifi:config nano formating: disabled
I (1835) wifi:Init data frame dynamic rx buffer num: 32
I (1839) wifi:Init static rx mgmt buffer num: 5
I (1843) wifi:Init management short buffer num: 32
I (1848) wifi:Init static tx buffer num: 16
I (1852) wifi:Init tx cache buffer num: 32
I (1856) wifi:Init static rx buffer size: 1600
I (1860) wifi:Init static rx buffer num: 10
I (1864) wifi:Init dynamic rx buffer num: 32
[0;32mI (1869) wifi_init: accept mbox: 6[0m
[0;32mI (1872) wifi_init: tcpip mbox: 32[0m
[0;32mI (1876) wifi_init: udp mbox: 6[0m
[0;32mI (1879) wifi_init: tcp mbox: 6[0m
[0;32mI (1883) wifi_init: tcp tx win: 5760[0m
[0;32mI (1887) wifi_init: tcp rx win: 5760[0m
[0;32mI (1892) wifi_init: tcp mss: 1440[0m
[0;32mI (1896) wifi_init: WiFi IRAM OP enabled[0m
[0;32mI (1900) wifi_init: WiFi RX IRAM OP enabled[0m
[0;32mI (1906) phy_init: phy_version 4830,54550f7,Jun 20 2024,14:22:08[0m
I (1968) wifi:mode : null
I (1971) wifi:mode : softAP (08:a6:f7:11:51:a9)
I (1973) wifi:Total power save buffer number: 8
I (1973) wifi:Init max length of beacon: 752/752
I (1976) wifi:Init max length of beacon: 752/752
[0;32mI (1983) esp_netif_lwip: DHCP server started on interface WIFI_AP_DEF with IP: 192.168.4.1[0m
Add netif ap with d1ba481(commit id)
[0;32mI (1992) bridge_common: netif list add success[0m
[0;32mI (1998) bridge_common: [WIFI_AP_DEF ][0m
[0;32mI (2003) bridge_common: Set ip info:192.168.5.1[0m
[0;32mI (2007) bridge_wifi: SoftAP IP network segment has changed, deauth all station[0m
I (2017) wifi:Disabled PMF config for SoftAP
I (2019) wifi:Total power save buffer number: 8
[0;32mI (2026) esp_netif_lwip: DHCP server started on interface WIFI_AP_DEF with IP: 192.168.5.1[0m
[0;32mI (2032) bridge_common: [WIFI_AP_DEF ]Name Server1: 114.114.114.114[0m
[0;32mI (2039) bridge_common: DHCPS Restart, deauth all station[0m
Add netif sta with d1ba481(commit id)
[0;32mI (2048) bridge_common: netif list add success[0m
I (2054) wifi:mode : sta (08:a6:f7:11:51:a8) + softAP (08:a6:f7:11:51:a9)
I (2060) wifi:enable tsf
[0;31mE (2064) NVS: Failed to read IP info from NVS[0m
I (2067) wifi:Disabled PMF config for STA
[0;32mI (2071) bridge_wifi: [esp_bridge_wifi_set_config] sta ssid: Tran Con Dev password: password[0m
[0;32mI (2080) bridge_wifi: [esp_bridge_wifi_set_config] softap ssid: ESP_Bridge_1151a9 password: 12345678[0m
I (2263) wifi:Total power save buffer number: 8
[0;32mI (2267) esp_netif_lwip: DHCP server started on interface WIFI_AP_DEF with IP: 192.168.5.1[0m
[0;32mI (2268) bridge_wifi: SoftAP config changed, deauth all station[0m
[0;32mI (2272) Mesh-Lite: esp-mesh-lite component version: 1.0.0[0m
I (2279) ESPNOW: espnow [version: 1.0] init
[0;32mI (2282) [vendor_ie]: Mesh-Lite commit id: bc9302d
 [0m
[0;32mI (2289) [vendor_ie]: Mesh ID: 77 [0m
[0;32mI (2294) [ESP_Mesh_Lite_Comm]: msg action add success [0m
[0;32mI (2300) [ESP_Mesh_Lite_Comm]: Bind Socket 54, port 6364 [0m
[0;32mI (2304) [ESP_Mesh_Lite_Comm]: Bind Socket 55, port 6363 [0m
[0;32mI (2310) [ESP_Mesh_Lite_Comm]: Bind Socket 56, port 6366 [0m
[0;32mI (2316) [ESP_Mesh_Lite_Comm]: Bind Socket 57, port 6365 [0m
[0;32mI (2323) [mesh-lite-espnow]: Start espnow task [0m
[0;32mI (2328) Mesh-Lite: Mesh-Lite connecting[0m
[0;32mI (2335) [vendor_ie]: esp_mesh_lite_wifi_scan_start return ESP_OK [0m
[0;32mI (2339) gpio: GPIO[25]| InputEn: 1| OutputEn: 0| OpenDrain: 0| Pullup: 1| Pulldown: 0| Intr:2 [0m
[0;32mI (2349) cam_hal: cam init ok[0m
[0;32mI (2352) sccb: pin_sda 26 pin_scl 27[0m
[0;32mI (2356) sccb: sccb_i2c_port=1[0m
[0;32mI (2360) gpio: GPIO[32]| InputEn: 0| OutputEn: 1| OpenDrain: 0| Pullup: 0| Pulldown: 0| Intr:0 [0m
[0;32mI (2399) camera: Detected camera at address=0x30[0m
[0;32mI (2401) camera: Detected OV2640 camera[0m
[0;32mI (2402) camera: Camera PID=0x26 VER=0x42 MIDL=0x7f MIDH=0xa2[0m
[0;32mI (2467) cam_hal: buffer_size: 32768, half_buffer_size: 4096, nï¿½ets Jul 29 2019 12:21:46

rst:0x3 (SW_RESET),boot:0x13 (SPI_FAST_FLASH_BOOT)
configsip: 0, SPIWP:0xee
clk_drv:0x00,q_drv:0x00,d_drv:0x00,cs0_drv:0x00,hd_drv:0x00,wp_drv:0x00
mode:DIO, clock div:2
load:0x3fff0030,len:7168
load:0x40078000,len:15452
load:0x40080400,len:4
load:0x40080404,len:3684
entry 0x40080614
[0;32mI (169) boot: ESP-IDF v5.3-dirty 2nd stage bootloader[0m
[0;32mI (169) boot: compile time Aug 24 2024 21:55:52[0m
[0;33mW (169) boot: Unicore bootloader[0m
[0;32mI (174) boot: chip revision: v3.1[0m
[0;32mI (178) boot.esp32: SPI Speed      : 40MHz[0m
[0;32mI (183) boot.esp32: SPI Mode       : DIO[0m
[0;32mI (187) boot.esp32: SPI Flash Size : 4MB[0m
[0;32mI (192) boot: Enabling RNG early entropy source...[0m
[0;32mI (197) boot: Partition Table:[0m
[0;32mI (201) boot: ## Label            Usage          Type ST Offset   Length[0m
[0;32mI (208) boot:  0 nvs              WiFi data        01 02 00009000 00004000[0m
[0;32mI (216) boot:  1 otadata          OTA data         01 00 0000d000 00002000[0m
[0;32mI (224) boot:  2 phy_init         RF data          01 01 0000f000 00001000[0m
[0;32mI (231) boot:  3 ota_0            OTA app          00 10 00010000 001e0000[0m
[0;32mI (239) boot:  4 ota_1            OTA app          00 11 001f0000 001e0000[0m
[0;32mI (246) boot:  5 coredump         Unknown data     01 03 003d0000 00010000[0m
[0;32mI (254) boot:  6 reserved         Unknown data     01 fe 003e0000 00020000[0m
[0;32mI (261) boot: End of partition table[0m
[0;32mI (266) esp_image: segment 0: paddr=00010020 vaddr=3f400020 size=2dfd4h (188372) map[0m
[0;32mI (339) esp_image: segment 1: paddr=0003dffc vaddr=3ffbdb60 size=0201ch (  8220) load[0m
[0;32mI (342) esp_image: segment 2: paddr=00040020 vaddr=400d0020 size=c2df4h (798196) map[0m
[0;32mI (618) esp_image: segment 3: paddr=00102e1c vaddr=3ffbfb7c size=03f5ch ( 16220) load[0m
[0;32mI (624) esp_image: segment 4: paddr=00106d80 vaddr=40080000 size=1cc6ch (117868) load[0m
[0;32mI (685) boot: Loaded app from partition at offset 0x10000[0m
[0;32mI (685) boot: Disabling RNG early entropy source...[0m
[0;32mI (697) quad_psram: This chip is ESP32-D0WD[0m
[0;32mI (698) esp_psram: Found 8MB PSRAM device[0m
[0;32mI (698) esp_psram: Speed: 40MHz[0m
[0;32mI (701) esp_psram: PSRAM initialized, cache is in normal (1-core) mode.[0m
[0;33mW (709) esp_psram: Virtual address not enough for PSRAM, map as much as we can. 4MB is mapped[0m
[0;32mI (718) cpu_start: Unicore app[0m
[0;32mI (721) cpu_start: Single core mode[0m
[0;32mI (1650) esp_psram: SPI SRAM memory test OK[0m
[0;32mI (1658) cpu_start: Pro cpu start user code[0m
[0;32mI (1659) cpu_start: cpu freq: 240000000 Hz[0m
[0;32mI (1659) app_init: Application information:[0m
[0;32mI (1662) app_init: Project name:     mesh_local_control[0m
[0;32mI (1668) app_init: App version:      d1ba481-dirty[0m
[0;32mI (1673) app_init: Compile time:     Aug 25 2024 14:40:31[0m
[0;32mI (1679) app_init: ELF file SHA256:  cd0303b20...[0m
[0;32mI (1685) app_init: ESP-IDF:          v5.3-dirty[0m
[0;32mI (1690) efuse_init: Min chip rev:     v0.0[0m
[0;32mI (1695) efuse_init: Max chip rev:     v3.99 [0m
[0;32mI (1700) efuse_init: Chip rev:         v3.1[0m
[0;32mI (1705) heap_init: Initializing. RAM available for dynamic allocation:[0m
[0;32mI (1712) heap_init: At 3FFAE6E0 len 0000F480 (61 KiB): DRAM[0m
[0;32mI (1718) heap_init: At 3FFC8940 len 000176C0 (93 KiB): DRAM[0m
[0;32mI (1724) heap_init: At 3FFE0440 len 0001FBC0 (126 KiB): D/IRAM[0m
[0;32mI (1731) heap_init: At 40078000 len 00008000 (32 KiB): IRAM[0m
[0;32mI (1737) heap_init: At 4009CC6C len 00003394 (12 KiB): IRAM[0m
[0;32mI (1743) heap_init: At 3FF80000 len 00002000 (8 KiB): RTCRAM[0m
[0;32mI (1750) esp_psram: Adding pool of 4096K of PSRAM memory to heap allocator[0m
[0;32mI (1759) spi_flash: detected chip: generic[0m
[0;32mI (1762) spi_flash: flash io: dio[0m
[0;33mW (1766) i2c: This driver is an old driver, please migrate your application code to adapt `driver/i2c_master.h`[0m
[0;32mI (1788) coexist: coex firmware version: dab85ae96[0m
[0;32mI (1789) main_task: Started on CPU0[0m
[0;32mI (1789) esp_psram: Reserving pool of 32K of internal memory for DMA/internal allocations[0m
[0;32mI (1797) main_task: Calling app_main()[0m
[0;32mI (1817) bridge_common: esp-iot-bridge version: 0.11.8[0m
I (1819) wifi:wifi driver task: 3ffbd6fc, prio:23, stack:6656, core=0
I (1822) wifi:wifi firmware version: 0caa81945
I (1823) wifi:wifi certification version: v7.0
I (1827) wifi:config NVS flash: enabled
I (1830) wifi:config nano formating: disabled
I (1835) wifi:Init data frame dynamic rx buffer num: 32
I (1839) wifi:Init static rx mgmt buffer num: 5
I (1843) wifi:Init management short buffer num: 32
I (1848) wifi:Init static tx buffer num: 16
I (1852) wifi:Init tx cache buffer num: 32
I (1856) wifi:Init static rx buffer size: 1600
I (1860) wifi:Init static rx buffer num: 10
I (1864) wifi:Init dynamic rx buffer num: 32
[0;32mI (1869) wifi_init: accept mbox: 6[0m
[0;32mI (1872) wifi_init: tcpip mbox: 32[0m
[0;32mI (1876) wifi_init: udp mbox: 6[0m
[0;32mI (1879) wifi_init: tcp mbox: 6[0m
[0;32mI (1883) wifi_init: tcp tx win: 5760[0m
[0;32mI (1887) wifi_init: tcp rx win: 5760[0m
[0;32mI (1892) wifi_init: tcp mss: 1440[0m
[0;32mI (1896) wifi_init: WiFi IRAM OP enabled[0m
[0;32mI (1900) wifi_init: WiFi RX IRAM OP enabled[0m
[0;32mI (1906) phy_init: phy_version 4830,54550f7,Jun 20 2024,14:22:08[0m
[0;33mW (1967) phy_init: saving new calibration data because of checksum failure, mode(0)[0m
I (1980) wifi:mode : null
I (1983) wifi:mode : softAP (08:a6:f7:11:51:a9)
I (1984) wifi:Total power save buffer number: 8
I (1985) wifi:Init max length of beacon: 752/752
I (1987) wifi:Init max length of beacon: 752/752
[0;32mI (1994) esp_netif_lwip: DHCP server started on interface WIFI_AP_DEF with IP: 192.168.4.1[0m
Add netif ap with d1ba481(commit id)
[0;32mI (2003) bridge_common: netif list add success[0m
[0;32mI (2010) bridge_common: [WIFI_AP_DEF ][0m
[0;32mI (2014) bridge_common: Set ip info:192.168.5.1[0m
[0;32mI (2018) bridge_wifi: SoftAP IP network segment has changed, deauth all station[0m
I (2028) wifi:Disabled PMF config for SoftAP
I (2031) wifi:Total power save buffer number: 8
[0;32mI (2037) esp_netif_lwip: DHCP server started on interface WIFI_AP_DEF with IP: 192.168.5.1[0m
[0;32mI (2043) bridge_common: [WIFI_AP_DEF ]Name Server1: 114.114.114.114[0m
[0;32mI (2050) bridge_common: DHCPS Restart, deauth all station[0m
Add netif sta with d1ba481(commit id)
[0;32mI (2059) bridge_common: netif list add success[0m
I (2065) wifi:mode : sta (08:a6:f7:11:51:a8) + softAP (08:a6:f7:11:51:a9)
I (2071) wifi:enable tsf
[0;31mE (2075) NVS: Failed to read IP info from NVS[0m
I (2079) wifi:Disabled PMF config for STA
[0;32mI (2082) bridge_wifi: [esp_bridge_wifi_set_config] sta ssid: Tran Con Dev password: password[0m
[0;32mI (2092) bridge_wifi: [esp_bridge_wifi_set_config] softap ssid: ESP_Bridge_1151a9 password: 12345678[0m
I (2274) wifi:Total power save buffer number: 8
[0;32mI (2278) esp_netif_lwip: DHCP server started on interface WIFI_AP_DEF with IP: 192.168.5.1[0m
[0;32mI (2280) bridge_wifi: SoftAP config changed, deauth all station[0m
[0;32mI (2284) Mesh-Lite: esp-mesh-lite component version: 1.0.0[0m
I (2290) ESPNOW: espnow [version: 1.0] init
[0;32mI (2293) [vendor_ie]: Mesh-Lite commit id: bc9302d
 [0m
[0;32mI (2300) [vendor_ie]: Mesh ID: 77 [0m
[0;32mI (2305) [ESP_Mesh_Lite_Comm]: msg action add success [0m
[0;32mI (2311) [ESP_Mesh_Lite_Comm]: Bind Socket 54, port 6364 [0m
[0;32mI (2315) [ESP_Mesh_Lite_Comm]: Bind Socket 55, port 6363 [0m
[0;32mI (2321) [ESP_Mesh_Lite_Comm]: Bind Socket 56, port 6366 [0m
[0;32mI (2327) [ESP_Mesh_Lite_Comm]: Bind Socket 57, port 6365 [0m
[0;32mI (2334) [mesh-lite-espnow]: Start espnow task [0m
[0;32mI (2340) Mesh-Lite: Mesh-Lite connecting[0m
[0;32mI (2346) [vendor_ie]: esp_mesh_lite_wifi_scan_start return ESP_OK [0m
[0;32mI (2350) gpio: GPIO[25]| InputEn: 1| OutputEn: 0| OpenDrain: 0| Pullup: 1| Pulldown: 0| Intr:2 [0m
[0;32mI (2360) cam_hal: cam init ok[0m
[0;32mI (2363) sccb: pin_sda 26 pin_scl 27[0m
[0;32mI (2367) sccb: sccb_i2c_port=1[0m
[0;32mI (2371) gpio: GPIO[32]| InputEn: 0| OutputEn: 1| OpenDrain: 0| Pullup: 0| Pulldown: 0| Intr:0 [0m
[0;32mI (2410) camera: Detected camera at address=0x30[0m
[0;32mI (2412) camera: Detected OV2640 camera[0m
[0;32mI (2413) camera: Camera PID=0x26 VER=0x42 MIDL=0x7f MIDH=0xa2[0m
[0;32mI (2478) cam_hal: buffer_size: 32768, half_buffer_size: 4096, nodï¿½ets Jul 29 2019 12:21:46

rst:0x3 (SW_RESET),boot:0x13 (SPI_FAST_FLASH_BOOT)
configsip: 0, SPIWP:0xee
clk_drv:0x00,q_drv:0x00,d_drv:0x00,cs0_drv:0x00,hd_drv:0x00,wp_drv:0x00
mode:DIO, clock div:2
load:0x3fff0030,len:7168
load:0x40078000,len:15452
load:0x40080400,len:4
load:0x40080404,len:3684
entry 0x40080614
[0;32mI (169) boot: ESP-IDF v5.3-dirty 2nd stage bootloader[0m
[0;32mI (169) boot: compile time Aug 24 2024 21:55:52[0m
[0;33mW (169) boot: Unicore bootloader[0m
[0;32mI (174) boot: chip revision: v3.1[0m
[0;32mI (178) boot.esp32: SPI Speed      : 40MHz[0m
[0;32mI (183) boot.esp32: SPI Mode       : DIO[0m
[0;32mI (187) boot.esp32: SPI Flash Size : 4MB[0m
[0;32mI (192) boot: Enabling RNG early entropy source...[0m
[0;32mI (197) boot: Partition Table:[0m
[0;32mI (201) boot: ## Label            Usage          Type ST Offset   Length[0m
[0;32mI (208) boot:  0 nvs              WiFi data        01 02 00009000 00004000[0m
[0;32mI (216) boot:  1 otadata          OTA data         01 00 0000d000 00002000[0m
[0;32mI (224) boot:  2 phy_init         RF data          01 01 0000f000 00001000[0m
[0;32mI (231) boot:  3 ota_0            OTA app          00 10 00010000 001e0000[0m
[0;32mI (239) boot:  4 ota_1            OTA app          00 11 001f0000 001e0000[0m
[0;32mI (246) boot:  5 coredump         Unknown data     01 03 003d0000 00010000[0m
[0;32mI (254) boot:  6 reserved         Unknown data     01 fe 003e0000 00020000[0m
[0;32mI (261) boot: End of partition table[0m
[0;32mI (266) esp_image: segment 0: paddr=00010020 vaddr=3f400020 size=2dfd4h (188372) map[0m
[0;32mI (339) esp_image: segment 1: paddr=0003dffc vaddr=3ffbdb60 size=0201ch (  8220) load[0m
[0;32mI (342) esp_image: segment 2: paddr=00040020 vaddr=400d0020 size=c2df4h (798196) map[0m
[0;32mI (618) esp_image: segment 3: paddr=00102e1c vaddr=3ffbfb7c size=03f5ch ( 16220) load[0m
[0;32mI (624) esp_image: segment 4: paddr=00106d80 vaddr=40080000 size=1cc6ch (117868) load[0m
[0;32mI (685) boot: Loaded app from partition at offset 0x10000[0m
[0;32mI (685) boot: Disabling RNG early entropy source...[0m
[0;32mI (697) quad_psram: This chip is ESP32-D0WD[0m
[0;32mI (698) esp_psram: Found 8MB PSRAM device[0m
[0;32mI (698) esp_psram: Speed: 40MHz[0m
[0;32mI (701) esp_psram: PSRAM initialized, cache is in normal (1-core) mode.[0m
[0;33mW (708) esp_psram: Virtual address not enough for PSRAM, map as much as we can. 4MB is mapped[0m
[0;32mI (718) cpu_start: Unicore app[0m
[0;32mI (721) cpu_start: Single core mode[0m
[0;32mI (1650) esp_psram: SPI SRAM memory test OK[0m
[0;32mI (1658) cpu_start: Pro cpu start user code[0m
[0;32mI (1659) cpu_start: cpu freq: 240000000 Hz[0m
[0;32mI (1659) app_init: Application information:[0m
[0;32mI (1662) app_init: Project name:     mesh_local_control[0m
[0;32mI (1668) app_init: App version:      d1ba481-dirty[0m
[0;32mI (1673) app_init: Compile time:     Aug 25 2024 14:40:31[0m
[0;32mI (1679) app_init: ELF file SHA256:  cd0303b20...[0m
[0;32mI (1685) app_init: ESP-IDF:          v5.3-dirty[0m
[0;32mI (1690) efuse_init: Min chip rev:     v0.0[0m
[0;32mI (1695) efuse_init: Max chip rev:     v3.99 [0m
[0;32mI (1700) efuse_init: Chip rev:         v3.1[0m
[0;32mI (1705) heap_init: Initializing. RAM available for dynamic allocation:[0m
[0;32mI (1712) heap_init: At 3FFAE6E0 len 0000F480 (61 KiB): DRAM[0m
[0;32mI (1718) heap_init: At 3FFC8940 len 000176C0 (93 KiB): DRAM[0m
[0;32mI (1724) heap_init: At 3FFE0440 len 0001FBC0 (126 KiB): D/IRAM[0m
[0;32mI (1731) heap_init: At 40078000 len 00008000 (32 KiB): IRAM[0m
[0;32mI (1737) heap_init: At 4009CC6C len 00003394 (12 KiB): IRAM[0m
[0;32mI (1743) heap_init: At 3FF80000 len 00002000 (8 KiB): RTCRAM[0m
[0;32mI (1750) esp_psram: Adding pool of 4096K of PSRAM memory to heap allocator[0m
[0;32mI (1759) spi_flash: detected chip: generic[0m
[0;32mI (1762) spi_flash: flash io: dio[0m
[0;33mW (1766) i2c: This driver is an old driver, please migrate your application code to adapt `driver/i2c_master.h`[0m
[0;32mI (1788) coexist: coex firmware version: dab85ae96[0m
[0;32mI (1789) main_task: Started on CPU0[0m
[0;32mI (1789) esp_psram: Reserving pool of 32K of internal memory for DMA/internal allocations[0m
[0;32mI (1797) main_task: Calling app_main()[0m
[0;32mI (1816) bridge_common: esp-iot-bridge version: 0.11.8[0m
I (1819) wifi:wifi driver task: 3ffbd780, prio:23, stack:6656, core=0
I (1822) wifi:wifi firmware version: 0caa81945
I (1823) wifi:wifi certification version: v7.0
I (1826) wifi:config NVS flash: enabled
I (1830) wifi:config nano formating: disabled
I (1834) wifi:Init data frame dynamic rx buffer num: 32
I (1839) wifi:Init static rx mgmt buffer num: 5
I (1843) wifi:Init management short buffer num: 32
I (1848) wifi:Init static tx buffer num: 16
I (1852) wifi:Init tx cache buffer num: 32
I (1855) wifi:Init static rx buffer size: 1600
I (1859) wifi:Init static rx buffer num: 10
I (1863) wifi:Init dynamic rx buffer num: 32
[0;32mI (1868) wifi_init: accept mbox: 6[0m
[0;32mI (1871) wifi_init: tcpip mbox: 32[0m
[0;32mI (1875) wifi_init: udp mbox: 6[0m
[0;32mI (1879) wifi_init: tcp mbox: 6[0m
[0;32mI (1883) wifi_init: tcp tx win: 5760[0m
[0;32mI (1887) wifi_init: tcp rx win: 5760[0m
[0;32mI (1891) wifi_init: tcp mss: 1440[0m
[0;32mI (1895) wifi_init: WiFi IRAM OP enabled[0m
[0;32mI (1900) wifi_init: WiFi RX IRAM OP enabled[0m
[0;32mI (1905) phy_init: phy_version 4830,54550f7,Jun 20 2024,14:22:08[0m
I (1967) wifi:mode : null
I (1970) wifi:mode : softAP (08:a6:f7:11:51:a9)
I (1972) wifi:Total power save buffer number: 8
I (1972) wifi:Init max length of beacon: 752/752
I (1975) wifi:Init max length of beacon: 752/752
[0;32mI (1981) esp_netif_lwip: DHCP server started on interface WIFI_AP_DEF with IP: 192.168.4.1[0m
Add netif ap with d1ba481(commit id)
[0;32mI (1991) bridge_common: netif list add success[0m
[0;32mI (1997) bridge_common: [WIFI_AP_DEF ][0m
[0;32mI (2001) bridge_common: Set ip info:192.168.5.1[0m
[0;32mI (2006) bridge_wifi: SoftAP IP network segment has changed, deauth all station[0m
I (2016) wifi:Disabled PMF config for SoftAP
I (2018) wifi:Total power save buffer number: 8
[0;32mI (2024) esp_netif_lwip: DHCP server started on interface WIFI_AP_DEF with IP: 192.168.5.1[0m
[0;32mI (2031) bridge_common: [WIFI_AP_DEF ]Name Server1: 114.114.114.114[0m
[0;32mI (2037) bridge_common: DHCPS Restart, deauth all station[0m
Add netif sta with d1ba481(commit id)
[0;32mI (2047) bridge_common: netif list add success[0m
I (2052) wifi:mode : sta (08:a6:f7:11:51:a8) + softAP (08:a6:f7:11:51:a9)
I (2059) wifi:enable tsf
[0;31mE (2062) NVS: Failed to read IP info from NVS[0m
I (2066) wifi:Disabled PMF config for STA
[0;32mI (2069) bridge_wifi: [esp_bridge_wifi_set_config] sta ssid: Tran Con Dev password: password[0m
[0;32mI (2079) bridge_wifi: [esp_bridge_wifi_set_config] softap ssid: ESP_Bridge_1151a9 password: 12345678[0m
I (2262) wifi:Total power save buffer number: 8
[0;32mI (2266) esp_netif_lwip: DHCP server started on interface WIFI_AP_DEF with IP: 192.168.5.1[0m
[0;32mI (2267) bridge_wifi: SoftAP config changed, deauth all station[0m
[0;32mI (2271) Mesh-Lite: esp-mesh-lite component version: 1.0.0[0m
I (2277) ESPNOW: espnow [version: 1.0] init
[0;32mI (2281) [vendor_ie]: Mesh-Lite commit id: bc9302d
 [0m
[0;32mI (2287) [vendor_ie]: Mesh ID: 77 [0m
[0;32mI (2293) [ESP_Mesh_Lite_Comm]: msg action add success [0m
[0;32mI (2298) [ESP_Mesh_Lite_Comm]: Bind Socket 54, port 6364 [0m
[0;32mI (2303) [ESP_Mesh_Lite_Comm]: Bind Socket 55, port 6363 [0m
[0;32mI (2309) [ESP_Mesh_Lite_Comm]: Bind Socket 56, port 6366 [0m
[0;32mI (2315) [ESP_Mesh_Lite_Comm]: Bind Socket 57, port 6365 [0m
[0;32mI (2321) [mesh-lite-espnow]: Start espnow task [0m
[0;32mI (2327) Mesh-Lite: Mesh-Lite connecting[0m
[0;32mI (2333) [vendor_ie]: esp_mesh_lite_wifi_scan_start return ESP_OK [0m
[0;32mI (2338) gpio: GPIO[25]| InputEn: 1| OutputEn: 0| OpenDrain: 0| Pullup: 1| Pulldown: 0| Intr:2 [0m
[0;32mI (2347) cam_hal: cam init ok[0m
[0;32mI (2351) sccb: pin_sda 26 pin_scl 27[0m
[0;32mI (2354) sccb: sccb_i2c_port=1[0m
[0;32mI (2359) gpio: GPIO[32]| InputEn: 0| OutputEn: 1| OpenDrain: 0| Pullup: 0| Pulldown: 0| Intr:0 [0m
[0;32mI (2397) camera: Detected camera at address=0x30[0m
[0;32mI (2399) camera: Detected OV2640 camera[0m
[0;32mI (2400) camera: Camera PID=0x26 VER=0x42 MIDL=0x7f MIDH=0xa2[0m
[0;32mI (2465) cam_hal: buffer_size: 32768, half_buffer_size: 4096, node_bufï¿½ets Jul 29 2019 12:21:46

rst:0x3 (SW_RESET),boot:0x13 (SPI_FAST_FLASH_BOOT)
configsip: 0, SPIWP:0xee
clk_drv:0x00,q_drv:0x00,d_drv:0x00,cs0_drv:0x00,hd_drv:0x00,wp_drv:0x00
mode:DIO, clock div:2
load:0x3fff0030,len:7168
load:0x40078000,len:15452
load:0x40080400,len:4
load:0x40080404,len:3684
entry 0x40080614
[0;32mI (169) boot: ESP-IDF v5.3-dirty 2nd stage bootloader[0m
[0;32mI (169) boot: compile time Aug 24 2024 21:55:52[0m
[0;33mW (169) boot: Unicore bootloader[0m
[0;32mI (174) boot: chip revision: v3.1[0m
[0;32mI (178) boot.esp32: SPI Speed      : 40MHz[0m
[0;32mI (183) boot.esp32: SPI Mode       : DIO[0m
[0;32mI (187) boot.esp32: SPI Flash Size : 4MB[0m
[0;32mI (192) boot: Enabling RNG early entropy source...[0m
[0;32mI (197) boot: Partition Table:[0m
[0;32mI (201) boot: ## Label            Usage          Type ST Offset   Length[0m
[0;32mI (208) boot:  0 nvs              WiFi data        01 02 00009000 00004000[0m
[0;32mI (216) boot:  1 otadata          OTA data         01 00 0000d000 00002000[0m
[0;32mI (224) boot:  2 phy_init         RF data          01 01 0000f000 00001000[0m
[0;32mI (231) boot:  3 ota_0            OTA app          00 10 00010000 001e0000[0m
[0;32mI (239) boot:  4 ota_1            OTA app          00 11 001f0000 001e0000[0m
[0;32mI (246) boot:  5 coredump         Unknown data     01 03 003d0000 00010000[0m
[0;32mI (254) boot:  6 reserved         Unknown data     01 fe 003e0000 00020000[0m
[0;32mI (261) boot: End of partition table[0m
[0;32mI (266) esp_image: segment 0: paddr=00010020 vaddr=3f400020 size=2dfd4h (188372) map[0m
[0;32mI (339) esp_image: segment 1: paddr=0003dffc vaddr=3ffbdb60 size=0201ch (  8220) load[0m
[0;32mI (342) esp_image: segment 2: paddr=00040020 vaddr=400d0020 size=c2df4h (798196) map[0m
[0;32mI (618) esp_image: segment 3: paddr=00102e1c vaddr=3ffbfb7c size=03f5ch ( 16220) load[0m
[0;32mI (624) esp_image: segment 4: paddr=00106d80 vaddr=40080000 size=1cc6ch (117868) load[0m
[0;32mI (685) boot: Loaded app from partition at offset 0x10000[0m
[0;32mI (685) boot: Disabling RNG early entropy source...[0m
[0;32mI (697) quad_psram: This chip is ESP32-D0WD[0m
[0;32mI (698) esp_psram: Found 8MB PSRAM device[0m
[0;32mI (698) esp_psram: Speed: 40MHz[0m
[0;32mI (701) esp_psram: PSRAM initialized, cache is in normal (1-core) mode.[0m
[0;33mW (708) esp_psram: Virtual address not enough for PSRAM, map as much as we can. 4MB is mapped[0m
[0;32mI (718) cpu_start: Unicore app[0m
[0;32mI (721) cpu_start: Single core mode[0m
[0;32mI (1650) esp_psram: SPI SRAM memory test OK[0m
[0;32mI (1658) cpu_start: Pro cpu start user code[0m
[0;32mI (1659) cpu_start: cpu freq: 240000000 Hz[0m
[0;32mI (1659) app_init: Application information:[0m
[0;32mI (1662) app_init: Project name:     mesh_local_control[0m
[0;32mI (1668) app_init: App version:      d1ba481-dirty[0m
[0;32mI (1673) app_init: Compile time:     Aug 25 2024 14:40:31[0m
[0;32mI (1679) app_init: ELF file SHA256:  cd0303b20...[0m
[0;32mI (1685) app_init: ESP-IDF:          v5.3-dirty[0m
[0;32mI (1690) efuse_init: Min chip rev:     v0.0[0m
[0;32mI (1695) efuse_init: Max chip rev:     v3.99 [0m
[0;32mI (1700) efuse_init: Chip rev:         v3.1[0m
[0;32mI (1705) heap_init: Initializing. RAM available for dynamic allocation:[0m
[0;32mI (1712) heap_init: At 3FFAE6E0 len 0000F480 (61 KiB): DRAM[0m
[0;32mI (1718) heap_init: At 3FFC8940 len 000176C0 (93 KiB): DRAM[0m
[0;32mI (1724) heap_init: At 3FFE0440 len 0001FBC0 (126 KiB): D/IRAM[0m
[0;32mI (1731) heap_init: At 40078000 len 00008000 (32 KiB): IRAM[0m
[0;32mI (1737) heap_init: At 4009CC6C len 00003394 (12 KiB): IRAM[0m
[0;32mI (1743) heap_init: At 3FF80000 len 00002000 (8 KiB): RTCRAM[0m
[0;32mI (1750) esp_psram: Adding pool of 4096K of PSRAM memory to heap allocator[0m
[0;32mI (1759) spi_flash: detected chip: generic[0m
[0;32mI (1762) spi_flash: flash io: dio[0m
[0;33mW (1766) i2c: This driver is an old driver, please migrate your application code to adapt `driver/i2c_master.h`[0m
[0;32mI (1788) coexist: coex firmware version: dab85ae96[0m
[0;32mI (1789) main_task: Started on CPU0[0m
[0;32mI (1789) esp_psram: Reserving pool of 32K of internal memory for DMA/internal allocations[0m
[0;32mI (1797) main_task: Calling app_main()[0m
[0;32mI (1816) bridge_common: esp-iot-bridge version: 0.11.8[0m
I (1819) wifi:wifi driver task: 3ffbd780, prio:23, stack:6656, core=0
I (1822) wifi:wifi firmware version: 0caa81945
I (1823) wifi:wifi certification version: v7.0
I (1826) wifi:config NVS flash: enabled
I (1830) wifi:config nano formating: disabled
I (1834) wifi:Init data frame dynamic rx buffer num: 32
I (1839) wifi:Init static rx mgmt buffer num: 5
I (1843) wifi:Init management short buffer num: 32
I (1848) wifi:Init static tx buffer num: 16
I (1852) wifi:Init tx cache buffer num: 32
I (1855) wifi:Init static rx buffer size: 1600
I (1859) wifi:Init static rx buffer num: 10
I (1863) wifi:Init dynamic rx buffer num: 32
[0;32mI (1868) wifi_init: accept mbox: 6[0m
[0;32mI (1871) wifi_init: tcpip mbox: 32[0m
[0;32mI (1875) wifi_init: udp mbox: 6[0m
[0;32mI (1879) wifi_init: tcp mbox: 6[0m
[0;32mI (1883) wifi_init: tcp tx win: 5760[0m
[0;32mI (1887) wifi_init: tcp rx win: 5760[0m
[0;32mI (1891) wifi_init: tcp mss: 1440[0m
[0;32mI (1895) wifi_init: WiFi IRAM OP enabled[0m
[0;32mI (1900) wifi_init: WiFi RX IRAM OP enabled[0m
[0;32mI (1905) phy_init: phy_version 4830,54550f7,Jun 20 2024,14:22:08[0m
I (1967) wifi:mode : null
I (1970) wifi:mode : softAP (08:a6:f7:11:51:a9)
I (1972) wifi:Total power save buffer number: 8
I (1972) wifi:Init max length of beacon: 752/752
I (1975) wifi:Init max length of beacon: 752/752
[0;32mI (1981) esp_netif_lwip: DHCP server started on interface WIFI_AP_DEF with IP: 192.168.4.1[0m
Add netif ap with d1ba481(commit id)
[0;32mI (1991) bridge_common: netif list add success[0m
[0;32mI (1997) bridge_common: [WIFI_AP_DEF ][0m
[0;32mI (2001) bridge_common: Set ip info:192.168.5.1[0m
[0;32mI (2006) bridge_wifi: SoftAP IP network segment has changed, deauth all station[0m
I (2015) wifi:Disabled PMF config for SoftAP
I (2018) wifi:Total power save buffer number: 8
[0;32mI (2024) esp_netif_lwip: DHCP server started on interface WIFI_AP_DEF with IP: 192.168.5.1[0m
[0;32mI (2031) bridge_common: [WIFI_AP_DEF ]Name Server1: 114.114.114.114[0m
[0;32mI (2037) bridge_common: DHCPS Restart, deauth all station[0m
Add netif sta with d1ba481(commit id)
[0;32mI (2047) bridge_common: netif list add success[0m
I (2052) wifi:mode : sta (08:a6:f7:11:51:a8) + softAP (08:a6:f7:11:51:a9)
I (2059) wifi:enable tsf
[0;31mE (2062) NVS: Failed to read IP info from NVS[0m
I (2066) wifi:Disabled PMF config for STA
[0;32mI (2069) bridge_wifi: [esp_bridge_wifi_set_config] sta ssid: Tran Con Dev password: password[0m
[0;32mI (2079) bridge_wifi: [esp_bridge_wifi_set_config] softap ssid: ESP_Bridge_1151a9 password: 12345678[0m
I (2262) wifi:Total power save buffer number: 8
[0;32mI (2266) esp_netif_lwip: DHCP server started on interface WIFI_AP_DEF with IP: 192.168.5.1[0m
[0;32mI (2267) bridge_wifi: SoftAP config changed, deauth all station[0m
[0;32mI (2271) Mesh-Lite: esp-mesh-lite component version: 1.0.0[0m
I (2277) ESPNOW: espnow [version: 1.0] init
[0;32mI (2281) [vendor_ie]: Mesh-Lite commit id: bc9302d
 [0m
[0;32mI (2287) [vendor_ie]: Mesh ID: 77 [0m
[0;32mI (2293) [ESP_Mesh_Lite_Comm]: msg action add success [0m
[0;32mI (2298) [ESP_Mesh_Lite_Comm]: Bind Socket 54, port 6364 [0m
[0;32mI (2303) [ESP_Mesh_Lite_Comm]: Bind Socket 55, port 6363 [0m
[0;32mI (2309) [ESP_Mesh_Lite_Comm]: Bind Socket 56, port 6366 [0m
[0;32mI (2315) [ESP_Mesh_Lite_Comm]: Bind Socket 57, port 6365 [0m
[0;32mI (2321) [mesh-lite-espnow]: Start espnow task [0m
[0;32mI (2327) Mesh-Lite: Mesh-Lite connecting[0m
[0;32mI (2333) [vendor_ie]: esp_mesh_lite_wifi_scan_start return ESP_OK [0m
[0;32mI (2338) gpio: GPIO[25]| InputEn: 1| OutputEn: 0| OpenDrain: 0| Pullup: 1| Pulldown: 0| Intr:2 [0m
[0;32mI (2347) cam_hal: cam init ok[0m
[0;32mI (2351) sccb: pin_sda 26 pin_scl 27[0m
[0;32mI (2354) sccb: sccb_i2c_port=1[0m
[0;32mI (2359) gpio: GPIO[32]| InputEn: 0| OutputEn: 1| OpenDrain: 0| Pullup: 0| Pulldown: 0| Intr:0 [0m
[0;32mI (2397) camera: Detected camera at address=0x30[0m
[0;32mI (2399) camera: Detected OV2640 camera[0m
[0;32mI (2400) camera: Camera PID=0x26 VER=0x42 MIDL=0x7f MIDH=0xa2[0m
[0;32mI (2465) cam_hal: buffer_size: 32768, half_buffer_size: 4096, node_ï¿½ets Jul 29 2019 12:21:46

rst:0x3 (SW_RESET),boot:0x13 (SPI_FAST_FLASH_BOOT)
configsip: 0, SPIWP:0xee
clk_drv:0x00,q_drv:0x00,d_drv:0x00,cs0_drv:0x00,hd_drv:0x00,wp_drv:0x00
mode:DIO, clock div:2
load:0x3fff0030,len:7168
load:0x40078000,len:15452
load:0x40080400,len:4
load:0x40080404,len:3684
entry 0x40080614
[0;32mI (169) boot: ESP-IDF v5.3-dirty 2nd stage bootloader[0m
[0;32mI (169) boot: compile time Aug 24 2024 21:55:52[0m
[0;33mW (169) boot: Unicore bootloader[0m
[0;32mI (174) boot: chip revision: v3.1[0m
[0;32mI (178) boot.esp32: SPI Speed      : 40MHz[0m
[0;32mI (183) boot.esp32: SPI Mode       : DIO[0m
[0;32mI (187) boot.esp32: SPI Flash Size : 4MB[0m
[0;32mI (192) boot: Enabling RNG early entropy source...[0m
[0;32mI (197) boot: Partition Table:[0m
[0;32mI (201) boot: ## Label            Usage          Type ST Offset   Length[0m
[0;32mI (208) boot:  0 nvs              WiFi data        01 02 00009000 00004000[0m
[0;32mI (216) boot:  1 otadata          OTA data         01 00 0000d000 00002000[0m
[0;32mI (224) boot:  2 phy_init         RF data          01 01 0000f000 00001000[0m
[0;32mI (231) boot:  3 ota_0            OTA app          00 10 00010000 001e0000[0m
[0;32mI (239) boot:  4 ota_1            OTA app          00 11 001f0000 001e0000[0m
[0;32mI (246) boot:  5 coredump         Unknown data     01 03 003d0000 00010000[0m
[0;32mI (254) boot:  6 reserved         Unknown data     01 fe 003e0000 00020000[0m
[0;32mI (261) boot: End of partition table[0m
[0;32mI (266) esp_image: segment 0: paddr=00010020 vaddr=3f400020 size=2dfd4h (188372) map[0m
[0;32mI (339) esp_image: segment 1: paddr=0003dffc vaddr=3ffbdb60 size=0201ch (  8220) load[0m
[0;32mI (342) esp_image: segment 2: paddr=00040020 vaddr=400d0020 size=c2df4h (798196) map[0m
[0;32mI (618) esp_image: segment 3: paddr=00102e1c vaddr=3ffbfb7c size=03f5ch ( 16220) load[0m
[0;32mI (624) esp_image: segment 4: paddr=00106d80 vaddr=40080000 size=1cc6ch (117868) load[0m
[0;32mI (685) boot: Loaded app from partition at offset 0x10000[0m
[0;32mI (685) boot: Disabling RNG early entropy source...[0m
[0;32mI (697) quad_psram: This chip is ESP32-D0WD[0m
[0;32mI (698) esp_psram: Found 8MB PSRAM device[0m
[0;32mI (698) esp_psram: Speed: 40MHz[0m
[0;32mI (701) esp_psram: PSRAM initialized, cache is in normal (1-core) mode.[0m
[0;33mW (709) esp_psram: Virtual address not enough for PSRAM, map as much as we can. 4MB is mapped[0m
[0;32mI (718) cpu_start: Unicore app[0m
[0;32mI (721) cpu_start: Single core mode[0m
[0;32mI (1650) esp_psram: SPI SRAM memory test OK[0m
[0;32mI (1658) cpu_start: Pro cpu start user code[0m
[0;32mI (1659) cpu_start: cpu freq: 240000000 Hz[0m
[0;32mI (1659) app_init: Application information:[0m
[0;32mI (1662) app_init: Project name:     mesh_local_control[0m
[0;32mI (1668) app_init: App version:      d1ba481-dirty[0m
[0;32mI (1673) app_init: Compile time:     Aug 25 2024 14:40:31[0m
[0;32mI (1679) app_init: ELF file SHA256:  cd0303b20...[0m
[0;32mI (1685) app_init: ESP-IDF:          v5.3-dirty[0m
[0;32mI (1690) efuse_init: Min chip rev:     v0.0[0m
[0;32mI (1695) efuse_init: Max chip rev:     v3.99 [0m
[0;32mI (1700) efuse_init: Chip rev:         v3.1[0m
[0;32mI (1705) heap_init: Initializing. RAM available for dynamic allocation:[0m
[0;32mI (1712) heap_init: At 3FFAE6E0 len 0000F480 (61 KiB): DRAM[0m
[0;32mI (1718) heap_init: At 3FFC8940 len 000176C0 (93 KiB): DRAM[0m
[0;32mI (1724) heap_init: At 3FFE0440 len 0001FBC0 (126 KiB): D/IRAM[0m
[0;32mI (1731) heap_init: At 40078000 len 00008000 (32 KiB): IRAM[0m
[0;32mI (1737) heap_init: At 4009CC6C len 00003394 (12 KiB): IRAM[0m
[0;32mI (1743) heap_init: At 3FF80000 len 00002000 (8 KiB): RTCRAM[0m
[0;32mI (1750) esp_psram: Adding pool of 4096K of PSRAM memory to heap allocator[0m
[0;32mI (1759) spi_flash: detected chip: generic[0m
[0;32mI (1762) spi_flash: flash io: dio[0m
[0;33mW (1766) i2c: This driver is an old driver, please migrate your application code to adapt `driver/i2c_master.h`[0m
[0;32mI (1788) coexist: coex firmware version: dab85ae96[0m
[0;32mI (1789) main_task: Started on CPU0[0m
[0;32mI (1789) esp_psram: Reserving pool of 32K of internal memory for DMA/internal allocations[0m
[0;32mI (1797) main_task: Calling app_main()[0m
[0;32mI (1816) bridge_common: esp-iot-bridge version: 0.11.8[0m
I (1819) wifi:wifi driver task: 3ffbd780, prio:23, stack:6656, core=0
I (1822) wifi:wifi firmware version: 0caa81945
I (1823) wifi:wifi certification version: v7.0
I (1826) wifi:config NVS flash: enabled
I (1830) wifi:config nano formating: disabled
I (1834) wifi:Init data frame dynamic rx buffer num: 32
I (1839) wifi:Init static rx mgmt buffer num: 5
I (1843) wifi:Init management short buffer num: 32
I (1848) wifi:Init static tx buffer num: 16
I (1852) wifi:Init tx cache buffer num: 32
I (1855) wifi:Init static rx buffer size: 1600
I (1859) wifi:Init static rx buffer num: 10
I (1863) wifi:Init dynamic rx buffer num: 32
[0;32mI (1868) wifi_init: accept mbox: 6[0m
[0;32mI (1871) wifi_init: tcpip mbox: 32[0m
[0;32mI (1875) wifi_init: udp mbox: 6[0m
[0;32mI (1879) wifi_init: tcp mbox: 6[0m
[0;32mI (1883) wifi_init: tcp tx win: 5760[0m
[0;32mI (1887) wifi_init: tcp rx win: 5760[0m
[0;32mI (1891) wifi_init: tcp mss: 1440[0m
[0;32mI (1895) wifi_init: WiFi IRAM OP enabled[0m
[0;32mI (1900) wifi_init: WiFi RX IRAM OP enabled[0m
[0;32mI (1905) phy_init: phy_version 4830,54550f7,Jun 20 2024,14:22:08[0m
I (1968) wifi:mode : null
I (1971) wifi:mode : softAP (08:a6:f7:11:51:a9)
I (1973) wifi:Total power save buffer number: 8
I (1973) wifi:Init max length of beacon: 752/752
I (1976) wifi:Init max length of beacon: 752/752
[0;32mI (1982) esp_netif_lwip: DHCP server started on interface WIFI_AP_DEF with IP: 192.168.4.1[0m
Add netif ap with d1ba481(commit id)
[0;32mI (1992) bridge_common: netif list add success[0m
[0;32mI (1998) bridge_common: [WIFI_AP_DEF ][0m
[0;32mI (2002) bridge_common: Set ip info:192.168.5.1[0m
[0;32mI (2007) bridge_wifi: SoftAP IP network segment has changed, deauth all station[0m
I (2016) wifi:Disabled PMF config for SoftAP
I (2019) wifi:Total power save buffer number: 8
[0;32mI (2025) esp_netif_lwip: DHCP server started on interface WIFI_AP_DEF with IP: 192.168.5.1[0m
[0;32mI (2032) bridge_common: [WIFI_AP_DEF ]Name Server1: 114.114.114.114[0m
[0;32mI (2038) bridge_common: DHCPS Restart, deauth all station[0m
Add netif sta with d1ba481(commit id)
[0;32mI (2048) bridge_common: netif list add success[0m
I (2053) wifi:mode : sta (08:a6:f7:11:51:a8) + softAP (08:a6:f7:11:51:a9)
I (2060) wifi:enable tsf
[0;31mE (2063) NVS: Failed to read IP info from NVS[0m
I (2067) wifi:Disabled PMF config for STA
[0;32mI (2070) bridge_wifi: [esp_bridge_wifi_set_config] sta ssid: Tran Con Dev password: password[0m
[0;32mI (2080) bridge_wifi: [esp_bridge_wifi_set_config] softap ssid: ESP_Bridge_1151a9 password: 12345678[0m
I (2263) wifi:Total power save buffer number: 8
[0;32mI (2267) esp_netif_lwip: DHCP server started on interface WIFI_AP_DEF with IP: 192.168.5.1[0m
[0;32mI (2268) bridge_wifi: SoftAP config changed, deauth all station[0m
[0;32mI (2272) Mesh-Lite: esp-mesh-lite component version: 1.0.0[0m
I (2278) ESPNOW: espnow [version: 1.0] init
[0;32mI (2282) [vendor_ie]: Mesh-Lite commit id: bc9302d
 [0m
[0;32mI (2288) [vendor_ie]: Mesh ID: 77 [0m
[0;32mI (2294) [ESP_Mesh_Lite_Comm]: msg action add success [0m
[0;32mI (2299) [ESP_Mesh_Lite_Comm]: Bind Socket 54, port 6364 [0m
[0;32mI (2304) [ESP_Mesh_Lite_Comm]: Bind Socket 55, port 6363 [0m
[0;32mI (2310) [ESP_Mesh_Lite_Comm]: Bind Socket 56, port 6366 [0m
[0;32mI (2316) [ESP_Mesh_Lite_Comm]: Bind Socket 57, port 6365 [0m
[0;32mI (2322) [mesh-lite-espnow]: Start espnow task [0m
[0;32mI (2328) Mesh-Lite: Mesh-Lite connecting[0m
[0;32mI (2334) [vendor_ie]: esp_mesh_lite_wifi_scan_start return ESP_OK [0m
[0;32mI (2339) gpio: GPIO[25]| InputEn: 1| OutputEn: 0| OpenDrain: 0| Pullup: 1| Pulldown: 0| Intr:2 [0m
[0;32mI (2349) cam_hal: cam init ok[0m
[0;32mI (2352) sccb: pin_sda 26 pin_scl 27[0m
[0;32mI (2355) sccb: sccb_i2c_port=1[0m
[0;32mI (2360) gpio: GPIO[32]| InputEn: 0| OutputEn: 1| OpenDrain: 0| Pullup: 0| Pulldown: 0| Intr:0 [0m
[0;32mI (2398) camera: Detected camera at address=0x30[0m
[0;32mI (2400) camera: Detected OV2640 camera[0m
[0;32mI (2401) camera: Camera PID=0x26 VER=0x42 MIDL=0x7f MIDH=0xa2[0m
[0;32mI (2466) cam_hal: buffer_size: 32768, half_buffer_size: 4096, node_bï¿½ets Jul 29 2019 12:21:46

rst:0x3 (SW_RESET),boot:0x13 (SPI_FAST_FLASH_BOOT)
configsip: 0, SPIWP:0xee
clk_drv:0x00,q_drv:0x00,d_drv:0x00,cs0_drv:0x00,hd_drv:0x00,wp_drv:0x00
mode:DIO, clock div:2
load:0x3fff0030,len:7168
load:0x40078000,len:15452
load:0x40080400,len:4
load:0x40080404,len:3684
entry 0x40080614
[0;32mI (169) boot: ESP-IDF v5.3-dirty 2nd stage bootloader[0m
[0;32mI (169) boot: compile time Aug 24 2024 21:55:52[0m
[0;33mW (169) boot: Unicore bootloader[0m
[0;32mI (174) boot: chip revision: v3.1[0m
[0;32mI (178) boot.esp32: SPI Speed      : 40MHz[0m
[0;32mI (183) boot.esp32: SPI Mode       : DIO[0m
[0;32mI (187) boot.esp32: SPI Flash Size : 4MB[0m
[0;32mI (192) boot: Enabling RNG early entropy source...[0m
[0;32mI (197) boot: Partition Table:[0m
[0;32mI (201) boot: ## Label            Usage          Type ST Offset   Length[0m
[0;32mI (208) boot:  0 nvs              WiFi data        01 02 00009000 00004000[0m
[0;32mI (216) boot:  1 otadata          OTA data         01 00 0000d000 00002000[0m
[0;32mI (224) boot:  2 phy_init         RF data          01 01 0000f000 00001000[0m
[0;32mI (231) boot:  3 ota_0            OTA app          00 10 00010000 001e0000[0m
[0;32mI (239) boot:  4 ota_1            OTA app          00 11 001f0000 001e0000[0m
[0;32mI (246) boot:  5 coredump         Unknown data     01 03 003d0000 00010000[0m
[0;32mI (254) boot:  6 reserved         Unknown data     01 fe 003e0000 00020000[0m
[0;32mI (261) boot: End of partition table[0m
[0;32mI (266) esp_image: segment 0: paddr=00010020 vaddr=3f400020 size=2dfd4h (188372) map[0m
[0;32mI (339) esp_image: segment 1: paddr=0003dffc vaddr=3ffbdb60 size=0201ch (  8220) load[0m
[0;32mI (342) esp_image: segment 2: paddr=00040020 vaddr=400d0020 size=c2df4h (798196) map[0m
[0;32mI (618) esp_image: segment 3: paddr=00102e1c vaddr=3ffbfb7c size=03f5ch ( 16220) load[0m
[0;32mI (624) esp_image: segment 4: paddr=00106d80 vaddr=40080000 size=1cc6ch (117868) load[0m
[0;32mI (685) boot: Loaded app from partition at offset 0x10000[0m
[0;32mI (685) boot: Disabling RNG early entropy source...[0m
[0;32mI (697) quad_psram: This chip is ESP32-D0WD[0m
[0;32mI (698) esp_psram: Found 8MB PSRAM device[0m
[0;32mI (698) esp_psram: Speed: 40MHz[0m
[0;32mI (701) esp_psram: PSRAM initialized, cache is in normal (1-core) mode.[0m
[0;33mW (708) esp_psram: Virtual address not enough for PSRAM, map as much as we can. 4MB is mapped[0m
[0;32mI (718) cpu_start: Unicore app[0m
[0;32mI (721) cpu_start: Single core mode[0m
[0;32mI (1650) esp_psram: SPI SRAM memory test OK[0m
[0;32mI (1658) cpu_start: Pro cpu start user code[0m
[0;32mI (1659) cpu_start: cpu freq: 240000000 Hz[0m
[0;32mI (1659) app_init: Application information:[0m
[0;32mI (1662) app_init: Project name:     mesh_local_control[0m
[0;32mI (1668) app_init: App version:      d1ba481-dirty[0m
[0;32mI (1673) app_init: Compile time:     Aug 25 2024 14:40:31[0m
[0;32mI (1679) app_init: ELF file SHA256:  cd0303b20...[0m
[0;32mI (1685) app_init: ESP-IDF:          v5.3-dirty[0m
[0;32mI (1690) efuse_init: Min chip rev:     v0.0[0m
[0;32mI (1695) efuse_init: Max chip rev:     v3.99 [0m
[0;32mI (1700) efuse_init: Chip rev:         v3.1[0m
[0;32mI (1705) heap_init: Initializing. RAM available for dynamic allocation:[0m
[0;32mI (1712) heap_init: At 3FFAE6E0 len 0000F480 (61 KiB): DRAM[0m
[0;32mI (1718) heap_init: At 3FFC8940 len 000176C0 (93 KiB): DRAM[0m
[0;32mI (1724) heap_init: At 3FFE0440 len 0001FBC0 (126 KiB): D/IRAM[0m
[0;32mI (1731) heap_init: At 40078000 len 00008000 (32 KiB): IRAM[0m
[0;32mI (1737) heap_init: At 4009CC6C len 00003394 (12 KiB): IRAM[0m
[0;32mI (1743) heap_init: At 3FF80000 len 00002000 (8 KiB): RTCRAM[0m
[0;32mI (1750) esp_psram: Adding pool of 4096K of PSRAM memory to heap allocator[0m
[0;32mI (1759) spi_flash: detected chip: generic[0m
[0;32mI (1762) spi_flash: flash io: dio[0m
[0;33mW (1766) i2c: This driver is an old driver, please migrate your application code to adapt `driver/i2c_master.h`[0m
[0;32mI (1788) coexist: coex firmware version: dab85ae96[0m
[0;32mI (1789) main_task: Started on CPU0[0m
[0;32mI (1789) esp_psram: Reserving pool of 32K of internal memory for DMA/internal allocations[0m
[0;32mI (1797) main_task: Calling app_main()[0m
[0;32mI (1816) bridge_common: esp-iot-bridge version: 0.11.8[0m
I (1819) wifi:wifi driver task: 3ffbd780, prio:23, stack:6656, core=0
I (1822) wifi:wifi firmware version: 0caa81945
I (1823) wifi:wifi certification version: v7.0
I (1826) wifi:config NVS flash: enabled
I (1830) wifi:config nano formating: disabled
I (1834) wifi:Init data frame dynamic rx buffer num: 32
I (1839) wifi:Init static rx mgmt buffer num: 5
I (1843) wifi:Init management short buffer num: 32
I (1848) wifi:Init static tx buffer num: 16
I (1852) wifi:Init tx cache buffer num: 32
I (1855) wifi:Init static rx buffer size: 1600
I (1859) wifi:Init static rx buffer num: 10
I (1863) wifi:Init dynamic rx buffer num: 32
[0;32mI (1868) wifi_init: accept mbox: 6[0m
[0;32mI (1871) wifi_init: tcpip mbox: 32[0m
[0;32mI (1875) wifi_init: udp mbox: 6[0m
[0;32mI (1879) wifi_init: tcp mbox: 6[0m
[0;32mI (1883) wifi_init: tcp tx win: 5760[0m
[0;32mI (1887) wifi_init: tcp rx win: 5760[0m
