ï¿½ets Jul 29 2019 12:21:46

rst:0x1 (POWERON_RESET),boot:0x13 (SPI_FAST_FLASH_BOOT)
configsip: 0, SPIWP:0xee
clk_drv:0x00,q_drv:0x00,d_drv:0x00,cs0_drv:0x00,hd_drv:0x00,wp_drv:0x00
mode:DIO, clock div:1
load:0x3fff0030,len:7168
load:0x40078000,len:15464
load:0x40080400,len:4
ho 8 tail 4 room 4
load:0x40080404,len:3684
entry 0x40080614
[0;32mI (31) boot: ESP-IDF v5.3-dirty 2nd stage bootloader[0m
[0;32mI (31) boot: compile time Aug 28 2024 01:45:36[0m
[0;33mW (31) boot: Unicore bootloader[0m
[0;32mI (35) boot: chip revision: v3.1[0m
[0;32mI (39) boot.esp32: SPI Speed      : 80MHz[0m
[0;32mI (44) boot.esp32: SPI Mode       : DIO[0m
[0;32mI (48) boot.esp32: SPI Flash Size : 4MB[0m
[0;32mI (53) boot: Enabling RNG early entropy source...[0m
[0;32mI (58) boot: Partition Table:[0m
[0;32mI (62) boot: ## Label            Usage          Type ST Offset   Length[0m
[0;32mI (69) boot:  0 nvs              WiFi data        01 02 00009000 00004000[0m
[0;32mI (77) boot:  1 otadata          OTA data         01 00 0000d000 00002000[0m
[0;32mI (84) boot:  2 phy_init         RF data          01 01 0000f000 00001000[0m
[0;32mI (92) boot:  3 ota_0            OTA app          00 10 00010000 001e0000[0m
[0;32mI (99) boot:  4 ota_1            OTA app          00 11 001f0000 001e0000[0m
[0;32mI (107) boot:  5 coredump         Unknown data     01 03 003d0000 00010000[0m
[0;32mI (114) boot:  6 reserved         Unknown data     01 fe 003e0000 00020000[0m
[0;32mI (122) boot: End of partition table[0m
[0;32mI (126) boot: No factory image, trying OTA 0[0m
[0;32mI (131) esp_image: segment 0: paddr=00010020 vaddr=3f400020 size=2f22ch (193068) map[0m
[0;32mI (194) esp_image: segment 1: paddr=0003f254 vaddr=3ffbdb60 size=00dc4h (  3524) load[0m
[0;32mI (196) esp_image: segment 2: paddr=00040020 vaddr=400d0020 size=c37e8h (800744) map[0m
[0;32mI (426) esp_image: segment 3: paddr=00103810 vaddr=3ffbe924 size=0449ch ( 17564) load[0m
[0;32mI (432) esp_image: segment 4: paddr=00107cb4 vaddr=40080000 size=1e61ch (124444) load[0m
[0;32mI (489) boot: Loaded app from partition at offset 0x10000[0m
[0;32mI (493) boot: Set actual ota_seq=1 in otadata[0][0m
[0;32mI (493) boot: Disabling RNG early entropy source...[0m
[0;32mI (506) quad_psram: This chip is ESP32-D0WD[0m
[0;32mI (506) esp_psram: Found 8MB PSRAM device[0m
[0;32mI (506) esp_psram: Speed: 80MHz[0m
[0;32mI (510) esp_psram: PSRAM initialized, cache is in normal (1-core) mode.[0m
[0;33mW (517) esp_psram: Virtual address not enough for PSRAM, map as much as we can. 4MB is mapped[0m
[0;32mI (527) cpu_start: Unicore app[0m
[0;32mI (530) cpu_start: Single core mode[0m
[0;32mI (1068) esp_psram: SPI SRAM memory test OK[0m
[0;32mI (1076) cpu_start: Pro cpu start user code[0m
[0;32mI (1076) cpu_start: cpu freq: 240000000 Hz[0m
[0;32mI (1076) app_init: Application information:[0m
[0;32mI (1079) app_init: Project name:     mesh_local_control[0m
[0;32mI (1085) app_init: App version:      d92472c-dirty[0m
[0;32mI (1090) app_init: Compile time:     Aug 28 2024 09:25:09[0m
[0;32mI (1096) app_init: ELF file SHA256:  c3a144a9b...[0m
[0;32mI (1102) app_init: ESP-IDF:          v5.3-dirty[0m
[0;32mI (1107) efuse_init: Min chip rev:     v0.0[0m
[0;32mI (1112) efuse_init: Max chip rev:     v3.99 [0m
[0;32mI (1117) efuse_init: Chip rev:         v3.1[0m
[0;32mI (1122) heap_init: Initializing. RAM available for dynamic allocation:[0m
[0;32mI (1129) heap_init: At 3FFAE6E0 len 0000F480 (61 KiB): DRAM[0m
[0;32mI (1135) heap_init: At 3FFC7C60 len 000183A0 (96 KiB): DRAM[0m
[0;32mI (1141) heap_init: At 3FFE0440 len 0001FBC0 (126 KiB): D/IRAM[0m
[0;32mI (1148) heap_init: At 40078000 len 00008000 (32 KiB): IRAM[0m
[0;32mI (1154) heap_init: At 4009E61C len 000019E4 (6 KiB): IRAM[0m
[0;32mI (1160) heap_init: At 3FF80000 len 00002000 (8 KiB): RTCRAM[0m
[0;32mI (1167) esp_psram: Adding pool of 4096K of PSRAM memory to heap allocator[0m
[0;32mI (1175) spi_flash: detected chip: generic[0m
[0;32mI (1179) spi_flash: flash io: dio[0m
[0;33mW (1183) i2c: This driver is an old driver, please migrate your application code to adapt `driver/i2c_master.h`[0m
[0;32mI (1205) coexist: coex firmware version: dab85ae96[0m
[0;32mI (1206) main_task: Started on CPU0[0m
[0;32mI (1206) esp_psram: Reserving pool of 32K of internal memory for DMA/internal allocations[0m
[0;32mI (1214) main_task: Calling app_main()[0m
[0;32mI (1227) bridge_common: esp-iot-bridge version: 0.11.8[0m
I (1230) wifi:wifi driver task: 3ffbd604, prio:23, stack:6656, core=0
I (1233) wifi:wifi firmware version: 0caa81945
I (1235) wifi:wifi certification version: v7.0
I (1239) wifi:config NVS flash: enabled
I (1242) wifi:config nano formating: disabled
I (1246) wifi:Init data frame dynamic rx buffer num: 32
I (1251) wifi:Init static rx mgmt buffer num: 5
I (1255) wifi:Init management short buffer num: 32
I (1260) wifi:Init static tx buffer num: 16
I (1264) wifi:Init tx cache buffer num: 32
I (1268) wifi:Init static rx buffer size: 1600
I (1272) wifi:Init static rx buffer num: 10
I (1276) wifi:Init dynamic rx buffer num: 32
[0;32mI (1280) wifi_init: accept mbox: 6[0m
[0;32mI (1284) wifi_init: tcpip mbox: 32[0m
[0;32mI (1288) wifi_init: udp mbox: 6[0m
[0;32mI (1292) wifi_init: tcp mbox: 6[0m
[0;32mI (1295) wifi_init: tcp tx win: 5760[0m
[0;32mI (1300) wifi_init: tcp rx win: 5760[0m
[0;32mI (1304) wifi_init: tcp mss: 1440[0m
[0;32mI (1308) wifi_init: WiFi IRAM OP enabled[0m
[0;32mI (1312) wifi_init: WiFi RX IRAM OP enabled[0m
[0;32mI (1318) phy_init: phy_version 4830,54550f7,Jun 20 2024,14:22:08[0m
[0;33mW (1324) phy_init: failed to load RF calibration data (0x1102), falling back to full calibration[0m
[0;33mW (1385) phy_init: saving new calibration data because of checksum failure, mode(2)[0m
I (1395) wifi:mode : null
I (1397) wifi:mode : softAP (08:a6:f7:11:51:a9)
I (1398) wifi:Total power save buffer number: 8
I (1398) wifi:Init max length of beacon: 752/752
I (1400) wifi:Init max length of beacon: 752/752
[0;32mI (1406) esp_netif_lwip: DHCP server started on interface WIFI_AP_DEF with IP: 192.168.4.1[0m
Add netif ap with d92472c(commit id)
[0;32mI (1417) bridge_common: netif list add success[0m
[0;31mE (1422) NVS: Failed to open NVS namespace[0m
[0;32mI (1427) bridge_common: IP Address:192.168.5.1[0m
[0;32mI (1432) bridge_common: GW Address:192.168.5.1[0m
[0;32mI (1437) bridge_common: NM Address:255.255.255.0[0m
[0;32mI (1442) bridge_common: [WIFI_AP_DEF ][0m
[0;32mI (1447) bridge_common: Set ip info:192.168.5.1[0m
[0;32mI (1452) bridge_wifi: SoftAP IP network segment has changed, deauth all station[0m
I (1462) wifi:Disabled PMF config for SoftAP
I (1464) wifi:Total power save buffer number: 8
[0;32mI (1469) esp_netif_lwip: DHCP server started on interface WIFI_AP_DEF with IP: 192.168.5.1[0m
[0;32mI (1477) bridge_common: [WIFI_AP_DEF ]Name Server1: 114.114.114.114[0m
[0;32mI (1484) bridge_common: DHCPS Restart, deauth all station[0m
Add netif sta with d92472c(commit id)
[0;32mI (1493) bridge_common: netif list add success[0m
I (1498) wifi:mode : sta (08:a6:f7:11:51:a8) + softAP (08:a6:f7:11:51:a9)
I (1505) wifi:enable tsf
[0;31mE (1508) NVS: Failed to read IP info from NVS[0m
I (1512) wifi:Disabled PMF config for STA
[0;32mI (1516) bridge_wifi: [esp_bridge_wifi_set_config] sta ssid: Tran Con Dev password: password[0m
[0;32mI (1525) bridge_wifi: [esp_bridge_wifi_set_config] softap ssid: ESP_Bridge_1151a9 password: 12345678[0m
I (1706) wifi:Total power save buffer number: 8
[0;32mI (1708) esp_netif_lwip: DHCP server started on interface WIFI_AP_DEF with IP: 192.168.5.1[0m
[0;32mI (1709) bridge_wifi: SoftAP config changed, deauth all station[0m
[0;32mI (1715) Mesh-Lite: esp-mesh-lite component version: 1.0.0[0m
I (1721) ESPNOW: espnow [version: 1.0] init
[0;32mI (1725) [vendor_ie]: Mesh-Lite commit id: bc9302d
 [0m
[0;31mE (1731) [vendor_ie]: Error Get! [0m
[0;33mW (1735) [vendor_ie]: Mesh ID is not saved in flash [0m
[0;32mI (1741) [vendor_ie]: Mesh ID: 77 [0m
[0;33mW (1744) [vendor_ie]: Error Get[4354] [0m
[0;33mW (1749) [vendor_ie]: Error Get[4354] [0m
[0;32mI (1754) [ESP_Mesh_Lite_Comm]: msg action add success [0m
[0;32mI (1760) [ESP_Mesh_Lite_Comm]: Bind Socket 54, port 6364 [0m
[0;32mI (1765) [ESP_Mesh_Lite_Comm]: Bind Socket 55, port 6363 [0m
[0;32mI (1771) [ESP_Mesh_Lite_Comm]: Bind Socket 56, port 6366 [0m
[0;32mI (1777) [ESP_Mesh_Lite_Comm]: Bind Socket 57, port 6365 [0m
[0;32mI (1784) [mesh-lite-espnow]: Start espnow task [0m
[0;32mI (1790) Mesh-Lite: Mesh-Lite connecting[0m
[0;32mI (1794) [vendor_ie]: esp_mesh_lite_wifi_scan_start return ESP_OK [0m
[0;32mI (1800) gpio: GPIO[25]| InputEn: 1| OutputEn: 0| OpenDrain: 0| Pullup: 1| Pulldown: 0| Intr:2 [0m
[0;32mI (1810) cam_hal: cam init ok[0m
[0;32mI (1813) sccb: pin_sda 26 pin_scl 27[0m
[0;32mI (1817) sccb: sccb_i2c_port=1[0m
[0;32mI (1821) gpio: GPIO[32]| InputEn: 0| OutputEn: 1| OpenDrain: 0| Pullup: 0| Pulldown: 0| Intr:0 [0m
[0;32mI (1860) camera: Detected camera at address=0x30[0m
[0;32mI (1862) camera: Detected OV2640 camera[0m
[0;32mI (1862) camera: Camera PID=0x26 VER=0x42 MIDL=0x7f MIDH=0xa2[0m
[0;32mI (1928) cam_hal: buffer_size: 32768, half_buffer_size: 4096, node_buffer_size: 2048, node_cnt: 16, total_cnt: 7[0m
[0;32mI (1928) cam_hal: Allocating 30720 Byte frame buffer in PSRAM[0m
[0;32mI (1934) cam_hal: Allocating 30720 Byte frame buffer in PSRAM[0m
[0;32mI (1941) cam_hal: cam config ok[0m
[0;32mI (1944) ov2640: Set PLL: clk_2x: 0, clk_div: 0, pclk_auto: 0, pclk_div: 8[0m
[0;32mI (2023) rc522: Initialized (firmware v2.0)[0m
ï¿½ets Jul 29 2019 12:21:46

rst:0x3 (SW_RESET),boot:0x13 (SPI_FAST_FLASH_BOOT)
configsip: 0, SPIWP:0xee
clk_drv:0x00,q_drv:0x00,d_drv:0x00,cs0_drv:0x00,hd_drv:0x00,wp_drv:0x00
mode:DIO, clock div:1
load:0x3fff0030,len:7168
load:0x40078000,len:15464
load:0x40080400,len:4
ho 8 tail 4 room 4
load:0x40080404,len:3684
entry 0x40080614
[0;32mI (179) boot: ESP-IDF v5.3-dirty 2nd stage bootloader[0m
[0;32mI (179) boot: compile time Aug 28 2024 01:45:36[0m
[0;33mW (179) boot: Unicore bootloader[0m
[0;32mI (184) boot: chip revision: v3.1[0m
[0;32mI (188) boot.esp32: SPI Speed      : 80MHz[0m
[0;32mI (193) boot.esp32: SPI Mode       : DIO[0m
[0;32mI (198) boot.esp32: SPI Flash Size : 4MB[0m
[0;32mI (202) boot: Enabling RNG early entropy source...[0m
[0;32mI (208) boot: Partition Table:[0m
[0;32mI (211) boot: ## Label            Usage          Type ST Offset   Length[0m
[0;32mI (219) boot:  0 nvs              WiFi data        01 02 00009000 00004000[0m
[0;32mI (226) boot:  1 otadata          OTA data         01 00 0000d000 00002000[0m
[0;32mI (234) boot:  2 phy_init         RF data          01 01 0000f000 00001000[0m
[0;32mI (242) boot:  3 ota_0            OTA app          00 10 00010000 001e0000[0m
[0;32mI (249) boot:  4 ota_1            OTA app          00 11 001f0000 001e0000[0m
[0;32mI (257) boot:  5 coredump         Unknown data     01 03 003d0000 00010000[0m
[0;32mI (264) boot:  6 reserved         Unknown data     01 fe 003e0000 00020000[0m
[0;32mI (272) boot: End of partition table[0m
[0;32mI (276) esp_image: segment 0: paddr=00010020 vaddr=3f400020 size=2f22ch (193068) map[0m
[0;32mI (339) esp_image: segment 1: paddr=0003f254 vaddr=3ffbdb60 size=00dc4h (  3524) load[0m
[0;32mI (341) esp_image: segment 2: paddr=00040020 vaddr=400d0020 size=c37e8h (800744) map[0m
[0;32mI (571) esp_image: segment 3: paddr=00103810 vaddr=3ffbe924 size=0449ch ( 17564) load[0m
[0;32mI (577) esp_image: segment 4: paddr=00107cb4 vaddr=40080000 size=1e61ch (124444) load[0m
[0;32mI (634) boot: Loaded app from partition at offset 0x10000[0m
[0;32mI (634) boot: Disabling RNG early entropy source...[0m
[0;32mI (646) quad_psram: This chip is ESP32-D0WD[0m
[0;32mI (646) esp_psram: Found 8MB PSRAM device[0m
[0;32mI (646) esp_psram: Speed: 80MHz[0m
[0;32mI (650) esp_psram: PSRAM initialized, cache is in normal (1-core) mode.[0m
[0;33mW (657) esp_psram: Virtual address not enough for PSRAM, map as much as we can. 4MB is mapped[0m
[0;32mI (666) cpu_start: Unicore app[0m
[0;32mI (670) cpu_start: Single core mode[0m
[0;32mI (1207) esp_psram: SPI SRAM memory test OK[0m
[0;32mI (1215) cpu_start: Pro cpu start user code[0m
[0;32mI (1215) cpu_start: cpu freq: 240000000 Hz[0m
[0;32mI (1215) app_init: Application information:[0m
[0;32mI (1219) app_init: Project name:     mesh_local_control[0m
[0;32mI (1224) app_init: App version:      d92472c-dirty[0m
[0;32mI (1230) app_init: Compile time:     Aug 28 2024 09:25:09[0m
[0;32mI (1236) app_init: ELF file SHA256:  c3a144a9b...[0m
[0;32mI (1241) app_init: ESP-IDF:          v5.3-dirty[0m
[0;32mI (1247) efuse_init: Min chip rev:     v0.0[0m
[0;32mI (1251) efuse_init: Max chip rev:     v3.99 [0m
[0;32mI (1256) efuse_init: Chip rev:         v3.1[0m
[0;32mI (1262) heap_init: Initializing. RAM available for dynamic allocation:[0m
[0;32mI (1269) heap_init: At 3FFAE6E0 len 0000F480 (61 KiB): DRAM[0m
[0;32mI (1275) heap_init: At 3FFC7C60 len 000183A0 (96 KiB): DRAM[0m
[0;32mI (1281) heap_init: At 3FFE0440 len 0001FBC0 (126 KiB): D/IRAM[0m
[0;32mI (1288) heap_init: At 40078000 len 00008000 (32 KiB): IRAM[0m
[0;32mI (1294) heap_init: At 4009E61C len 000019E4 (6 KiB): IRAM[0m
[0;32mI (1300) heap_init: At 3FF80000 len 00002000 (8 KiB): RTCRAM[0m
[0;32mI (1307) esp_psram: Adding pool of 4096K of PSRAM memory to heap allocator[0m
[0;32mI (1315) spi_flash: detected chip: generic[0m
[0;32mI (1319) spi_flash: flash io: dio[0m
[0;33mW (1323) i2c: This driver is an old driver, please migrate your application code to adapt `driver/i2c_master.h`[0m
[0;32mI (1345) coexist: coex firmware version: dab85ae96[0m
[0;32mI (1346) main_task: Started on CPU0[0m
[0;32mI (1346) esp_psram: Reserving pool of 32K of internal memory for DMA/internal allocations[0m
[0;32mI (1354) main_task: Calling app_main()[0m
[0;32mI (1369) bridge_common: esp-iot-bridge version: 0.11.8[0m
I (1371) wifi:wifi driver task: 3ffbd678, prio:23, stack:6656, core=0
I (1373) wifi:wifi firmware version: 0caa81945
I (1375) wifi:wifi certification version: v7.0
I (1379) wifi:config NVS flash: enabled
I (1382) wifi:config nano formating: disabled
I (1386) wifi:Init data frame dynamic rx buffer num: 32
I (1391) wifi:Init static rx mgmt buffer num: 5
I (1395) wifi:Init management short buffer num: 32
I (1400) wifi:Init static tx buffer num: 16
I (1404) wifi:Init tx cache buffer num: 32
I (1408) wifi:Init static rx buffer size: 1600
I (1412) wifi:Init static rx buffer num: 10
I (1416) wifi:Init dynamic rx buffer num: 32
[0;32mI (1420) wifi_init: accept mbox: 6[0m
[0;32mI (1424) wifi_init: tcpip mbox: 32[0m
[0;32mI (1428) wifi_init: udp mbox: 6[0m
[0;32mI (1432) wifi_init: tcp mbox: 6[0m
[0;32mI (1435) wifi_init: tcp tx win: 5760[0m
[0;32mI (1440) wifi_init: tcp rx win: 5760[0m
[0;32mI (1444) wifi_init: tcp mss: 1440[0m
[0;32mI (1448) wifi_init: WiFi IRAM OP enabled[0m
[0;32mI (1452) wifi_init: WiFi RX IRAM OP enabled[0m
[0;32mI (1458) phy_init: phy_version 4830,54550f7,Jun 20 2024,14:22:08[0m
I (1518) wifi:mode : null
I (1520) wifi:mode : softAP (08:a6:f7:11:51:a9)
I (1521) wifi:Total power save buffer number: 8
I (1521) wifi:Init max length of beacon: 752/752
I (1522) wifi:Init max length of beacon: 752/752
[0;32mI (1528) esp_netif_lwip: DHCP server started on interface WIFI_AP_DEF with IP: 192.168.4.1[0m
Add netif ap with d92472c(commit id)
[0;32mI (1539) bridge_common: netif list add success[0m
[0;32mI (1544) bridge_common: [WIFI_AP_DEF ][0m
[0;32mI (1549) bridge_common: Set ip info:192.168.5.1[0m
[0;32mI (1553) bridge_wifi: SoftAP IP network segment has changed, deauth all station[0m
I (1563) wifi:Disabled PMF config for SoftAP
I (1566) wifi:Total power save buffer number: 8
[0;32mI (1571) esp_netif_lwip: DHCP server started on interface WIFI_AP_DEF with IP: 192.168.5.1[0m
[0;32mI (1579) bridge_common: [WIFI_AP_DEF ]Name Server1: 114.114.114.114[0m
[0;32mI (1585) bridge_common: DHCPS Restart, deauth all station[0m
Add netif sta with d92472c(commit id)
[0;32mI (1595) bridge_common: netif list add success[0m
I (1600) wifi:mode : sta (08:a6:f7:11:51:a8) + softAP (08:a6:f7:11:51:a9)
I (1606) wifi:enable tsf
[0;31mE (1610) NVS: Failed to read IP info from NVS[0m
I (1614) wifi:Disabled PMF config for STA
[0;32mI (1617) bridge_wifi: [esp_bridge_wifi_set_config] sta ssid: Tran Con Dev password: password[0m
[0;32mI (1627) bridge_wifi: [esp_bridge_wifi_set_config] softap ssid: ESP_Bridge_1151a9 password: 12345678[0m
I (1808) wifi:Total power save buffer number: 8
[0;32mI (1810) esp_netif_lwip: DHCP server started on interface WIFI_AP_DEF with IP: 192.168.5.1[0m
[0;32mI (1811) bridge_wifi: SoftAP config changed, deauth all station[0m
[0;32mI (1817) Mesh-Lite: esp-mesh-lite component version: 1.0.0[0m
I (1823) ESPNOW: espnow [version: 1.0] init
[0;32mI (1827) [vendor_ie]: Mesh-Lite commit id: bc9302d
 [0m
[0;32mI (1833) [vendor_ie]: Mesh ID: 77 [0m
[0;32mI (1838) [ESP_Mesh_Lite_Comm]: msg action add success [0m
[0;32mI (1844) [ESP_Mesh_Lite_Comm]: Bind Socket 54, port 6364 [0m
[0;32mI (1848) [ESP_Mesh_Lite_Comm]: Bind Socket 55, port 6363 [0m
[0;32mI (1855) [ESP_Mesh_Lite_Comm]: Bind Socket 56, port 6366 [0m
[0;32mI (1861) [ESP_Mesh_Lite_Comm]: Bind Socket 57, port 6365 [0m
[0;32mI (1867) [mesh-lite-espnow]: Start espnow task [0m
[0;32mI (1873) Mesh-Lite: Mesh-Lite connecting[0m
[0;32mI (1878) [vendor_ie]: esp_mesh_lite_wifi_scan_start return ESP_OK [0m
[0;32mI (1883) gpio: GPIO[25]| InputEn: 1| OutputEn: 0| OpenDrain: 0| Pullup: 1| Pulldown: 0| Intr:2 [0m
[0;32mI (1893) cam_hal: cam init ok[0m
[0;32mI (1896) sccb: pin_sda 26 pin_scl 27[0m
[0;32mI (1900) sccb: sccb_i2c_port=1[0m
[0;32mI (1904) gpio: GPIO[32]| InputEn: 0| OutputEn: 1| OpenDrain: 0| Pullup: 0| Pulldown: 0| Intr:0 [0m
[0;32mI (1943) camera: Detected camera at address=0x30[0m
[0;32mI (1945) camera: Detected OV2640 camera[0m
[0;32mI (1945) camera: Camera PID=0x26 VER=0x42 MIDL=0x7f MIDH=0xa2[0m
[0;32mI (2011) cam_hal: buffer_size: 32768, half_buffer_size: 4096, node_buffer_sizï¿½ets Jul 29 2019 12:21:46

rst:0x3 (SW_RESET),boot:0x13 (SPI_FAST_FLASH_BOOT)
configsip: 0, SPIWP:0xee
clk_drv:0x00,q_drv:0x00,d_drv:0x00,cs0_drv:0x00,hd_drv:0x00,wp_drv:0x00
mode:DIO, clock div:1
load:0x3fff0030,len:7168
load:0x40078000,len:15464
load:0x40080400,len:4
ho 8 tail 4 room 4
load:0x40080404,len:3684
entry 0x40080614
[0;32mI (179) boot: ESP-IDF v5.3-dirty 2nd stage bootloader[0m
[0;32mI (179) boot: compile time Aug 28 2024 01:45:36[0m
[0;33mW (179) boot: Unicore bootloader[0m
[0;32mI (184) boot: chip revision: v3.1[0m
[0;32mI (188) boot.esp32: SPI Speed      : 80MHz[0m
[0;32mI (193) boot.esp32: SPI Mode       : DIO[0m
[0;32mI (198) boot.esp32: SPI Flash Size : 4MB[0m
[0;32mI (202) boot: Enabling RNG early entropy source...[0m
[0;32mI (208) boot: Partition Table:[0m
[0;32mI (211) boot: ## Label            Usage          Type ST Offset   Length[0m
[0;32mI (219) boot:  0 nvs              WiFi data        01 02 00009000 00004000[0m
[0;32mI (226) boot:  1 otadata          OTA data         01 00 0000d000 00002000[0m
[0;32mI (234) boot:  2 phy_init         RF data          01 01 0000f000 00001000[0m
[0;32mI (242) boot:  3 ota_0            OTA app          00 10 00010000 001e0000[0m
[0;32mI (249) boot:  4 ota_1            OTA app          00 11 001f0000 001e0000[0m
[0;32mI (257) boot:  5 coredump         Unknown data     01 03 003d0000 00010000[0m
[0;32mI (264) boot:  6 reserved         Unknown data     01 fe 003e0000 00020000[0m
[0;32mI (272) boot: End of partition table[0m
[0;32mI (276) esp_image: segment 0: paddr=00010020 vaddr=3f400020 size=2f22ch (193068) map[0m
[0;32mI (339) esp_image: segment 1: paddr=0003f254 vaddr=3ffbdb60 size=00dc4h (  3524) load[0m
[0;32mI (341) esp_image: segment 2: paddr=00040020 vaddr=400d0020 size=c37e8h (800744) map[0m
[0;32mI (571) esp_image: segment 3: paddr=00103810 vaddr=3ffbe924 size=0449ch ( 17564) load[0m
[0;32mI (577) esp_image: segment 4: paddr=00107cb4 vaddr=40080000 size=1e61ch (124444) load[0m
[0;32mI (634) boot: Loaded app from partition at offset 0x10000[0m
[0;32mI (634) boot: Disabling RNG early entropy source...[0m
[0;32mI (646) quad_psram: This chip is ESP32-D0WD[0m
[0;32mI (646) esp_psram: Found 8MB PSRAM device[0m
[0;32mI (646) esp_psram: Speed: 80MHz[0m
[0;32mI (650) esp_psram: PSRAM initialized, cache is in normal (1-core) mode.[0m
[0;33mW (657) esp_psram: Virtual address not enough for PSRAM, map as much as we can. 4MB is mapped[0m
[0;32mI (666) cpu_start: Unicore app[0m
[0;32mI (670) cpu_start: Single core mode[0m
[0;32mI (1207) esp_psram: SPI SRAM memory test OK[0m
[0;32mI (1215) cpu_start: Pro cpu start user code[0m
[0;32mI (1215) cpu_start: cpu freq: 240000000 Hz[0m
[0;32mI (1215) app_init: Application information:[0m
[0;32mI (1219) app_init: Project name:     mesh_local_control[0m
[0;32mI (1224) app_init: App version:      d92472c-dirty[0m
[0;32mI (1230) app_init: Compile time:     Aug 28 2024 09:25:09[0m
[0;32mI (1236) app_init: ELF file SHA256:  c3a144a9b...[0m
[0;32mI (1241) app_init: ESP-IDF:          v5.3-dirty[0m
[0;32mI (1247) efuse_init: Min chip rev:     v0.0[0m
[0;32mI (1251) efuse_init: Max chip rev:     v3.99 [0m
[0;32mI (1256) efuse_init: Chip rev:         v3.1[0m
[0;32mI (1262) heap_init: Initializing. RAM available for dynamic allocation:[0m
[0;32mI (1269) heap_init: At 3FFAE6E0 len 0000F480 (61 KiB): DRAM[0m
[0;32mI (1275) heap_init: At 3FFC7C60 len 000183A0 (96 KiB): DRAM[0m
[0;32mI (1281) heap_init: At 3FFE0440 len 0001FBC0 (126 KiB): D/IRAM[0m
[0;32mI (1288) heap_init: At 40078000 len 00008000 (32 KiB): IRAM[0m
[0;32mI (1294) heap_init: At 4009E61C len 000019E4 (6 KiB): IRAM[0m
[0;32mI (1300) heap_init: At 3FF80000 len 00002000 (8 KiB): RTCRAM[0m
[0;32mI (1307) esp_psram: Adding pool of 4096K of PSRAM memory to heap allocator[0m
[0;32mI (1315) spi_flash: detected chip: generic[0m
[0;32mI (1319) spi_flash: flash io: dio[0m
[0;33mW (1323) i2c: This driver is an old driver, please migrate your application code to adapt `driver/i2c_master.h`[0m
[0;32mI (1345) coexist: coex firmware version: dab85ae96[0m
[0;32mI (1346) main_task: Started on CPU0[0m
[0;32mI (1346) esp_psram: Reserving pool of 32K of internal memory for DMA/internal allocations[0m
[0;32mI (1354) main_task: Calling app_main()[0m
[0;32mI (1369) bridge_common: esp-iot-bridge version: 0.11.8[0m
I (1371) wifi:wifi driver task: 3ffbd678, prio:23, stack:6656, core=0
I (1373) wifi:wifi firmware version: 0caa81945
I (1375) wifi:wifi certification version: v7.0
I (1379) wifi:config NVS flash: enabled
I (1382) wifi:config nano formating: disabled
I (1386) wifi:Init data frame dynamic rx buffer num: 32
I (1391) wifi:Init static rx mgmt buffer num: 5
I (1395) wifi:Init management short buffer num: 32
I (1400) wifi:Init static tx buffer num: 16
I (1404) wifi:Init tx cache buffer num: 32
I (1408) wifi:Init static rx buffer size: 1600
I (1412) wifi:Init static rx buffer num: 10
I (1416) wifi:Init dynamic rx buffer num: 32
[0;32mI (1420) wifi_init: accept mbox: 6[0m
[0;32mI (1424) wifi_init: tcpip mbox: 32[0m
[0;32mI (1428) wifi_init: udp mbox: 6[0m
[0;32mI (1432) wifi_init: tcp mbox: 6[0m
[0;32mI (1435) wifi_init: tcp tx win: 5760[0m
[0;32mI (1440) wifi_init: tcp rx win: 5760[0m
[0;32mI (1444) wifi_init: tcp mss: 1440[0m
[0;32mI (1448) wifi_init: WiFi IRAM OP enabled[0m
[0;32mI (1452) wifi_init: WiFi RX IRAM OP enabled[0m
[0;32mI (1458) phy_init: phy_version 4830,54550f7,Jun 20 2024,14:22:08[0m
I (1519) wifi:mode : null
I (1520) wifi:mode : softAP (08:a6:f7:11:51:a9)
I (1521) wifi:Total power save buffer number: 8
I (1522) wifi:Init max length of beacon: 752/752
I (1523) wifi:Init max length of beacon: 752/752
[0;32mI (1529) esp_netif_lwip: DHCP server started on interface WIFI_AP_DEF with IP: 192.168.4.1[0m
Add netif ap with d92472c(commit id)
[0;32mI (1539) bridge_common: netif list add success[0m
[0;32mI (1545) bridge_common: [WIFI_AP_DEF ][0m
[0;32mI (1550) bridge_common: Set ip info:192.168.5.1[0m
[0;32mI (1554) bridge_wifi: SoftAP IP network segment has changed, deauth all station[0m
I (1564) wifi:Disabled PMF config for SoftAP
I (1567) wifi:Total power save buffer number: 8
[0;32mI (1572) esp_netif_lwip: DHCP server started on interface WIFI_AP_DEF with IP: 192.168.5.1[0m
[0;32mI (1579) bridge_common: [WIFI_AP_DEF ]Name Server1: 114.114.114.114[0m
[0;32mI (1586) bridge_common: DHCPS Restart, deauth all station[0m
Add netif sta with d92472c(commit id)
[0;32mI (1596) bridge_common: netif list add success[0m
I (1601) wifi:mode : sta (08:a6:f7:11:51:a8) + softAP (08:a6:f7:11:51:a9)
I (1607) wifi:enable tsf
[0;31mE (1610) NVS: Failed to read IP info from NVS[0m
I (1615) wifi:Disabled PMF config for STA
[0;32mI (1618) bridge_wifi: [esp_bridge_wifi_set_config] sta ssid: Tran Con Dev password: password[0m
[0;32mI (1628) bridge_wifi: [esp_bridge_wifi_set_config] softap ssid: ESP_Bridge_1151a9 password: 12345678[0m
I (1808) wifi:Total power save buffer number: 8
[0;32mI (1811) esp_netif_lwip: DHCP server started on interface WIFI_AP_DEF with IP: 192.168.5.1[0m
[0;32mI (1811) bridge_wifi: SoftAP config changed, deauth all station[0m
[0;32mI (1818) Mesh-Lite: esp-mesh-lite component version: 1.0.0[0m
I (1824) ESPNOW: espnow [version: 1.0] init
[0;32mI (1827) [vendor_ie]: Mesh-Lite commit id: bc9302d
 [0m
[0;32mI (1834) [vendor_ie]: Mesh ID: 77 [0m
[0;32mI (1839) [ESP_Mesh_Lite_Comm]: msg action add success [0m
[0;32mI (1845) [ESP_Mesh_Lite_Comm]: Bind Socket 54, port 6364 [0m
[0;32mI (1849) [ESP_Mesh_Lite_Comm]: Bind Socket 55, port 6363 [0m
[0;32mI (1855) [ESP_Mesh_Lite_Comm]: Bind Socket 56, port 6366 [0m
[0;32mI (1861) [ESP_Mesh_Lite_Comm]: Bind Socket 57, port 6365 [0m
[0;32mI (1868) [mesh-lite-espnow]: Start espnow task [0m
[0;32mI (1873) Mesh-Lite: Mesh-Lite connecting[0m
[0;32mI (1879) [vendor_ie]: esp_mesh_lite_wifi_scan_start return ESP_OK [0m
[0;32mI (1884) gpio: GPIO[25]| InputEn: 1| OutputEn: 0| OpenDrain: 0| Pullup: 1| Pulldown: 0| Intr:2 [0m
[0;32mI (1894) cam_hal: cam init ok[0m
[0;32mI (1897) sccb: pin_sda 26 pin_scl 27[0m
[0;32mI (1901) sccb: sccb_i2c_port=1[0m
[0;32mI (1905) gpio: GPIO[32]| InputEn: 0| OutputEn: 1| OpenDrain: 0| Pullup: 0| Pulldown: 0| Intr:0 [0m
[0;32mI (1944) camera: Detected camera at address=0x30[0m
[0;32mI (1946) camera: Detected OV2640 camera[0m
[0;32mI (1946) camera: Camera PID=0x26 VER=0x42 MIDL=0x7f MIDH=0xa2[0m
[0;32mI (2012) cam_hal: buffer_size: 32768, half_buffer_size: 4096, node_buffer_siï¿½ets Jul 29 2019 12:21:46

rst:0x3 (SW_RESET),boot:0x13 (SPI_FAST_FLASH_BOOT)
configsip: 0, SPIWP:0xee
clk_drv:0x00,q_drv:0x00,d_drv:0x00,cs0_drv:0x00,hd_drv:0x00,wp_drv:0x00
mode:DIO, clock div:1
load:0x3fff0030,len:7168
load:0x40078000,len:15464
load:0x40080400,len:4
ho 8 tail 4 room 4
load:0x40080404,len:3684
entry 0x40080614
[0;32mI (179) boot: ESP-IDF v5.3-dirty 2nd stage bootloader[0m
[0;32mI (179) boot: compile time Aug 28 2024 01:45:36[0m
[0;33mW (179) boot: Unicore bootloader[0m
[0;32mI (184) boot: chip revision: v3.1[0m
[0;32mI (188) boot.esp32: SPI Speed      : 80MHz[0m
[0;32mI (193) boot.esp32: SPI Mode       : DIO[0m
[0;32mI (198) boot.esp32: SPI Flash Size : 4MB[0m
[0;32mI (202) boot: Enabling RNG early entropy source...[0m
[0;32mI (208) boot: Partition Table:[0m
[0;32mI (211) boot: ## Label            Usage          Type ST Offset   Length[0m
[0;32mI (219) boot:  0 nvs              WiFi data        01 02 00009000 00004000[0m
[0;32mI (226) boot:  1 otadata          OTA data         01 00 0000d000 00002000[0m
[0;32mI (234) boot:  2 phy_init         RF data          01 01 0000f000 00001000[0m
[0;32mI (242) boot:  3 ota_0            OTA app          00 10 00010000 001e0000[0m
[0;32mI (249) boot:  4 ota_1            OTA app          00 11 001f0000 001e0000[0m
[0;32mI (257) boot:  5 coredump         Unknown data     01 03 003d0000 00010000[0m
[0;32mI (264) boot:  6 reserved         Unknown data     01 fe 003e0000 00020000[0m
[0;32mI (272) boot: End of partition table[0m
[0;32mI (276) esp_image: segment 0: paddr=00010020 vaddr=3f400020 size=2f22ch (193068) map[0m
[0;32mI (339) esp_image: segment 1: paddr=0003f254 vaddr=3ffbdb60 size=00dc4h (  3524) load[0m
[0;32mI (341) esp_image: segment 2: paddr=00040020 vaddr=400d0020 size=c37e8h (800744) map[0m
[0;32mI (571) esp_image: segment 3: paddr=00103810 vaddr=3ffbe924 size=0449ch ( 17564) load[0m
[0;32mI (577) esp_image: segment 4: paddr=00107cb4 vaddr=40080000 size=1e61ch (124444) load[0m
[0;32mI (634) boot: Loaded app from partition at offset 0x10000[0m
[0;32mI (634) boot: Disabling RNG early entropy source...[0m
[0;32mI (646) quad_psram: This chip is ESP32-D0WD[0m
[0;32mI (646) esp_psram: Found 8MB PSRAM device[0m
[0;32mI (646) esp_psram: Speed: 80MHz[0m
[0;32mI (650) esp_psram: PSRAM initialized, cache is in normal (1-core) mode.[0m
[0;33mW (657) esp_psram: Virtual address not enough for PSRAM, map as much as we can. 4MB is mapped[0m
[0;32mI (666) cpu_start: Unicore app[0m
[0;32mI (670) cpu_start: Single core mode[0m
[0;32mI (1207) esp_psram: SPI SRAM memory test OK[0m
[0;32mI (1215) cpu_start: Pro cpu start user code[0m
[0;32mI (1215) cpu_start: cpu freq: 240000000 Hz[0m
[0;32mI (1215) app_init: Application information:[0m
[0;32mI (1219) app_init: Project name:     mesh_local_control[0m
[0;32mI (1224) app_init: App version:      d92472c-dirty[0m
[0;32mI (1230) app_init: Compile time:     Aug 28 2024 09:25:09[0m
[0;32mI (1236) app_init: ELF file SHA256:  c3a144a9b...[0m
[0;32mI (1241) app_init: ESP-IDF:          v5.3-dirty[0m
[0;32mI (1247) efuse_init: Min chip rev:     v0.0[0m
[0;32mI (1251) efuse_init: Max chip rev:     v3.99 [0m
[0;32mI (1256) efuse_init: Chip rev:         v3.1[0m
[0;32mI (1262) heap_init: Initializing. RAM available for dynamic allocation:[0m
[0;32mI (1269) heap_init: At 3FFAE6E0 len 0000F480 (61 KiB): DRAM[0m
[0;32mI (1275) heap_init: At 3FFC7C60 len 000183A0 (96 KiB): DRAM[0m
[0;32mI (1281) heap_init: At 3FFE0440 len 0001FBC0 (126 KiB): D/IRAM[0m
[0;32mI (1288) heap_init: At 40078000 len 00008000 (32 KiB): IRAM[0m
[0;32mI (1294) heap_init: At 4009E61C len 000019E4 (6 KiB): IRAM[0m
[0;32mI (1300) heap_init: At 3FF80000 len 00002000 (8 KiB): RTCRAM[0m
[0;32mI (1307) esp_psram: Adding pool of 4096K of PSRAM memory to heap allocator[0m
[0;32mI (1315) spi_flash: detected chip: generic[0m
[0;32mI (1319) spi_flash: flash io: dio[0m
[0;33mW (1323) i2c: This driver is an old driver, please migrate your application code to adapt `driver/i2c_master.h`[0m
[0;32mI (1345) coexist: coex firmware version: dab85ae96[0m
[0;32mI (1346) main_task: Started on CPU0[0m
[0;32mI (1346) esp_psram: Reserving pool of 32K of internal memory for DMA/internal allocations[0m
[0;32mI (1354) main_task: Calling app_main()[0m
[0;32mI (1369) bridge_common: esp-iot-bridge version: 0.11.8[0m
I (1371) wifi:wifi driver task: 3ffbd678, prio:23, stack:6656, core=0
I (1373) wifi:wifi firmware version: 0caa81945
I (1375) wifi:wifi certification version: v7.0
I (1379) wifi:config NVS flash: enabled
I (1382) wifi:config nano formating: disabled
I (1386) wifi:Init data frame dynamic rx buffer num: 32
I (1391) wifi:Init static rx mgmt buffer num: 5
I (1395) wifi:Init management short buffer num: 32
I (1400) wifi:Init static tx buffer num: 16
I (1404) wifi:Init tx cache buffer num: 32
I (1408) wifi:Init static rx buffer size: 1600
I (1412) wifi:Init static rx buffer num: 10
I (1416) wifi:Init dynamic rx buffer num: 32
[0;32mI (1420) wifi_init: accept mbox: 6[0m
[0;32mI (1424) wifi_init: tcpip mbox: 32[0m
[0;32mI (1428) wifi_init: udp mbox: 6[0m
[0;32mI (1432) wifi_init: tcp mbox: 6[0m
[0;32mI (1435) wifi_init: tcp tx win: 5760[0m
[0;32mI (1440) wifi_init: tcp rx win: 5760[0m
[0;32mI (1444) wifi_init: tcp mss: 1440[0m
[0;32mI (1448) wifi_init: WiFi IRAM OP enabled[0m
[0;32mI (1452) wifi_init: WiFi RX IRAM OP enabled[0m
[0;32mI (1458) phy_init: phy_version 4830,54550f7,Jun 20 2024,14:22:08[0m
I (1517) wifi:mode : null
I (1519) wifi:mode : softAP (08:a6:f7:11:51:a9)
I (1520) wifi:Total power save buffer number: 8
I (1521) wifi:Init max length of beacon: 752/752
I (1522) wifi:Init max length of beacon: 752/752
[0;32mI (1528) esp_netif_lwip: DHCP server started on interface WIFI_AP_DEF with IP: 192.168.4.1[0m
Add netif ap with d92472c(commit id)
[0;32mI (1538) bridge_common: netif list add success[0m
[0;32mI (1544) bridge_common: [WIFI_AP_DEF ][0m
[0;32mI (1548) bridge_common: Set ip info:192.168.5.1[0m
[0;32mI (1553) bridge_wifi: SoftAP IP network segment has changed, deauth all station[0m
I (1562) wifi:Disabled PMF config for SoftAP
I (1565) wifi:Total power save buffer number: 8
[0;32mI (1571) esp_netif_lwip: DHCP server started on interface WIFI_AP_DEF with IP: 192.168.5.1[0m
[0;32mI (1578) bridge_common: [WIFI_AP_DEF ]Name Server1: 114.114.114.114[0m
[0;32mI (1585) bridge_common: DHCPS Restart, deauth all station[0m
Add netif sta with d92472c(commit id)
[0;32mI (1594) bridge_common: netif list add success[0m
I (1600) wifi:mode : sta (08:a6:f7:11:51:a8) + softAP (08:a6:f7:11:51:a9)
I (1606) wifi:enable tsf
[0;31mE (1609) NVS: Failed to read IP info from NVS[0m
I (1613) wifi:Disabled PMF config for STA
[0;32mI (1617) bridge_wifi: [esp_bridge_wifi_set_config] sta ssid: Tran Con Dev password: password[0m
[0;32mI (1626) bridge_wifi: [esp_bridge_wifi_set_config] softap ssid: ESP_Bridge_1151a9 password: 12345678[0m
I (1807) wifi:Total power save buffer number: 8
[0;32mI (1810) esp_netif_lwip: DHCP server started on interface WIFI_AP_DEF with IP: 192.168.5.1[0m
[0;32mI (1810) bridge_wifi: SoftAP config changed, deauth all station[0m
[0;32mI (1816) Mesh-Lite: esp-mesh-lite component version: 1.0.0[0m
I (1823) ESPNOW: espnow [version: 1.0] init
[0;32mI (1826) [vendor_ie]: Mesh-Lite commit id: bc9302d
 [0m
[0;32mI (1832) [vendor_ie]: Mesh ID: 77 [0m
[0;32mI (1838) [ESP_Mesh_Lite_Comm]: msg action add success [0m
[0;32mI (1843) [ESP_Mesh_Lite_Comm]: Bind Socket 54, port 6364 [0m
[0;32mI (1848) [ESP_Mesh_Lite_Comm]: Bind Socket 55, port 6363 [0m
[0;32mI (1854) [ESP_Mesh_Lite_Comm]: Bind Socket 56, port 6366 [0m
[0;32mI (1860) [ESP_Mesh_Lite_Comm]: Bind Socket 57, port 6365 [0m
[0;32mI (1867) [mesh-lite-espnow]: Start espnow task [0m
[0;32mI (1872) Mesh-Lite: Mesh-Lite connecting[0m
[0;32mI (1877) [vendor_ie]: esp_mesh_lite_wifi_scan_start return ESP_OK [0m
[0;32mI (1883) gpio: GPIO[25]| InputEn: 1| OutputEn: 0| OpenDrain: 0| Pullup: 1| Pulldown: 0| Intr:2 [0m
[0;32mI (1892) cam_hal: cam init ok[0m
[0;32mI (1896) sccb: pin_sda 26 pin_scl 27[0m
[0;32mI (1900) sccb: sccb_i2c_port=1[0m
[0;32mI (1904) gpio: GPIO[32]| InputEn: 0| OutputEn: 1| OpenDrain: 0| Pullup: 0| Pulldown: 0| Intr:0 [0m
[0;32mI (1943) camera: Detected camera at address=0x30[0m
[0;32mI (1945) camera: Detected OV2640 camera[0m
[0;32mI (1945) camera: Camera PID=0x26 VER=0x42 MIDL=0x7f MIDH=0xa2[0m
[0;32mI (2011) cam_hal: buffer_size: 32768, half_buffer_size: 4096, node_buï¿½ets Jul 29 2019 12:21:46

rst:0x3 (SW_RESET),boot:0x13 (SPI_FAST_FLASH_BOOT)
configsip: 0, SPIWP:0xee
clk_drv:0x00,q_drv:0x00,d_drv:0x00,cs0_drv:0x00,hd_drv:0x00,wp_drv:0x00
mode:DIO, clock div:1
load:0x3fff0030,len:7168
load:0x40078000,len:15464
load:0x40080400,len:4
ho 8 tail 4 room 4
load:0x40080404,len:3684
entry 0x40080614
[0;32mI (179) boot: ESP-IDF v5.3-dirty 2nd stage bootloader[0m
[0;32mI (179) boot: compile time Aug 28 2024 01:45:36[0m
[0;33mW (179) boot: Unicore bootloader[0m
[0;32mI (184) boot: chip revision: v3.1[0m
[0;32mI (188) boot.esp32: SPI Speed      : 80MHz[0m
[0;32mI (193) boot.esp32: SPI Mode       : DIO[0m
[0;32mI (198) boot.esp32: SPI Flash Size : 4MB[0m
[0;32mI (202) boot: Enabling RNG early entropy source...[0m
[0;32mI (208) boot: Partition Table:[0m
[0;32mI (211) boot: ## Label            Usage          Type ST Offset   Length[0m
[0;32mI (219) boot:  0 nvs              WiFi data        01 02 00009000 00004000[0m
[0;32mI (226) boot:  1 otadata          OTA data         01 00 0000d000 00002000[0m
[0;32mI (234) boot:  2 phy_init         RF data          01 01 0000f000 00001000[0m
[0;32mI (242) boot:  3 ota_0            OTA app          00 10 00010000 001e0000[0m
[0;32mI (249) boot:  4 ota_1            OTA app          00 11 001f0000 001e0000[0m
[0;32mI (257) boot:  5 coredump         Unknown data     01 03 003d0000 00010000[0m
[0;32mI (264) boot:  6 reserved         Unknown data     01 fe 003e0000 00020000[0m
[0;32mI (272) boot: End of partition table[0m
[0;32mI (276) esp_image: segment 0: paddr=00010020 vaddr=3f400020 size=2f22ch (193068) map[0m
[0;32mI (339) esp_image: segment 1: paddr=0003f254 vaddr=3ffbdb60 size=00dc4h (  3524) load[0m
[0;32mI (341) esp_image: segment 2: paddr=00040020 vaddr=400d0020 size=c37e8h (800744) map[0m
[0;32mI (571) esp_image: segment 3: paddr=00103810 vaddr=3ffbe924 size=0449ch ( 17564) load[0m
[0;32mI (577) esp_image: segment 4: paddr=00107cb4 vaddr=40080000 size=1e61ch (124444) load[0m
[0;32mI (634) boot: Loaded app from partition at offset 0x10000[0m
[0;32mI (634) boot: Disabling RNG early entropy source...[0m
[0;32mI (646) quad_psram: This chip is ESP32-D0WD[0m
[0;32mI (646) esp_psram: Found 8MB PSRAM device[0m
[0;32mI (646) esp_psram: Speed: 80MHz[0m
[0;32mI (650) esp_psram: PSRAM initialized, cache is in normal (1-core) mode.[0m
[0;33mW (657) esp_psram: Virtual address not enough for PSRAM, map as much as we can. 4MB is mapped[0m
[0;32mI (666) cpu_start: Unicore app[0m
[0;32mI (670) cpu_start: Single core mode[0m
[0;32mI (1207) esp_psram: SPI SRAM memory test OK[0m
[0;32mI (1215) cpu_start: Pro cpu start user code[0m
[0;32mI (1215) cpu_start: cpu freq: 240000000 Hz[0m
[0;32mI (1215) app_init: Application information:[0m
[0;32mI (1219) app_init: Project name:     mesh_local_control[0m
[0;32mI (1224) app_init: App version:      d92472c-dirty[0m
[0;32mI (1230) app_init: Compile time:     Aug 28 2024 09:25:09[0m
[0;32mI (1236) app_init: ELF file SHA256:  c3a144a9b...[0m
[0;32mI (1241) app_init: ESP-IDF:          v5.3-dirty[0m
[0;32mI (1247) efuse_init: Min chip rev:     v0.0[0m
[0;32mI (1251) efuse_init: Max chip rev:     v3.99 [0m
[0;32mI (1256) efuse_init: Chip rev:         v3.1[0m
[0;32mI (1262) heap_init: Initializing. RAM available for dynamic allocation:[0m
[0;32mI (1269) heap_init: At 3FFAE6E0 len 0000F480 (61 KiB): DRAM[0m
[0;32mI (1275) heap_init: At 3FFC7C60 len 000183A0 (96 KiB): DRAM[0m
[0;32mI (1281) heap_init: At 3FFE0440 len 0001FBC0 (126 KiB): D/IRAM[0m
[0;32mI (1288) heap_init: At 40078000 len 00008000 (32 KiB): IRAM[0m
[0;32mI (1294) heap_init: At 4009E61C len 000019E4 (6 KiB): IRAM[0m
[0;32mI (1300) heap_init: At 3FF80000 len 00002000 (8 KiB): RTCRAM[0m
[0;32mI (1307) esp_psram: Adding pool of 4096K of PSRAM memory to heap allocator[0m
[0;32mI (1315) spi_flash: detected chip: generic[0m
[0;32mI (1319) spi_flash: flash io: dio[0m
[0;33mW (1323) i2c: This driver is an old driver, please migrate your application code to adapt `driver/i2c_master.h`[0m
[0;32mI (1345) coexist: coex firmware version: dab85ae96[0m
[0;32mI (1346) main_task: Started on CPU0[0m
[0;32mI (1346) esp_psram: Reserving pool of 32K of internal memory for DMA/internal allocations[0m
[0;32mI (1354) main_task: Calling app_main()[0m
[0;32mI (1369) bridge_common: esp-iot-bridge version: 0.11.8[0m
I (1371) wifi:wifi driver task: 3ffbd678, prio:23, stack:6656, core=0
I (1373) wifi:wifi firmware version: 0caa81945
I (1375) wifi:wifi certification version: v7.0
I (1379) wifi:config NVS flash: enabled
I (1382) wifi:config nano formating: disabled
I (1386) wifi:Init data frame dynamic rx buffer num: 32
I (1391) wifi:Init static rx mgmt buffer num: 5
I (1395) wifi:Init management short buffer num: 32
I (1400) wifi:Init static tx buffer num: 16
I (1404) wifi:Init tx cache buffer num: 32
I (1408) wifi:Init static rx buffer size: 1600
I (1412) wifi:Init static rx buffer num: 10
I (1416) wifi:Init dynamic rx buffer num: 32
[0;32mI (1420) wifi_init: accept mbox: 6[0m
[0;32mI (1424) wifi_init: tcpip mbox: 32[0m
[0;32mI (1428) wifi_init: udp mbox: 6[0m
[0;32mI (1432) wifi_init: tcp mbox: 6[0m
[0;32mI (1435) wifi_init: tcp tx win: 5760[0m
[0;32mI (1440) wifi_init: tcp rx win: 5760[0m
[0;32mI (1444) wifi_init: tcp mss: 1440[0m
[0;32mI (1448) wifi_init: WiFi IRAM OP enabled[0m
[0;32mI (1452) wifi_init: WiFi RX IRAM OP enabled[0m
[0;32mI (1458) phy_init: phy_version 4830,54550f7,Jun 20 2024,14:22:08[0m
I (1528) wifi:mode : null
I (1530) wifi:mode : softAP (08:a6:f7:11:51:a9)
I (1531) wifi:Total power save buffer number: 8
I (1531) wifi:Init max length of beacon: 752/752
I (1533) wifi:Init max length of beacon: 752/752
[0;32mI (1539) esp_netif_lwip: DHCP server started on interface WIFI_AP_DEF with IP: 192.168.4.1[0m
Add netif ap with d92472c(commit id)
[0;32mI (1549) bridge_common: netif list add success[0m
[0;32mI (1555) bridge_common: [WIFI_AP_DEF ][0m
[0;32mI (1559) bridge_common: Set ip info:192.168.5.1[0m
[0;32mI (1564) bridge_wifi: SoftAP IP network segment has changed, deauth all station[0m
I (1573) wifi:Disabled PMF config for SoftAP
I (1576) wifi:Total power save buffer number: 8
[0;32mI (1582) esp_netif_lwip: DHCP server started on interface WIFI_AP_DEF with IP: 192.168.5.1[0m
[0;32mI (1589) bridge_common: [WIFI_AP_DEF ]Name Server1: 114.114.114.114[0m
[0;32mI (1596) bridge_common: DHCPS Restart, deauth all station[0m
Add netif sta with d92472c(commit id)
[0;32mI (1605) bridge_common: netif list add success[0m
I (1611) wifi:mode : sta (08:a6:f7:11:51:a8) + softAP (08:a6:f7:11:51:a9)
I (1617) wifi:enable tsf
[0;31mE (1620) NVS: Failed to read IP info from NVS[0m
I (1624) wifi:Disabled PMF config for STA
[0;32mI (1628) bridge_wifi: [esp_bridge_wifi_set_config] sta ssid: Tran Con Dev password: password[0m
[0;32mI (1637) bridge_wifi: [esp_bridge_wifi_set_config] softap ssid: ESP_Bridge_1151a9 password: 12345678[0m
I (1818) wifi:Total power save buffer number: 8
[0;32mI (1821) esp_netif_lwip: DHCP server started on interface WIFI_AP_DEF with IP: 192.168.5.1[0m
[0;32mI (1821) bridge_wifi: SoftAP config changed, deauth all station[0m
[0;32mI (1827) Mesh-Lite: esp-mesh-lite component version: 1.0.0[0m
I (1834) ESPNOW: espnow [version: 1.0] init
[0;32mI (1837) [vendor_ie]: Mesh-Lite commit id: bc9302d
 [0m
[0;32mI (1843) [vendor_ie]: Mesh ID: 77 [0m
[0;32mI (1849) [ESP_Mesh_Lite_Comm]: msg action add success [0m
[0;32mI (1854) [ESP_Mesh_Lite_Comm]: Bind Socket 54, port 6364 [0m
[0;32mI (1859) [ESP_Mesh_Lite_Comm]: Bind Socket 55, port 6363 [0m
[0;32mI (1865) [ESP_Mesh_Lite_Comm]: Bind Socket 56, port 6366 [0m
[0;32mI (1871) [ESP_Mesh_Lite_Comm]: Bind Socket 57, port 6365 [0m
[0;32mI (1878) [mesh-lite-espnow]: Start espnow task [0m
[0;32mI (1883) Mesh-Lite: Mesh-Lite connecting[0m
[0;32mI (1888) [vendor_ie]: esp_mesh_lite_wifi_scan_start return ESP_OK [0m
[0;32mI (1894) gpio: GPIO[25]| InputEn: 1| OutputEn: 0| OpenDrain: 0| Pullup: 1| Pulldown: 0| Intr:2 [0m
[0;32mI (1903) cam_hal: cam init ok[0m
[0;32mI (1907) sccb: pin_sda 26 pin_scl 27[0m
[0;32mI (1911) sccb: sccb_i2c_port=1[0m
[0;32mI (1915) gpio: GPIO[32]| InputEn: 0| OutputEn: 1| OpenDrain: 0| Pullup: 0| Pulldown: 0| Intr:0 [0m
[0;32mI (1954) camera: Detected camera at address=0x30[0m
[0;32mI (1956) camera: Detected OV2640 camera[0m
[0;32mI (1956) camera: Camera PID=0x26 VER=0x42 MIDL=0x7f MIDH=0xa2[0m
[0;32mI (2022) cam_hal: buffer_size: 32768, half_buffer_size: 4096, node_buffeï¿½ets Jul 29 2019 12:21:46

rst:0x3 (SW_RESET),boot:0x13 (SPI_FAST_FLASH_BOOT)
configsip: 0, SPIWP:0xee
clk_drv:0x00,q_drv:0x00,d_drv:0x00,cs0_drv:0x00,hd_drv:0x00,wp_drv:0x00
mode:DIO, clock div:1
load:0x3fff0030,len:7168
load:0x40078000,len:15464
load:0x40080400,len:4
ho 8 tail 4 room 4
load:0x40080404,len:3684
entry 0x40080614
[0;32mI (179) boot: ESP-IDF v5.3-dirty 2nd stage bootloader[0m
[0;32mI (179) boot: compile time Aug 28 2024 01:45:36[0m
[0;33mW (179) boot: Unicore bootloader[0m
[0;32mI (184) boot: chip revision: v3.1[0m
[0;32mI (188) boot.esp32: SPI Speed      : 80MHz[0m
[0;32mI (193) boot.esp32: SPI Mode       : DIO[0m
[0;32mI (198) boot.esp32: SPI Flash Size : 4MB[0m
[0;32mI (202) boot: Enabling RNG early entropy source...[0m
[0;32mI (208) boot: Partition Table:[0m
[0;32mI (211) boot: ## Label            Usage          Type ST Offset   Length[0m
[0;32mI (219) boot:  0 nvs              WiFi data        01 02 00009000 00004000[0m
[0;32mI (226) boot:  1 otadata          OTA data         01 00 0000d000 00002000[0m
[0;32mI (234) boot:  2 phy_init         RF data          01 01 0000f000 00001000[0m
[0;32mI (242) boot:  3 ota_0            OTA app          00 10 00010000 001e0000[0m
[0;32mI (249) boot:  4 ota_1            OTA app          00 11 001f0000 001e0000[0m
[0;32mI (257) boot:  5 coredump         Unknown data     01 03 003d0000 00010000[0m
[0;32mI (264) boot:  6 reserved         Unknown data     01 fe 003e0000 00020000[0m
[0;32mI (272) boot: End of partition table[0m
[0;32mI (276) esp_image: segment 0: paddr=00010020 vaddr=3f400020 size=2f22ch (193068) map[0m
[0;32mI (339) esp_image: segment 1: paddr=0003f254 vaddr=3ffbdb60 size=00dc4h (  3524) load[0m
[0;32mI (341) esp_image: segment 2: paddr=00040020 vaddr=400d0020 size=c37e8h (800744) map[0m
[0;32mI (571) esp_image: segment 3: paddr=00103810 vaddr=3ffbe924 size=0449ch ( 17564) load[0m
[0;32mI (577) esp_image: segment 4: paddr=00107cb4 vaddr=40080000 size=1e61ch (124444) load[0m
[0;32mI (634) boot: Loaded app from partition at offset 0x10000[0m
[0;32mI (634) boot: Disabling RNG early entropy source...[0m
[0;32mI (646) quad_psram: This chip is ESP32-D0WD[0m
[0;32mI (646) esp_psram: Found 8MB PSRAM device[0m
[0;32mI (646) esp_psram: Speed: 80MHz[0m
[0;32mI (650) esp_psram: PSRAM initialized, cache is in normal (1-core) mode.[0m
[0;33mW (657) esp_psram: Virtual address not enough for PSRAM, map as much as we can. 4MB is mapped[0m
[0;32mI (666) cpu_start: Unicore app[0m
[0;32mI (670) cpu_start: Single core mode[0m
[0;32mI (1207) esp_psram: SPI SRAM memory test OK[0m
[0;32mI (1215) cpu_start: Pro cpu start user code[0m
[0;32mI (1215) cpu_start: cpu freq: 240000000 Hz[0m
[0;32mI (1215) app_init: Application information:[0m
[0;32mI (1219) app_init: Project name:     mesh_local_control[0m
[0;32mI (1224) app_init: App version:      d92472c-dirty[0m
[0;32mI (1230) app_init: Compile time:     Aug 28 2024 09:25:09[0m
[0;32mI (1236) app_init: ELF file SHA256:  c3a144a9b...[0m
[0;32mI (1241) app_init: ESP-IDF:          v5.3-dirty[0m
[0;32mI (1247) efuse_init: Min chip rev:     v0.0[0m
[0;32mI (1251) efuse_init: Max chip rev:     v3.99 [0m
[0;32mI (1256) efuse_init: Chip rev:         v3.1[0m
[0;32mI (1262) heap_init: Initializing. RAM available for dynamic allocation:[0m
[0;32mI (1269) heap_init: At 3FFAE6E0 len 0000F480 (61 KiB): DRAM[0m
[0;32mI (1275) heap_init: At 3FFC7C60 len 000183A0 (96 KiB): DRAM[0m
[0;32mI (1281) heap_init: At 3FFE0440 len 0001FBC0 (126 KiB): D/IRAM[0m
[0;32mI (1288) heap_init: At 40078000 len 00008000 (32 KiB): IRAM[0m
[0;32mI (1294) heap_init: At 4009E61C len 000019E4 (6 KiB): IRAM[0m
[0;32mI (1300) heap_init: At 3FF80000 len 00002000 (8 KiB): RTCRAM[0m
[0;32mI (1307) esp_psram: Adding pool of 4096K of PSRAM memory to heap allocator[0m
[0;32mI (1315) spi_flash: detected chip: generic[0m
[0;32mI (1319) spi_flash: flash io: dio[0m
[0;33mW (1323) i2c: This driver is an old driver, please migrate your application code to adapt `driver/i2c_master.h`[0m
[0;32mI (1345) coexist: coex firmware version: dab85ae96[0m
[0;32mI (1346) main_task: Started on CPU0[0m
[0;32mI (1346) esp_psram: Reserving pool of 32K of internal memory for DMA/internal allocations[0m
[0;32mI (1354) main_task: Calling app_main()[0m
[0;32mI (1369) bridge_common: esp-iot-bridge version: 0.11.8[0m
I (1371) wifi:wifi driver task: 3ffbd678, prio:23, stack:6656, core=0
I (1373) wifi:wifi firmware version: 0caa81945
I (1375) wifi:wifi certification version: v7.0
I (1379) wifi:config NVS flash: enabled
I (1382) wifi:config nano formating: disabled
I (1386) wifi:Init data frame dynamic rx buffer num: 32
I (1391) wifi:Init static rx mgmt buffer num: 5
I (1395) wifi:Init management short buffer num: 32
I (1400) wifi:Init static tx buffer num: 16
I (1404) wifi:Init tx cache buffer num: 32
I (1408) wifi:Init static rx buffer size: 1600
I (1412) wifi:Init static rx buffer num: 10
I (1416) wifi:Init dynamic rx buffer num: 32
[0;32mI (1420) wifi_init: accept mbox: 6[0m
[0;32mI (1424) wifi_init: tcpip mbox: 32[0m
[0;32mI (1428) wifi_init: udp mbox: 6[0m
[0;32mI (1432) wifi_init: tcp mbox: 6[0m
[0;32mI (1435) wifi_init: tcp tx win: 5760[0m
[0;32mI (1440) wifi_init: tcp rx win: 5760[0m
[0;32mI (1444) wifi_init: tcp mss: 1440[0m
[0;32mI (1448) wifi_init: WiFi IRAM OP enabled[0m
[0;32mI (1452) wifi_init: WiFi RX IRAM OP enabled[0m
[0;32mI (1458) phy_init: phy_version 4830,54550f7,Jun 20 2024,14:22:08[0m
I (1517) wifi:mode : null
I (1519) wifi:mode : softAP (08:a6:f7:11:51:a9)
I (1520) wifi:Total power save buffer number: 8
I (1521) wifi:Init max length of beacon: 752/752
I (1522) wifi:Init max length of beacon: 752/752
[0;32mI (1528) esp_netif_lwip: DHCP server started on interface WIFI_AP_DEF with IP: 192.168.4.1[0m
Add netif ap with d92472c(commit id)
[0;32mI (1538) bridge_common: netif list add success[0m
[0;32mI (1544) bridge_common: [WIFI_AP_DEF ][0m
[0;32mI (1548) bridge_common: Set ip info:192.168.5.1[0m
[0;32mI (1553) bridge_wifi: SoftAP IP network segment has changed, deauth all station[0m
I (1562) wifi:Disabled PMF config for SoftAP
I (1565) wifi:Total power save buffer number: 8
[0;32mI (1571) esp_netif_lwip: DHCP server started on interface WIFI_AP_DEF with IP: 192.168.5.1[0m
[0;32mI (1578) bridge_common: [WIFI_AP_DEF ]Name Server1: 114.114.114.114[0m
[0;32mI (1585) bridge_common: DHCPS Restart, deauth all station[0m
Add netif sta with d92472c(commit id)
[0;32mI (1594) bridge_common: netif list add success[0m
I (1600) wifi:mode : sta (08:a6:f7:11:51:a8) + softAP (08:a6:f7:11:51:a9)
I (1606) wifi:enable tsf
[0;31mE (1609) NVS: Failed to read IP info from NVS[0m
I (1613) wifi:Disabled PMF config for STA
[0;32mI (1617) bridge_wifi: [esp_bridge_wifi_set_config] sta ssid: Tran Con Dev password: password[0m
[0;32mI (1626) bridge_wifi: [esp_bridge_wifi_set_config] softap ssid: ESP_Bridge_1151a9 password: 12345678[0m
I (1807) wifi:Total power save buffer number: 8
[0;32mI (1810) esp_netif_lwip: DHCP server started on interface WIFI_AP_DEF with IP: 192.168.5.1[0m
[0;32mI (1810) bridge_wifi: SoftAP config changed, deauth all station[0m
[0;32mI (1816) Mesh-Lite: esp-mesh-lite component version: 1.0.0[0m
I (1823) ESPNOW: espnow [version: 1.0] init
[0;32mI (1826) [vendor_ie]: Mesh-Lite commit id: bc9302d
 [0m
[0;32mI (1832) [vendor_ie]: Mesh ID: 77 [0m
[0;32mI (1838) [ESP_Mesh_Lite_Comm]: msg action add success [0m
[0;32mI (1843) [ESP_Mesh_Lite_Comm]: Bind Socket 54, port 6364 [0m
[0;32mI (1848) [ESP_Mesh_Lite_Comm]: Bind Socket 55, port 6363 [0m
[0;32mI (1854) [ESP_Mesh_Lite_Comm]: Bind Socket 56, port 6366 [0m
[0;32mI (1860) [ESP_Mesh_Lite_Comm]: Bind Socket 57, port 6365 [0m
[0;32mI (1867) [mesh-lite-espnow]: Start espnow task [0m
[0;32mI (1872) Mesh-Lite: Mesh-Lite connecting[0m
[0;32mI (1877) [vendor_ie]: esp_mesh_lite_wifi_scan_start return ESP_OK [0m
[0;32mI (1883) gpio: GPIO[25]| InputEn: 1| OutputEn: 0| OpenDrain: 0| Pullup: 1| Pulldown: 0| Intr:2 [0m
[0;32mI (1892) cam_hal: cam init ok[0m
[0;32mI (1896) sccb: pin_sda 26 pin_scl 27[0m
[0;32mI (1900) sccb: sccb_i2c_port=1[0m
[0;32mI (1904) gpio: GPIO[32]| InputEn: 0| OutputEn: 1| OpenDrain: 0| Pullup: 0| Pulldown: 0| Intr:0 [0m
[0;32mI (1943) camera: Detected camera at address=0x30[0m
[0;32mI (1945) camera: Detected OV2640 camera[0m
[0;32mI (1945) camera: Camera PID=0x26 VER=0x42 MIDL=0x7f MIDH=0xa2[0m
[0;32mI (2011) cam_hal: buffer_size: 32768, half_buffer_size: 4096, node_buffer_size: 2ï¿½ets Jul 29 2019 12:21:46

rst:0x3 (SW_RESET),boot:0x13 (SPI_FAST_FLASH_BOOT)
configsip: 0, SPIWP:0xee
clk_drv:0x00,q_drv:0x00,d_drv:0x00,cs0_drv:0x00,hd_drv:0x00,wp_drv:0x00
mode:DIO, clock div:1
load:0x3fff0030,len:7168
load:0x40078000,len:15464
load:0x40080400,len:4
ho 8 tail 4 room 4
load:0x40080404,len:3684
entry 0x40080614
[0;32mI (179) boot: ESP-IDF v5.3-dirty 2nd stage bootloader[0m
[0;32mI (179) boot: compile time Aug 28 2024 01:45:36[0m
[0;33mW (179) boot: Unicore bootloader[0m
[0;32mI (184) boot: chip revision: v3.1[0m
[0;32mI (188) boot.esp32: SPI Speed      : 80MHz[0m
[0;32mI (193) boot.esp32: SPI Mode       : DIO[0m
[0;32mI (198) boot.esp32: SPI Flash Size : 4MB[0m
[0;32mI (202) boot: Enabling RNG early entropy source...[0m
[0;32mI (208) boot: Partition Table:[0m
[0;32mI (212) boot: ## Label            Usage          Type ST Offset   Length[0m
[0;32mI (219) boot:  0 nvs              WiFi data        01 02 00009000 00004000[0m
[0;32mI (226) boot:  1 otadata          OTA data         01 00 0000d000 00002000[0m
[0;32mI (234) boot:  2 phy_init         RF data          01 01 0000f000 00001000[0m
[0;32mI (242) boot:  3 ota_0            OTA app          00 10 00010000 001e0000[0m
[0;32mI (249) boot:  4 ota_1            OTA app          00 11 001f0000 001e0000[0m
[0;32mI (257) boot:  5 coredump         Unknown data     01 03 003d0000 00010000[0m
[0;32mI (264) boot:  6 reserved         Unknown data     01 fe 003e0000 00020000[0m
[0;32mI (272) boot: End of partition table[0m
[0;32mI (276) esp_image: segment 0: paddr=00010020 vaddr=3f400020 size=2f22ch (193068) map[0m
[0;32mI (339) esp_image: segment 1: paddr=0003f254 vaddr=3ffbdb60 size=00dc4h (  3524) load[0m
[0;32mI (341) esp_image: segment 2: paddr=00040020 vaddr=400d0020 size=c37e8h (800744) map[0m
[0;32mI (571) esp_image: segment 3: paddr=00103810 vaddr=3ffbe924 size=0449ch ( 17564) load[0m
[0;32mI (577) esp_image: segment 4: paddr=00107cb4 vaddr=40080000 size=1e61ch (124444) load[0m
[0;32mI (634) boot: Loaded app from partition at offset 0x10000[0m
[0;32mI (634) boot: Disabling RNG early entropy source...[0m
[0;32mI (646) quad_psram: This chip is ESP32-D0WD[0m
[0;32mI (646) esp_psram: Found 8MB PSRAM device[0m
[0;32mI (646) esp_psram: Speed: 80MHz[0m
[0;32mI (650) esp_psram: PSRAM initialized, cache is in normal (1-core) mode.[0m
[0;33mW (657) esp_psram: Virtual address not enough for PSRAM, map as much as we can. 4MB is mapped[0m
[0;32mI (666) cpu_start: Unicore app[0m
[0;32mI (670) cpu_start: Single core mode[0m
[0;32mI (1207) esp_psram: SPI SRAM memory test OK[0m
[0;32mI (1215) cpu_start: Pro cpu start user code[0m
[0;32mI (1215) cpu_start: cpu freq: 240000000 Hz[0m
[0;32mI (1215) app_init: Application information:[0m
[0;32mI (1219) app_init: Project name:     mesh_local_control[0m
[0;32mI (1224) app_init: App version:      d92472c-dirty[0m
[0;32mI (1230) app_init: Compile time:     Aug 28 2024 09:25:09[0m
[0;32mI (1236) app_init: ELF file SHA256:  c3a144a9b...[0m
[0;32mI (1241) app_init: ESP-IDF:          v5.3-dirty[0m
[0;32mI (1247) efuse_init: Min chip rev:     v0.0[0m
[0;32mI (1251) efuse_init: Max chip rev:     v3.99 [0m
[0;32mI (1256) efuse_init: Chip rev:         v3.1[0m
[0;32mI (1262) heap_init: Initializing. RAM available for dynamic allocation:[0m
[0;32mI (1269) heap_init: At 3FFAE6E0 len 0000F480 (61 KiB): DRAM[0m
[0;32mI (1275) heap_init: At 3FFC7C60 len 000183A0 (96 KiB): DRAM[0m
[0;32mI (1281) heap_init: At 3FFE0440 len 0001FBC0 (126 KiB): D/IRAM[0m
[0;32mI (1288) heap_init: At 40078000 len 00008000 (32 KiB): IRAM[0m
[0;32mI (1294) heap_init: At 4009E61C len 000019E4 (6 KiB): IRAM[0m
[0;32mI (1300) heap_init: At 3FF80000 len 00002000 (8 KiB): RTCRAM[0m
[0;32mI (1307) esp_psram: Adding pool of 4096K of PSRAM memory to heap allocator[0m
[0;32mI (1315) spi_flash: detected chip: generic[0m
[0;32mI (1319) spi_flash: flash io: dio[0m
[0;33mW (1323) i2c: This driver is an old driver, please migrate your application code to adapt `driver/i2c_master.h`[0m
[0;32mI (1345) coexist: coex firmware version: dab85ae96[0m
[0;32mI (1346) main_task: Started on CPU0[0m
[0;32mI (1346) esp_psram: Reserving pool of 32K of internal memory for DMA/internal allocations[0m
[0;32mI (1354) main_task: Calling app_main()[0m
[0;32mI (1369) bridge_common: esp-iot-bridge version: 0.11.8[0m
I (1371) wifi:wifi driver task: 3ffbd678, prio:23, stack:6656, core=0
I (1373) wifi:wifi firmware version: 0caa81945
I (1375) wifi:wifi certification version: v7.0
I (1379) wifi:config NVS flash: enabled
I (1382) wifi:config nano formating: disabled
I (1386) wifi:Init data frame dynamic rx buffer num: 32
I (1391) wifi:Init static rx mgmt buffer num: 5
I (1395) wifi:Init management short buffer num: 32
I (1400) wifi:Init static tx buffer num: 16
I (1404) wifi:Init tx cache buffer num: 32
I (1408) wifi:Init static rx buffer size: 1600
I (1412) wifi:Init static rx buffer num: 10
I (1416) wifi:Init dynamic rx buffer num: 32
[0;32mI (1420) wifi_init: accept mbox: 6[0m
[0;32mI (1424) wifi_init: tcpip mbox: 32[0m
[0;32mI (1428) wifi_init: udp mbox: 6[0m
[0;32mI (1432) wifi_init: tcp mbox: 6[0m
[0;32mI (1435) wifi_init: tcp tx win: 5760[0m
[0;32mI (1440) wifi_init: tcp rx win: 5760[0m
[0;32mI (1444) wifi_init: tcp mss: 1440[0m
[0;32mI (1448) wifi_init: WiFi IRAM OP enabled[0m
[0;32mI (1452) wifi_init: WiFi RX IRAM OP enabled[0m
[0;32mI (1458) phy_init: phy_version 4830,54550f7,Jun 20 2024,14:22:08[0m
I (1517) wifi:mode : null
I (1519) wifi:mode : softAP (08:a6:f7:11:51:a9)
I (1520) wifi:Total power save buffer number: 8
I (1521) wifi:Init max length of beacon: 752/752
I (1522) wifi:Init max length of beacon: 752/752
[0;32mI (1528) esp_netif_lwip: DHCP server started on interface WIFI_AP_DEF with IP: 192.168.4.1[0m
Add netif ap with d92472c(commit id)
[0;32mI (1538) bridge_common: netif list add success[0m
[0;32mI (1544) bridge_common: [WIFI_AP_DEF ][0m
[0;32mI (1548) bridge_common: Set ip info:192.168.5.1[0m
[0;32mI (1553) bridge_wifi: SoftAP IP network segment has changed, deauth all station[0m
I (1562) wifi:Disabled PMF config for SoftAP
I (1565) wifi:Total power save buffer number: 8
[0;32mI (1571) esp_netif_lwip: DHCP server started on interface WIFI_AP_DEF with IP: 192.168.5.1[0m
[0;32mI (1578) bridge_common: [WIFI_AP_DEF ]Name Server1: 114.114.114.114[0m
[0;32mI (1585) bridge_common: DHCPS Restart, deauth all station[0m
Add netif sta with d92472c(commit id)
[0;32mI (1594) bridge_common: netif list add success[0m
I (1600) wifi:mode : sta (08:a6:f7:11:51:a8) + softAP (08:a6:f7:11:51:a9)
I (1606) wifi:enable tsf
[0;31mE (1609) NVS: Failed to read IP info from NVS[0m
I (1613) wifi:Disabled PMF config for STA
[0;32mI (1617) bridge_wifi: [esp_bridge_wifi_set_config] sta ssid: Tran Con Dev password: password[0m
[0;32mI (1626) bridge_wifi: [esp_bridge_wifi_set_config] softap ssid: ESP_Bridge_1151a9 password: 12345678[0m
I (1807) wifi:Total power save buffer number: 8
[0;32mI (1810) esp_netif_lwip: DHCP server started on interface WIFI_AP_DEF with IP: 192.168.5.1[0m
[0;32mI (1810) bridge_wifi: SoftAP config changed, deauth all station[0m
[0;32mI (1816) Mesh-Lite: esp-mesh-lite component version: 1.0.0[0m
I (1823) ESPNOW: espnow [version: 1.0] init
[0;32mI (1826) [vendor_ie]: Mesh-Lite commit id: bc9302d
 [0m
[0;32mI (1832) [vendor_ie]: Mesh ID: 77 [0m
[0;32mI (1838) [ESP_Mesh_Lite_Comm]: msg action add success [0m
[0;32mI (1843) [ESP_Mesh_Lite_Comm]: Bind Socket 54, port 6364 [0m
[0;32mI (1848) [ESP_Mesh_Lite_Comm]: Bind Socket 55, port 6363 [0m
[0;32mI (1854) [ESP_Mesh_Lite_Comm]: Bind Socket 56, port 6366 [0m
[0;32mI (1860) [ESP_Mesh_Lite_Comm]: Bind Socket 57, port 6365 [0m
[0;32mI (1867) [mesh-lite-espnow]: Start espnow task [0m
[0;32mI (1872) Mesh-Lite: Mesh-Lite connecting[0m
[0;32mI (1877) [vendor_ie]: esp_mesh_lite_wifi_scan_start return ESP_OK [0m
[0;32mI (1883) gpio: GPIO[25]| InputEn: 1| OutputEn: 0| OpenDrain: 0| Pullup: 1| Pulldown: 0| Intr:2 [0m
[0;32mI (1892) cam_hal: cam init ok[0m
[0;32mI (1896) sccb: pin_sda 26 pin_scl 27[0m
[0;32mI (1900) sccb: sccb_i2c_port=1[0m
[0;32mI (1904) gpio: GPIO[32]| InputEn: 0| OutputEn: 1| OpenDrain: 0| Pullup: 0| Pulldown: 0| Intr:0 [0m
[0;32mI (1943) camera: Detected camera at address=0x30[0m
[0;32mI (1945) camera: Detected OV2640 camera[0m
[0;32mI (1945) camera: Camera PID=0x26 VER=0x42 MIDL=0x7f MIDH=0xa2[0m
[0;32mI (2011) cam_hal: buffer_size: 32768, half_buffer_size: 4096, node_buffer_size: 20ï¿½ets Jul 29 2019 12:21:46

rst:0x3 (SW_RESET),boot:0x13 (SPI_FAST_FLASH_BOOT)
configsip: 0, SPIWP:0xee
clk_drv:0x00,q_drv:0x00,d_drv:0x00,cs0_drv:0x00,hd_drv:0x00,wp_drv:0x00
mode:DIO, clock div:1
load:0x3fff0030,len:7168
load:0x40078000,len:15464
load:0x40080400,len:4
ho 8 tail 4 room 4
load:0x40080404,len:3684
entry 0x40080614
[0;32mI (179) boot: ESP-IDF v5.3-dirty 2nd stage bootloader[0m
[0;32mI (179) boot: compile time Aug 28 2024 01:45:36[0m
[0;33mW (179) boot: Unicore bootloader[0m
[0;32mI (184) boot: chip revision: v3.1[0m
[0;32mI (188) boot.esp32: SPI Speed      : 80MHz[0m
[0;32mI (193) boot.esp32: SPI Mode       : DIO[0m
[0;32mI (198) boot.esp32: SPI Flash Size : 4MB[0m
[0;32mI (202) boot: Enabling RNG early entropy source...[0m
[0;32mI (208) boot: Partition Table:[0m
[0;32mI (211) boot: ## Label            Usage          Type ST Offset   Length[0m
[0;32mI (219) boot:  0 nvs              WiFi data        01 02 00009000 00004000[0m
[0;32mI (226) boot:  1 otadata          OTA data         01 00 0000d000 00002000[0m
[0;32mI (234) boot:  2 phy_init         RF data          01 01 0000f000 00001000[0m
[0;32mI (242) boot:  3 ota_0            OTA app          00 10 00010000 001e0000[0m
[0;32mI (249) boot:  4 ota_1            OTA app          00 11 001f0000 001e0000[0m
[0;32mI (257) boot:  5 coredump         Unknown data     01 03 003d0000 00010000[0m
[0;32mI (264) boot:  6 reserved         Unknown data     01 fe 003e0000 00020000[0m
[0;32mI (272) boot: End of partition table[0m
[0;32mI (276) esp_image: segment 0: paddr=00010020 vaddr=3f400020 size=2f22ch (193068) map[0m
[0;32mI (339) esp_image: segment 1: paddr=0003f254 vaddr=3ffbdb60 size=00dc4h (  3524) load[0m
[0;32mI (341) esp_image: segment 2: paddr=00040020 vaddr=400d0020 size=c37e8h (800744) map[0m
ï¿½ets Jul 29 2019 12:21:46

rst:0x1 (POWERON_RESET),boot:0x13 (SPI_FAST_FLASH_BOOT)
configsip: 0, SPIWP:0xee
clk_drv:0x00,q_drv:0x00,d_drv:0x00,cs0_drv:0x00,hd_drv:0x00,wp_drv:0x00
mode:DIO, clock div:1
load:0x3fff0030,len:7168
load:0x40078000,len:15464
load:0x40080400,len:4
ho 8 tail 4 room 4
load:0x40080404,len:3684
entry 0x40080614
[0;32mI (31) boot: ESP-IDF v5.3-dirty 2nd stage bootloader[0m
[0;32mI (31) boot: compile time Aug 28 2024 01:45:36[0m
[0;33mW (31) boot: Unicore bootloader[0m
[0;32mI (35) boot: chip revision: v3.1[0m
[0;32mI (39) boot.esp32: SPI Speed      : 80MHz[0m
[0;32mI (44) boot.esp32: SPI Mode       : DIO[0m
[0;32mI (48) boot.esp32: SPI Flash Size : 4MB[0m
[0;32mI (53) boot: Enabling RNG early entropy source...[0m
[0;32mI (58) boot: Partition Table:[0m
[0;32mI (62) boot: ## Label            Usage          Type ST Offset   Length[0m
[0;32mI (69) boot:  0 nvs              WiFi data        01 02 00009000 00004000[0m
[0;32mI (77) boot:  1 otadata          OTA data         01 00 0000d000 00002000[0m
[0;32mI (84) boot:  2 phy_init         RF data          01 01 0000f000 00001000[0m
[0;32mI (92) boot:  3 ota_0            OTA app          00 10 00010000 001e0000[0m
[0;32mI (99) boot:  4 ota_1            OTA app          00 11 001f0000 001e0000[0m
[0;32mI (107) boot:  5 coredump         Unknown data     01 03 003d0000 00010000[0m
[0;32mI (114) boot:  6 reserved         Unknown data     01 fe 003e0000 00020000[0m
[0;32mI (122) boot: End of partition table[0m
[0;32mI (126) esp_image: segment 0: paddr=00010020 vaddr=3f400020 size=2f22ch (193068) map[0m
[0;32mI (189) esp_image: segment 1: paddr=0003f254 vaddr=3ffbdb60 size=00dc4h (  3524) load[0m
[0;32mI (191) esp_image: segment 2: paddr=00040020 vaddr=400d0020 size=c37e8h (800744) map[0m
[0;32mI (421) esp_image: segment 3: paddr=00103810 vaddr=3ffbe924 size=0449ch ( 17564) load[0m
[0;32mI (427) esp_image: segment 4: paddr=00107cb4 vaddr=40080000 size=1e61ch (124444) load[0m
[0;32mI (484) boot: Loaded app from partition at offset 0x10000[0m
[0;32mI (484) boot: Disabling RNG early entropy source...[0m
[0;32mI (496) quad_psram: This chip is ESP32-D0WD[0m
[0;32mI (496) esp_psram: Found 8MB PSRAM device[0m
[0;32mI (496) esp_psram: Speed: 80MHz[0m
[0;32mI (500) esp_psram: PSRAM initialized, cache is in normal (1-core) mode.[0m
[0;33mW (507) esp_psram: Virtual address not enough for PSRAM, map as much as we can. 4MB is mapped[0m
[0;32mI (516) cpu_start: Unicore app[0m
[0;32mI (520) cpu_start: Single core mode[0m
[0;32mI (1057) esp_psram: SPI SRAM memory test OK[0m
[0;32mI (1065) cpu_start: Pro cpu start user code[0m
[0;32mI (1065) cpu_start: cpu freq: 240000000 Hz[0m
[0;32mI (1065) app_init: Application information:[0m
[0;32mI (1069) app_init: Project name:     mesh_local_control[0m
[0;32mI (1074) app_init: App version:      d92472c-dirty[0m
[0;32mI (1080) app_init: Compile time:     Aug 28 2024 09:25:09[0m
[0;32mI (1086) app_init: ELF file SHA256:  c3a144a9b...[0m
[0;32mI (1091) app_init: ESP-IDF:          v5.3-dirty[0m
[0;32mI (1097) efuse_init: Min chip rev:     v0.0[0m
[0;32mI (1101) efuse_init: Max chip rev:     v3.99 [0m
[0;32mI (1106) efuse_init: Chip rev:         v3.1[0m
[0;32mI (1112) heap_init: Initializing. RAM available for dynamic allocation:[0m
[0;32mI (1119) heap_init: At 3FFAE6E0 len 0000F480 (61 KiB): DRAM[0m
[0;32mI (1125) heap_init: At 3FFC7C60 len 000183A0 (96 KiB): DRAM[0m
[0;32mI (1131) heap_init: At 3FFE0440 len 0001FBC0 (126 KiB): D/IRAM[0m
[0;32mI (1138) heap_init: At 40078000 len 00008000 (32 KiB): IRAM[0m
[0;32mI (1144) heap_init: At 4009E61C len 000019E4 (6 KiB): IRAM[0m
[0;32mI (1150) heap_init: At 3FF80000 len 00002000 (8 KiB): RTCRAM[0m
[0;32mI (1157) esp_psram: Adding pool of 4096K of PSRAM memory to heap allocator[0m
[0;32mI (1165) spi_flash: detected chip: generic[0m
[0;32mI (1169) spi_flash: flash io: dio[0m
[0;33mW (1173) i2c: This driver is an old driver, please migrate your application code to adapt `driver/i2c_master.h`[0m
[0;32mI (1195) coexist: coex firmware version: dab85ae96[0m
[0;32mI (1196) main_task: Started on CPU0[0m
[0;32mI (1196) esp_psram: Reserving pool of 32K of internal memory for DMA/internal allocations[0m
[0;32mI (1204) main_task: Calling app_main()[0m
[0;32mI (1219) bridge_common: esp-iot-bridge version: 0.11.8[0m
I (1221) wifi:wifi driver task: 3ffbd678, prio:23, stack:6656, core=0
I (1223) wifi:wifi firmware version: 0caa81945
I (1225) wifi:wifi certification version: v7.0
I (1229) wifi:config NVS flash: enabled
I (1232) wifi:config nano formating: disabled
I (1236) wifi:Init data frame dynamic rx buffer num: 32
I (1241) wifi:Init static rx mgmt buffer num: 5
I (1245) wifi:Init management short buffer num: 32
I (1250) wifi:Init static tx buffer num: 16
I (1254) wifi:Init tx cache buffer num: 32
I (1258) wifi:Init static rx buffer size: 1600
I (1262) wifi:Init static rx buffer num: 10
I (1266) wifi:Init dynamic rx buffer num: 32
[0;32mI (1270) wifi_init: accept mbox: 6[0m
[0;32mI (1274) wifi_init: tcpip mbox: 32[0m
[0;32mI (1278) wifi_init: udp mbox: 6[0m
[0;32mI (1282) wifi_init: tcp mbox: 6[0m
[0;32mI (1285) wifi_init: tcp tx win: 5760[0m
[0;32mI (1290) wifi_init: tcp rx win: 5760[0m
[0;32mI (1294) wifi_init: tcp mss: 1440[0m
[0;32mI (1298) wifi_init: WiFi IRAM OP enabled[0m
[0;32mI (1302) wifi_init: WiFi RX IRAM OP enabled[0m
[0;32mI (1308) phy_init: phy_version 4830,54550f7,Jun 20 2024,14:22:08[0m
I (1367) wifi:mode : null
I (1369) wifi:mode : softAP (08:a6:f7:11:51:a9)
I (1370) wifi:Total power save buffer number: 8
I (1371) wifi:Init max length of beacon: 752/752
I (1372) wifi:Init max length of beacon: 752/752
[0;32mI (1378) esp_netif_lwip: DHCP server started on interface WIFI_AP_DEF with IP: 192.168.4.1[0m
Add netif ap with d92472c(commit id)
[0;32mI (1388) bridge_common: netif list add success[0m
[0;32mI (1394) bridge_common: [WIFI_AP_DEF ][0m
[0;32mI (1399) bridge_common: Set ip info:192.168.5.1[0m
[0;32mI (1403) bridge_wifi: SoftAP IP network segment has changed, deauth all station[0m
I (1412) wifi:Disabled PMF config for SoftAP
I (1415) wifi:Total power save buffer number: 8
[0;32mI (1421) esp_netif_lwip: DHCP server started on interface WIFI_AP_DEF with IP: 192.168.5.1[0m
[0;32mI (1428) bridge_common: [WIFI_AP_DEF ]Name Server1: 114.114.114.114[0m
[0;32mI (1435) bridge_common: DHCPS Restart, deauth all station[0m
Add netif sta with d92472c(commit id)
[0;32mI (1444) bridge_common: netif list add success[0m
I (1450) wifi:mode : sta (08:a6:f7:11:51:a8) + softAP (08:a6:f7:11:51:a9)
I (1456) wifi:enable tsf
[0;31mE (1459) NVS: Failed to read IP info from NVS[0m
I (1463) wifi:Disabled PMF config for STA
[0;32mI (1467) bridge_wifi: [esp_bridge_wifi_set_config] sta ssid: Tran Con Dev password: password[0m
[0;32mI (1476) bridge_wifi: [esp_bridge_wifi_set_config] softap ssid: ESP_Bridge_1151a9 password: 12345678[0m
I (1657) wifi:Total power save buffer number: 8
[0;32mI (1660) esp_netif_lwip: DHCP server started on interface WIFI_AP_DEF with IP: 192.168.5.1[0m
[0;32mI (1660) bridge_wifi: SoftAP config changed, deauth all station[0m
[0;32mI (1666) Mesh-Lite: esp-mesh-lite component version: 1.0.0[0m
I (1673) ESPNOW: espnow [version: 1.0] init
[0;32mI (1676) [vendor_ie]: Mesh-Lite commit id: bc9302d
 [0m
[0;32mI (1682) [vendor_ie]: Mesh ID: 77 [0m
[0;32mI (1688) [ESP_Mesh_Lite_Comm]: msg action add success [0m
[0;32mI (1693) [ESP_Mesh_Lite_Comm]: Bind Socket 54, port 6364 [0m
[0;32mI (1698) [ESP_Mesh_Lite_Comm]: Bind Socket 55, port 6363 [0m
[0;32mI (1704) [ESP_Mesh_Lite_Comm]: Bind Socket 56, port 6366 [0m
[0;32mI (1710) [ESP_Mesh_Lite_Comm]: Bind Socket 57, port 6365 [0m
[0;32mI (1717) [mesh-lite-espnow]: Start espnow task [0m
[0;32mI (1722) Mesh-Lite: Mesh-Lite connecting[0m
[0;32mI (1727) [vendor_ie]: esp_mesh_lite_wifi_scan_start return ESP_OK [0m
[0;32mI (1733) gpio: GPIO[25]| InputEn: 1| OutputEn: 0| OpenDrain: 0| Pullup: 1| Pulldown: 0| Intr:2 [0m
[0;32mI (1742) cam_hal: cam init ok[0m
[0;32mI (1746) sccb: pin_sda 26 pin_scl 27[0m
[0;32mI (1750) sccb: sccb_i2c_port=1[0m
[0;32mI (1754) gpio: GPIO[32]| InputEn: 0| OutputEn: 1| OpenDrain: 0| Pullup: 0| Pulldown: 0| Intr:0 [0m
[0;32mI (1793) camera: Detected camera at address=0x30[0m
[0;32mI (1795) camera: Detected OV2640 camera[0m
[0;32mI (1795) camera: Camera PID=0x26 VER=0x42 MIDL=0x7f MIDH=0xa2[0m
[0;32mI (1861) cam_hal: buffer_size: 32768, half_buffer_size: 4096, node_buffer_size: 2048, node_cnt: 16, total_cnt: 7[0m
[0;32mI (1861) cam_hal: Allocating 30720 Byte frame buffer in PSRAM[0m
[0;32mI (1867) cam_hal: Allocating 30720 Byte frame buffer in PSRAM[0m
[0;32mI (1874) cam_hal: cam config ok[0m
[0;32mI (1878) ov2640: Set PLL: clk_2x: 0, clk_div: 0, pclk_auto: 0, pclk_div: 8[0m
[0;32mI (1956) rc522: Initialized (firmware v2.0)[0m
ï¿½ets Jul 29 2019 12:21:46

rst:0x3 (SW_RESET),boot:0x13 (SPI_FAST_FLASH_BOOT)
configsip: 0, SPIWP:0xee
clk_drv:0x00,q_drv:0x00,d_drv:0x00,cs0_drv:0x00,hd_drv:0x00,wp_drv:0x00
mode:DIO, clock div:1
load:0x3fff0030,len:7168
load:0x40078000,len:15464
load:0x40080400,len:4
ho 8 tail 4 room 4
load:0x40080404,len:3684
entry 0x40080614
[0;32mI (179) boot: ESP-IDF v5.3-dirty 2nd stage bootloader[0m
[0;32mI (179) boot: compile time Aug 28 2024 01:45:36[0m
[0;33mW (179) boot: Unicore bootloader[0m
[0;32mI (184) boot: chip revision: v3.1[0m
[0;32mI (188) boot.esp32: SPI Speed      : 80MHz[0m
[0;32mI (193) boot.esp32: SPI Mode       : DIO[0m
[0;32mI (198) boot.esp32: SPI Flash Size : 4MB[0m
[0;32mI (202) boot: Enabling RNG early entropy source...[0m
[0;32mI (208) boot: Partition Table:[0m
[0;32mI (211) boot: ## Label            Usage          Type ST Offset   Length[0m
[0;32mI (219) boot:  0 nvs              WiFi data        01 02 00009000 00004000[0m
[0;32mI (226) boot:  1 otadata          OTA data         01 00 0000d000 00002000[0m
[0;32mI (234) boot:  2 phy_init         RF data          01 01 0000f000 00001000[0m
[0;32mI (242) boot:  3 ota_0            OTA app          00 10 00010000 001e0000[0m
[0;32mI (249) boot:  4 ota_1            OTA app          00 11 001f0000 001e0000[0m
[0;32mI (257) boot:  5 coredump         Unknown data     01 03 003d0000 00010000[0m
[0;32mI (264) boot:  6 reserved         Unknown data     01 fe 003e0000 00020000[0m
[0;32mI (272) boot: End of partition table[0m
[0;32mI (276) esp_image: segment 0: paddr=00010020 vaddr=3f400020 size=2f22ch (193068) map[0m
[0;32mI (339) esp_image: segment 1: paddr=0003f254 vaddr=3ffbdb60 size=00dc4h (  3524) load[0m
[0;32mI (341) esp_image: segment 2: paddr=00040020 vaddr=400d0020 size=c37e8h (800744) map[0m
[0;32mI (571) esp_image: segment 3: paddr=00103810 vaddr=3ffbe924 size=0449ch ( 17564) load[0m
[0;32mI (577) esp_image: segment 4: paddr=00107cb4 vaddr=40080000 size=1e61ch (124444) load[0m
[0;32mI (634) boot: Loaded app from partition at offset 0x10000[0m
[0;32mI (634) boot: Disabling RNG early entropy source...[0m
[0;32mI (646) quad_psram: This chip is ESP32-D0WD[0m
[0;32mI (646) esp_psram: Found 8MB PSRAM device[0m
[0;32mI (646) esp_psram: Speed: 80MHz[0m
[0;32mI (650) esp_psram: PSRAM initialized, cache is in normal (1-core) mode.[0m
[0;33mW (657) esp_psram: Virtual address not enough for PSRAM, map as much as we can. 4MB is mapped[0m
[0;32mI (666) cpu_start: Unicore app[0m
[0;32mI (670) cpu_start: Single core mode[0m
[0;32mI (1207) esp_psram: SPI SRAM memory test OK[0m
[0;32mI (1215) cpu_start: Pro cpu start user code[0m
[0;32mI (1215) cpu_start: cpu freq: 240000000 Hz[0m
[0;32mI (1215) app_init: Application information:[0m
[0;32mI (1219) app_init: Project name:     mesh_local_control[0m
[0;32mI (1224) app_init: App version:      d92472c-dirty[0m
[0;32mI (1230) app_init: Compile time:     Aug 28 2024 09:25:09[0m
[0;32mI (1236) app_init: ELF file SHA256:  c3a144a9b...[0m
[0;32mI (1241) app_init: ESP-IDF:          v5.3-dirty[0m
[0;32mI (1247) efuse_init: Min chip rev:     v0.0[0m
[0;32mI (1251) efuse_init: Max chip rev:     v3.99 [0m
[0;32mI (1256) efuse_init: Chip rev:         v3.1[0m
[0;32mI (1262) heap_init: Initializing. RAM available for dynamic allocation:[0m
[0;32mI (1269) heap_init: At 3FFAE6E0 len 0000F480 (61 KiB): DRAM[0m
[0;32mI (1275) heap_init: At 3FFC7C60 len 000183A0 (96 KiB): DRAM[0m
[0;32mI (1281) heap_init: At 3FFE0440 len 0001FBC0 (126 KiB): D/IRAM[0m
[0;32mI (1288) heap_init: At 40078000 len 00008000 (32 KiB): IRAM[0m
[0;32mI (1294) heap_init: At 4009E61C len 000019E4 (6 KiB): IRAM[0m
[0;32mI (1300) heap_init: At 3FF80000 len 00002000 (8 KiB): RTCRAM[0m
[0;32mI (1307) esp_psram: Adding pool of 4096K of PSRAM memory to heap allocator[0m
[0;32mI (1315) spi_flash: detected chip: generic[0m
[0;32mI (1319) spi_flash: flash io: dio[0m
[0;33mW (1323) i2c: This driver is an old driver, please migrate your application code to adapt `driver/i2c_master.h`[0m
[0;32mI (1345) coexist: coex firmware version: dab85ae96[0m
[0;32mI (1346) main_task: Started on CPU0[0m
[0;32mI (1346) esp_psram: Reserving pool of 32K of internal memory for DMA/internal allocations[0m
[0;32mI (1354) main_task: Calling app_main()[0m
[0;32mI (1369) bridge_common: esp-iot-bridge version: 0.11.8[0m
I (1371) wifi:wifi driver task: 3ffbd678, prio:23, stack:6656, core=0
I (1373) wifi:wifi firmware version: 0caa81945
I (1375) wifi:wifi certification version: v7.0
I (1379) wifi:config NVS flash: enabled
I (1382) wifi:config nano formating: disabled
I (1386) wifi:Init data frame dynamic rx buffer num: 32
I (1391) wifi:Init static rx mgmt buffer num: 5
I (1395) wifi:Init management short buffer num: 32
I (1400) wifi:Init static tx buffer num: 16
I (1404) wifi:Init tx cache buffer num: 32
I (1408) wifi:Init static rx buffer size: 1600
I (1412) wifi:Init static rx buffer num: 10
I (1416) wifi:Init dynamic rx buffer num: 32
[0;32mI (1420) wifi_init: accept mbox: 6[0m
[0;32mI (1424) wifi_init: tcpip mbox: 32[0m
[0;32mI (1428) wifi_init: udp mbox: 6[0m
[0;32mI (1432) wifi_init: tcp mbox: 6[0m
[0;32mI (1435) wifi_init: tcp tx win: 5760[0m
[0;32mI (1440) wifi_init: tcp rx win: 5760[0m
[0;32mI (1444) wifi_init: tcp mss: 1440[0m
[0;32mI (1448) wifi_init: WiFi IRAM OP enabled[0m
[0;32mI (1452) wifi_init: WiFi RX IRAM OP enabled[0m
[0;32mI (1458) phy_init: phy_version 4830,54550f7,Jun 20 2024,14:22:08[0m
I (1525) wifi:mode : null
I (1527) wifi:mode : softAP (08:a6:f7:11:51:a9)
I (1528) wifi:Total power save buffer number: 8
I (1528) wifi:Init max length of beacon: 752/752
I (1530) wifi:Init max length of beacon: 752/752
[0;32mI (1535) esp_netif_lwip: DHCP server started on interface WIFI_AP_DEF with IP: 192.168.4.1[0m
Add netif ap with d92472c(commit id)
[0;32mI (1546) bridge_common: netif list add success[0m
[0;32mI (1552) bridge_common: [WIFI_AP_DEF ][0m
[0;32mI (1556) bridge_common: Set ip info:192.168.5.1[0m
[0;32mI (1561) bridge_wifi: SoftAP IP network segment has changed, deauth all station[0m
I (1570) wifi:Disabled PMF config for SoftAP
I (1573) wifi:Total power save buffer number: 8
[0;32mI (1579) esp_netif_lwip: DHCP server started on interface WIFI_AP_DEF with IP: 192.168.5.1[0m
[0;32mI (1586) bridge_common: [WIFI_AP_DEF ]Name Server1: 114.114.114.114[0m
[0;32mI (1593) bridge_common: DHCPS Restart, deauth all station[0m
Add netif sta with d92472c(commit id)
[0;32mI (1602) bridge_common: netif list add success[0m
I (1608) wifi:mode : sta (08:a6:f7:11:51:a8) + softAP (08:a6:f7:11:51:a9)
I (1614) wifi:enable tsf
[0;31mE (1617) NVS: Failed to read IP info from NVS[0m
I (1621) wifi:Disabled PMF config for STA
[0;32mI (1625) bridge_wifi: [esp_bridge_wifi_set_config] sta ssid: Tran Con Dev password: password[0m
[0;32mI (1634) bridge_wifi: [esp_bridge_wifi_set_config] softap ssid: ESP_Bridge_1151a9 password: 12345678[0m
I (1815) wifi:Total power save buffer number: 8
[0;32mI (1817) esp_netif_lwip: DHCP server started on interface WIFI_AP_DEF with IP: 192.168.5.1[0m
[0;32mI (1818) bridge_wifi: SoftAP config changed, deauth all station[0m
[0;32mI (1824) Mesh-Lite: esp-mesh-lite component version: 1.0.0[0m
I (1830) ESPNOW: espnow [version: 1.0] init
[0;32mI (1834) [vendor_ie]: Mesh-Lite commit id: bc9302d
 [0m
[0;32mI (1840) [vendor_ie]: Mesh ID: 77 [0m
[0;32mI (1846) [ESP_Mesh_Lite_Comm]: msg action add success [0m
[0;32mI (1851) [ESP_Mesh_Lite_Comm]: Bind Socket 54, port 6364 [0m
[0;32mI (1856) [ESP_Mesh_Lite_Comm]: Bind Socket 55, port 6363 [0m
[0;32mI (1862) [ESP_Mesh_Lite_Comm]: Bind Socket 56, port 6366 [0m
[0;32mI (1868) [ESP_Mesh_Lite_Comm]: Bind Socket 57, port 6365 [0m
[0;32mI (1874) [mesh-lite-espnow]: Start espnow task [0m
[0;32mI (1880) Mesh-Lite: Mesh-Lite connecting[0m
[0;32mI (1885) [vendor_ie]: esp_mesh_lite_wifi_scan_start return ESP_OK [0m
[0;32mI (1891) gpio: GPIO[25]| InputEn: 1| OutputEn: 0| OpenDrain: 0| Pullup: 1| Pulldown: 0| Intr:2 [0m
[0;32mI (1900) cam_hal: cam init ok[0m
[0;32mI (1904) sccb: pin_sda 26 pin_scl 27[0m
[0;32mI (1907) sccb: sccb_i2c_port=1[0m
[0;32mI (1912) gpio: GPIO[32]| InputEn: 0| OutputEn: 1| OpenDrain: 0| Pullup: 0| Pulldown: 0| Intr:0 [0m
[0;32mI (1951) camera: Detected camera at address=0x30[0m
[0;32mI (1953) camera: Detected OV2640 camera[0m
[0;32mI (1953) camera: Camera PID=0x26 VER=0x42 MIDL=0x7f MIDH=0xa2[0m
[0;32mI (2019) cam_hal: buffer_size: 32768, half_buffer_size: 4096, node_buffer_size: 2048, ï¿½ets Jul 29 2019 12:21:46

rst:0x3 (SW_RESET),boot:0x13 (SPI_FAST_FLASH_BOOT)
configsip: 0, SPIWP:0xee
clk_drv:0x00,q_drv:0x00,d_drv:0x00,cs0_drv:0x00,hd_drv:0x00,wp_drv:0x00
mode:DIO, clock div:1
load:0x3fff0030,len:7168
load:0x40078000,len:15464
load:0x40080400,len:4
ho 8 tail 4 room 4
load:0x40080404,len:3684
entry 0x40080614
[0;32mI (179) boot: ESP-IDF v5.3-dirty 2nd stage bootloader[0m
[0;32mI (179) boot: compile time Aug 28 2024 01:45:36[0m
[0;33mW (179) boot: Unicore bootloader[0m
[0;32mI (184) boot: chip revision: v3.1[0m
[0;32mI (188) boot.esp32: SPI Speed      : 80MHz[0m
[0;32mI (193) boot.esp32: SPI Mode       : DIO[0m
[0;32mI (198) boot.esp32: SPI Flash Size : 4MB[0m
[0;32mI (202) boot: Enabling RNG early entropy source...[0m
[0;32mI (208) boot: Partition Table:[0m
[0;32mI (211) boot: ## Label            Usage          Type ST Offset   Length[0m
[0;32mI (219) boot:  0 nvs              WiFi data        01 02 00009000 00004000[0m
[0;32mI (226) boot:  1 otadata          OTA data         01 00 0000d000 00002000[0m
[0;32mI (234) boot:  2 phy_init         RF data          01 01 0000f000 00001000[0m
[0;32mI (242) boot:  3 ota_0            OTA app          00 10 00010000 001e0000[0m
[0;32mI (249) boot:  4 ota_1            OTA app          00 11 001f0000 001e0000[0m
[0;32mI (257) boot:  5 coredump         Unknown data     01 03 003d0000 00010000[0m
[0;32mI (264) boot:  6 reserved         Unknown data     01 fe 003e0000 00020000[0m
[0;32mI (272) boot: End of partition table[0m
[0;32mI (276) esp_image: segment 0: paddr=00010020 vaddr=3f400020 size=2f22ch (193068) map[0m
[0;32mI (339) esp_image: segment 1: paddr=0003f254 vaddr=3ffbdb60 size=00dc4h (  3524) load[0m
[0;32mI (341) esp_image: segment 2: paddr=00040020 vaddr=400d0020 size=c37e8h (800744) map[0m
[0;32mI (571) esp_image: segment 3: paddr=00103810 vaddr=3ffbe924 size=0449ch ( 17564) load[0m
[0;32mI (577) esp_image: segment 4: paddr=00107cb4 vaddr=40080000 size=1e61ch (124444) load[0m
[0;32mI (634) boot: Loaded app from partition at offset 0x10000[0m
[0;32mI (634) boot: Disabling RNG early entropy source...[0m
[0;32mI (646) quad_psram: This chip is ESP32-D0WD[0m
[0;32mI (646) esp_psram: Found 8MB PSRAM device[0m
[0;32mI (646) esp_psram: Speed: 80MHz[0m
[0;32mI (650) esp_psram: PSRAM initialized, cache is in normal (1-core) mode.[0m
[0;33mW (657) esp_psram: Virtual address not enough for PSRAM, map as much as we can. 4MB is mapped[0m
[0;32mI (666) cpu_start: Unicore app[0m
[0;32mI (670) cpu_start: Single core mode[0m
[0;32mI (1207) esp_psram: SPI SRAM memory test OK[0m
[0;32mI (1215) cpu_start: Pro cpu start user code[0m
[0;32mI (1215) cpu_start: cpu freq: 240000000 Hz[0m
[0;32mI (1215) app_init: Application information:[0m
[0;32mI (1219) app_init: Project name:     mesh_local_control[0m
[0;32mI (1224) app_init: App version:      d92472c-dirty[0m
[0;32mI (1230) app_init: Compile time:     Aug 28 2024 09:25:09[0m
[0;32mI (1236) app_init: ELF file SHA256:  c3a144a9b...[0m
[0;32mI (1241) app_init: ESP-IDF:          v5.3-dirty[0m
[0;32mI (1247) efuse_init: Min chip rev:     v0.0[0m
[0;32mI (1251) efuse_init: Max chip rev:     v3.99 [0m
[0;32mI (1256) efuse_init: Chip rev:         v3.1[0m
[0;32mI (1262) heap_init: Initializing. RAM available for dynamic allocation:[0m
[0;32mI (1269) heap_init: At 3FFAE6E0 len 0000F480 (61 KiB): DRAM[0m
[0;32mI (1275) heap_init: At 3FFC7C60 len 000183A0 (96 KiB): DRAM[0m
[0;32mI (1281) heap_init: At 3FFE0440 len 0001FBC0 (126 KiB): D/IRAM[0m
[0;32mI (1288) heap_init: At 40078000 len 00008000 (32 KiB): IRAM[0m
[0;32mI (1294) heap_init: At 4009E61C len 000019E4 (6 KiB): IRAM[0m
[0;32mI (1300) heap_init: At 3FF80000 len 00002000 (8 KiB): RTCRAM[0m
[0;32mI (1307) esp_psram: Adding pool of 4096K of PSRAM memory to heap allocator[0m
[0;32mI (1315) spi_flash: detected chip: generic[0m
[0;32mI (1319) spi_flash: flash io: dio[0m
[0;33mW (1323) i2c: This driver is an old driver, please migrate your application code to adapt `driver/i2c_master.h`[0m
[0;32mI (1345) coexist: coex firmware version: dab85ae96[0m
[0;32mI (1346) main_task: Started on CPU0[0m
[0;32mI (1346) esp_psram: Reserving pool of 32K of internal memory for DMA/internal allocations[0m
[0;32mI (1354) main_task: Calling app_main()[0m
[0;32mI (1369) bridge_common: esp-iot-bridge version: 0.11.8[0m
I (1371) wifi:wifi driver task: 3ffbd678, prio:23, stack:6656, core=0
I (1373) wifi:wifi firmware version: 0caa81945
I (1375) wifi:wifi certification version: v7.0
I (1379) wifi:config NVS flash: enabled
I (1382) wifi:config nano formating: disabled
I (1386) wifi:Init data frame dynamic rx buffer num: 32
I (1391) wifi:Init static rx mgmt buffer num: 5
I (1395) wifi:Init management short buffer num: 32
I (1400) wifi:Init static tx buffer num: 16
I (1404) wifi:Init tx cache buffer num: 32
I (1408) wifi:Init static rx buffer size: 1600
I (1412) wifi:Init static rx buffer num: 10
I (1416) wifi:Init dynamic rx buffer num: 32
[0;32mI (1420) wifi_init: accept mbox: 6[0m
[0;32mI (1424) wifi_init: tcpip mbox: 32[0m
[0;32mI (1428) wifi_init: udp mbox: 6[0m
[0;32mI (1432) wifi_init: tcp mbox: 6[0m
[0;32mI (1435) wifi_init: tcp tx win: 5760[0m
[0;32mI (1440) wifi_init: tcp rx win: 5760[0m
[0;32mI (1444) wifi_init: tcp mss: 1440[0m
[0;32mI (1448) wifi_init: WiFi IRAM OP enabled[0m
[0;32mI (1452) wifi_init: WiFi RX IRAM OP enabled[0m
[0;32mI (1458) phy_init: phy_version 4830,54550f7,Jun 20 2024,14:22:08[0m
I (1518) wifi:mode : null
I (1519) wifi:mode : softAP (08:a6:f7:11:51:a9)
I (1520) wifi:Total power save buffer number: 8
I (1521) wifi:Init max length of beacon: 752/752
I (1522) wifi:Init max length of beacon: 752/752
[0;32mI (1528) esp_netif_lwip: DHCP server started on interface WIFI_AP_DEF with IP: 192.168.4.1[0m
Add netif ap with d92472c(commit id)
[0;32mI (1538) bridge_common: netif list add success[0m
[0;32mI (1544) bridge_common: [WIFI_AP_DEF ][0m
[0;32mI (1549) bridge_common: Set ip info:192.168.5.1[0m
[0;32mI (1553) bridge_wifi: SoftAP IP network segment has changed, deauth all station[0m
I (1563) wifi:Disabled PMF config for SoftAP
I (1566) wifi:Total power save buffer number: 8
[0;32mI (1571) esp_netif_lwip: DHCP server started on interface WIFI_AP_DEF with IP: 192.168.5.1[0m
[0;32mI (1578) bridge_common: [WIFI_AP_DEF ]Name Server1: 114.114.114.114[0m
[0;32mI (1585) bridge_common: DHCPS Restart, deauth all station[0m
Add netif sta with d92472c(commit id)
[0;32mI (1595) bridge_common: netif list add success[0m
I (1600) wifi:mode : sta (08:a6:f7:11:51:a8) + softAP (08:a6:f7:11:51:a9)
I (1606) wifi:enable tsf
[0;31mE (1609) NVS: Failed to read IP info from NVS[0m
I (1614) wifi:Disabled PMF config for STA
[0;32mI (1617) bridge_wifi: [esp_bridge_wifi_set_config] sta ssid: Tran Con Dev password: password[0m
[0;32mI (1627) bridge_wifi: [esp_bridge_wifi_set_config] softap ssid: ESP_Bridge_1151a9 password: 12345678[0m
I (1807) wifi:Total power save buffer number: 8
[0;32mI (1810) esp_netif_lwip: DHCP server started on interface WIFI_AP_DEF with IP: 192.168.5.1[0m
[0;32mI (1811) bridge_wifi: SoftAP config changed, deauth all station[0m
[0;32mI (1817) Mesh-Lite: esp-mesh-lite component version: 1.0.0[0m
I (1823) ESPNOW: espnow [version: 1.0] init
[0;32mI (1826) [vendor_ie]: Mesh-Lite commit id: bc9302d
 [0m
[0;32mI (1833) [vendor_ie]: Mesh ID: 77 [0m
[0;32mI (1838) [ESP_Mesh_Lite_Comm]: msg action add success [0m
[0;32mI (1843) [ESP_Mesh_Lite_Comm]: Bind Socket 54, port 6364 [0m
[0;32mI (1848) [ESP_Mesh_Lite_Comm]: Bind Socket 55, port 6363 [0m
[0;32mI (1854) [ESP_Mesh_Lite_Comm]: Bind Socket 56, port 6366 [0m
[0;32mI (1860) [ESP_Mesh_Lite_Comm]: Bind Socket 57, port 6365 [0m
[0;32mI (1867) [mesh-lite-espnow]: Start espnow task [0m
[0;32mI (1872) Mesh-Lite: Mesh-Lite connecting[0m
[0;32mI (1878) [vendor_ie]: esp_mesh_lite_wifi_scan_start return ESP_OK [0m
[0;32mI (1883) gpio: GPIO[25]| InputEn: 1| OutputEn: 0| OpenDrain: 0| Pullup: 1| Pulldown: 0| Intr:2 [0m
[0;32mI (1893) cam_hal: cam init ok[0m
[0;32mI (1896) sccb: pin_sda 26 pin_scl 27[0m
[0;32mI (1900) sccb: sccb_i2c_port=1[0m
[0;32mI (1904) gpio: GPIO[32]| InputEn: 0| OutputEn: 1| OpenDrain: 0| Pullup: 0| Pulldown: 0| Intr:0 [0m
[0;32mI (1943) camera: Detected camera at address=0x30[0m
[0;32mI (1945) camera: Detected OV2640 camera[0m
[0;32mI (1945) camera: Camera PID=0x26 VER=0x42 MIDL=0x7f MIDH=0xa2[0m
[0;32mI (2011) cam_hal: buffer_size: 32768, half_buffer_size: 4096, node_buffer_size: 2048, noï¿½ets Jul 29 2019 12:21:46

rst:0x3 (SW_RESET),boot:0x13 (SPI_FAST_FLASH_BOOT)
configsip: 0, SPIWP:0xee
clk_drv:0x00,q_drv:0x00,d_drv:0x00,cs0_drv:0x00,hd_drv:0x00,wp_drv:0x00
mode:DIO, clock div:1
load:0x3fff0030,len:7168
load:0x40078000,len:15464
load:0x40080400,len:4
ho 8 tail 4 room 4
load:0x40080404,len:3684
entry 0x40080614
[0;32mI (179) boot: ESP-IDF v5.3-dirty 2nd stage bootloader[0m
[0;32mI (179) boot: compile time Aug 28 2024 01:45:36[0m
[0;33mW (179) boot: Unicore bootloader[0m
[0;32mI (184) boot: chip revision: v3.1[0m
[0;32mI (188) boot.esp32: SPI Speed      : 80MHz[0m
[0;32mI (193) boot.esp32: SPI Mode       : DIO[0m
[0;32mI (198) boot.esp32: SPI Flash Size : 4MB[0m
[0;32mI (202) boot: Enabling RNG early entropy source...[0m
[0;32mI (208) boot: Partition Table:[0m
[0;32mI (212) boot: ## Label            Usage          Type ST Offset   Length[0m
[0;32mI (219) boot:  0 nvs              WiFi data        01 02 00009000 00004000[0m
[0;32mI (226) boot:  1 otadata          OTA data         01 00 0000d000 00002000[0m
[0;32mI (234) boot:  2 phy_init         RF data          01 01 0000f000 00001000[0m
[0;32mI (242) boot:  3 ota_0            OTA app          00 10 00010000 001e0000[0m
[0;32mI (249) boot:  4 ota_1            OTA app          00 11 001f0000 001e0000[0m
[0;32mI (257) boot:  5 coredump         Unknown data     01 03 003d0000 00010000[0m
[0;32mI (264) boot:  6 reserved         Unknown data     01 fe 003e0000 00020000[0m
[0;32mI (272) boot: End of partition table[0m
[0;32mI (276) esp_image: segment 0: paddr=00010020 vaddr=3f400020 size=2f22ch (193068) map[0m
[0;32mI (339) esp_image: segment 1: paddr=0003f254 vaddr=3ffbdb60 size=00dc4h (  3524) load[0m
[0;32mI (341) esp_image: segment 2: paddr=00040020 vaddr=400d0020 size=c37e8h (800744) map[0m
[0;32mI (571) esp_image: segment 3: paddr=00103810 vaddr=3ffbe924 size=0449ch ( 17564) load[0m
[0;32mI (577) esp_image: segment 4: paddr=00107cb4 vaddr=40080000 size=1e61ch (124444) load[0m
[0;32mI (634) boot: Loaded app from partition at offset 0x10000[0m
[0;32mI (634) boot: Disabling RNG early entropy source...[0m
[0;32mI (646) quad_psram: This chip is ESP32-D0WD[0m
[0;32mI (646) esp_psram: Found 8MB PSRAM device[0m
[0;32mI (646) esp_psram: Speed: 80MHz[0m
[0;32mI (650) esp_psram: PSRAM initialized, cache is in normal (1-core) mode.[0m
[0;33mW (657) esp_psram: Virtual address not enough for PSRAM, map as much as we can. 4MB is mapped[0m
[0;32mI (666) cpu_start: Unicore app[0m
[0;32mI (670) cpu_start: Single core mode[0m
ets Jul 29 2019 12:21:46

rst:0x10 (RTCWDT_RTC_RESET),boot:0x13 (SPI_FAST_FLASH_BOOT)
configsip: 0, SPIWP:0xee
clk_drv:0x00,q_drv:0x00,d_drv:0x00,cs0_drv:0x00,hd_drv:0x00,wp_drv:0x00
mode:DIO, clock div:1
load:0x3fff0030,len:7168
load:0x40078000,len:15464
load:0x40080400,len:4
ho 8 tail 4 room 4
load:0x40080404,len:3684
entry 0x40080614
[0;32mI (31) boot: ESP-IDF v5.3-dirty 2nd stage bootloader[0m
[0;32mI (31) boot: compile time Aug 28 2024 01:45:36[0m
[0;33mW (32) boot: Unicore bootloader[0m
[0;32mI (36) boot: chip revision: v3.1[0m
[0;32mI (40) boot.esp32: SPI Speed      : 80MHz[0m
[0;32mI (44) boot.esp32: SPI Mode       : DIO[0m
[0;32mI (49) boot.esp32: SPI Flash Size : 4MB[0m
[0;32mI (53) boot: Enabling RNG early entropy source...[0m
[0;32mI (59) boot: Partition Table:[0m
[0;32mI (62) boot: ## Label            Usage          Type ST Offset   Length[0m
[0;32mI (70) boot:  0 nvs              WiFi data        01 02 00009000 00004000[0m
[0;32mI (77) boot:  1 otadata          OTA data         01 00 0000d000 00002000[0m
[0;32mI (85) boot:  2 phy_init         RF data          01 01 0000f000 00001000[0m
[0;32mI (92) boot:  3 ota_0            OTA app          00 10 00010000 001e0000[0m
[0;32mI (99) boot:  4 ota_1            OTA app          00 11 001f0000 001e0000[0m
[0;32mI (107) boot:  5 coredump         Unknown data     01 03 003d0000 00010000[0m
[0;32mI (115) boot:  6 reserved         Unknown data     01 fe 003e0000 00020000[0m
[0;32mI (122) boot: End of partition table[0m
[0;32mI (126) esp_image: segment 0: paddr=00010020 vaddr=3f400020 size=2f22ch (193068) map[0m
[0;32mI (190) esp_image: segment 1: paddr=0003f254 vaddr=3ffbdb60 size=00dc4h (  3524) load[0m
[0;32mI (191) esp_image: segment 2: paddr=00040020 vaddr=400d0020 size=c37e8h (800744) map[0m
[0;32mI (422) esp_image: segment 3: paddr=00103810 vaddr=3ffbe924 size=0449ch ( 17564) load[0m
[0;32mI (427) esp_image: segment 4: paddr=00107cb4 vaddr=40080000 size=1e61ch (124444) load[0m
[0;32mI (484) boot: Loaded app from partition at offset 0x10000[0m
[0;32mI (484) boot: Disabling RNG early entropy source...[0m
[0;32mI (496) quad_psram: This chip is ESP32-D0WD[0m
[0;32mI (496) esp_psram: Found 8MB PSRAM device[0m
[0;32mI (496) esp_psram: Speed: 80MHz[0m
[0;32mI (500) esp_psram: PSRAM initialized, cache is in normal (1-core) mode.[0m
[0;33mW (508) esp_psram: Virtual address not enough for PSRAM, map as much as we can. 4MB is mapped[0m
[0;32mI (517) cpu_start: Unicore app[0m
[0;32mI (520) cpu_start: Single core mode[0m
[0;32mI (1058) esp_psram: SPI SRAM memory test OK[0m
[0;32mI (1066) cpu_start: Pro cpu start user code[0m
[0;32mI (1066) cpu_start: cpu freq: 240000000 Hz[0m
[0;32mI (1066) app_init: Application information:[0m
[0;32mI (1069) app_init: Project name:     mesh_local_control[0m
[0;32mI (1075) app_init: App version:      d92472c-dirty[0m
[0;32mI (1080) app_init: Compile time:     Aug 28 2024 09:25:09[0m
[0;32mI (1086) app_init: ELF file SHA256:  c3a144a9b...[0m
[0;32mI (1092) app_init: ESP-IDF:          v5.3-dirty[0m
[0;32mI (1097) efuse_init: Min chip rev:     v0.0[0m
[0;32mI (1102) efuse_init: Max chip rev:     v3.99 [0m
[0;32mI (1107) efuse_init: Chip rev:         v3.1[0m
[0;32mI (1112) heap_init: Initializing. RAM available for dynamic allocation:[0m
[0;32mI (1119) heap_init: At 3FFAE6E0 len 0000F480 (61 KiB): DRAM[0m
[0;32mI (1125) heap_init: At 3FFC7C60 len 000183A0 (96 KiB): DRAM[0m
[0;32mI (1131) heap_init: At 3FFE0440 len 0001FBC0 (126 KiB): D/IRAM[0m
[0;32mI (1138) heap_init: At 40078000 len 00008000 (32 KiB): IRAM[0m
[0;32mI (1144) heap_init: At 4009E61C len 000019E4 (6 KiB): IRAM[0m
[0;32mI (1150) heap_init: At 3FF80000 len 00002000 (8 KiB): RTCRAM[0m
[0;32mI (1157) esp_psram: Adding pool of 4096K of PSRAM memory to heap allocator[0m
[0;32mI (1165) spi_flash: detected chip: generic[0m
[0;32mI (1169) spi_flash: flash io: dio[0m
[0;33mW (1173) i2c: This driver is an old driver, please migrate your application code to adapt `driver/i2c_master.h`[0m
[0;32mI (1195) coexist: coex firmware version: dab85ae96[0m
[0;32mI (1196) main_task: Started on CPU0[0m
[0;32mI (1196) esp_psram: Reserving pool of 32K of internal memory for DMA/internal allocations[0m
[0;32mI (1204) main_task: Calling app_main()[0m
[0;32mI (1219) bridge_common: esp-iot-bridge version: 0.11.8[0m
I (1221) wifi:wifi driver task: 3ffbd678, prio:23, stack:6656, core=0
I (1223) wifi:wifi firmware version: 0caa81945
I (1225) wifi:wifi certification version: v7.0
I (1229) wifi:config NVS flash: enabled
I (1232) wifi:config nano formating: disabled
I (1236) wifi:Init data frame dynamic rx buffer num: 32
I (1241) wifi:Init static rx mgmt buffer num: 5
I (1245) wifi:Init management short buffer num: 32
I (1250) wifi:Init static tx buffer num: 16
I (1254) wifi:Init tx cache buffer num: 32
I (1258) wifi:Init static rx buffer size: 1600
I (1262) wifi:Init static rx buffer num: 10
I (1266) wifi:Init dynamic rx buffer num: 32
[0;32mI (1270) wifi_init: accept mbox: 6[0m
[0;32mI (1274) wifi_init: tcpip mbox: 32[0m
[0;32mI (1278) wifi_init: udp mbox: 6[0m
[0;32mI (1282) wifi_init: tcp mbox: 6[0m
[0;32mI (1285) wifi_init: tcp tx win: 5760[0m
[0;32mI (1290) wifi_init: tcp rx win: 5760[0m
[0;32mI (1294) wifi_init: tcp mss: 1440[0m
[0;32mI (1298) wifi_init: WiFi IRAM OP enabled[0m
[0;32mI (1302) wifi_init: WiFi RX IRAM OP enabled[0m
[0;32mI (1308) phy_init: phy_version 4830,54550f7,Jun 20 2024,14:22:08[0m
I (1367) wifi:mode : null
I (1369) wifi:mode : softAP (08:a6:f7:11:51:a9)
I (1370) wifi:Total power save buffer number: 8
I (1370) wifi:Init max length of beacon: 752/752
I (1372) wifi:Init max length of beacon: 752/752
[0;32mI (1377) esp_netif_lwip: DHCP server started on interface WIFI_AP_DEF with IP: 192.168.4.1[0m
Add netif ap with d92472c(commit id)
[0;32mI (1388) bridge_common: netif list add success[0m
[0;32mI (1394) bridge_common: [WIFI_AP_DEF ][0m
[0;32mI (1398) bridge_common: Set ip info:192.168.5.1[0m
