ets Jul 29 2019 12:21:46

rst:0x1 (POWERON_RESET),boot:0x13 (SPI_FAST_FLASH_BOOT)
configsip: 0, SPIWP:0xee
clk_drv:0x00,q_drv:0x00,d_drv:0x00,cs0_drv:0x00,hd_drv:0x00,wp_drv:0x00
mode:DIO, clock div:1
load:0x3fff0030,len:7168
load:0x40078000,len:15464
load:0x40080400,len:4
ho 8 tail 4 room 4
load:0x40080404,len:3684
entry 0x40080614
[0;32mI (31) boot: ESP-IDF v5.3-dirty 2nd stage bootloader[0m
[0;32mI (31) boot: compile time Aug 20 2024 21:14:45[0m
[0;33mW (31) boot: Unicore bootloader[0m
[0;32mI (35) boot: chip revision: v3.1[0m
[0;32mI (39) boot.esp32: SPI Speed      : 80MHz[0m
[0;32mI (44) boot.esp32: SPI Mode       : DIO[0m
[0;32mI (48) boot.esp32: SPI Flash Size : 4MB[0m
[0;32mI (53) boot: Enabling RNG early entropy source...[0m
[0;32mI (58) boot: Partition Table:[0m
[0;32mI (62) boot: ## Label            Usage          Type ST Offset   Length[0m
[0;32mI (69) boot:  0 nvs              WiFi data        01 02 00009000 00004000[0m
[0;32mI (77) boot:  1 otadata          OTA data         01 00 0000d000 00002000[0m
[0;32mI (84) boot:  2 phy_init         RF data          01 01 0000f000 00001000[0m
[0;32mI (92) boot:  3 ota_0            OTA app          00 10 00010000 001e0000[0m
[0;32mI (99) boot:  4 ota_1            OTA app          00 11 001f0000 001e0000[0m
[0;32mI (107) boot:  5 coredump         Unknown data     01 03 003d0000 00010000[0m
[0;32mI (114) boot:  6 reserved         Unknown data     01 fe 003e0000 00020000[0m
[0;32mI (122) boot: End of partition table[0m
[0;32mI (126) boot: No factory image, trying OTA 0[0m
[0;32mI (131) esp_image: segment 0: paddr=00010020 vaddr=3f400020 size=2d81ch (186396) map[0m
[0;32mI (192) esp_image: segment 1: paddr=0003d844 vaddr=3ffbdb60 size=027d4h ( 10196) load[0m
[0;32mI (196) esp_image: segment 2: paddr=00040020 vaddr=400d0020 size=c1e2ch (794156) map[0m
[0;32mI (423) esp_image: segment 3: paddr=00101e54 vaddr=3ffc0334 size=03794h ( 14228) load[0m
[0;32mI (427) esp_image: segment 4: paddr=001055f0 vaddr=40080000 size=1c880h (116864) load[0m
[0;32mI (482) boot: Loaded app from partition at offset 0x10000[0m
[0;32mI (487) boot: Set actual ota_seq=1 in otadata[0][0m
[0;32mI (487) boot: Disabling RNG early entropy source...[0m
[0;32mI (499) quad_psram: This chip is ESP32-D0WD[0m
[0;32mI (499) esp_psram: Found 8MB PSRAM device[0m
[0;32mI (499) esp_psram: Speed: 40MHz[0m
[0;32mI (503) esp_psram: PSRAM initialized, cache is in normal (1-core) mode.[0m
[0;33mW (510) esp_psram: Virtual address not enough for PSRAM, map as much as we can. 4MB is mapped[0m
[0;32mI (520) cpu_start: Unicore app[0m
[0;32mI (523) cpu_start: Single core mode[0m
[0;32mI (1451) esp_psram: SPI SRAM memory test OK[0m
[0;32mI (1458) cpu_start: Pro cpu start user code[0m
[0;32mI (1458) cpu_start: cpu freq: 240000000 Hz[0m
[0;32mI (1458) app_init: Application information:[0m
[0;32mI (1462) app_init: Project name:     mesh_local_control[0m
[0;32mI (1468) app_init: App version:      f498e75d-dirty[0m
[0;32mI (1473) app_init: Compile time:     Aug 21 2024 12:35:40[0m
[0;32mI (1479) app_init: ELF file SHA256:  0854db824...[0m
[0;32mI (1485) app_init: ESP-IDF:          v5.3-dirty[0m
[0;32mI (1490) efuse_init: Min chip rev:     v0.0[0m
[0;32mI (1495) efuse_init: Max chip rev:     v3.99 [0m
[0;32mI (1500) efuse_init: Chip rev:         v3.1[0m
[0;32mI (1505) heap_init: Initializing. RAM available for dynamic allocation:[0m
[0;32mI (1512) heap_init: At 3FFAE6E0 len 0000F480 (61 KiB): DRAM[0m
[0;32mI (1518) heap_init: At 3FFC88B8 len 00017748 (93 KiB): DRAM[0m
[0;32mI (1524) heap_init: At 3FFE0440 len 0001FBC0 (126 KiB): D/IRAM[0m
[0;32mI (1531) heap_init: At 40078000 len 00008000 (32 KiB): IRAM[0m
[0;32mI (1537) heap_init: At 4009C880 len 00003780 (13 KiB): IRAM[0m
[0;32mI (1543) heap_init: At 3FF80000 len 00002000 (8 KiB): RTCRAM[0m
[0;32mI (1550) esp_psram: Adding pool of 4096K of PSRAM memory to heap allocator[0m
[0;32mI (1558) spi_flash: detected chip: generic[0m
[0;32mI (1562) spi_flash: flash io: dio[0m
[0;33mW (1566) i2c: This driver is an old driver, please migrate your application code to adapt `driver/i2c_master.h`[0m
[0;32mI (1577) coexist: coex firmware version: dab85ae96[0m
[0;32mI (1583) main_task: Started on CPU0[0m
[0;32mI (1586) esp_psram: Reserving pool of 32K of internal memory for DMA/internal allocations[0m
[0;32mI (1595) main_task: Calling app_main()[0m
[0;32mI (1612) bridge_common: esp-iot-bridge version: 0.11.8[0m
I (1615) wifi:wifi driver task: 3ffbd5e0, prio:23, stack:6656, core=0
I (1617) wifi:wifi firmware version: 0caa81945
I (1618) wifi:wifi certification version: v7.0
I (1622) wifi:config NVS flash: enabled
I (1626) wifi:config nano formating: disabled
I (1630) wifi:Init data frame dynamic rx buffer num: 32
I (1635) wifi:Init static rx mgmt buffer num: 5
I (1639) wifi:Init management short buffer num: 32
I (1644) wifi:Init static tx buffer num: 16
I (1648) wifi:Init tx cache buffer num: 32
I (1651) wifi:Init static rx buffer size: 1600
I (1656) wifi:Init static rx buffer num: 10
I (1659) wifi:Init dynamic rx buffer num: 32
[0;32mI (1664) wifi_init: accept mbox: 6[0m
[0;32mI (1667) wifi_init: tcpip mbox: 32[0m
[0;32mI (1671) wifi_init: udp mbox: 6[0m
[0;32mI (1675) wifi_init: tcp mbox: 6[0m
[0;32mI (1679) wifi_init: tcp tx win: 5760[0m
[0;32mI (1683) wifi_init: tcp rx win: 5760[0m
[0;32mI (1688) wifi_init: tcp mss: 1440[0m
[0;32mI (1692) wifi_init: WiFi IRAM OP enabled[0m
[0;32mI (1696) wifi_init: WiFi RX IRAM OP enabled[0m
[0;32mI (1701) phy_init: phy_version 4830,54550f7,Jun 20 2024,14:22:08[0m
[0;33mW (1708) phy_init: failed to load RF calibration data (0x1102), falling back to full calibration[0m
[0;33mW (1768) phy_init: saving new calibration data because of checksum failure, mode(2)[0m
I (1778) wifi:mode : null
I (1779) wifi:mode : softAP (08:a6:f7:11:51:a9)
I (1780) wifi:Total power save buffer number: 8
I (1781) wifi:Init max length of beacon: 752/752
I (1783) wifi:Init max length of beacon: 752/752
[0;32mI (1789) esp_netif_lwip: DHCP server started on interface WIFI_AP_DEF with IP: 192.168.4.1[0m
Add netif ap with f498e75d(commit id)
[0;32mI (1800) bridge_common: netif list add success[0m
[0;31mE (1805) NVS: Failed to open NVS namespace[0m
[0;32mI (1810) bridge_common: IP Address:192.168.5.1[0m
[0;32mI (1815) bridge_common: GW Address:192.168.5.1[0m
[0;32mI (1820) bridge_common: NM Address:255.255.255.0[0m
[0;32mI (1825) bridge_common: [WIFI_AP_DEF ][0m
[0;32mI (1830) bridge_common: Set ip info:192.168.5.1[0m
[0;32mI (1835) bridge_wifi: SoftAP IP network segment has changed, deauth all station[0m
I (1846) wifi:Disabled PMF config for SoftAP
I (1847) wifi:Total power save buffer number: 8
[0;32mI (1853) esp_netif_lwip: DHCP server started on interface WIFI_AP_DEF with IP: 192.168.5.1[0m
[0;32mI (1860) bridge_common: [WIFI_AP_DEF ]Name Server1: 114.114.114.114[0m
[0;32mI (1867) bridge_common: DHCPS Restart, deauth all station[0m
Add netif sta with f498e75d(commit id)
[0;32mI (1877) bridge_common: netif list add success[0m
I (1882) wifi:mode : sta (08:a6:f7:11:51:a8) + softAP (08:a6:f7:11:51:a9)
I (1888) wifi:enable tsf
[0;31mE (1892) NVS: Failed to read IP info from NVS[0m
I (1896) wifi:Disabled PMF config for STA
[0;32mI (1899) bridge_wifi: [esp_bridge_wifi_set_config] sta ssid: Tran Con password: 88888888[0m
[0;32mI (1908) bridge_wifi: [esp_bridge_wifi_set_config] softap ssid: ESP_Bridge_1151a9 password: 12345678[0m
I (2089) wifi:Total power save buffer number: 8
[0;32mI (2092) esp_netif_lwip: DHCP server started on interface WIFI_AP_DEF with IP: 192.168.5.1[0m
[0;32mI (2093) bridge_wifi: SoftAP config changed, deauth all station[0m
[0;32mI (2098) Mesh-Lite: esp-mesh-lite component version: 1.0.0[0m
I (2105) ESPNOW: espnow [version: 1.0] init
[0;32mI (2108) [vendor_ie]: Mesh-Lite commit id: bc9302d
 [0m
[0;31mE (2115) [vendor_ie]: Error Get! [0m
[0;33mW (2118) [vendor_ie]: Mesh ID is not saved in flash [0m
[0;32mI (2124) [vendor_ie]: Mesh ID: 77 [0m
[0;33mW (2128) [vendor_ie]: Error Get[4354] [0m
[0;33mW (2132) [vendor_ie]: Error Get[4354] [0m
[0;32mI (2138) [ESP_Mesh_Lite_Comm]: msg action add success [0m
[0;32mI (2144) [ESP_Mesh_Lite_Comm]: Bind Socket 54, port 6364 [0m
[0;32mI (2149) [ESP_Mesh_Lite_Comm]: Bind Socket 55, port 6363 [0m
[0;32mI (2155) [ESP_Mesh_Lite_Comm]: Bind Socket 56, port 6366 [0m
[0;32mI (2161) [ESP_Mesh_Lite_Comm]: Bind Socket 57, port 6365 [0m
[0;32mI (2168) [mesh-lite-espnow]: Start espnow task [0m
[0;32mI (2174) Mesh-Lite: Mesh-Lite connecting[0m
[0;32mI (2178) [vendor_ie]: esp_mesh_lite_wifi_scan_start return ESP_OK [0m
[0;32mI (2184) gpio: GPIO[25]| InputEn: 1| OutputEn: 0| OpenDrain: 0| Pullup: 1| Pulldown: 0| Intr:2 [0m
[0;32mI (2194) cam_hal: cam init ok[0m
[0;32mI (2197) sccb: pin_sda 26 pin_scl 27[0m
[0;32mI (2201) sccb: sccb_i2c_port=1[0m
[0;32mI (2205) gpio: GPIO[32]| InputEn: 0| OutputEn: 1| OpenDrain: 0| Pullup: 0| Pulldown: 0| Intr:0 [0m
[0;32mI (2244) camera: Detected camera at address=0x30[0m
[0;32mI (2247) camera: Detected OV2640 camera[0m
[0;32mI (2247) camera: Camera PID=0x26 VER=0x42 MIDL=0x7f MIDH=0xa2[0m
[0;32mI (2332) cam_hal: buffer_size: 32768, half_buffer_size: 4096, node_buffer_size: 2048, node_cnt: 16, total_cnt: 15[0m
[0;32mI (2332) cam_hal: Allocating 61440 Byte frame buffer in PSRAM[0m
[0;32mI (2339) cam_hal: cam config ok[0m
[0;32mI (2342) ov2640: Set PLL: clk_2x: 0, clk_div: 0, pclk_auto: 0, pclk_div: 8[0m
[0;33mW (2429) websocket_client: `network_timeout_ms` is not set, or it is less than or equal to zero, using default time out 10000 (milliseconds)[0m
[0;32mI (2435) main_task: Returned from app_main()[0m
[0;32mI (3716) [vendor_ie]: Mesh-Lite Scan done [0m
[0;32mI (3717) [vendor_ie]: RTC store: temp_mesh_id:255; ssid:Tran Con; bssid:00:00:00:00:00:00; crc:3374109264 [0m
[0;32mI (3721) [vendor_ie]: wifi_cfg Tran Con router_config Tran Con [0m
[0;32mI (3728) [vendor_ie]: esp_mesh_lite_wifi_connect return ESP_OK [0m
I (3910) wifi:new:<1,1>, old:<1,1>, ap:<1,1>, sta:<1,0>, prof:1, snd_ch_cfg:0x0
I (3911) wifi:state: init -> auth (0xb0)
I (3915) wifi:state: auth -> assoc (0x0)
I (3920) wifi:state: assoc -> run (0x10)
I (8138) wifi:state: run -> init (0x0)
I (8139) wifi:new:<1,0>, old:<1,1>, ap:<1,1>, sta:<1,0>, prof:1, snd_ch_cfg:0x0
[0;32mI (8142) [vendor_ie]: esp_mesh_lite_wifi_connect return ESP_OK [0m
[0;32mI (8144) [ESP_Mesh_Lite_Comm]: Retry to connect to the AP [0m
I (8150) wifi:new:<1,1>, old:<1,0>, ap:<1,1>, sta:<1,0>, prof:1, snd_ch_cfg:0x0
I (8158) wifi:state: init -> auth (0xb0)
I (8169) wifi:state: auth -> assoc (0x0)
I (8175) wifi:state: assoc -> run (0x10)
I (10270) wifi:connected with Tran Con, aid = 2, channel 1, BW20, bssid = d8:e8:44:03:77:28
I (10270) wifi:security: WPA2-PSK, phy: bgn, rssi: -91
I (10272) wifi:pm start, type: 1

I (10275) wifi:dp: 1, bi: 102400, li: 3, scale listen interval from 307200 us to 307200 us
I (10334) wifi:AP's beacon interval = 102400 us, DTIM period = 1
[0;32mI (12434) bridge_common: [WIFI_AP_DEF ]Name Server1: 192.168.2.253[0m
[0;31mE (12436) esp-tls: [sock=58] select() timeout[0m
[0;31mE (12437) transport_base: Failed to open a new connection: 32774[0m
[0;31mE (12442) transport_ws: Error connecting to host 192.168.2.88:3000[0m
[0;31mE (12449) websocket_client: esp_transport_connect() failed with -1, transport_error=ESP_ERR_ESP_TLS_CONNECTION_TIMEOUT, tls_error_code=0, tls_flags=0, esp_ws_handshake_status_code=0, errno=119[0m
[0;31mE (12466) websocket_client: WebSocket client error[0m
[0;32mI (12472) websocket_client: Reconnect after 500 ms[0m
[0;32mI (12477) websocket_client: WebSocket client connected[0m
[0;31mE (12483) websocket_client: Websocket client is not connected[0m
[0;33mW (12489) websocket_client: Waiting for WebSocket connection to resume sending image...[0m
[0;31mE (13000) esp-tls: [sock=58] connect() error: Host is unreachable[0m
[0;31mE (13000) transport_base: Failed to open a new connection: 32772[0m
[0;31mE (13002) transport_ws: Error connecting to host 192.168.2.88:3000[0m
[0;31mE (13010) websocket_client: esp_transport_connect() failed with -1, transport_error=ESP_ERR_ESP_TLS_FAILED_CONNECT_TO_HOST, tls_error_code=0, tls_flags=0, esp_ws_handshake_status_code=0, errno=118[0m
[0;31mE (13027) websocket_client: WebSocket client error[0m
[0;32mI (13033) websocket_client: Reconnect after 500 ms[0m
[0;32mI (13039) websocket_client: WebSocket client connected[0m
[0;31mE (13044) websocket_client: Websocket client is not connected[0m
[0;33mW (13051) websocket_client: Waiting for WebSocket connection to resume sending image...[0m
[0;32mI (13287) esp_netif_handlers: sta ip: 192.168.2.13, mask: 255.255.255.0, gw: 192.168.2.253[0m
[0;32mI (13287) bridge_wifi: Connected with IP Address:192.168.2.13[0m
[0;32mI (13292) [vendor_ie]: RTC store: temp_mesh_id:13; ssid:Tran Con; bssid:00:00:00:00:00:00; crc:3876717548 [0m
[0;31mE (13303) [ESP_Mesh_Lite_Comm]: Error Get! [0m
[0;33mW (13307) [ESP_Mesh_Lite_Comm]: argot is not saved in flash [0m
[0;32mI (13316) esp32cam_security_gate: TCP client write task is running[0m
[0;32mI (13623) websocket_client: WebSocket client connected[0m
[0;32mI (13983) websocket_client: Image sent to WebSocket: 17646 bytes (0.1fps)[0m
[0;32mI (14423) websocket_client: Image sent to WebSocket: 17438 bytes (2.3fps)[0m
[0;32mI (14693) websocket_client: Image sent to WebSocket: 16958 bytes (3.7fps)[0m
[0;32mI (15346) websocket_client: Image sent to WebSocket: 17773 bytes (1.5fps)[0m
[0;32mI (15691) websocket_client: Image sent to WebSocket: 18201 bytes (2.9fps)[0m
[0;32mI (16089) websocket_client: Image sent to WebSocket: 17249 bytes (2.5fps)[0m
[0;32mI (16456) websocket_client: Image sent to WebSocket: 17886 bytes (2.7fps)[0m
[0;32mI (16934) websocket_client: Image sent to WebSocket: 17911 bytes (2.1fps)[0m
[0;32mI (17623) websocket_client: Image sent to WebSocket: 17986 bytes (1.5fps)[0m
[0;32mI (17924) websocket_client: Image sent to WebSocket: 17069 bytes (3.3fps)[0m
[0;32mI (18226) websocket_client: Image sent to WebSocket: 17410 bytes (3.3fps)[0m
[0;32mI (18662) websocket_client: Image sent to WebSocket: 17213 bytes (2.3fps)[0m
[0;32mI (19030) websocket_client: Image sent to WebSocket: 17161 bytes (2.7fps)[0m
[0;32mI (19423) websocket_client: Image sent to WebSocket: 17064 bytes (2.5fps)[0m
[0;32mI (19864) websocket_client: Image sent to WebSocket: 17150 bytes (2.3fps)[0m
[0;32mI (20171) websocket_client: Image sent to WebSocket: 17171 bytes (3.3fps)[0m
[0;32mI (20525) websocket_client: Image sent to WebSocket: 17319 bytes (2.8fps)[0m
[0;32mI (20932) websocket_client: Image sent to WebSocket: 17130 bytes (2.5fps)[0m
[0;32mI (21220) websocket_client: Image sent to WebSocket: 17083 bytes (3.5fps)[0m
[0;32mI (21722) websocket_client: Image sent to WebSocket: 17292 bytes (2.0fps)[0m
[0;32mI (22215) websocket_client: Image sent to WebSocket: 17132 bytes (2.0fps)[0m
[0;32mI (22602) websocket_client: Image sent to WebSocket: 17436 bytes (2.6fps)[0m
[0;32mI (22924) websocket_client: Image sent to WebSocket: 17205 bytes (3.1fps)[0m
[0;32mI (23262) websocket_client: Image sent to WebSocket: 17174 bytes (3.0fps)[0m
[0;32mI (23599) websocket_client: Image sent to WebSocket: 17940 bytes (3.0fps)[0m
[0;32mI (23979) websocket_client: Image sent to WebSocket: 17041 bytes (2.6fps)[0m
[0;32mI (24501) websocket_client: Image sent to WebSocket: 16954 bytes (1.9fps)[0m
[0;32mI (24869) websocket_client: Image sent to WebSocket: 16642 bytes (2.7fps)[0m
[0;32mI (25204) websocket_client: Image sent to WebSocket: 16136 bytes (3.0fps)[0m
[0;32mI (25692) websocket_client: Image sent to WebSocket: 15673 bytes (2.1fps)[0m
[0;32mI (25993) websocket_client: Image sent to WebSocket: 14094 bytes (3.3fps)[0m
[0;32mI (26334) websocket_client: Image sent to WebSocket: 13142 bytes (2.9fps)[0m
[0;32mI (26604) websocket_client: Image sent to WebSocket: 12572 bytes (3.7fps)[0m
[0;32mI (27016) websocket_client: Image sent to WebSocket: 12674 bytes (2.4fps)[0m
[0;32mI (27266) websocket_client: Image sent to WebSocket: 12971 bytes (4.0fps)[0m
[0;32mI (27551) websocket_client: Image sent to WebSocket: 12782 bytes (3.5fps)[0m
[0;32mI (27840) websocket_client: Image sent to WebSocket: 12682 bytes (3.5fps)[0m
[0;32mI (28131) websocket_client: Image sent to WebSocket: 13249 bytes (3.4fps)[0m
[0;32mI (28447) websocket_client: Image sent to WebSocket: 12600 bytes (3.2fps)[0m
[0;32mI (28791) websocket_client: Image sent to WebSocket: 13027 bytes (2.9fps)[0m
[0;32mI (29095) websocket_client: Image sent to WebSocket: 12944 bytes (3.3fps)[0m
[0;32mI (29472) websocket_client: Image sent to WebSocket: 13024 bytes (2.7fps)[0m
[0;32mI (29811) websocket_client: Image sent to WebSocket: 12740 bytes (3.0fps)[0m
[0;32mI (30149) websocket_client: Image sent to WebSocket: 12856 bytes (3.0fps)[0m
[0;32mI (30526) websocket_client: Image sent to WebSocket: 12895 bytes (2.7fps)[0m
[0;32mI (30802) websocket_client: Image sent to WebSocket: 12760 bytes (3.6fps)[0m
[0;32mI (31112) websocket_client: Image sent to WebSocket: 12836 bytes (3.2fps)[0m
[0;32mI (31520) websocket_client: Image sent to WebSocket: 12641 bytes (2.5fps)[0m
[0;32mI (31962) websocket_client: Image sent to WebSocket: 12871 bytes (2.3fps)[0m
[0;32mI (32295) websocket_client: Image sent to WebSocket: 13023 bytes (3.0fps)[0m
[0;32mI (32749) websocket_client: Image sent to WebSocket: 12705 bytes (2.2fps)[0m
[0;32mI (33113) websocket_client: Image sent to WebSocket: 13025 bytes (2.7fps)[0m
[0;32mI (33381) websocket_client: Image sent to WebSocket: 12796 bytes (3.7fps)[0m
[0;32mI (33633) websocket_client: Image sent to WebSocket: 12825 bytes (4.0fps)[0m
[0;32mI (33912) websocket_client: Image sent to WebSocket: 12964 bytes (3.6fps)[0m
[0;32mI (34315) websocket_client: Image sent to WebSocket: 12640 bytes (2.5fps)[0m
[0;32mI (34693) websocket_client: Image sent to WebSocket: 13088 bytes (2.7fps)[0m
[0;32mI (35032) websocket_client: Image sent to WebSocket: 12958 bytes (3.0fps)[0m
[0;32mI (35415) websocket_client: Image sent to WebSocket: 12534 bytes (2.6fps)[0m
[0;32mI (35838) websocket_client: Image sent to WebSocket: 12806 bytes (2.4fps)[0m
[0;32mI (36255) websocket_client: Image sent to WebSocket: 12513 bytes (2.4fps)[0m
[0;32mI (36539) websocket_client: Image sent to WebSocket: 12781 bytes (3.5fps)[0m
[0;32mI (36840) websocket_client: Image sent to WebSocket: 12842 bytes (3.3fps)[0m
[0;32mI (37077) websocket_client: Image sent to WebSocket: 12887 bytes (4.2fps)[0m
[0;32mI (37593) websocket_client: Image sent to WebSocket: 13190 bytes (1.9fps)[0m
[0;32mI (37895) websocket_client: Image sent to WebSocket: 12874 bytes (3.3fps)[0m
[0;32mI (38291) websocket_client: Image sent to WebSocket: 13392 bytes (2.5fps)[0m
[0;32mI (38616) websocket_client: Image sent to WebSocket: 13161 bytes (3.1fps)[0m
[0;32mI (38879) websocket_client: Image sent to WebSocket: 13377 bytes (3.8fps)[0m
[0;32mI (39209) websocket_client: Image sent to WebSocket: 12908 bytes (3.0fps)[0m
[0;32mI (39415) websocket_client: Image sent to WebSocket: 13013 bytes (4.9fps)[0m
[0;32mI (39840) websocket_client: Image sent to WebSocket: 12961 bytes (2.4fps)[0m
[0;32mI (40210) websocket_client: Image sent to WebSocket: 13518 bytes (2.7fps)[0m
[0;32mI (40605) websocket_client: Image sent to WebSocket: 12688 bytes (2.5fps)[0m
[0;32mI (40893) websocket_client: Image sent to WebSocket: 12626 bytes (3.5fps)[0m
[0;32mI (41285) websocket_client: Image sent to WebSocket: 12710 bytes (2.6fps)[0m
[0;32mI (41659) websocket_client: Image sent to WebSocket: 12834 bytes (2.7fps)[0m
[0;31mE (41689) transport_ws: Error read data[0m
[0;31mE (41690) websocket_client: esp_transport_read() failed with -1, transport_error=ESP_ERR_ESP_TLS_TCP_CLOSED_FIN, tls_error_code=0, tls_flags=0, errno=128[0m
[0;31mE (41697) websocket_client: WebSocket client error[0m
[0;31mE (41703) websocket_client: Error receive data[0m
[0;32mI (41709) websocket_client: Reconnect after 500 ms[0m
[0;32mI (41713) websocket_client: WebSocket client connected[0m
[0;31mE (41719) websocket_client: Websocket client is not connected[0m
[0;33mW (41726) websocket_client: Waiting for WebSocket connection to resume sending image...[0m
[0;31mE (42275) esp-tls: [sock=58] delayed connect error: Connection reset by peer[0m
[0;31mE (42275) transport_base: Failed to open a new connection: 32772[0m
[0;31mE (42278) transport_ws: Error connecting to host 192.168.2.88:3000[0m
[0;31mE (42285) websocket_client: esp_transport_connect() failed with -1, transport_error=ESP_ERR_ESP_TLS_FAILED_CONNECT_TO_HOST, tls_error_code=0, tls_flags=0, esp_ws_handshake_status_code=101, errno=119[0m
[0;31mE (42303) websocket_client: WebSocket client error[0m
[0;32mI (42309) websocket_client: Reconnect after 500 ms[0m
[0;32mI (42315) websocket_client: WebSocket client connected[0m
[0;31mE (42320) websocket_client: Websocket client is not connected[0m
[0;33mW (42326) websocket_client: Waiting for WebSocket connection to resume sending image...[0m
[0;31mE (42888) esp-tls: [sock=58] delayed connect error: Connection reset by peer[0m
[0;31mE (42889) transport_base: Failed to open a new connection: 32772[0m
[0;31mE (42892) transport_ws: Error connecting to host 192.168.2.88:3000[0m
[0;31mE (42899) websocket_client: esp_transport_connect() failed with -1, transport_error=ESP_ERR_ESP_TLS_FAILED_CONNECT_TO_HOST, tls_error_code=0, tls_flags=0, esp_ws_handshake_status_code=101, errno=119[0m
[0;31mE (42917) websocket_client: WebSocket client error[0m
[0;32mI (42922) websocket_client: Reconnect after 500 ms[0m
[0;32mI (42928) websocket_client: WebSocket client connected[0m
[0;31mE (42934) websocket_client: Websocket client is not connected[0m
[0;33mW (42940) websocket_client: Waiting for WebSocket connection to resume sending image...[0m
[0;33mW (42951) cam_hal: NO-SOI[0m
[0;32mI (43517) websocket_client: WebSocket client connected[0m
[0;32mI (43837) websocket_client: Image sent to WebSocket: 12570 bytes (0.5fps)[0m
[0;32mI (44141) websocket_client: Image sent to WebSocket: 12789 bytes (3.3fps)[0m
[0;32mI (44466) websocket_client: Image sent to WebSocket: 12945 bytes (3.1fps)[0m
[0;32mI (44953) websocket_client: Image sent to WebSocket: 13360 bytes (2.1fps)[0m
[0;32mI (45319) websocket_client: Image sent to WebSocket: 12678 bytes (2.7fps)[0m
[0;32mI (45651) websocket_client: Image sent to WebSocket: 12668 bytes (3.0fps)[0m
[0;32mI (46282) websocket_client: Image sent to WebSocket: 12689 bytes (1.6fps)[0m
[0;32mI (46604) websocket_client: Image sent to WebSocket: 12570 bytes (3.1fps)[0m
[0;32mI (46882) websocket_client: Image sent to WebSocket: 13120 bytes (3.6fps)[0m
[0;32mI (47266) websocket_client: Image sent to WebSocket: 12921 bytes (2.6fps)[0m
[0;32mI (47514) websocket_client: Image sent to WebSocket: 12882 bytes (4.0fps)[0m
[0;32mI (47834) websocket_client: Image sent to WebSocket: 12998 bytes (3.1fps)[0m
[0;32mI (48040) websocket_client: Image sent to WebSocket: 12811 bytes (4.9fps)[0m
[0;32mI (48446) websocket_client: Image sent to WebSocket: 13025 bytes (2.5fps)[0m
[0;32mI (48749) websocket_client: Image sent to WebSocket: 12886 bytes (3.3fps)[0m
[0;32mI (49156) websocket_client: Image sent to WebSocket: 12569 bytes (2.5fps)[0m
[0;32mI (49538) websocket_client: Image sent to WebSocket: 12793 bytes (2.6fps)[0m
[0;32mI (52222) websocket_client: Image sent to WebSocket: 12881 bytes (0.4fps)[0m
[0;32mI (52599) websocket_client: Image sent to WebSocket: 10263 bytes (2.7fps)[0m
[0;32mI (54460) websocket_client: Image sent to WebSocket: 10177 bytes (0.5fps)[0m
ets Jul 29 2019 12:21:46

rst:0x1 (POWERON_RESET),boot:0x13 (SPI_FAST_FLASH_BOOT)
configsip: 0, SPIWP:0xee
clk_drv:0x00,q_drv:0x00,d_drv:0x00,cs0_drv:0x00,hd_drv:0x00,wp_drv:0x00
mode:DIO, clock div:1
load:0x3fff0030,len:7168
load:0x40078000,len:15464
load:0x40080400,len:4
ho 8 tail 4 room 4
load:0x40080404,len:3684
entry 0x40080614
[0;32mI (31) boot: ESP-IDF v5.3-dirty 2nd stage bootloader[0m
[0;32mI (31) boot: compile time Aug 20 2024 21:14:45[0m
[0;33mW (31) boot: Unicore bootloader[0m
[0;32mI (35) boot: chip revision: v3.1[0m
[0;32mI (39) boot.esp32: SPI Speed      : 80MHz[0m
[0;32mI (44) boot.esp32: SPI Mode       : DIO[0m
[0;32mI (48) boot.esp32: SPI Flash Size : 4MB[0m
[0;32mI (53) boot: Enabling RNG early entropy source...[0m
[0;32mI (58) boot: Partition Table:[0m
[0;32mI (62) boot: ## Label            Usage          Type ST Offset   Length[0m
[0;32mI (69) boot:  0 nvs              WiFi data        01 02 00009000 00004000[0m
[0;32mI (77) boot:  1 otadata          OTA data         01 00 0000d000 00002000[0m
[0;32mI (84) boot:  2 phy_init         RF data          01 01 0000f000 00001000[0m
[0;32mI (92) boot:  3 ota_0            OTA app          00 10 00010000 001e0000[0m
[0;32mI (99) boot:  4 ota_1            OTA app          00 11 001f0000 001e0000[0m
[0;32mI (107) boot:  5 coredump         Unknown data     01 03 003d0000 00010000[0m
[0;32mI (114) boot:  6 reserved         Unknown data     01 fe 003e0000 00020000[0m
[0;32mI (122) boot: End of partition table[0m
[0;32mI (126) esp_image: segment 0: paddr=00010020 vaddr=3f400020 size=2d81ch (186396) map[0m
[0;32mI (187) esp_image: segment 1: paddr=0003d844 vaddr=3ffbdb60 size=027d4h ( 10196) load[0m
[0;32mI (191) esp_image: segment 2: paddr=00040020 vaddr=400d0020 size=c1e2ch (794156) map[0m
ets Jul 29 2019 12:21:46

rst:0x1 (POWERON_RESET),boot:0x13 (SPI_FAST_FLASH_BOOT)
configsip: 0, SPIWP:0xee
clk_drv:0x00,q_drv:0x00,d_drv:0x00,cs0_drv:0x00,hd_drv:0x00,wp_drv:0x00
mode:DIO, clock div:1
load:0x3fff0030,len:7168
load:0x40078000,len:15464
load:0x40080400,len:4
ho 8 tail 4 room 4
load:0x40080404,len:3684
entry 0x40080614
[0;32mI (31) boot: ESP-IDF v5.3-dirty 2nd stage bootloader[0m
[0;32mI (31) boot: compile time Aug 20 2024 21:14:45[0m
[0;33mW (31) boot: Unicore bootloader[0m
[0;32mI (35) boot: chip revision: v3.1[0m
[0;32mI (39) boot.esp32: SPI Speed      : 80MHz[0m
[0;32mI (44) boot.esp32: SPI Mode       : DIO[0m
[0;32mI (48) boot.esp32: SPI Flash Size : 4MB[0m
[0;32mI (53) boot: Enabling RNG early entropy source...[0m
[0;32mI (58) boot: Partition Table:[0m
[0;32mI (62) boot: ## Label            Usage          Type ST Offset   Length[0m
[0;32mI (69) boot:  0 nvs              WiFi data        01 02 00009000 00004000[0m
[0;32mI (77) boot:  1 otadata          OTA data         01 00 0000d000 00002000[0m
[0;32mI (84) boot:  2 phy_init         RF data          01 01 0000f000 00001000[0m
[0;32mI (92) boot:  3 ota_0            OTA app          00 10 00010000 001e0000[0m
[0;32mI (99) boot:  4 ota_1            OTA app          00 11 001f0000 001e0000[0m
[0;32mI (107) boot:  5 coredump         Unknown data     01 03 003d0000 00010000[0m
[0;32mI (114) boot:  6 reserved         Unknown data     01 fe 003e0000 00020000[0m
[0;32mI (122) boot: End of partition table[0m
[0;32mI (126) esp_image: segment 0: paddr=00010020 vaddr=3f400020 size=2d81ch (186396) map[0m
[0;32mI (187) esp_image: segment 1: paddr=0003d844 vaddr=3ffbdb60 size=027d4h ( 10196) load[0m
[0;32mI (191) esp_image: segment 2: paddr=00040020 vaddr=400d0020 size=c1e2ch (794156) map[0m
[0;32mI (418) esp_image: segment 3: paddr=00101e54 vaddr=3ffc0334 size=03794h ( 14228) load[0m
[0;32mI (422) esp_image: segment 4: paddr=001055f0 vaddr=40080000 size=1c880h (116864) load[0m
[0;32mI (477) boot: Loaded app from partition at offset 0x10000[0m
[0;32mI (477) boot: Disabling RNG early entropy source...[0m
[0;32mI (489) quad_psram: This chip is ESP32-D0WD[0m
[0;32mI (489) esp_psram: Found 8MB PSRAM device[0m
[0;32mI (489) esp_psram: Speed: 40MHz[0m
[0;32mI (493) esp_psram: PSRAM initialized, cache is in normal (1-core) mode.[0m
[0;33mW (500) esp_psram: Virtual address not enough for PSRAM, map as much as we can. 4MB is mapped[0m
[0;32mI (509) cpu_start: Unicore app[0m
[0;32mI (513) cpu_start: Single core mode[0m
ets Jul 29 2019 12:21:46

rst:0x1 (POWERON_RESET),boot:0x13 (SPI_FAST_FLASH_BOOT)
configsip: 0, SPIWP:0xee
clk_drv:0x00,q_drv:0x00,d_drv:0x00,cs0_drv:0x00,hd_drv:0x00,wp_drv:0x00
mode:DIO, clock div:1
load:0x3fff0030,len:7168
load:0x40078000,len:15464
load:0x40080400,len:4
ho 8 tail 4 room 4
load:0x40080404,len:3684
entry 0x40080614
[0;32mI (31) boot: ESP-IDF v5.3-dirty 2nd stage bootloader[0m
[0;32mI (31) boot: compile time Aug 20 2024 21:14:45[0m
[0;33mW (31) boot: Unicore bootloader[0m
[0;32mI (35) boot: chip revision: v3.1[0m
[0;32mI (39) boot.esp32: SPI Speed      : 80MHz[0m
[0;32mI (44) boot.esp32: SPI Mode       : DIO[0m
[0;32mI (48) boot.esp32: SPI Flash Size : 4MB[0m
[0;32mI (53) boot: Enabling RNG early entropy source...[0m
[0;32mI (58) boot: Partition Table:[0m
[0;32mI (62) boot: ## Label            Usage          Type ST Offset   Length[0m
[0;32mI (69) boot:  0 nvs              WiFi data        01 02 00009000 00004000[0m
[0;32mI (77) boot:  1 otadata          OTA data         01 00 0000d000 00002000[0m
[0;32mI (84) boot:  2 phy_init         RF data          01 01 0000f000 00001000[0m
[0;32mI (92) boot:  3 ota_0            OTA app          00 10 00010000 001e0000[0m
[0;32mI (99) boot:  4 ota_1            OTA app          00 11 001f0000 001e0000[0m
[0;32mI (107) boot:  5 coredump         Unknown data     01 03 003d0000 00010000[0m
[0;32mI (114) boot:  6 reserved         Unknown data     01 fe 003e0000 00020000[0m
[0;32mI (122) boot: End of partition table[0m
[0;32mI (126) esp_image: segment 0: paddr=00010020 vaddr=3f400020 size=2d81ch (186396) map[0m
[0;32mI (187) esp_image: segment 1: paddr=0003d844 vaddr=3ffbdb60 size=027d4h ( 10196) load[0m
[0;32mI (191) esp_image: segment 2: paddr=00040020 vaddr=400d0020 size=c1e2ch (794156) map[0m
[0;32mI (418) esp_image: segment 3: paddr=00101e54 vaddr=3ffc0334 size=03794h ( 14228) load[0m
[0;32mI (422) esp_image: segment 4: paddr=001055f0 vaddr=40080000 size=1c880h (116864) load[0m
[0;32mI (477) boot: Loaded app from partition at offset 0x10000[0m
[0;32mI (477) boot: Disabling RNG early entropy source...[0m
[0;32mI (489) quad_psram: This chip is ESP32-D0WD[0m
[0;32mI (489) esp_psram: Found 8MB PSRAM device[0m
[0;32mI (489) esp_psram: Speed: 40MHz[0m
[0;32mI (493) esp_psram: PSRAM initialized, cache is in normal (1-core) mode.[0m
[0;33mW (500) esp_psram: Virtual address not enough for PSRAM, map as much as we can. 4MB is mapped[0m
[0;32mI (509) cpu_start: Unicore app[0m
[0;32mI (513) cpu_start: Single core mode[0m
[0;32mI (1440) esp_psram: SPI SRAM memory test OK[0m
[0;32mI (1448) cpu_start: Pro cpu start user code[0m
[0;32mI (1448) cpu_start: cpu freq: 240000000 Hz[0m
[0;32mI (1448) app_init: Application information:[0m
[0;32mI (1451) app_init: Project name:     mesh_local_control[0m
[0;32mI (1457) app_init: App version:      f498e75d-dirty[0m
[0;32mI (1463) app_init: Compile time:     Aug 21 2024 12:35:40[0m
[0;32mI (1469) app_init: ELF file SHA256:  0854db824...[0m
[0;32mI (1474) app_init: ESP-IDF:          v5.3-dirty[0m
[0;32mI (1480) efuse_init: Min chip rev:     v0.0[0m
[0;32mI (1484) efuse_init: Max chip rev:     v3.99 [0m
[0;32mI (1489) efuse_init: Chip rev:         v3.1[0m
[0;32mI (1495) heap_init: Initializing. RAM available for dynamic allocation:[0m
[0;32mI (1502) heap_init: At 3FFAE6E0 len 0000F480 (61 KiB): DRAM[0m
[0;32mI (1508) heap_init: At 3FFC88B8 len 00017748 (93 KiB): DRAM[0m
[0;32mI (1514) heap_init: At 3FFE0440 len 0001FBC0 (126 KiB): D/IRAM[0m
[0;32mI (1521) heap_init: At 40078000 len 00008000 (32 KiB): IRAM[0m
[0;32mI (1527) heap_init: At 4009C880 len 00003780 (13 KiB): IRAM[0m
[0;32mI (1533) heap_init: At 3FF80000 len 00002000 (8 KiB): RTCRAM[0m
[0;32mI (1540) esp_psram: Adding pool of 4096K of PSRAM memory to heap allocator[0m
[0;32mI (1548) spi_flash: detected chip: generic[0m
[0;32mI (1552) spi_flash: flash io: dio[0m
[0;33mW (1556) i2c: This driver is an old driver, please migrate your application code to adapt `driver/i2c_master.h`[0m
[0;32mI (1567) coexist: coex firmware version: dab85ae96[0m
[0;32mI (1572) main_task: Started on CPU0[0m
[0;32mI (1575) esp_psram: Reserving pool of 32K of internal memory for DMA/internal allocations[0m
[0;32mI (1584) main_task: Calling app_main()[0m
[0;32mI (1603) bridge_common: esp-iot-bridge version: 0.11.8[0m
I (1605) wifi:wifi driver task: 3ffbd654, prio:23, stack:6656, core=0
I (1607) wifi:wifi firmware version: 0caa81945
I (1609) wifi:wifi certification version: v7.0
I (1613) wifi:config NVS flash: enabled
I (1617) wifi:config nano formating: disabled
I (1621) wifi:Init data frame dynamic rx buffer num: 32
I (1626) wifi:Init static rx mgmt buffer num: 5
I (1630) wifi:Init management short buffer num: 32
I (1635) wifi:Init static tx buffer num: 16
I (1639) wifi:Init tx cache buffer num: 32
I (1642) wifi:Init static rx buffer size: 1600
I (1646) wifi:Init static rx buffer num: 10
I (1650) wifi:Init dynamic rx buffer num: 32
[0;32mI (1655) wifi_init: accept mbox: 6[0m
[0;32mI (1658) wifi_init: tcpip mbox: 32[0m
[0;32mI (1662) wifi_init: udp mbox: 6[0m
[0;32mI (1666) wifi_init: tcp mbox: 6[0m
[0;32mI (1670) wifi_init: tcp tx win: 5760[0m
[0;32mI (1674) wifi_init: tcp rx win: 5760[0m
[0;32mI (1678) wifi_init: tcp mss: 1440[0m
[0;32mI (1682) wifi_init: WiFi IRAM OP enabled[0m
[0;32mI (1687) wifi_init: WiFi RX IRAM OP enabled[0m
[0;32mI (1692) phy_init: phy_version 4830,54550f7,Jun 20 2024,14:22:08[0m
I (1752) wifi:mode : null
I (1754) wifi:mode : softAP (08:a6:f7:11:51:a9)
I (1755) wifi:Total power save buffer number: 8
I (1755) wifi:Init max length of beacon: 752/752
I (1757) wifi:Init max length of beacon: 752/752
[0;32mI (1763) esp_netif_lwip: DHCP server started on interface WIFI_AP_DEF with IP: 192.168.4.1[0m
Add netif ap with f498e75d(commit id)
[0;32mI (1773) bridge_common: netif list add success[0m
[0;32mI (1779) bridge_common: [WIFI_AP_DEF ][0m
[0;32mI (1784) bridge_common: Set ip info:192.168.5.1[0m
[0;32mI (1788) bridge_wifi: SoftAP IP network segment has changed, deauth all station[0m
I (1798) wifi:Disabled PMF config for SoftAP
I (1801) wifi:Total power save buffer number: 8
[0;32mI (1806) esp_netif_lwip: DHCP server started on interface WIFI_AP_DEF with IP: 192.168.5.1[0m
[0;32mI (1814) bridge_common: [WIFI_AP_DEF ]Name Server1: 114.114.114.114[0m
[0;32mI (1820) bridge_common: DHCPS Restart, deauth all station[0m
Add netif sta with f498e75d(commit id)
[0;32mI (1830) bridge_common: netif list add success[0m
I (1835) wifi:mode : sta (08:a6:f7:11:51:a8) + softAP (08:a6:f7:11:51:a9)
I (1842) wifi:enable tsf
[0;31mE (1845) NVS: Failed to read IP info from NVS[0m
I (1849) wifi:Disabled PMF config for STA
[0;32mI (1853) bridge_wifi: [esp_bridge_wifi_set_config] sta ssid: Tran Con password: 88888888[0m
[0;32mI (1862) bridge_wifi: [esp_bridge_wifi_set_config] softap ssid: ESP_Bridge_1151a9 password: 12345678[0m
I (2043) wifi:Total power save buffer number: 8
[0;32mI (2045) esp_netif_lwip: DHCP server started on interface WIFI_AP_DEF with IP: 192.168.5.1[0m
[0;32mI (2046) bridge_wifi: SoftAP config changed, deauth all station[0m
[0;32mI (2052) Mesh-Lite: esp-mesh-lite component version: 1.0.0[0m
I (2058) ESPNOW: espnow [version: 1.0] init
[0;32mI (2062) [vendor_ie]: Mesh-Lite commit id: bc9302d
 [0m
[0;32mI (2068) [vendor_ie]: Mesh ID: 77 [0m
[0;32mI (2073) [ESP_Mesh_Lite_Comm]: msg action add success [0m
[0;32mI (2079) [ESP_Mesh_Lite_Comm]: Bind Socket 54, port 6364 [0m
[0;32mI (2084) [ESP_Mesh_Lite_Comm]: Bind Socket 55, port 6363 [0m
[0;32mI (2090) [ESP_Mesh_Lite_Comm]: Bind Socket 56, port 6366 [0m
[0;32mI (2096) [ESP_Mesh_Lite_Comm]: Bind Socket 57, port 6365 [0m
[0;32mI (2102) [mesh-lite-espnow]: Start espnow task [0m
[0;32mI (2108) Mesh-Lite: Mesh-Lite connecting[0m
[0;32mI (2113) [vendor_ie]: esp_mesh_lite_wifi_scan_start return ESP_OK [0m
[0;32mI (2119) gpio: GPIO[25]| InputEn: 1| OutputEn: 0| OpenDrain: 0| Pullup: 1| Pulldown: 0| Intr:2 [0m
[0;32mI (2128) cam_hal: cam init ok[0m
[0;32mI (2132) sccb: pin_sda 26 pin_scl 27[0m
[0;32mI (2136) sccb: sccb_i2c_port=1[0m
[0;32mI (2140) gpio: GPIO[32]| InputEn: 0| OutputEn: 1| OpenDrain: 0| Pullup: 0| Pulldown: 0| Intr:0 [0m
[0;32mI (2179) camera: Detected camera at address=0x30[0m
[0;32mI (2182) camera: Detected OV2640 camera[0m
[0;32mI (2182) camera: Camera PID=0x26 VER=0x42 MIDL=0x7f MIDH=0xa2[0m
[0;32mI (2267) cam_hal: buffer_size: 32768, half_buffer_size: 4096, node_buffer_size: 2048, node_cnt: 16, total_cnt: 15[0m
[0;32mI (2268) cam_hal: Allocating 61440 Byte frame buffer in PSRAM[0m
[0;32mI (2274) cam_hal: cam config ok[0m
[0;32mI (2278) ov2640: Set PLL: clk_2x: 0, clk_div: 0, pclk_auto: 0, pclk_div: 8[0m
[0;33mW (2365) websocket_client: `network_timeout_ms` is not set, or it is less than or equal to zero, using default time out 10000 (milliseconds)[0m
[0;32mI (2371) main_task: Returned from app_main()[0m
[0;32mI (3651) [vendor_ie]: Mesh-Lite Scan done [0m
[0;32mI (3652) [vendor_ie]: RTC store: temp_mesh_id:255; ssid:Tran Con; bssid:00:00:00:00:00:00; crc:3374109264 [0m
[0;32mI (3656) [vendor_ie]: wifi_cfg Tran Con router_config Tran Con [0m
[0;32mI (3663) [vendor_ie]: esp_mesh_lite_wifi_connect return ESP_OK [0m
I (3838) wifi:new:<1,1>, old:<1,1>, ap:<1,1>, sta:<1,0>, prof:1, snd_ch_cfg:0x0
I (3839) wifi:state: init -> auth (0xb0)
I (3844) wifi:state: auth -> assoc (0x0)
I (3850) wifi:state: assoc -> run (0x10)
I (3947) wifi:connected with Tran Con, aid = 2, channel 1, BW20, bssid = d8:e8:44:03:77:28
I (3948) wifi:security: WPA2-PSK, phy: bgn, rssi: -90
I (3949) wifi:pm start, type: 1

I (3952) wifi:dp: 1, bi: 102400, li: 3, scale listen interval from 307200 us to 307200 us
I (3999) wifi:AP's beacon interval = 102400 us, DTIM period = 1
[0;32mI (6152) bridge_common: [WIFI_AP_DEF ]Name Server1: 192.168.2.253[0m
[0;32mI (6962) esp_netif_handlers: sta ip: 192.168.2.13, mask: 255.255.255.0, gw: 192.168.2.253[0m
[0;32mI (6963) bridge_wifi: Connected with IP Address:192.168.2.13[0m
[0;32mI (6968) [vendor_ie]: RTC store: temp_mesh_id:13; ssid:Tran Con; bssid:00:00:00:00:00:00; crc:1691861107 [0m
[0;32mI (6980) esp32cam_security_gate: TCP client write task is running[0m
[0;31mE (12372) esp-tls: [sock=58] select() timeout[0m
[0;31mE (12373) transport_base: Failed to open a new connection: 32774[0m
[0;31mE (12373) transport_ws: Error connecting to host 192.168.2.88:3000[0m
[0;31mE (12380) websocket_client: esp_transport_connect() failed with -1, transport_error=ESP_ERR_ESP_TLS_CONNECTION_TIMEOUT, tls_error_code=0, tls_flags=0, esp_ws_handshake_status_code=0, errno=119[0m
[0;31mE (12397) websocket_client: WebSocket client error[0m
[0;32mI (12403) websocket_client: Reconnect after 500 ms[0m
[0;32mI (12409) websocket_client: WebSocket client connected[0m
[0;31mE (12414) websocket_client: Websocket client is not connected[0m
[0;33mW (12421) websocket_client: Waiting for WebSocket connection to resume sending image...[0m
[0;33mW (12432) cam_hal: NO-SOI[0m
[0;32mI (13080) websocket_client: WebSocket client connected[0m
[0;32mI (13267) websocket_client: Image sent to WebSocket: 12610 bytes (0.1fps)[0m
[0;32mI (13731) websocket_client: Image sent to WebSocket: 12330 bytes (2.2fps)[0m
[0;32mI (14050) websocket_client: Image sent to WebSocket: 12361 bytes (3.1fps)[0m
[0;32mI (14250) websocket_client: Image sent to WebSocket: 12403 bytes (5.0fps)[0m
[0;32mI (14469) websocket_client: Image sent to WebSocket: 12229 bytes (4.6fps)[0m
[0;32mI (14723) websocket_client: Image sent to WebSocket: 12913 bytes (3.9fps)[0m
[0;32mI (15133) websocket_client: Image sent to WebSocket: 12658 bytes (2.4fps)[0m
[0;32mI (15356) websocket_client: Image sent to WebSocket: 12898 bytes (4.5fps)[0m
[0;32mI (15620) websocket_client: Image sent to WebSocket: 12553 bytes (3.8fps)[0m
[0;32mI (15876) websocket_client: Image sent to WebSocket: 12291 bytes (3.9fps)[0m
[0;32mI (16099) websocket_client: Image sent to WebSocket: 12254 bytes (4.5fps)[0m
[0;32mI (16455) websocket_client: Image sent to WebSocket: 12321 bytes (2.8fps)[0m
[0;32mI (16755) websocket_client: Image sent to WebSocket: 12499 bytes (3.3fps)[0m
[0;32mI (16991) websocket_client: Image sent to WebSocket: 12602 bytes (4.3fps)[0m
[0;32mI (17329) websocket_client: Image sent to WebSocket: 12373 bytes (3.0fps)[0m
[0;32mI (17599) websocket_client: Image sent to WebSocket: 12313 bytes (3.7fps)[0m
[0;32mI (17956) websocket_client: Image sent to WebSocket: 12889 bytes (2.8fps)[0m
[0;32mI (18206) websocket_client: Image sent to WebSocket: 12573 bytes (4.0fps)[0m
[0;32mI (18451) websocket_client: Image sent to WebSocket: 12535 bytes (4.1fps)[0m
[0;32mI (18733) websocket_client: Image sent to WebSocket: 12268 bytes (3.6fps)[0m
[0;32mI (19053) websocket_client: Image sent to WebSocket: 12774 bytes (3.1fps)[0m
[0;32mI (19351) websocket_client: Image sent to WebSocket: 12665 bytes (3.4fps)[0m
[0;32mI (19632) websocket_client: Image sent to WebSocket: 12688 bytes (3.6fps)[0m
[0;32mI (19870) websocket_client: Image sent to WebSocket: 12303 bytes (4.2fps)[0m
[0;32mI (20206) websocket_client: Image sent to WebSocket: 12394 bytes (3.0fps)[0m
[0;32mI (20502) websocket_client: Image sent to WebSocket: 12418 bytes (3.4fps)[0m
[0;32mI (20812) websocket_client: Image sent to WebSocket: 12500 bytes (3.2fps)[0m
[0;32mI (21071) websocket_client: Image sent to WebSocket: 12222 bytes (3.9fps)[0m
[0;32mI (21294) websocket_client: Image sent to WebSocket: 12506 bytes (4.5fps)[0m
[0;32mI (21562) websocket_client: Image sent to WebSocket: 12369 bytes (3.7fps)[0m
[0;32mI (21829) websocket_client: Image sent to WebSocket: 12459 bytes (3.7fps)[0m
[0;32mI (22027) websocket_client: Image sent to WebSocket: 12472 bytes (5.1fps)[0m
[0;32mI (22236) websocket_client: Image sent to WebSocket: 11670 bytes (4.8fps)[0m
