ï¿½ï¿½ets Jul 29 2019 12:21:46

rst:0x1 (POWERON_RESET),boot:0x13 (SPI_FAST_FLASH_BOOT)
configsip: 0, SPIWP:0xee
clk_drv:0x00,q_drv:0x00,d_drv:0x00,cs0_drv:0x00,hd_drv:0x00,wp_drv:0x00
mode:DIO, clock div:1
load:0x3fff0030,len:7168
load:0x40078000,len:15464
load:0x40080400,len:4
ho 8 tail 4 room 4
load:0x40080404,len:3684
entry 0x40080614
[0;32mI (31) boot: ESP-IDF v5.3-dirty 2nd stage bootloader[0m
[0;32mI (31) boot: compile time Aug 26 2024 19:21:57[0m
[0;33mW (31) boot: Unicore bootloader[0m
[0;32mI (35) boot: chip revision: v3.1[0m
[0;32mI (39) boot.esp32: SPI Speed      : 80MHz[0m
[0;32mI (44) boot.esp32: SPI Mode       : DIO[0m
[0;32mI (48) boot.esp32: SPI Flash Size : 4MB[0m
[0;32mI (53) boot: Enabling RNG early entropy source...[0m
[0;32mI (58) boot: Partition Table:[0m
[0;32mI (62) boot: ## Label            Usage          Type ST Offset   Length[0m
[0;32mI (69) boot:  0 nvs              WiFi data        01 02 00009000 00004000[0m
[0;32mI (77) boot:  1 otadata          OTA data         01 00 0000d000 00002000[0m
[0;32mI (84) boot:  2 phy_init         RF data          01 01 0000f000 00001000[0m
[0;32mI (92) boot:  3 ota_0            OTA app          00 10 00010000 001e0000[0m
[0;32mI (99) boot:  4 ota_1            OTA app          00 11 001f0000 001e0000[0m
[0;32mI (107) boot:  5 coredump         Unknown data     01 03 003d0000 00010000[0m
[0;32mI (114) boot:  6 reserved         Unknown data     01 fe 003e0000 00020000[0m
[0;32mI (122) boot: End of partition table[0m
[0;32mI (126) boot: No factory image, trying OTA 0[0m
[0;32mI (131) esp_image: segment 0: paddr=00010020 vaddr=3f400020 size=2dfd4h (188372) map[0m
[0;32mI (193) esp_image: segment 1: paddr=0003dffc vaddr=3ffbdb60 size=0201ch (  8220) load[0m
[0;32mI (196) esp_image: segment 2: paddr=00040020 vaddr=400d0020 size=c2dech (798188) map[0m
[0;32mI (424) esp_image: segment 3: paddr=00102e14 vaddr=3ffbfb7c size=03f5ch ( 16220) load[0m
[0;32mI (430) esp_image: segment 4: paddr=00106d78 vaddr=40080000 size=1cc94h (117908) load[0m
[0;32mI (484) boot: Loaded app from partition at offset 0x10000[0m
[0;32mI (489) boot: Set actual ota_seq=1 in otadata[0][0m
[0;32mI (489) boot: Disabling RNG early entropy source...[0m
[0;32mI (501) quad_psram: This chip is ESP32-D0WD[0m
[0;32mI (501) esp_psram: Found 8MB PSRAM device[0m
[0;32mI (501) esp_psram: Speed: 40MHz[0m
[0;32mI (505) esp_psram: PSRAM initialized, cache is in normal (1-core) mode.[0m
[0;33mW (513) esp_psram: Virtual address not enough for PSRAM, map as much as we can. 4MB is mapped[0m
[0;32mI (522) cpu_start: Unicore app[0m
[0;32mI (525) cpu_start: Single core mode[0m
[0;32mI (1453) esp_psram: SPI SRAM memory test OK[0m
[0;32mI (1461) cpu_start: Pro cpu start user code[0m
[0;32mI (1461) cpu_start: cpu freq: 240000000 Hz[0m
[0;32mI (1461) app_init: Application information:[0m
[0;32mI (1464) app_init: Project name:     mesh_local_control[0m
[0;32mI (1470) app_init: App version:      d1ba481-dirty[0m
[0;32mI (1475) app_init: Compile time:     Aug 26 2024 19:21:52[0m
[0;32mI (1481) app_init: ELF file SHA256:  3daec32fc...[0m
[0;32mI (1487) app_init: ESP-IDF:          v5.3-dirty[0m
[0;32mI (1492) efuse_init: Min chip rev:     v0.0[0m
[0;32mI (1497) efuse_init: Max chip rev:     v3.99 [0m
[0;32mI (1502) efuse_init: Chip rev:         v3.1[0m
[0;32mI (1507) heap_init: Initializing. RAM available for dynamic allocation:[0m
[0;32mI (1514) heap_init: At 3FFAE6E0 len 0000F480 (61 KiB): DRAM[0m
[0;32mI (1520) heap_init: At 3FFC8940 len 000176C0 (93 KiB): DRAM[0m
[0;32mI (1526) heap_init: At 3FFE0440 len 0001FBC0 (126 KiB): D/IRAM[0m
[0;32mI (1533) heap_init: At 40078000 len 00008000 (32 KiB): IRAM[0m
[0;32mI (1539) heap_init: At 4009CC94 len 0000336C (12 KiB): IRAM[0m
[0;32mI (1545) heap_init: At 3FF80000 len 00002000 (8 KiB): RTCRAM[0m
[0;32mI (1552) esp_psram: Adding pool of 4096K of PSRAM memory to heap allocator[0m
[0;32mI (1560) spi_flash: detected chip: generic[0m
[0;32mI (1564) spi_flash: flash io: dio[0m
[0;33mW (1568) i2c: This driver is an old driver, please migrate your application code to adapt `driver/i2c_master.h`[0m
[0;32mI (1590) coexist: coex firmware version: dab85ae96[0m
[0;32mI (1591) main_task: Started on CPU0[0m
[0;32mI (1591) esp_psram: Reserving pool of 32K of internal memory for DMA/internal allocations[0m
[0;32mI (1599) main_task: Calling app_main()[0m
[0;32mI (1616) bridge_common: esp-iot-bridge version: 0.11.8[0m
I (1619) wifi:wifi driver task: 3ffbd604, prio:23, stack:6656, core=0
I (1621) wifi:wifi firmware version: 0caa81945
I (1622) wifi:wifi certification version: v7.0
I (1626) wifi:config NVS flash: enabled
I (1630) wifi:config nano formating: disabled
I (1634) wifi:Init data frame dynamic rx buffer num: 32
I (1639) wifi:Init static rx mgmt buffer num: 5
I (1643) wifi:Init management short buffer num: 32
I (1647) wifi:Init static tx buffer num: 16
I (1651) wifi:Init tx cache buffer num: 32
I (1655) wifi:Init static rx buffer size: 1600
I (1659) wifi:Init static rx buffer num: 10
I (1663) wifi:Init dynamic rx buffer num: 32
[0;32mI (1668) wifi_init: accept mbox: 6[0m
[0;32mI (1671) wifi_init: tcpip mbox: 32[0m
[0;32mI (1675) wifi_init: udp mbox: 6[0m
[0;32mI (1679) wifi_init: tcp mbox: 6[0m
[0;32mI (1683) wifi_init: tcp tx win: 5760[0m
[0;32mI (1687) wifi_init: tcp rx win: 5760[0m
[0;32mI (1691) wifi_init: tcp mss: 1440[0m
[0;32mI (1695) wifi_init: WiFi IRAM OP enabled[0m
[0;32mI (1700) wifi_init: WiFi RX IRAM OP enabled[0m
[0;32mI (1705) phy_init: phy_version 4830,54550f7,Jun 20 2024,14:22:08[0m
[0;33mW (1711) phy_init: failed to load RF calibration data (0x1102), falling back to full calibration[0m
ï¿½ets Jul 29 2019 12:21:46

rst:0x3 (SW_RESET),boot:0x13 (SPI_FAST_FLASH_BOOT)
configsip: 0, SPIWP:0xee
clk_drv:0x00,q_drv:0x00,d_drv:0x00,cs0_drv:0x00,hd_drv:0x00,wp_drv:0x00
mode:DIO, clock div:1
load:0x3fff0030,len:7168
load:0x40078000,len:15464
load:0x40080400,len:4
ho 8 tail 4 room 4
load:0x40080404,len:3684
entry 0x40080614
[0;32mI (179) boot: ESP-IDF v5.3-dirty 2nd stage bootloader[0m
[0;32mI (179) boot: compile time Aug 26 2024 19:21:57[0m
[0;33mW (179) boot: Unicore bootloader[0m
[0;32mI (184) boot: chip revision: v3.1[0m
[0;32mI (188) boot.esp32: SPI Speed      : 80MHz[0m
[0;32mI (193) boot.esp32: SPI Mode       : DIO[0m
[0;32mI (198) boot.esp32: SPI Flash Size : 4MB[0m
[0;32mI (202) boot: Enabling RNG early entropy source...[0m
[0;32mI (208) boot: Partition Table:[0m
[0;32mI (211) boot: ## Label            Usage          Type ST Offset   Length[0m
[0;32mI (219) boot:  0 nvs              WiFi data        01 02 00009000 00004000[0m
[0;32mI (226) boot:  1 otadata          OTA data         01 00 0000d000 00002000[0m
[0;32mI (234) boot:  2 phy_init         RF data          01 01 0000f000 00001000[0m
[0;32mI (242) boot:  3 ota_0            OTA app          00 10 00010000 001e0000[0m
[0;32mI (249) boot:  4 ota_1            OTA app          00 11 001f0000 001e0000[0m
[0;32mI (257) boot:  5 coredump         Unknown data     01 03 003d0000 00010000[0m
[0;32mI (264) boot:  6 reserved         Unknown data     01 fe 003e0000 00020000[0m
[0;32mI (272) boot: End of partition table[0m
[0;32mI (276) esp_image: segment 0: paddr=00010020 vaddr=3f400020 size=2dfd4h (188372) map[0m
[0;32mI (338) esp_image: segment 1: paddr=0003dffc vaddr=3ffbdb60 size=0201ch (  8220) load[0m
[0;32mI (341) esp_image: segment 2: paddr=00040020 vaddr=400d0020 size=c2dech (798188) map[0m
[0;32mI (569) esp_image: segment 3: paddr=00102e14 vaddr=3ffbfb7c size=03f5ch ( 16220) load[0m
[0;32mI (575) esp_image: segment 4: paddr=00106d78 vaddr=40080000 size=1cc94h (117908) load[0m
[0;32mI (629) boot: Loaded app from partition at offset 0x10000[0m
[0;32mI (629) boot: Disabling RNG early entropy source...[0m
[0;32mI (641) quad_psram: This chip is ESP32-D0WD[0m
[0;32mI (641) esp_psram: Found 8MB PSRAM device[0m
[0;32mI (641) esp_psram: Speed: 40MHz[0m
[0;32mI (645) esp_psram: PSRAM initialized, cache is in normal (1-core) mode.[0m
[0;33mW (652) esp_psram: Virtual address not enough for PSRAM, map as much as we can. 4MB is mapped[0m
[0;32mI (662) cpu_start: Unicore app[0m
[0;32mI (665) cpu_start: Single core mode[0m
[0;32mI (1593) esp_psram: SPI SRAM memory test OK[0m
[0;32mI (1600) cpu_start: Pro cpu start user code[0m
[0;32mI (1600) cpu_start: cpu freq: 240000000 Hz[0m
[0;32mI (1600) app_init: Application information:[0m
[0;32mI (1604) app_init: Project name:     mesh_local_control[0m
[0;32mI (1610) app_init: App version:      d1ba481-dirty[0m
[0;32mI (1615) app_init: Compile time:     Aug 26 2024 19:21:52[0m
[0;32mI (1621) app_init: ELF file SHA256:  3daec32fc...[0m
[0;32mI (1626) app_init: ESP-IDF:          v5.3-dirty[0m
[0;32mI (1632) efuse_init: Min chip rev:     v0.0[0m
[0;32mI (1636) efuse_init: Max chip rev:     v3.99 [0m
[0;32mI (1642) efuse_init: Chip rev:         v3.1[0m
[0;32mI (1647) heap_init: Initializing. RAM available for dynamic allocation:[0m
[0;32mI (1654) heap_init: At 3FFAE6E0 len 0000F480 (61 KiB): DRAM[0m
[0;32mI (1660) heap_init: At 3FFC8940 len 000176C0 (93 KiB): DRAM[0m
[0;32mI (1666) heap_init: At 3FFE0440 len 0001FBC0 (126 KiB): D/IRAM[0m
[0;32mI (1673) heap_init: At 40078000 len 00008000 (32 KiB): IRAM[0m
[0;32mI (1679) heap_init: At 4009CC94 len 0000336C (12 KiB): IRAM[0m
[0;32mI (1685) heap_init: At 3FF80000 len 00002000 (8 KiB): RTCRAM[0m
[0;32mI (1692) esp_psram: Adding pool of 4096K of PSRAM memory to heap allocator[0m
[0;32mI (1700) spi_flash: detected chip: generic[0m
[0;32mI (1704) spi_flash: flash io: dio[0m
[0;33mW (1708) i2c: This driver is an old driver, please migrate your application code to adapt `driver/i2c_master.h`[0m
[0;32mI (1730) coexist: coex firmware version: dab85ae96[0m
[0;32mI (1731) main_task: Started on CPU0[0m
[0;32mI (1731) esp_psram: Reserving pool of 32K of internal memory for DMA/internal allocations[0m
[0;32mI (1739) main_task: Calling app_main()[0m
[0;32mI (1756) bridge_common: esp-iot-bridge version: 0.11.8[0m
I (1758) wifi:wifi driver task: 3ffbd618, prio:23, stack:6656, core=0
I (1760) wifi:wifi firmware version: 0caa81945
I (1762) wifi:wifi certification version: v7.0
I (1766) wifi:config NVS flash: enabled
I (1770) wifi:config nano formating: disabled
I (1774) wifi:Init data frame dynamic rx buffer num: 32
I (1779) wifi:Init static rx mgmt buffer num: 5
I (1783) wifi:Init management short buffer num: 32
I (1787) wifi:Init static tx buffer num: 16
I (1791) wifi:Init tx cache buffer num: 32
I (1795) wifi:Init static rx buffer size: 1600
I (1799) wifi:Init static rx buffer num: 10
I (1803) wifi:Init dynamic rx buffer num: 32
[0;32mI (1808) wifi_init: accept mbox: 6[0m
[0;32mI (1811) wifi_init: tcpip mbox: 32[0m
[0;32mI (1815) wifi_init: udp mbox: 6[0m
[0;32mI (1819) wifi_init: tcp mbox: 6[0m
[0;32mI (1823) wifi_init: tcp tx win: 5760[0m
[0;32mI (1827) wifi_init: tcp rx win: 5760[0m
[0;32mI (1831) wifi_init: tcp mss: 1440[0m
[0;32mI (1835) wifi_init: WiFi IRAM OP enabled[0m
[0;32mI (1840) wifi_init: WiFi RX IRAM OP enabled[0m
[0;32mI (1845) phy_init: phy_version 4830,54550f7,Jun 20 2024,14:22:08[0m
[0;33mW (1851) phy_init: failed to load RF calibration data (0x1102), falling back to full calibration[0m
ï¿½ets Jul 29 2019 12:21:46

rst:0x3 (SW_RESET),boot:0x13 (SPI_FAST_FLASH_BOOT)
configsip: 0, SPIWP:0xee
clk_drv:0x00,q_drv:0x00,d_drv:0x00,cs0_drv:0x00,hd_drv:0x00,wp_drv:0x00
mode:DIO, clock div:1
load:0x3fff0030,len:7168
load:0x40078000,len:15464
load:0x40080400,len:4
ho 8 tail 4 room 4
load:0x40080404,len:3684
entry 0x40080614
[0;32mI (179) boot: ESP-IDF v5.3-dirty 2nd stage bootloader[0m
[0;32mI (179) boot: compile time Aug 26 2024 19:21:57[0m
[0;33mW (179) boot: Unicore bootloader[0m
[0;32mI (184) boot: chip revision: v3.1[0m
[0;32mI (188) boot.esp32: SPI Speed      : 80MHz[0m
[0;32mI (193) boot.esp32: SPI Mode       : DIO[0m
[0;32mI (198) boot.esp32: SPI Flash Size : 4MB[0m
[0;32mI (202) boot: Enabling RNG early entropy source...[0m
[0;32mI (208) boot: Partition Table:[0m
[0;32mI (211) boot: ## Label            Usage          Type ST Offset   Length[0m
[0;32mI (219) boot:  0 nvs              WiFi data        01 02 00009000 00004000[0m
[0;32mI (226) boot:  1 otadata          OTA data         01 00 0000d000 00002000[0m
[0;32mI (234) boot:  2 phy_init         RF data          01 01 0000f000 00001000[0m
[0;32mI (242) boot:  3 ota_0            OTA app          00 10 00010000 001e0000[0m
[0;32mI (249) boot:  4 ota_1            OTA app          00 11 001f0000 001e0000[0m
[0;32mI (257) boot:  5 coredump         Unknown data     01 03 003d0000 00010000[0m
[0;32mI (264) boot:  6 reserved         Unknown data     01 fe 003e0000 00020000[0m
[0;32mI (272) boot: End of partition table[0m
[0;32mI (276) esp_image: segment 0: paddr=00010020 vaddr=3f400020 size=2dfd4h (188372) map[0m
[0;32mI (338) esp_image: segment 1: paddr=0003dffc vaddr=3ffbdb60 size=0201ch (  8220) load[0m
[0;32mI (341) esp_image: segment 2: paddr=00040020 vaddr=400d0020 size=c2dech (798188) map[0m
[0;32mI (569) esp_image: segment 3: paddr=00102e14 vaddr=3ffbfb7c size=03f5ch ( 16220) load[0m
[0;32mI (575) esp_image: segment 4: paddr=00106d78 vaddr=40080000 size=1cc94h (117908) load[0m
[0;32mI (629) boot: Loaded app from partition at offset 0x10000[0m
[0;32mI (629) boot: Disabling RNG early entropy source...[0m
[0;32mI (641) quad_psram: This chip is ESP32-D0WD[0m
[0;32mI (641) esp_psram: Found 8MB PSRAM device[0m
[0;32mI (641) esp_psram: Speed: 40MHz[0m
[0;32mI (645) esp_psram: PSRAM initialized, cache is in normal (1-core) mode.[0m
[0;33mW (652) esp_psram: Virtual address not enough for PSRAM, map as much as we can. 4MB is mapped[0m
[0;32mI (661) cpu_start: Unicore app[0m
[0;32mI (665) cpu_start: Single core mode[0m
[0;32mI (1593) esp_psram: SPI SRAM memory test OK[0m
[0;32mI (1600) cpu_start: Pro cpu start user code[0m
[0;32mI (1600) cpu_start: cpu freq: 240000000 Hz[0m
[0;32mI (1600) app_init: Application information:[0m
[0;32mI (1604) app_init: Project name:     mesh_local_control[0m
[0;32mI (1610) app_init: App version:      d1ba481-dirty[0m
[0;32mI (1615) app_init: Compile time:     Aug 26 2024 19:21:52[0m
[0;32mI (1621) app_init: ELF file SHA256:  3daec32fc...[0m
[0;32mI (1626) app_init: ESP-IDF:          v5.3-dirty[0m
[0;32mI (1632) efuse_init: Min chip rev:     v0.0[0m
[0;32mI (1637) efuse_init: Max chip rev:     v3.99 [0m
[0;32mI (1642) efuse_init: Chip rev:         v3.1[0m
[0;32mI (1647) heap_init: Initializing. RAM available for dynamic allocation:[0m
[0;32mI (1654) heap_init: At 3FFAE6E0 len 0000F480 (61 KiB): DRAM[0m
[0;32mI (1660) heap_init: At 3FFC8940 len 000176C0 (93 KiB): DRAM[0m
[0;32mI (1666) heap_init: At 3FFE0440 len 0001FBC0 (126 KiB): D/IRAM[0m
[0;32mI (1673) heap_init: At 40078000 len 00008000 (32 KiB): IRAM[0m
[0;32mI (1679) heap_init: At 4009CC94 len 0000336C (12 KiB): IRAM[0m
[0;32mI (1685) heap_init: At 3FF80000 len 00002000 (8 KiB): RTCRAM[0m
[0;32mI (1692) esp_psram: Adding pool of 4096K of PSRAM memory to heap allocator[0m
[0;32mI (1700) spi_flash: detected chip: generic[0m
[0;32mI (1704) spi_flash: flash io: dio[0m
[0;33mW (1708) i2c: This driver is an old driver, please migrate your application code to adapt `driver/i2c_master.h`[0m
[0;32mI (1730) coexist: coex firmware version: dab85ae96[0m
[0;32mI (1731) main_task: Started on CPU0[0m
[0;32mI (1731) esp_psram: Reserving pool of 32K of internal memory for DMA/internal allocations[0m
[0;32mI (1739) main_task: Calling app_main()[0m
[0;32mI (1756) bridge_common: esp-iot-bridge version: 0.11.8[0m
I (1758) wifi:wifi driver task: 3ffbd618, prio:23, stack:6656, core=0
I (1760) wifi:wifi firmware version: 0caa81945
I (1762) wifi:wifi certification version: v7.0
I (1766) wifi:config NVS flash: enabled
I (1770) wifi:config nano formating: disabled
I (1774) wifi:Init data frame dynamic rx buffer num: 32
I (1779) wifi:Init static rx mgmt buffer num: 5
I (1783) wifi:Init management short buffer num: 32
I (1787) wifi:Init static tx buffer num: 16
I (1791) wifi:Init tx cache buffer num: 32
I (1795) wifi:Init static rx buffer size: 1600
I (1799) wifi:Init static rx buffer num: 10
I (1803) wifi:Init dynamic rx buffer num: 32
[0;32mI (1808) wifi_init: accept mbox: 6[0m
[0;32mI (1811) wifi_init: tcpip mbox: 32[0m
[0;32mI (1815) wifi_init: udp mbox: 6[0m
[0;32mI (1819) wifi_init: tcp mbox: 6[0m
[0;32mI (1823) wifi_init: tcp tx win: 5760[0m
[0;32mI (1827) wifi_init: tcp rx win: 5760[0m
[0;32mI (1831) wifi_init: tcp mss: 1440[0m
[0;32mI (1835) wifi_init: WiFi IRAM OP enabled[0m
[0;32mI (1840) wifi_init: WiFi RX IRAM OP enabled[0m
[0;32mI (1845) phy_init: phy_version 4830,54550f7,Jun 20 2024,14:22:08[0m
[0;33mW (1851) phy_init: failed to load RF calibration data (0x1102), falling back to full calibration[0m
ï¿½ets Jul 29 2019 12:21:46

rst:0x3 (SW_RESET),boot:0x13 (SPI_FAST_FLASH_BOOT)
configsip: 0, SPIWP:0xee
clk_drv:0x00,q_drv:0x00,d_drv:0x00,cs0_drv:0x00,hd_drv:0x00,wp_drv:0x00
mode:DIO, clock div:1
load:0x3fff0030,len:7168
load:0x40078000,len:15464
load:0x40080400,len:4
ho 8 tail 4 room 4
load:0x40080404,len:3684
entry 0x40080614
[0;32mI (179) boot: ESP-IDF v5.3-dirty 2nd stage bootloader[0m
[0;32mI (179) boot: compile time Aug 26 2024 19:21:57[0m
[0;33mW (179) boot: Unicore bootloader[0m
[0;32mI (184) boot: chip revision: v3.1[0m
[0;32mI (188) boot.esp32: SPI Speed      : 80MHz[0m
[0;32mI (193) boot.esp32: SPI Mode       : DIO[0m
[0;32mI (198) boot.esp32: SPI Flash Size : 4MB[0m
[0;32mI (202) boot: Enabling RNG early entropy source...[0m
[0;32mI (208) boot: Partition Table:[0m
[0;32mI (212) boot: ## Label            Usage          Type ST Offset   Length[0m
[0;32mI (219) boot:  0 nvs              WiFi data        01 02 00009000 00004000[0m
[0;32mI (226) boot:  1 otadata          OTA data         01 00 0000d000 00002000[0m
[0;32mI (234) boot:  2 phy_init         RF data          01 01 0000f000 00001000[0m
[0;32mI (242) boot:  3 ota_0            OTA app          00 10 00010000 001e0000[0m
[0;32mI (249) boot:  4 ota_1            OTA app          00 11 001f0000 001e0000[0m
[0;32mI (257) boot:  5 coredump         Unknown data     01 03 003d0000 00010000[0m
[0;32mI (264) boot:  6 reserved         Unknown data     01 fe 003e0000 00020000[0m
[0;32mI (272) boot: End of partition table[0m
[0;32mI (276) esp_image: segment 0: paddr=00010020 vaddr=3f400020 size=2dfd4h (188372) map[0m
[0;32mI (338) esp_image: segment 1: paddr=0003dffc vaddr=3ffbdb60 size=0201ch (  8220) load[0m
[0;32mI (341) esp_image: segment 2: paddr=00040020 vaddr=400d0020 size=c2dech (798188) map[0m
[0;32mI (569) esp_image: segment 3: paddr=00102e14 vaddr=3ffbfb7c size=03f5ch ( 16220) load[0m
[0;32mI (575) esp_image: segment 4: paddr=00106d78 vaddr=40080000 size=1cc94h (117908) load[0m
[0;32mI (629) boot: Loaded app from partition at offset 0x10000[0m
[0;32mI (629) boot: Disabling RNG early entropy source...[0m
[0;32mI (641) quad_psram: This chip is ESP32-D0WD[0m
[0;32mI (641) esp_psram: Found 8MB PSRAM device[0m
[0;32mI (641) esp_psram: Speed: 40MHz[0m
[0;32mI (645) esp_psram: PSRAM initialized, cache is in normal (1-core) mode.[0m
[0;33mW (652) esp_psram: Virtual address not enough for PSRAM, map as much as we can. 4MB is mapped[0m
[0;32mI (662) cpu_start: Unicore app[0m
[0;32mI (665) cpu_start: Single core mode[0m
[0;32mI (1593) esp_psram: SPI SRAM memory test OK[0m
[0;32mI (1600) cpu_start: Pro cpu start user code[0m
[0;32mI (1600) cpu_start: cpu freq: 240000000 Hz[0m
[0;32mI (1600) app_init: Application information:[0m
[0;32mI (1604) app_init: Project name:     mesh_local_control[0m
[0;32mI (1610) app_init: App version:      d1ba481-dirty[0m
[0;32mI (1615) app_init: Compile time:     Aug 26 2024 19:21:52[0m
[0;32mI (1621) app_init: ELF file SHA256:  3daec32fc...[0m
[0;32mI (1626) app_init: ESP-IDF:          v5.3-dirty[0m
[0;32mI (1632) efuse_init: Min chip rev:     v0.0[0m
[0;32mI (1637) efuse_init: Max chip rev:     v3.99 [0m
[0;32mI (1642) efuse_init: Chip rev:         v3.1[0m
[0;32mI (1647) heap_init: Initializing. RAM available for dynamic allocation:[0m
[0;32mI (1654) heap_init: At 3FFAE6E0 len 0000F480 (61 KiB): DRAM[0m
[0;32mI (1660) heap_init: At 3FFC8940 len 000176C0 (93 KiB): DRAM[0m
[0;32mI (1666) heap_init: At 3FFE0440 len 0001FBC0 (126 KiB): D/IRAM[0m
[0;32mI (1673) heap_init: At 40078000 len 00008000 (32 KiB): IRAM[0m
[0;32mI (1679) heap_init: At 4009CC94 len 0000336C (12 KiB): IRAM[0m
[0;32mI (1685) heap_init: At 3FF80000 len 00002000 (8 KiB): RTCRAM[0m
[0;32mI (1692) esp_psram: Adding pool of 4096K of PSRAM memory to heap allocator[0m
[0;32mI (1700) spi_flash: detected chip: generic[0m
[0;32mI (1704) spi_flash: flash io: dio[0m
[0;33mW (1708) i2c: This driver is an old driver, please migrate your application code to adapt `driver/i2c_master.h`[0m
[0;32mI (1730) coexist: coex firmware version: dab85ae96[0m
[0;32mI (1731) main_task: Started on CPU0[0m
[0;32mI (1731) esp_psram: Reserving pool of 32K of internal memory for DMA/internal allocations[0m
[0;32mI (1739) main_task: Calling app_main()[0m
[0;32mI (1756) bridge_common: esp-iot-bridge version: 0.11.8[0m
I (1758) wifi:wifi driver task: 3ffbd618, prio:23, stack:6656, core=0
I (1760) wifi:wifi firmware version: 0caa81945
I (1762) wifi:wifi certification version: v7.0
I (1766) wifi:config NVS flash: enabled
I (1770) wifi:config nano formating: disabled
I (1774) wifi:Init data frame dynamic rx buffer num: 32
I (1779) wifi:Init static rx mgmt buffer num: 5
I (1783) wifi:Init management short buffer num: 32
I (1787) wifi:Init static tx buffer num: 16
I (1791) wifi:Init tx cache buffer num: 32
I (1795) wifi:Init static rx buffer size: 1600
I (1799) wifi:Init static rx buffer num: 10
I (1803) wifi:Init dynamic rx buffer num: 32
[0;32mI (1808) wifi_init: accept mbox: 6[0m
[0;32mI (1811) wifi_init: tcpip mbox: 32[0m
[0;32mI (1815) wifi_init: udp mbox: 6[0m
[0;32mI (1819) wifi_init: tcp mbox: 6[0m
[0;32mI (1823) wifi_init: tcp tx win: 5760[0m
[0;32mI (1827) wifi_init: tcp rx win: 5760[0m
[0;32mI (1831) wifi_init: tcp mss: 1440[0m
[0;32mI (1835) wifi_init: WiFi IRAM OP enabled[0m
[0;32mI (1840) wifi_init: WiFi RX IRAM OP enabled[0m
[0;32mI (1845) phy_init: phy_version 4830,54550f7,Jun 20 2024,14:22:08[0m
[0;33mW (1851) phy_init: failed to load RF calibration data (0x1102), falling back to full calibration[0m
ï¿½ets Jul 29 2019 12:21:46

rst:0x3 (SW_RESET),boot:0x13 (SPI_FAST_FLASH_BOOT)
configsip: 0, SPIWP:0xee
clk_drv:0x00,q_drv:0x00,d_drv:0x00,cs0_drv:0x00,hd_drv:0x00,wp_drv:0x00
mode:DIO, clock div:1
load:0x3fff0030,len:7168
load:0x40078000,len:15464
load:0x40080400,len:4
ho 8 tail 4 room 4
load:0x40080404,len:3684
entry 0x40080614
[0;32mI (179) boot: ESP-IDF v5.3-dirty 2nd stage bootloader[0m
[0;32mI (179) boot: compile time Aug 26 2024 19:21:57[0m
[0;33mW (179) boot: Unicore bootloader[0m
[0;32mI (184) boot: chip revision: v3.1[0m
[0;32mI (188) boot.esp32: SPI Speed      : 80MHz[0m
[0;32mI (193) boot.esp32: SPI Mode       : DIO[0m
[0;32mI (198) boot.esp32: SPI Flash Size : 4MB[0m
[0;32mI (202) boot: Enabling RNG early entropy source...[0m
[0;32mI (208) boot: Partition Table:[0m
[0;32mI (211) boot: ## Label            Usage          Type ST Offset   Length[0m
[0;32mI (219) boot:  0 nvs              WiFi data        01 02 00009000 00004000[0m
[0;32mI (226) boot:  1 otadata          OTA data         01 00 0000d000 00002000[0m
[0;32mI (234) boot:  2 phy_init         RF data          01 01 0000f000 00001000[0m
[0;32mI (242) boot:  3 ota_0            OTA app          00 10 00010000 001e0000[0m
[0;32mI (249) boot:  4 ota_1            OTA app          00 11 001f0000 001e0000[0m
[0;32mI (257) boot:  5 coredump         Unknown data     01 03 003d0000 00010000[0m
[0;32mI (264) boot:  6 reserved         Unknown data     01 fe 003e0000 00020000[0m
[0;32mI (272) boot: End of partition table[0m
[0;32mI (276) esp_image: segment 0: paddr=00010020 vaddr=3f400020 size=2dfd4h (188372) map[0m
[0;32mI (338) esp_image: segment 1: paddr=0003dffc vaddr=3ffbdb60 size=0201ch (  8220) load[0m
[0;32mI (341) esp_image: segment 2: paddr=00040020 vaddr=400d0020 size=c2dech (798188) map[0m
[0;32mI (569) esp_image: segment 3: paddr=00102e14 vaddr=3ffbfb7c size=03f5ch ( 16220) load[0m
[0;32mI (575) esp_image: segment 4: paddr=00106d78 vaddr=40080000 size=1cc94h (117908) load[0m
[0;32mI (629) boot: Loaded app from partition at offset 0x10000[0m
[0;32mI (629) boot: Disabling RNG early entropy source...[0m
[0;32mI (641) quad_psram: This chip is ESP32-D0WD[0m
[0;32mI (641) esp_psram: Found 8MB PSRAM device[0m
[0;32mI (641) esp_psram: Speed: 40MHz[0m
[0;32mI (645) esp_psram: PSRAM initialized, cache is in normal (1-core) mode.[0m
[0;33mW (652) esp_psram: Virtual address not enough for PSRAM, map as much as we can. 4MB is mapped[0m
[0;32mI (661) cpu_start: Unicore app[0m
[0;32mI (665) cpu_start: Single core mode[0m
[0;32mI (1593) esp_psram: SPI SRAM memory test OK[0m
[0;32mI (1600) cpu_start: Pro cpu start user code[0m
[0;32mI (1600) cpu_start: cpu freq: 240000000 Hz[0m
[0;32mI (1600) app_init: Application information:[0m
[0;32mI (1604) app_init: Project name:     mesh_local_control[0m
[0;32mI (1609) app_init: App version:      d1ba481-dirty[0m
[0;32mI (1615) app_init: Compile time:     Aug 26 2024 19:21:52[0m
[0;32mI (1621) app_init: ELF file SHA256:  3daec32fc...[0m
[0;32mI (1626) app_init: ESP-IDF:          v5.3-dirty[0m
[0;32mI (1632) efuse_init: Min chip rev:     v0.0[0m
[0;32mI (1636) efuse_init: Max chip rev:     v3.99 [0m
[0;32mI (1642) efuse_init: Chip rev:         v3.1[0m
[0;32mI (1647) heap_init: Initializing. RAM available for dynamic allocation:[0m
[0;32mI (1654) heap_init: At 3FFAE6E0 len 0000F480 (61 KiB): DRAM[0m
[0;32mI (1660) heap_init: At 3FFC8940 len 000176C0 (93 KiB): DRAM[0m
[0;32mI (1666) heap_init: At 3FFE0440 len 0001FBC0 (126 KiB): D/IRAM[0m
[0;32mI (1673) heap_init: At 40078000 len 00008000 (32 KiB): IRAM[0m
[0;32mI (1679) heap_init: At 4009CC94 len 0000336C (12 KiB): IRAM[0m
[0;32mI (1685) heap_init: At 3FF80000 len 00002000 (8 KiB): RTCRAM[0m
[0;32mI (1692) esp_psram: Adding pool of 4096K of PSRAM memory to heap allocator[0m
[0;32mI (1700) spi_flash: detected chip: generic[0m
[0;32mI (1704) spi_flash: flash io: dio[0m
[0;33mW (1708) i2c: This driver is an old driver, please migrate your application code to adapt `driver/i2c_master.h`[0m
[0;32mI (1730) coexist: coex firmware version: dab85ae96[0m
[0;32mI (1731) main_task: Started on CPU0[0m
[0;32mI (1731) esp_psram: Reserving pool of 32K of internal memory for DMA/internal allocations[0m
[0;32mI (1739) main_task: Calling app_main()[0m
[0;32mI (1756) bridge_common: esp-iot-bridge version: 0.11.8[0m
I (1758) wifi:wifi driver task: 3ffbd618, prio:23, stack:6656, core=0
I (1760) wifi:wifi firmware version: 0caa81945
I (1762) wifi:wifi certification version: v7.0
I (1766) wifi:config NVS flash: enabled
I (1770) wifi:config nano formating: disabled
I (1774) wifi:Init data frame dynamic rx buffer num: 32
I (1779) wifi:Init static rx mgmt buffer num: 5
I (1783) wifi:Init management short buffer num: 32
I (1787) wifi:Init static tx buffer num: 16
I (1791) wifi:Init tx cache buffer num: 32
I (1795) wifi:Init static rx buffer size: 1600
I (1799) wifi:Init static rx buffer num: 10
I (1803) wifi:Init dynamic rx buffer num: 32
[0;32mI (1808) wifi_init: accept mbox: 6[0m
[0;32mI (1811) wifi_init: tcpip mbox: 32[0m
[0;32mI (1815) wifi_init: udp mbox: 6[0m
[0;32mI (1819) wifi_init: tcp mbox: 6[0m
[0;32mI (1823) wifi_init: tcp tx win: 5760[0m
[0;32mI (1827) wifi_init: tcp rx win: 5760[0m
[0;32mI (1831) wifi_init: tcp mss: 1440[0m
[0;32mI (1835) wifi_init: WiFi IRAM OP enabled[0m
[0;32mI (1840) wifi_init: WiFi RX IRAM OP enabled[0m
[0;32mI (1845) phy_init: phy_version 4830,54550f7,Jun 20 2024,14:22:08[0m
[0;33mW (1851) phy_init: failed to load RF calibration data (0x1102), falling back to full calibration[0m
ï¿½ets Jul 29 2019 12:21:46

rst:0x3 (SW_RESET),boot:0x13 (SPI_FAST_FLASH_BOOT)
configsip: 0, SPIWP:0xee
clk_drv:0x00,q_drv:0x00,d_drv:0x00,cs0_drv:0x00,hd_drv:0x00,wp_drv:0x00
mode:DIO, clock div:1
load:0x3fff0030,len:7168
load:0x40078000,len:15464
load:0x40080400,len:4
ho 8 tail 4 room 4
load:0x40080404,len:3684
entry 0x40080614
[0;32mI (179) boot: ESP-IDF v5.3-dirty 2nd stage bootloader[0m
[0;32mI (179) boot: compile time Aug 26 2024 19:21:57[0m
[0;33mW (179) boot: Unicore bootloader[0m
[0;32mI (184) boot: chip revision: v3.1[0m
[0;32mI (188) boot.esp32: SPI Speed      : 80MHz[0m
[0;32mI (193) boot.esp32: SPI Mode       : DIO[0m
[0;32mI (198) boot.esp32: SPI Flash Size : 4MB[0m
[0;32mI (202) boot: Enabling RNG early entropy source...[0m
[0;32mI (208) boot: Partition Table:[0m
[0;32mI (212) boot: ## Label            Usage          Type ST Offset   Length[0m
[0;32mI (219) boot:  0 nvs              WiFi data        01 02 00009000 00004000[0m
[0;32mI (226) boot:  1 otadata          OTA data         01 00 0000d000 00002000[0m
[0;32mI (234) boot:  2 phy_init         RF data          01 01 0000f000 00001000[0m
[0;32mI (242) boot:  3 ota_0            OTA app          00 10 00010000 001e0000[0m
[0;32mI (249) boot:  4 ota_1            OTA app          00 11 001f0000 001e0000[0m
[0;32mI (257) boot:  5 coredump         Unknown data     01 03 003d0000 00010000[0m
[0;32mI (264) boot:  6 reserved         Unknown data     01 fe 003e0000 00020000[0m
[0;32mI (272) boot: End of partition table[0m
[0;32mI (276) esp_image: segment 0: paddr=00010020 vaddr=3f400020 size=2dfd4h (188372) map[0m
[0;32mI (338) esp_image: segment 1: paddr=0003dffc vaddr=3ffbdb60 size=0201ch (  8220) load[0m
[0;32mI (341) esp_image: segment 2: paddr=00040020 vaddr=400d0020 size=c2dech (798188) map[0m
[0;32mI (569) esp_image: segment 3: paddr=00102e14 vaddr=3ffbfb7c size=03f5ch ( 16220) load[0m
[0;32mI (575) esp_image: segment 4: paddr=00106d78 vaddr=40080000 size=1cc94h (117908) load[0m
[0;32mI (629) boot: Loaded app from partition at offset 0x10000[0m
[0;32mI (629) boot: Disabling RNG early entropy source...[0m
[0;32mI (641) quad_psram: This chip is ESP32-D0WD[0m
[0;32mI (641) esp_psram: Found 8MB PSRAM device[0m
[0;32mI (641) esp_psram: Speed: 40MHz[0m
[0;32mI (645) esp_psram: PSRAM initialized, cache is in normal (1-core) mode.[0m
[0;33mW (652) esp_psram: Virtual address not enough for PSRAM, map as much as we can. 4MB is mapped[0m
[0;32mI (662) cpu_start: Unicore app[0m
[0;32mI (665) cpu_start: Single core mode[0m
[0;32mI (1593) esp_psram: SPI SRAM memory test OK[0m
[0;32mI (1600) cpu_start: Pro cpu start user code[0m
[0;32mI (1600) cpu_start: cpu freq: 240000000 Hz[0m
[0;32mI (1600) app_init: Application information:[0m
[0;32mI (1604) app_init: Project name:     mesh_local_control[0m
[0;32mI (1610) app_init: App version:      d1ba481-dirty[0m
[0;32mI (1615) app_init: Compile time:     Aug 26 2024 19:21:52[0m
[0;32mI (1621) app_init: ELF file SHA256:  3daec32fc...[0m
[0;32mI (1626) app_init: ESP-IDF:          v5.3-dirty[0m
[0;32mI (1632) efuse_init: Min chip rev:     v0.0[0m
[0;32mI (1637) efuse_init: Max chip rev:     v3.99 [0m
[0;32mI (1642) efuse_init: Chip rev:         v3.1[0m
[0;32mI (1647) heap_init: Initializing. RAM available for dynamic allocation:[0m
[0;32mI (1654) heap_init: At 3FFAE6E0 len 0000F480 (61 KiB): DRAM[0m
[0;32mI (1660) heap_init: At 3FFC8940 len 000176C0 (93 KiB): DRAM[0m
[0;32mI (1666) heap_init: At 3FFE0440 len 0001FBC0 (126 KiB): D/IRAM[0m
[0;32mI (1673) heap_init: At 40078000 len 00008000 (32 KiB): IRAM[0m
[0;32mI (1679) heap_init: At 4009CC94 len 0000336C (12 KiB): IRAM[0m
[0;32mI (1685) heap_init: At 3FF80000 len 00002000 (8 KiB): RTCRAM[0m
[0;32mI (1692) esp_psram: Adding pool of 4096K of PSRAM memory to heap allocator[0m
[0;32mI (1700) spi_flash: detected chip: generic[0m
[0;32mI (1704) spi_flash: flash io: dio[0m
[0;33mW (1708) i2c: This driver is an old driver, please migrate your application code to adapt `driver/i2c_master.h`[0m
[0;32mI (1730) coexist: coex firmware version: dab85ae96[0m
[0;32mI (1731) main_task: Started on CPU0[0m
[0;32mI (1731) esp_psram: Reserving pool of 32K of internal memory for DMA/internal allocations[0m
[0;32mI (1739) main_task: Calling app_main()[0m
[0;32mI (1756) bridge_common: esp-iot-bridge version: 0.11.8[0m
I (1758) wifi:wifi driver task: 3ffbd618, prio:23, stack:6656, core=0
I (1760) wifi:wifi firmware version: 0caa81945
I (1762) wifi:wifi certification version: v7.0
I (1766) wifi:config NVS flash: enabled
I (1770) wifi:config nano formating: disabled
I (1774) wifi:Init data frame dynamic rx buffer num: 32
I (1779) wifi:Init static rx mgmt buffer num: 5
I (1783) wifi:Init management short buffer num: 32
I (1787) wifi:Init static tx buffer num: 16
I (1791) wifi:Init tx cache buffer num: 32
I (1795) wifi:Init static rx buffer size: 1600
I (1799) wifi:Init static rx buffer num: 10
I (1803) wifi:Init dynamic rx buffer num: 32
[0;32mI (1808) wifi_init: accept mbox: 6[0m
[0;32mI (1811) wifi_init: tcpip mbox: 32[0m
[0;32mI (1815) wifi_init: udp mbox: 6[0m
[0;32mI (1819) wifi_init: tcp mbox: 6[0m
[0;32mI (1823) wifi_init: tcp tx win: 5760[0m
[0;32mI (1827) wifi_init: tcp rx win: 5760[0m
[0;32mI (1831) wifi_init: tcp mss: 1440[0m
[0;32mI (1835) wifi_init: WiFi IRAM OP enabled[0m
[0;32mI (1840) wifi_init: WiFi RX IRAM OP enabled[0m
[0;32mI (1845) phy_init: phy_version 4830,54550f7,Jun 20 2024,14:22:08[0m
[0;33mW (1851) phy_init: failed to load RF calibration data (0x1102), falling back to full calibration[0m
ï¿½ets Jul 29 2019 12:21:46

rst:0x3 (SW_RESET),boot:0x13 (SPI_FAST_FLASH_BOOT)
configsip: 0, SPIWP:0xee
clk_drv:0x00,q_drv:0x00,d_drv:0x00,cs0_drv:0x00,hd_drv:0x00,wp_drv:0x00
mode:DIO, clock div:1
load:0x3fff0030,len:7168
load:0x40078000,len:15464
load:0x40080400,len:4
ho 8 tail 4 room 4
load:0x40080404,len:3684
entry 0x40080614
[0;32mI (179) boot: ESP-IDF v5.3-dirty 2nd stage bootloader[0m
[0;32mI (179) boot: compile time Aug 26 2024 19:21:57[0m
[0;33mW (179) boot: Unicore bootloader[0m
[0;32mI (184) boot: chip revision: v3.1[0m
[0;32mI (188) boot.esp32: SPI Speed      : 80MHz[0m
[0;32mI (193) boot.esp32: SPI Mode       : DIO[0m
[0;32mI (198) boot.esp32: SPI Flash Size : 4MB[0m
[0;32mI (202) boot: Enabling RNG early entropy source...[0m
[0;32mI (208) boot: Partition Table:[0m
[0;32mI (211) boot: ## Label            Usage          Type ST Offset   Length[0m
[0;32mI (219) boot:  0 nvs              WiFi data        01 02 00009000 00004000[0m
[0;32mI (226) boot:  1 otadata          OTA data         01 00 0000d000 00002000[0m
[0;32mI (234) boot:  2 phy_init         RF data          01 01 0000f000 00001000[0m
[0;32mI (242) boot:  3 ota_0            OTA app          00 10 00010000 001e0000[0m
[0;32mI (249) boot:  4 ota_1            OTA app          00 11 001f0000 001e0000[0m
[0;32mI (257) boot:  5 coredump         Unknown data     01 03 003d0000 00010000[0m
[0;32mI (264) boot:  6 reserved         Unknown data     01 fe 003e0000 00020000[0m
[0;32mI (272) boot: End of partition table[0m
[0;32mI (276) esp_image: segment 0: paddr=00010020 vaddr=3f400020 size=2dfd4h (188372) map[0m
[0;32mI (338) esp_image: segment 1: paddr=0003dffc vaddr=3ffbdb60 size=0201ch (  8220) load[0m
[0;32mI (341) esp_image: segment 2: paddr=00040020 vaddr=400d0020 size=c2dech (798188) map[0m
[0;32mI (569) esp_image: segment 3: paddr=00102e14 vaddr=3ffbfb7c size=03f5ch ( 16220) load[0m
[0;32mI (575) esp_image: segment 4: paddr=00106d78 vaddr=40080000 size=1cc94h (117908) load[0m
[0;32mI (629) boot: Loaded app from partition at offset 0x10000[0m
[0;32mI (629) boot: Disabling RNG early entropy source...[0m
[0;32mI (641) quad_psram: This chip is ESP32-D0WD[0m
[0;32mI (641) esp_psram: Found 8MB PSRAM device[0m
[0;32mI (641) esp_psram: Speed: 40MHz[0m
[0;32mI (645) esp_psram: PSRAM initialized, cache is in normal (1-core) mode.[0m
[0;33mW (652) esp_psram: Virtual address not enough for PSRAM, map as much as we can. 4MB is mapped[0m
[0;32mI (662) cpu_start: Unicore app[0m
[0;32mI (665) cpu_start: Single core mode[0m
[0;32mI (1593) esp_psram: SPI SRAM memory test OK[0m
[0;32mI (1600) cpu_start: Pro cpu start user code[0m
[0;32mI (1600) cpu_start: cpu freq: 240000000 Hz[0m
[0;32mI (1600) app_init: Application information:[0m
[0;32mI (1604) app_init: Project name:     mesh_local_control[0m
[0;32mI (1609) app_init: App version:      d1ba481-dirty[0m
[0;32mI (1615) app_init: Compile time:     Aug 26 2024 19:21:52[0m
[0;32mI (1621) app_init: ELF file SHA256:  3daec32fc...[0m
[0;32mI (1626) app_init: ESP-IDF:          v5.3-dirty[0m
[0;32mI (1632) efuse_init: Min chip rev:     v0.0[0m
[0;32mI (1636) efuse_init: Max chip rev:     v3.99 [0m
[0;32mI (1642) efuse_init: Chip rev:         v3.1[0m
[0;32mI (1647) heap_init: Initializing. RAM available for dynamic allocation:[0m
[0;32mI (1654) heap_init: At 3FFAE6E0 len 0000F480 (61 KiB): DRAM[0m
[0;32mI (1660) heap_init: At 3FFC8940 len 000176C0 (93 KiB): DRAM[0m
[0;32mI (1666) heap_init: At 3FFE0440 len 0001FBC0 (126 KiB): D/IRAM[0m
[0;32mI (1673) heap_init: At 40078000 len 00008000 (32 KiB): IRAM[0m
[0;32mI (1679) heap_init: At 4009CC94 len 0000336C (12 KiB): IRAM[0m
[0;32mI (1685) heap_init: At 3FF80000 len 00002000 (8 KiB): RTCRAM[0m
[0;32mI (1692) esp_psram: Adding pool of 4096K of PSRAM memory to heap allocator[0m
[0;32mI (1700) spi_flash: detected chip: generic[0m
[0;32mI (1704) spi_flash: flash io: dio[0m
[0;33mW (1708) i2c: This driver is an old driver, please migrate your application code to adapt `driver/i2c_master.h`[0m
[0;32mI (1730) coexist: coex firmware version: dab85ae96[0m
[0;32mI (1731) main_task: Started on CPU0[0m
[0;32mI (1731) esp_psram: Reserving pool of 32K of internal memory for DMA/internal allocations[0m
[0;32mI (1739) main_task: Calling app_main()[0m
[0;32mI (1756) bridge_common: esp-iot-bridge version: 0.11.8[0m
I (1758) wifi:wifi driver task: 3ffbd618, prio:23, stack:6656, core=0
I (1760) wifi:wifi firmware version: 0caa81945
I (1762) wifi:wifi certification version: v7.0
I (1766) wifi:config NVS flash: enabled
I (1770) wifi:config nano formating: disabled
I (1774) wifi:Init data frame dynamic rx buffer num: 32
I (1779) wifi:Init static rx mgmt buffer num: 5
I (1783) wifi:Init management short buffer num: 32
I (1787) wifi:Init static tx buffer num: 16
I (1791) wifi:Init tx cache buffer num: 32
I (1795) wifi:Init static rx buffer size: 1600
I (1799) wifi:Init static rx buffer num: 10
I (1803) wifi:Init dynamic rx buffer num: 32
[0;32mI (1808) wifi_init: accept mbox: 6[0m
[0;32mI (1811) wifi_init: tcpip mbox: 32[0m
[0;32mI (1815) wifi_init: udp mbox: 6[0m
[0;32mI (1819) wifi_init: tcp mbox: 6[0m
[0;32mI (1823) wifi_init: tcp tx win: 5760[0m
[0;32mI (1827) wifi_init: tcp rx win: 5760[0m
[0;32mI (1831) wifi_init: tcp mss: 1440[0m
[0;32mI (1835) wifi_init: WiFi IRAM OP enabled[0m
[0;32mI (1840) wifi_init: WiFi RX IRAM OP enabled[0m
[0;32mI (1845) phy_init: phy_version 4830,54550f7,Jun 20 2024,14:22:08[0m
[0;33mW (1851) phy_init: failed to load RF calibration data (0x1102), falling back to full calibration[0m
ï¿½ets Jul 29 2019 12:21:46

rst:0x3 (SW_RESET),boot:0x13 (SPI_FAST_FLASH_BOOT)
configsip: 0, SPIWP:0xee
clk_drv:0x00,q_drv:0x00,d_drv:0x00,cs0_drv:0x00,hd_drv:0x00,wp_drv:0x00
mode:DIO, clock div:1
load:0x3fff0030,len:7168
load:0x40078000,len:15464
load:0x40080400,len:4
ho 8 tail 4 room 4
load:0x40080404,len:3684
entry 0x40080614
[0;32mI (179) boot: ESP-IDF v5.3-dirty 2nd stage bootloader[0m
[0;32mI (179) boot: compile time Aug 26 2024 19:21:57[0m
[0;33mW (179) boot: Unicore bootloader[0m
[0;32mI (184) boot: chip revision: v3.1[0m
[0;32mI (188) boot.esp32: SPI Speed      : 80MHz[0m
[0;32mI (193) boot.esp32: SPI Mode       : DIO[0m
[0;32mI (198) boot.esp32: SPI Flash Size : 4MB[0m
[0;32mI (202) boot: Enabling RNG early entropy source...[0m
[0;32mI (208) boot: Partition Table:[0m
[0;32mI (211) boot: ## Label            Usage          Type ST Offset   Length[0m
[0;32mI (219) boot:  0 nvs              WiFi data        01 02 00009000 00004000[0m
[0;32mI (226) boot:  1 otadata          OTA data         01 00 0000d000 00002000[0m
[0;32mI (234) boot:  2 phy_init         RF data          01 01 0000f000 00001000[0m
[0;32mI (242) boot:  3 ota_0            OTA app          00 10 00010000 001e0000[0m
[0;32mI (249) boot:  4 ota_1            OTA app          00 11 001f0000 001e0000[0m
[0;32mI (257) boot:  5 coredump         Unknown data     01 03 003d0000 00010000[0m
[0;32mI (264) boot:  6 reserved         Unknown data     01 fe 003e0000 00020000[0m
[0;32mI (272) boot: End of partition table[0m
[0;32mI (276) esp_image: segment 0: paddr=00010020 vaddr=3f400020 size=2dfd4h (188372) map[0m
[0;32mI (338) esp_image: segment 1: paddr=0003dffc vaddr=3ffbdb60 size=0201ch (  8220) load[0m
[0;32mI (341) esp_image: segment 2: paddr=00040020 vaddr=400d0020 size=c2dech (798188) map[0m
[0;32mI (569) esp_image: segment 3: paddr=00102e14 vaddr=3ffbfb7c size=03f5ch ( 16220) load[0m
[0;32mI (575) esp_image: segment 4: paddr=00106d78 vaddr=40080000 size=1cc94h (117908) load[0m
[0;32mI (629) boot: Loaded app from partition at offset 0x10000[0m
[0;32mI (629) boot: Disabling RNG early entropy source...[0m
[0;32mI (641) quad_psram: This chip is ESP32-D0WD[0m
[0;32mI (641) esp_psram: Found 8MB PSRAM device[0m
[0;32mI (641) esp_psram: Speed: 40MHz[0m
[0;32mI (645) esp_psram: PSRAM initialized, cache is in normal (1-core) mode.[0m
[0;33mW (652) esp_psram: Virtual address not enough for PSRAM, map as much as we can. 4MB is mapped[0m
[0;32mI (662) cpu_start: Unicore app[0m
[0;32mI (665) cpu_start: Single core mode[0m
[0;32mI (1593) esp_psram: SPI SRAM memory test OK[0m
[0;32mI (1600) cpu_start: Pro cpu start user code[0m
[0;32mI (1600) cpu_start: cpu freq: 240000000 Hz[0m
[0;32mI (1600) app_init: Application information:[0m
[0;32mI (1604) app_init: Project name:     mesh_local_control[0m
[0;32mI (1610) app_init: App version:      d1ba481-dirty[0m
[0;32mI (1615) app_init: Compile time:     Aug 26 2024 19:21:52[0m
[0;32mI (1621) app_init: ELF file SHA256:  3daec32fc...[0m
[0;32mI (1626) app_init: ESP-IDF:          v5.3-dirty[0m
[0;32mI (1632) efuse_init: Min chip rev:     v0.0[0m
[0;32mI (1637) efuse_init: Max chip rev:     v3.99 [0m
[0;32mI (1642) efuse_init: Chip rev:         v3.1[0m
[0;32mI (1647) heap_init: Initializing. RAM available for dynamic allocation:[0m
[0;32mI (1654) heap_init: At 3FFAE6E0 len 0000F480 (61 KiB): DRAM[0m
[0;32mI (1660) heap_init: At 3FFC8940 len 000176C0 (93 KiB): DRAM[0m
[0;32mI (1666) heap_init: At 3FFE0440 len 0001FBC0 (126 KiB): D/IRAM[0m
[0;32mI (1673) heap_init: At 40078000 len 00008000 (32 KiB): IRAM[0m
[0;32mI (1679) heap_init: At 4009CC94 len 0000336C (12 KiB): IRAM[0m
[0;32mI (1685) heap_init: At 3FF80000 len 00002000 (8 KiB): RTCRAM[0m
[0;32mI (1692) esp_psram: Adding pool of 4096K of PSRAM memory to heap allocator[0m
[0;32mI (1700) spi_flash: detected chip: generic[0m
[0;32mI (1704) spi_flash: flash io: dio[0m
[0;33mW (1708) i2c: This driver is an old driver, please migrate your application code to adapt `driver/i2c_master.h`[0m
[0;32mI (1730) coexist: coex firmware version: dab85ae96[0m
[0;32mI (1731) main_task: Started on CPU0[0m
[0;32mI (1731) esp_psram: Reserving pool of 32K of internal memory for DMA/internal allocations[0m
[0;32mI (1739) main_task: Calling app_main()[0m
[0;32mI (1756) bridge_common: esp-iot-bridge version: 0.11.8[0m
I (1758) wifi:wifi driver task: 3ffbd618, prio:23, stack:6656, core=0
I (1760) wifi:wifi firmware version: 0caa81945
I (1762) wifi:wifi certification version: v7.0
I (1766) wifi:config NVS flash: enabled
I (1770) wifi:config nano formating: disabled
I (1774) wifi:Init data frame dynamic rx buffer num: 32
I (1779) wifi:Init static rx mgmt buffer num: 5
I (1783) wifi:Init management short buffer num: 32
I (1787) wifi:Init static tx buffer num: 16
I (1791) wifi:Init tx cache buffer num: 32
I (1795) wifi:Init static rx buffer size: 1600
I (1799) wifi:Init static rx buffer num: 10
I (1803) wifi:Init dynamic rx buffer num: 32
[0;32mI (1808) wifi_init: accept mbox: 6[0m
[0;32mI (1811) wifi_init: tcpip mbox: 32[0m
[0;32mI (1815) wifi_init: udp mbox: 6[0m
[0;32mI (1819) wifi_init: tcp mbox: 6[0m
[0;32mI (1823) wifi_init: tcp tx win: 5760[0m
[0;32mI (1827) wifi_init: tcp rx win: 5760[0m
[0;32mI (1831) wifi_init: tcp mss: 1440[0m
[0;32mI (1835) wifi_init: WiFi IRAM OP enabled[0m
[0;32mI (1840) wifi_init: WiFi RX IRAM OP enabled[0m
[0;32mI (1845) phy_init: phy_version 4830,54550f7,Jun 20 2024,14:22:08[0m
[0;33mW (1851) phy_init: failed to load RF calibration data (0x1102), falling back to full calibration[0m
[0;33mW (1911) phy_init: saving new calibration data because of checksum failure, mode(2)[0m
I (1921) wifi:mode : null
I (1923) wifi:mode : softAP (08:a6:f7:11:51:a9)
I (1924) wifi:Total power save buffer number: 8
I (1924) wifi:Init max length of beacon: 752/752
I (1927) wifi:Init max length of beacon: 752/752
[0;32mI (1932) esp_netif_lwip: DHCP server started on interface WIFI_AP_DEF with IP: 192.168.4.1[0m
Add netif ap with d1ba481(commit id)
[0;32mI (1943) bridge_common: netif list add success[0m
[0;31mE (1948) NVS: Failed to open NVS namespace[0m
[0;32mI (1953) bridge_common: IP Address:192.168.5.1[0m
[0;32mI (1958) bridge_common: GW Address:192.168.5.1[0m
[0;32mI (1963) bridge_common: NM Address:255.255.255.0[0m
[0;32mI (1968) bridge_common: [WIFI_AP_DEF ][0m
[0;32mI (1973) bridge_common: Set ip info:192.168.5.1[0m
[0;32mI (1978) bridge_wifi: SoftAP IP network segment has changed, deauth all station[0m
I (1988) wifi:Disabled PMF config for SoftAP
I (1990) wifi:Total power save buffer number: 8
[0;32mI (1996) esp_netif_lwip: DHCP server started on interface WIFI_AP_DEF with IP: 192.168.5.1[0m
[0;32mI (2003) bridge_common: [WIFI_AP_DEF ]Name Server1: 114.114.114.114[0m
[0;32mI (2010) bridge_common: DHCPS Restart, deauth all station[0m
Add netif sta with d1ba481(commit id)
[0;32mI (2019) bridge_common: netif list add success[0m
I (2025) wifi:mode : sta (08:a6:f7:11:51:a8) + softAP (08:a6:f7:11:51:a9)
I (2031) wifi:enable tsf
[0;31mE (2034) NVS: Failed to read IP info from NVS[0m
I (2038) wifi:Disabled PMF config for STA
[0;32mI (2042) bridge_wifi: [esp_bridge_wifi_set_config] sta ssid: Tran Con Dev password: password[0m
[0;32mI (2051) bridge_wifi: [esp_bridge_wifi_set_config] softap ssid: ESP_Bridge_1151a9 password: 12345678[0m
I (2232) wifi:Total power save buffer number: 8
[0;32mI (2234) esp_netif_lwip: DHCP server started on interface WIFI_AP_DEF with IP: 192.168.5.1[0m
[0;32mI (2235) bridge_wifi: SoftAP config changed, deauth all station[0m
[0;32mI (2241) Mesh-Lite: esp-mesh-lite component version: 1.0.0[0m
I (2247) ESPNOW: espnow [version: 1.0] init
[0;32mI (2251) [vendor_ie]: Mesh-Lite commit id: bc9302d
 [0m
[0;31mE (2258) [vendor_ie]: Error Get! [0m
[0;33mW (2261) [vendor_ie]: Mesh ID is not saved in flash [0m
[0;32mI (2267) [vendor_ie]: Mesh ID: 77 [0m
[0;33mW (2270) [vendor_ie]: Error Get[4354] [0m
[0;33mW (2275) [vendor_ie]: Error Get[4354] [0m
[0;32mI (2280) [ESP_Mesh_Lite_Comm]: msg action add success [0m
[0;32mI (2286) [ESP_Mesh_Lite_Comm]: Bind Socket 54, port 6364 [0m
[0;32mI (2291) [ESP_Mesh_Lite_Comm]: Bind Socket 55, port 6363 [0m
[0;32mI (2297) [ESP_Mesh_Lite_Comm]: Bind Socket 56, port 6366 [0m
[0;32mI (2303) [ESP_Mesh_Lite_Comm]: Bind Socket 57, port 6365 [0m
[0;32mI (2310) [mesh-lite-espnow]: Start espnow task [0m
[0;32mI (2316) Mesh-Lite: Mesh-Lite connecting[0m
[0;32mI (2321) [vendor_ie]: esp_mesh_lite_wifi_scan_start return ESP_OK [0m
[0;32mI (2326) gpio: GPIO[25]| InputEn: 1| OutputEn: 0| OpenDrain: 0| Pullup: 1| Pulldown: 0| Intr:2 [0m
[0;32mI (2336) cam_hal: cam init ok[0m
[0;32mI (2339) sccb: pin_sda 26 pin_scl 27[0m
[0;32mI (2343) sccb: sccb_i2c_port=1[0m
[0;32mI (2347) gpio: GPIO[32]| InputEn: 0| OutputEn: 1| OpenDrain: 0| Pullup: 0| Pulldown: 0| Intr:0 [0m
[0;32mI (2386) camera: Detected camera at address=0x30[0m
[0;32mI (2388) camera: Detected OV2640 camera[0m
[0;32mI (2388) camera: Camera PID=0x26 VER=0x42 MIDL=0x7f MIDH=0xa2[0m
[0;32mI (2454) cam_hal: buffer_size: 32768, half_buffer_size: 4096, node_buffer_size: 2048, node_cnt: 16, total_cnt: 5[0m
[0;32mI (2454) cam_hal: Allocating 23680 Byte frame buffer in PSRAM[0m
[0;32mI (2461) cam_hal: cam config ok[0m
ï¿½ets Jul 29 2019 12:21:46

rst:0x3 (SW_RESET),boot:0x13 (SPI_FAST_FLASH_BOOT)
configsip: 0, SPIWP:0xee
clk_drv:0x00,q_drv:0x00,d_drv:0x00,cs0_drv:0x00,hd_drv:0x00,wp_drv:0x00
mode:DIO, clock div:1
load:0x3fff0030,len:7168
load:0x40078000,len:15464
load:0x40080400,len:4
ho 8 tail 4 room 4
load:0x40080404,len:3684
entry 0x40080614
[0;32mI (179) boot: ESP-IDF v5.3-dirty 2nd stage bootloader[0m
[0;32mI (179) boot: compile time Aug 26 2024 19:21:57[0m
[0;33mW (179) boot: Unicore bootloader[0m
[0;32mI (184) boot: chip revision: v3.1[0m
[0;32mI (188) boot.esp32: SPI Speed      : 80MHz[0m
[0;32mI (193) boot.esp32: SPI Mode       : DIO[0m
[0;32mI (198) boot.esp32: SPI Flash Size : 4MB[0m
[0;32mI (202) boot: Enabling RNG early entropy source...[0m
[0;32mI (208) boot: Partition Table:[0m
[0;32mI (211) boot: ## Label            Usage          Type ST Offset   Length[0m
[0;32mI (219) boot:  0 nvs              WiFi data        01 02 00009000 00004000[0m
[0;32mI (226) boot:  1 otadata          OTA data         01 00 0000d000 00002000[0m
[0;32mI (234) boot:  2 phy_init         RF data          01 01 0000f000 00001000[0m
[0;32mI (242) boot:  3 ota_0            OTA app          00 10 00010000 001e0000[0m
[0;32mI (249) boot:  4 ota_1            OTA app          00 11 001f0000 001e0000[0m
[0;32mI (257) boot:  5 coredump         Unknown data     01 03 003d0000 00010000[0m
[0;32mI (264) boot:  6 reserved         Unknown data     01 fe 003e0000 00020000[0m
[0;32mI (272) boot: End of partition table[0m
[0;32mI (276) esp_image: segment 0: paddr=00010020 vaddr=3f400020 size=2dfd4h (188372) map[0m
[0;32mI (338) esp_image: segment 1: paddr=0003dffc vaddr=3ffbdb60 size=0201ch (  8220) load[0m
[0;32mI (341) esp_image: segment 2: paddr=00040020 vaddr=400d0020 size=c2dech (798188) map[0m
[0;32mI (569) esp_image: segment 3: paddr=00102e14 vaddr=3ffbfb7c size=03f5ch ( 16220) load[0m
[0;32mI (575) esp_image: segment 4: paddr=00106d78 vaddr=40080000 size=1cc94h (117908) load[0m
[0;32mI (629) boot: Loaded app from partition at offset 0x10000[0m
[0;32mI (629) boot: Disabling RNG early entropy source...[0m
[0;32mI (641) quad_psram: This chip is ESP32-D0WD[0m
[0;32mI (641) esp_psram: Found 8MB PSRAM device[0m
[0;32mI (641) esp_psram: Speed: 40MHz[0m
[0;32mI (645) esp_psram: PSRAM initialized, cache is in normal (1-core) mode.[0m
[0;33mW (652) esp_psram: Virtual address not enough for PSRAM, map as much as we can. 4MB is mapped[0m
[0;32mI (661) cpu_start: Unicore app[0m
[0;32mI (665) cpu_start: Single core mode[0m
[0;32mI (1593) esp_psram: SPI SRAM memory test OK[0m
[0;32mI (1600) cpu_start: Pro cpu start user code[0m
[0;32mI (1600) cpu_start: cpu freq: 240000000 Hz[0m
[0;32mI (1600) app_init: Application information:[0m
[0;32mI (1604) app_init: Project name:     mesh_local_control[0m
[0;32mI (1609) app_init: App version:      d1ba481-dirty[0m
[0;32mI (1615) app_init: Compile time:     Aug 26 2024 19:21:52[0m
[0;32mI (1621) app_init: ELF file SHA256:  3daec32fc...[0m
[0;32mI (1626) app_init: ESP-IDF:          v5.3-dirty[0m
[0;32mI (1632) efuse_init: Min chip rev:     v0.0[0m
[0;32mI (1636) efuse_init: Max chip rev:     v3.99 [0m
[0;32mI (1642) efuse_init: Chip rev:         v3.1[0m
[0;32mI (1647) heap_init: Initializing. RAM available for dynamic allocation:[0m
[0;32mI (1654) heap_init: At 3FFAE6E0 len 0000F480 (61 KiB): DRAM[0m
[0;32mI (1660) heap_init: At 3FFC8940 len 000176C0 (93 KiB): DRAM[0m
[0;32mI (1666) heap_init: At 3FFE0440 len 0001FBC0 (126 KiB): D/IRAM[0m
[0;32mI (1673) heap_init: At 40078000 len 00008000 (32 KiB): IRAM[0m
[0;32mI (1679) heap_init: At 4009CC94 len 0000336C (12 KiB): IRAM[0m
[0;32mI (1685) heap_init: At 3FF80000 len 00002000 (8 KiB): RTCRAM[0m
[0;32mI (1692) esp_psram: Adding pool of 4096K of PSRAM memory to heap allocator[0m
[0;32mI (1700) spi_flash: detected chip: generic[0m
[0;32mI (1704) spi_flash: flash io: dio[0m
[0;33mW (1708) i2c: This driver is an old driver, please migrate your application code to adapt `driver/i2c_master.h`[0m
[0;32mI (1730) coexist: coex firmware version: dab85ae96[0m
[0;32mI (1731) main_task: Started on CPU0[0m
[0;32mI (1731) esp_psram: Reserving pool of 32K of internal memory for DMA/internal allocations[0m
[0;32mI (1739) main_task: Calling app_main()[0m
[0;32mI (1758) bridge_common: esp-iot-bridge version: 0.11.8[0m
I (1760) wifi:wifi driver task: 3ffbd678, prio:23, stack:6656, core=0
I (1762) wifi:wifi firmware version: 0caa81945
I (1764) wifi:wifi certification version: v7.0
I (1768) wifi:config NVS flash: enabled
I (1771) wifi:config nano formating: disabled
I (1775) wifi:Init data frame dynamic rx buffer num: 32
I (1780) wifi:Init static rx mgmt buffer num: 5
I (1784) wifi:Init management short buffer num: 32
I (1789) wifi:Init static tx buffer num: 16
I (1793) wifi:Init tx cache buffer num: 32
I (1797) wifi:Init static rx buffer size: 1600
I (1801) wifi:Init static rx buffer num: 10
I (1805) wifi:Init dynamic rx buffer num: 32
[0;32mI (1809) wifi_init: accept mbox: 6[0m
[0;32mI (1813) wifi_init: tcpip mbox: 32[0m
[0;32mI (1817) wifi_init: udp mbox: 6[0m
[0;32mI (1821) wifi_init: tcp mbox: 6[0m
[0;32mI (1824) wifi_init: tcp tx win: 5760[0m
[0;32mI (1829) wifi_init: tcp rx win: 5760[0m
[0;32mI (1833) wifi_init: tcp mss: 1440[0m
[0;32mI (1837) wifi_init: WiFi IRAM OP enabled[0m
[0;32mI (1841) wifi_init: WiFi RX IRAM OP enabled[0m
[0;32mI (1847) phy_init: phy_version 4830,54550f7,Jun 20 2024,14:22:08[0m
ï¿½ets Jul 29 2019 12:21:46

rst:0x3 (SW_RESET),boot:0x13 (SPI_FAST_FLASH_BOOT)
configsip: 0, SPIWP:0xee
clk_drv:0x00,q_drv:0x00,d_drv:0x00,cs0_drv:0x00,hd_drv:0x00,wp_drv:0x00
mode:DIO, clock div:1
load:0x3fff0030,len:7168
load:0x40078000,len:15464
load:0x40080400,len:4
ho 8 tail 4 room 4
load:0x40080404,len:3684
entry 0x40080614
[0;32mI (179) boot: ESP-IDF v5.3-dirty 2nd stage bootloader[0m
[0;32mI (179) boot: compile time Aug 26 2024 19:21:57[0m
[0;33mW (179) boot: Unicore bootloader[0m
[0;32mI (184) boot: chip revision: v3.1[0m
[0;32mI (188) boot.esp32: SPI Speed      : 80MHz[0m
[0;32mI (193) boot.esp32: SPI Mode       : DIO[0m
[0;32mI (198) boot.esp32: SPI Flash Size : 4MB[0m
[0;32mI (202) boot: Enabling RNG early entropy source...[0m
[0;32mI (208) boot: Partition Table:[0m
[0;32mI (212) boot: ## Label            Usage          Type ST Offset   Length[0m
[0;32mI (219) boot:  0 nvs              WiFi data        01 02 00009000 00004000[0m
[0;32mI (226) boot:  1 otadata          OTA data         01 00 0000d000 00002000[0m
[0;32mI (234) boot:  2 phy_init         RF data          01 01 0000f000 00001000[0m
[0;32mI (242) boot:  3 ota_0            OTA app          00 10 00010000 001e0000[0m
[0;32mI (249) boot:  4 ota_1            OTA app          00 11 001f0000 001e0000[0m
[0;32mI (257) boot:  5 coredump         Unknown data     01 03 003d0000 00010000[0m
[0;32mI (264) boot:  6 reserved         Unknown data     01 fe 003e0000 00020000[0m
[0;32mI (272) boot: End of partition table[0m
[0;32mI (276) esp_image: segment 0: paddr=00010020 vaddr=3f400020 size=2dfd4h (188372) map[0m
[0;32mI (338) esp_image: segment 1: paddr=0003dffc vaddr=3ffbdb60 size=0201ch (  8220) load[0m
[0;32mI (341) esp_image: segment 2: paddr=00040020 vaddr=400d0020 size=c2dech (798188) map[0m
[0;32mI (569) esp_image: segment 3: paddr=00102e14 vaddr=3ffbfb7c size=03f5ch ( 16220) load[0m
[0;32mI (575) esp_image: segment 4: paddr=00106d78 vaddr=40080000 size=1cc94h (117908) load[0m
[0;32mI (629) boot: Loaded app from partition at offset 0x10000[0m
[0;32mI (629) boot: Disabling RNG early entropy source...[0m
[0;32mI (641) quad_psram: This chip is ESP32-D0WD[0m
[0;32mI (641) esp_psram: Found 8MB PSRAM device[0m
[0;32mI (641) esp_psram: Speed: 40MHz[0m
[0;32mI (645) esp_psram: PSRAM initialized, cache is in normal (1-core) mode.[0m
[0;33mW (652) esp_psram: Virtual address not enough for PSRAM, map as much as we can. 4MB is mapped[0m
[0;32mI (662) cpu_start: Unicore app[0m
[0;32mI (665) cpu_start: Single core mode[0m
[0;32mI (1593) esp_psram: SPI SRAM memory test OK[0m
[0;32mI (1600) cpu_start: Pro cpu start user code[0m
[0;32mI (1600) cpu_start: cpu freq: 240000000 Hz[0m
[0;32mI (1600) app_init: Application information:[0m
[0;32mI (1604) app_init: Project name:     mesh_local_control[0m
[0;32mI (1610) app_init: App version:      d1ba481-dirty[0m
[0;32mI (1615) app_init: Compile time:     Aug 26 2024 19:21:52[0m
[0;32mI (1621) app_init: ELF file SHA256:  3daec32fc...[0m
[0;32mI (1626) app_init: ESP-IDF:          v5.3-dirty[0m
[0;32mI (1632) efuse_init: Min chip rev:     v0.0[0m
[0;32mI (1637) efuse_init: Max chip rev:     v3.99 [0m
[0;32mI (1642) efuse_init: Chip rev:         v3.1[0m
[0;32mI (1647) heap_init: Initializing. RAM available for dynamic allocation:[0m
[0;32mI (1654) heap_init: At 3FFAE6E0 len 0000F480 (61 KiB): DRAM[0m
[0;32mI (1660) heap_init: At 3FFC8940 len 000176C0 (93 KiB): DRAM[0m
[0;32mI (1666) heap_init: At 3FFE0440 len 0001FBC0 (126 KiB): D/IRAM[0m
[0;32mI (1673) heap_init: At 40078000 len 00008000 (32 KiB): IRAM[0m
[0;32mI (1679) heap_init: At 4009CC94 len 0000336C (12 KiB): IRAM[0m
[0;32mI (1685) heap_init: At 3FF80000 len 00002000 (8 KiB): RTCRAM[0m
[0;32mI (1692) esp_psram: Adding pool of 4096K of PSRAM memory to heap allocator[0m
[0;32mI (1700) spi_flash: detected chip: generic[0m
[0;32mI (1704) spi_flash: flash io: dio[0m
[0;33mW (1708) i2c: This driver is an old driver, please migrate your application code to adapt `driver/i2c_master.h`[0m
[0;32mI (1730) coexist: coex firmware version: dab85ae96[0m
[0;32mI (1731) main_task: Started on CPU0[0m
[0;32mI (1731) esp_psram: Reserving pool of 32K of internal memory for DMA/internal allocations[0m
[0;32mI (1739) main_task: Calling app_main()[0m
[0;32mI (1758) bridge_common: esp-iot-bridge version: 0.11.8[0m
I (1760) wifi:wifi driver task: 3ffbd678, prio:23, stack:6656, core=0
I (1762) wifi:wifi firmware version: 0caa81945
I (1764) wifi:wifi certification version: v7.0
I (1768) wifi:config NVS flash: enabled
I (1771) wifi:config nano formating: disabled
I (1775) wifi:Init data frame dynamic rx buffer num: 32
I (1780) wifi:Init static rx mgmt buffer num: 5
I (1784) wifi:Init management short buffer num: 32
I (1789) wifi:Init static tx buffer num: 16
I (1793) wifi:Init tx cache buffer num: 32
I (1797) wifi:Init static rx buffer size: 1600
I (1801) wifi:Init static rx buffer num: 10
I (1805) wifi:Init dynamic rx buffer num: 32
[0;32mI (1809) wifi_init: accept mbox: 6[0m
[0;32mI (1813) wifi_init: tcpip mbox: 32[0m
[0;32mI (1817) wifi_init: udp mbox: 6[0m
[0;32mI (1821) wifi_init: tcp mbox: 6[0m
[0;32mI (1824) wifi_init: tcp tx win: 5760[0m
[0;32mI (1829) wifi_init: tcp rx win: 5760[0m
[0;32mI (1833) wifi_init: tcp mss: 1440[0m
[0;32mI (1837) wifi_init: WiFi IRAM OP enabled[0m
[0;32mI (1841) wifi_init: WiFi RX IRAM OP enabled[0m
[0;32mI (1847) phy_init: phy_version 4830,54550f7,Jun 20 2024,14:22:08[0m
I (1907) wifi:mode : null
I (1909) wifi:mode : softAP (08:a6:f7:11:51:a9)
I (1910) wifi:Total power save buffer number: 8
I (1910) wifi:Init max length of beacon: 752/752
I (1912) wifi:Init max length of beacon: 752/752
[0;32mI (1917) esp_netif_lwip: DHCP server started on interface WIFI_AP_DEF with IP: 192.168.4.1[0m
Add netif ap with d1ba481(commit id)
[0;32mI (1928) bridge_common: netif list add success[0m
[0;32mI (1934) bridge_common: [WIFI_AP_DEF ][0m
[0;32mI (1938) bridge_common: Set ip info:192.168.5.1[0m
[0;32mI (1943) bridge_wifi: SoftAP IP network segment has changed, deauth all station[0m
I (1952) wifi:Disabled PMF config for SoftAP
I (1955) wifi:Total power save buffer number: 8
[0;32mI (1960) esp_netif_lwip: DHCP server started on interface WIFI_AP_DEF with IP: 192.168.5.1[0m
[0;32mI (1968) bridge_common: [WIFI_AP_DEF ]Name Server1: 114.114.114.114[0m
[0;32mI (1974) bridge_common: DHCPS Restart, deauth all station[0m
Add netif sta with d1ba481(commit id)
[0;32mI (1984) bridge_common: netif list add success[0m
I (1989) wifi:mode : sta (08:a6:f7:11:51:a8) + softAP (08:a6:f7:11:51:a9)
I (1996) wifi:enable tsf
[0;31mE (1999) NVS: Failed to read IP info from NVS[0m
I (2003) wifi:Disabled PMF config for STA
[0;32mI (2006) bridge_wifi: [esp_bridge_wifi_set_config] sta ssid: Tran Con Dev password: password[0m
[0;32mI (2016) bridge_wifi: [esp_bridge_wifi_set_config] softap ssid: ESP_Bridge_1151a9 password: 12345678[0m
I (2197) wifi:Total power save buffer number: 8
[0;32mI (2199) esp_netif_lwip: DHCP server started on interface WIFI_AP_DEF with IP: 192.168.5.1[0m
[0;32mI (2200) bridge_wifi: SoftAP config changed, deauth all station[0m
[0;32mI (2206) Mesh-Lite: esp-mesh-lite component version: 1.0.0[0m
I (2212) ESPNOW: espnow [version: 1.0] init
[0;32mI (2216) [vendor_ie]: Mesh-Lite commit id: bc9302d
 [0m
[0;32mI (2222) [vendor_ie]: Mesh ID: 77 [0m
[0;32mI (2227) [ESP_Mesh_Lite_Comm]: msg action add success [0m
[0;32mI (2233) [ESP_Mesh_Lite_Comm]: Bind Socket 54, port 6364 [0m
[0;32mI (2238) [ESP_Mesh_Lite_Comm]: Bind Socket 55, port 6363 [0m
[0;32mI (2244) [ESP_Mesh_Lite_Comm]: Bind Socket 56, port 6366 [0m
[0;32mI (2250) [ESP_Mesh_Lite_Comm]: Bind Socket 57, port 6365 [0m
[0;32mI (2256) [mesh-lite-espnow]: Start espnow task [0m
[0;32mI (2262) Mesh-Lite: Mesh-Lite connecting[0m
[0;32mI (2267) [vendor_ie]: esp_mesh_lite_wifi_scan_start return ESP_OK [0m
[0;32mI (2272) gpio: GPIO[25]| InputEn: 1| OutputEn: 0| OpenDrain: 0| Pullup: 1| Pulldown: 0| Intr:2 [0m
[0;32mI (2282) cam_hal: cam init ok[0m
[0;32mI (2285) sccb: pin_sda 26 pin_scl 27[0m
[0;32mI (2289) sccb: sccb_i2c_port=1[0m
[0;32mI (2293) gpio: GPIO[32]| InputEn: 0| OutputEn: 1| OpenDrain: 0| Pullup: 0| Pulldown: 0| Intr:0 [0m
[0;32mI (2332) camera: Detected camera at address=0x30[0m
[0;32mI (2334) camera: Detected OV2640 camera[0m
[0;32mI (2334) camera: Camera PID=0x26 VER=0x42 MIDL=0x7f MIDH=0xa2[0m
[0;32mI (2400) cam_hal: buffer_size: 32768, half_buffer_size: 4096, node_buffer_sï¿½ets Jul 29 2019 12:21:46

rst:0x3 (SW_RESET),boot:0x13 (SPI_FAST_FLASH_BOOT)
configsip: 0, SPIWP:0xee
clk_drv:0x00,q_drv:0x00,d_drv:0x00,cs0_drv:0x00,hd_drv:0x00,wp_drv:0x00
mode:DIO, clock div:1
load:0x3fff0030,len:7168
load:0x40078000,len:15464
load:0x40080400,len:4
ho 8 tail 4 room 4
load:0x40080404,len:3684
entry 0x40080614
[0;32mI (179) boot: ESP-IDF v5.3-dirty 2nd stage bootloader[0m
[0;32mI (179) boot: compile time Aug 26 2024 19:21:57[0m
[0;33mW (179) boot: Unicore bootloader[0m
[0;32mI (184) boot: chip revision: v3.1[0m
[0;32mI (188) boot.esp32: SPI Speed      : 80MHz[0m
[0;32mI (193) boot.esp32: SPI Mode       : DIO[0m
[0;32mI (198) boot.esp32: SPI Flash Size : 4MB[0m
[0;32mI (202) boot: Enabling RNG early entropy source...[0m
[0;32mI (208) boot: Partition Table:[0m
[0;32mI (211) boot: ## Label            Usage          Type ST Offset   Length[0m
[0;32mI (219) boot:  0 nvs              WiFi data        01 02 00009000 00004000[0m
[0;32mI (226) boot:  1 otadata          OTA data         01 00 0000d000 00002000[0m
[0;32mI (234) boot:  2 phy_init         RF data          01 01 0000f000 00001000[0m
[0;32mI (242) boot:  3 ota_0            OTA app          00 10 00010000 001e0000[0m
[0;32mI (249) boot:  4 ota_1            OTA app          00 11 001f0000 001e0000[0m
[0;32mI (257) boot:  5 coredump         Unknown data     01 03 003d0000 00010000[0m
[0;32mI (264) boot:  6 reserved         Unknown data     01 fe 003e0000 00020000[0m
[0;32mI (272) boot: End of partition table[0m
[0;32mI (276) esp_image: segment 0: paddr=00010020 vaddr=3f400020 size=2dfd4h (188372) map[0m
[0;32mI (338) esp_image: segment 1: paddr=0003dffc vaddr=3ffbdb60 size=0201ch (  8220) load[0m
[0;32mI (341) esp_image: segment 2: paddr=00040020 vaddr=400d0020 size=c2dech (798188) map[0m
[0;32mI (569) esp_image: segment 3: paddr=00102e14 vaddr=3ffbfb7c size=03f5ch ( 16220) load[0m
[0;32mI (575) esp_image: segment 4: paddr=00106d78 vaddr=40080000 size=1cc94h (117908) load[0m
[0;32mI (629) boot: Loaded app from partition at offset 0x10000[0m
[0;32mI (629) boot: Disabling RNG early entropy source...[0m
[0;32mI (641) quad_psram: This chip is ESP32-D0WD[0m
[0;32mI (641) esp_psram: Found 8MB PSRAM device[0m
[0;32mI (641) esp_psram: Speed: 40MHz[0m
[0;32mI (645) esp_psram: PSRAM initialized, cache is in normal (1-core) mode.[0m
[0;33mW (652) esp_psram: Virtual address not enough for PSRAM, map as much as we can. 4MB is mapped[0m
[0;32mI (661) cpu_start: Unicore app[0m
[0;32mI (665) cpu_start: Single core mode[0m
[0;32mI (1593) esp_psram: SPI SRAM memory test OK[0m
[0;32mI (1600) cpu_start: Pro cpu start user code[0m
[0;32mI (1600) cpu_start: cpu freq: 240000000 Hz[0m
[0;32mI (1600) app_init: Application information:[0m
[0;32mI (1604) app_init: Project name:     mesh_local_control[0m
[0;32mI (1609) app_init: App version:      d1ba481-dirty[0m
[0;32mI (1615) app_init: Compile time:     Aug 26 2024 19:21:52[0m
[0;32mI (1621) app_init: ELF file SHA256:  3daec32fc...[0m
[0;32mI (1626) app_init: ESP-IDF:          v5.3-dirty[0m
[0;32mI (1632) efuse_init: Min chip rev:     v0.0[0m
[0;32mI (1636) efuse_init: Max chip rev:     v3.99 [0m
[0;32mI (1642) efuse_init: Chip rev:         v3.1[0m
[0;32mI (1647) heap_init: Initializing. RAM available for dynamic allocation:[0m
[0;32mI (1654) heap_init: At 3FFAE6E0 len 0000F480 (61 KiB): DRAM[0m
[0;32mI (1660) heap_init: At 3FFC8940 len 000176C0 (93 KiB): DRAM[0m
[0;32mI (1666) heap_init: At 3FFE0440 len 0001FBC0 (126 KiB): D/IRAM[0m
[0;32mI (1673) heap_init: At 40078000 len 00008000 (32 KiB): IRAM[0m
[0;32mI (1679) heap_init: At 4009CC94 len 0000336C (12 KiB): IRAM[0m
[0;32mI (1685) heap_init: At 3FF80000 len 00002000 (8 KiB): RTCRAM[0m
[0;32mI (1692) esp_psram: Adding pool of 4096K of PSRAM memory to heap allocator[0m
[0;32mI (1700) spi_flash: detected chip: generic[0m
[0;32mI (1704) spi_flash: flash io: dio[0m
[0;33mW (1708) i2c: This driver is an old driver, please migrate your application code to adapt `driver/i2c_master.h`[0m
[0;32mI (1730) coexist: coex firmware version: dab85ae96[0m
[0;32mI (1731) main_task: Started on CPU0[0m
[0;32mI (1731) esp_psram: Reserving pool of 32K of internal memory for DMA/internal allocations[0m
[0;32mI (1739) main_task: Calling app_main()[0m
[0;32mI (1758) bridge_common: esp-iot-bridge version: 0.11.8[0m
I (1760) wifi:wifi driver task: 3ffbd678, prio:23, stack:6656, core=0
I (1762) wifi:wifi firmware version: 0caa81945
I (1764) wifi:wifi certification version: v7.0
I (1768) wifi:config NVS flash: enabled
I (1771) wifi:config nano formating: disabled
I (1775) wifi:Init data frame dynamic rx buffer num: 32
I (1780) wifi:Init static rx mgmt buffer num: 5
I (1785) wifi:Init management short buffer num: 32
I (1789) wifi:Init static tx buffer num: 16
I (1793) wifi:Init tx cache buffer num: 32
I (1797) wifi:Init static rx buffer size: 1600
I (1801) wifi:Init static rx buffer num: 10
I (1805) wifi:Init dynamic rx buffer num: 32
[0;32mI (1809) wifi_init: accept mbox: 6[0m
[0;32mI (1813) wifi_init: tcpip mbox: 32[0m
[0;32mI (1817) wifi_init: udp mbox: 6[0m
[0;32mI (1821) wifi_init: tcp mbox: 6[0m
[0;32mI (1824) wifi_init: tcp tx win: 5760[0m
[0;32mI (1829) wifi_init: tcp rx win: 5760[0m
[0;32mI (1833) wifi_init: tcp mss: 1440[0m
[0;32mI (1837) wifi_init: WiFi IRAM OP enabled[0m
[0;32mI (1841) wifi_init: WiFi RX IRAM OP enabled[0m
[0;32mI (1847) phy_init: phy_version 4830,54550f7,Jun 20 2024,14:22:08[0m
ï¿½ets Jul 29 2019 12:21:46

rst:0x3 (SW_RESET),boot:0x13 (SPI_FAST_FLASH_BOOT)
configsip: 0, SPIWP:0xee
clk_drv:0x00,q_drv:0x00,d_drv:0x00,cs0_drv:0x00,hd_drv:0x00,wp_drv:0x00
mode:DIO, clock div:1
load:0x3fff0030,len:7168
load:0x40078000,len:15464
load:0x40080400,len:4
ho 8 tail 4 room 4
load:0x40080404,len:3684
entry 0x40080614
[0;32mI (179) boot: ESP-IDF v5.3-dirty 2nd stage bootloader[0m
[0;32mI (179) boot: compile time Aug 26 2024 19:21:57[0m
[0;33mW (179) boot: Unicore bootloader[0m
[0;32mI (184) boot: chip revision: v3.1[0m
[0;32mI (188) boot.esp32: SPI Speed      : 80MHz[0m
[0;32mI (193) boot.esp32: SPI Mode       : DIO[0m
[0;32mI (198) boot.esp32: SPI Flash Size : 4MB[0m
[0;32mI (202) boot: Enabling RNG early entropy source...[0m
[0;32mI (208) boot: Partition Table:[0m
[0;32mI (211) boot: ## Label            Usage          Type ST Offset   Length[0m
[0;32mI (219) boot:  0 nvs              WiFi data        01 02 00009000 00004000[0m
[0;32mI (226) boot:  1 otadata          OTA data         01 00 0000d000 00002000[0m
[0;32mI (234) boot:  2 phy_init         RF data          01 01 0000f000 00001000[0m
[0;32mI (242) boot:  3 ota_0            OTA app          00 10 00010000 001e0000[0m
[0;32mI (249) boot:  4 ota_1            OTA app          00 11 001f0000 001e0000[0m
[0;32mI (257) boot:  5 coredump         Unknown data     01 03 003d0000 00010000[0m
[0;32mI (264) boot:  6 reserved         Unknown data     01 fe 003e0000 00020000[0m
[0;32mI (272) boot: End of partition table[0m
[0;32mI (276) esp_image: segment 0: paddr=00010020 vaddr=3f400020 size=2dfd4h (188372) map[0m
[0;32mI (338) esp_image: segment 1: paddr=0003dffc vaddr=3ffbdb60 size=0201ch (  8220) load[0m
[0;32mI (341) esp_image: segment 2: paddr=00040020 vaddr=400d0020 size=c2dech (798188) map[0m
[0;32mI (569) esp_image: segment 3: paddr=00102e14 vaddr=3ffbfb7c size=03f5ch ( 16220) load[0m
[0;32mI (575) esp_image: segment 4: paddr=00106d78 vaddr=40080000 size=1cc94h (117908) load[0m
[0;32mI (629) boot: Loaded app from partition at offset 0x10000[0m
[0;32mI (629) boot: Disabling RNG early entropy source...[0m
[0;32mI (641) quad_psram: This chip is ESP32-D0WD[0m
[0;32mI (641) esp_psram: Found 8MB PSRAM device[0m
[0;32mI (641) esp_psram: Speed: 40MHz[0m
[0;32mI (645) esp_psram: PSRAM initialized, cache is in normal (1-core) mode.[0m
[0;33mW (652) esp_psram: Virtual address not enough for PSRAM, map as much as we can. 4MB is mapped[0m
[0;32mI (661) cpu_start: Unicore app[0m
[0;32mI (665) cpu_start: Single core mode[0m
[0;32mI (1593) esp_psram: SPI SRAM memory test OK[0m
[0;32mI (1600) cpu_start: Pro cpu start user code[0m
[0;32mI (1600) cpu_start: cpu freq: 240000000 Hz[0m
[0;32mI (1600) app_init: Application information:[0m
[0;32mI (1604) app_init: Project name:     mesh_local_control[0m
[0;32mI (1609) app_init: App version:      d1ba481-dirty[0m
[0;32mI (1615) app_init: Compile time:     Aug 26 2024 19:21:52[0m
[0;32mI (1621) app_init: ELF file SHA256:  3daec32fc...[0m
[0;32mI (1626) app_init: ESP-IDF:          v5.3-dirty[0m
[0;32mI (1632) efuse_init: Min chip rev:     v0.0[0m
[0;32mI (1636) efuse_init: Max chip rev:     v3.99 [0m
[0;32mI (1642) efuse_init: Chip rev:         v3.1[0m
[0;32mI (1647) heap_init: Initializing. RAM available for dynamic allocation:[0m
[0;32mI (1654) heap_init: At 3FFAE6E0 len 0000F480 (61 KiB): DRAM[0m
[0;32mI (1660) heap_init: At 3FFC8940 len 000176C0 (93 KiB): DRAM[0m
[0;32mI (1666) heap_init: At 3FFE0440 len 0001FBC0 (126 KiB): D/IRAM[0m
[0;32mI (1673) heap_init: At 40078000 len 00008000 (32 KiB): IRAM[0m
[0;32mI (1679) heap_init: At 4009CC94 len 0000336C (12 KiB): IRAM[0m
[0;32mI (1685) heap_init: At 3FF80000 len 00002000 (8 KiB): RTCRAM[0m
[0;32mI (1692) esp_psram: Adding pool of 4096K of PSRAM memory to heap allocator[0m
[0;32mI (1700) spi_flash: detected chip: generic[0m
[0;32mI (1704) spi_flash: flash io: dio[0m
[0;33mW (1708) i2c: This driver is an old driver, please migrate your application code to adapt `driver/i2c_master.h`[0m
[0;32mI (1730) coexist: coex firmware version: dab85ae96[0m
[0;32mI (1731) main_task: Started on CPU0[0m
[0;32mI (1731) esp_psram: Reserving pool of 32K of internal memory for DMA/internal allocations[0m
[0;32mI (1739) main_task: Calling app_main()[0m
[0;32mI (1758) bridge_common: esp-iot-bridge version: 0.11.8[0m
I (1760) wifi:wifi driver task: 3ffbd678, prio:23, stack:6656, core=0
I (1762) wifi:wifi firmware version: 0caa81945
I (1764) wifi:wifi certification version: v7.0
I (1768) wifi:config NVS flash: enabled
I (1771) wifi:config nano formating: disabled
I (1775) wifi:Init data frame dynamic rx buffer num: 32
I (1780) wifi:Init static rx mgmt buffer num: 5
I (1785) wifi:Init management short buffer num: 32
I (1789) wifi:Init static tx buffer num: 16
I (1793) wifi:Init tx cache buffer num: 32
I (1797) wifi:Init static rx buffer size: 1600
I (1801) wifi:Init static rx buffer num: 10
I (1805) wifi:Init dynamic rx buffer num: 32
[0;32mI (1809) wifi_init: accept mbox: 6[0m
[0;32mI (1813) wifi_init: tcpip mbox: 32[0m
[0;32mI (1817) wifi_init: udp mbox: 6[0m
[0;32mI (1821) wifi_init: tcp mbox: 6[0m
[0;32mI (1824) wifi_init: tcp tx win: 5760[0m
[0;32mI (1829) wifi_init: tcp rx win: 5760[0m
[0;32mI (1833) wifi_init: tcp mss: 1440[0m
[0;32mI (1837) wifi_init: WiFi IRAM OP enabled[0m
[0;32mI (1841) wifi_init: WiFi RX IRAM OP enabled[0m
[0;32mI (1847) phy_init: phy_version 4830,54550f7,Jun 20 2024,14:22:08[0m
I (1906) wifi:mode : null
I (1908) wifi:mode : softAP (08:a6:f7:11:51:a9)
I (1909) wifi:Total power save buffer number: 8
I (1909) wifi:Init max length of beacon: 752/752
I (1911) wifi:Init max length of beacon: 752/752
[0;32mI (1916) esp_netif_lwip: DHCP server started on interface WIFI_AP_DEF with IP: 192.168.4.1[0m
Add netif ap with d1ba481(commit id)
[0;32mI (1927) bridge_common: netif list add success[0m
[0;32mI (1933) bridge_common: [WIFI_AP_DEF ][0m
[0;32mI (1937) bridge_common: Set ip info:192.168.5.1[0m
[0;32mI (1942) bridge_wifi: SoftAP IP network segment has changed, deauth all station[0m
I (1951) wifi:Disabled PMF config for SoftAP
I (1954) wifi:Total power save buffer number: 8
[0;32mI (1959) esp_netif_lwip: DHCP server started on interface WIFI_AP_DEF with IP: 192.168.5.1[0m
[0;32mI (1967) bridge_common: [WIFI_AP_DEF ]Name Server1: 114.114.114.114[0m
[0;32mI (1974) bridge_common: DHCPS Restart, deauth all station[0m
Add netif sta with d1ba481(commit id)
[0;32mI (1983) bridge_common: netif list add success[0m
I (1988) wifi:mode : sta (08:a6:f7:11:51:a8) + softAP (08:a6:f7:11:51:a9)
I (1995) wifi:enable tsf
[0;31mE (1998) NVS: Failed to read IP info from NVS[0m
I (2002) wifi:Disabled PMF config for STA
[0;32mI (2006) bridge_wifi: [esp_bridge_wifi_set_config] sta ssid: Tran Con Dev password: password[0m
[0;32mI (2015) bridge_wifi: [esp_bridge_wifi_set_config] softap ssid: ESP_Bridge_1151a9 password: 12345678[0m
I (2196) wifi:Total power save buffer number: 8
[0;32mI (2198) esp_netif_lwip: DHCP server started on interface WIFI_AP_DEF with IP: 192.168.5.1[0m
[0;32mI (2199) bridge_wifi: SoftAP config changed, deauth all station[0m
[0;32mI (2205) Mesh-Lite: esp-mesh-lite component version: 1.0.0[0m
I (2211) ESPNOW: espnow [version: 1.0] init
[0;32mI (2215) [vendor_ie]: Mesh-Lite commit id: bc9302d
 [0m
[0;32mI (2221) [vendor_ie]: Mesh ID: 77 [0m
[0;32mI (2226) [ESP_Mesh_Lite_Comm]: msg action add success [0m
[0;32mI (2232) [ESP_Mesh_Lite_Comm]: Bind Socket 54, port 6364 [0m
[0;32mI (2237) [ESP_Mesh_Lite_Comm]: Bind Socket 55, port 6363 [0m
[0;32mI (2243) [ESP_Mesh_Lite_Comm]: Bind Socket 56, port 6366 [0m
[0;32mI (2249) [ESP_Mesh_Lite_Comm]: Bind Socket 57, port 6365 [0m
[0;32mI (2255) [mesh-lite-espnow]: Start espnow task [0m
[0;32mI (2261) Mesh-Lite: Mesh-Lite connecting[0m
[0;32mI (2266) [vendor_ie]: esp_mesh_lite_wifi_scan_start return ESP_OK [0m
[0;32mI (2271) gpio: GPIO[25]| InputEn: 1| OutputEn: 0| OpenDrain: 0| Pullup: 1| Pulldown: 0| Intr:2 [0m
[0;32mI (2281) cam_hal: cam init ok[0m
[0;32mI (2284) sccb: pin_sda 26 pin_scl 27[0m
[0;32mI (2288) sccb: sccb_i2c_port=1[0m
[0;32mI (2292) gpio: GPIO[32]| InputEn: 0| OutputEn: 1| OpenDrain: 0| Pullup: 0| Pulldown: 0| Intr:0 [0m
[0;32mI (2331) camera: Detected camera at address=0x30[0m
[0;32mI (2333) camera: Detected OV2640 camera[0m
[0;32mI (2333) camera: Camera PID=0x26 VER=0x42 MIDL=0x7f MIDH=0xa2[0m
[0;32mI (2399) cam_hal: buffer_size: 32768, half_buffer_size: 4096, node_buffer_size: 204ï¿½ets Jul 29 2019 12:21:46

rst:0x3 (SW_RESET),boot:0x13 (SPI_FAST_FLASH_BOOT)
configsip: 0, SPIWP:0xee
clk_drv:0x00,q_drv:0x00,d_drv:0x00,cs0_drv:0x00,hd_drv:0x00,wp_drv:0x00
mode:DIO, clock div:1
load:0x3fff0030,len:7168
load:0x40078000,len:15464
load:0x40080400,len:4
ho 8 tail 4 room 4
load:0x40080404,len:3684
entry 0x40080614
[0;32mI (179) boot: ESP-IDF v5.3-dirty 2nd stage bootloader[0m
[0;32mI (179) boot: compile time Aug 26 2024 19:21:57[0m
[0;33mW (179) boot: Unicore bootloader[0m
[0;32mI (184) boot: chip revision: v3.1[0m
[0;32mI (188) boot.esp32: SPI Speed      : 80MHz[0m
[0;32mI (193) boot.esp32: SPI Mode       : DIO[0m
[0;32mI (198) boot.esp32: SPI Flash Size : 4MB[0m
[0;32mI (202) boot: Enabling RNG early entropy source...[0m
[0;32mI (208) boot: Partition Table:[0m
[0;32mI (211) boot: ## Label            Usage          Type ST Offset   Length[0m
[0;32mI (219) boot:  0 nvs              WiFi data        01 02 00009000 00004000[0m
[0;32mI (226) boot:  1 otadata          OTA data         01 00 0000d000 00002000[0m
[0;32mI (234) boot:  2 phy_init         RF data          01 01 0000f000 00001000[0m
[0;32mI (242) boot:  3 ota_0            OTA app          00 10 00010000 001e0000[0m
[0;32mI (249) boot:  4 ota_1            OTA app          00 11 001f0000 001e0000[0m
[0;32mI (257) boot:  5 coredump         Unknown data     01 03 003d0000 00010000[0m
[0;32mI (264) boot:  6 reserved         Unknown data     01 fe 003e0000 00020000[0m
[0;32mI (272) boot: End of partition table[0m
[0;32mI (276) esp_image: segment 0: paddr=00010020 vaddr=3f400020 size=2dfd4h (188372) map[0m
[0;32mI (338) esp_image: segment 1: paddr=0003dffc vaddr=3ffbdb60 size=0201ch (  8220) load[0m
[0;32mI (341) esp_image: segment 2: paddr=00040020 vaddr=400d0020 size=c2dech (798188) map[0m
[0;32mI (569) esp_image: segment 3: paddr=00102e14 vaddr=3ffbfb7c size=03f5ch ( 16220) load[0m
[0;32mI (575) esp_image: segment 4: paddr=00106d78 vaddr=40080000 size=1cc94h (117908) load[0m
[0;32mI (629) boot: Loaded app from partition at offset 0x10000[0m
[0;32mI (629) boot: Disabling RNG early entropy source...[0m
[0;32mI (641) quad_psram: This chip is ESP32-D0WD[0m
[0;32mI (641) esp_psram: Found 8MB PSRAM device[0m
[0;32mI (641) esp_psram: Speed: 40MHz[0m
[0;32mI (645) esp_psram: PSRAM initialized, cache is in normal (1-core) mode.[0m
[0;33mW (652) esp_psram: Virtual address not enough for PSRAM, map as much as we can. 4MB is mapped[0m
[0;32mI (661) cpu_start: Unicore app[0m
[0;32mI (665) cpu_start: Single core mode[0m
[0;32mI (1593) esp_psram: SPI SRAM memory test OK[0m
[0;32mI (1600) cpu_start: Pro cpu start user code[0m
[0;32mI (1600) cpu_start: cpu freq: 240000000 Hz[0m
[0;32mI (1600) app_init: Application information:[0m
[0;32mI (1604) app_init: Project name:     mesh_local_control[0m
[0;32mI (1609) app_init: App version:      d1ba481-dirty[0m
[0;32mI (1615) app_init: Compile time:     Aug 26 2024 19:21:52[0m
[0;32mI (1621) app_init: ELF file SHA256:  3daec32fc...[0m
[0;32mI (1626) app_init: ESP-IDF:          v5.3-dirty[0m
[0;32mI (1632) efuse_init: Min chip rev:     v0.0[0m
[0;32mI (1636) efuse_init: Max chip rev:     v3.99 [0m
[0;32mI (1642) efuse_init: Chip rev:         v3.1[0m
[0;32mI (1647) heap_init: Initializing. RAM available for dynamic allocation:[0m
[0;32mI (1654) heap_init: At 3FFAE6E0 len 0000F480 (61 KiB): DRAM[0m
[0;32mI (1660) heap_init: At 3FFC8940 len 000176C0 (93 KiB): DRAM[0m
[0;32mI (1666) heap_init: At 3FFE0440 len 0001FBC0 (126 KiB): D/IRAM[0m
[0;32mI (1673) heap_init: At 40078000 len 00008000 (32 KiB): IRAM[0m
[0;32mI (1679) heap_init: At 4009CC94 len 0000336C (12 KiB): IRAM[0m
[0;32mI (1685) heap_init: At 3FF80000 len 00002000 (8 KiB): RTCRAM[0m
[0;32mI (1692) esp_psram: Adding pool of 4096K of PSRAM memory to heap allocator[0m
[0;32mI (1700) spi_flash: detected chip: generic[0m
[0;32mI (1704) spi_flash: flash io: dio[0m
[0;33mW (1708) i2c: This driver is an old driver, please migrate your application code to adapt `driver/i2c_master.h`[0m
[0;32mI (1730) coexist: coex firmware version: dab85ae96[0m
[0;32mI (1731) main_task: Started on CPU0[0m
[0;32mI (1731) esp_psram: Reserving pool of 32K of internal memory for DMA/internal allocations[0m
[0;32mI (1739) main_task: Calling app_main()[0m
[0;32mI (1758) bridge_common: esp-iot-bridge version: 0.11.8[0m
I (1760) wifi:wifi driver task: 3ffbd678, prio:23, stack:6656, core=0
I (1762) wifi:wifi firmware version: 0caa81945
I (1764) wifi:wifi certification version: v7.0
I (1768) wifi:config NVS flash: enabled
I (1771) wifi:config nano formating: disabled
I (1775) wifi:Init data frame dynamic rx buffer num: 32
I (1780) wifi:Init static rx mgmt buffer num: 5
I (1785) wifi:Init management short buffer num: 32
I (1789) wifi:Init static tx buffer num: 16
I (1793) wifi:Init tx cache buffer num: 32
I (1797) wifi:Init static rx buffer size: 1600
I (1801) wifi:Init static rx buffer num: 10
I (1805) wifi:Init dynamic rx buffer num: 32
[0;32mI (1809) wifi_init: accept mbox: 6[0m
[0;32mI (1813) wifi_init: tcpip mbox: 32[0m
[0;32mI (1817) wifi_init: udp mbox: 6[0m
[0;32mI (1821) wifi_init: tcp mbox: 6[0m
[0;32mI (1824) wifi_init: tcp tx win: 5760[0m
[0;32mI (1829) wifi_init: tcp rx win: 5760[0m
[0;32mI (1833) wifi_init: tcp mss: 1440[0m
[0;32mI (1837) wifi_init: WiFi IRAM OP enabled[0m
[0;32mI (1841) wifi_init: WiFi RX IRAM OP enabled[0m
[0;32mI (1847) phy_init: phy_version 4830,54550f7,Jun 20 2024,14:22:08[0m
I (1908) wifi:mode : null
I (1910) wifi:mode : softAP (08:a6:f7:11:51:a9)
I (1911) wifi:Total power save buffer number: 8
I (1911) wifi:Init max length of beacon: 752/752
I (1913) wifi:Init max length of beacon: 752/752
[0;32mI (1918) esp_netif_lwip: DHCP server started on interface WIFI_AP_DEF with IP: 192.168.4.1[0m
Add netif ap with d1ba481(commit id)
[0;32mI (1929) bridge_common: netif list add success[0m
[0;32mI (1935) bridge_common: [WIFI_AP_DEF ][0m
[0;32mI (1939) bridge_common: Set ip info:192.168.5.1[0m
[0;32mI (1944) bridge_wifi: SoftAP IP network segment has changed, deauth all station[0m
I (1953) wifi:Disabled PMF config for SoftAP
I (1956) wifi:Total power save buffer number: 8
[0;32mI (1961) esp_netif_lwip: DHCP server started on interface WIFI_AP_DEF with IP: 192.168.5.1[0m
[0;32mI (1969) bridge_common: [WIFI_AP_DEF ]Name Server1: 114.114.114.114[0m
[0;32mI (1975) bridge_common: DHCPS Restart, deauth all station[0m
Add netif sta with d1ba481(commit id)
[0;32mI (1985) bridge_common: netif list add success[0m
I (1990) wifi:mode : sta (08:a6:f7:11:51:a8) + softAP (08:a6:f7:11:51:a9)
I (1997) wifi:enable tsf
[0;31mE (2000) NVS: Failed to read IP info from NVS[0m
I (2004) wifi:Disabled PMF config for STA
[0;32mI (2007) bridge_wifi: [esp_bridge_wifi_set_config] sta ssid: Tran Con Dev password: password[0m
[0;32mI (2017) bridge_wifi: [esp_bridge_wifi_set_config] softap ssid: ESP_Bridge_1151a9 password: 12345678[0m
I (2198) wifi:Total power save buffer number: 8
[0;32mI (2200) esp_netif_lwip: DHCP server started on interface WIFI_AP_DEF with IP: 192.168.5.1[0m
[0;32mI (2201) bridge_wifi: SoftAP config changed, deauth all station[0m
[0;32mI (2207) Mesh-Lite: esp-mesh-lite component version: 1.0.0[0m
I (2213) ESPNOW: espnow [version: 1.0] init
[0;32mI (2217) [vendor_ie]: Mesh-Lite commit id: bc9302d
 [0m
[0;32mI (2223) [vendor_ie]: Mesh ID: 77 [0m
[0;32mI (2228) [ESP_Mesh_Lite_Comm]: msg action add success [0m
[0;32mI (2234) [ESP_Mesh_Lite_Comm]: Bind Socket 54, port 6364 [0m
[0;32mI (2239) [ESP_Mesh_Lite_Comm]: Bind Socket 55, port 6363 [0m
[0;32mI (2245) [ESP_Mesh_Lite_Comm]: Bind Socket 56, port 6366 [0m
[0;32mI (2251) [ESP_Mesh_Lite_Comm]: Bind Socket 57, port 6365 [0m
[0;32mI (2257) [mesh-lite-espnow]: Start espnow task [0m
[0;32mI (2263) Mesh-Lite: Mesh-Lite connecting[0m
[0;32mI (2268) [vendor_ie]: esp_mesh_lite_wifi_scan_start return ESP_OK [0m
[0;32mI (2273) gpio: GPIO[25]| InputEn: 1| OutputEn: 0| OpenDrain: 0| Pullup: 1| Pulldown: 0| Intr:2 [0m
[0;32mI (2283) cam_hal: cam init ok[0m
[0;32mI (2286) sccb: pin_sda 26 pin_scl 27[0m
[0;32mI (2290) sccb: sccb_i2c_port=1[0m
[0;32mI (2294) gpio: GPIO[32]| InputEn: 0| OutputEn: 1| OpenDrain: 0| Pullup: 0| Pulldown: 0| Intr:0 [0m
[0;32mI (2333) camera: Detected camera at address=0x30[0m
[0;32mI (2335) camera: Detected OV2640 camera[0m
[0;32mI (2335) camera: Camera PID=0x26 VER=0x42 MIDL=0x7f MIDH=0xa2[0m
[0;32mI (2401) cam_hal: buffer_size: 32768, half_buffer_size: 4096, node_buffer_size: 20ï¿½ets Jul 29 2019 12:21:46

rst:0x3 (SW_RESET),boot:0x13 (SPI_FAST_FLASH_BOOT)
configsip: 0, SPIWP:0xee
clk_drv:0x00,q_drv:0x00,d_drv:0x00,cs0_drv:0x00,hd_drv:0x00,wp_drv:0x00
mode:DIO, clock div:1
load:0x3fff0030,len:7168
load:0x40078000,len:15464
load:0x40080400,len:4
ho 8 tail 4 room 4
load:0x40080404,len:3684
entry 0x40080614
[0;32mI (179) boot: ESP-IDF v5.3-dirty 2nd stage bootloader[0m
[0;32mI (179) boot: compile time Aug 26 2024 19:21:57[0m
[0;33mW (179) boot: Unicore bootloader[0m
[0;32mI (184) boot: chip revision: v3.1[0m
[0;32mI (188) boot.esp32: SPI Speed      : 80MHz[0m
[0;32mI (193) boot.esp32: SPI Mode       : DIO[0m
[0;32mI (198) boot.esp32: SPI Flash Size : 4MB[0m
[0;32mI (202) boot: Enabling RNG early entropy source...[0m
[0;32mI (208) boot: Partition Table:[0m
[0;32mI (211) boot: ## Label            Usage          Type ST Offset   Length[0m
[0;32mI (219) boot:  0 nvs              WiFi data        01 02 00009000 00004000[0m
[0;32mI (226) boot:  1 otadata          OTA data         01 00 0000d000 00002000[0m
[0;32mI (234) boot:  2 phy_init         RF data          01 01 0000f000 00001000[0m
[0;32mI (242) boot:  3 ota_0            OTA app          00 10 00010000 001e0000[0m
[0;32mI (249) boot:  4 ota_1            OTA app          00 11 001f0000 001e0000[0m
[0;32mI (257) boot:  5 coredump         Unknown data     01 03 003d0000 00010000[0m
[0;32mI (264) boot:  6 reserved         Unknown data     01 fe 003e0000 00020000[0m
[0;32mI (272) boot: End of partition table[0m
[0;32mI (276) esp_image: segment 0: paddr=00010020 vaddr=3f400020 size=2dfd4h (188372) map[0m
[0;32mI (338) esp_image: segment 1: paddr=0003dffc vaddr=3ffbdb60 size=0201ch (  8220) load[0m
[0;32mI (341) esp_image: segment 2: paddr=00040020 vaddr=400d0020 size=c2dech (798188) map[0m
[0;32mI (569) esp_image: segment 3: paddr=00102e14 vaddr=3ffbfb7c size=03f5ch ( 16220) load[0m
[0;32mI (575) esp_image: segment 4: paddr=00106d78 vaddr=40080000 size=1cc94h (117908) load[0m
[0;32mI (629) boot: Loaded app from partition at offset 0x10000[0m
[0;32mI (629) boot: Disabling RNG early entropy source...[0m
[0;32mI (641) quad_psram: This chip is ESP32-D0WD[0m
[0;32mI (641) esp_psram: Found 8MB PSRAM device[0m
[0;32mI (641) esp_psram: Speed: 40MHz[0m
[0;32mI (645) esp_psram: PSRAM initialized, cache is in normal (1-core) mode.[0m
[0;33mW (652) esp_psram: Virtual address not enough for PSRAM, map as much as we can. 4MB is mapped[0m
[0;32mI (661) cpu_start: Unicore app[0m
[0;32mI (665) cpu_start: Single core mode[0m
[0;32mI (1593) esp_psram: SPI SRAM memory test OK[0m
[0;32mI (1600) cpu_start: Pro cpu start user code[0m
[0;32mI (1600) cpu_start: cpu freq: 240000000 Hz[0m
[0;32mI (1600) app_init: Application information:[0m
[0;32mI (1604) app_init: Project name:     mesh_local_control[0m
[0;32mI (1609) app_init: App version:      d1ba481-dirty[0m
[0;32mI (1615) app_init: Compile time:     Aug 26 2024 19:21:52[0m
[0;32mI (1621) app_init: ELF file SHA256:  3daec32fc...[0m
[0;32mI (1626) app_init: ESP-IDF:          v5.3-dirty[0m
[0;32mI (1632) efuse_init: Min chip rev:     v0.0[0m
[0;32mI (1636) efuse_init: Max chip rev:     v3.99 [0m
[0;32mI (1642) efuse_init: Chip rev:         v3.1[0m
[0;32mI (1647) heap_init: Initializing. RAM available for dynamic allocation:[0m
[0;32mI (1654) heap_init: At 3FFAE6E0 len 0000F480 (61 KiB): DRAM[0m
[0;32mI (1660) heap_init: At 3FFC8940 len 000176C0 (93 KiB): DRAM[0m
[0;32mI (1666) heap_init: At 3FFE0440 len 0001FBC0 (126 KiB): D/IRAM[0m
[0;32mI (1673) heap_init: At 40078000 len 00008000 (32 KiB): IRAM[0m
[0;32mI (1679) heap_init: At 4009CC94 len 0000336C (12 KiB): IRAM[0m
[0;32mI (1685) heap_init: At 3FF80000 len 00002000 (8 KiB): RTCRAM[0m
[0;32mI (1692) esp_psram: Adding pool of 4096K of PSRAM memory to heap allocator[0m
[0;32mI (1700) spi_flash: detected chip: generic[0m
[0;32mI (1704) spi_flash: flash io: dio[0m
[0;33mW (1708) i2c: This driver is an old driver, please migrate your application code to adapt `driver/i2c_master.h`[0m
[0;32mI (1730) coexist: coex firmware version: dab85ae96[0m
[0;32mI (1731) main_task: Started on CPU0[0m
[0;32mI (1731) esp_psram: Reserving pool of 32K of internal memory for DMA/internal allocations[0m
[0;32mI (1739) main_task: Calling app_main()[0m
[0;32mI (1758) bridge_common: esp-iot-bridge version: 0.11.8[0m
I (1760) wifi:wifi driver task: 3ffbd678, prio:23, stack:6656, core=0
I (1762) wifi:wifi firmware version: 0caa81945
I (1764) wifi:wifi certification version: v7.0
I (1768) wifi:config NVS flash: enabled
I (1771) wifi:config nano formating: disabled
I (1775) wifi:Init data frame dynamic rx buffer num: 32
I (1780) wifi:Init static rx mgmt buffer num: 5
I (1785) wifi:Init management short buffer num: 32
I (1789) wifi:Init static tx buffer num: 16
I (1793) wifi:Init tx cache buffer num: 32
I (1797) wifi:Init static rx buffer size: 1600
I (1801) wifi:Init static rx buffer num: 10
I (1805) wifi:Init dynamic rx buffer num: 32
[0;32mI (1809) wifi_init: accept mbox: 6[0m
[0;32mI (1813) wifi_init: tcpip mbox: 32[0m
[0;32mI (1817) wifi_init: udp mbox: 6[0m
[0;32mI (1821) wifi_init: tcp mbox: 6[0m
[0;32mI (1824) wifi_init: tcp tx win: 5760[0m
[0;32mI (1829) wifi_init: tcp rx win: 5760[0m
[0;32mI (1833) wifi_init: tcp mss: 1440[0m
[0;32mI (1837) wifi_init: WiFi IRAM OP enabled[0m
[0;32mI (1841) wifi_init: WiFi RX IRAM OP enabled[0m
[0;32mI (1847) phy_init: phy_version 4830,54550f7,Jun 20 2024,14:22:08[0m
I (1906) wifi:mode : null
I (1908) wifi:mode : softAP (08:a6:f7:11:51:a9)
I (1909) wifi:Total power save buffer number: 8
I (1910) wifi:Init max length of beacon: 752/752
I (1911) wifi:Init max length of beacon: 752/752
[0;32mI (1917) esp_netif_lwip: DHCP server started on interface WIFI_AP_DEF with IP: 192.168.4.1[0m
Add netif ap with d1ba481(commit id)
[0;32mI (1927) bridge_common: netif list add success[0m
[0;32mI (1933) bridge_common: [WIFI_AP_DEF ][0m
[0;32mI (1938) bridge_common: Set ip info:192.168.5.1[0m
[0;32mI (1942) bridge_wifi: SoftAP IP network segment has changed, deauth all station[0m
I (1951) wifi:Disabled PMF config for SoftAP
I (1954) wifi:Total power save buffer number: 8
[0;32mI (1960) esp_netif_lwip: DHCP server started on interface WIFI_AP_DEF with IP: 192.168.5.1[0m
[0;32mI (1967) bridge_common: [WIFI_AP_DEF ]Name Server1: 114.114.114.114[0m
[0;32mI (1974) bridge_common: DHCPS Restart, deauth all station[0m
Add netif sta with d1ba481(commit id)
[0;32mI (1983) bridge_common: netif list add success[0m
I (1989) wifi:mode : sta (08:a6:f7:11:51:a8) + softAP (08:a6:f7:11:51:a9)
I (1995) wifi:enable tsf
[0;31mE (1998) NVS: Failed to read IP info from NVS[0m
I (2002) wifi:Disabled PMF config for STA
[0;32mI (2006) bridge_wifi: [esp_bridge_wifi_set_config] sta ssid: Tran Con Dev password: password[0m
[0;32mI (2015) bridge_wifi: [esp_bridge_wifi_set_config] softap ssid: ESP_Bridge_1151a9 password: 12345678[0m
I (2196) wifi:Total power save buffer number: 8
[0;32mI (2199) esp_netif_lwip: DHCP server started on interface WIFI_AP_DEF with IP: 192.168.5.1[0m
[0;32mI (2199) bridge_wifi: SoftAP config changed, deauth all station[0m
[0;32mI (2205) Mesh-Lite: esp-mesh-lite component version: 1.0.0[0m
I (2212) ESPNOW: espnow [version: 1.0] init
[0;32mI (2215) [vendor_ie]: Mesh-Lite commit id: bc9302d
 [0m
[0;32mI (2221) [vendor_ie]: Mesh ID: 77 [0m
[0;32mI (2227) [ESP_Mesh_Lite_Comm]: msg action add success [0m
[0;32mI (2232) [ESP_Mesh_Lite_Comm]: Bind Socket 54, port 6364 [0m
[0;32mI (2237) [ESP_Mesh_Lite_Comm]: Bind Socket 55, port 6363 [0m
[0;32mI (2243) [ESP_Mesh_Lite_Comm]: Bind Socket 56, port 6366 [0m
[0;32mI (2249) [ESP_Mesh_Lite_Comm]: Bind Socket 57, port 6365 [0m
[0;32mI (2256) [mesh-lite-espnow]: Start espnow task [0m
[0;32mI (2261) Mesh-Lite: Mesh-Lite connecting[0m
[0;32mI (2266) [vendor_ie]: esp_mesh_lite_wifi_scan_start return ESP_OK [0m
[0;32mI (2272) gpio: GPIO[25]| InputEn: 1| OutputEn: 0| OpenDrain: 0| Pullup: 1| Pulldown: 0| Intr:2 [0m
[0;32mI (2281) cam_hal: cam init ok[0m
[0;32mI (2285) sccb: pin_sda 26 pin_scl 27[0m
[0;32mI (2289) sccb: sccb_i2c_port=1[0m
[0;32mI (2293) gpio: GPIO[32]| InputEn: 0| OutputEn: 1| OpenDrain: 0| Pullup: 0| Pulldown: 0| Intr:0 [0m
[0;32mI (2332) camera: Detected camera at address=0x30[0m
[0;32mI (2334) camera: Detected OV2640 camera[0m
[0;32mI (2334) camera: Camera PID=0x26 VER=0x42 MIDL=0x7f MIDH=0xa2[0m
[0;32mI (2400) cam_hal: buffer_size: 32768, half_buffer_size: 4096, node_buffer_size: 2048, node_cnt: 16, total_cnt: 5[0m
[0;32mI (2400) cam_hal: Allocating 23680 Byte frame buffer in PSRAM[0m
[0;32mI (2406) cam_hal: cam config ok[0m
[0;32mI (2410) ov2640: Set PLL: clk_2x: 0, clk_div: 0, pclk_auto: 0, pclk_div: 8[0m
[0;32mI (3805) [vendor_ie]: Mesh-Lite Scan done [0m
[0;32mI (3806) [vendor_ie]: RTC store: temp_mesh_id:255; ssid:Tran Con Dev; bssid:00:00:00:00:00:00; crc:2891781910 [0m
[0;32mI (3810) [vendor_ie]: wifi_cfg Tran Con Dev router_config Tran Con Dev [0m
[0;32mI (3818) [vendor_ie]: esp_mesh_lite_wifi_connect return ESP_OK [0m
I (4445) wifi:ap channel adjust o:1,1 n:4,1
I (4446) wifi:new:<4,0>, old:<1,1>, ap:<4,1>, sta:<4,0>, prof:1, snd_ch_cfg:0x0
I (4447) wifi:state: init -> auth (0xb0)
I (4451) wifi:state: auth -> assoc (0x0)
I (4459) wifi:state: assoc -> run (0x10)
I (4496) wifi:connected with Tran Con Dev, aid = 2, channel 4, BW20, bssid = e4:ca:12:bd:52:70
I (4496) wifi:security: WPA2-PSK, phy: bgn, rssi: -38
I (4498) wifi:pm start, type: 1

I (4501) wifi:dp: 1, bi: 102400, li: 3, scale listen interval from 307200 us to 307200 us
I (4559) wifi:AP's beacon interval = 102400 us, DTIM period = 1
[0;32mI (6519) bridge_common: [WIFI_AP_DEF ]Name Server1: 203.113.131.2[0m
[0;31mE (7491) esp-tls: [sock=58] select() timeout[0m
[0;31mE (7492) transport_base: Failed to open a new connection: 32774[0m
[0;31mE (7492) transport_ws: Error connecting to host 192.168.1.88:3000[0m
[0;31mE (7499) websocket_client: esp_transport_connect() failed with -1, transport_error=ESP_ERR_ESP_TLS_CONNECTION_TIMEOUT, tls_error_code=0, tls_flags=0, esp_ws_handshake_status_code=0, errno=119[0m
[0;31mE (7516) websocket_client: WebSocket client error[0m
[0;32mI (7521) websocket_client: Reconnect after 5000 ms[0m
[0;32mI (7527) websocket_client: WebSocket client connected[0m
[0;31mE (7532) websocket_client: Websocket client is not connected[0m
[0;33mW (7539) websocket_client: Waiting for WebSocket connection to resume sending image...[0m
[0;32mI (7511) esp_netif_handlers: sta ip: 192.168.1.3, mask: 255.255.255.0, gw: 192.168.1.1[0m
[0;32mI (7556) bridge_wifi: Connected with IP Address:192.168.1.3[0m
[0;32mI (7563) [vendor_ie]: RTC store: temp_mesh_id:3; ssid:Tran Con Dev; bssid:00:00:00:00:00:00; crc:2866665463 [0m
[0;31mE (7573) [ESP_Mesh_Lite_Comm]: Error Get! [0m
[0;33mW (7577) [ESP_Mesh_Lite_Comm]: argot is not saved in flash [0m
[0;32mI (7587) esp32cam_security_gate: TCP client write task is running[0m
[0;31mE (12960) esp-tls: [sock=59] delayed connect error: Connection reset by peer[0m
[0;31mE (12961) transport_base: Failed to open a new connection: 32772[0m
[0;31mE (12964) transport_ws: Error connecting to host 192.168.1.88:3000[0m
[0;31mE (12971) websocket_client: esp_transport_connect() failed with -1, transport_error=ESP_ERR_ESP_TLS_FAILED_CONNECT_TO_HOST, tls_error_code=0, tls_flags=0, esp_ws_handshake_status_code=0, errno=119[0m
[0;31mE (12988) websocket_client: WebSocket client error[0m
[0;32mI (12994) websocket_client: Reconnect after 5000 ms[0m
[0;32mI (12999) websocket_client: WebSocket client connected[0m
[0;31mE (13005) websocket_client: Websocket client is not connected[0m
[0;33mW (13011) websocket_client: Waiting for WebSocket connection to resume sending image...[0m
[0;33mW (13024) cam_hal: NO-SOI[0m
[0;31mE (18180) esp-tls: [sock=59] delayed connect error: Connection reset by peer[0m
