ets Jul 29 2019 12:21:46

rst:0x1 (POWERON_RESET),boot:0x13 (SPI_FAST_FLASH_BOOT)
configsip: 0, SPIWP:0xee
clk_drv:0x00,q_drv:0x00,d_drv:0x00,cs0_drv:0x00,hd_drv:0x00,wp_drv:0x00
mode:DIO, clock div:2
load:0x3fff0030,len:7168
load:0x40078000,len:15452
load:0x40080400,len:4
load:0x40080404,len:3684
entry 0x40080614
[0;32mI (29) boot: ESP-IDF v5.3-dirty 2nd stage bootloader[0m
[0;32mI (29) boot: compile time Aug 17 2024 00:42:55[0m
[0;33mW (29) boot: Unicore bootloader[0m
[0;32mI (34) boot: chip revision: v3.1[0m
[0;32mI (38) boot.esp32: SPI Speed      : 40MHz[0m
[0;32mI (42) boot.esp32: SPI Mode       : DIO[0m
[0;32mI (47) boot.esp32: SPI Flash Size : 4MB[0m
[0;32mI (51) boot: Enabling RNG early entropy source...[0m
[0;32mI (57) boot: Partition Table:[0m
[0;32mI (60) boot: ## Label            Usage          Type ST Offset   Length[0m
[0;32mI (68) boot:  0 nvs              WiFi data        01 02 00009000 00004000[0m
[0;32mI (75) boot:  1 otadata          OTA data         01 00 0000d000 00002000[0m
[0;32mI (82) boot:  2 phy_init         RF data          01 01 0000f000 00001000[0m
[0;32mI (90) boot:  3 ota_0            OTA app          00 10 00010000 001e0000[0m
[0;32mI (97) boot:  4 ota_1            OTA app          00 11 001f0000 001e0000[0m
[0;32mI (105) boot:  5 coredump         Unknown data     01 03 003d0000 00010000[0m
[0;32mI (112) boot:  6 reserved         Unknown data     01 fe 003e0000 00020000[0m
[0;32mI (120) boot: End of partition table[0m
[0;32mI (124) boot: No factory image, trying OTA 0[0m
[0;32mI (129) esp_image: segment 0: paddr=00010020 vaddr=3f400020 size=30d1ch (199964) map[0m
[0;32mI (206) esp_image: segment 1: paddr=00040d44 vaddr=3ffbdb60 size=0608ch ( 24716) load[0m
[0;32mI (216) esp_image: segment 2: paddr=00046dd8 vaddr=40080000 size=09240h ( 37440) load[0m
[0;32mI (231) esp_image: segment 3: paddr=00050020 vaddr=400d0020 size=cb170h (831856) map[0m
[0;32mI (516) esp_image: segment 4: paddr=0011b198 vaddr=40089240 size=14e44h ( 85572) load[0m
[0;32mI (565) boot: Loaded app from partition at offset 0x10000[0m
[0;32mI (570) boot: Set actual ota_seq=1 in otadata[0][0m
[0;32mI (570) boot: Disabling RNG early entropy source...[0m
[0;32mI (582) quad_psram: This chip is ESP32-D0WD[0m
[0;32mI (583) esp_psram: Found 8MB PSRAM device[0m
[0;32mI (583) esp_psram: Speed: 40MHz[0m
[0;32mI (586) esp_psram: PSRAM initialized, cache is in normal (1-core) mode.[0m
[0;33mW (594) esp_psram: Virtual address not enough for PSRAM, map as much as we can. 4MB is mapped[0m
[0;32mI (603) cpu_start: Unicore app[0m
[0;32mI (606) cpu_start: Single core mode[0m
[0;32mI (1536) esp_psram: SPI SRAM memory test OK[0m
[0;32mI (1544) cpu_start: Pro cpu start user code[0m
[0;32mI (1544) cpu_start: cpu freq: 240000000 Hz[0m
[0;32mI (1544) app_init: Application information:[0m
[0;32mI (1547) app_init: Project name:     mesh_local_control[0m
[0;32mI (1553) app_init: App version:      268911e-dirty[0m
[0;32mI (1559) app_init: Compile time:     Aug 17 2024 01:28:44[0m
[0;32mI (1565) app_init: ELF file SHA256:  9fdadcecb...[0m
[0;32mI (1570) app_init: ESP-IDF:          v5.3-dirty[0m
[0;32mI (1575) efuse_init: Min chip rev:     v0.0[0m
[0;32mI (1580) efuse_init: Max chip rev:     v3.99 [0m
[0;32mI (1585) efuse_init: Chip rev:         v3.1[0m
[0;32mI (1591) heap_init: Initializing. RAM available for dynamic allocation:[0m
[0;32mI (1598) heap_init: At 3FFAE6E0 len 0000F480 (61 KiB): DRAM[0m
[0;32mI (1604) heap_init: At 3FFC8A18 len 000175E8 (93 KiB): DRAM[0m
[0;32mI (1610) heap_init: At 3FFE0440 len 0001FBC0 (126 KiB): D/IRAM[0m
[0;32mI (1616) heap_init: At 40078000 len 00008000 (32 KiB): IRAM[0m
[0;32mI (1623) heap_init: At 4009E084 len 00001F7C (7 KiB): IRAM[0m
[0;32mI (1629) heap_init: At 3FF80000 len 00002000 (8 KiB): RTCRAM[0m
[0;32mI (1636) esp_psram: Adding pool of 4096K of PSRAM memory to heap allocator[0m
[0;32mI (1644) spi_flash: detected chip: generic[0m
[0;32mI (1648) spi_flash: flash io: dio[0m
[0;33mW (1652) i2c: This driver is an old driver, please migrate your application code to adapt `driver/i2c_master.h`[0m
[0;32mI (1663) coexist: coex firmware version: dab85ae96[0m
[0;32mI (1668) main_task: Started on CPU0[0m
[0;32mI (1671) esp_psram: Reserving pool of 32K of internal memory for DMA/internal allocations[0m
[0;32mI (1680) main_task: Calling app_main()[0m
[0;32mI (1699) bridge_common: esp-iot-bridge version: 0.11.8[0m
I (1703) wifi:wifi driver task: 3ffbd5e0, prio:23, stack:6656, core=0
I (1706) wifi:wifi firmware version: 0caa81945
I (1707) wifi:wifi certification version: v7.0
I (1709) wifi:config NVS flash: enabled
I (1713) wifi:config nano formating: disabled
I (1717) wifi:Init data frame dynamic rx buffer num: 32
I (1722) wifi:Init static rx mgmt buffer num: 5
I (1726) wifi:Init management short buffer num: 32
I (1731) wifi:Init static tx buffer num: 16
I (1735) wifi:Init tx cache buffer num: 32
I (1738) wifi:Init static rx buffer size: 1600
I (1743) wifi:Init static rx buffer num: 10
I (1746) wifi:Init dynamic rx buffer num: 32
[0;32mI (1751) wifi_init: accept mbox: 6[0m
[0;32mI (1754) wifi_init: tcpip mbox: 32[0m
[0;32mI (1758) wifi_init: udp mbox: 6[0m
[0;32mI (1762) wifi_init: tcp mbox: 6[0m
[0;32mI (1766) wifi_init: tcp tx win: 5760[0m
[0;32mI (1770) wifi_init: tcp rx win: 5760[0m
[0;32mI (1775) wifi_init: tcp mss: 1440[0m
[0;32mI (1779) wifi_init: WiFi IRAM OP enabled[0m
[0;32mI (1783) wifi_init: WiFi RX IRAM OP enabled[0m
[0;32mI (1789) phy_init: phy_version 4830,54550f7,Jun 20 2024,14:22:08[0m
[0;33mW (1795) phy_init: failed to load RF calibration data (0x1102), falling back to full calibration[0m
[0;33mW (1856) phy_init: saving new calibration data because of checksum failure, mode(2)[0m
I (1868) wifi:mode : null
I (1871) wifi:mode : softAP (08:a6:f7:11:51:a9)
I (1872) wifi:Total power save buffer number: 8
I (1873) wifi:Init max length of beacon: 752/752
I (1875) wifi:Init max length of beacon: 752/752
[0;32mI (1882) esp_netif_lwip: DHCP server started on interface WIFI_AP_DEF with IP: 192.168.4.1[0m
Add netif ap with 268911e(commit id)
[0;32mI (1891) bridge_common: netif list add success[0m
[0;31mE (1897) NVS: Failed to open NVS namespace[0m
[0;32mI (1901) bridge_common: IP Address:192.168.5.1[0m
[0;32mI (1906) bridge_common: GW Address:192.168.5.1[0m
[0;32mI (1911) bridge_common: NM Address:255.255.255.0[0m
[0;32mI (1917) bridge_common: [WIFI_AP_DEF ][0m
[0;32mI (1922) bridge_common: Set ip info:192.168.5.1[0m
[0;32mI (1927) bridge_wifi: SoftAP IP network segment has changed, deauth all station[0m
I (1938) wifi:Disabled PMF config for SoftAP
I (1940) wifi:Total power save buffer number: 8
[0;32mI (1946) esp_netif_lwip: DHCP server started on interface WIFI_AP_DEF with IP: 192.168.5.1[0m
[0;32mI (1952) bridge_common: [WIFI_AP_DEF ]Name Server1: 114.114.114.114[0m
[0;32mI (1959) bridge_common: DHCPS Restart, deauth all station[0m
Add netif sta with 268911e(commit id)
[0;32mI (1968) bridge_common: netif list add success[0m
I (1974) wifi:mode : sta (08:a6:f7:11:51:a8) + softAP (08:a6:f7:11:51:a9)
I (1980) wifi:enable tsf
[0;31mE (1984) NVS: Failed to read IP info from NVS[0m
I (1987) wifi:Disabled PMF config for STA
[0;32mI (1991) bridge_wifi: [esp_bridge_wifi_set_config] sta ssid: Xiaomi13T password: password[0m
[0;32mI (2000) bridge_wifi: [esp_bridge_wifi_set_config] softap ssid: ESP_Bridge_1151a9 password: 12345678[0m
I (2183) wifi:Total power save buffer number: 8
[0;32mI (2187) esp_netif_lwip: DHCP server started on interface WIFI_AP_DEF with IP: 192.168.5.1[0m
[0;32mI (2189) bridge_wifi: SoftAP config changed, deauth all station[0m
[0;32mI (2193) Mesh-Lite: esp-mesh-lite component version: 1.0.0[0m
I (2199) ESPNOW: espnow [version: 1.0] init
[0;32mI (2202) [vendor_ie]: Mesh-Lite commit id: bc9302d
 [0m
[0;31mE (2209) [vendor_ie]: Error Get! [0m
[0;33mW (2212) [vendor_ie]: Mesh ID is not saved in flash [0m
[0;32mI (2218) [vendor_ie]: Mesh ID: 77 [0m
[0;33mW (2222) [vendor_ie]: Error Get[4354] [0m
[0;33mW (2226) [vendor_ie]: Error Get[4354] [0m
[0;32mI (2232) [ESP_Mesh_Lite_Comm]: msg action add success [0m
[0;32mI (2239) [ESP_Mesh_Lite_Comm]: Bind Socket 54, port 6364 [0m
[0;32mI (2243) [ESP_Mesh_Lite_Comm]: Bind Socket 55, port 6363 [0m
[0;32mI (2249) [ESP_Mesh_Lite_Comm]: Bind Socket 56, port 6366 [0m
[0;32mI (2255) [ESP_Mesh_Lite_Comm]: Bind Socket 57, port 6365 [0m
[0;32mI (2262) [mesh-lite-espnow]: Start espnow task [0m
[0;32mI (2269) Mesh-Lite: Mesh-Lite connecting[0m
[0;32mI (2274) [vendor_ie]: esp_mesh_lite_wifi_scan_start return ESP_OK [0m
[0;31mE (2281) rc522: Read/write test failed[0m
[0;32mI (2282) gpio: GPIO[15]| InputEn: 0| OutputEn: 0| OpenDrain: 0| Pullup: 1| Pulldown: 0| Intr:0 [0m
[0;32mI (2292) gpio: GPIO[25]| InputEn: 1| OutputEn: 0| OpenDrain: 0| Pullup: 1| Pulldown: 0| Intr:2 [0m
[0;32mI (2301) cam_hal: cam init ok[0m
[0;32mI (2305) sccb: pin_sda 26 pin_scl 27[0m
[0;32mI (2309) sccb: sccb_i2c_port=1[0m
[0;32mI (2313) gpio: GPIO[32]| InputEn: 0| OutputEn: 1| OpenDrain: 0| Pullup: 0| Pulldown: 0| Intr:0 [0m
[0;32mI (2352) camera: Detected camera at address=0x30[0m
[0;32mI (2355) camera: Detected OV2640 camera[0m
[0;32mI (2355) camera: Camera PID=0x26 VER=0x42 MIDL=0x7f MIDH=0xa2[0m
[0;32mI (2442) cam_hal: buffer_size: 32768, half_buffer_size: 4096, node_buffer_size: 2048, node_cnt: 16, total_cnt: 5[0m
[0;32mI (2443) cam_hal: Allocating 23680 Byte frame buffer in PSRAM[0m
[0;32mI (2449) cam_hal: cam config ok[0m
[0;32mI (2453) ov2640: Set PLL: clk_2x: 0, clk_div: 0, pclk_auto: 0, pclk_div: 8[0m
[0;33mW (2547) websocket_client: `network_timeout_ms` is not set, or it is less than or equal to zero, using default time out 10000 (milliseconds)[0m
[0;31mE (2550) FreeRTOS: FreeRTOS Task "task_handle_sen" should not return, Aborting now![0m

abort() was called at PC 0x40090013 on core 0


Backtrace: 0x40081971:0x3fff46e0 0x4008f0b1:0x3fff4700 0x400976dd:0x3fff4720 0x40090013:0x3fff4790




ELF file SHA256: 9fdadcecb

Rebooting...
ets Jul 29 2019 12:21:46

rst:0xc (SW_CPU_RESET),boot:0x13 (SPI_FAST_FLASH_BOOT)
configsip: 0, SPIWP:0xee
clk_drv:0x00,q_drv:0x00,d_drv:0x00,cs0_drv:0x00,hd_drv:0x00,wp_drv:0x00
mode:DIO, clock div:2
load:0x3fff0030,len:7168
load:0x40078000,len:15452
load:0x40080400,len:4
load:0x40080404,len:3684
entry 0x40080614
[0;32mI (29) boot: ESP-IDF v5.3-dirty 2nd stage bootloader[0m
[0;32mI (29) boot: compile time Aug 17 2024 00:42:55[0m
[0;33mW (29) boot: Unicore bootloader[0m
[0;32mI (34) : chip reFatal exception (29): StoreProhibited
epc1=0x4007aa67, epc2=0x00000000, epc3=0x00000000, excvaddr=0x007d0064, depc=0x00000000
ets Jul 29 2019 12:21:46

rst:0x10 (RTCWDT_RTC_RESET),boot:0x12 (SPI_FAST_FLASH_BOOT)
configsip: 0, SPIWP:0xee
clk_drv:0x00,q_drv:0x00,d_drv:0x00,cs0_drv:0x00,hd_drv:0x00,wp_drv:0x00
mode:DIO, clock div:2
load:0x3fff0030,len:7168
load:0x40078000,len:15452
load:0x40080400,len:4
load:0x40080404,len:3684
entry 0x40080614
[0;32mI (30) boot: ESP-IDF v5.3-dirty 2nd stage bootloader[0m
[0;32mI (30) boot: compile time Aug 17 2024 00:42:55[0m
[0;33mW (30) boot: Unicore bootloader[0m
[0;32mI (34) boot: chip revision: v3.1[0m
[0;32mI (38) boot.esp32: SPI Speed      : 40MHz[0m
[0;32mI (43) boot.esp32: SPI Mode       : DIO[0m
[0;32mI (47) boot.esp32: SPI Flash Size : 4MB[0m
[0;32mI (52) boot: Enabling RNG early entropy source...[0m
[0;32mI (57) boot: Partition Table:[0m
[0;32mI (61) boot: ## Label            Usage          Type ST Offset   Length[0m
[0;32mI (68) boot:  0 nvs              WiFi data        01 02 00009000 00004000[0m
[0;32mI (75) boot:  1 otadata          OTA data         01 00 0000d000 00002000[0m
[0;32mI (83) boot:  2 phy_init         RF data          01 01 0000f000 00001000[0m
[0;32mI (90) boot:  3 ota_0            OTA app          00 10 00010000 001e0000[0m
[0;32mI (98) boot:  4 ota_1            OTA app          00 11 001f0000 001e0000[0m
[0;32mI (105) boot:  5 coredump         Unknown data     01 03 003d0000 00010000[0m
[0;32mI (113) boot:  6 reserved         Unknown data     01 fe 003e0000 00020000[0m
[0;32mI (120) boot: End of partition table[0m
[0;32mI (125) esp_image: segment 0: paddr=00010020 vaddr=3f400020 size=30d1ch (199964) map[0m
[0;32mI (202) esp_image: segment 1: paddr=00040d44 vaddr=3ffbdb60 size=0608ch ( 24716) load[0m
[0;32mI (211) esp_image: segment 2: paddr=00046dd8 vaddr=40080000 size=09240h ( 37440) load[0m
[0;32mI (226) esp_image: segment 3: paddr=00050020 vaddr=400d0020 size=cb170h (831856) map[0m
[0;32mI (511) esp_image: segment 4: paddr=0011b198 vaddr=40089240 size=14e44h ( 85572) load[0m
[0;32mI (560) boot: Loaded app from partition at offset 0x10000[0m
[0;32mI (560) boot: Disabling RNG early entropy source...[0m
[0;32mI (572) quad_psram: This chip is ESP32-D0WD[0m
[0;32mI (573) esp_psram: Found 8MB PSRAM device[0m
[0;32mI (573) esp_psram: Speed: 40MHz[0m
[0;32mI (576) esp_psram: PSRAM initialized, cache is in normal (1-core) mode.[0m
[0;33mW (584) esp_psram: Virtual address not enough for PSRAM, map as much as we can. 4MB is mapped[0m
[0;32mI (593) cpu_start: Unicore app[0m
[0;32mI (597) cpu_start: Single core mode[0m
[0;32mI (1526) esp_psram: SPI SRAM memory test OK[0m
[0;32mI (1534) cpu_start: Pro cpu start user code[0m
[0;32mI (1534) cpu_start: cpu freq: 240000000 Hz[0m
[0;32mI (1534) app_init: Application information:[0m
[0;32mI (1537) app_init: Project name:     mesh_local_control[0m
[0;32mI (1543) app_init: App version:      268911e-dirty[0m
[0;32mI (1549) app_init: Compile time:     Aug 17 2024 01:28:44[0m
[0;32mI (1555) app_init: ELF file SHA256:  9fdadcecb...[0m
[0;32mI (1560) app_init: ESP-IDF:          v5.3-dirty[0m
[0;32mI (1565) efuse_init: Min chip rev:     v0.0[0m
[0;32mI (1570) efuse_init: Max chip rev:     v3.99 [0m
[0;32mI (1575) efuse_init: Chip rev:         v3.1[0m
[0;32mI (1581) heap_init: Initializing. RAM available for dynamic allocation:[0m
[0;32mI (1588) heap_init: At 3FFAE6E0 len 0000F480 (61 KiB): DRAM[0m
[0;32mI (1594) heap_init: At 3FFC8A18 len 000175E8 (93 KiB): DRAM[0m
[0;32mI (1600) heap_init: At 3FFE0440 len 0001FBC0 (126 KiB): D/IRAM[0m
[0;32mI (1607) heap_init: At 40078000 len 00008000 (32 KiB): IRAM[0m
[0;32mI (1613) heap_init: At 4009E084 len 00001F7C (7 KiB): IRAM[0m
[0;32mI (1619) heap_init: At 3FF80000 len 00002000 (8 KiB): RTCRAM[0m
[0;32mI (1626) esp_psram: Adding pool of 4096K of PSRAM memory to heap allocator[0m
[0;32mI (1634) spi_flash: detected chip: generic[0m
[0;32mI (1638) spi_flash: flash io: dio[0m
[0;33mW (1642) i2c: This driver is an old driver, please migrate your application code to adapt `driver/i2c_master.h`[0m
[0;32mI (1653) coexist: coex firmware version: dab85ae96[0m
[0;32mI (1658) main_task: Started on CPU0[0m
[0;32mI (1661) esp_psram: Reserving pool of 32K of internal memory for DMA/internal allocations[0m
[0;32mI (1670) main_task: Calling app_main()[0m
[0;32mI (1691) bridge_common: esp-iot-bridge version: 0.11.8[0m
I (1694) wifi:wifi driver task: 3ffbd654, prio:23, stack:6656, core=0
I (1697) wifi:wifi firmware version: 0caa81945
I (1697) wifi:wifi certification version: v7.0
I (1701) wifi:config NVS flash: enabled
I (1705) wifi:config nano formating: disabled
I (1709) wifi:Init data frame dynamic rx buffer num: 32
I (1714) wifi:Init static rx mgmt buffer num: 5
I (1718) wifi:Init management short buffer num: 32
I (1723) wifi:Init static tx buffer num: 16
I (1727) wifi:Init tx cache buffer num: 32
I (1730) wifi:Init static rx buffer size: 1600
I (1735) wifi:Init static rx buffer num: 10
I (1738) wifi:Init dynamic rx buffer num: 32
[0;32mI (1743) wifi_init: accept mbox: 6[0m
[0;32mI (1746) wifi_init: tcpip mbox: 32[0m
[0;32mI (1750) wifi_init: udp mbox: 6[0m
[0;32mI (1754) wifi_init: tcp mbox: 6[0m
[0;32mI (1758) wifi_init: tcp tx win: 5760[0m
[0;32mI (1762) wifi_init: tcp rx win: 5760[0m
[0;32mI (1767) wifi_init: tcp mss: 1440[0m
[0;32mI (1771) wifi_init: WiFi IRAM OP enabled[0m
[0;32mI (1775) wifi_init: WiFi RX IRAM OP enabled[0m
[0;32mI (1781) phy_init: phy_version 4830,54550f7,Jun 20 2024,14:22:08[0m
I (1844) wifi:mode : null
I (1847) wifi:mode : softAP (08:a6:f7:11:51:a9)
I (1849) wifi:Total power save buffer number: 8
I (1849) wifi:Init max length of beacon: 752/752
I (1851) wifi:Init max length of beacon: 752/752
[0;32mI (1858) esp_netif_lwip: DHCP server started on interface WIFI_AP_DEF with IP: 192.168.4.1[0m
Add netif ap with 268911e(commit id)
[0;32mI (1867) bridge_common: netif list add success[0m
[0;32mI (1874) bridge_common: [WIFI_AP_DEF ][0m
[0;32mI (1878) bridge_common: Set ip info:192.168.5.1[0m
[0;32mI (1883) bridge_wifi: SoftAP IP network segment has changed, deauth all station[0m
I (1893) wifi:Disabled PMF config for SoftAP
I (1895) wifi:Total power save buffer number: 8
[0;32mI (1901) esp_netif_lwip: DHCP server started on interface WIFI_AP_DEF with IP: 192.168.5.1[0m
[0;32mI (1908) bridge_common: [WIFI_AP_DEF ]Name Server1: 114.114.114.114[0m
[0;32mI (1914) bridge_common: DHCPS Restart, deauth all station[0m
Add netif sta with 268911e(commit id)
[0;32mI (1924) bridge_common: netif list add success[0m
I (1930) wifi:mode : sta (08:a6:f7:11:51:a8) + softAP (08:a6:f7:11:51:a9)
I (1936) wifi:enable tsf
[0;31mE (1940) NVS: Failed to read IP info from NVS[0m
I (1943) wifi:Disabled PMF config for STA
[0;32mI (1947) bridge_wifi: [esp_bridge_wifi_set_config] sta ssid: Xiaomi13T password: password[0m
[0;32mI (1956) bridge_wifi: [esp_bridge_wifi_set_config] softap ssid: ESP_Bridge_1151a9 password: 12345678[0m
I (2139) wifi:Total power save buffer number: 8
[0;32mI (2143) esp_netif_lwip: DHCP server started on interface WIFI_AP_DEF with IP: 192.168.5.1[0m
[0;32mI (2144) bridge_wifi: SoftAP config changed, deauth all station[0m
[0;32mI (2148) Mesh-Lite: esp-mesh-lite component version: 1.0.0[0m
I (2155) ESPNOW: espnow [version: 1.0] init
[0;32mI (2158) [vendor_ie]: Mesh-Lite commit id: bc9302d
 [0m
[0;32mI (2165) [vendor_ie]: Mesh ID: 77 [0m
[0;32mI (2170) [ESP_Mesh_Lite_Comm]: msg action add success [0m
[0;32mI (2176) [ESP_Mesh_Lite_Comm]: Bind Socket 54, port 6364 [0m
[0;32mI (2180) [ESP_Mesh_Lite_Comm]: Bind Socket 55, port 6363 [0m
[0;32mI (2186) [ESP_Mesh_Lite_Comm]: Bind Socket 56, port 6366 [0m
[0;32mI (2193) [ESP_Mesh_Lite_Comm]: Bind Socket 57, port 6365 [0m
[0;32mI (2199) [mesh-lite-espnow]: Start espnow task [0m
[0;32mI (2205) Mesh-Lite: Mesh-Lite connecting[0m
[0;32mI (2211) [vendor_ie]: esp_mesh_lite_wifi_scan_start return ESP_OK [0m
[0;31mE (2218) rc522: Read/write test failed[0m
[0;32mI (2220) gpio: GPIO[15]| InputEn: 0| OutputEn: 0| OpenDrain: 0| Pullup: 1| Pulldown: 0| Intr:0 [0m
[0;32mI (2229) gpio: GPIO[25]| InputEn: 1| OutputEn: 0| OpenDrain: 0| Pullup: 1| Pulldown: 0| Intr:2 [0m
[0;32mI (2239) cam_hal: cam init ok[0m
[0;32mI (2242) sccb: pin_sda 26 pin_scl 27[0m
[0;32mI (2246) sccb: sccb_i2c_port=1[0m
[0;32mI (2251) gpio: GPIO[32]| InputEn: 0| OutputEn: 1| OpenDrain: 0| Pullup: 0| Pulldown: 0| Intr:0 [0m
[0;32mI (2289) camera: Detected camera at address=0x30[0m
[0;32mI (2292) camera: Detected OV2640 camera[0m
[0;32mI (2293) camera: Camera PID=0x26 VER=0x42 MIDL=0x7f MIDH=0xa2[0m
[0;32mI (2381) cam_hal: buffer_size: 32768, half_buffer_size: 4096, node_buffer_size: 2048, node_cnt: 16, total_cnt: 5[0m
[0;32mI (2381) cam_hal: Allocating 23680 Byte frame buffer in PSRAM[0m
[0;32mI (2388) cam_hal: cam config ok[0m
[0;32mI (2391) ov2640: Set PLL: clk_2x: 0, clk_div: 0, pclk_auto: 0, pclk_div: 8[0m
[0;33mW (2480) websocket_client: `network_timeout_ms` is not set, or it is less than or equal to zero, using default time out 10000 (milliseconds)[0m
[0;31mE (2483) FreeRTOS: FreeRTOS Task "task_handle_sen" should not return, Aborting now![0m

abort() was called at PC 0x40090013 on core 0


Backtrace: 0x40081971:0x3fff4750 0x4008f0b1:0x3fff4770 0x400976dd:0x3fff4790 0x40090013:0x3fff4800




ELF file SHA256: 9fdadcecb

Rebooting...
ets Jul 29 2019 12:21:46

rst:0xc (SW_CPU_RESET),boot:0x12 (SPI_FAST_FLASH_BOOT)
configsip: 0, SPIWP:0xee
clk_drv:0x00,q_drv:0x00,d_drv:0x00,cs0_drv:0x00,hd_drv:0x00,wp_drv:0x00
mode:DIO, clock div:2
load:0x3fff0030,len:7168
load:0x40078000,len:15452
load:0x40080400,len:4
load:0x40080404,len:3684
entry 0x40080614
[0;32mI (29) boot: ESP-IDF v5.3-dirty 2nd stage bootloader[0m
[0;32mI (29) boot: compile time Aug 17 2024 00:42:55[0m
[0;33mW (29) boot: Unicore bootloader[0m
[0;32mI (34) boot: chip revision: v3.1[0Fatal exception (29): StoreProhibited
epc1=0x4007aa67, epc2=0x00000000, epc3=0x00000000, excvaddr=0x00c00064, depc=0x00000000
ets Jul 29 2019 12:21:46

rst:0x10 (RTCWDT_RTC_RESET),boot:0x12 (SPI_FAST_FLASH_BOOT)
configsip: 0, SPIWP:0xee
clk_drv:0x00,q_drv:0x00,d_drv:0x00,cs0_drv:0x00,hd_drv:0x00,wp_drv:0x00
mode:DIO, clock div:2
load:0x3fff0030,len:7168
load:0x40078000,len:15452
load:0x40080400,len:4
load:0x40080404,len:3684
entry 0x40080614
[0;32mI (30) boot: ESP-IDF v5.3-dirty 2nd stage bootloader[0m
[0;32mI (30) boot: compile time Aug 17 2024 00:42:55[0m
[0;33mW (30) boot: Unicore bootloader[0m
[0;32mI (34) boot: chip revision: v3.1[0m
[0;32mI (38) boot.esp32: SPI Speed      : 40MHz[0m
[0;32mI (43) boot.esp32: SPI Mode       : DIO[0m
[0;32mI (47) boot.esp32: SPI Flash Size : 4MB[0m
[0;32mI (52) boot: Enabling RNG early entropy source...[0m
[0;32mI (57) boot: Partition Table:[0m
[0;32mI (61) boot: ## Label            Usage          Type ST Offset   Length[0m
[0;32mI (68) boot:  0 nvs              WiFi data        01 02 00009000 00004000[0m
[0;32mI (75) boot:  1 otadata          OTA data         01 00 0000d000 00002000[0m
[0;32mI (83) boot:  2 phy_init         RF data          01 01 0000f000 00001000[0m
[0;32mI (90) boot:  3 ota_0            OTA app          00 10 00010000 001e0000[0m
[0;32mI (98) boot:  4 ota_1            OTA app          00 11 001f0000 001e0000[0m
[0;32mI (105) boot:  5 coredump         Unknown data     01 03 003d0000 00010000[0m
[0;32mI (113) boot:  6 reserved         Unknown data     01 fe 003e0000 00020000[0m
[0;32mI (120) boot: End of partition table[0m
[0;32mI (125) esp_image: segment 0: paddr=00010020 vaddr=3f400020 size=30d1ch (199964) map[0m
[0;32mI (202) esp_image: segment 1: paddr=00040d44 vaddr=3ffbdb60 size=0608ch ( 24716) load[0m
[0;32mI (211) esp_image: segment 2: paddr=00046dd8 vaddr=40080000 size=09240h ( 37440) load[0m
[0;32mI (226) esp_image: segment 3: paddr=00050020 vaddr=400d0020 size=cb170h (831856) map[0m
[0;32mI (511) esp_image: segment 4: paddr=0011b198 vaddr=40089240 size=14e44h ( 85572) load[0m
[0;32mI (560) boot: Loaded app from partition at offset 0x10000[0m
[0;32mI (560) boot: Disabling RNG early entropy source...[0m
[0;32mI (572) quad_psram: This chip is ESP32-D0WD[0m
[0;32mI (573) esp_psram: Found 8MB PSRAM device[0m
[0;32mI (573) esp_psram: Speed: 40MHz[0m
[0;32mI (576) esp_psram: PSRAM initialized, cache is in normal (1-core) mode.[0m
[0;33mW (584) esp_psram: Virtual address not enough for PSRAM, map as much as we can. 4MB is mapped[0m
[0;32mI (593) cpu_start: Unicore app[0m
[0;32mI (597) cpu_start: Single core mode[0m
[0;32mI (1526) esp_psram: SPI SRAM memory test OK[0m
[0;32mI (1534) cpu_start: Pro cpu start user code[0m
[0;32mI (1534) cpu_start: cpu freq: 240000000 Hz[0m
[0;32mI (1534) app_init: Application information:[0m
[0;32mI (1537) app_init: Project name:     mesh_local_control[0m
[0;32mI (1543) app_init: App version:      268911e-dirty[0m
[0;32mI (1549) app_init: Compile time:     Aug 17 2024 01:28:44[0m
[0;32mI (1555) app_init: ELF file SHA256:  9fdadcecb...[0m
[0;32mI (1560) app_init: ESP-IDF:          v5.3-dirty[0m
[0;32mI (1565) efuse_init: Min chip rev:     v0.0[0m
[0;32mI (1570) efuse_init: Max chip rev:     v3.99 [0m
[0;32mI (1575) efuse_init: Chip rev:         v3.1[0m
[0;32mI (1581) heap_init: Initializing. RAM available for dynamic allocation:[0m
[0;32mI (1588) heap_init: At 3FFAE6E0 len 0000F480 (61 KiB): DRAM[0m
[0;32mI (1594) heap_init: At 3FFC8A18 len 000175E8 (93 KiB): DRAM[0m
[0;32mI (1600) heap_init: At 3FFE0440 len 0001FBC0 (126 KiB): D/IRAM[0m
[0;32mI (1607) heap_init: At 40078000 len 00008000 (32 KiB): IRAM[0m
[0;32mI (1613) heap_init: At 4009E084 len 00001F7C (7 KiB): IRAM[0m
[0;32mI (1619) heap_init: At 3FF80000 len 00002000 (8 KiB): RTCRAM[0m
[0;32mI (1626) esp_psram: Adding pool of 4096K of PSRAM memory to heap allocator[0m
[0;32mI (1634) spi_flash: detected chip: generic[0m
[0;32mI (1638) spi_flash: flash io: dio[0m
[0;33mW (1642) i2c: This driver is an old driver, please migrate your application code to adapt `driver/i2c_master.h`[0m
[0;32mI (1653) coexist: coex firmware version: dab85ae96[0m
[0;32mI (1658) main_task: Started on CPU0[0m
[0;32mI (1661) esp_psram: Reserving pool of 32K of internal memory for DMA/internal allocations[0m
[0;32mI (1670) main_task: Calling app_main()[0m
[0;32mI (1691) bridge_common: esp-iot-bridge version: 0.11.8[0m
I (1694) wifi:wifi driver task: 3ffbd654, prio:23, stack:6656, core=0
I (1697) wifi:wifi firmware version: 0caa81945
I (1697) wifi:wifi certification version: v7.0
I (1701) wifi:config NVS flash: enabled
I (1705) wifi:config nano formating: disabled
I (1709) wifi:Init data frame dynamic rx buffer num: 32
I (1714) wifi:Init static rx mgmt buffer num: 5
I (1718) wifi:Init management short buffer num: 32
I (1723) wifi:Init static tx buffer num: 16
I (1727) wifi:Init tx cache buffer num: 32
I (1730) wifi:Init static rx buffer size: 1600
I (1735) wifi:Init static rx buffer num: 10
I (1738) wifi:Init dynamic rx buffer num: 32
[0;32mI (1743) wifi_init: accept mbox: 6[0m
[0;32mI (1746) wifi_init: tcpip mbox: 32[0m
[0;32mI (1750) wifi_init: udp mbox: 6[0m
[0;32mI (1754) wifi_init: tcp mbox: 6[0m
[0;32mI (1758) wifi_init: tcp tx win: 5760[0m
[0;32mI (1762) wifi_init: tcp rx win: 5760[0m
[0;32mI (1767) wifi_init: tcp mss: 1440[0m
[0;32mI (1771) wifi_init: WiFi IRAM OP enabled[0m
[0;32mI (1775) wifi_init: WiFi RX IRAM OP enabled[0m
[0;32mI (1781) phy_init: phy_version 4830,54550f7,Jun 20 2024,14:22:08[0m
I (1844) wifi:mode : null
I (1847) wifi:mode : softAP (08:a6:f7:11:51:a9)
I (1848) wifi:Total power save buffer number: 8
I (1849) wifi:Init max length of beacon: 752/752
I (1851) wifi:Init max length of beacon: 752/752
[0;32mI (1858) esp_netif_lwip: DHCP server started on interface WIFI_AP_DEF with IP: 192.168.4.1[0m
Add netif ap with 268911e(commit id)
[0;32mI (1867) bridge_common: netif list add success[0m
[0;32mI (1874) bridge_common: [WIFI_AP_DEF ][0m
[0;32mI (1878) bridge_common: Set ip info:192.168.5.1[0m
[0;32mI (1882) bridge_wifi: SoftAP IP network segment has changed, deauth all station[0m
I (1892) wifi:Disabled PMF config for SoftAP
I (1895) wifi:Total power save buffer number: 8
[0;32mI (1901) esp_netif_lwip: DHCP server started on interface WIFI_AP_DEF with IP: 192.168.5.1[0m
[0;32mI (1908) bridge_common: [WIFI_AP_DEF ]Name Server1: 114.114.114.114[0m
[0;32mI (1914) bridge_common: DHCPS Restart, deauth all station[0m
Add netif sta with 268911e(commit id)
[0;32mI (1924) bridge_common: netif list add success[0m
I (1929) wifi:mode : sta (08:a6:f7:11:51:a8) + softAP (08:a6:f7:11:51:a9)
I (1936) wifi:enable tsf
[0;31mE (1939) NVS: Failed to read IP info from NVS[0m
I (1943) wifi:Disabled PMF config for STA
[0;32mI (1946) bridge_wifi: [esp_bridge_wifi_set_config] sta ssid: Xiaomi13T password: password[0m
[0;32mI (1956) bridge_wifi: [esp_bridge_wifi_set_config] softap ssid: ESP_Bridge_1151a9 password: 12345678[0m
I (2139) wifi:Total power save buffer number: 8
[0;32mI (2143) esp_netif_lwip: DHCP server started on interface WIFI_AP_DEF with IP: 192.168.5.1[0m
[0;32mI (2144) bridge_wifi: SoftAP config changed, deauth all station[0m
[0;32mI (2148) Mesh-Lite: esp-mesh-lite component version: 1.0.0[0m
I (2155) ESPNOW: espnow [version: 1.0] init
[0;32mI (2158) [vendor_ie]: Mesh-Lite commit id: bc9302d
 [0m
[0;32mI (2165) [vendor_ie]: Mesh ID: 77 [0m
[0;32mI (2170) [ESP_Mesh_Lite_Comm]: msg action add success [0m
[0;32mI (2176) [ESP_Mesh_Lite_Comm]: Bind Socket 54, port 6364 [0m
[0;32mI (2180) [ESP_Mesh_Lite_Comm]: Bind Socket 55, port 6363 [0m
[0;32mI (2186) [ESP_Mesh_Lite_Comm]: Bind Socket 56, port 6366 [0m
[0;32mI (2192) [ESP_Mesh_Lite_Comm]: Bind Socket 57, port 6365 [0m
[0;32mI (2199) [mesh-lite-espnow]: Start espnow task [0m
[0;32mI (2205) Mesh-Lite: Mesh-Lite connecting[0m
[0;32mI (2211) [vendor_ie]: esp_mesh_lite_wifi_scan_start return ESP_OK [0m
[0;31mE (2217) rc522: Read/write test failed[0m
[0;32mI (2219) gpio: GPIO[15]| InputEn: 0| OutputEn: 0| OpenDrain: 0| Pullup: 1| Pulldown: 0| Intr:0 [0m
[0;32mI (2229) gpio: GPIO[25]| InputEn: 1| OutputEn: 0| OpenDrain: 0| Pullup: 1| Pulldown: 0| Intr:2 [0m
[0;32mI (2239) cam_hal: cam init ok[0m
[0;32mI (2242) sccb: pin_sda 26 pin_scl 27[0m
[0;32mI (2246) sccb: sccb_i2c_port=1[0m
[0;32mI (2250) gpio: GPIO[32]| InputEn: 0| OutputEn: 1| OpenDrain: 0| Pullup: 0| Pulldown: 0| Intr:0 [0m
[0;32mI (2289) camera: Detected camera at address=0x30[0m
[0;32mI (2292) camera: Detected OV2640 camera[0m
[0;32mI (2292) camera: Camera PID=0x26 VER=0x42 MIDL=0x7f MIDH=0xa2[0m
[0;32mI (2380) cam_hal: buffer_size: 32768, half_buffer_size: 4096, node_buffer_size: 2048, node_cnt: 16, total_cnt: 5[0m
[0;32mI (2381) cam_hal: Allocating 23680 Byte frame buffer in PSRAM[0m
[0;32mI (2387) cam_hal: cam config ok[0m
[0;32mI (2391) ov2640: Set PLL: clk_2x: 0, clk_div: 0, pclk_auto: 0, pclk_div: 8[0m
[0;33mW (2478) websocket_client: `network_timeout_ms` is not set, or it is less than or equal to zero, using default time out 10000 (milliseconds)[0m
[0;31mE (2481) FreeRTOS: FreeRTOS Task "task_handle_sen" should not return, Aborting now![0m

abort() was called at PC 0x40090013 on core 0


Backtrace: 0x40081971:0x3fff4820 0x4008f0b1:0x3fff4840 0x400976dd:0x3fff4860 0x40090013:0x3fff48d0




ELF file SHA256: 9fdadcecb

Rebooting...
ets Jul 29 2019 12:21:46

rst:0xc (SW_CPU_RESET),boot:0x12 (SPI_FAST_FLASH_BOOT)
configsip: 0, SPIWP:0xee
clk_drv:0x00,q_drv:0x00,d_drv:0x00,cs0_drv:0x00,hd_drv:0x00,wp_drv:0x00
mode:DIO, clock div:2
load:0x3fff0030,len:7168
load:0x40078000,len:15452
load:0x40080400,len:4
load:0x40080404,len:3684
entry 0x40080614
[0;32mI (29) boot: ESP-IDF v5.3-dirty 2nd stage bootloader[0m
[0;32mI (29) boot: compile time Aug 17 2024 00:42:55[0m
[0;3[0;32mI (30) bo[ï¿½ï¿½ï¿½ï¿½ï¿½ï¿½ï¿½ï¿½iï¿½ï¿½ï¿½ï¿½ets Jul 29 2019 12:21:46

rst:0x3 (SW_RESET),boot:0x12 (SPI_FAST_FLASH_BOOT)
configsip: 0, SPIWP:0xee
clk_drv:0x00,q_drv:0x00,d_drv:0x00,cs0_drv:0x00,hd_drv:0x00,wp_drv:0x00
mode:DIO, clock div:2
load:0x3fff0030,len:7168
load:0x40078000,len:15452
load:0x40080400,len:4
load:0x40080404,len:3684
entry 0x40080614
[0;32mI (56) boot: ESP-IDF v5.3-dirty 2nd stage bootloader[0m
[0;32mI (57) boot: compile time Aug 17 2024 00:42:55[0m
[0;33mW (57) boot: Unicore bootloader[0m
[0;32mI (62) boot: chip revision: v3.1[0m
[0;32mI (66) boot.esp32: SPI Speed      : 40MHz[0m
[0;32mI (70) boot.esp32: SPI Mode       : DIO[0m
[0;32mI (75) boot.esp32: SPI Flash Size : 4MB[0m
[0;32mI (79) boot: Enabling RNG early entropy source...[0m
[0;32mI (85) boot: Partition Table:[0m
[0;32mI (88) boot: ## Label            Usage          Type ST Offset   Length[0m
[0;32mI (96) boot:  0 nvs              WiFi data        01 02 00009000 00004000[0m
[0;32mI (103) boot:  1 otadata          OTA data         01 00 0000d000 00002000[0m
[0;32mI (111) boot:  2 phy_init         RF data          01 01 0000f000 00001000[0m
[0;32mI (118) boot:  3 ota_0            OTA app          00 10 00010000 001e0000[0m
[0;32mI (126) boot:  4 ota_1            OTA app          00 11 001f0000 001e0000[0m
[0;32mI (133) boot:  5 coredump         Unknown data     01 03 003d0000 00010000[0m
[0;32mI (141) boot:  6 reserved         Unknown data     01 fe 003e0000 00020000[0m
[0;32mI (148) boot: End of partition table[0m
[0;32mI (153) esp_image: segment 0: paddr=00010020 vaddr=3f400020 size=30d1ch (199964) map[0m
[0;32mI (230) esp_image: segment 1: paddr=00040d44 vaddr=3ffbdb60 size=0608ch ( 24716) load[0m
[0;32mI (239) esp_image: segment 2: paddr=00046dd8 vaddr=40080000 size=09240h ( 37440) load[0m
[0;32mI (254) esp_image: segment 3: paddr=00050020 vaddr=400d0020 size=cb170h (831856) map[0m
[0;32mI (539) esp_image: segment 4: paddr=0011b198 vaddr=40089240 size=14e44h ( 85572) load[0m
[0;32mI (588) boot: Loaded app from partition at offset 0x10000[0m
[0;32mI (588) boot: Disabling RNG early entropy source...[0m
[0;32mI (600) quad_psram: This chip is ESP32-D0WD[0m
[0;32mI (601) esp_psram: Found 8MB PSRAM device[0m
[0;32mI (601) esp_psram: Speed: 40MHz[0m
[0;32mI (604) esp_psram: PSRAM initialized, cache is in normal (1-core) mode.[0m
[0;33mW (612) esp_psram: Virtual address not enough for PSRAM, map as much as we can. 4MB is mapped[0m
[0;32mI (621) cpu_start: Unicore app[0m
[0;32mI (625) cpu_start: Single core mode[0m
[0;32mI (1554) esp_psram: SPI SRAM memory test OK[0m
[0;32mI (1562) cpu_start: Pro cpu start user code[0m
[0;32mI (1562) cpu_start: cpu freq: 240000000 Hz[0m
[0;32mI (1562) app_init: Application information:[0m
[0;32mI (1565) app_init: Project name:     mesh_local_control[0m
[0;32mI (1571) app_init: App version:      268911e-dirty[0m
[0;32mI (1577) app_init: Compile time:     Aug 17 2024 01:28:44[0m
[0;32mI (1583) app_init: ELF file SHA256:  9fdadcecb...[0m
[0;32mI (1588) app_init: ESP-IDF:          v5.3-dirty[0m
[0;32mI (1593) efuse_init: Min chip rev:     v0.0[0m
[0;32mI (1598) efuse_init: Max chip rev:     v3.99 [0m
[0;32mI (1603) efuse_init: Chip rev:         v3.1[0m
[0;32mI (1609) heap_init: Initializing. RAM available for dynamic allocation:[0m
[0;32mI (1616) heap_init: At 3FFAE6E0 len 0000F480 (61 KiB): DRAM[0m
[0;32mI (1622) heap_init: At 3FFC8A18 len 000175E8 (93 KiB): DRAM[0m
[0;32mI (1628) heap_init: At 3FFE0440 len 0001FBC0 (126 KiB): D/IRAM[0m
[0;32mI (1635) heap_init: At 40078000 len 00008000 (32 KiB): IRAM[0m
[0;32mI (1641) heap_init: At 4009E084 len 00001F7C (7 KiB): IRAM[0m
[0;32mI (1647) heap_init: At 3FF80000 len 00002000 (8 KiB): RTCRAM[0m
[0;32mI (1654) esp_psram: Adding pool of 4096K of PSRAM memory to heap allocator[0m
[0;32mI (1662) spi_flash: detected chip: generic[0m
[0;32mI (1666) spi_flash: flash io: dio[0m
[0;33mW (1670) i2c: This driver is an old driver, please migrate your application code to adapt `driver/i2c_master.h`[0m
[0;32mI (1681) coexist: coex firmware version: dab85ae96[0m
[0;32mI (1686) main_task: Started on CPU0[0m
[0;32mI (1689) esp_psram: Reserving pool of 32K of internal memory for DMA/internal allocations[0m
[0;32mI (1698) main_task: Calling app_main()[0m
[0;32mI (1719) bridge_common: esp-iot-bridge version: 0.11.8[0m
I (1722) wifi:wifi driver task: 3ffbd654, prio:23, stack:6656, core=0
I (1725) wifi:wifi firmware version: 0caa81945
I (1725) wifi:wifi certification version: v7.0
I (1729) wifi:config NVS flash: enabled
I (1733) wifi:config nano formating: disabled
I (1737) wifi:Init data frame dynamic rx buffer num: 32
I (1742) wifi:Init static rx mgmt buffer num: 5
I (1746) wifi:Init management short buffer num: 32
I (1751) wifi:Init static tx buffer num: 16
I (1755) wifi:Init tx cache buffer num: 32
I (1758) wifi:Init static rx buffer size: 1600
I (1763) wifi:Init static rx buffer num: 10
I (1766) wifi:Init dynamic rx buffer num: 32
[0;32mI (1771) wifi_init: accept mbox: 6[0m
[0;32mI (1774) wifi_init: tcpip mbox: 32[0m
[0;32mI (1778) wifi_init: udp mbox: 6[0m
[0;32mI (1782) wifi_init: tcp mbox: 6[0m
[0;32mI (1786) wifi_init: tcp tx win: 5760[0m
[0;32mI (1790) wifi_init: tcp rx win: 5760[0m
[0;32mI (1795) wifi_init: tcp mss: 1440[0m
[0;32mI (1799) wifi_init: WiFi IRAM OP enabled[0m
[0;32mI (1803) wifi_init: WiFi RX IRAM OP enabled[0m
[0;32mI (1809) phy_init: phy_version 4830,54550f7,Jun 20 2024,14:22:08[0m
I (1871) wifi:mode : null
I (1874) wifi:mode : softAP (08:a6:f7:11:51:a9)
I (1875) wifi:Total power save buffer number: 8
I (1876) wifi:Init max length of beacon: 752/752
I (1878) wifi:Init max length of beacon: 752/752
[0;32mI (1885) esp_netif_lwip: DHCP server started on interface WIFI_AP_DEF with IP: 192.168.4.1[0m
Add netif ap with 268911e(commit id)
[0;32mI (1894) bridge_common: netif list add success[0m
[0;32mI (1901) bridge_common: [WIFI_AP_DEF ][0m
[0;32mI (1905) bridge_common: Set ip info:192.168.5.1[0m
[0;32mI (1909) bridge_wifi: SoftAP IP network segment has changed, deauth all station[0m
I (1919) wifi:Disabled PMF config for SoftAP
I (1922) wifi:Total power save buffer number: 8
[0;32mI (1928) esp_netif_lwip: DHCP server started on interface WIFI_AP_DEF with IP: 192.168.5.1[0m
[0;32mI (1935) bridge_common: [WIFI_AP_DEF ]Name Server1: 114.114.114.114[0m
[0;32mI (1941) bridge_common: DHCPS Restart, deauth all station[0m
Add netif sta with 268911e(commit id)
[0;32mI (1951) bridge_common: netif list add success[0m
I (1956) wifi:mode : sta (08:a6:f7:11:51:a8) + softAP (08:a6:f7:11:51:a9)
I (1963) wifi:enable tsf
[0;31mE (1966) NVS: Failed to read IP info from NVS[0m
I (1970) wifi:Disabled PMF config for STA
[0;32mI (1973) bridge_wifi: [esp_bridge_wifi_set_config] sta ssid: Xiaomi13T password: password[0m
[0;32mI (1983) bridge_wifi: [esp_bridge_wifi_set_config] softap ssid: ESP_Bridge_1151a9 password: 12345678[0m
I (2166) wifi:Total power save buffer number: 8
[0;32mI (2170) esp_netif_lwip: DHCP server started on interface WIFI_AP_DEF with IP: 192.168.5.1[0m
[0;32mI (2171) bridge_wifi: SoftAP config changed, deauth all station[0m
[0;32mI (2175) Mesh-Lite: esp-mesh-lite component version: 1.0.0[0m
I (2182) ESPNOW: espnow [version: 1.0] init
[0;32mI (2185) [vendor_ie]: Mesh-Lite commit id: bc9302d
 [0m
[0;32mI (2192) [vendor_ie]: Mesh ID: 77 [0m
[0;32mI (2197) [ESP_Mesh_Lite_Comm]: msg action add success [0m
[0;32mI (2203) [ESP_Mesh_Lite_Comm]: Bind Socket 54, port 6364 [0m
[0;32mI (2207) [ESP_Mesh_Lite_Comm]: Bind Socket 55, port 6363 [0m
[0;32mI (2213) [ESP_Mesh_Lite_Comm]: Bind Socket 56, port 6366 [0m
[0;32mI (2219) [ESP_Mesh_Lite_Comm]: Bind Socket 57, port 6365 [0m
[0;32mI (2226) [mesh-lite-espnow]: Start espnow task [0m
[0;32mI (2232) Mesh-Lite: Mesh-Lite connecting[0m
[0;32mI (2238) [vendor_ie]: esp_mesh_lite_wifi_scan_start return ESP_OK [0m
[0;31mE (2245) rc522: Read/write test failed[0m
[0;32mI (2247) gpio: GPIO[15]| InputEn: 0| OutputEn: 0| OpenDrain: 0| Pullup: 1| Pulldown: 0| Intr:0 [0m
[0;32mI (2256) gpio: GPIO[25]| InputEn: 1| OutputEn: 0| OpenDrain: 0| Pullup: 1| Pulldown: 0| Intr:2 [0m
[0;32mI (2266) cam_hal: cam init ok[0m
[0;32mI (2269) sccb: pin_sda 26 pin_scl 27[0m
[0;32mI (2273) sccb: sccb_i2c_port=1[0m
[0;32mI (2277) gpio: GPIO[32]| InputEn: 0| OutputEn: 1| OpenDrain: 0| Pullup: 0| Pulldown: 0| Intr:0 [0m
[0;32mI (2316) camera: Detected camera at address=0x30[0m
[0;32mI (2319) camera: Detected OV2640 camera[0m
[0;32mI (2320) camera: Camera PID=0x26 VER=0x42 MIDL=0x7f MIDH=0xa2[0m
[0;32mI (2407) cam_hal: buffer_size: 32768, half_buffer_size: 4096, node_buffer_size: 2048, node_cnt: 16, total_cnt: 5[0m
[0;32mI (2408) cam_hal: Allocating 23680 Byte frame buffer in PSRAM[0m
[0;32mI (2414) cam_hal: cam config ok[0m
[0;32mI (2418) ov2640: Set PLL: clk_2x: 0, clk_div: 0, pclk_auto: 0, pclk_div: 8[0m
[0;33mW (2507) websocket_client: `network_timeout_ms` is not set, or it is less than or equal to zero, using default time out 10000 (milliseconds)[0m
[0;31mE (2510) FreeRTOS: FreeRTOS Task "task_handle_sen" should not return, Aborting now![0m

abort() was called at PC 0x40090013 on core 0


Backtrace: 0x40081971:0x3fff4750 0x4008f0b1:0x3fff4770 0x400976dd:0x3fff4790 0x40090013:0x3fff4800




ELF file SHA256: 9fdadcecb

Rebooting...
ets Jul 29 2019 12:21:46

rst:0xc (SW_CPU_RESET),boot:0x12 (SPI_FAST_FLASH_BOOT)
configsip: 0, SPIWP:0xee
clk_drv:0x00,q_drv:0x00,d_drv:0x00,cs0_drv:0x00,hd_drv:0x00,wp_drv:0x00
mode:DIO, clock div:2
load:0x3fff0030,len:7168
load:0x40078000,len:15452
load:0x40080400,len:4
load:0x40080404,len:3684
entry 0x40080614
[0;32mI (29) boot: ESP-IDF v5.3-dirty 2nd stage bootloader[0m
[0;32mI (29) boot: compile time Aug 17 2024 00:42:55[0m
[0;33mW (29) boot: Unicore bootloader[0m
[0;32mI (34) boot: chip revision: v3.1[0m
[0;32mI (37) ï¿½: Fatal exception (29): StoreProhibited
epc1=0x4007aa67, epc2=0x00000000, epc3=0x00000000, excvaddr=0x00450064, depc=0x00000000
ets Jul 29 2019 12:21:46

rst:0x10 (RTCWDT_RTC_RESET),boot:0x12 (SPI_FAST_FLASH_BOOT)
configsip: 0, SPIWP:0xee
clk_drv:0x00,q_drv:0x00,d_drv:0x00,cs0_drv:0x00,hd_drv:0x00,wp_drv:0x00
mode:DIO, clock div:2
load:0x3fff0030,len:7168
load:0x40078000,len:15452
load:0x40080400,len:4
load:0x40080404,len:3684
entry 0x40080614
[0;32mI (30) boot: ESP-IDF v5.3-dirty 2nd stage bootloader[0m
[0;32mI (30) boot: compile time Aug 17 2024 00:42:55[0m
[0;33mW (30) boot: Unicore bootloader[0m
[0;32mI (34) boot: chip revision: v3.1[0m
[0;32mI (38) boot.esp32: SPI Speed      : 40MHz[0m
[0;32mI (43) boot.esp32: SPI Mode       : DIO[0m
[0;32mI (47) boot.esp32: SPI Flash Size : 4MB[0m
[0;32mI (52) boot: Enabling RNG early entropy source...[0m
[0;32mI (57) boot: Partition Table:[0m
[0;32mI (61) boot: ## Label            Usage          Type ST Offset   Length[0m
[0;32mI (68) boot:  0 nvs              WiFi data        01 02 00009000 00004000[0m
[0;32mI (75) boot:  1 otadata          OTA data         01 00 0000d000 00002000[0m
[0;32mI (83) boot:  2 phy_init         RF data          01 01 0000f000 00001000[0m
[0;32mI (90) boot:  3 ota_0            OTA app          00 10 00010000 001e0000[0m
[0;32mI (98) boot:  4 ota_1            OTA app          00 11 001f0000 001e0000[0m
[0;32mI (105) boot:  5 coredump         Unknown data     01 03 003d0000 00010000[0m
[0;32mI (113) boot:  6 reserved         Unknown data     01 fe 003e0000 00020000[0m
[0;32mI (120) boot: End of partition table[0m
[0;32mI (125) esp_image: segment 0: paddr=00010020 vaddr=3f400020 size=30d1ch (199964) map[0m
[0;32mI (202) esp_image: segment 1: paddr=00040d44 vaddr=3ffbdb60 size=0608ch ( 24716) load[0m
[0;32mI (211) esp_image: segment 2: paddr=00046dd8 vaddr=40080000 size=09240h ( 37440) load[0m
[0;32mI (226) esp_image: segment 3: paddr=00050020 vaddr=400d0020 size=cb170h (831856) map[0m
[0;32mI (511) esp_image: segment 4: paddr=0011b198 vaddr=40089240 size=14e44h ( 85572) load[0m
[0;32mI (560) boot: Loaded app from partition at offset 0x10000[0m
[0;32mI (560) boot: Disabling RNG early entropy source...[0m
[0;32mI (572) quad_psram: This chip is ESP32-D0WD[0m
[0;32mI (573) esp_psram: Found 8MB PSRAM device[0m
[0;32mI (573) esp_psram: Speed: 40MHz[0m
[0;32mI (576) esp_psram: PSRAM initialized, cache is in normal (1-core) mode.[0m
[0;33mW (584) esp_psram: Virtual address not enough for PSRAM, map as much as we can. 4MB is mapped[0m
[0;32mI (593) cpu_start: Unicore app[0m
[0;32mI (597) cpu_start: Single core mode[0m
[0;32mI (1526) esp_psram: SPI SRAM memory test OK[0m
[0;32mI (1534) cpu_start: Pro cpu start user code[0m
[0;32mI (1534) cpu_start: cpu freq: 240000000 Hz[0m
[0;32mI (1534) app_init: Application information:[0m
[0;32mI (1537) app_init: Project name:     mesh_local_control[0m
[0;32mI (1543) app_init: App version:      268911e-dirty[0m
[0;32mI (1549) app_init: Compile time:     Aug 17 2024 01:28:44[0m
[0;32mI (1555) app_init: ELF file SHA256:  9fdadcecb...[0m
[0;32mI (1560) app_init: ESP-IDF:          v5.3-dirty[0m
[0;32mI (1565) efuse_init: Min chip rev:     v0.0[0m
[0;32mI (1570) efuse_init: Max chip rev:     v3.99 [0m
[0;32mI (1575) efuse_init: Chip rev:         v3.1[0m
[0;32mI (1581) heap_init: Initializing. RAM available for dynamic allocation:[0m
[0;32mI (1588) heap_init: At 3FFAE6E0 len 0000F480 (61 KiB): DRAM[0m
[0;32mI (1594) heap_init: At 3FFC8A18 len 000175E8 (93 KiB): DRAM[0m
[0;32mI (1600) heap_init: At 3FFE0440 len 0001FBC0 (126 KiB): D/IRAM[0m
[0;32mI (1607) heap_init: At 40078000 len 00008000 (32 KiB): IRAM[0m
[0;32mI (1613) heap_init: At 4009E084 len 00001F7C (7 KiB): IRAM[0m
[0;32mI (1619) heap_init: At 3FF80000 len 00002000 (8 KiB): RTCRAM[0m
[0;32mI (1626) esp_psram: Adding pool of 4096K of PSRAM memory to heap allocator[0m
[0;32mI (1634) spi_flash: detected chip: generic[0m
[0;32mI (1638) spi_flash: flash io: dio[0m
[0;33mW (1642) i2c: This driver is an old driver, please migrate your application code to adapt `driver/i2c_master.h`[0m
[0;32mI (1653) coexist: coex firmware version: dab85ae96[0m
[0;32mI (1658) main_task: Started on CPU0[0m
[0;32mI (1661) esp_psram: Reserving pool of 32K of internal memory for DMA/internal allocations[0m
[0;32mI (1670) main_task: Calling app_main()[0m
[0;32mI (1691) bridge_common: esp-iot-bridge version: 0.11.8[0m
I (1694) wifi:wifi driver task: 3ffbd654, prio:23, stack:6656, core=0
I (1697) wifi:wifi firmware version: 0caa81945
I (1697) wifi:wifi certification version: v7.0
I (1701) wifi:config NVS flash: enabled
I (1705) wifi:config nano formating: disabled
I (1709) wifi:Init data frame dynamic rx buffer num: 32
I (1714) wifi:Init static rx mgmt buffer num: 5
I (1718) wifi:Init management short buffer num: 32
I (1723) wifi:Init static tx buffer num: 16
I (1727) wifi:Init tx cache buffer num: 32
I (1730) wifi:Init static rx buffer size: 1600
I (1735) wifi:Init static rx buffer num: 10
I (1738) wifi:Init dynamic rx buffer num: 32
[0;32mI (1743) wifi_init: accept mbox: 6[0m
[0;32mI (1746) wifi_init: tcpip mbox: 32[0m
[0;32mI (1750) wifi_init: udp mbox: 6[0m
[0;32mI (1754) wifi_init: tcp mbox: 6[0m
[0;32mI (1758) wifi_init: tcp tx win: 5760[0m
[0;32mI (1762) wifi_init: tcp rx win: 5760[0m
[0;32mI (1767) wifi_init: tcp mss: 1440[0m
[0;32mI (1771) wifi_init: WiFi IRAM OP enabled[0m
[0;32mI (1775) wifi_init: WiFi RX IRAM OP enabled[0m
[0;32mI (1781) phy_init: phy_version 4830,54550f7,Jun 20 2024,14:22:08[0m
I (1844) wifi:mode : null
I (1847) wifi:mode : softAP (08:a6:f7:11:51:a9)
I (1849) wifi:Total power save buffer number: 8
I (1849) wifi:Init max length of beacon: 752/752
I (1851) wifi:Init max length of beacon: 752/752
[0;32mI (1858) esp_netif_lwip: DHCP server started on interface WIFI_AP_DEF with IP: 192.168.4.1[0m
Add netif ap with 268911e(commit id)
[0;32mI (1868) bridge_common: netif list add success[0m
[0;32mI (1874) bridge_common: [WIFI_AP_DEF ][0m
[0;32mI (1878) bridge_common: Set ip info:192.168.5.1[0m
[0;32mI (1883) bridge_wifi: SoftAP IP network segment has changed, deauth all station[0m
I (1893) wifi:Disabled PMF config for SoftAP
I (1895) wifi:Total power save buffer number: 8
[0;32mI (1901) esp_netif_lwip: DHCP server started on interface WIFI_AP_DEF with IP: 192.168.5.1[0m
[0;32mI (1908) bridge_common: [WIFI_AP_DEF ]Name Server1: 114.114.114.114[0m
[0;32mI (1915) bridge_common: DHCPS Restart, deauth all station[0m
Add netif sta with 268911e(commit id)
[0;32mI (1924) bridge_common: netif list add success[0m
I (1930) wifi:mode : sta (08:a6:f7:11:51:a8) + softAP (08:a6:f7:11:51:a9)
I (1936) wifi:enable tsf
[0;31mE (1940) NVS: Failed to read IP info from NVS[0m
I (1943) wifi:Disabled PMF config for STA
[0;32mI (1947) bridge_wifi: [esp_bridge_wifi_set_config] sta ssid: Xiaomi13T password: password[0m
[0;32mI (1956) bridge_wifi: [esp_bridge_wifi_set_config] softap ssid: ESP_Bridge_1151a9 password: 12345678[0m
I (2139) wifi:Total power save buffer number: 8
[0;32mI (2143) esp_netif_lwip: DHCP server started on interface WIFI_AP_DEF with IP: 192.168.5.1[0m
[0;32mI (2145) bridge_wifi: SoftAP config changed, deauth all station[0m
[0;32mI (2149) Mesh-Lite: esp-mesh-lite component version: 1.0.0[0m
I (2155) ESPNOW: espnow [version: 1.0] init
[0;32mI (2158) [vendor_ie]: Mesh-Lite commit id: bc9302d
 [0m
[0;32mI (2165) [vendor_ie]: Mesh ID: 77 [0m
[0;32mI (2170) [ESP_Mesh_Lite_Comm]: msg action add success [0m
[0;32mI (2176) [ESP_Mesh_Lite_Comm]: Bind Socket 54, port 6364 [0m
[0;32mI (2181) [ESP_Mesh_Lite_Comm]: Bind Socket 55, port 6363 [0m
[0;32mI (2187) [ESP_Mesh_Lite_Comm]: Bind Socket 56, port 6366 [0m
[0;32mI (2193) [ESP_Mesh_Lite_Comm]: Bind Socket 57, port 6365 [0m
[0;32mI (2199) [mesh-lite-espnow]: Start espnow task [0m
[0;32mI (2205) Mesh-Lite: Mesh-Lite connecting[0m
[0;32mI (2211) [vendor_ie]: esp_mesh_lite_wifi_scan_start return ESP_OK [0m
[0;31mE (2219) rc522: Read/write test failed[0m
[0;32mI (2220) gpio: GPIO[15]| InputEn: 0| OutputEn: 0| OpenDrain: 0| Pullup: 1| Pulldown: 0| Intr:0 [0m
[0;32mI (2229) gpio: GPIO[25]| InputEn: 1| OutputEn: 0| OpenDrain: 0| Pullup: 1| Pulldown: 0| Intr:2 [0m
[0;32mI (2239) cam_hal: cam init ok[0m
[0;32mI (2243) sccb: pin_sda 26 pin_scl 27[0m
[0;32mI (2246) sccb: sccb_i2c_port=1[0m
[0;32mI (2251) gpio: GPIO[32]| InputEn: 0| OutputEn: 1| OpenDrain: 0| Pullup: 0| Pulldown: 0| Intr:0 [0m
[0;32mI (2289) camera: Detected camera at address=0x30[0m
[0;32mI (2292) camera: Detected OV2640 camera[0m
[0;32mI (2293) camera: Camera PID=0x26 VER=0x42 MIDL=0x7f MIDH=0xa2[0m
[0;32mI (2381) cam_hal: buffer_size: 32768, half_buffer_size: 4096, node_buffer_size: 2048, node_cnt: 16, total_cnt: 5[0m
[0;32mI (2382) cam_hal: Allocating 23680 Byte frame buffer in PSRAM[0m
[0;32mI (2389) cam_hal: cam config ok[0m
[0;32mI (2392) ov2640: Set PLL: clk_2x: 0, clk_div: 0, pclk_auto: 0, pclk_div: 8[0m
[0;33mW (2480) websocket_client: `network_timeout_ms` is not set, or it is less than or equal to zero, using default time out 10000 (milliseconds)[0m
[0;31mE (2483) FreeRTOS: FreeRTOS Task "task_handle_sen" should not return, Aborting now![0m

abort() was called at PC 0x40090013 on core 0


Backtrace: 0x40081971:0x3fff4750 0x4008f0b1:0x3fff4770 0x400976dd:0x3fff4790 0x40090013:0x3fff4800




ELF file SHA256: 9fdadcecb

Rebooting...
ets Jul 29 2019 12:21:46

rst:0xc (SW_CPU_RESET),boot:0x12 (SPI_FAST_FLASH_BOOT)
configsip: 0, SPIWP:0xee
clk_drv:0x00,q_drv:0x00,d_drv:0x00,cs0_drv:0x00,hd_drv:0x00,wp_drv:0x00
mode:DIO, clock div:2
load:0x3fff0030,len:7168
load:0x40078000,len:15452
load:0x40080400,len:4
load:0x40080404,len:3684
entry 0x40080614
[0;32mI (29) boot: ESP-IDF v5.3-dirty 2nd stage bootloader[0m
[0;32mI (29) boot: compile time Aug 17 2024 00:42:55[0m
[0;33mW (29) boot: Unicore bootloader[0m
[0;32mI (34) boot: chip revision: v3.1[0m
[0;32mI XFatal exception (29): StoreProhibited
epc1=0x4007aa67, epc2=0x00000000, epc3=0x00000000, excvaddr=0x00250064, depc=0x00000000
ets Jul 29 2019 12:21:46

rst:0x10 (RTCWDT_RTC_RESET),boot:0x13 (SPI_FAST_FLASH_BOOT)
configsip: 0, SPIWP:0xee
clk_drv:0x00,q_drv:0x00,d_drv:0x00,cs0_drv:0x00,hd_drv:0x00,wp_drv:0x00
mode:DIO, clock div:2
load:0x3fff0030,len:7168
load:0x40078000,len:15452
load:0x40080400,len:4
load:0x40080404,len:3684
entry 0x40080614
[0;32mI (30) boot: ESP-IDF v5.3-dirty 2nd stage bootloader[0m
[0;32mI (30) boot: compile time Aug 17 2024 00:42:55[0m
[0;33mW (30) boot: Unicore bootloader[0m
[0;32mI (34) boot: chip revision: v3.1[0m
[0;32mI (38) boot.esp32: SPI Speed      : 40MHz[0m
[0;32mI (43) boot.esp32: SPI Mode       : DIO[0m
[0;32mI (47) boot.esp32: SPI Flash Size : 4MB[0m
[0;32mI (52) boot: Enabling RNG early entropy source...[0m
[0;32mI (57) boot: Partition Table:[0m
[0;32mI (61) boot: ## Label            Usage          Type ST Offset   Length[0m
[0;32mI (68) boot:  0 nvs              WiFi data        01 02 00009000 00004000[0m
[0;32mI (75) boot:  1 otadata          OTA data         01 00 0000d000 00002000[0m
[0;32mI (83) boot:  2 phy_init         RF data          01 01 0000f000 00001000[0m
[0;32mI (90) boot:  3 ota_0            OTA app          00 10 00010000 001e0000[0m
[0;32mI (98) boot:  4 ota_1            OTA app          00 11 001f0000 001e0000[0m
[0;32mI (105) boot:  5 coredump         Unknown data     01 03 003d0000 00010000[0m
[0;32mI (113) boot:  6 reserved         Unknown data     01 fe 003e0000 00020000[0m
[0;32mI (120) boot: End of partition table[0m
[0;32mI (125) esp_image: segment 0: paddr=00010020 vaddr=3f400020 size=30d1ch (199964) map[0m
[0;32mI (202) esp_image: segment 1: paddr=00040d44 vaddr=3ffbdb60 size=0608ch ( 24716) load[0m
[0;32mI (211) esp_image: segment 2: paddr=00046dd8 vaddr=40080000 size=09240h ( 37440) load[0m
[0;32mI (226) esp_image: segment 3: paddr=00050020 vaddr=400d0020 size=cb170h (831856) map[0m
[0;32mI (511) esp_image: segment 4: paddr=0011b198 vaddr=40089240 size=14e44h ( 85572) load[0m
[0;32mI (560) boot: Loaded app from partition at offset 0x10000[0m
[0;32mI (560) boot: Disabling RNG early entropy source...[0m
[0;32mI (572) quad_psram: This chip is ESP32-D0WD[0m
[0;32mI (573) esp_psram: Found 8MB PSRAM device[0m
[0;32mI (573) esp_psram: Speed: 40MHz[0m
[0;32mI (576) esp_psram: PSRAM initialized, cache is in normal (1-core) mode.[0m
[0;33mW (584) esp_psram: Virtual address not enough for PSRAM, map as much as we can. 4MB is mapped[0m
[0;32mI (593) cpu_start: Unicore app[0m
[0;32mI (597) cpu_start: Single core mode[0m
[0;32mI (1526) esp_psram: SPI SRAM memory test OK[0m
[0;32mI (1534) cpu_start: Pro cpu start user code[0m
[0;32mI (1534) cpu_start: cpu freq: 240000000 Hz[0m
[0;32mI (1534) app_init: Application information:[0m
[0;32mI (1537) app_init: Project name:     mesh_local_control[0m
[0;32mI (1543) app_init: App version:      268911e-dirty[0m
[0;32mI (1549) app_init: Compile time:     Aug 17 2024 01:28:44[0m
[0;32mI (1555) app_init: ELF file SHA256:  9fdadcecb...[0m
[0;32mI (1560) app_init: ESP-IDF:          v5.3-dirty[0m
[0;32mI (1565) efuse_init: Min chip rev:     v0.0[0m
[0;32mI (1570) efuse_init: Max chip rev:     v3.99 [0m
[0;32mI (1575) efuse_init: Chip rev:         v3.1[0m
[0;32mI (1581) heap_init: Initializing. RAM available for dynamic allocation:[0m
[0;32mI (1588) heap_init: At 3FFAE6E0 len 0000F480 (61 KiB): DRAM[0m
[0;32mI (1594) heap_init: At 3FFC8A18 len 000175E8 (93 KiB): DRAM[0m
[0;32mI (1600) heap_init: At 3FFE0440 len 0001FBC0 (126 KiB): D/IRAM[0m
[0;32mI (1607) heap_init: At 40078000 len 00008000 (32 KiB): IRAM[0m
[0;32mI (1613) heap_init: At 4009E084 len 00001F7C (7 KiB): IRAM[0m
[0;32mI (1619) heap_init: At 3FF80000 len 00002000 (8 KiB): RTCRAM[0m
[0;32mI (1626) esp_psram: Adding pool of 4096K of PSRAM memory to heap allocator[0m
[0;32mI (1634) spi_flash: detected chip: generic[0m
[0;32mI (1638) spi_flash: flash io: dio[0m
[0;33mW (1642) i2c: This driver is an old driver, please migrate your application code to adapt `driver/i2c_master.h`[0m
[0;32mI (1653) coexist: coex firmware version: dab85ae96[0m
[0;32mI (1658) main_task: Started on CPU0[0m
[0;32mI (1661) esp_psram: Reserving pool of 32K of internal memory for DMA/internal allocations[0m
[0;32mI (1670) main_task: Calling app_main()[0m
[0;32mI (1691) bridge_common: esp-iot-bridge version: 0.11.8[0m
I (1694) wifi:wifi driver task: 3ffbd654, prio:23, stack:6656, core=0
I (1697) wifi:wifi firmware version: 0caa81945
I (1697) wifi:wifi certification version: v7.0
I (1701) wifi:config NVS flash: enabled
I (1705) wifi:config nano formating: disabled
I (1709) wifi:Init data frame dynamic rx buffer num: 32
I (1714) wifi:Init static rx mgmt buffer num: 5
I (1718) wifi:Init management short buffer num: 32
I (1723) wifi:Init static tx buffer num: 16
I (1727) wifi:Init tx cache buffer num: 32
I (1730) wifi:Init static rx buffer size: 1600
I (1735) wifi:Init static rx buffer num: 10
I (1738) wifi:Init dynamic rx buffer num: 32
[0;32mI (1743) wifi_init: accept mbox: 6[0m
[0;32mI (1746) wifi_init: tcpip mbox: 32[0m
[0;32mI (1750) wifi_init: udp mbox: 6[0m
[0;32mI (1754) wifi_init: tcp mbox: 6[0m
[0;32mI (1758) wifi_init: tcp tx win: 5760[0m
[0;32mI (1762) wifi_init: tcp rx win: 5760[0m
[0;32mI (1767) wifi_init: tcp mss: 1440[0m
[0;32mI (1771) wifi_init: WiFi IRAM OP enabled[0m
[0;32mI (1775) wifi_init: WiFi RX IRAM OP enabled[0m
[0;32mI (1781) phy_init: phy_version 4830,54550f7,Jun 20 2024,14:22:08[0m
I (1844) wifi:mode : null
I (1847) wifi:mode : softAP (08:a6:f7:11:51:a9)
I (1848) wifi:Total power save buffer number: 8
I (1849) wifi:Init max length of beacon: 752/752
I (1851) wifi:Init max length of beacon: 752/752
[0;32mI (1858) esp_netif_lwip: DHCP server started on interface WIFI_AP_DEF with IP: 192.168.4.1[0m
Add netif ap with 268911e(commit id)
[0;32mI (1867) bridge_common: netif list add success[0m
[0;32mI (1874) bridge_common: [WIFI_AP_DEF ][0m
[0;32mI (1878) bridge_common: Set ip info:192.168.5.1[0m
[0;32mI (1882) bridge_wifi: SoftAP IP network segment has changed, deauth all station[0m
I (1892) wifi:Disabled PMF config for SoftAP
I (1895) wifi:Total power save buffer number: 8
[0;32mI (1901) esp_netif_lwip: DHCP server started on interface WIFI_AP_DEF with IP: 192.168.5.1[0m
[0;32mI (1908) bridge_common: [WIFI_AP_DEF ]Name Server1: 114.114.114.114[0m
[0;32mI (1914) bridge_common: DHCPS Restart, deauth all station[0m
Add netif sta with 268911e(commit id)
[0;32mI (1924) bridge_common: netif list add success[0m
I (1929) wifi:mode : sta (08:a6:f7:11:51:a8) + softAP (08:a6:f7:11:51:a9)
I (1936) wifi:enable tsf
[0;31mE (1939) NVS: Failed to read IP info from NVS[0m
I (1943) wifi:Disabled PMF config for STA
[0;32mI (1946) bridge_wifi: [esp_bridge_wifi_set_config] sta ssid: Xiaomi13T password: password[0m
[0;32mI (1956) bridge_wifi: [esp_bridge_wifi_set_config] softap ssid: ESP_Bridge_1151a9 password: 12345678[0m
I (2139) wifi:Total power save buffer number: 8
[0;32mI (2143) esp_netif_lwip: DHCP server started on interface WIFI_AP_DEF with IP: 192.168.5.1[0m
[0;32mI (2144) bridge_wifi: SoftAP config changed, deauth all station[0m
[0;32mI (2148) Mesh-Lite: esp-mesh-lite component version: 1.0.0[0m
I (2155) ESPNOW: espnow [version: 1.0] init
[0;32mI (2158) [vendor_ie]: Mesh-Lite commit id: bc9302d
 [0m
[0;32mI (2165) [vendor_ie]: Mesh ID: 77 [0m
[0;32mI (2170) [ESP_Mesh_Lite_Comm]: msg action add success [0m
[0;32mI (2176) [ESP_Mesh_Lite_Comm]: Bind Socket 54, port 6364 [0m
[0;32mI (2180) [ESP_Mesh_Lite_Comm]: Bind Socket 55, port 6363 [0m
[0;32mI (2186) [ESP_Mesh_Lite_Comm]: Bind Socket 56, port 6366 [0m
[0;32mI (2192) [ESP_Mesh_Lite_Comm]: Bind Socket 57, port 6365 [0m
[0;32mI (2199) [mesh-lite-espnow]: Start espnow task [0m
[0;32mI (2205) Mesh-Lite: Mesh-Lite connecting[0m
[0;32mI (2211) [vendor_ie]: esp_mesh_lite_wifi_scan_start return ESP_OK [0m
[0;31mE (2217) rc522: Read/write test failed[0m
[0;32mI (2219) gpio: GPIO[15]| InputEn: 0| OutputEn: 0| OpenDrain: 0| Pullup: 1| Pulldown: 0| Intr:0 [0m
[0;32mI (2229) gpio: GPIO[25]| InputEn: 1| OutputEn: 0| OpenDrain: 0| Pullup: 1| Pulldown: 0| Intr:2 [0m
[0;32mI (2238) cam_hal: cam init ok[0m
[0;32mI (2242) sccb: pin_sda 26 pin_scl 27[0m
[0;32mI (2246) sccb: sccb_i2c_port=1[0m
[0;32mI (2250) gpio: GPIO[32]| InputEn: 0| OutputEn: 1| OpenDrain: 0| Pullup: 0| Pulldown: 0| Intr:0 [0m
[0;32mI (2289) camera: Detected camera at address=0x30[0m
[0;32mI (2292) camera: Detected OV2640 camera[0m
[0;32mI (2292) camera: Camera PID=0x26 VER=0x42 MIDL=0x7f MIDH=0xa2[0m
[0;32mI (2380) cam_hal: buffer_size: 32768, half_buffer_size: 4096, node_buffer_size: 2048, node_cnt: 16, total_cnt: 5[0m
[0;32mI (2381) cam_hal: Allocating 23680 Byte frame buffer in PSRAM[0m
[0;32mI (2388) cam_hal: cam config ok[0m
[0;32mI (2391) ov2640: Set PLL: clk_2x: 0, clk_div: 0, pclk_auto: 0, pclk_div: 8[0m
[0;33mW (2479) websocket_client: `network_timeout_ms` is not set, or it is less than or equal to zero, using default time out 10000 (milliseconds)[0m
[0;31mE (2481) FreeRTOS: FreeRTOS Task "task_handle_sen" should not return, Aborting now![0m

abort() was called at PC 0x40090013 on core 0


Backtrace: 0x40081971:0x3fff4600 0x4008f0b1:0x3fff4620 0x400976dd:0x3fff4640 0x40090013:0x3fff46b0




ELF file SHA256: 9fdadcecb

Rebooting...
ets Jul 29 2019 12:21:46

rst:0xc (SW_CPU_RESET),boot:0x13 (SPI_FAST_FLASH_BOOT)
configsip: 0, SPIWP:0xee
clk_drv:0x00,q_drv:0x00,d_drv:0x00,cs0_drv:0x00,hd_drv:0x00,wp_drv:0x00
mode:DIO, clock div:2
load:0x3fff0030,len:7168
load:0x40078000,len:15452
load:0x40080400,len:4
load:0x40080404,len:3684
entry 0x40080614
[0;32mI (29) boot: ESP-IDF v5.3-dirty 2nd stage bootloader[0m
[0;32mI (29) boot: compile time Aug 17 2024 00:42:55[0m
[0;3[0;32mI (30) booï¿½ï¿½ï¿½ï¿½ï¿½ï¿½ï¿½ï¿½Zï¿½ï¿½ï¿½ï¿½ets Jul 29 2019 12:21:46

rst:0x3 (SW_RESET),boot:0x13 (SPI_FAST_FLASH_BOOT)
configsip: 0, SPIWP:0xee
clk_drv:0x00,q_drv:0x00,d_drv:0x00,cs0_drv:0x00,hd_drv:0x00,wp_drv:0x00
mode:DIO, clock div:2
load:0x3fff0030,len:7168
load:0x40078000,len:15452
load:0x40080400,len:4
load:0x40080404,len:3684
entry 0x40080614
[0;32mI (56) boot: ESP-IDF v5.3-dirty 2nd stage bootloader[0m
[0;32mI (57) boot: compile time Aug 17 2024 00:42:55[0m
[0;33mW (57) boot: Unicore bootloader[0m
[0;32mI (62) boot: chip revision: v3.1[0m
[0;32mI (66) boot.esp32: SPI Speed      : 40MHz[0m
[0;32mI (70) boot.esp32: SPI Mode       : DIO[0m
[0;32mI (75) boot.esp32: SPI Flash Size : 4MB[0m
[0;32mI (79) boot: Enabling RNG early entropy source...[0m
[0;32mI (85) boot: Partition Table:[0m
[0;32mI (88) boot: ## Label            Usage          Type ST Offset   Length[0m
[0;32mI (96) boot:  0 nvs              WiFi data        01 02 00009000 00004000[0m
[0;32mI (103) boot:  1 otadata          OTA data         01 00 0000d000 00002000[0m
[0;32mI (111) boot:  2 phy_init         RF data          01 01 0000f000 00001000[0m
[0;32mI (118) boot:  3 ota_0            OTA app          00 10 00010000 001e0000[0m
[0;32mI (126) boot:  4 ota_1            OTA app          00 11 001f0000 001e0000[0m
[0;32mI (133) boot:  5 coredump         Unknown data     01 03 003d0000 00010000[0m
[0;32mI (141) boot:  6 reserved         Unknown data     01 fe 003e0000 00020000[0m
[0;32mI (148) boot: End of partition table[0m
[0;32mI (153) esp_image: segment 0: paddr=00010020 vaddr=3f400020 size=30d1ch (199964) map[0m
[0;32mI (230) esp_image: segment 1: paddr=00040d44 vaddr=3ffbdb60 size=0608ch ( 24716) load[0m
[0;32mI (239) esp_image: segment 2: paddr=00046dd8 vaddr=40080000 size=09240h ( 37440) load[0m
[0;32mI (254) esp_image: segment 3: paddr=00050020 vaddr=400d0020 size=cb170h (831856) map[0m
[0;32mI (539) esp_image: segment 4: paddr=0011b198 vaddr=40089240 size=14e44h ( 85572) load[0m
[0;32mI (588) boot: Loaded app from partition at offset 0x10000[0m
[0;32mI (588) boot: Disabling RNG early entropy source...[0m
[0;32mI (600) quad_psram: This chip is ESP32-D0WD[0m
[0;32mI (601) esp_psram: Found 8MB PSRAM device[0m
[0;32mI (601) esp_psram: Speed: 40MHz[0m
[0;32mI (604) esp_psram: PSRAM initialized, cache is in normal (1-core) mode.[0m
[0;33mW (612) esp_psram: Virtual address not enough for PSRAM, map as much as we can. 4MB is mapped[0m
[0;32mI (621) cpu_start: Unicore app[0m
[0;32mI (625) cpu_start: Single core mode[0m
[0;32mI (1554) esp_psram: SPI SRAM memory test OK[0m
[0;32mI (1562) cpu_start: Pro cpu start user code[0m
[0;32mI (1562) cpu_start: cpu freq: 240000000 Hz[0m
[0;32mI (1562) app_init: Application information:[0m
[0;32mI (1565) app_init: Project name:     mesh_local_control[0m
[0;32mI (1571) app_init: App version:      268911e-dirty[0m
[0;32mI (1577) app_init: Compile time:     Aug 17 2024 01:28:44[0m
[0;32mI (1583) app_init: ELF file SHA256:  9fdadcecb...[0m
[0;32mI (1588) app_init: ESP-IDF:          v5.3-dirty[0m
[0;32mI (1593) efuse_init: Min chip rev:     v0.0[0m
[0;32mI (1598) efuse_init: Max chip rev:     v3.99 [0m
[0;32mI (1603) efuse_init: Chip rev:         v3.1[0m
[0;32mI (1609) heap_init: Initializing. RAM available for dynamic allocation:[0m
[0;32mI (1616) heap_init: At 3FFAE6E0 len 0000F480 (61 KiB): DRAM[0m
[0;32mI (1622) heap_init: At 3FFC8A18 len 000175E8 (93 KiB): DRAM[0m
[0;32mI (1628) heap_init: At 3FFE0440 len 0001FBC0 (126 KiB): D/IRAM[0m
[0;32mI (1635) heap_init: At 40078000 len 00008000 (32 KiB): IRAM[0m
[0;32mI (1641) heap_init: At 4009E084 len 00001F7C (7 KiB): IRAM[0m
[0;32mI (1647) heap_init: At 3FF80000 len 00002000 (8 KiB): RTCRAM[0m
[0;32mI (1654) esp_psram: Adding pool of 4096K of PSRAM memory to heap allocator[0m
[0;32mI (1662) spi_flash: detected chip: generic[0m
[0;32mI (1666) spi_flash: flash io: dio[0m
[0;33mW (1670) i2c: This driver is an old driver, please migrate your application code to adapt `driver/i2c_master.h`[0m
[0;32mI (1681) coexist: coex firmware version: dab85ae96[0m
[0;32mI (1686) main_task: Started on CPU0[0m
[0;32mI (1689) esp_psram: Reserving pool of 32K of internal memory for DMA/internal allocations[0m
[0;32mI (1698) main_task: Calling app_main()[0m
[0;32mI (1719) bridge_common: esp-iot-bridge version: 0.11.8[0m
I (1722) wifi:wifi driver task: 3ffbd654, prio:23, stack:6656, core=0
I (1725) wifi:wifi firmware version: 0caa81945
I (1725) wifi:wifi certification version: v7.0
I (1729) wifi:config NVS flash: enabled
I (1733) wifi:config nano formating: disabled
I (1737) wifi:Init data frame dynamic rx buffer num: 32
I (1742) wifi:Init static rx mgmt buffer num: 5
I (1746) wifi:Init management short buffer num: 32
I (1751) wifi:Init static tx buffer num: 16
I (1755) wifi:Init tx cache buffer num: 32
I (1758) wifi:Init static rx buffer size: 1600
I (1763) wifi:Init static rx buffer num: 10
I (1766) wifi:Init dynamic rx buffer num: 32
[0;32mI (1771) wifi_init: accept mbox: 6[0m
[0;32mI (1774) wifi_init: tcpip mbox: 32[0m
[0;32mI (1778) wifi_init: udp mbox: 6[0m
[0;32mI (1782) wifi_init: tcp mbox: 6[0m
[0;32mI (1786) wifi_init: tcp tx win: 5760[0m
[0;32mI (1790) wifi_init: tcp rx win: 5760[0m
[0;32mI (1795) wifi_init: tcp mss: 1440[0m
[0;32mI (1799) wifi_init: WiFi IRAM OP enabled[0m
[0;32mI (1803) wifi_init: WiFi RX IRAM OP enabled[0m
[0;32mI (1809) phy_init: phy_version 4830,54550f7,Jun 20 2024,14:22:08[0m
I (1872) wifi:mode : null
I (1875) wifi:mode : softAP (08:a6:f7:11:51:a9)
I (1876) wifi:Total power save buffer number: 8
I (1877) wifi:Init max length of beacon: 752/752
I (1879) wifi:Init max length of beacon: 752/752
[0;32mI (1886) esp_netif_lwip: DHCP server started on interface WIFI_AP_DEF with IP: 192.168.4.1[0m
Add netif ap with 268911e(commit id)
[0;32mI (1895) bridge_common: netif list add success[0m
[0;32mI (1902) bridge_common: [WIFI_AP_DEF ][0m
[0;32mI (1906) bridge_common: Set ip info:192.168.5.1[0m
[0;32mI (1910) bridge_wifi: SoftAP IP network segment has changed, deauth all station[0m
I (1920) wifi:Disabled PMF config for SoftAP
I (1923) wifi:Total power save buffer number: 8
[0;32mI (1929) esp_netif_lwip: DHCP server started on interface WIFI_AP_DEF with IP: 192.168.5.1[0m
[0;32mI (1936) bridge_common: [WIFI_AP_DEF ]Name Server1: 114.114.114.114[0m
[0;32mI (1942) bridge_common: DHCPS Restart, deauth all station[0m
Add netif sta with 268911e(commit id)
[0;32mI (1952) bridge_common: netif list add success[0m
I (1957) wifi:mode : sta (08:a6:f7:11:51:a8) + softAP (08:a6:f7:11:51:a9)
I (1964) wifi:enable tsf
[0;31mE (1967) NVS: Failed to read IP info from NVS[0m
I (1971) wifi:Disabled PMF config for STA
[0;32mI (1974) bridge_wifi: [esp_bridge_wifi_set_config] sta ssid: Xiaomi13T password: password[0m
[0;32mI (1984) bridge_wifi: [esp_bridge_wifi_set_config] softap ssid: ESP_Bridge_1151a9 password: 12345678[0m
I (2167) wifi:Total power save buffer number: 8
[0;32mI (2171) esp_netif_lwip: DHCP server started on interface WIFI_AP_DEF with IP: 192.168.5.1[0m
[0;32mI (2172) bridge_wifi: SoftAP config changed, deauth all station[0m
[0;32mI (2176) Mesh-Lite: esp-mesh-lite component version: 1.0.0[0m
I (2183) ESPNOW: espnow [version: 1.0] init
[0;32mI (2186) [vendor_ie]: Mesh-Lite commit id: bc9302d
 [0m
[0;32mI (2193) [vendor_ie]: Mesh ID: 77 [0m
[0;32mI (2198) [ESP_Mesh_Lite_Comm]: msg action add success [0m
[0;32mI (2204) [ESP_Mesh_Lite_Comm]: Bind Socket 54, port 6364 [0m
[0;32mI (2208) [ESP_Mesh_Lite_Comm]: Bind Socket 55, port 6363 [0m
[0;32mI (2214) [ESP_Mesh_Lite_Comm]: Bind Socket 56, port 6366 [0m
[0;32mI (2220) [ESP_Mesh_Lite_Comm]: Bind Socket 57, port 6365 [0m
[0;32mI (2227) [mesh-lite-espnow]: Start espnow task [0m
[0;32mI (2233) Mesh-Lite: Mesh-Lite connecting[0m
[0;32mI (2239) [vendor_ie]: esp_mesh_lite_wifi_scan_start return ESP_OK [0m
[0;31mE (2246) rc522: Read/write test failed[0m
[0;32mI (2247) gpio: GPIO[15]| InputEn: 0| OutputEn: 0| OpenDrain: 0| Pullup: 1| Pulldown: 0| Intr:0 [0m
[0;32mI (2257) gpio: GPIO[25]| InputEn: 1| OutputEn: 0| OpenDrain: 0| Pullup: 1| Pulldown: 0| Intr:2 [0m
[0;32mI (2267) cam_hal: cam init ok[0m
[0;32mI (2270) sccb: pin_sda 26 pin_scl 27[0m
[0;32mI (2274) sccb: sccb_i2c_port=1[0m
[0;32mI (2278) gpio: GPIO[32]| InputEn: 0| OutputEn: 1| OpenDrain: 0| Pullup: 0| Pulldown: 0| Intr:0 [0m
[0;32mI (2317) camera: Detected camera at address=0x30[0m
[0;32mI (2320) camera: Detected OV2640 camera[0m
[0;32mI (2321) camera: Camera PID=0x26 VER=0x42 MIDL=0x7f MIDH=0xa2[0m
[0;32mI (2408) cam_hal: buffer_size: 32768, half_buffer_size: 4096, node_buffer_size: 2048, node_cnt: 16, total_cnt: 5[0m
[0;32mI (2409) cam_hal: Allocating 23680 Byte frame buffer in PSRAM[0m
[0;32mI (2415) cam_hal: cam config ok[0m
[0;32mI (2419) ov2640: Set PLL: clk_2x: 0, clk_div: 0, pclk_auto: 0, pclk_div: 8[0m
[0;33mW (2507) websocket_client: `network_timeout_ms` is not set, or it is less than or equal to zero, using default time out 10000 (milliseconds)[0m
[0;31mE (2509) FreeRTOS: FreeRTOS Task "task_handle_sen" should not return, Aborting now![0m

abort() was called at PC 0x40090013 on core 0


Backtrace: 0x40081971:0x3fff4750 0x4008f0b1:0x3fff4770 0x400976dd:0x3fff4790 0x40090013:0x3fff4800




ELF file SHA256: 9fdadcecb

Rebooting...
ets Jul 29 2019 12:21:46

rst:0xc (SW_CPU_RESET),boot:0x13 (SPI_FAST_FLASH_BOOT)
configsip: 0, SPIWP:0xee
clk_drv:0x00,q_drv:0x00,d_drv:0x00,cs0_drv:0x00,hd_drv:0x00,wp_drv:0x00
mode:DIO, clock div:2
load:0x3fff0030,len:7168
load:0x40078000,len:15452
load:0x40080400,len:4
load:0x40080404,len:3684
entry 0x40080614
[0;32mI (29) boot: ESP-IDF v5.3-dirty 2nd stage bootloader[0m
[0;32mI (29) boot: compile time Aug 17 2024 00:42:55[0m
[0;33mW (29) boot: Unicore bootloader[0m
[0;32mI (34) boot: chip revision: v3.1[0m
[0;32mIFatal exception (29): StoreProhibited
epc1=0x4007aa67, epc2=0x00000000, epc3=0x00000000, excvaddr=0x00d00064, depc=0x00000000
