ets Jul 29 2019 12:21:46

rst:0x1 (POWERON_RESET),boot:0x13 (SPI_FAST_FLASH_BOOT)
configsip: 0, SPIWP:0xee
clk_drv:0x00,q_drv:0x00,d_drv:0x00,cs0_drv:0x00,hd_drv:0x00,wp_drv:0x00
mode:DIO, clock div:2
load:0x3fff0030,len:7168
load:0x40078000,len:15452
load:0x40080400,len:4
load:0x40080404,len:3684
entry 0x40080614
[0;32mI (29) boot: ESP-IDF v5.3-dirty 2nd stage bootloader[0m
[0;32mI (29) boot: compile time Aug 24 2024 21:45:09[0m
[0;33mW (30) boot: Unicore bootloader[0m
[0;32mI (34) boot: chip revision: v3.1[0m
[0;32mI (38) boot.esp32: SPI Speed      : 40MHz[0m
[0;32mI (42) boot.esp32: SPI Mode       : DIO[0m
[0;32mI (47) boot.esp32: SPI Flash Size : 4MB[0m
[0;32mI (51) boot: Enabling RNG early entropy source...[0m
[0;32mI (57) boot: Partition Table:[0m
[0;32mI (60) boot: ## Label            Usage          Type ST Offset   Length[0m
[0;32mI (68) boot:  0 nvs              WiFi data        01 02 00009000 00004000[0m
[0;32mI (75) boot:  1 otadata          OTA data         01 00 0000d000 00002000[0m
[0;32mI (82) boot:  2 phy_init         RF data          01 01 0000f000 00001000[0m
[0;32mI (90) boot:  3 ota_0            OTA app          00 10 00010000 001e0000[0m
[0;32mI (97) boot:  4 ota_1            OTA app          00 11 001f0000 001e0000[0m
[0;32mI (105) boot:  5 coredump         Unknown data     01 03 003d0000 00010000[0m
[0;32mI (112) boot:  6 reserved         Unknown data     01 fe 003e0000 00020000[0m
[0;32mI (120) boot: End of partition table[0m
[0;32mI (124) boot: No factory image, trying OTA 0[0m
[0;32mI (129) esp_image: segment 0: paddr=00010020 vaddr=3f400020 size=2be9ch (179868) map[0m
[0;32mI (199) esp_image: segment 1: paddr=0003bec4 vaddr=3ffbdb60 size=04154h ( 16724) load[0m
[0;32mI (206) esp_image: segment 2: paddr=00040020 vaddr=400d0020 size=baad0h (764624) map[0m
[0;32mI (468) esp_image: segment 3: paddr=000faaf8 vaddr=3ffc1cb4 size=00fe8h (  4072) load[0m
[0;32mI (470) esp_image: segment 4: paddr=000fbae8 vaddr=40080000 size=1cc6ch (117868) load[0m
[0;32mI (534) boot: Loaded app from partition at offset 0x10000[0m
[0;32mI (536) boot: Set actual ota_seq=1 in otadata[0][0m
[0;32mI (536) boot: Disabling RNG early entropy source...[0m
[0;32mI (552) quad_psram: This chip is ESP32-D0WD[0m
[0;32mI (552) esp_psram: Found 8MB PSRAM device[0m
[0;32mI (552) esp_psram: Speed: 40MHz[0m
[0;32mI (556) esp_psram: PSRAM initialized, cache is in normal (1-core) mode.[0m
[0;33mW (563) esp_psram: Virtual address not enough for PSRAM, map as much as we can. 4MB is mapped[0m
[0;32mI (572) cpu_start: Unicore app[0m
[0;32mI (576) cpu_start: Single core mode[0m
[0;32mI (1506) esp_psram: SPI SRAM memory test OK[0m
[0;32mI (1514) cpu_start: Pro cpu start user code[0m
[0;32mI (1514) cpu_start: cpu freq: 240000000 Hz[0m
[0;32mI (1514) app_init: Application information:[0m
[0;32mI (1517) app_init: Project name:     mesh_local_control[0m
[0;32mI (1523) app_init: App version:      f4bea835-dirty[0m
[0;32mI (1528) app_init: Compile time:     Aug 24 2024 21:50:12[0m
[0;32mI (1534) app_init: ELF file SHA256:  ec73a8d70...[0m
[0;32mI (1540) app_init: ESP-IDF:          v5.3-dirty[0m
[0;32mI (1545) efuse_init: Min chip rev:     v0.0[0m
[0;32mI (1550) efuse_init: Max chip rev:     v3.99 [0m
[0;32mI (1555) efuse_init: Chip rev:         v3.1[0m
[0;32mI (1560) heap_init: Initializing. RAM available for dynamic allocation:[0m
[0;32mI (1567) heap_init: At 3FFAE6E0 len 0000F480 (61 KiB): DRAM[0m
[0;32mI (1573) heap_init: At 3FFC7B08 len 000184F8 (97 KiB): DRAM[0m
[0;32mI (1580) heap_init: At 3FFE0440 len 0001FBC0 (126 KiB): D/IRAM[0m
[0;32mI (1586) heap_init: At 40078000 len 00008000 (32 KiB): IRAM[0m
[0;32mI (1592) heap_init: At 4009CC6C len 00003394 (12 KiB): IRAM[0m
[0;32mI (1599) heap_init: At 3FF80000 len 00002000 (8 KiB): RTCRAM[0m
[0;32mI (1605) esp_psram: Adding pool of 4096K of PSRAM memory to heap allocator[0m
[0;32mI (1614) spi_flash: detected chip: generic[0m
[0;32mI (1617) spi_flash: flash io: dio[0m
[0;33mW (1621) i2c: This driver is an old driver, please migrate your application code to adapt `driver/i2c_master.h`[0m
[0;32mI (1644) coexist: coex firmware version: dab85ae96[0m
[0;32mI (1645) main_task: Started on CPU0[0m
[0;32mI (1645) esp_psram: Reserving pool of 32K of internal memory for DMA/internal allocations[0m
[0;32mI (1653) main_task: Calling app_main()[0m
[0;32mI (1672) bridge_common: esp-iot-bridge version: 0.11.8[0m
I (1675) wifi:wifi driver task: 3ffbd604, prio:23, stack:6656, core=0
I (1678) wifi:wifi firmware version: 0caa81945
I (1679) wifi:wifi certification version: v7.0
I (1682) wifi:config NVS flash: enabled
I (1685) wifi:config nano formating: disabled
I (1689) wifi:Init data frame dynamic rx buffer num: 32
I (1694) wifi:Init static rx mgmt buffer num: 5
I (1698) wifi:Init management short buffer num: 32
I (1703) wifi:Init static tx buffer num: 16
I (1707) wifi:Init tx cache buffer num: 32
I (1711) wifi:Init static rx buffer size: 1600
I (1715) wifi:Init static rx buffer num: 10
I (1719) wifi:Init dynamic rx buffer num: 32
[0;32mI (1724) wifi_init: accept mbox: 6[0m
[0;32mI (1727) wifi_init: tcpip mbox: 32[0m
[0;32mI (1731) wifi_init: udp mbox: 6[0m
[0;32mI (1734) wifi_init: tcp mbox: 6[0m
[0;32mI (1738) wifi_init: tcp tx win: 5760[0m
[0;32mI (1742) wifi_init: tcp rx win: 5760[0m
[0;32mI (1747) wifi_init: tcp mss: 1440[0m
[0;32mI (1751) wifi_init: WiFi IRAM OP enabled[0m
[0;32mI (1755) wifi_init: WiFi RX IRAM OP enabled[0m
[0;32mI (1761) phy_init: phy_version 4830,54550f7,Jun 20 2024,14:22:08[0m
[0;33mW (1767) phy_init: failed to load RF calibration data (0x1102), falling back to full calibration[0m
ï¿½ets Jul 29 2019 12:21:46

rst:0x3 (SW_RESET),boot:0x13 (SPI_FAST_FLASH_BOOT)
configsip: 0, SPIWP:0xee
clk_drv:0x00,q_drv:0x00,d_drv:0x00,cs0_drv:0x00,hd_drv:0x00,wp_drv:0x00
mode:DIO, clock div:2
load:0x3fff0030,len:7168
load:0x40078000,len:15452
load:0x40080400,len:4
load:0x40080404,len:3684
entry 0x40080614
[0;32mI (169) boot: ESP-IDF v5.3-dirty 2nd stage bootloader[0m
[0;32mI (169) boot: compile time Aug 24 2024 21:45:09[0m
[0;33mW (169) boot: Unicore bootloader[0m
[0;32mI (174) boot: chip revision: v3.1[0m
[0;32mI (178) boot.esp32: SPI Speed      : 40MHz[0m
[0;32mI (183) boot.esp32: SPI Mode       : DIO[0m
[0;32mI (187) boot.esp32: SPI Flash Size : 4MB[0m
[0;32mI (192) boot: Enabling RNG early entropy source...[0m
[0;32mI (197) boot: Partition Table:[0m
[0;32mI (201) boot: ## Label            Usage          Type ST Offset   Length[0m
[0;32mI (208) boot:  0 nvs              WiFi data        01 02 00009000 00004000[0m
[0;32mI (216) boot:  1 otadata          OTA data         01 00 0000d000 00002000[0m
[0;32mI (224) boot:  2 phy_init         RF data          01 01 0000f000 00001000[0m
[0;32mI (231) boot:  3 ota_0            OTA app          00 10 00010000 001e0000[0m
[0;32mI (239) boot:  4 ota_1            OTA app          00 11 001f0000 001e0000[0m
[0;32mI (246) boot:  5 coredump         Unknown data     01 03 003d0000 00010000[0m
[0;32mI (254) boot:  6 reserved         Unknown data     01 fe 003e0000 00020000[0m
[0;32mI (261) boot: End of partition table[0m
[0;32mI (266) esp_image: segment 0: paddr=00010020 vaddr=3f400020 size=2be9ch (179868) map[0m
[0;32mI (336) esp_image: segment 1: paddr=0003bec4 vaddr=3ffbdb60 size=04154h ( 16724) load[0m
[0;32mI (342) esp_image: segment 2: paddr=00040020 vaddr=400d0020 size=baad0h (764624) map[0m
[0;32mI (604) esp_image: segment 3: paddr=000faaf8 vaddr=3ffc1cb4 size=00fe8h (  4072) load[0m
[0;32mI (606) esp_image: segment 4: paddr=000fbae8 vaddr=40080000 size=1cc6ch (117868) load[0m
[0;32mI (671) boot: Loaded app from partition at offset 0x10000[0m
[0;32mI (671) boot: Disabling RNG early entropy source...[0m
[0;32mI (683) quad_psram: This chip is ESP32-D0WD[0m
[0;32mI (683) esp_psram: Found 8MB PSRAM device[0m
[0;32mI (683) esp_psram: Speed: 40MHz[0m
[0;32mI (687) esp_psram: PSRAM initialized, cache is in normal (1-core) mode.[0m
[0;33mW (694) esp_psram: Virtual address not enough for PSRAM, map as much as we can. 4MB is mapped[0m
[0;32mI (703) cpu_start: Unicore app[0m
[0;32mI (707) cpu_start: Single core mode[0m
[0;32mI (1637) esp_psram: SPI SRAM memory test OK[0m
[0;32mI (1645) cpu_start: Pro cpu start user code[0m
[0;32mI (1645) cpu_start: cpu freq: 240000000 Hz[0m
[0;32mI (1645) app_init: Application information:[0m
[0;32mI (1648) app_init: Project name:     mesh_local_control[0m
[0;32mI (1654) app_init: App version:      f4bea835-dirty[0m
[0;32mI (1659) app_init: Compile time:     Aug 24 2024 21:50:12[0m
[0;32mI (1666) app_init: ELF file SHA256:  ec73a8d70...[0m
[0;32mI (1671) app_init: ESP-IDF:          v5.3-dirty[0m
[0;32mI (1676) efuse_init: Min chip rev:     v0.0[0m
[0;32mI (1681) efuse_init: Max chip rev:     v3.99 [0m
[0;32mI (1686) efuse_init: Chip rev:         v3.1[0m
[0;32mI (1691) heap_init: Initializing. RAM available for dynamic allocation:[0m
[0;32mI (1698) heap_init: At 3FFAE6E0 len 0000F480 (61 KiB): DRAM[0m
[0;32mI (1704) heap_init: At 3FFC7B08 len 000184F8 (97 KiB): DRAM[0m
[0;32mI (1711) heap_init: At 3FFE0440 len 0001FBC0 (126 KiB): D/IRAM[0m
[0;32mI (1717) heap_init: At 40078000 len 00008000 (32 KiB): IRAM[0m
[0;32mI (1723) heap_init: At 4009CC6C len 00003394 (12 KiB): IRAM[0m
[0;32mI (1730) heap_init: At 3FF80000 len 00002000 (8 KiB): RTCRAM[0m
[0;32mI (1737) esp_psram: Adding pool of 4096K of PSRAM memory to heap allocator[0m
[0;32mI (1745) spi_flash: detected chip: generic[0m
[0;32mI (1748) spi_flash: flash io: dio[0m
[0;33mW (1753) i2c: This driver is an old driver, please migrate your application code to adapt `driver/i2c_master.h`[0m
[0;32mI (1775) coexist: coex firmware version: dab85ae96[0m
[0;32mI (1776) main_task: Started on CPU0[0m
[0;32mI (1776) esp_psram: Reserving pool of 32K of internal memory for DMA/internal allocations[0m
[0;32mI (1784) main_task: Calling app_main()[0m
[0;32mI (1803) bridge_common: esp-iot-bridge version: 0.11.8[0m
I (1805) wifi:wifi driver task: 3ffbd618, prio:23, stack:6656, core=0
I (1808) wifi:wifi firmware version: 0caa81945
I (1809) wifi:wifi certification version: v7.0
I (1813) wifi:config NVS flash: enabled
I (1816) wifi:config nano formating: disabled
I (1820) wifi:Init data frame dynamic rx buffer num: 32
I (1825) wifi:Init static rx mgmt buffer num: 5
I (1829) wifi:Init management short buffer num: 32
I (1834) wifi:Init static tx buffer num: 16
I (1838) wifi:Init tx cache buffer num: 32
I (1842) wifi:Init static rx buffer size: 1600
I (1846) wifi:Init static rx buffer num: 10
I (1850) wifi:Init dynamic rx buffer num: 32
[0;32mI (1855) wifi_init: accept mbox: 6[0m
[0;32mI (1858) wifi_init: tcpip mbox: 32[0m
[0;32mI (1862) wifi_init: udp mbox: 6[0m
[0;32mI (1865) wifi_init: tcp mbox: 6[0m
[0;32mI (1869) wifi_init: tcp tx win: 5760[0m
[0;32mI (1873) wifi_init: tcp rx win: 5760[0m
[0;32mI (1878) wifi_init: tcp mss: 1440[0m
[0;32mI (1882) wifi_init: WiFi IRAM OP enabled[0m
[0;32mI (1886) wifi_init: WiFi RX IRAM OP enabled[0m
[0;32mI (1892) phy_init: phy_version 4830,54550f7,Jun 20 2024,14:22:08[0m
[0;33mW (1898) phy_init: failed to load RF calibration data (0x1102), falling back to full calibration[0m
ï¿½ets Jul 29 2019 12:21:46

rst:0x3 (SW_RESET),boot:0x13 (SPI_FAST_FLASH_BOOT)
configsip: 0, SPIWP:0xee
clk_drv:0x00,q_drv:0x00,d_drv:0x00,cs0_drv:0x00,hd_drv:0x00,wp_drv:0x00
mode:DIO, clock div:2
load:0x3fff0030,len:7168
load:0x40078000,len:15452
load:0x40080400,len:4
load:0x40080404,len:3684
entry 0x40080614
[0;32mI (169) boot: ESP-IDF v5.3-dirty 2nd stage bootloader[0m
[0;32mI (169) boot: compile time Aug 24 2024 21:45:09[0m
[0;33mW (169) boot: Unicore bootloader[0m
[0;32mI (174) boot: chip revision: v3.1[0m
[0;32mI (178) boot.esp32: SPI Speed      : 40MHz[0m
[0;32mI (183) boot.esp32: SPI Mode       : DIO[0m
[0;32mI (187) boot.esp32: SPI Flash Size : 4MB[0m
[0;32mI (192) boot: Enabling RNG early entropy source...[0m
[0;32mI (197) boot: Partition Table:[0m
[0;32mI (201) boot: ## Label            Usage          Type ST Offset   Length[0m
[0;32mI (208) boot:  0 nvs              WiFi data        01 02 00009000 00004000[0m
[0;32mI (216) boot:  1 otadata          OTA data         01 00 0000d000 00002000[0m
[0;32mI (224) boot:  2 phy_init         RF data          01 01 0000f000 00001000[0m
[0;32mI (231) boot:  3 ota_0            OTA app          00 10 00010000 001e0000[0m
[0;32mI (239) boot:  4 ota_1            OTA app          00 11 001f0000 001e0000[0m
[0;32mI (246) boot:  5 coredump         Unknown data     01 03 003d0000 00010000[0m
[0;32mI (254) boot:  6 reserved         Unknown data     01 fe 003e0000 00020000[0m
[0;32mI (261) boot: End of partition table[0m
[0;32mI (266) esp_image: segment 0: paddr=00010020 vaddr=3f400020 size=2be9ch (179868) map[0m
[0;32mI (336) esp_image: segment 1: paddr=0003bec4 vaddr=3ffbdb60 size=04154h ( 16724) load[0m
[0;32mI (342) esp_image: segment 2: paddr=00040020 vaddr=400d0020 size=baad0h (764624) map[0m
[0;32mI (604) esp_image: segment 3: paddr=000faaf8 vaddr=3ffc1cb4 size=00fe8h (  4072) load[0m
[0;32mI (606) esp_image: segment 4: paddr=000fbae8 vaddr=40080000 size=1cc6ch (117868) load[0m
[0;32mI (671) boot: Loaded app from partition at offset 0x10000[0m
[0;32mI (671) boot: Disabling RNG early entropy source...[0m
[0;32mI (683) quad_psram: This chip is ESP32-D0WD[0m
[0;32mI (683) esp_psram: Found 8MB PSRAM device[0m
[0;32mI (684) esp_psram: Speed: 40MHz[0m
[0;32mI (687) esp_psram: PSRAM initialized, cache is in normal (1-core) mode.[0m
[0;33mW (694) esp_psram: Virtual address not enough for PSRAM, map as much as we can. 4MB is mapped[0m
[0;32mI (703) cpu_start: Unicore app[0m
[0;32mI (707) cpu_start: Single core mode[0m
[0;32mI (1637) esp_psram: SPI SRAM memory test OK[0m
[0;32mI (1645) cpu_start: Pro cpu start user code[0m
[0;32mI (1645) cpu_start: cpu freq: 240000000 Hz[0m
[0;32mI (1645) app_init: Application information:[0m
[0;32mI (1648) app_init: Project name:     mesh_local_control[0m
[0;32mI (1654) app_init: App version:      f4bea835-dirty[0m
[0;32mI (1659) app_init: Compile time:     Aug 24 2024 21:50:12[0m
[0;32mI (1666) app_init: ELF file SHA256:  ec73a8d70...[0m
[0;32mI (1671) app_init: ESP-IDF:          v5.3-dirty[0m
[0;32mI (1676) efuse_init: Min chip rev:     v0.0[0m
[0;32mI (1681) efuse_init: Max chip rev:     v3.99 [0m
[0;32mI (1686) efuse_init: Chip rev:         v3.1[0m
[0;32mI (1691) heap_init: Initializing. RAM available for dynamic allocation:[0m
[0;32mI (1698) heap_init: At 3FFAE6E0 len 0000F480 (61 KiB): DRAM[0m
[0;32mI (1704) heap_init: At 3FFC7B08 len 000184F8 (97 KiB): DRAM[0m
[0;32mI (1711) heap_init: At 3FFE0440 len 0001FBC0 (126 KiB): D/IRAM[0m
[0;32mI (1717) heap_init: At 40078000 len 00008000 (32 KiB): IRAM[0m
[0;32mI (1723) heap_init: At 4009CC6C len 00003394 (12 KiB): IRAM[0m
[0;32mI (1730) heap_init: At 3FF80000 len 00002000 (8 KiB): RTCRAM[0m
[0;32mI (1737) esp_psram: Adding pool of 4096K of PSRAM memory to heap allocator[0m
[0;32mI (1745) spi_flash: detected chip: generic[0m
[0;32mI (1748) spi_flash: flash io: dio[0m
[0;33mW (1753) i2c: This driver is an old driver, please migrate your application code to adapt `driver/i2c_master.h`[0m
[0;32mI (1775) coexist: coex firmware version: dab85ae96[0m
[0;32mI (1776) main_task: Started on CPU0[0m
[0;32mI (1776) esp_psram: Reserving pool of 32K of internal memory for DMA/internal allocations[0m
[0;32mI (1784) main_task: Calling app_main()[0m
[0;32mI (1803) bridge_common: esp-iot-bridge version: 0.11.8[0m
I (1805) wifi:wifi driver task: 3ffbd618, prio:23, stack:6656, core=0
I (1808) wifi:wifi firmware version: 0caa81945
I (1809) wifi:wifi certification version: v7.0
I (1813) wifi:config NVS flash: enabled
I (1816) wifi:config nano formating: disabled
I (1820) wifi:Init data frame dynamic rx buffer num: 32
I (1825) wifi:Init static rx mgmt buffer num: 5
I (1829) wifi:Init management short buffer num: 32
I (1834) wifi:Init static tx buffer num: 16
I (1838) wifi:Init tx cache buffer num: 32
I (1842) wifi:Init static rx buffer size: 1600
I (1846) wifi:Init static rx buffer num: 10
I (1850) wifi:Init dynamic rx buffer num: 32
[0;32mI (1855) wifi_init: accept mbox: 6[0m
[0;32mI (1858) wifi_init: tcpip mbox: 32[0m
[0;32mI (1862) wifi_init: udp mbox: 6[0m
[0;32mI (1865) wifi_init: tcp mbox: 6[0m
[0;32mI (1869) wifi_init: tcp tx win: 5760[0m
[0;32mI (1873) wifi_init: tcp rx win: 5760[0m
[0;32mI (1878) wifi_init: tcp mss: 1440[0m
[0;32mI (1882) wifi_init: WiFi IRAM OP enabled[0m
[0;32mI (1886) wifi_init: WiFi RX IRAM OP enabled[0m
[0;32mI (1892) phy_init: phy_version 4830,54550f7,Jun 20 2024,14:22:08[0m
[0;33mW (1898) phy_init: failed to load RF calibration data (0x1102), falling back to full calibration[0m
ï¿½ets Jul 29 2019 12:21:46

rst:0x3 (SW_RESET),boot:0x13 (SPI_FAST_FLASH_BOOT)
configsip: 0, SPIWP:0xee
clk_drv:0x00,q_drv:0x00,d_drv:0x00,cs0_drv:0x00,hd_drv:0x00,wp_drv:0x00
mode:DIO, clock div:2
load:0x3fff0030,len:7168
load:0x40078000,len:15452
load:0x40080400,len:4
load:0x40080404,len:3684
entry 0x40080614
[0;32mI (169) boot: ESP-IDF v5.3-dirty 2nd stage bootloader[0m
[0;32mI (169) boot: compile time Aug 24 2024 21:45:09[0m
[0;33mW (169) boot: Unicore bootloader[0m
[0;32mI (174) boot: chip revision: v3.1[0m
[0;32mI (178) boot.esp32: SPI Speed      : 40MHz[0m
[0;32mI (183) boot.esp32: SPI Mode       : DIO[0m
[0;32mI (187) boot.esp32: SPI Flash Size : 4MB[0m
[0;32mI (192) boot: Enabling RNG early entropy source...[0m
[0;32mI (197) boot: Partition Table:[0m
[0;32mI (201) boot: ## Label            Usage          Type ST Offset   Length[0m
[0;32mI (208) boot:  0 nvs              WiFi data        01 02 00009000 00004000[0m
[0;32mI (216) boot:  1 otadata          OTA data         01 00 0000d000 00002000[0m
[0;32mI (224) boot:  2 phy_init         RF data          01 01 0000f000 00001000[0m
[0;32mI (231) boot:  3 ota_0            OTA app          00 10 00010000 001e0000[0m
[0;32mI (239) boot:  4 ota_1            OTA app          00 11 001f0000 001e0000[0m
[0;32mI (246) boot:  5 coredump         Unknown data     01 03 003d0000 00010000[0m
[0;32mI (254) boot:  6 reserved         Unknown data     01 fe 003e0000 00020000[0m
[0;32mI (261) boot: End of partition table[0m
[0;32mI (266) esp_image: segment 0: paddr=00010020 vaddr=3f400020 size=2be9ch (179868) map[0m
[0;32mI (336) esp_image: segment 1: paddr=0003bec4 vaddr=3ffbdb60 size=04154h ( 16724) load[0m
[0;32mI (342) esp_image: segment 2: paddr=00040020 vaddr=400d0020 size=baad0h (764624) map[0m
[0;32mI (605) esp_image: segment 3: paddr=000faaf8 vaddr=3ffc1cb4 size=00fe8h (  4072) load[0m
[0;32mI (606) esp_image: segment 4: paddr=000fbae8 vaddr=40080000 size=1cc6ch (117868) load[0m
[0;32mI (671) boot: Loaded app from partition at offset 0x10000[0m
[0;32mI (671) boot: Disabling RNG early entropy source...[0m
[0;32mI (683) quad_psram: This chip is ESP32-D0WD[0m
[0;32mI (683) esp_psram: Found 8MB PSRAM device[0m
[0;32mI (684) esp_psram: Speed: 40MHz[0m
[0;32mI (687) esp_psram: PSRAM initialized, cache is in normal (1-core) mode.[0m
[0;33mW (694) esp_psram: Virtual address not enough for PSRAM, map as much as we can. 4MB is mapped[0m
[0;32mI (703) cpu_start: Unicore app[0m
[0;32mI (707) cpu_start: Single core mode[0m
[0;32mI (1637) esp_psram: SPI SRAM memory test OK[0m
[0;32mI (1645) cpu_start: Pro cpu start user code[0m
[0;32mI (1645) cpu_start: cpu freq: 240000000 Hz[0m
[0;32mI (1645) app_init: Application information:[0m
[0;32mI (1648) app_init: Project name:     mesh_local_control[0m
[0;32mI (1654) app_init: App version:      f4bea835-dirty[0m
[0;32mI (1659) app_init: Compile time:     Aug 24 2024 21:50:12[0m
[0;32mI (1666) app_init: ELF file SHA256:  ec73a8d70...[0m
[0;32mI (1671) app_init: ESP-IDF:          v5.3-dirty[0m
[0;32mI (1676) efuse_init: Min chip rev:     v0.0[0m
[0;32mI (1681) efuse_init: Max chip rev:     v3.99 [0m
[0;32mI (1686) efuse_init: Chip rev:         v3.1[0m
[0;32mI (1691) heap_init: Initializing. RAM available for dynamic allocation:[0m
[0;32mI (1698) heap_init: At 3FFAE6E0 len 0000F480 (61 KiB): DRAM[0m
[0;32mI (1704) heap_init: At 3FFC7B08 len 000184F8 (97 KiB): DRAM[0m
[0;32mI (1711) heap_init: At 3FFE0440 len 0001FBC0 (126 KiB): D/IRAM[0m
[0;32mI (1717) heap_init: At 40078000 len 00008000 (32 KiB): IRAM[0m
[0;32mI (1723) heap_init: At 4009CC6C len 00003394 (12 KiB): IRAM[0m
[0;32mI (1730) heap_init: At 3FF80000 len 00002000 (8 KiB): RTCRAM[0m
[0;32mI (1737) esp_psram: Adding pool of 4096K of PSRAM memory to heap allocator[0m
[0;32mI (1745) spi_flash: detected chip: generic[0m
[0;32mI (1748) spi_flash: flash io: dio[0m
[0;33mW (1753) i2c: This driver is an old driver, please migrate your application code to adapt `driver/i2c_master.h`[0m
[0;32mI (1775) coexist: coex firmware version: dab85ae96[0m
[0;32mI (1776) main_task: Started on CPU0[0m
[0;32mI (1776) esp_psram: Reserving pool of 32K of internal memory for DMA/internal allocations[0m
[0;32mI (1784) main_task: Calling app_main()[0m
[0;32mI (1803) bridge_common: esp-iot-bridge version: 0.11.8[0m
I (1805) wifi:wifi driver task: 3ffbd618, prio:23, stack:6656, core=0
I (1808) wifi:wifi firmware version: 0caa81945
I (1809) wifi:wifi certification version: v7.0
I (1813) wifi:config NVS flash: enabled
I (1816) wifi:config nano formating: disabled
I (1820) wifi:Init data frame dynamic rx buffer num: 32
I (1825) wifi:Init static rx mgmt buffer num: 5
I (1829) wifi:Init management short buffer num: 32
I (1834) wifi:Init static tx buffer num: 16
I (1838) wifi:Init tx cache buffer num: 32
I (1842) wifi:Init static rx buffer size: 1600
I (1846) wifi:Init static rx buffer num: 10
I (1850) wifi:Init dynamic rx buffer num: 32
[0;32mI (1855) wifi_init: accept mbox: 6[0m
[0;32mI (1858) wifi_init: tcpip mbox: 32[0m
[0;32mI (1862) wifi_init: udp mbox: 6[0m
[0;32mI (1865) wifi_init: tcp mbox: 6[0m
[0;32mI (1869) wifi_init: tcp tx win: 5760[0m
[0;32mI (1873) wifi_init: tcp rx win: 5760[0m
[0;32mI (1878) wifi_init: tcp mss: 1440[0m
[0;32mI (1882) wifi_init: WiFi IRAM OP enabled[0m
[0;32mI (1886) wifi_init: WiFi RX IRAM OP enabled[0m
[0;32mI (1892) phy_init: phy_version 4830,54550f7,Jun 20 2024,14:22:08[0m
[0;33mW (1898) phy_init: failed to load RF calibration data (0x1102), falling back to full calibration[0m
ï¿½ets Jul 29 2019 12:21:46

rst:0x3 (SW_RESET),boot:0x13 (SPI_FAST_FLASH_BOOT)
configsip: 0, SPIWP:0xee
clk_drv:0x00,q_drv:0x00,d_drv:0x00,cs0_drv:0x00,hd_drv:0x00,wp_drv:0x00
mode:DIO, clock div:2
load:0x3fff0030,len:7168
load:0x40078000,len:15452
load:0x40080400,len:4
load:0x40080404,len:3684
entry 0x40080614
[0;32mI (169) boot: ESP-IDF v5.3-dirty 2nd stage bootloader[0m
[0;32mI (169) boot: compile time Aug 24 2024 21:45:09[0m
[0;33mW (169) boot: Unicore bootloader[0m
[0;32mI (174) boot: chip revision: v3.1[0m
[0;32mI (178) boot.esp32: SPI Speed      : 40MHz[0m
[0;32mI (183) boot.esp32: SPI Mode       : DIO[0m
[0;32mI (187) boot.esp32: SPI Flash Size : 4MB[0m
[0;32mI (192) boot: Enabling RNG early entropy source...[0m
[0;32mI (197) boot: Partition Table:[0m
[0;32mI (201) boot: ## Label            Usage          Type ST Offset   Length[0m
[0;32mI (208) boot:  0 nvs              WiFi data        01 02 00009000 00004000[0m
[0;32mI (216) boot:  1 otadata          OTA data         01 00 0000d000 00002000[0m
[0;32mI (224) boot:  2 phy_init         RF data          01 01 0000f000 00001000[0m
[0;32mI (231) boot:  3 ota_0            OTA app          00 10 00010000 001e0000[0m
[0;32mI (239) boot:  4 ota_1            OTA app          00 11 001f0000 001e0000[0m
[0;32mI (246) boot:  5 coredump         Unknown data     01 03 003d0000 00010000[0m
[0;32mI (254) boot:  6 reserved         Unknown data     01 fe 003e0000 00020000[0m
[0;32mI (261) boot: End of partition table[0m
[0;32mI (266) esp_image: segment 0: paddr=00010020 vaddr=3f400020 size=2be9ch (179868) map[0m
[0;32mI (336) esp_image: segment 1: paddr=0003bec4 vaddr=3ffbdb60 size=04154h ( 16724) load[0m
[0;32mI (342) esp_image: segment 2: paddr=00040020 vaddr=400d0020 size=baad0h (764624) map[0m
[0;32mI (604) esp_image: segment 3: paddr=000faaf8 vaddr=3ffc1cb4 size=00fe8h (  4072) load[0m
[0;32mI (606) esp_image: segment 4: paddr=000fbae8 vaddr=40080000 size=1cc6ch (117868) load[0m
[0;32mI (671) boot: Loaded app from partition at offset 0x10000[0m
[0;32mI (671) boot: Disabling RNG early entropy source...[0m
[0;32mI (683) quad_psram: This chip is ESP32-D0WD[0m
[0;32mI (683) esp_psram: Found 8MB PSRAM device[0m
[0;32mI (683) esp_psram: Speed: 40MHz[0m
[0;32mI (687) esp_psram: PSRAM initialized, cache is in normal (1-core) mode.[0m
[0;33mW (694) esp_psram: Virtual address not enough for PSRAM, map as much as we can. 4MB is mapped[0m
[0;32mI (703) cpu_start: Unicore app[0m
[0;32mI (707) cpu_start: Single core mode[0m
[0;32mI (1637) esp_psram: SPI SRAM memory test OK[0m
[0;32mI (1645) cpu_start: Pro cpu start user code[0m
[0;32mI (1645) cpu_start: cpu freq: 240000000 Hz[0m
[0;32mI (1645) app_init: Application information:[0m
[0;32mI (1648) app_init: Project name:     mesh_local_control[0m
[0;32mI (1654) app_init: App version:      f4bea835-dirty[0m
[0;32mI (1659) app_init: Compile time:     Aug 24 2024 21:50:12[0m
[0;32mI (1666) app_init: ELF file SHA256:  ec73a8d70...[0m
[0;32mI (1671) app_init: ESP-IDF:          v5.3-dirty[0m
[0;32mI (1676) efuse_init: Min chip rev:     v0.0[0m
[0;32mI (1681) efuse_init: Max chip rev:     v3.99 [0m
[0;32mI (1686) efuse_init: Chip rev:         v3.1[0m
[0;32mI (1691) heap_init: Initializing. RAM available for dynamic allocation:[0m
[0;32mI (1698) heap_init: At 3FFAE6E0 len 0000F480 (61 KiB): DRAM[0m
[0;32mI (1704) heap_init: At 3FFC7B08 len 000184F8 (97 KiB): DRAM[0m
[0;32mI (1711) heap_init: At 3FFE0440 len 0001FBC0 (126 KiB): D/IRAM[0m
[0;32mI (1717) heap_init: At 40078000 len 00008000 (32 KiB): IRAM[0m
[0;32mI (1723) heap_init: At 4009CC6C len 00003394 (12 KiB): IRAM[0m
[0;32mI (1730) heap_init: At 3FF80000 len 00002000 (8 KiB): RTCRAM[0m
[0;32mI (1737) esp_psram: Adding pool of 4096K of PSRAM memory to heap allocator[0m
[0;32mI (1745) spi_flash: detected chip: generic[0m
[0;32mI (1748) spi_flash: flash io: dio[0m
[0;33mW (1753) i2c: This driver is an old driver, please migrate your application code to adapt `driver/i2c_master.h`[0m
[0;32mI (1775) coexist: coex firmware version: dab85ae96[0m
[0;32mI (1776) main_task: Started on CPU0[0m
[0;32mI (1776) esp_psram: Reserving pool of 32K of internal memory for DMA/internal allocations[0m
[0;32mI (1784) main_task: Calling app_main()[0m
[0;32mI (1803) bridge_common: esp-iot-bridge version: 0.11.8[0m
I (1805) wifi:wifi driver task: 3ffbd618, prio:23, stack:6656, core=0
I (1808) wifi:wifi firmware version: 0caa81945
I (1809) wifi:wifi certification version: v7.0
I (1813) wifi:config NVS flash: enabled
I (1816) wifi:config nano formating: disabled
I (1820) wifi:Init data frame dynamic rx buffer num: 32
I (1825) wifi:Init static rx mgmt buffer num: 5
I (1829) wifi:Init management short buffer num: 32
I (1834) wifi:Init static tx buffer num: 16
I (1838) wifi:Init tx cache buffer num: 32
I (1842) wifi:Init static rx buffer size: 1600
I (1846) wifi:Init static rx buffer num: 10
I (1850) wifi:Init dynamic rx buffer num: 32
[0;32mI (1855) wifi_init: accept mbox: 6[0m
[0;32mI (1858) wifi_init: tcpip mbox: 32[0m
[0;32mI (1862) wifi_init: udp mbox: 6[0m
[0;32mI (1865) wifi_init: tcp mbox: 6[0m
[0;32mI (1869) wifi_init: tcp tx win: 5760[0m
[0;32mI (1873) wifi_init: tcp rx win: 5760[0m
[0;32mI (1878) wifi_init: tcp mss: 1440[0m
[0;32mI (1882) wifi_init: WiFi IRAM OP enabled[0m
[0;32mI (1886) wifi_init: WiFi RX IRAM OP enabled[0m
[0;32mI (1892) phy_init: phy_version 4830,54550f7,Jun 20 2024,14:22:08[0m
[0;33mW (1898) phy_init: failed to load RF calibration data (0x1102), falling back to full calibration[0m
ï¿½ets Jul 29 2019 12:21:46

rst:0x3 (SW_RESET),boot:0x13 (SPI_FAST_FLASH_BOOT)
configsip: 0, SPIWP:0xee
clk_drv:0x00,q_drv:0x00,d_drv:0x00,cs0_drv:0x00,hd_drv:0x00,wp_drv:0x00
mode:DIO, clock div:2
load:0x3fff0030,len:7168
load:0x40078000,len:15452
load:0x40080400,len:4
load:0x40080404,len:3684
entry 0x40080614
[0;32mI (169) boot: ESP-IDF v5.3-dirty 2nd stage bootloader[0m
[0;32mI (169) boot: compile time Aug 24 2024 21:45:09[0m
[0;33mW (169) boot: Unicore bootloader[0m
[0;32mI (174) boot: chip revision: v3.1[0m
[0;32mI (178) boot.esp32: SPI Speed      : 40MHz[0m
[0;32mI (183) boot.esp32: SPI Mode       : DIO[0m
[0;32mI (187) boot.esp32: SPI Flash Size : 4MB[0m
[0;32mI (192) boot: Enabling RNG early entropy source...[0m
[0;32mI (197) boot: Partition Table:[0m
[0;32mI (201) boot: ## Label            Usage          Type ST Offset   Length[0m
[0;32mI (208) boot:  0 nvs              WiFi data        01 02 00009000 00004000[0m
[0;32mI (216) boot:  1 otadata          OTA data         01 00 0000d000 00002000[0m
[0;32mI (224) boot:  2 phy_init         RF data          01 01 0000f000 00001000[0m
[0;32mI (231) boot:  3 ota_0            OTA app          00 10 00010000 001e0000[0m
[0;32mI (239) boot:  4 ota_1            OTA app          00 11 001f0000 001e0000[0m
[0;32mI (246) boot:  5 coredump         Unknown data     01 03 003d0000 00010000[0m
[0;32mI (254) boot:  6 reserved         Unknown data     01 fe 003e0000 00020000[0m
[0;32mI (261) boot: End of partition table[0m
[0;32mI (266) esp_image: segment 0: paddr=00010020 vaddr=3f400020 size=2be9ch (179868) map[0m
[0;32mI (336) esp_image: segment 1: paddr=0003bec4 vaddr=3ffbdb60 size=04154h ( 16724) load[0m
[0;32mI (342) esp_image: segment 2: paddr=00040020 vaddr=400d0020 size=baad0h (764624) map[0m
[0;32mI (604) esp_image: segment 3: paddr=000faaf8 vaddr=3ffc1cb4 size=00fe8h (  4072) load[0m
[0;32mI (606) esp_image: segment 4: paddr=000fbae8 vaddr=40080000 size=1cc6ch (117868) load[0m
[0;32mI (671) boot: Loaded app from partition at offset 0x10000[0m
[0;32mI (671) boot: Disabling RNG early entropy source...[0m
[0;32mI (683) quad_psram: This chip is ESP32-D0WD[0m
[0;32mI (683) esp_psram: Found 8MB PSRAM device[0m
[0;32mI (684) esp_psram: Speed: 40MHz[0m
[0;32mI (687) esp_psram: PSRAM initialized, cache is in normal (1-core) mode.[0m
[0;33mW (694) esp_psram: Virtual address not enough for PSRAM, map as much as we can. 4MB is mapped[0m
[0;32mI (703) cpu_start: Unicore app[0m
[0;32mI (707) cpu_start: Single core mode[0m
[0;32mI (1637) esp_psram: SPI SRAM memory test OK[0m
[0;32mI (1645) cpu_start: Pro cpu start user code[0m
[0;32mI (1645) cpu_start: cpu freq: 240000000 Hz[0m
[0;32mI (1645) app_init: Application information:[0m
[0;32mI (1648) app_init: Project name:     mesh_local_control[0m
[0;32mI (1654) app_init: App version:      f4bea835-dirty[0m
[0;32mI (1659) app_init: Compile time:     Aug 24 2024 21:50:12[0m
[0;32mI (1666) app_init: ELF file SHA256:  ec73a8d70...[0m
[0;32mI (1671) app_init: ESP-IDF:          v5.3-dirty[0m
[0;32mI (1676) efuse_init: Min chip rev:     v0.0[0m
[0;32mI (1681) efuse_init: Max chip rev:     v3.99 [0m
[0;32mI (1686) efuse_init: Chip rev:         v3.1[0m
[0;32mI (1691) heap_init: Initializing. RAM available for dynamic allocation:[0m
[0;32mI (1698) heap_init: At 3FFAE6E0 len 0000F480 (61 KiB): DRAM[0m
[0;32mI (1704) heap_init: At 3FFC7B08 len 000184F8 (97 KiB): DRAM[0m
[0;32mI (1711) heap_init: At 3FFE0440 len 0001FBC0 (126 KiB): D/IRAM[0m
[0;32mI (1717) heap_init: At 40078000 len 00008000 (32 KiB): IRAM[0m
[0;32mI (1723) heap_init: At 4009CC6C len 00003394 (12 KiB): IRAM[0m
[0;32mI (1730) heap_init: At 3FF80000 len 00002000 (8 KiB): RTCRAM[0m
[0;32mI (1737) esp_psram: Adding pool of 4096K of PSRAM memory to heap allocator[0m
[0;32mI (1745) spi_flash: detected chip: generic[0m
[0;32mI (1748) spi_flash: flash io: dio[0m
[0;33mW (1753) i2c: This driver is an old driver, please migrate your application code to adapt `driver/i2c_master.h`[0m
[0;32mI (1775) coexist: coex firmware version: dab85ae96[0m
[0;32mI (1776) main_task: Started on CPU0[0m
[0;32mI (1776) esp_psram: Reserving pool of 32K of internal memory for DMA/internal allocations[0m
[0;32mI (1784) main_task: Calling app_main()[0m
[0;32mI (1803) bridge_common: esp-iot-bridge version: 0.11.8[0m
I (1805) wifi:wifi driver task: 3ffbd618, prio:23, stack:6656, core=0
I (1808) wifi:wifi firmware version: 0caa81945
I (1809) wifi:wifi certification version: v7.0
I (1813) wifi:config NVS flash: enabled
I (1816) wifi:config nano formating: disabled
I (1820) wifi:Init data frame dynamic rx buffer num: 32
I (1825) wifi:Init static rx mgmt buffer num: 5
I (1829) wifi:Init management short buffer num: 32
I (1834) wifi:Init static tx buffer num: 16
I (1838) wifi:Init tx cache buffer num: 32
I (1842) wifi:Init static rx buffer size: 1600
I (1846) wifi:Init static rx buffer num: 10
I (1850) wifi:Init dynamic rx buffer num: 32
[0;32mI (1855) wifi_init: accept mbox: 6[0m
[0;32mI (1858) wifi_init: tcpip mbox: 32[0m
[0;32mI (1862) wifi_init: udp mbox: 6[0m
[0;32mI (1865) wifi_init: tcp mbox: 6[0m
[0;32mI (1869) wifi_init: tcp tx win: 5760[0m
[0;32mI (1873) wifi_init: tcp rx win: 5760[0m
[0;32mI (1878) wifi_init: tcp mss: 1440[0m
[0;32mI (1882) wifi_init: WiFi IRAM OP enabled[0m
[0;32mI (1886) wifi_init: WiFi RX IRAM OP enabled[0m
[0;32mI (1892) phy_init: phy_version 4830,54550f7,Jun 20 2024,14:22:08[0m
[0;33mW (1898) phy_init: failed to load RF calibration data (0x1102), falling back to full calibration[0m
ï¿½ets Jul 29 2019 12:21:46

rst:0x3 (SW_RESET),boot:0x13 (SPI_FAST_FLASH_BOOT)
configsip: 0, SPIWP:0xee
clk_drv:0x00,q_drv:0x00,d_drv:0x00,cs0_drv:0x00,hd_drv:0x00,wp_drv:0x00
mode:DIO, clock div:2
load:0x3fff0030,len:7168
load:0x40078000,len:15452
load:0x40080400,len:4
load:0x40080404,len:3684
entry 0x40080614
[0;32mI (169) boot: ESP-IDF v5.3-dirty 2nd stage bootloader[0m
[0;32mI (169) boot: compile time Aug 24 2024 21:45:09[0m
[0;33mW (169) boot: Unicore bootloader[0m
[0;32mI (174) boot: chip revision: v3.1[0m
[0;32mI (178) boot.esp32: SPI Speed      : 40MHz[0m
[0;32mI (183) boot.esp32: SPI Mode       : DIO[0m
[0;32mI (187) boot.esp32: SPI Flash Size : 4MB[0m
[0;32mI (192) boot: Enabling RNG early entropy source...[0m
[0;32mI (197) boot: Partition Table:[0m
[0;32mI (201) boot: ## Label            Usage          Type ST Offset   Length[0m
[0;32mI (208) boot:  0 nvs              WiFi data        01 02 00009000 00004000[0m
[0;32mI (216) boot:  1 otadata          OTA data         01 00 0000d000 00002000[0m
[0;32mI (224) boot:  2 phy_init         RF data          01 01 0000f000 00001000[0m
[0;32mI (231) boot:  3 ota_0            OTA app          00 10 00010000 001e0000[0m
[0;32mI (239) boot:  4 ota_1            OTA app          00 11 001f0000 001e0000[0m
[0;32mI (246) boot:  5 coredump         Unknown data     01 03 003d0000 00010000[0m
[0;32mI (254) boot:  6 reserved         Unknown data     01 fe 003e0000 00020000[0m
[0;32mI (261) boot: End of partition table[0m
[0;32mI (266) esp_image: segment 0: paddr=00010020 vaddr=3f400020 size=2be9ch (179868) map[0m
[0;32mI (336) esp_image: segment 1: paddr=0003bec4 vaddr=3ffbdb60 size=04154h ( 16724) load[0m
[0;32mI (342) esp_image: segment 2: paddr=00040020 vaddr=400d0020 size=baad0h (764624) map[0m
[0;32mI (604) esp_image: segment 3: paddr=000faaf8 vaddr=3ffc1cb4 size=00fe8h (  4072) load[0m
[0;32mI (606) esp_image: segment 4: paddr=000fbae8 vaddr=40080000 size=1cc6ch (117868) load[0m
[0;32mI (671) boot: Loaded app from partition at offset 0x10000[0m
[0;32mI (671) boot: Disabling RNG early entropy source...[0m
[0;32mI (683) quad_psram: This chip is ESP32-D0WD[0m
[0;32mI (683) esp_psram: Found 8MB PSRAM device[0m
[0;32mI (684) esp_psram: Speed: 40MHz[0m
[0;32mI (687) esp_psram: PSRAM initialized, cache is in normal (1-core) mode.[0m
[0;33mW (694) esp_psram: Virtual address not enough for PSRAM, map as much as we can. 4MB is mapped[0m
[0;32mI (703) cpu_start: Unicore app[0m
[0;32mI (707) cpu_start: Single core mode[0m
[0;32mI (1637) esp_psram: SPI SRAM memory test OK[0m
[0;32mI (1645) cpu_start: Pro cpu start user code[0m
[0;32mI (1645) cpu_start: cpu freq: 240000000 Hz[0m
[0;32mI (1645) app_init: Application information:[0m
[0;32mI (1648) app_init: Project name:     mesh_local_control[0m
[0;32mI (1654) app_init: App version:      f4bea835-dirty[0m
[0;32mI (1659) app_init: Compile time:     Aug 24 2024 21:50:12[0m
[0;32mI (1666) app_init: ELF file SHA256:  ec73a8d70...[0m
[0;32mI (1671) app_init: ESP-IDF:          v5.3-dirty[0m
[0;32mI (1676) efuse_init: Min chip rev:     v0.0[0m
[0;32mI (1681) efuse_init: Max chip rev:     v3.99 [0m
[0;32mI (1686) efuse_init: Chip rev:         v3.1[0m
[0;32mI (1691) heap_init: Initializing. RAM available for dynamic allocation:[0m
[0;32mI (1698) heap_init: At 3FFAE6E0 len 0000F480 (61 KiB): DRAM[0m
[0;32mI (1704) heap_init: At 3FFC7B08 len 000184F8 (97 KiB): DRAM[0m
[0;32mI (1711) heap_init: At 3FFE0440 len 0001FBC0 (126 KiB): D/IRAM[0m
[0;32mI (1717) heap_init: At 40078000 len 00008000 (32 KiB): IRAM[0m
[0;32mI (1723) heap_init: At 4009CC6C len 00003394 (12 KiB): IRAM[0m
[0;32mI (1730) heap_init: At 3FF80000 len 00002000 (8 KiB): RTCRAM[0m
[0;32mI (1737) esp_psram: Adding pool of 4096K of PSRAM memory to heap allocator[0m
[0;32mI (1745) spi_flash: detected chip: generic[0m
[0;32mI (1748) spi_flash: flash io: dio[0m
[0;33mW (1753) i2c: This driver is an old driver, please migrate your application code to adapt `driver/i2c_master.h`[0m
[0;32mI (1775) coexist: coex firmware version: dab85ae96[0m
[0;32mI (1776) main_task: Started on CPU0[0m
[0;32mI (1776) esp_psram: Reserving pool of 32K of internal memory for DMA/internal allocations[0m
[0;32mI (1784) main_task: Calling app_main()[0m
[0;32mI (1803) bridge_common: esp-iot-bridge version: 0.11.8[0m
I (1805) wifi:wifi driver task: 3ffbd618, prio:23, stack:6656, core=0
I (1808) wifi:wifi firmware version: 0caa81945
I (1809) wifi:wifi certification version: v7.0
I (1813) wifi:config NVS flash: enabled
I (1816) wifi:config nano formating: disabled
I (1820) wifi:Init data frame dynamic rx buffer num: 32
I (1825) wifi:Init static rx mgmt buffer num: 5
I (1829) wifi:Init management short buffer num: 32
I (1834) wifi:Init static tx buffer num: 16
I (1838) wifi:Init tx cache buffer num: 32
I (1842) wifi:Init static rx buffer size: 1600
I (1846) wifi:Init static rx buffer num: 10
I (1850) wifi:Init dynamic rx buffer num: 32
[0;32mI (1855) wifi_init: accept mbox: 6[0m
[0;32mI (1858) wifi_init: tcpip mbox: 32[0m
[0;32mI (1862) wifi_init: udp mbox: 6[0m
[0;32mI (1865) wifi_init: tcp mbox: 6[0m
[0;32mI (1869) wifi_init: tcp tx win: 5760[0m
[0;32mI (1873) wifi_init: tcp rx win: 5760[0m
[0;32mI (1878) wifi_init: tcp mss: 1440[0m
[0;32mI (1882) wifi_init: WiFi IRAM OP enabled[0m
[0;32mI (1886) wifi_init: WiFi RX IRAM OP enabled[0m
[0;32mI (1892) phy_init: phy_version 4830,54550f7,Jun 20 2024,14:22:08[0m
[0;33mW (1898) phy_init: failed to load RF calibration data (0x1102), falling back to full calibration[0m
ï¿½ets Jul 29 2019 12:21:46

rst:0x3 (SW_RESET),boot:0x13 (SPI_FAST_FLASH_BOOT)
configsip: 0, SPIWP:0xee
clk_drv:0x00,q_drv:0x00,d_drv:0x00,cs0_drv:0x00,hd_drv:0x00,wp_drv:0x00
mode:DIO, clock div:2
load:0x3fff0030,len:7168
load:0x40078000,len:15452
load:0x40080400,len:4
load:0x40080404,len:3684
entry 0x40080614
[0;32mI (169) boot: ESP-IDF v5.3-dirty 2nd stage bootloader[0m
[0;32mI (169) boot: compile time Aug 24 2024 21:45:09[0m
[0;33mW (169) boot: Unicore bootloader[0m
[0;32mI (174) boot: chip revision: v3.1[0m
[0;32mI (178) boot.esp32: SPI Speed      : 40MHz[0m
[0;32mI (183) boot.esp32: SPI Mode       : DIO[0m
[0;32mI (187) boot.esp32: SPI Flash Size : 4MB[0m
[0;32mI (192) boot: Enabling RNG early entropy source...[0m
[0;32mI (197) boot: Partition Table:[0m
[0;32mI (201) boot: ## Label            Usage          Type ST Offset   Length[0m
[0;32mI (208) boot:  0 nvs              WiFi data        01 02 00009000 00004000[0m
[0;32mI (216) boot:  1 otadata          OTA data         01 00 0000d000 00002000[0m
[0;32mI (224) boot:  2 phy_init         RF data          01 01 0000f000 00001000[0m
[0;32mI (231) boot:  3 ota_0            OTA app          00 10 00010000 001e0000[0m
[0;32mI (239) boot:  4 ota_1            OTA app          00 11 001f0000 001e0000[0m
[0;32mI (246) boot:  5 coredump         Unknown data     01 03 003d0000 00010000[0m
[0;32mI (254) boot:  6 reserved         Unknown data     01 fe 003e0000 00020000[0m
[0;32mI (261) boot: End of partition table[0m
[0;32mI (266) esp_image: segment 0: paddr=00010020 vaddr=3f400020 size=2be9ch (179868) map[0m
[0;32mI (336) esp_image: segment 1: paddr=0003bec4 vaddr=3ffbdb60 size=04154h ( 16724) load[0m
[0;32mI (342) esp_image: segment 2: paddr=00040020 vaddr=400d0020 size=baad0h (764624) map[0m
[0;32mI (604) esp_image: segment 3: paddr=000faaf8 vaddr=3ffc1cb4 size=00fe8h (  4072) load[0m
[0;32mI (606) esp_image: segment 4: paddr=000fbae8 vaddr=40080000 size=1cc6ch (117868) load[0m
[0;32mI (671) boot: Loaded app from partition at offset 0x10000[0m
[0;32mI (671) boot: Disabling RNG early entropy source...[0m
[0;32mI (683) quad_psram: This chip is ESP32-D0WD[0m
[0;32mI (683) esp_psram: Found 8MB PSRAM device[0m
[0;32mI (683) esp_psram: Speed: 40MHz[0m
[0;32mI (687) esp_psram: PSRAM initialized, cache is in normal (1-core) mode.[0m
[0;33mW (694) esp_psram: Virtual address not enough for PSRAM, map as much as we can. 4MB is mapped[0m
[0;32mI (703) cpu_start: Unicore app[0m
[0;32mI (707) cpu_start: Single core mode[0m
[0;32mI (1637) esp_psram: SPI SRAM memory test OK[0m
[0;32mI (1645) cpu_start: Pro cpu start user code[0m
[0;32mI (1645) cpu_start: cpu freq: 240000000 Hz[0m
[0;32mI (1645) app_init: Application information:[0m
[0;32mI (1648) app_init: Project name:     mesh_local_control[0m
[0;32mI (1654) app_init: App version:      f4bea835-dirty[0m
[0;32mI (1659) app_init: Compile time:     Aug 24 2024 21:50:12[0m
[0;32mI (1666) app_init: ELF file SHA256:  ec73a8d70...[0m
[0;32mI (1671) app_init: ESP-IDF:          v5.3-dirty[0m
[0;32mI (1676) efuse_init: Min chip rev:     v0.0[0m
[0;32mI (1681) efuse_init: Max chip rev:     v3.99 [0m
[0;32mI (1686) efuse_init: Chip rev:         v3.1[0m
[0;32mI (1691) heap_init: Initializing. RAM available for dynamic allocation:[0m
[0;32mI (1698) heap_init: At 3FFAE6E0 len 0000F480 (61 KiB): DRAM[0m
[0;32mI (1704) heap_init: At 3FFC7B08 len 000184F8 (97 KiB): DRAM[0m
[0;32mI (1711) heap_init: At 3FFE0440 len 0001FBC0 (126 KiB): D/IRAM[0m
[0;32mI (1717) heap_init: At 40078000 len 00008000 (32 KiB): IRAM[0m
[0;32mI (1723) heap_init: At 4009CC6C len 00003394 (12 KiB): IRAM[0m
[0;32mI (1730) heap_init: At 3FF80000 len 00002000 (8 KiB): RTCRAM[0m
[0;32mI (1737) esp_psram: Adding pool of 4096K of PSRAM memory to heap allocator[0m
[0;32mI (1745) spi_flash: detected chip: generic[0m
[0;32mI (1748) spi_flash: flash io: dio[0m
[0;33mW (1753) i2c: This driver is an old driver, please migrate your application code to adapt `driver/i2c_master.h`[0m
[0;32mI (1775) coexist: coex firmware version: dab85ae96[0m
[0;32mI (1776) main_task: Started on CPU0[0m
[0;32mI (1776) esp_psram: Reserving pool of 32K of internal memory for DMA/internal allocations[0m
[0;32mI (1784) main_task: Calling app_main()[0m
[0;32mI (1803) bridge_common: esp-iot-bridge version: 0.11.8[0m
I (1805) wifi:wifi driver task: 3ffbd618, prio:23, stack:6656, core=0
I (1808) wifi:wifi firmware version: 0caa81945
I (1809) wifi:wifi certification version: v7.0
I (1813) wifi:config NVS flash: enabled
I (1816) wifi:config nano formating: disabled
I (1820) wifi:Init data frame dynamic rx buffer num: 32
I (1825) wifi:Init static rx mgmt buffer num: 5
I (1829) wifi:Init management short buffer num: 32
I (1834) wifi:Init static tx buffer num: 16
I (1838) wifi:Init tx cache buffer num: 32
I (1842) wifi:Init static rx buffer size: 1600
I (1846) wifi:Init static rx buffer num: 10
I (1850) wifi:Init dynamic rx buffer num: 32
[0;32mI (1855) wifi_init: accept mbox: 6[0m
[0;32mI (1858) wifi_init: tcpip mbox: 32[0m
[0;32mI (1862) wifi_init: udp mbox: 6[0m
[0;32mI (1865) wifi_init: tcp mbox: 6[0m
[0;32mI (1869) wifi_init: tcp tx win: 5760[0m
[0;32mI (1873) wifi_init: tcp rx win: 5760[0m
[0;32mI (1878) wifi_init: tcp mss: 1440[0m
[0;32mI (1882) wifi_init: WiFi IRAM OP enabled[0m
[0;32mI (1886) wifi_init: WiFi RX IRAM OP enabled[0m
[0;32mI (1892) phy_init: phy_version 4830,54550f7,Jun 20 2024,14:22:08[0m
[0;33mW (1898) phy_init: failed to load RF calibration data (0x1102), falling back to full calibration[0m
ï¿½ets Jul 29 2019 12:21:46

rst:0x3 (SW_RESET),boot:0x13 (SPI_FAST_FLASH_BOOT)
configsip: 0, SPIWP:0xee
clk_drv:0x00,q_drv:0x00,d_drv:0x00,cs0_drv:0x00,hd_drv:0x00,wp_drv:0x00
mode:DIO, clock div:2
load:0x3fff0030,len:7168
load:0x40078000,len:15452
load:0x40080400,len:4
load:0x40080404,len:3684
entry 0x40080614
[0;32mI (169) boot: ESP-IDF v5.3-dirty 2nd stage bootloader[0m
[0;32mI (169) boot: compile time Aug 24 2024 21:45:09[0m
[0;33mW (169) boot: Unicore bootloader[0m
[0;32mI (174) boot: chip revision: v3.1[0m
[0;32mI (178) boot.esp32: SPI Speed      : 40MHz[0m
[0;32mI (183) boot.esp32: SPI Mode       : DIO[0m
[0;32mI (187) boot.esp32: SPI Flash Size : 4MB[0m
[0;32mI (192) boot: Enabling RNG early entropy source...[0m
[0;32mI (197) boot: Partition Table:[0m
[0;32mI (201) boot: ## Label            Usage          Type ST Offset   Length[0m
[0;32mI (208) boot:  0 nvs              WiFi data        01 02 00009000 00004000[0m
[0;32mI (216) boot:  1 otadata          OTA data         01 00 0000d000 00002000[0m
[0;32mI (224) boot:  2 phy_init         RF data          01 01 0000f000 00001000[0m
[0;32mI (231) boot:  3 ota_0            OTA app          00 10 00010000 001e0000[0m
[0;32mI (239) boot:  4 ota_1            OTA app          00 11 001f0000 001e0000[0m
[0;32mI (246) boot:  5 coredump         Unknown data     01 03 003d0000 00010000[0m
[0;32mI (254) boot:  6 reserved         Unknown data     01 fe 003e0000 00020000[0m
[0;32mI (261) boot: End of partition table[0m
[0;32mI (266) esp_image: segment 0: paddr=00010020 vaddr=3f400020 size=2be9ch (179868) map[0m
[0;32mI (336) esp_image: segment 1: paddr=0003bec4 vaddr=3ffbdb60 size=04154h ( 16724) load[0m
[0;32mI (342) esp_image: segment 2: paddr=00040020 vaddr=400d0020 size=baad0h (764624) map[0m
[0;32mI (604) esp_image: segment 3: paddr=000faaf8 vaddr=3ffc1cb4 size=00fe8h (  4072) load[0m
[0;32mI (606) esp_image: segment 4: paddr=000fbae8 vaddr=40080000 size=1cc6ch (117868) load[0m
[0;32mI (671) boot: Loaded app from partition at offset 0x10000[0m
[0;32mI (671) boot: Disabling RNG early entropy source...[0m
[0;32mI (683) quad_psram: This chip is ESP32-D0WD[0m
[0;32mI (683) esp_psram: Found 8MB PSRAM device[0m
[0;32mI (684) esp_psram: Speed: 40MHz[0m
[0;32mI (687) esp_psram: PSRAM initialized, cache is in normal (1-core) mode.[0m
[0;33mW (694) esp_psram: Virtual address not enough for PSRAM, map as much as we can. 4MB is mapped[0m
[0;32mI (703) cpu_start: Unicore app[0m
[0;32mI (707) cpu_start: Single core mode[0m
[0;32mI (1637) esp_psram: SPI SRAM memory test OK[0m
[0;32mI (1645) cpu_start: Pro cpu start user code[0m
[0;32mI (1645) cpu_start: cpu freq: 240000000 Hz[0m
[0;32mI (1645) app_init: Application information:[0m
[0;32mI (1648) app_init: Project name:     mesh_local_control[0m
[0;32mI (1654) app_init: App version:      f4bea835-dirty[0m
[0;32mI (1659) app_init: Compile time:     Aug 24 2024 21:50:12[0m
[0;32mI (1666) app_init: ELF file SHA256:  ec73a8d70...[0m
[0;32mI (1671) app_init: ESP-IDF:          v5.3-dirty[0m
[0;32mI (1676) efuse_init: Min chip rev:     v0.0[0m
[0;32mI (1681) efuse_init: Max chip rev:     v3.99 [0m
[0;32mI (1686) efuse_init: Chip rev:         v3.1[0m
[0;32mI (1691) heap_init: Initializing. RAM available for dynamic allocation:[0m
[0;32mI (1698) heap_init: At 3FFAE6E0 len 0000F480 (61 KiB): DRAM[0m
[0;32mI (1704) heap_init: At 3FFC7B08 len 000184F8 (97 KiB): DRAM[0m
[0;32mI (1711) heap_init: At 3FFE0440 len 0001FBC0 (126 KiB): D/IRAM[0m
[0;32mI (1717) heap_init: At 40078000 len 00008000 (32 KiB): IRAM[0m
[0;32mI (1723) heap_init: At 4009CC6C len 00003394 (12 KiB): IRAM[0m
[0;32mI (1730) heap_init: At 3FF80000 len 00002000 (8 KiB): RTCRAM[0m
[0;32mI (1737) esp_psram: Adding pool of 4096K of PSRAM memory to heap allocator[0m
[0;32mI (1745) spi_flash: detected chip: generic[0m
[0;32mI (1748) spi_flash: flash io: dio[0m
[0;33mW (1753) i2c: This driver is an old driver, please migrate your application code to adapt `driver/i2c_master.h`[0m
[0;32mI (1775) coexist: coex firmware version: dab85ae96[0m
[0;32mI (1776) main_task: Started on CPU0[0m
[0;32mI (1776) esp_psram: Reserving pool of 32K of internal memory for DMA/internal allocations[0m
[0;32mI (1784) main_task: Calling app_main()[0m
[0;32mI (1803) bridge_common: esp-iot-bridge version: 0.11.8[0m
I (1805) wifi:wifi driver task: 3ffbd618, prio:23, stack:6656, core=0
I (1808) wifi:wifi firmware version: 0caa81945
I (1809) wifi:wifi certification version: v7.0
I (1813) wifi:config NVS flash: enabled
I (1816) wifi:config nano formating: disabled
I (1820) wifi:Init data frame dynamic rx buffer num: 32
I (1825) wifi:Init static rx mgmt buffer num: 5
I (1829) wifi:Init management short buffer num: 32
I (1834) wifi:Init static tx buffer num: 16
I (1838) wifi:Init tx cache buffer num: 32
I (1842) wifi:Init static rx buffer size: 1600
I (1846) wifi:Init static rx buffer num: 10
I (1850) wifi:Init dynamic rx buffer num: 32
[0;32mI (1855) wifi_init: accept mbox: 6[0m
[0;32mI (1858) wifi_init: tcpip mbox: 32[0m
[0;32mI (1862) wifi_init: udp mbox: 6[0m
[0;32mI (1865) wifi_init: tcp mbox: 6[0m
[0;32mI (1869) wifi_init: tcp tx win: 5760[0m
[0;32mI (1873) wifi_init: tcp rx win: 5760[0m
[0;32mI (1878) wifi_init: tcp mss: 1440[0m
[0;32mI (1882) wifi_init: WiFi IRAM OP enabled[0m
[0;32mI (1886) wifi_init: WiFi RX IRAM OP enabled[0m
[0;32mI (1892) phy_init: phy_version 4830,54550f7,Jun 20 2024,14:22:08[0m
[0;33mW (1898) phy_init: failed to load RF calibration data (0x1102), falling back to full calibration[0m
ï¿½ets Jul 29 2019 12:21:46

rst:0x3 (SW_RESET),boot:0x13 (SPI_FAST_FLASH_BOOT)
configsip: 0, SPIWP:0xee
clk_drv:0x00,q_drv:0x00,d_drv:0x00,cs0_drv:0x00,hd_drv:0x00,wp_drv:0x00
mode:DIO, clock div:2
load:0x3fff0030,len:7168
load:0x40078000,len:15452
load:0x40080400,len:4
load:0x40080404,len:3684
entry 0x40080614
[0;32mI (169) boot: ESP-IDF v5.3-dirty 2nd stage bootloader[0m
[0;32mI (169) boot: compile time Aug 24 2024 21:45:09[0m
[0;33mW (169) boot: Unicore bootloader[0m
[0;32mI (174) boot: chip revision: v3.1[0m
[0;32mI (178) boot.esp32: SPI Speed      : 40MHz[0m
[0;32mI (183) boot.esp32: SPI Mode       : DIO[0m
[0;32mI (187) boot.esp32: SPI Flash Size : 4MB[0m
[0;32mI (192) boot: Enabling RNG early entropy source...[0m
[0;32mI (197) boot: Partition Table:[0m
[0;32mI (201) boot: ## Label            Usage          Type ST Offset   Length[0m
[0;32mI (208) boot:  0 nvs              WiFi data        01 02 00009000 00004000[0m
[0;32mI (216) boot:  1 otadata          OTA data         01 00 0000d000 00002000[0m
[0;32mI (224) boot:  2 phy_init         RF data          01 01 0000f000 00001000[0m
[0;32mI (231) boot:  3 ota_0            OTA app          00 10 00010000 001e0000[0m
[0;32mI (239) boot:  4 ota_1            OTA app          00 11 001f0000 001e0000[0m
[0;32mI (246) boot:  5 coredump         Unknown data     01 03 003d0000 00010000[0m
[0;32mI (254) boot:  6 reserved         Unknown data     01 fe 003e0000 00020000[0m
[0;32mI (261) boot: End of partition table[0m
[0;32mI (266) esp_image: segment 0: paddr=00010020 vaddr=3f400020 size=2be9ch (179868) map[0m
[0;32mI (336) esp_image: segment 1: paddr=0003bec4 vaddr=3ffbdb60 size=04154h ( 16724) load[0m
[0;32mI (342) esp_image: segment 2: paddr=00040020 vaddr=400d0020 size=baad0h (764624) map[0m
[0;32mI (605) esp_image: segment 3: paddr=000faaf8 vaddr=3ffc1cb4 size=00fe8h (  4072) load[0m
[0;32mI (606) esp_image: segment 4: paddr=000fbae8 vaddr=40080000 size=1cc6ch (117868) load[0m
[0;32mI (671) boot: Loaded app from partition at offset 0x10000[0m
[0;32mI (671) boot: Disabling RNG early entropy source...[0m
[0;32mI (683) quad_psram: This chip is ESP32-D0WD[0m
[0;32mI (683) esp_psram: Found 8MB PSRAM device[0m
[0;32mI (684) esp_psram: Speed: 40MHz[0m
[0;32mI (687) esp_psram: PSRAM initialized, cache is in normal (1-core) mode.[0m
[0;33mW (694) esp_psram: Virtual address not enough for PSRAM, map as much as we can. 4MB is mapped[0m
[0;32mI (703) cpu_start: Unicore app[0m
[0;32mI (707) cpu_start: Single core mode[0m
[0;32mI (1637) esp_psram: SPI SRAM memory test OK[0m
[0;32mI (1645) cpu_start: Pro cpu start user code[0m
[0;32mI (1645) cpu_start: cpu freq: 240000000 Hz[0m
[0;32mI (1645) app_init: Application information:[0m
[0;32mI (1648) app_init: Project name:     mesh_local_control[0m
[0;32mI (1654) app_init: App version:      f4bea835-dirty[0m
[0;32mI (1659) app_init: Compile time:     Aug 24 2024 21:50:12[0m
[0;32mI (1666) app_init: ELF file SHA256:  ec73a8d70...[0m
[0;32mI (1671) app_init: ESP-IDF:          v5.3-dirty[0m
[0;32mI (1676) efuse_init: Min chip rev:     v0.0[0m
[0;32mI (1681) efuse_init: Max chip rev:     v3.99 [0m
[0;32mI (1686) efuse_init: Chip rev:         v3.1[0m
[0;32mI (1691) heap_init: Initializing. RAM available for dynamic allocation:[0m
[0;32mI (1698) heap_init: At 3FFAE6E0 len 0000F480 (61 KiB): DRAM[0m
[0;32mI (1704) heap_init: At 3FFC7B08 len 000184F8 (97 KiB): DRAM[0m
[0;32mI (1711) heap_init: At 3FFE0440 len 0001FBC0 (126 KiB): D/IRAM[0m
[0;32mI (1717) heap_init: At 40078000 len 00008000 (32 KiB): IRAM[0m
[0;32mI (1723) heap_init: At 4009CC6C len 00003394 (12 KiB): IRAM[0m
[0;32mI (1730) heap_init: At 3FF80000 len 00002000 (8 KiB): RTCRAM[0m
[0;32mI (1737) esp_psram: Adding pool of 4096K of PSRAM memory to heap allocator[0m
[0;32mI (1745) spi_flash: detected chip: generic[0m
[0;32mI (1748) spi_flash: flash io: dio[0m
[0;33mW (1753) i2c: This driver is an old driver, please migrate your application code to adapt `driver/i2c_master.h`[0m
[0;32mI (1775) coexist: coex firmware version: dab85ae96[0m
[0;32mI (1776) main_task: Started on CPU0[0m
[0;32mI (1776) esp_psram: Reserving pool of 32K of internal memory for DMA/internal allocations[0m
[0;32mI (1784) main_task: Calling app_main()[0m
[0;32mI (1803) bridge_common: esp-iot-bridge version: 0.11.8[0m
I (1805) wifi:wifi driver task: 3ffbd618, prio:23, stack:6656, core=0
I (1808) wifi:wifi firmware version: 0caa81945
I (1809) wifi:wifi certification version: v7.0
I (1813) wifi:config NVS flash: enabled
I (1816) wifi:config nano formating: disabled
I (1820) wifi:Init data frame dynamic rx buffer num: 32
I (1825) wifi:Init static rx mgmt buffer num: 5
I (1829) wifi:Init management short buffer num: 32
I (1834) wifi:Init static tx buffer num: 16
I (1838) wifi:Init tx cache buffer num: 32
I (1842) wifi:Init static rx buffer size: 1600
I (1846) wifi:Init static rx buffer num: 10
I (1850) wifi:Init dynamic rx buffer num: 32
[0;32mI (1855) wifi_init: accept mbox: 6[0m
[0;32mI (1858) wifi_init: tcpip mbox: 32[0m
[0;32mI (1862) wifi_init: udp mbox: 6[0m
[0;32mI (1865) wifi_init: tcp mbox: 6[0m
[0;32mI (1869) wifi_init: tcp tx win: 5760[0m
[0;32mI (1873) wifi_init: tcp rx win: 5760[0m
[0;32mI (1878) wifi_init: tcp mss: 1440[0m
[0;32mI (1882) wifi_init: WiFi IRAM OP enabled[0m
[0;32mI (1886) wifi_init: WiFi RX IRAM OP enabled[0m
[0;32mI (1892) phy_init: phy_version 4830,54550f7,Jun 20 2024,14:22:08[0m
[0;33mW (1898) phy_init: failed to load RF calibration data (0x1102), falling back to full calibration[0m
ï¿½ets Jul 29 2019 12:21:46

rst:0x3 (SW_RESET),boot:0x13 (SPI_FAST_FLASH_BOOT)
configsip: 0, SPIWP:0xee
clk_drv:0x00,q_drv:0x00,d_drv:0x00,cs0_drv:0x00,hd_drv:0x00,wp_drv:0x00
mode:DIO, clock div:2
load:0x3fff0030,len:7168
load:0x40078000,len:15452
load:0x40080400,len:4
load:0x40080404,len:3684
entry 0x40080614
[0;32mI (169) boot: ESP-IDF v5.3-dirty 2nd stage bootloader[0m
[0;32mI (169) boot: compile time Aug 24 2024 21:45:09[0m
[0;33mW (169) boot: Unicore bootloader[0m
[0;32mI (174) boot: chip revision: v3.1[0m
[0;32mI (178) boot.esp32: SPI Speed      : 40MHz[0m
[0;32mI (183) boot.esp32: SPI Mode       : DIO[0m
[0;32mI (187) boot.esp32: SPI Flash Size : 4MB[0m
[0;32mI (192) boot: Enabling RNG early entropy source...[0m
[0;32mI (197) boot: Partition Table:[0m
[0;32mI (201) boot: ## Label            Usage          Type ST Offset   Length[0m
[0;32mI (208) boot:  0 nvs              WiFi data        01 02 00009000 00004000[0m
[0;32mI (216) boot:  1 otadata          OTA data         01 00 0000d000 00002000[0m
[0;32mI (224) boot:  2 phy_init         RF data          01 01 0000f000 00001000[0m
[0;32mI (231) boot:  3 ota_0            OTA app          00 10 00010000 001e0000[0m
[0;32mI (239) boot:  4 ota_1            OTA app          00 11 001f0000 001e0000[0m
[0;32mI (246) boot:  5 coredump         Unknown data     01 03 003d0000 00010000[0m
[0;32mI (254) boot:  6 reserved         Unknown data     01 fe 003e0000 00020000[0m
[0;32mI (261) boot: End of partition table[0m
[0;32mI (266) esp_image: segment 0: paddr=00010020 vaddr=3f400020 size=2be9ch (179868) map[0m
[0;32mI (336) esp_image: segment 1: paddr=0003bec4 vaddr=3ffbdb60 size=04154h ( 16724) load[0m
[0;32mI (342) esp_image: segment 2: paddr=00040020 vaddr=400d0020 size=baad0h (764624) map[0m
[0;32mI (604) esp_image: segment 3: paddr=000faaf8 vaddr=3ffc1cb4 size=00fe8h (  4072) load[0m
[0;32mI (606) esp_image: segment 4: paddr=000fbae8 vaddr=40080000 size=1cc6ch (117868) load[0m
[0;32mI (671) boot: Loaded app from partition at offset 0x10000[0m
[0;32mI (671) boot: Disabling RNG early entropy source...[0m
[0;32mI (683) quad_psram: This chip is ESP32-D0WD[0m
[0;32mI (683) esp_psram: Found 8MB PSRAM device[0m
[0;32mI (684) esp_psram: Speed: 40MHz[0m
[0;32mI (687) esp_psram: PSRAM initialized, cache is in normal (1-core) mode.[0m
[0;33mW (694) esp_psram: Virtual address not enough for PSRAM, map as much as we can. 4MB is mapped[0m
[0;32mI (703) cpu_start: Unicore app[0m
[0;32mI (707) cpu_start: Single core mode[0m
[0;32mI (1637) esp_psram: SPI SRAM memory test OK[0m
[0;32mI (1645) cpu_start: Pro cpu start user code[0m
[0;32mI (1645) cpu_start: cpu freq: 240000000 Hz[0m
[0;32mI (1645) app_init: Application information:[0m
[0;32mI (1648) app_init: Project name:     mesh_local_control[0m
[0;32mI (1654) app_init: App version:      f4bea835-dirty[0m
[0;32mI (1659) app_init: Compile time:     Aug 24 2024 21:50:12[0m
[0;32mI (1666) app_init: ELF file SHA256:  ec73a8d70...[0m
[0;32mI (1671) app_init: ESP-IDF:          v5.3-dirty[0m
[0;32mI (1676) efuse_init: Min chip rev:     v0.0[0m
[0;32mI (1681) efuse_init: Max chip rev:     v3.99 [0m
[0;32mI (1686) efuse_init: Chip rev:         v3.1[0m
[0;32mI (1691) heap_init: Initializing. RAM available for dynamic allocation:[0m
[0;32mI (1698) heap_init: At 3FFAE6E0 len 0000F480 (61 KiB): DRAM[0m
[0;32mI (1704) heap_init: At 3FFC7B08 len 000184F8 (97 KiB): DRAM[0m
[0;32mI (1711) heap_init: At 3FFE0440 len 0001FBC0 (126 KiB): D/IRAM[0m
[0;32mI (1717) heap_init: At 40078000 len 00008000 (32 KiB): IRAM[0m
[0;32mI (1723) heap_init: At 4009CC6C len 00003394 (12 KiB): IRAM[0m
[0;32mI (1730) heap_init: At 3FF80000 len 00002000 (8 KiB): RTCRAM[0m
[0;32mI (1737) esp_psram: Adding pool of 4096K of PSRAM memory to heap allocator[0m
[0;32mI (1745) spi_flash: detected chip: generic[0m
[0;32mI (1748) spi_flash: flash io: dio[0m
[0;33mW (1753) i2c: This driver is an old driver, please migrate your application code to adapt `driver/i2c_master.h`[0m
[0;32mI (1775) coexist: coex firmware version: dab85ae96[0m
[0;32mI (1776) main_task: Started on CPU0[0m
[0;32mI (1776) esp_psram: Reserving pool of 32K of internal memory for DMA/internal allocations[0m
[0;32mI (1784) main_task: Calling app_main()[0m
[0;32mI (1803) bridge_common: esp-iot-bridge version: 0.11.8[0m
I (1805) wifi:wifi driver task: 3ffbd618, prio:23, stack:6656, core=0
I (1808) wifi:wifi firmware version: 0caa81945
I (1809) wifi:wifi certification version: v7.0
I (1813) wifi:config NVS flash: enabled
I (1816) wifi:config nano formating: disabled
I (1820) wifi:Init data frame dynamic rx buffer num: 32
I (1825) wifi:Init static rx mgmt buffer num: 5
I (1829) wifi:Init management short buffer num: 32
I (1834) wifi:Init static tx buffer num: 16
I (1838) wifi:Init tx cache buffer num: 32
I (1842) wifi:Init static rx buffer size: 1600
I (1846) wifi:Init static rx buffer num: 10
I (1850) wifi:Init dynamic rx buffer num: 32
[0;32mI (1855) wifi_init: accept mbox: 6[0m
[0;32mI (1858) wifi_init: tcpip mbox: 32[0m
[0;32mI (1862) wifi_init: udp mbox: 6[0m
[0;32mI (1865) wifi_init: tcp mbox: 6[0m
[0;32mI (1869) wifi_init: tcp tx win: 5760[0m
[0;32mI (1873) wifi_init: tcp rx win: 5760[0m
[0;32mI (1878) wifi_init: tcp mss: 1440[0m
[0;32mI (1882) wifi_init: WiFi IRAM OP enabled[0m
[0;32mI (1886) wifi_init: WiFi RX IRAM OP enabled[0m
[0;32mI (1892) phy_init: phy_version 4830,54550f7,Jun 20 2024,14:22:08[0m
[0;33mW (1898) phy_init: failed to load RF calibration data (0x1102), falling back to full calibration[0m
ï¿½ets Jul 29 2019 12:21:46

rst:0x3 (SW_RESET),boot:0x13 (SPI_FAST_FLASH_BOOT)
configsip: 0, SPIWP:0xee
clk_drv:0x00,q_drv:0x00,d_drv:0x00,cs0_drv:0x00,hd_drv:0x00,wp_drv:0x00
mode:DIO, clock div:2
load:0x3fff0030,len:7168
load:0x40078000,len:15452
load:0x40080400,len:4
load:0x40080404,len:3684
entry 0x40080614
[0;32mI (169) boot: ESP-IDF v5.3-dirty 2nd stage bootloader[0m
[0;32mI (169) boot: compile time Aug 24 2024 21:45:09[0m
[0;33mW (169) boot: Unicore bootloader[0m
[0;32mI (174) boot: chip revision: v3.1[0m
[0;32mI (178) boot.esp32: SPI Speed      : 40MHz[0m
[0;32mI (183) boot.esp32: SPI Mode       : DIO[0m
[0;32mI (187) boot.esp32: SPI Flash Size : 4MB[0m
[0;32mI (192) boot: Enabling RNG early entropy source...[0m
[0;32mI (197) boot: Partition Table:[0m
[0;32mI (201) boot: ## Label            Usage          Type ST Offset   Length[0m
[0;32mI (208) boot:  0 nvs              WiFi data        01 02 00009000 00004000[0m
[0;32mI (216) boot:  1 otadata          OTA data         01 00 0000d000 00002000[0m
[0;32mI (224) boot:  2 phy_init         RF data          01 01 0000f000 00001000[0m
[0;32mI (231) boot:  3 ota_0            OTA app          00 10 00010000 001e0000[0m
[0;32mI (239) boot:  4 ota_1            OTA app          00 11 001f0000 001e0000[0m
[0;32mI (246) boot:  5 coredump         Unknown data     01 03 003d0000 00010000[0m
[0;32mI (254) boot:  6 reserved         Unknown data     01 fe 003e0000 00020000[0m
[0;32mI (261) boot: End of partition table[0m
[0;32mI (266) esp_image: segment 0: paddr=00010020 vaddr=3f400020 size=2be9ch (179868) map[0m
[0;32mI (336) esp_image: segment 1: paddr=0003bec4 vaddr=3ffbdb60 size=04154h ( 16724) load[0m
[0;32mI (342) esp_image: segment 2: paddr=00040020 vaddr=400d0020 size=baad0h (764624) map[0m
[0;32mI (605) esp_image: segment 3: paddr=000faaf8 vaddr=3ffc1cb4 size=00fe8h (  4072) load[0m
[0;32mI (606) esp_image: segment 4: paddr=000fbae8 vaddr=40080000 size=1cc6ch (117868) load[0m
[0;32mI (671) boot: Loaded app from partition at offset 0x10000[0m
[0;32mI (671) boot: Disabling RNG early entropy source...[0m
[0;32mI (683) quad_psram: This chip is ESP32-D0WD[0m
[0;32mI (683) esp_psram: Found 8MB PSRAM device[0m
[0;32mI (684) esp_psram: Speed: 40MHz[0m
[0;32mI (687) esp_psram: PSRAM initialized, cache is in normal (1-core) mode.[0m
[0;33mW (694) esp_psram: Virtual address not enough for PSRAM, map as much as we can. 4MB is mapped[0m
[0;32mI (703) cpu_start: Unicore app[0m
[0;32mI (707) cpu_start: Single core mode[0m
[0;32mI (1637) esp_psram: SPI SRAM memory test OK[0m
[0;32mI (1645) cpu_start: Pro cpu start user code[0m
[0;32mI (1645) cpu_start: cpu freq: 240000000 Hz[0m
[0;32mI (1645) app_init: Application information:[0m
[0;32mI (1648) app_init: Project name:     mesh_local_control[0m
[0;32mI (1654) app_init: App version:      f4bea835-dirty[0m
[0;32mI (1659) app_init: Compile time:     Aug 24 2024 21:50:12[0m
[0;32mI (1666) app_init: ELF file SHA256:  ec73a8d70...[0m
[0;32mI (1671) app_init: ESP-IDF:          v5.3-dirty[0m
[0;32mI (1676) efuse_init: Min chip rev:     v0.0[0m
[0;32mI (1681) efuse_init: Max chip rev:     v3.99 [0m
[0;32mI (1686) efuse_init: Chip rev:         v3.1[0m
[0;32mI (1691) heap_init: Initializing. RAM available for dynamic allocation:[0m
[0;32mI (1698) heap_init: At 3FFAE6E0 len 0000F480 (61 KiB): DRAM[0m
[0;32mI (1704) heap_init: At 3FFC7B08 len 000184F8 (97 KiB): DRAM[0m
[0;32mI (1711) heap_init: At 3FFE0440 len 0001FBC0 (126 KiB): D/IRAM[0m
[0;32mI (1717) heap_init: At 40078000 len 00008000 (32 KiB): IRAM[0m
[0;32mI (1723) heap_init: At 4009CC6C len 00003394 (12 KiB): IRAM[0m
[0;32mI (1730) heap_init: At 3FF80000 len 00002000 (8 KiB): RTCRAM[0m
[0;32mI (1737) esp_psram: Adding pool of 4096K of PSRAM memory to heap allocator[0m
[0;32mI (1745) spi_flash: detected chip: generic[0m
[0;32mI (1748) spi_flash: flash io: dio[0m
[0;33mW (1753) i2c: This driver is an old driver, please migrate your application code to adapt `driver/i2c_master.h`[0m
[0;32mI (1775) coexist: coex firmware version: dab85ae96[0m
[0;32mI (1776) main_task: Started on CPU0[0m
[0;32mI (1776) esp_psram: Reserving pool of 32K of internal memory for DMA/internal allocations[0m
[0;32mI (1784) main_task: Calling app_main()[0m
[0;32mI (1803) bridge_common: esp-iot-bridge version: 0.11.8[0m
I (1805) wifi:wifi driver task: 3ffbd618, prio:23, stack:6656, core=0
I (1808) wifi:wifi firmware version: 0caa81945
I (1809) wifi:wifi certification version: v7.0
I (1813) wifi:config NVS flash: enabled
I (1816) wifi:config nano formating: disabled
I (1820) wifi:Init data frame dynamic rx buffer num: 32
I (1825) wifi:Init static rx mgmt buffer num: 5
I (1829) wifi:Init management short buffer num: 32
I (1834) wifi:Init static tx buffer num: 16
I (1838) wifi:Init tx cache buffer num: 32
I (1842) wifi:Init static rx buffer size: 1600
I (1846) wifi:Init static rx buffer num: 10
I (1850) wifi:Init dynamic rx buffer num: 32
[0;32mI (1855) wifi_init: accept mbox: 6[0m
[0;32mI (1858) wifi_init: tcpip mbox: 32[0m
[0;32mI (1862) wifi_init: udp mbox: 6[0m
[0;32mI (1865) wifi_init: tcp mbox: 6[0m
[0;32mI (1869) wifi_init: tcp tx win: 5760[0m
[0;32mI (1873) wifi_init: tcp rx win: 5760[0m
[0;32mI (1878) wifi_init: tcp mss: 1440[0m
[0;32mI (1882) wifi_init: WiFi IRAM OP enabled[0m
[0;32mI (1886) wifi_init: WiFi RX IRAM OP enabled[0m
[0;32mI (1892) phy_init: phy_version 4830,54550f7,Jun 20 2024,14:22:08[0m
[0;33mW (1898) phy_init: failed to load RF calibration data (0x1102), falling back to full calibration[0m
ï¿½ets Jul 29 2019 12:21:46

rst:0x3 (SW_RESET),boot:0x13 (SPI_FAST_FLASH_BOOT)
configsip: 0, SPIWP:0xee
clk_drv:0x00,q_drv:0x00,d_drv:0x00,cs0_drv:0x00,hd_drv:0x00,wp_drv:0x00
mode:DIO, clock div:2
load:0x3fff0030,len:7168
load:0x40078000,len:15452
load:0x40080400,len:4
load:0x40080404,len:3684
entry 0x40080614
[0;32mI (169) boot: ESP-IDF v5.3-dirty 2nd stage bootloader[0m
[0;32mI (169) boot: compile time Aug 24 2024 21:45:09[0m
[0;33mW (169) boot: Unicore bootloader[0m
[0;32mI (174) boot: chip revision: v3.1[0m
[0;32mI (178) boot.esp32: SPI Speed      : 40MHz[0m
[0;32mI (183) boot.esp32: SPI Mode       : DIO[0m
[0;32mI (187) boot.esp32: SPI Flash Size : 4MB[0m
[0;32mI (192) boot: Enabling RNG early entropy source...[0m
[0;32mI (197) boot: Partition Table:[0m
[0;32mI (201) boot: ## Label            Usage          Type ST Offset   Length[0m
[0;32mI (208) boot:  0 nvs              WiFi data        01 02 00009000 00004000[0m
[0;32mI (216) boot:  1 otadata          OTA data         01 00 0000d000 00002000[0m
[0;32mI (224) boot:  2 phy_init         RF data          01 01 0000f000 00001000[0m
[0;32mI (231) boot:  3 ota_0            OTA app          00 10 00010000 001e0000[0m
[0;32mI (239) boot:  4 ota_1            OTA app          00 11 001f0000 001e0000[0m
[0;32mI (246) boot:  5 coredump         Unknown data     01 03 003d0000 00010000[0m
[0;32mI (254) boot:  6 reserved         Unknown data     01 fe 003e0000 00020000[0m
[0;32mI (261) boot: End of partition table[0m
[0;32mI (266) esp_image: segment 0: paddr=00010020 vaddr=3f400020 size=2be9ch (179868) map[0m
[0;32mI (336) esp_image: segment 1: paddr=0003bec4 vaddr=3ffbdb60 size=04154h ( 16724) load[0m
[0;32mI (342) esp_image: segment 2: paddr=00040020 vaddr=400d0020 size=baad0h (764624) map[0m
[0;32mI (605) esp_image: segment 3: paddr=000faaf8 vaddr=3ffc1cb4 size=00fe8h (  4072) load[0m
[0;32mI (606) esp_image: segment 4: paddr=000fbae8 vaddr=40080000 size=1cc6ch (117868) load[0m
[0;32mI (671) boot: Loaded app from partition at offset 0x10000[0m
[0;32mI (671) boot: Disabling RNG early entropy source...[0m
[0;32mI (683) quad_psram: This chip is ESP32-D0WD[0m
[0;32mI (683) esp_psram: Found 8MB PSRAM device[0m
[0;32mI (684) esp_psram: Speed: 40MHz[0m
[0;32mI (687) esp_psram: PSRAM initialized, cache is in normal (1-core) mode.[0m
[0;33mW (694) esp_psram: Virtual address not enough for PSRAM, map as much as we can. 4MB is mapped[0m
[0;32mI (703) cpu_start: Unicore app[0m
[0;32mI (707) cpu_start: Single core mode[0m
[0;32mI (1637) esp_psram: SPI SRAM memory test OK[0m
[0;32mI (1645) cpu_start: Pro cpu start user code[0m
[0;32mI (1645) cpu_start: cpu freq: 240000000 Hz[0m
[0;32mI (1645) app_init: Application information:[0m
[0;32mI (1648) app_init: Project name:     mesh_local_control[0m
[0;32mI (1654) app_init: App version:      f4bea835-dirty[0m
[0;32mI (1659) app_init: Compile time:     Aug 24 2024 21:50:12[0m
[0;32mI (1666) app_init: ELF file SHA256:  ec73a8d70...[0m
[0;32mI (1671) app_init: ESP-IDF:          v5.3-dirty[0m
[0;32mI (1676) efuse_init: Min chip rev:     v0.0[0m
[0;32mI (1681) efuse_init: Max chip rev:     v3.99 [0m
[0;32mI (1686) efuse_init: Chip rev:         v3.1[0m
[0;32mI (1691) heap_init: Initializing. RAM available for dynamic allocation:[0m
[0;32mI (1698) heap_init: At 3FFAE6E0 len 0000F480 (61 KiB): DRAM[0m
[0;32mI (1704) heap_init: At 3FFC7B08 len 000184F8 (97 KiB): DRAM[0m
[0;32mI (1711) heap_init: At 3FFE0440 len 0001FBC0 (126 KiB): D/IRAM[0m
[0;32mI (1717) heap_init: At 40078000 len 00008000 (32 KiB): IRAM[0m
[0;32mI (1723) heap_init: At 4009CC6C len 00003394 (12 KiB): IRAM[0m
[0;32mI (1730) heap_init: At 3FF80000 len 00002000 (8 KiB): RTCRAM[0m
[0;32mI (1737) esp_psram: Adding pool of 4096K of PSRAM memory to heap allocator[0m
[0;32mI (1745) spi_flash: detected chip: generic[0m
[0;32mI (1748) spi_flash: flash io: dio[0m
[0;33mW (1753) i2c: This driver is an old driver, please migrate your application code to adapt `driver/i2c_master.h`[0m
[0;32mI (1775) coexist: coex firmware version: dab85ae96[0m
[0;32mI (1776) main_task: Started on CPU0[0m
[0;32mI (1776) esp_psram: Reserving pool of 32K of internal memory for DMA/internal allocations[0m
[0;32mI (1784) main_task: Calling app_main()[0m
[0;32mI (1803) bridge_common: esp-iot-bridge version: 0.11.8[0m
I (1805) wifi:wifi driver task: 3ffbd618, prio:23, stack:6656, core=0
I (1808) wifi:wifi firmware version: 0caa81945
I (1809) wifi:wifi certification version: v7.0
I (1813) wifi:config NVS flash: enabled
I (1816) wifi:config nano formating: disabled
I (1820) wifi:Init data frame dynamic rx buffer num: 32
I (1825) wifi:Init static rx mgmt buffer num: 5
I (1829) wifi:Init management short buffer num: 32
I (1834) wifi:Init static tx buffer num: 16
I (1838) wifi:Init tx cache buffer num: 32
I (1842) wifi:Init static rx buffer size: 1600
I (1846) wifi:Init static rx buffer num: 10
I (1850) wifi:Init dynamic rx buffer num: 32
[0;32mI (1855) wifi_init: accept mbox: 6[0m
[0;32mI (1858) wifi_init: tcpip mbox: 32[0m
[0;32mI (1862) wifi_init: udp mbox: 6[0m
[0;32mI (1865) wifi_init: tcp mbox: 6[0m
[0;32mI (1869) wifi_init: tcp tx win: 5760[0m
[0;32mI (1873) wifi_init: tcp rx win: 5760[0m
[0;32mI (1878) wifi_init: tcp mss: 1440[0m
[0;32mI (1882) wifi_init: WiFi IRAM OP enabled[0m
[0;32mI (1886) wifi_init: WiFi RX IRAM OP enabled[0m
[0;32mI (1892) phy_init: phy_version 4830,54550f7,Jun 20 2024,14:22:08[0m
[0;33mW (1898) phy_init: failed to load RF calibration data (0x1102), falling back to full calibration[0m
ï¿½ets Jul 29 2019 12:21:46

rst:0x3 (SW_RESET),boot:0x13 (SPI_FAST_FLASH_BOOT)
configsip: 0, SPIWP:0xee
clk_drv:0x00,q_drv:0x00,d_drv:0x00,cs0_drv:0x00,hd_drv:0x00,wp_drv:0x00
mode:DIO, clock div:2
load:0x3fff0030,len:7168
load:0x40078000,len:15452
load:0x40080400,len:4
load:0x40080404,len:3684
entry 0x40080614
[0;32mI (169) boot: ESP-IDF v5.3-dirty 2nd stage bootloader[0m
[0;32mI (169) boot: compile time Aug 24 2024 21:45:09[0m
[0;33mW (169) boot: Unicore bootloader[0m
[0;32mI (174) boot: chip revision: v3.1[0m
[0;32mI (178) boot.esp32: SPI Speed      : 40MHz[0m
[0;32mI (183) boot.esp32: SPI Mode       : DIO[0m
[0;32mI (187) boot.esp32: SPI Flash Size : 4MB[0m
[0;32mI (192) boot: Enabling RNG early entropy source...[0m
[0;32mI (197) boot: Partition Table:[0m
[0;32mI (201) boot: ## Label            Usage          Type ST Offset   Length[0m
[0;32mI (208) boot:  0 nvs              WiFi data        01 02 00009000 00004000[0m
[0;32mI (216) boot:  1 otadata          OTA data         01 00 0000d000 00002000[0m
[0;32mI (224) boot:  2 phy_init         RF data          01 01 0000f000 00001000[0m
[0;32mI (231) boot:  3 ota_0            OTA app          00 10 00010000 001e0000[0m
[0;32mI (239) boot:  4 ota_1            OTA app          00 11 001f0000 001e0000[0m
[0;32mI (246) boot:  5 coredump         Unknown data     01 03 003d0000 00010000[0m
[0;32mI (254) boot:  6 reserved         Unknown data     01 fe 003e0000 00020000[0m
[0;32mI (261) boot: End of partition table[0m
[0;32mI (266) esp_image: segment 0: paddr=00010020 vaddr=3f400020 size=2be9ch (179868) map[0m
[0;32mI (336) esp_image: segment 1: paddr=0003bec4 vaddr=3ffbdb60 size=04154h ( 16724) load[0m
[0;32mI (342) esp_image: segment 2: paddr=00040020 vaddr=400d0020 size=baad0h (764624) map[0m
[0;32mI (604) esp_image: segment 3: paddr=000faaf8 vaddr=3ffc1cb4 size=00fe8h (  4072) load[0m
[0;32mI (606) esp_image: segment 4: paddr=000fbae8 vaddr=40080000 size=1cc6ch (117868) load[0m
[0;32mI (671) boot: Loaded app from partition at offset 0x10000[0m
[0;32mI (671) boot: Disabling RNG early entropy source...[0m
[0;32mI (683) quad_psram: This chip is ESP32-D0WD[0m
[0;32mI (683) esp_psram: Found 8MB PSRAM device[0m
[0;32mI (683) esp_psram: Speed: 40MHz[0m
[0;32mI (687) esp_psram: PSRAM initialized, cache is in normal (1-core) mode.[0m
[0;33mW (694) esp_psram: Virtual address not enough for PSRAM, map as much as we can. 4MB is mapped[0m
[0;32mI (703) cpu_start: Unicore app[0m
[0;32mI (707) cpu_start: Single core mode[0m
[0;32mI (1637) esp_psram: SPI SRAM memory test OK[0m
[0;32mI (1645) cpu_start: Pro cpu start user code[0m
[0;32mI (1645) cpu_start: cpu freq: 240000000 Hz[0m
[0;32mI (1645) app_init: Application information:[0m
[0;32mI (1648) app_init: Project name:     mesh_local_control[0m
[0;32mI (1654) app_init: App version:      f4bea835-dirty[0m
[0;32mI (1659) app_init: Compile time:     Aug 24 2024 21:50:12[0m
[0;32mI (1666) app_init: ELF file SHA256:  ec73a8d70...[0m
[0;32mI (1671) app_init: ESP-IDF:          v5.3-dirty[0m
[0;32mI (1676) efuse_init: Min chip rev:     v0.0[0m
[0;32mI (1681) efuse_init: Max chip rev:     v3.99 [0m
[0;32mI (1686) efuse_init: Chip rev:         v3.1[0m
[0;32mI (1691) heap_init: Initializing. RAM available for dynamic allocation:[0m
[0;32mI (1698) heap_init: At 3FFAE6E0 len 0000F480 (61 KiB): DRAM[0m
[0;32mI (1704) heap_init: At 3FFC7B08 len 000184F8 (97 KiB): DRAM[0m
[0;32mI (1711) heap_init: At 3FFE0440 len 0001FBC0 (126 KiB): D/IRAM[0m
[0;32mI (1717) heap_init: At 40078000 len 00008000 (32 KiB): IRAM[0m
[0;32mI (1723) heap_init: At 4009CC6C len 00003394 (12 KiB): IRAM[0m
[0;32mI (1730) heap_init: At 3FF80000 len 00002000 (8 KiB): RTCRAM[0m
[0;32mI (1737) esp_psram: Adding pool of 4096K of PSRAM memory to heap allocator[0m
[0;32mI (1745) spi_flash: detected chip: generic[0m
[0;32mI (1748) spi_flash: flash io: dio[0m
[0;33mW (1753) i2c: This driver is an old driver, please migrate your application code to adapt `driver/i2c_master.h`[0m
[0;32mI (1775) coexist: coex firmware version: dab85ae96[0m
[0;32mI (1776) main_task: Started on CPU0[0m
[0;32mI (1776) esp_psram: Reserving pool of 32K of internal memory for DMA/internal allocations[0m
[0;32mI (1784) main_task: Calling app_main()[0m
[0;32mI (1803) bridge_common: esp-iot-bridge version: 0.11.8[0m
I (1805) wifi:wifi driver task: 3ffbd618, prio:23, stack:6656, core=0
I (1808) wifi:wifi firmware version: 0caa81945
I (1809) wifi:wifi certification version: v7.0
I (1813) wifi:config NVS flash: enabled
I (1816) wifi:config nano formating: disabled
I (1820) wifi:Init data frame dynamic rx buffer num: 32
I (1825) wifi:Init static rx mgmt buffer num: 5
I (1829) wifi:Init management short buffer num: 32
I (1834) wifi:Init static tx buffer num: 16
I (1838) wifi:Init tx cache buffer num: 32
I (1842) wifi:Init static rx buffer size: 1600
I (1846) wifi:Init static rx buffer num: 10
I (1850) wifi:Init dynamic rx buffer num: 32
[0;32mI (1855) wifi_init: accept mbox: 6[0m
[0;32mI (1858) wifi_init: tcpip mbox: 32[0m
[0;32mI (1862) wifi_init: udp mbox: 6[0m
[0;32mI (1865) wifi_init: tcp mbox: 6[0m
[0;32mI (1869) wifi_init: tcp tx win: 5760[0m
[0;32mI (1873) wifi_init: tcp rx win: 5760[0m
[0;32mI (1878) wifi_init: tcp mss: 1440[0m
[0;32mI (1882) wifi_init: WiFi IRAM OP enabled[0m
[0;32mI (1886) wifi_init: WiFi RX IRAM OP enabled[0m
[0;32mI (1892) phy_init: phy_version 4830,54550f7,Jun 20 2024,14:22:08[0m
[0;33mW (1898) phy_init: failed to load RF calibration data (0x1102), falling back to full calibration[0m
ï¿½ets Jul 29 2019 12:21:46

rst:0x3 (SW_RESET),boot:0x13 (SPI_FAST_FLASH_BOOT)
configsip: 0, SPIWP:0xee
clk_drv:0x00,q_drv:0x00,d_drv:0x00,cs0_drv:0x00,hd_drv:0x00,wp_drv:0x00
mode:DIO, clock div:2
load:0x3fff0030,len:7168
load:0x40078000,len:15452
load:0x40080400,len:4
load:0x40080404,len:3684
entry 0x40080614
[0;32mI (169) boot: ESP-IDF v5.3-dirty 2nd stage bootloader[0m
[0;32mI (169) boot: compile time Aug 24 2024 21:45:09[0m
[0;33mW (169) boot: Unicore bootloader[0m
[0;32mI (174) boot: chip revision: v3.1[0m
[0;32mI (178) boot.esp32: SPI Speed      : 40MHz[0m
[0;32mI (183) boot.esp32: SPI Mode       : DIO[0m
[0;32mI (187) boot.esp32: SPI Flash Size : 4MB[0m
[0;32mI (192) boot: Enabling RNG early entropy source...[0m
[0;32mI (197) boot: Partition Table:[0m
[0;32mI (201) boot: ## Label            Usage          Type ST Offset   Length[0m
[0;32mI (208) boot:  0 nvs              WiFi data        01 02 00009000 00004000[0m
[0;32mI (216) boot:  1 otadata          OTA data         01 00 0000d000 00002000[0m
[0;32mI (224) boot:  2 phy_init         RF data          01 01 0000f000 00001000[0m
[0;32mI (231) boot:  3 ota_0            OTA app          00 10 00010000 001e0000[0m
[0;32mI (239) boot:  4 ota_1            OTA app          00 11 001f0000 001e0000[0m
[0;32mI (246) boot:  5 coredump         Unknown data     01 03 003d0000 00010000[0m
[0;32mI (254) boot:  6 reserved         Unknown data     01 fe 003e0000 00020000[0m
[0;32mI (261) boot: End of partition table[0m
[0;32mI (266) esp_image: segment 0: paddr=00010020 vaddr=3f400020 size=2be9ch (179868) map[0m
[0;32mI (336) esp_image: segment 1: paddr=0003bec4 vaddr=3ffbdb60 size=04154h ( 16724) load[0m
[0;32mI (342) esp_image: segment 2: paddr=00040020 vaddr=400d0020 size=baad0h (764624) map[0m
[0;32mI (604) esp_image: segment 3: paddr=000faaf8 vaddr=3ffc1cb4 size=00fe8h (  4072) load[0m
[0;32mI (606) esp_image: segment 4: paddr=000fbae8 vaddr=40080000 size=1cc6ch (117868) load[0m
[0;32mI (671) boot: Loaded app from partition at offset 0x10000[0m
[0;32mI (671) boot: Disabling RNG early entropy source...[0m
[0;32mI (683) quad_psram: This chip is ESP32-D0WD[0m
[0;32mI (683) esp_psram: Found 8MB PSRAM device[0m
[0;32mI (683) esp_psram: Speed: 40MHz[0m
[0;32mI (687) esp_psram: PSRAM initialized, cache is in normal (1-core) mode.[0m
[0;33mW (694) esp_psram: Virtual address not enough for PSRAM, map as much as we can. 4MB is mapped[0m
[0;32mI (703) cpu_start: Unicore app[0m
[0;32mI (707) cpu_start: Single core mode[0m
[0;32mI (1637) esp_psram: SPI SRAM memory test OK[0m
[0;32mI (1645) cpu_start: Pro cpu start user code[0m
[0;32mI (1645) cpu_start: cpu freq: 240000000 Hz[0m
[0;32mI (1645) app_init: Application information:[0m
[0;32mI (1648) app_init: Project name:     mesh_local_control[0m
[0;32mI (1654) app_init: App version:      f4bea835-dirty[0m
[0;32mI (1659) app_init: Compile time:     Aug 24 2024 21:50:12[0m
[0;32mI (1666) app_init: ELF file SHA256:  ec73a8d70...[0m
[0;32mI (1671) app_init: ESP-IDF:          v5.3-dirty[0m
[0;32mI (1676) efuse_init: Min chip rev:     v0.0[0m
[0;32mI (1681) efuse_init: Max chip rev:     v3.99 [0m
[0;32mI (1686) efuse_init: Chip rev:         v3.1[0m
[0;32mI (1691) heap_init: Initializing. RAM available for dynamic allocation:[0m
[0;32mI (1698) heap_init: At 3FFAE6E0 len 0000F480 (61 KiB): DRAM[0m
[0;32mI (1704) heap_init: At 3FFC7B08 len 000184F8 (97 KiB): DRAM[0m
[0;32mI (1711) heap_init: At 3FFE0440 len 0001FBC0 (126 KiB): D/IRAM[0m
[0;32mI (1717) heap_init: At 40078000 len 00008000 (32 KiB): IRAM[0m
[0;32mI (1723) heap_init: At 4009CC6C len 00003394 (12 KiB): IRAM[0m
[0;32mI (1730) heap_init: At 3FF80000 len 00002000 (8 KiB): RTCRAM[0m
[0;32mI (1737) esp_psram: Adding pool of 4096K of PSRAM memory to heap allocator[0m
[0;32mI (1745) spi_flash: detected chip: generic[0m
[0;32mI (1748) spi_flash: flash io: dio[0m
[0;33mW (1753) i2c: This driver is an old driver, please migrate your application code to adapt `driver/i2c_master.h`[0m
[0;32mI (1775) coexist: coex firmware version: dab85ae96[0m
[0;32mI (1776) main_task: Started on CPU0[0m
[0;32mI (1776) esp_psram: Reserving pool of 32K of internal memory for DMA/internal allocations[0m
[0;32mI (1784) main_task: Calling app_main()[0m
[0;32mI (1803) bridge_common: esp-iot-bridge version: 0.11.8[0m
I (1805) wifi:wifi driver task: 3ffbd618, prio:23, stack:6656, core=0
I (1808) wifi:wifi firmware version: 0caa81945
I (1809) wifi:wifi certification version: v7.0
I (1813) wifi:config NVS flash: enabled
I (1816) wifi:config nano formating: disabled
I (1820) wifi:Init data frame dynamic rx buffer num: 32
I (1825) wifi:Init static rx mgmt buffer num: 5
I (1829) wifi:Init management short buffer num: 32
I (1834) wifi:Init static tx buffer num: 16
I (1838) wifi:Init tx cache buffer num: 32
I (1842) wifi:Init static rx buffer size: 1600
I (1846) wifi:Init static rx buffer num: 10
I (1850) wifi:Init dynamic rx buffer num: 32
[0;32mI (1855) wifi_init: accept mbox: 6[0m
[0;32mI (1858) wifi_init: tcpip mbox: 32[0m
[0;32mI (1862) wifi_init: udp mbox: 6[0m
[0;32mI (1865) wifi_init: tcp mbox: 6[0m
[0;32mI (1869) wifi_init: tcp tx win: 5760[0m
[0;32mI (1873) wifi_init: tcp rx win: 5760[0m
[0;32mI (1878) wifi_init: tcp mss: 1440[0m
[0;32mI (1882) wifi_init: WiFi IRAM OP enabled[0m
[0;32mI (1886) wifi_init: WiFi RX IRAM OP enabled[0m
[0;32mI (1892) phy_init: phy_version 4830,54550f7,Jun 20 2024,14:22:08[0m
[0;33mW (1898) phy_init: failed to load RF calibration data (0x1102), falling back to full calibration[0m
ï¿½ets Jul 29 2019 12:21:46

rst:0x3 (SW_RESET),boot:0x13 (SPI_FAST_FLASH_BOOT)
configsip: 0, SPIWP:0xee
clk_drv:0x00,q_drv:0x00,d_drv:0x00,cs0_drv:0x00,hd_drv:0x00,wp_drv:0x00
mode:DIO, clock div:2
load:0x3fff0030,len:7168
load:0x40078000,len:15452
load:0x40080400,len:4
load:0x40080404,len:3684
entry 0x40080614
[0;32mI (169) boot: ESP-IDF v5.3-dirty 2nd stage bootloader[0m
[0;32mI (169) boot: compile time Aug 24 2024 21:45:09[0m
[0;33mW (169) boot: Unicore bootloader[0m
[0;32mI (174) boot: chip revision: v3.1[0m
[0;32mI (178) boot.esp32: SPI Speed      : 40MHz[0m
[0;32mI (183) boot.esp32: SPI Mode       : DIO[0m
[0;32mI (187) boot.esp32: SPI Flash Size : 4MB[0m
[0;32mI (192) boot: Enabling RNG early entropy source...[0m
[0;32mI (197) boot: Partition Table:[0m
[0;32mI (201) boot: ## Label            Usage          Type ST Offset   Length[0m
[0;32mI (208) boot:  0 nvs              WiFi data        01 02 00009000 00004000[0m
[0;32mI (216) boot:  1 otadata          OTA data         01 00 0000d000 00002000[0m
[0;32mI (224) boot:  2 phy_init         RF data          01 01 0000f000 00001000[0m
[0;32mI (231) boot:  3 ota_0            OTA app          00 10 00010000 001e0000[0m
[0;32mI (239) boot:  4 ota_1            OTA app          00 11 001f0000 001e0000[0m
[0;32mI (246) boot:  5 coredump         Unknown data     01 03 003d0000 00010000[0m
[0;32mI (254) boot:  6 reserved         Unknown data     01 fe 003e0000 00020000[0m
[0;32mI (261) boot: End of partition table[0m
[0;32mI (266) esp_image: segment 0: paddr=00010020 vaddr=3f400020 size=2be9ch (179868) map[0m
[0;32mI (336) esp_image: segment 1: paddr=0003bec4 vaddr=3ffbdb60 size=04154h ( 16724) load[0m
[0;32mI (342) esp_image: segment 2: paddr=00040020 vaddr=400d0020 size=baad0h (764624) map[0m
[0;32mI (605) esp_image: segment 3: paddr=000faaf8 vaddr=3ffc1cb4 size=00fe8h (  4072) load[0m
[0;32mI (606) esp_image: segment 4: paddr=000fbae8 vaddr=40080000 size=1cc6ch (117868) load[0m
[0;32mI (671) boot: Loaded app from partition at offset 0x10000[0m
[0;32mI (671) boot: Disabling RNG early entropy source...[0m
[0;32mI (683) quad_psram: This chip is ESP32-D0WD[0m
[0;32mI (683) esp_psram: Found 8MB PSRAM device[0m
[0;32mI (684) esp_psram: Speed: 40MHz[0m
[0;32mI (687) esp_psram: PSRAM initialized, cache is in normal (1-core) mode.[0m
[0;33mW (694) esp_psram: Virtual address not enough for PSRAM, map as much as we can. 4MB is mapped[0m
[0;32mI (703) cpu_start: Unicore app[0m
[0;32mI (707) cpu_start: Single core mode[0m
[0;32mI (1637) esp_psram: SPI SRAM memory test OK[0m
[0;32mI (1645) cpu_start: Pro cpu start user code[0m
[0;32mI (1645) cpu_start: cpu freq: 240000000 Hz[0m
[0;32mI (1645) app_init: Application information:[0m
[0;32mI (1648) app_init: Project name:     mesh_local_control[0m
[0;32mI (1654) app_init: App version:      f4bea835-dirty[0m
[0;32mI (1659) app_init: Compile time:     Aug 24 2024 21:50:12[0m
[0;32mI (1666) app_init: ELF file SHA256:  ec73a8d70...[0m
[0;32mI (1671) app_init: ESP-IDF:          v5.3-dirty[0m
[0;32mI (1676) efuse_init: Min chip rev:     v0.0[0m
[0;32mI (1681) efuse_init: Max chip rev:     v3.99 [0m
[0;32mI (1686) efuse_init: Chip rev:         v3.1[0m
[0;32mI (1691) heap_init: Initializing. RAM available for dynamic allocation:[0m
[0;32mI (1698) heap_init: At 3FFAE6E0 len 0000F480 (61 KiB): DRAM[0m
[0;32mI (1704) heap_init: At 3FFC7B08 len 000184F8 (97 KiB): DRAM[0m
[0;32mI (1711) heap_init: At 3FFE0440 len 0001FBC0 (126 KiB): D/IRAM[0m
[0;32mI (1717) heap_init: At 40078000 len 00008000 (32 KiB): IRAM[0m
[0;32mI (1723) heap_init: At 4009CC6C len 00003394 (12 KiB): IRAM[0m
[0;32mI (1730) heap_init: At 3FF80000 len 00002000 (8 KiB): RTCRAM[0m
[0;32mI (1737) esp_psram: Adding pool of 4096K of PSRAM memory to heap allocator[0m
[0;32mI (1745) spi_flash: detected chip: generic[0m
[0;32mI (1748) spi_flash: flash io: dio[0m
[0;33mW (1753) i2c: This driver is an old driver, please migrate your application code to adapt `driver/i2c_master.h`[0m
[0;32mI (1775) coexist: coex firmware version: dab85ae96[0m
[0;32mI (1776) main_task: Started on CPU0[0m
[0;32mI (1776) esp_psram: Reserving pool of 32K of internal memory for DMA/internal allocations[0m
[0;32mI (1784) main_task: Calling app_main()[0m
[0;32mI (1803) bridge_common: esp-iot-bridge version: 0.11.8[0m
I (1805) wifi:wifi driver task: 3ffbd618, prio:23, stack:6656, core=0
I (1808) wifi:wifi firmware version: 0caa81945
I (1809) wifi:wifi certification version: v7.0
I (1813) wifi:config NVS flash: enabled
I (1816) wifi:config nano formating: disabled
I (1820) wifi:Init data frame dynamic rx buffer num: 32
I (1825) wifi:Init static rx mgmt buffer num: 5
I (1829) wifi:Init management short buffer num: 32
I (1834) wifi:Init static tx buffer num: 16
I (1838) wifi:Init tx cache buffer num: 32
I (1842) wifi:Init static rx buffer size: 1600
I (1846) wifi:Init static rx buffer num: 10
I (1850) wifi:Init dynamic rx buffer num: 32
[0;32mI (1855) wifi_init: accept mbox: 6[0m
[0;32mI (1858) wifi_init: tcpip mbox: 32[0m
[0;32mI (1862) wifi_init: udp mbox: 6[0m
[0;32mI (1865) wifi_init: tcp mbox: 6[0m
[0;32mI (1869) wifi_init: tcp tx win: 5760[0m
[0;32mI (1873) wifi_init: tcp rx win: 5760[0m
[0;32mI (1878) wifi_init: tcp mss: 1440[0m
[0;32mI (1882) wifi_init: WiFi IRAM OP enabled[0m
[0;32mI (1886) wifi_init: WiFi RX IRAM OP enabled[0m
[0;32mI (1892) phy_init: phy_version 4830,54550f7,Jun 20 2024,14:22:08[0m
[0;33mW (1898) phy_init: failed to load RF calibration data (0x1102), falling back to full calibration[0m
ï¿½ets Jul 29 2019 12:21:46

rst:0x3 (SW_RESET),boot:0x13 (SPI_FAST_FLASH_BOOT)
configsip: 0, SPIWP:0xee
clk_drv:0x00,q_drv:0x00,d_drv:0x00,cs0_drv:0x00,hd_drv:0x00,wp_drv:0x00
mode:DIO, clock div:2
load:0x3fff0030,len:7168
load:0x40078000,len:15452
load:0x40080400,len:4
load:0x40080404,len:3684
entry 0x40080614
[0;32mI (169) boot: ESP-IDF v5.3-dirty 2nd stage bootloader[0m
[0;32mI (169) boot: compile time Aug 24 2024 21:45:09[0m
[0;33mW (169) boot: Unicore bootloader[0m
[0;32mI (174) boot: chip revision: v3.1[0m
[0;32mI (178) boot.esp32: SPI Speed      : 40MHz[0m
[0;32mI (183) boot.esp32: SPI Mode       : DIO[0m
[0;32mI (187) boot.esp32: SPI Flash Size : 4MB[0m
[0;32mI (192) boot: Enabling RNG early entropy source...[0m
[0;32mI (197) boot: Partition Table:[0m
[0;32mI (201) boot: ## Label            Usage          Type ST Offset   Length[0m
[0;32mI (208) boot:  0 nvs              WiFi data        01 02 00009000 00004000[0m
[0;32mI (216) boot:  1 otadata          OTA data         01 00 0000d000 00002000[0m
[0;32mI (224) boot:  2 phy_init         RF data          01 01 0000f000 00001000[0m
[0;32mI (231) boot:  3 ota_0            OTA app          00 10 00010000 001e0000[0m
[0;32mI (239) boot:  4 ota_1            OTA app          00 11 001f0000 001e0000[0m
[0;32mI (246) boot:  5 coredump         Unknown data     01 03 003d0000 00010000[0m
[0;32mI (254) boot:  6 reserved         Unknown data     01 fe 003e0000 00020000[0m
[0;32mI (261) boot: End of partition table[0m
[0;32mI (266) esp_image: segment 0: paddr=00010020 vaddr=3f400020 size=2be9ch (179868) map[0m
[0;32mI (336) esp_image: segment 1: paddr=0003bec4 vaddr=3ffbdb60 size=04154h ( 16724) load[0m
[0;32mI (342) esp_image: segment 2: paddr=00040020 vaddr=400d0020 size=baad0h (764624) map[0m
[0;32mI (604) esp_image: segment 3: paddr=000faaf8 vaddr=3ffc1cb4 size=00fe8h (  4072) load[0m
[0;32mI (606) esp_image: segment 4: paddr=000fbae8 vaddr=40080000 size=1cc6ch (117868) load[0m
[0;32mI (671) boot: Loaded app from partition at offset 0x10000[0m
[0;32mI (671) boot: Disabling RNG early entropy source...[0m
[0;32mI (683) quad_psram: This chip is ESP32-D0WD[0m
[0;32mI (683) esp_psram: Found 8MB PSRAM device[0m
[0;32mI (684) esp_psram: Speed: 40MHz[0m
[0;32mI (687) esp_psram: PSRAM initialized, cache is in normal (1-core) mode.[0m
[0;33mW (694) esp_psram: Virtual address not enough for PSRAM, map as much as we can. 4MB is mapped[0m
[0;32mI (703) cpu_start: Unicore app[0m
[0;32mI (707) cpu_start: Single core mode[0m
[0;32mI (1637) esp_psram: SPI SRAM memory test OK[0m
[0;32mI (1645) cpu_start: Pro cpu start user code[0m
[0;32mI (1645) cpu_start: cpu freq: 240000000 Hz[0m
[0;32mI (1645) app_init: Application information:[0m
[0;32mI (1648) app_init: Project name:     mesh_local_control[0m
[0;32mI (1654) app_init: App version:      f4bea835-dirty[0m
[0;32mI (1659) app_init: Compile time:     Aug 24 2024 21:50:12[0m
[0;32mI (1666) app_init: ELF file SHA256:  ec73a8d70...[0m
[0;32mI (1671) app_init: ESP-IDF:          v5.3-dirty[0m
[0;32mI (1676) efuse_init: Min chip rev:     v0.0[0m
[0;32mI (1681) efuse_init: Max chip rev:     v3.99 [0m
[0;32mI (1686) efuse_init: Chip rev:         v3.1[0m
[0;32mI (1691) heap_init: Initializing. RAM available for dynamic allocation:[0m
[0;32mI (1698) heap_init: At 3FFAE6E0 len 0000F480 (61 KiB): DRAM[0m
[0;32mI (1704) heap_init: At 3FFC7B08 len 000184F8 (97 KiB): DRAM[0m
[0;32mI (1711) heap_init: At 3FFE0440 len 0001FBC0 (126 KiB): D/IRAM[0m
[0;32mI (1717) heap_init: At 40078000 len 00008000 (32 KiB): IRAM[0m
[0;32mI (1723) heap_init: At 4009CC6C len 00003394 (12 KiB): IRAM[0m
[0;32mI (1730) heap_init: At 3FF80000 len 00002000 (8 KiB): RTCRAM[0m
[0;32mI (1737) esp_psram: Adding pool of 4096K of PSRAM memory to heap allocator[0m
[0;32mI (1745) spi_flash: detected chip: generic[0m
[0;32mI (1748) spi_flash: flash io: dio[0m
[0;33mW (1753) i2c: This driver is an old driver, please migrate your application code to adapt `driver/i2c_master.h`[0m
[0;32mI (1775) coexist: coex firmware version: dab85ae96[0m
[0;32mI (1776) main_task: Started on CPU0[0m
[0;32mI (1776) esp_psram: Reserving pool of 32K of internal memory for DMA/internal allocations[0m
[0;32mI (1784) main_task: Calling app_main()[0m
[0;32mI (1803) bridge_common: esp-iot-bridge version: 0.11.8[0m
I (1805) wifi:wifi driver task: 3ffbd618, prio:23, stack:6656, core=0
I (1808) wifi:wifi firmware version: 0caa81945
I (1809) wifi:wifi certification version: v7.0
I (1813) wifi:config NVS flash: enabled
I (1816) wifi:config nano formating: disabled
I (1820) wifi:Init data frame dynamic rx buffer num: 32
I (1825) wifi:Init static rx mgmt buffer num: 5
I (1829) wifi:Init management short buffer num: 32
I (1834) wifi:Init static tx buffer num: 16
I (1838) wifi:Init tx cache buffer num: 32
I (1842) wifi:Init static rx buffer size: 1600
I (1846) wifi:Init static rx buffer num: 10
I (1850) wifi:Init dynamic rx buffer num: 32
[0;32mI (1855) wifi_init: accept mbox: 6[0m
[0;32mI (1858) wifi_init: tcpip mbox: 32[0m
[0;32mI (1862) wifi_init: udp mbox: 6[0m
[0;32mI (1865) wifi_init: tcp mbox: 6[0m
[0;32mI (1869) wifi_init: tcp tx win: 5760[0m
[0;32mI (1873) wifi_init: tcp rx win: 5760[0m
[0;32mI (1878) wifi_init: tcp mss: 1440[0m
[0;32mI (1882) wifi_init: WiFi IRAM OP enabled[0m
[0;32mI (1886) wifi_init: WiFi RX IRAM OP enabled[0m
[0;32mI (1892) phy_init: phy_version 4830,54550f7,Jun 20 2024,14:22:08[0m
[0;33mW (1898) phy_init: failed to load RF calibration data (0x1102), falling back to full calibration[0m
ï¿½ets Jul 29 2019 12:21:46

rst:0x3 (SW_RESET),boot:0x13 (SPI_FAST_FLASH_BOOT)
configsip: 0, SPIWP:0xee
clk_drv:0x00,q_drv:0x00,d_drv:0x00,cs0_drv:0x00,hd_drv:0x00,wp_drv:0x00
mode:DIO, clock div:2
load:0x3fff0030,len:7168
load:0x40078000,len:15452
load:0x40080400,len:4
load:0x40080404,len:3684
entry 0x40080614
[0;32mI (169) boot: ESP-IDF v5.3-dirty 2nd stage bootloader[0m
[0;32mI (169) boot: compile time Aug 24 2024 21:45:09[0m
[0;33mW (169) boot: Unicore bootloader[0m
[0;32mI (174) boot: chip revision: v3.1[0m
[0;32mI (178) boot.esp32: SPI Speed      : 40MHz[0m
[0;32mI (183) boot.esp32: SPI Mode       : DIO[0m
[0;32mI (187) boot.esp32: SPI Flash Size : 4MB[0m
[0;32mI (192) boot: Enabling RNG early entropy source...[0m
[0;32mI (197) boot: Partition Table:[0m
[0;32mI (201) boot: ## Label            Usage          Type ST Offset   Length[0m
[0;32mI (208) boot:  0 nvs              WiFi data        01 02 00009000 00004000[0m
[0;32mI (216) boot:  1 otadata          OTA data         01 00 0000d000 00002000[0m
[0;32mI (224) boot:  2 phy_init         RF data          01 01 0000f000 00001000[0m
[0;32mI (231) boot:  3 ota_0            OTA app          00 10 00010000 001e0000[0m
[0;32mI (239) boot:  4 ota_1            OTA app          00 11 001f0000 001e0000[0m
[0;32mI (246) boot:  5 coredump         Unknown data     01 03 003d0000 00010000[0m
[0;32mI (254) boot:  6 reserved         Unknown data     01 fe 003e0000 00020000[0m
[0;32mI (261) boot: End of partition table[0m
[0;32mI (266) esp_image: segment 0: paddr=00010020 vaddr=3f400020 size=2be9ch (179868) map[0m
[0;32mI (336) esp_image: segment 1: paddr=0003bec4 vaddr=3ffbdb60 size=04154h ( 16724) load[0m
[0;32mI (342) esp_image: segment 2: paddr=00040020 vaddr=400d0020 size=baad0h (764624) map[0m
[0;32mI (604) esp_image: segment 3: paddr=000faaf8 vaddr=3ffc1cb4 size=00fe8h (  4072) load[0m
[0;32mI (606) esp_image: segment 4: paddr=000fbae8 vaddr=40080000 size=1cc6ch (117868) load[0m
[0;32mI (671) boot: Loaded app from partition at offset 0x10000[0m
