ets Jul 29 2019 12:21:46

rst:0x1 (POWERON_RESET),boot:0x12 (SPI_FAST_FLASH_BOOT)
configsip: 0, SPIWP:0xee
clk_drv:0x00,q_drv:0x00,d_drv:0x00,cs0_drv:0x00,hd_drv:0x00,wp_drv:0x00
mode:DIO, clock div:2
load:0x3fff0030,len:7168
load:0x40078000,len:15452
load:0x40080400,len:4
load:0x40080404,len:3684
entry 0x40080614
[0;32mI (29) boot: ESP-IDF v5.3-dirty 2nd stage bootloader[0m
[0;32mI (29) boot: compile time Aug 18 2024 03:13:10[0m
[0;33mW (29) boot: Unicore bootloader[0m
[0;32mI (34) boot: chip revision: v3.1[0m
[0;32mI (38) boot.esp32: SPI Speed      : 40MHz[0m
[0;32mI (42) boot.esp32: SPI Mode       : DIO[0m
[0;32mI (47) boot.esp32: SPI Flash Size : 4MB[0m
[0;32mI (51) boot: Enabling RNG early entropy source...[0m
[0;32mI (57) boot: Partition Table:[0m
[0;32mI (60) boot: ## Label            Usage          Type ST Offset   Length[0m
[0;32mI (68) boot:  0 nvs              WiFi data        01 02 00009000 00004000[0m
[0;32mI (75) boot:  1 otadata          OTA data         01 00 0000d000 00002000[0m
[0;32mI (82) boot:  2 phy_init         RF data          01 01 0000f000 00001000[0m
[0;32mI (90) boot:  3 ota_0            OTA app          00 10 00010000 001e0000[0m
[0;32mI (97) boot:  4 ota_1            OTA app          00 11 001f0000 001e0000[0m
[0;32mI (105) boot:  5 coredump         Unknown data     01 03 003d0000 00010000[0m
[0;32mI (112) boot:  6 reserved         Unknown data     01 fe 003e0000 00020000[0m
[0;32mI (120) boot: End of partition table[0m
[0;32mI (124) esp_image: segment 0: paddr=00010020 vaddr=3f400020 size=2d84ch (186444) map[0m
[0;32mI (197) esp_image: segment 1: paddr=0003d874 vaddr=3ffbdb60 size=027a4h ( 10148) load[0m
[0;32mI (201) esp_image: segment 2: paddr=00040020 vaddr=400d0020 size=c21f4h (795124) map[0m
[0;32mI (475) esp_image: segment 3: paddr=0010221c vaddr=3ffc0304 size=037c4h ( 14276) load[0m
[0;32mI (480) esp_image: segment 4: paddr=001059e8 vaddr=40080000 size=1c858h (116824) load[0m
[0;32mI (541) boot: Loaded app from partition at offset 0x10000[0m
[0;32mI (541) boot: Disabling RNG early entropy source...[0m
[0;32mI (553) quad_psram: This chip is ESP32-D0WD[0m
[0;32mI (554) esp_psram: Found 8MB PSRAM device[0m
[0;32mI (554) esp_psram: Speed: 40MHz[0m
[0;32mI (557) esp_psram: PSRAM initialized, cache is in normal (1-core) mode.[0m
[0;33mW (564) esp_psram: Virtual address not enough for PSRAM, map as much as we can. 4MB is mapped[0m
[0;32mI (574) cpu_start: Unicore app[0m
[0;32mI (577) cpu_start: Single core mode[0m
[0;32mI (1507) esp_psram: SPI SRAM memory test OK[0m
[0;32mI (1515) cpu_start: Pro cpu start user code[0m
[0;32mI (1515) cpu_start: cpu freq: 240000000 Hz[0m
[0;32mI (1515) app_init: Application information:[0m
[0;32mI (1518) app_init: Project name:     mesh_local_control[0m
[0;32mI (1524) app_init: App version:      c6c62dfc-dirty[0m
[0;32mI (1530) app_init: Compile time:     Aug 19 2024 14:33:11[0m
[0;32mI (1536) app_init: ELF file SHA256:  880d488b7...[0m
[0;32mI (1541) app_init: ESP-IDF:          v5.3-dirty[0m
[0;32mI (1546) efuse_init: Min chip rev:     v0.0[0m
[0;32mI (1551) efuse_init: Max chip rev:     v3.99 [0m
[0;32mI (1556) efuse_init: Chip rev:         v3.1[0m
[0;32mI (1561) heap_init: Initializing. RAM available for dynamic allocation:[0m
[0;32mI (1569) heap_init: At 3FFAE6E0 len 0000F480 (61 KiB): DRAM[0m
[0;32mI (1575) heap_init: At 3FFC88B8 len 00017748 (93 KiB): DRAM[0m
[0;32mI (1581) heap_init: At 3FFE0440 len 0001FBC0 (126 KiB): D/IRAM[0m
[0;32mI (1587) heap_init: At 40078000 len 00008000 (32 KiB): IRAM[0m
[0;32mI (1594) heap_init: At 4009C858 len 000037A8 (13 KiB): IRAM[0m
[0;32mI (1600) heap_init: At 3FF80000 len 00002000 (8 KiB): RTCRAM[0m
[0;32mI (1607) esp_psram: Adding pool of 4096K of PSRAM memory to heap allocator[0m
[0;32mI (1615) spi_flash: detected chip: generic[0m
[0;32mI (1618) spi_flash: flash io: dio[0m
[0;33mW (1623) i2c: This driver is an old driver, please migrate your application code to adapt `driver/i2c_master.h`[0m
[0;32mI (1634) coexist: coex firmware version: dab85ae96[0m
[0;32mI (1639) main_task: Started on CPU0[0m
[0;32mI (1642) esp_psram: Reserving pool of 32K of internal memory for DMA/internal allocations[0m
[0;32mI (1651) main_task: Calling app_main()[0m
[0;32mI (1675) bridge_common: esp-iot-bridge version: 0.11.8[0m
I (1677) wifi:wifi driver task: 3ffbd75c, prio:23, stack:6656, core=0
I (1683) wifi:wifi firmware version: 0caa81945
I (1683) wifi:wifi certification version: v7.0
I (1684) wifi:config NVS flash: enabled
I (1688) wifi:config nano formating: disabled
I (1692) wifi:Init data frame dynamic rx buffer num: 32
I (1697) wifi:Init static rx mgmt buffer num: 5
I (1701) wifi:Init management short buffer num: 32
I (1706) wifi:Init static tx buffer num: 16
I (1710) wifi:Init tx cache buffer num: 32
I (1714) wifi:Init static rx buffer size: 1600
I (1718) wifi:Init static rx buffer num: 10
I (1722) wifi:Init dynamic rx buffer num: 32
[0;32mI (1727) wifi_init: accept mbox: 6[0m
[0;32mI (1730) wifi_init: tcpip mbox: 32[0m
[0;32mI (1734) wifi_init: udp mbox: 6[0m
[0;32mI (1737) wifi_init: tcp mbox: 6[0m
[0;32mI (1741) wifi_init: tcp tx win: 5760[0m
[0;32mI (1746) wifi_init: tcp rx win: 5760[0m
[0;32mI (1750) wifi_init: tcp mss: 1440[0m
[0;32mI (1754) wifi_init: WiFi IRAM OP enabled[0m
[0;32mI (1758) wifi_init: WiFi RX IRAM OP enabled[0m
[0;32mI (1764) phy_init: phy_version 4830,54550f7,Jun 20 2024,14:22:08[0m
[0;33mW (1825) phy_init: saving new calibration data because of checksum failure, mode(0)[0m
I (1838) wifi:mode : null
I (1841) wifi:mode : softAP (08:a6:f7:11:51:a9)
I (1843) wifi:Total power save buffer number: 8
I (1843) wifi:Init max length of beacon: 752/752
I (1846) wifi:Init max length of beacon: 752/752
[0;32mI (1852) esp_netif_lwip: DHCP server started on interface WIFI_AP_DEF with IP: 192.168.4.1[0m
Add netif ap with c6c62dfc(commit id)
[0;32mI (1862) bridge_common: netif list add success[0m
[0;32mI (1868) bridge_common: [WIFI_AP_DEF ][0m
[0;32mI (1873) bridge_common: Set ip info:192.168.5.1[0m
[0;32mI (1877) bridge_wifi: SoftAP IP network segment has changed, deauth all station[0m
I (1887) wifi:Disabled PMF config for SoftAP
I (1890) wifi:Total power save buffer number: 8
[0;32mI (1896) esp_netif_lwip: DHCP server started on interface WIFI_AP_DEF with IP: 192.168.5.1[0m
[0;32mI (1902) bridge_common: [WIFI_AP_DEF ]Name Server1: 114.114.114.114[0m
[0;32mI (1909) bridge_common: DHCPS Restart, deauth all station[0m
Add netif sta with c6c62dfc(commit id)
[0;32mI (1918) bridge_common: netif list add success[0m
I (1924) wifi:mode : sta (08:a6:f7:11:51:a8) + softAP (08:a6:f7:11:51:a9)
I (1930) wifi:enable tsf
[0;32mI (1934) bridge_wifi: Found ssid Tran Con[0m
[0;32mI (1937) bridge_wifi: Found password 88888888[0m
[0;31mE (1942) NVS: Failed to read IP info from NVS[0m
I (1947) wifi:Disabled PMF config for STA
[0;32mI (1951) bridge_wifi: [esp_bridge_wifi_set_config] sta ssid: Tran Con password: 88888888[0m
[0;32mI (1960) bridge_wifi: [esp_bridge_wifi_set_config] softap ssid: ESP_Bridge_1151a9 password: 12345678[0m
I (2143) wifi:Total power save buffer number: 8
[0;32mI (2147) esp_netif_lwip: DHCP server started on interface WIFI_AP_DEF with IP: 192.168.5.1[0m
[0;32mI (2148) bridge_wifi: SoftAP config changed, deauth all station[0m
[0;32mI (2152) Mesh-Lite: esp-mesh-lite component version: 1.0.0[0m
I (2159) ESPNOW: espnow [version: 1.0] init
[0;32mI (2162) [vendor_ie]: Mesh-Lite commit id: bc9302d
 [0m
[0;32mI (2169) [vendor_ie]: Mesh ID: 77 [0m
[0;32mI (2174) [ESP_Mesh_Lite_Comm]: msg action add success [0m
[0;32mI (2180) [ESP_Mesh_Lite_Comm]: Bind Socket 54, port 6364 [0m
[0;32mI (2184) [ESP_Mesh_Lite_Comm]: Bind Socket 55, port 6363 [0m
[0;32mI (2190) [ESP_Mesh_Lite_Comm]: Bind Socket 56, port 6366 [0m
[0;32mI (2196) [ESP_Mesh_Lite_Comm]: Bind Socket 57, port 6365 [0m
[0;32mI (2203) [mesh-lite-espnow]: Start espnow task [0m
[0;32mI (2209) Mesh-Lite: Mesh-Lite connecting[0m
[0;32mI (2215) [vendor_ie]: esp_mesh_lite_wifi_scan_start return ESP_OK [0m
[0;32mI (2219) gpio: GPIO[25]| InputEn: 1| OutputEn: 0| OpenDrain: 0| Pullup: 1| Pulldown: 0| Intr:2 [0m
[0;32mI (2229) cam_hal: cam init ok[0m
[0;32mI (2233) sccb: pin_sda 26 pin_scl 27[0m
[0;32mI (2236) sccb: sccb_i2c_port=1[0m
[0;32mI (2241) gpio: GPIO[32]| InputEn: 0| OutputEn: 1| OpenDrain: 0| Pullup: 0| Pulldown: 0| Intr:0 [0m
[0;32mI (2279) camera: Detected camera at address=0x30[0m
[0;32mI (2282) camera: Detected OV2640 camera[0m
[0;32mI (2282) camera: Camera PID=0x26 VER=0x42 MIDL=0x7f MIDH=0xa2[0m
[0;31mE (2368) esp32 ll_cam: Requested format is not supported[0m
Guru Meditation Error: Core  0 panic'ed (IntegerDivideByZero). Exception was unhandled.

Core  0 register dump:
PC      : 0x400ed350  PS      : 0x00060a30  A0      : 0x800ed8f7  A1      : 0x3ffb13c0  
A2      : 0x3ffb9d98  A3      : 0x3f4087b4  A4      : 0x000003ff  A5      : 0x3ffb1430  
A6      : 0x3ffb1410  A7      : 0x00001000  A8      : 0x00000000  A9      : 0x000003ff  
A10     : 0x000001e0  A11     : 0x00000000  A12     : 0x00002000  A13     : 0x00000000  
A14     : 0x000002d9  A15     : 0x3f800b30  SAR     : 0x00000004  EXCCAUSE: 0x00000006  
EXCVADDR: 0x00000000  LBEG    : 0x4008b6c1  LEND    : 0x4008b6d1  LCOUNT  : 0xfffffffc  


Backtrace: 0x400ed34d:0x3ffb13c0 0x400ed8f4:0x3ffb1410 0x400e4b60:0x3ffb1430 0x400e5054:0x3ffb1470 0x400e4891:0x3ffb14a0 0x400e455e:0x3ffb14e0 0x400e457f:0x3ffb1500 0x400da7b2:0x3ffb1520 0x40190173:0x3ffb1560 0x4008f209:0x3ffb1590




ELF file SHA256: 880d488b7

Rebooting...
ets Jul 29 2019 12:21:46

rst:0xc (SW_CPU_RESET),boot:0x12 (SPI_FAST_FLASH_BOOT)
configsip: 0, SPIWP:0xee
clk_drv:0x00,q_drv:0x00,d_drv:0x00,cs0_drv:0x00,hd_drv:0x00,wp_drv:0x00
mode:DIO, clock div:2
load:0x3fff0030,len:7168
load:0x40078000,len:15452
load:0x40080400,len:4
load:0x40080404,len:3684
entry 0x40080614
[0;32mI (29) boot: ESP-IDF v5.3-dirty 2nd stage bootloader[0m
[0;32mI (29) boot: compile time Aug 18 2024 03:13:10[0m
[0;33mW (29) boot: Unicore bootloader[0m
[0;32mI (34) boot: chip revision: v3.1[0m
[0;32mI (37) boot.esp32: SPI Speed      : 40MHz[0m
[0;32mI (42) boot.esp32: SPI Mode       : DIO[0m
[0;32mI (47) boot.esp32: SPI Flash Size : 4MB[0m
[0;32mI (51) boot: Enabling RNG early entropy source...[0m
[0;32mI (57) boot: Partition Table:[0m
[0;32mI (60) boot: ## Label            Usage          Type ST Offset   Length[0m
[0;32mI (67) boot:  0 nvs              WiFi data        01 02 00009000 00004000[0m
[0;32mI (75) boot:  1 otadata          OTA data         01 00 0000d000 00002000[0m
[0;32mI (82) boot:  2 phy_init         RF data          01 01 0000f000 00001000[0m
[0;32mI (90) boot:  3 ota_0            OTA app          00 10 00010000 001e0000[0m
[0;32mI (97) boot:  4 ota_1            OTA app          00 11 001f0000 001e0000[0m
[0;32mI (105) boot:  5 coredump         Unknown data     01 03 003d0000 00010000[0m
[0;32mI (112) boot:  6 reserved         Unknown data     01 fe 003e0000 00020000[0m
[0;32mI (120) boot: End of partition table[0m
[0;32mI (124) esp_image: segment 0: paddr=00010020 vaddr=3f400020 size=2d84ch (186444) map[0m
[0;32mI (197) esp_image: segment 1: paddr=0003d874 vaddr=3ffbdb60 size=027a4h ( 10148) load[0m
[0;32mI (201) esp_image: segment 2: paddr=00040020 vaddr=400d0020 size=c21f4h (795124) map[0m
[0;32mI (475) esp_image: segment 3: paddr=0010221c vaddr=3ffc0304 size=037c4h ( 14276) load[0m
[0;32mI (480) esp_image: segment 4: paddr=001059e8 vaddr=40080000 size=1c858h (116824) load[0m
[0;32mI (541) boot: Loaded app from partition at offset 0x10000[0m
[0;32mI (541) boot: Disabling RNG early entropy source...[0m
[0;32mI (553) quad_psram: This chip is ESP32-D0WD[0m
[0;32mI (553) esp_psram: Found 8MB PSRAM device[0m
[0;32mI (554) esp_psram: Speed: 40MHz[0m
[0;32mI (557) esp_psram: PSRAM initialized, cache is in normal (1-core) mode.[0m
[0;33mW (564) esp_psram: Virtual address not enough for PSRAM, map as much as we can. 4MB is mapped[0m
[0;32mI (573) cpu_start: Unicore app[0m
[0;32mI (577) cpu_start: Single core mode[0m
[0;32mI (1507) esp_psram: SPI SRAM memory test OK[0m
[0;32mI (1515) cpu_start: Pro cpu start user code[0m
[0;32mI (1515) cpu_start: cpu freq: 240000000 Hz[0m
[0;32mI (1515) app_init: Application information:[0m
[0;32mI (1518) app_init: Project name:     mesh_local_control[0m
[0;32mI (1524) app_init: App version:      c6c62dfc-dirty[0m
[0;32mI (1530) app_init: Compile time:     Aug 19 2024 14:33:11[0m
[0;32mI (1536) app_init: ELF file SHA256:  880d488b7...[0m
[0;32mI (1541) app_init: ESP-IDF:          v5.3-dirty[0m
[0;32mI (1546) efuse_init: Min chip rev:     v0.0[0m
[0;32mI (1551) efuse_init: Max chip rev:     v3.99 [0m
[0;32mI (1556) efuse_init: Chip rev:         v3.1[0m
[0;32mI (1561) heap_init: Initializing. RAM available for dynamic allocation:[0m
[0;32mI (1568) heap_init: At 3FFAE6E0 len 0000F480 (61 KiB): DRAM[0m
[0;32mI (1574) heap_init: At 3FFC88B8 len 00017748 (93 KiB): DRAM[0m
[0;32mI (1581) heap_init: At 3FFE0440 len 0001FBC0 (126 KiB): D/IRAM[0m
[0;32mI (1587) heap_init: At 40078000 len 00008000 (32 KiB): IRAM[0m
[0;32mI (1594) heap_init: At 4009C858 len 000037A8 (13 KiB): IRAM[0m
[0;32mI (1600) heap_init: At 3FF80000 len 00002000 (8 KiB): RTCRAM[0m
[0;32mI (1607) esp_psram: Adding pool of 4096K of PSRAM memory to heap allocator[0m
[0;32mI (1615) spi_flash: detected chip: generic[0m
[0;32mI (1618) spi_flash: flash io: dio[0m
[0;33mW (1623) i2c: This driver is an old driver, please migrate your application code to adapt `driver/i2c_master.h`[0m
[0;32mI (1634) coexist: coex firmware version: dab85ae96[0m
[0;32mI (1639) main_task: Started on CPU0[0m
[0;32mI (1642) esp_psram: Reserving pool of 32K of internal memory for DMA/internal allocations[0m
[0;32mI (1651) main_task: Calling app_main()[0m
[0;32mI (1675) bridge_common: esp-iot-bridge version: 0.11.8[0m
I (1677) wifi:wifi driver task: 3ffbd75c, prio:23, stack:6656, core=0
I (1683) wifi:wifi firmware version: 0caa81945
I (1683) wifi:wifi certification version: v7.0
I (1684) wifi:config NVS flash: enabled
I (1688) wifi:config nano formating: disabled
I (1692) wifi:Init data frame dynamic rx buffer num: 32
I (1697) wifi:Init static rx mgmt buffer num: 5
I (1701) wifi:Init management short buffer num: 32
I (1706) wifi:Init static tx buffer num: 16
I (1710) wifi:Init tx cache buffer num: 32
I (1714) wifi:Init static rx buffer size: 1600
I (1718) wifi:Init static rx buffer num: 10
I (1722) wifi:Init dynamic rx buffer num: 32
[0;32mI (1727) wifi_init: accept mbox: 6[0m
[0;32mI (1730) wifi_init: tcpip mbox: 32[0m
[0;32mI (1734) wifi_init: udp mbox: 6[0m
[0;32mI (1738) wifi_init: tcp mbox: 6[0m
[0;32mI (1741) wifi_init: tcp tx win: 5760[0m
[0;32mI (1746) wifi_init: tcp rx win: 5760[0m
[0;32mI (1750) wifi_init: tcp mss: 1440[0m
[0;32mI (1754) wifi_init: WiFi IRAM OP enabled[0m
[0;32mI (1758) wifi_init: WiFi RX IRAM OP enabled[0m
[0;32mI (1764) phy_init: phy_version 4830,54550f7,Jun 20 2024,14:22:08[0m
I (1827) wifi:mode : null
I (1830) wifi:mode : softAP (08:a6:f7:11:51:a9)
I (1832) wifi:Total power save buffer number: 8
I (1832) wifi:Init max length of beacon: 752/752
I (1835) wifi:Init max length of beacon: 752/752
[0;32mI (1841) esp_netif_lwip: DHCP server started on interface WIFI_AP_DEF with IP: 192.168.4.1[0m
Add netif ap with c6c62dfc(commit id)
[0;32mI (1851) bridge_common: netif list add success[0m
[0;32mI (1857) bridge_common: [WIFI_AP_DEF ][0m
[0;32mI (1861) bridge_common: Set ip info:192.168.5.1[0m
[0;32mI (1866) bridge_wifi: SoftAP IP network segment has changed, deauth all station[0m
I (1876) wifi:Disabled PMF config for SoftAP
I (1878) wifi:Total power save buffer number: 8
[0;32mI (1885) esp_netif_lwip: DHCP server started on interface WIFI_AP_DEF with IP: 192.168.5.1[0m
[0;32mI (1891) bridge_common: [WIFI_AP_DEF ]Name Server1: 114.114.114.114[0m
[0;32mI (1898) bridge_common: DHCPS Restart, deauth all station[0m
Add netif sta with c6c62dfc(commit id)
[0;32mI (1907) bridge_common: netif list add success[0m
I (1913) wifi:mode : sta (08:a6:f7:11:51:a8) + softAP (08:a6:f7:11:51:a9)
I (1919) wifi:enable tsf
[0;32mI (1923) bridge_wifi: Found ssid Tran Con[0m
[0;32mI (1926) bridge_wifi: Found password 88888888[0m
[0;31mE (1931) NVS: Failed to read IP info from NVS[0m
I (1936) wifi:Disabled PMF config for STA
[0;32mI (1940) bridge_wifi: [esp_bridge_wifi_set_config] sta ssid: Tran Con password: 88888888[0m
[0;32mI (1949) bridge_wifi: [esp_bridge_wifi_set_config] softap ssid: ESP_Bridge_1151a9 password: 12345678[0m
I (2132) wifi:Total power save buffer number: 8
[0;32mI (2136) esp_netif_lwip: DHCP server started on interface WIFI_AP_DEF with IP: 192.168.5.1[0m
[0;32mI (2137) bridge_wifi: SoftAP config changed, deauth all station[0m
[0;32mI (2141) Mesh-Lite: esp-mesh-lite component version: 1.0.0[0m
I (2148) ESPNOW: espnow [version: 1.0] init
[0;32mI (2151) [vendor_ie]: Mesh-Lite commit id: bc9302d
 [0m
[0;32mI (2158) [vendor_ie]: Mesh ID: 77 [0m
[0;32mI (2163) [ESP_Mesh_Lite_Comm]: msg action add success [0m
[0;32mI (2169) [ESP_Mesh_Lite_Comm]: Bind Socket 54, port 6364 [0m
[0;32mI (2173) [ESP_Mesh_Lite_Comm]: Bind Socket 55, port 6363 [0m
[0;32mI (2179) [ESP_Mesh_Lite_Comm]: Bind Socket 56, port 6366 [0m
[0;32mI (2185) [ESP_Mesh_Lite_Comm]: Bind Socket 57, port 6365 [0m
[0;32mI (2192) [mesh-lite-espnow]: Start espnow task [0m
[0;32mI (2198) Mesh-Lite: Mesh-Lite connecting[0m
[0;32mI (2204) [vendor_ie]: esp_mesh_lite_wifi_scan_start return ESP_OK [0m
[0;32mI (2208) gpio: GPIO[25]| InputEn: 1| OutputEn: 0| OpenDrain: 0| Pullup: 1| Pulldown: 0| Intr:2 [0m
[0;32mI (2218) cam_hal: cam init ok[0m
[0;32mI (2221) sccb: pin_sda 26 pin_scl 27[0m
[0;32mI (2225) sccb: sccb_i2c_port=1[0m
[0;32mI (2229) gpio: GPIO[32]| InputEn: 0| OutputEn: 1| OpenDrain: 0| Pullup: 0| Pulldown: 0| Intr:0 [0m
[0;32mI (2268) camera: Detected camera at address=0x30[0m
[0;32mI (2271) camera: Detected OV2640 camera[0m
[0;32mI (2271) camera: Camera PID=0x26 VER=0x42 MIDL=0x7f MIDH=0xa2[0m
[0;31mE (2357) esp32 ll_cam: Requested format is not supported[0m
Guru Meditation Error: Core  0 panic'ed (IntegerDivideByZero). Exception was unhandled.

Core  0 register dump:
PC      : 0x400ed350  PS      : 0x00060a30  A0      : 0x800ed8f7  A1      : 0x3ffb13c0  
A2      : 0x3ffb9d98  A3      : 0x3f4087b4  A4      : 0x000003ff  A5      : 0x3ffb1430  
A6      : 0x3ffb1410  A7      : 0x00001000  A8      : 0x00000000  A9      : 0x000003ff  
A10     : 0x000001e0  A11     : 0x00000000  A12     : 0x00002000  A13     : 0x00000000  
A14     : 0x000002cd  A15     : 0x3f800b30  SAR     : 0x00000004  EXCCAUSE: 0x00000006  
EXCVADDR: 0x00000000  LBEG    : 0x4008b6c1  LEND    : 0x4008b6d1  LCOUNT  : 0xfffffffc  


Backtrace: 0x400ed34d:0x3ffb13c0 0x400ed8f4:0x3ffb1410 0x400e4b60:0x3ffb1430 0x400e5054:0x3ffb1470 0x400e4891:0x3ffb14a0 0x400e455e:0x3ffb14e0 0x400e457f:0x3ffb1500 0x400da7b2:0x3ffb1520 0x40190173:0x3ffb1560 0x4008f209:0x3ffb1590




ELF file SHA256: 880d488b7

Rebooting...
ets Jul 29 2019 12:21:46

rst:0xc (SW_CPU_RESET),boot:0x12 (SPI_FAST_FLASH_BOOT)
configsip: 0, SPIWP:0xee
clk_drv:0x00,q_drv:0x00,d_drv:0x00,cs0_drv:0x00,hd_drv:0x00,wp_drv:0x00
mode:DIO, clock div:2
load:0x3fff0030,len:7168
load:0x40078000,len:15452
load:0x40080400,len:4
load:0x40080404,len:3684
entry 0x40080614
[0;32mI (29) boot: ESP-IDF v5.3-dirty 2nd stage bootloader[0m
[0;32mI (29) boot: compile time Aug 18 2024 03:13:10[0m
[0;33mW (29) boot: Unicore bootloader[0m
[0;32mI (34) boot: chip revision: v3.1[0m
[0;32mI (37) boot.esp32: SPI Speed      : 40MHz[0m
[0;32mI (42) boot.esp32: SPI Mode       : DIO[0m
[0;32mI (47) boot.esp32: SPI Flash Size : 4MB[0m
[0;32mI (51) boot: Enabling RNG early entropy source...[0m
[0;32mI (57) boot: Partition Table:[0m
[0;32mI (60) boot: ## Label            Usage          Type ST Offset   Length[0m
[0;32mI (67) boot:  0 nvs              WiFi data        01 02 00009000 00004000[0m
[0;32mI (75) boot:  1 otadata          OTA data         01 00 0000d000 00002000[0m
[0;32mI (82) boot:  2 phy_init         RF data          01 01 0000f000 00001000[0m
[0;32mI (90) boot:  3 ota_0            OTA app          00 10 00010000 001e0000[0m
[0;32mI (97) boot:  4 ota_1            OTA app          00 11 001f0000 001e0000[0m
[0;32mI (105) boot:  5 coredump         Unknown data     01 03 003d0000 00010000[0m
[0;32mI (112) boot:  6 reserved         Unknown data     01 fe 003e0000 00020000[0m
[0;32mI (120) boot: End of partition table[0m
[0;32mI (124) esp_image: segment 0: paddr=00010020 vaddr=3f400020 size=2d84ch (186444) map[0m
[0;32mI (197) esp_image: segment 1: paddr=0003d874 vaddr=3ffbdb60 size=027a4h ( 10148) load[0m
[0;32mI (201) esp_image: segment 2: paddr=00040020 vaddr=400d0020 size=c21f4h (795124) map[0m
[0;32mI (475) esp_image: segment 3: paddr=0010221c vaddr=3ffc0304 size=037c4h ( 14276) load[0m
[0;32mI (480) esp_image: segment 4: paddr=001059e8 vaddr=40080000 size=1c858h (116824) load[0m
[0;32mI (541) boot: Loaded app from partition at offset 0x10000[0m
[0;32mI (541) boot: Disabling RNG early entropy source...[0m
[0;32mI (553) quad_psram: This chip is ESP32-D0WD[0m
[0;32mI (553) esp_psram: Found 8MB PSRAM device[0m
[0;32mI (554) esp_psram: Speed: 40MHz[0m
[0;32mI (557) esp_psram: PSRAM initialized, cache is in normal (1-core) mode.[0m
[0;33mW (564) esp_psram: Virtual address not enough for PSRAM, map as much as we can. 4MB is mapped[0m
[0;32mI (573) cpu_start: Unicore app[0m
[0;32mI (577) cpu_start: Single core mode[0m
[0;32mI (1507) esp_psram: SPI SRAM memory test OK[0m
[0;32mI (1515) cpu_start: Pro cpu start user code[0m
[0;32mI (1515) cpu_start: cpu freq: 240000000 Hz[0m
[0;32mI (1515) app_init: Application information:[0m
[0;32mI (1518) app_init: Project name:     mesh_local_control[0m
[0;32mI (1524) app_init: App version:      c6c62dfc-dirty[0m
[0;32mI (1530) app_init: Compile time:     Aug 19 2024 14:33:11[0m
[0;32mI (1536) app_init: ELF file SHA256:  880d488b7...[0m
[0;32mI (1541) app_init: ESP-IDF:          v5.3-dirty[0m
[0;32mI (1546) efuse_init: Min chip rev:     v0.0[0m
[0;32mI (1551) efuse_init: Max chip rev:     v3.99 [0m
[0;32mI (1556) efuse_init: Chip rev:         v3.1[0m
[0;32mI (1561) heap_init: Initializing. RAM available for dynamic allocation:[0m
[0;32mI (1568) heap_init: At 3FFAE6E0 len 0000F480 (61 KiB): DRAM[0m
[0;32mI (1574) heap_init: At 3FFC88B8 len 00017748 (93 KiB): DRAM[0m
[0;32mI (1581) heap_init: At 3FFE0440 len 0001FBC0 (126 KiB): D/IRAM[0m
[0;32mI (1587) heap_init: At 40078000 len 00008000 (32 KiB): IRAM[0m
[0;32mI (1594) heap_init: At 4009C858 len 000037A8 (13 KiB): IRAM[0m
[0;32mI (1600) heap_init: At 3FF80000 len 00002000 (8 KiB): RTCRAM[0m
[0;32mI (1607) esp_psram: Adding pool of 4096K of PSRAM memory to heap allocator[0m
[0;32mI (1615) spi_flash: detected chip: generic[0m
[0;32mI (1618) spi_flash: flash io: dio[0m
[0;33mW (1623) i2c: This driver is an old driver, please migrate your application code to adapt `driver/i2c_master.h`[0m
[0;32mI (1634) coexist: coex firmware version: dab85ae96[0m
[0;32mI (1639) main_task: Started on CPU0[0m
[0;32mI (1642) esp_psram: Reserving pool of 32K of internal memory for DMA/internal allocations[0m
[0;32mI (1651) main_task: Calling app_main()[0m
[0;32mI (1675) bridge_common: esp-iot-bridge version: 0.11.8[0m
I (1677) wifi:wifi driver task: 3ffbd75c, prio:23, stack:6656, core=0
I (1683) wifi:wifi firmware version: 0caa81945
I (1683) wifi:wifi certification version: v7.0
I (1684) wifi:config NVS flash: enabled
I (1688) wifi:config nano formating: disabled
I (1692) wifi:Init data frame dynamic rx buffer num: 32
I (1697) wifi:Init static rx mgmt buffer num: 5
I (1701) wifi:Init management short buffer num: 32
I (1706) wifi:Init static tx buffer num: 16
I (1710) wifi:Init tx cache buffer num: 32
I (1714) wifi:Init static rx buffer size: 1600
I (1718) wifi:Init static rx buffer num: 10
I (1722) wifi:Init dynamic rx buffer num: 32
[0;32mI (1727) wifi_init: accept mbox: 6[0m
[0;32mI (1730) wifi_init: tcpip mbox: 32[0m
[0;32mI (1734) wifi_init: udp mbox: 6[0m
[0;32mI (1738) wifi_init: tcp mbox: 6[0m
[0;32mI (1741) wifi_init: tcp tx win: 5760[0m
[0;32mI (1746) wifi_init: tcp rx win: 5760[0m
[0;32mI (1750) wifi_init: tcp mss: 1440[0m
[0;32mI (1754) wifi_init: WiFi IRAM OP enabled[0m
[0;32mI (1758) wifi_init: WiFi RX IRAM OP enabled[0m
[0;32mI (1764) phy_init: phy_version 4830,54550f7,Jun 20 2024,14:22:08[0m
I (1827) wifi:mode : null
I (1830) wifi:mode : softAP (08:a6:f7:11:51:a9)
I (1832) wifi:Total power save buffer number: 8
I (1832) wifi:Init max length of beacon: 752/752
I (1835) wifi:Init max length of beacon: 752/752
[0;32mI (1841) esp_netif_lwip: DHCP server started on interface WIFI_AP_DEF with IP: 192.168.4.1[0m
Add netif ap with c6c62dfc(commit id)
[0;32mI (1851) bridge_common: netif list add success[0m
[0;32mI (1857) bridge_common: [WIFI_AP_DEF ][0m
[0;32mI (1862) bridge_common: Set ip info:192.168.5.1[0m
[0;32mI (1866) bridge_wifi: SoftAP IP network segment has changed, deauth all station[0m
I (1876) wifi:Disabled PMF config for SoftAP
I (1879) wifi:Total power save buffer number: 8
[0;32mI (1885) esp_netif_lwip: DHCP server started on interface WIFI_AP_DEF with IP: 192.168.5.1[0m
[0;32mI (1891) bridge_common: [WIFI_AP_DEF ]Name Server1: 114.114.114.114[0m
[0;32mI (1898) bridge_common: DHCPS Restart, deauth all station[0m
Add netif sta with c6c62dfc(commit id)
[0;32mI (1907) bridge_common: netif list add success[0m
I (1913) wifi:mode : sta (08:a6:f7:11:51:a8) + softAP (08:a6:f7:11:51:a9)
I (1919) wifi:enable tsf
[0;32mI (1923) bridge_wifi: Found ssid Tran Con[0m
[0;32mI (1926) bridge_wifi: Found password 88888888[0m
[0;31mE (1931) NVS: Failed to read IP info from NVS[0m
I (1936) wifi:Disabled PMF config for STA
[0;32mI (1940) bridge_wifi: [esp_bridge_wifi_set_config] sta ssid: Tran Con password: 88888888[0m
[0;32mI (1949) bridge_wifi: [esp_bridge_wifi_set_config] softap ssid: ESP_Bridge_1151a9 password: 12345678[0m
I (2132) wifi:Total power save buffer number: 8
[0;32mI (2136) esp_netif_lwip: DHCP server started on interface WIFI_AP_DEF with IP: 192.168.5.1[0m
[0;32mI (2137) bridge_wifi: SoftAP config changed, deauth all station[0m
[0;32mI (2141) Mesh-Lite: esp-mesh-lite component version: 1.0.0[0m
I (2148) ESPNOW: espnow [version: 1.0] init
[0;32mI (2151) [vendor_ie]: Mesh-Lite commit id: bc9302d
 [0m
[0;32mI (2158) [vendor_ie]: Mesh ID: 77 [0m
[0;32mI (2163) [ESP_Mesh_Lite_Comm]: msg action add success [0m
[0;32mI (2169) [ESP_Mesh_Lite_Comm]: Bind Socket 54, port 6364 [0m
[0;32mI (2173) [ESP_Mesh_Lite_Comm]: Bind Socket 55, port 6363 [0m
[0;32mI (2179) [ESP_Mesh_Lite_Comm]: Bind Socket 56, port 6366 [0m
[0;32mI (2185) [ESP_Mesh_Lite_Comm]: Bind Socket 57, port 6365 [0m
[0;32mI (2192) [mesh-lite-espnow]: Start espnow task [0m
[0;32mI (2198) Mesh-Lite: Mesh-Lite connecting[0m
[0;32mI (2204) [vendor_ie]: esp_mesh_lite_wifi_scan_start return ESP_OK [0m
[0;32mI (2208) gpio: GPIO[25]| InputEn: 1| OutputEn: 0| OpenDrain: 0| Pullup: 1| Pulldown: 0| Intr:2 [0m
[0;32mI (2218) cam_hal: cam init ok[0m
[0;32mI (2222) sccb: pin_sda 26 pin_scl 27[0m
[0;32mI (2225) sccb: sccb_i2c_port=1[0m
[0;32mI (2230) gpio: GPIO[32]| InputEn: 0| OutputEn: 1| OpenDrain: 0| Pullup: 0| Pulldown: 0| Intr:0 [0m
[0;32mI (2268) camera: Detected camera at address=0x30[0m
[0;32mI (2271) camera: Detected OV2640 camera[0m
[0;32mI (2271) camera: Camera PID=0x26 VER=0x42 MIDL=0x7f MIDH=0xa2[0m
[0;31mE (2357) esp32 ll_cam: Requested format is not supported[0m
Guru Meditation Error: Core  0 panic'ed (IntegerDivideByZero). Exception was unhandled.

Core  0 register dump:
PC      : 0x400ed350  PS      : 0x00060a30  A0      : 0x800ed8f7  A1      : 0x3ffb13c0  
A2      : 0x3ffb9d98  A3      : 0x3f4087b4  A4      : 0x000003ff  A5      : 0x3ffb1430  
A6      : 0x3ffb1410  A7      : 0x00001000  A8      : 0x00000000  A9      : 0x000003ff  
A10     : 0x000001e0  A11     : 0x00000000  A12     : 0x00002000  A13     : 0x00000000  
A14     : 0x000002ce  A15     : 0x3f800b30  SAR     : 0x00000004  EXCCAUSE: 0x00000006  
EXCVADDR: 0x00000000  LBEG    : 0x4008b6c1  LEND    : 0x4008b6d1  LCOUNT  : 0xfffffffc  


Backtrace: 0x400ed34d:0x3ffb13c0 0x400ed8f4:0x3ffb1410 0x400e4b60:0x3ffb1430 0x400e5054:0x3ffb1470 0x400e4891:0x3ffb14a0 0x400e455e:0x3ffb14e0 0x400e457f:0x3ffb1500 0x400da7b2:0x3ffb1520 0x40190173:0x3ffb1560 0x4008f209:0x3ffb1590




ELF file SHA256: 880d488b7

Rebooting...
ets Jul 29 2019 12:21:46

rst:0xc (SW_CPU_RESET),boot:0x12 (SPI_FAST_FLASH_BOOT)
configsip: 0, SPIWP:0xee
clk_drv:0x00,q_drv:0x00,d_drv:0x00,cs0_drv:0x00,hd_drv:0x00,wp_drv:0x00
mode:DIO, clock div:2
load:0x3fff0030,len:7168
load:0x40078000,len:15452
load:0x40080400,len:4
load:0x40080404,len:3684
entry 0x40080614
[0;32mI (29) boot: ESP-IDF v5.3-dirty 2nd stage bootloader[0m
[0;32mI (29) boot: compile time Aug 18 2024 03:13:10[0m
[0;33mW (29) boot: Unicore bootloader[0m
[0;32mI (34) boot: chip revision: v3.1[0m
[0;32mI (37) boot.esp32: SPI Speed      : 40MHz[0m
[0;32mI (42) boot.esp32: SPI Mode       : DIO[0m
[0;32mI (47) boot.esp32: SPI Flash Size : 4MB[0m
[0;32mI (51) boot: Enabling RNG early entropy source...[0m
[0;32mI (57) boot: Partition Table:[0m
[0;32mI (60) boot: ## Label            Usage          Type ST Offset   Length[0m
[0;32mI (67) boot:  0 nvs              WiFi data        01 02 00009000 00004000[0m
[0;32mI (75) boot:  1 otadata          OTA data         01 00 0000d000 00002000[0m
[0;32mI (82) boot:  2 phy_init         RF data          01 01 0000f000 00001000[0m
[0;32mI (90) boot:  3 ota_0            OTA app          00 10 00010000 001e0000[0m
[0;32mI (97) boot:  4 ota_1            OTA app          00 11 001f0000 001e0000[0m
[0;32mI (105) boot:  5 coredump         Unknown data     01 03 003d0000 00010000[0m
[0;32mI (112) boot:  6 reserved         Unknown data     01 fe 003e0000 00020000[0m
[0;32mI (120) boot: End of partition table[0m
[0;32mI (124) esp_image: segment 0: paddr=00010020 vaddr=3f400020 size=2d84ch (186444) map[0m
[0;32mI (197) esp_image: segment 1: paddr=0003d874 vaddr=3ffbdb60 size=027a4h ( 10148) load[0m
[0;32mI (201) esp_image: segment 2: paddr=00040020 vaddr=400d0020 size=c21f4h (795124) map[0m
[0;32mI (475) esp_image: segment 3: paddr=0010221c vaddr=3ffc0304 size=037c4h ( 14276) load[0m
[0;32mI (480) esp_image: segment 4: paddr=001059e8 vaddr=40080000 size=1c858h (116824) load[0m
[0;32mI (541) boot: Loaded app from partition at offset 0x10000[0m
[0;32mI (541) boot: Disabling RNG early entropy source...[0m
[0;32mI (553) quad_psram: This chip is ESP32-D0WD[0m
[0;32mI (553) esp_psram: Found 8MB PSRAM device[0m
[0;32mI (554) esp_psram: Speed: 40MHz[0m
[0;32mI (557) esp_psram: PSRAM initialized, cache is in normal (1-core) mode.[0m
[0;33mW (564) esp_psram: Virtual address not enough for PSRAM, map as much as we can. 4MB is mapped[0m
[0;32mI (573) cpu_start: Unicore app[0m
[0;32mI (577) cpu_start: Single core mode[0m
[0;32mI (1507) esp_psram: SPI SRAM memory test OK[0m
[0;32mI (1515) cpu_start: Pro cpu start user code[0m
[0;32mI (1515) cpu_start: cpu freq: 240000000 Hz[0m
[0;32mI (1515) app_init: Application information:[0m
[0;32mI (1518) app_init: Project name:     mesh_local_control[0m
[0;32mI (1524) app_init: App version:      c6c62dfc-dirty[0m
[0;32mI (1529) app_init: Compile time:     Aug 19 2024 14:33:11[0m
[0;32mI (1536) app_init: ELF file SHA256:  880d488b7...[0m
[0;32mI (1541) app_init: ESP-IDF:          v5.3-dirty[0m
[0;32mI (1546) efuse_init: Min chip rev:     v0.0[0m
[0;32mI (1551) efuse_init: Max chip rev:     v3.99 [0m
[0;32mI (1556) efuse_init: Chip rev:         v3.1[0m
[0;32mI (1561) heap_init: Initializing. RAM available for dynamic allocation:[0m
[0;32mI (1568) heap_init: At 3FFAE6E0 len 0000F480 (61 KiB): DRAM[0m
[0;32mI (1574) heap_init: At 3FFC88B8 len 00017748 (93 KiB): DRAM[0m
[0;32mI (1581) heap_init: At 3FFE0440 len 0001FBC0 (126 KiB): D/IRAM[0m
[0;32mI (1587) heap_init: At 40078000 len 00008000 (32 KiB): IRAM[0m
[0;32mI (1593) heap_init: At 4009C858 len 000037A8 (13 KiB): IRAM[0m
[0;32mI (1600) heap_init: At 3FF80000 len 00002000 (8 KiB): RTCRAM[0m
[0;32mI (1607) esp_psram: Adding pool of 4096K of PSRAM memory to heap allocator[0m
[0;32mI (1615) spi_flash: detected chip: generic[0m
[0;32mI (1618) spi_flash: flash io: dio[0m
[0;33mW (1623) i2c: This driver is an old driver, please migrate your application code to adapt `driver/i2c_master.h`[0m
[0;32mI (1634) coexist: coex firmware version: dab85ae96[0m
[0;32mI (1639) main_task: Started on CPU0[0m
[0;32mI (1642) esp_psram: Reserving pool of 32K of internal memory for DMA/internal allocations[0m
[0;32mI (1651) main_task: Calling app_main()[0m
[0;32mI (1675) bridge_common: esp-iot-bridge version: 0.11.8[0m
I (1677) wifi:wifi driver task: 3ffbd75c, prio:23, stack:6656, core=0
I (1683) wifi:wifi firmware version: 0caa81945
I (1683) wifi:wifi certification version: v7.0
I (1684) wifi:config NVS flash: enabled
I (1688) wifi:config nano formating: disabled
I (1692) wifi:Init data frame dynamic rx buffer num: 32
I (1697) wifi:Init static rx mgmt buffer num: 5
I (1701) wifi:Init management short buffer num: 32
I (1706) wifi:Init static tx buffer num: 16
I (1710) wifi:Init tx cache buffer num: 32
I (1714) wifi:Init static rx buffer size: 1600
I (1718) wifi:Init static rx buffer num: 10
I (1722) wifi:Init dynamic rx buffer num: 32
[0;32mI (1727) wifi_init: accept mbox: 6[0m
[0;32mI (1730) wifi_init: tcpip mbox: 32[0m
[0;32mI (1734) wifi_init: udp mbox: 6[0m
[0;32mI (1738) wifi_init: tcp mbox: 6[0m
[0;32mI (1741) wifi_init: tcp tx win: 5760[0m
[0;32mI (1746) wifi_init: tcp rx win: 5760[0m
[0;32mI (1750) wifi_init: tcp mss: 1440[0m
[0;32mI (1754) wifi_init: WiFi IRAM OP enabled[0m
[0;32mI (1758) wifi_init: WiFi RX IRAM OP enabled[0m
[0;32mI (1764) phy_init: phy_version 4830,54550f7,Jun 20 2024,14:22:08[0m
I (1827) wifi:mode : null
I (1830) wifi:mode : softAP (08:a6:f7:11:51:a9)
I (1832) wifi:Total power save buffer number: 8
I (1832) wifi:Init max length of beacon: 752/752
I (1834) wifi:Init max length of beacon: 752/752
[0;32mI (1841) esp_netif_lwip: DHCP server started on interface WIFI_AP_DEF with IP: 192.168.4.1[0m
Add netif ap with c6c62dfc(commit id)
[0;32mI (1851) bridge_common: netif list add success[0m
[0;32mI (1857) bridge_common: [WIFI_AP_DEF ][0m
[0;32mI (1861) bridge_common: Set ip info:192.168.5.1[0m
[0;32mI (1866) bridge_wifi: SoftAP IP network segment has changed, deauth all station[0m
I (1876) wifi:Disabled PMF config for SoftAP
I (1878) wifi:Total power save buffer number: 8
[0;32mI (1885) esp_netif_lwip: DHCP server started on interface WIFI_AP_DEF with IP: 192.168.5.1[0m
[0;32mI (1891) bridge_common: [WIFI_AP_DEF ]Name Server1: 114.114.114.114[0m
[0;32mI (1898) bridge_common: DHCPS Restart, deauth all station[0m
Add netif sta with c6c62dfc(commit id)
[0;32mI (1907) bridge_common: netif list add success[0m
I (1913) wifi:mode : sta (08:a6:f7:11:51:a8) + softAP (08:a6:f7:11:51:a9)
I (1919) wifi:enable tsf
[0;32mI (1922) bridge_wifi: Found ssid Tran Con[0m
[0;32mI (1926) bridge_wifi: Found password 88888888[0m
[0;31mE (1931) NVS: Failed to read IP info from NVS[0m
I (1936) wifi:Disabled PMF config for STA
[0;32mI (1940) bridge_wifi: [esp_bridge_wifi_set_config] sta ssid: Tran Con password: 88888888[0m
[0;32mI (1949) bridge_wifi: [esp_bridge_wifi_set_config] softap ssid: ESP_Bridge_1151a9 password: 12345678[0m
I (2132) wifi:Total power save buffer number: 8
[0;32mI (2136) esp_netif_lwip: DHCP server started on interface WIFI_AP_DEF with IP: 192.168.5.1[0m
[0;32mI (2137) bridge_wifi: SoftAP config changed, deauth all station[0m
[0;32mI (2141) Mesh-Lite: esp-mesh-lite component version: 1.0.0[0m
I (2148) ESPNOW: espnow [version: 1.0] init
[0;32mI (2151) [vendor_ie]: Mesh-Lite commit id: bc9302d
 [0m
[0;32mI (2158) [vendor_ie]: Mesh ID: 77 [0m
[0;32mI (2163) [ESP_Mesh_Lite_Comm]: msg action add success [0m
[0;32mI (2169) [ESP_Mesh_Lite_Comm]: Bind Socket 54, port 6364 [0m
[0;32mI (2173) [ESP_Mesh_Lite_Comm]: Bind Socket 55, port 6363 [0m
[0;32mI (2179) [ESP_Mesh_Lite_Comm]: Bind Socket 56, port 6366 [0m
[0;32mI (2185) [ESP_Mesh_Lite_Comm]: Bind Socket 57, port 6365 [0m
[0;32mI (2192) [mesh-lite-espnow]: Start espnow task [0m
[0;32mI (2198) Mesh-Lite: Mesh-Lite connecting[0m
[0;32mI (2204) [vendor_ie]: esp_mesh_lite_wifi_scan_start return ESP_OK [0m
[0;32mI (2208) gpio: GPIO[25]| InputEn: 1| OutputEn: 0| OpenDrain: 0| Pullup: 1| Pulldown: 0| Intr:2 [0m
[0;32mI (2218) cam_hal: cam init ok[0m
[0;32mI (2221) sccb: pin_sda 26 pin_scl 27[0m
[0;32mI (2225) sccb: sccb_i2c_port=1[0m
[0;32mI (2229) gpio: GPIO[32]| InputEn: 0| OutputEn: 1| OpenDrain: 0| Pullup: 0| Pulldown: 0| Intr:0 [0m
[0;32mI (2268) camera: Detected camera at address=0x30[0m
[0;32mI (2271) camera: Detected OV2640 camera[0m
[0;32mI (2271) camera: Camera PID=0x26 VER=0x42 MIDL=0x7f MIDH=0xa2[0m
[0;31mE (2357) esp32 ll_cam: Requested format is not supported[0m
Guru Meditation Error: Core  0 panic'ed (IntegerDivideByZero). Exception was unhandled.

Core  0 register dump:
PC      : 0x400ed350  PS      : 0x00060a30  A0      : 0x800ed8f7  A1      : 0x3ffb13c0  
A2      : 0x3ffb9d98  A3      : 0x3f4087b4  A4      : 0x000003ff  A5      : 0x3ffb1430  
A6      : 0x3ffb1410  A7      : 0x00001000  A8      : 0x00000000  A9      : 0x000003ff  
A10     : 0x000001e0  A11     : 0x00000000  A12     : 0x00002000  A13     : 0x00000000  
A14     : 0x000002cd  A15     : 0x3f800b30  SAR     : 0x00000004  EXCCAUSE: 0x00000006  
EXCVADDR: 0x00000000  LBEG    : 0x4008b6c1  LEND    : 0x4008b6d1  LCOUNT  : 0xfffffffc  


Backtrace: 0x400ed34d:0x3ffb13c0 0x400ed8f4:0x3ffb1410 0x400e4b60:0x3ffb1430 0x400e5054:0x3ffb1470 0x400e4891:0x3ffb14a0 0x400e455e:0x3ffb14e0 0x400e457f:0x3ffb1500 0x400da7b2:0x3ffb1520 0x40190173:0x3ffb1560 0x4008f209:0x3ffb1590




ELF file SHA256: 880d488b7

Rebooting...
ets Jul 29 2019 12:21:46

rst:0xc (SW_CPU_RESET),boot:0x12 (SPI_FAST_FLASH_BOOT)
configsip: 0, SPIWP:0xee
clk_drv:0x00,q_drv:0x00,d_drv:0x00,cs0_drv:0x00,hd_drv:0x00,wp_drv:0x00
mode:DIO, clock div:2
load:0x3fff0030,len:7168
load:0x40078000,len:15452
load:0x40080400,len:4
load:0x40080404,len:3684
entry 0x40080614
[0;32mI (29) boot: ESP-IDF v5.3-dirty 2nd stage bootloader[0m
[0;32mI (29) boot: compile time Aug 18 2024 03:13:10[0m
[0;33mW (29) boot: Unicore bootloader[0m
[0;32mI (34) boot: chip revision: v3.1[0m
[0;32mI (37) boot.esp32: SPI Speed      : 40MHz[0m
[0;32mI (42) boot.esp32: SPI Mode       : DIO[0m
[0;32mI (47) boot.esp32: SPI Flash Size : 4MB[0m
[0;32mI (51) boot: Enabling RNG early entropy source...[0m
[0;32mI (57) boot: Partition Table:[0m
[0;32mI (60) boot: ## Label            Usage          Type ST Offset   Length[0m
[0;32mI (67) boot:  0 nvs              WiFi data        01 02 00009000 00004000[0m
[0;32mI (75) boot:  1 otadata          OTA data         01 00 0000d000 00002000[0m
[0;32mI (82) boot:  2 phy_init         RF data          01 01 0000f000 00001000[0m
[0;32mI (90) boot:  3 ota_0            OTA app          00 10 00010000 001e0000[0m
[0;32mI (97) boot:  4 ota_1            OTA app          00 11 001f0000 001e0000[0m
[0;32mI (105) boot:  5 coredump         Unknown data     01 03 003d0000 00010000[0m
[0;32mI (112) boot:  6 reserved         Unknown data     01 fe 003e0000 00020000[0m
[0;32mI (120) boot: End of partition table[0m
[0;32mI (124) esp_image: segment 0: paddr=00010020 vaddr=3f400020 size=2d84ch (186444) map[0m
[0;32mI (197) esp_image: segment 1: paddr=0003d874 vaddr=3ffbdb60 size=027a4h ( 10148) load[0m
[0;32mI (201) esp_image: segment 2: paddr=00040020 vaddr=400d0020 size=c21f4h (795124) map[0m
[0;32mI (475) esp_image: segment 3: paddr=0010221c vaddr=3ffc0304 size=037c4h ( 14276) load[0m
[0;32mI (480) esp_image: segment 4: paddr=001059e8 vaddr=40080000 size=1c858h (116824) load[0m
[0;32mI (541) boot: Loaded app from partition at offset 0x10000[0m
[0;32mI (541) boot: Disabling RNG early entropy source...[0m
[0;32mI (553) quad_psram: This chip is ESP32-D0WD[0m
[0;32mI (553) esp_psram: Found 8MB PSRAM device[0m
[0;32mI (554) esp_psram: Speed: 40MHz[0m
[0;32mI (557) esp_psram: PSRAM initialized, cache is in normal (1-core) mode.[0m
[0;33mW (564) esp_psram: Virtual address not enough for PSRAM, map as much as we can. 4MB is mapped[0m
[0;32mI (573) cpu_start: Unicore app[0m
[0;32mI (577) cpu_start: Single core mode[0m
[0;32mI (1507) esp_psram: SPI SRAM memory test OK[0m
[0;32mI (1515) cpu_start: Pro cpu start user code[0m
[0;32mI (1515) cpu_start: cpu freq: 240000000 Hz[0m
[0;32mI (1515) app_init: Application information:[0m
[0;32mI (1518) app_init: Project name:     mesh_local_control[0m
[0;32mI (1524) app_init: App version:      c6c62dfc-dirty[0m
[0;32mI (1530) app_init: Compile time:     Aug 19 2024 14:33:11[0m
[0;32mI (1536) app_init: ELF file SHA256:  880d488b7...[0m
[0;32mI (1541) app_init: ESP-IDF:          v5.3-dirty[0m
[0;32mI (1546) efuse_init: Min chip rev:     v0.0[0m
[0;32mI (1551) efuse_init: Max chip rev:     v3.99 [0m
[0;32mI (1556) efuse_init: Chip rev:         v3.1[0m
[0;32mI (1561) heap_init: Initializing. RAM available for dynamic allocation:[0m
[0;32mI (1568) heap_init: At 3FFAE6E0 len 0000F480 (61 KiB): DRAM[0m
[0;32mI (1574) heap_init: At 3FFC88B8 len 00017748 (93 KiB): DRAM[0m
[0;32mI (1581) heap_init: At 3FFE0440 len 0001FBC0 (126 KiB): D/IRAM[0m
[0;32mI (1587) heap_init: At 40078000 len 00008000 (32 KiB): IRAM[0m
[0;32mI (1594) heap_init: At 4009C858 len 000037A8 (13 KiB): IRAM[0m
[0;32mI (1600) heap_init: At 3FF80000 len 00002000 (8 KiB): RTCRAM[0m
[0;32mI (1607) esp_psram: Adding pool of 4096K of PSRAM memory to heap allocator[0m
[0;32mI (1615) spi_flash: detected chip: generic[0m
[0;32mI (1618) spi_flash: flash io: dio[0m
[0;33mW (1623) i2c: This driver is an old driver, please migrate your application code to adapt `driver/i2c_master.h`[0m
[0;32mI (1634) coexist: coex firmware version: dab85ae96[0m
[0;32mI (1639) main_task: Started on CPU0[0m
[0;32mI (1642) esp_psram: Reserving pool of 32K of internal memory for DMA/internal allocations[0m
[0;32mI (1651) main_task: Calling app_main()[0m
[0;32mI (1675) bridge_common: esp-iot-bridge version: 0.11.8[0m
I (1677) wifi:wifi driver task: 3ffbd75c, prio:23, stack:6656, core=0
I (1683) wifi:wifi firmware version: 0caa81945
I (1683) wifi:wifi certification version: v7.0
I (1684) wifi:config NVS flash: enabled
I (1688) wifi:config nano formating: disabled
I (1692) wifi:Init data frame dynamic rx buffer num: 32
I (1697) wifi:Init static rx mgmt buffer num: 5
I (1701) wifi:Init management short buffer num: 32
I (1706) wifi:Init static tx buffer num: 16
I (1710) wifi:Init tx cache buffer num: 32
I (1714) wifi:Init static rx buffer size: 1600
I (1718) wifi:Init static rx buffer num: 10
I (1722) wifi:Init dynamic rx buffer num: 32
[0;32mI (1727) wifi_init: accept mbox: 6[0m
[0;32mI (1730) wifi_init: tcpip mbox: 32[0m
[0;32mI (1734) wifi_init: udp mbox: 6[0m
[0;32mI (1738) wifi_init: tcp mbox: 6[0m
[0;32mI (1741) wifi_init: tcp tx win: 5760[0m
[0;32mI (1746) wifi_init: tcp rx win: 5760[0m
[0;32mI (1750) wifi_init: tcp mss: 1440[0m
[0;32mI (1754) wifi_init: WiFi IRAM OP enabled[0m
[0;32mI (1758) wifi_init: WiFi RX IRAM OP enabled[0m
[0;32mI (1764) phy_init: phy_version 4830,54550f7,Jun 20 2024,14:22:08[0m
I (1827) wifi:mode : null
I (1830) wifi:mode : softAP (08:a6:f7:11:51:a9)
I (1831) wifi:Total power save buffer number: 8
I (1832) wifi:Init max length of beacon: 752/752
I (1834) wifi:Init max length of beacon: 752/752
[0;32mI (1841) esp_netif_lwip: DHCP server started on interface WIFI_AP_DEF with IP: 192.168.4.1[0m
Add netif ap with c6c62dfc(commit id)
[0;32mI (1850) bridge_common: netif list add success[0m
[0;32mI (1857) bridge_common: [WIFI_AP_DEF ][0m
[0;32mI (1861) bridge_common: Set ip info:192.168.5.1[0m
[0;32mI (1865) bridge_wifi: SoftAP IP network segment has changed, deauth all station[0m
I (1875) wifi:Disabled PMF config for SoftAP
I (1878) wifi:Total power save buffer number: 8
[0;32mI (1884) esp_netif_lwip: DHCP server started on interface WIFI_AP_DEF with IP: 192.168.5.1[0m
[0;32mI (1891) bridge_common: [WIFI_AP_DEF ]Name Server1: 114.114.114.114[0m
[0;32mI (1897) bridge_common: DHCPS Restart, deauth all station[0m
Add netif sta with c6c62dfc(commit id)
[0;32mI (1907) bridge_common: netif list add success[0m
I (1913) wifi:mode : sta (08:a6:f7:11:51:a8) + softAP (08:a6:f7:11:51:a9)
I (1919) wifi:enable tsf
[0;32mI (1922) bridge_wifi: Found ssid Tran Con[0m
[0;32mI (1925) bridge_wifi: Found password 88888888[0m
[0;31mE (1931) NVS: Failed to read IP info from NVS[0m
I (1936) wifi:Disabled PMF config for STA
[0;32mI (1939) bridge_wifi: [esp_bridge_wifi_set_config] sta ssid: Tran Con password: 88888888[0m
[0;32mI (1949) bridge_wifi: [esp_bridge_wifi_set_config] softap ssid: ESP_Bridge_1151a9 password: 12345678[0m
I (2131) wifi:Total power save buffer number: 8
[0;32mI (2136) esp_netif_lwip: DHCP server started on interface WIFI_AP_DEF with IP: 192.168.5.1[0m
[0;32mI (2137) bridge_wifi: SoftAP config changed, deauth all station[0m
[0;32mI (2141) Mesh-Lite: esp-mesh-lite component version: 1.0.0[0m
I (2147) ESPNOW: espnow [version: 1.0] init
[0;32mI (2151) [vendor_ie]: Mesh-Lite commit id: bc9302d
 [0m
[0;32mI (2157) [vendor_ie]: Mesh ID: 77 [0m
[0;32mI (2163) [ESP_Mesh_Lite_Comm]: msg action add success [0m
[0;32mI (2168) [ESP_Mesh_Lite_Comm]: Bind Socket 54, port 6364 [0m
[0;32mI (2173) [ESP_Mesh_Lite_Comm]: Bind Socket 55, port 6363 [0m
[0;32mI (2179) [ESP_Mesh_Lite_Comm]: Bind Socket 56, port 6366 [0m
[0;32mI (2185) [ESP_Mesh_Lite_Comm]: Bind Socket 57, port 6365 [0m
[0;32mI (2192) [mesh-lite-espnow]: Start espnow task [0m
[0;32mI (2197) Mesh-Lite: Mesh-Lite connecting[0m
[0;32mI (2203) [vendor_ie]: esp_mesh_lite_wifi_scan_start return ESP_OK [0m
[0;32mI (2208) gpio: GPIO[25]| InputEn: 1| OutputEn: 0| OpenDrain: 0| Pullup: 1| Pulldown: 0| Intr:2 [0m
[0;32mI (2218) cam_hal: cam init ok[0m
[0;32mI (2221) sccb: pin_sda 26 pin_scl 27[0m
[0;32mI (2225) sccb: sccb_i2c_port=1[0m
[0;32mI (2229) gpio: GPIO[32]| InputEn: 0| OutputEn: 1| OpenDrain: 0| Pullup: 0| Pulldown: 0| Intr:0 [0m
[0;32mI (2268) camera: Detected camera at address=0x30[0m
[0;32mI (2271) camera: Detected OV2640 camera[0m
[0;32mI (2271) camera: Camera PID=0x26 VER=0x42 MIDL=0x7f MIDH=0xa2[0m
[0;31mE (2357) esp32 ll_cam: Requested format is not supported[0m
Guru Meditation Error: Core  0 panic'ed (IntegerDivideByZero). Exception was unhandled.

Core  0 register dump:
PC      : 0x400ed350  PS      : 0x00060a30  A0      : 0x800ed8f7  A1      : 0x3ffb13c0  
A2      : 0x3ffb9d98  A3      : 0x3f4087b4  A4      : 0x000003ff  A5      : 0x3ffb1430  
A6      : 0x3ffb1410  A7      : 0x00001000  A8      : 0x00000000  A9      : 0x000003ff  
A10     : 0x000001e0  A11     : 0x00000000  A12     : 0x00002000  A13     : 0x00000000  
A14     : 0x000002ce  A15     : 0x3f800b30  SAR     : 0x00000004  EXCCAUSE: 0x00000006  
EXCVADDR: 0x00000000  LBEG    : 0x4008b6c1  LEND    : 0x4008b6d1  LCOUNT  : 0xfffffffc  


Backtrace: 0x400ed34d:0x3ffb13c0 0x400ed8f4:0x3ffb1410 0x400e4b60:0x3ffb1430 0x400e5054:0x3ffb1470 0x400e4891:0x3ffb14a0 0x400e455e:0x3ffb14e0 0x400e457f:0x3ffb1500 0x400da7b2:0x3ffb1520 0x40190173:0x3ffb1560 0x4008f209:0x3ffb1590




ELF file SHA256: 880d488b7

Rebooting...
ets Jul 29 2019 12:21:46

rst:0xc (SW_CPU_RESET),boot:0x12 (SPI_FAST_FLASH_BOOT)
configsip: 0, SPIWP:0xee
clk_drv:0x00,q_drv:0x00,d_drv:0x00,cs0_drv:0x00,hd_drv:0x00,wp_drv:0x00
mode:DIO, clock div:2
load:0x3fff0030,len:7168
load:0x40078000,len:15452
load:0x40080400,len:4
load:0x40080404,len:3684
entry 0x40080614
[0;32mI (29) boot: ESP-IDF v5.3-dirty 2nd stage bootloader[0m
[0;32mI (29) boot: compile time Aug 18 2024 03:13:10[0m
[0;33mW (29) boot: Unicore bootloader[0m
[0;32mI (34) boot: chip revision: v3.1[0m
[0;32mI (37) boot.esp32: SPI Speed      : 40MHz[0m
[0;32mI (42) boot.esp32: SPI Mode       : DIO[0m
[0;32mI (47) boot.esp32: SPI Flash Size : 4MB[0m
[0;32mI (51) boot: Enabling RNG early entropy source...[0m
[0;32mI (57) boot: Partition Table:[0m
[0;32mI (60) boot: ## Label            Usage          Type ST Offset   Length[0m
[0;32mI (67) boot:  0 nvs              WiFi data        01 02 00009000 00004000[0m
[0;32mI (75) boot:  1 otadata          OTA data         01 00 0000d000 00002000[0m
[0;32mI (82) boot:  2 phy_init         RF data          01 01 0000f000 00001000[0m
[0;32mI (90) boot:  3 ota_0            OTA app          00 10 00010000 001e0000[0m
[0;32mI (97) boot:  4 ota_1            OTA app          00 11 001f0000 001e0000[0m
[0;32mI (105) boot:  5 coredump         Unknown data     01 03 003d0000 00010000[0m
[0;32mI (112) boot:  6 reserved         Unknown data     01 fe 003e0000 00020000[0m
[0;32mI (120) boot: End of partition table[0m
[0;32mI (124) esp_image: segment 0: paddr=00010020 vaddr=3f400020 size=2d84ch (186444) map[0m
[0;32mI (197) esp_image: segment 1: paddr=0003d874 vaddr=3ffbdb60 size=027a4h ( 10148) load[0m
[0;32mI (201) esp_image: segment 2: paddr=00040020 vaddr=400d0020 size=c21f4h (795124) map[0m
[0;32mI (475) esp_image: segment 3: paddr=0010221c vaddr=3ffc0304 size=037c4h ( 14276) load[0m
[0;32mI (480) esp_image: segment 4: paddr=001059e8 vaddr=40080000 size=1c858h (116824) load[0m
[0;32mI (541) boot: Loaded app from partition at offset 0x10000[0m
[0;32mI (541) boot: Disabling RNG early entropy source...[0m
[0;32mI (553) quad_psram: This chip is ESP32-D0WD[0m
[0;32mI (553) esp_psram: Found 8MB PSRAM device[0m
[0;32mI (554) esp_psram: Speed: 40MHz[0m
[0;32mI (557) esp_psram: PSRAM initialized, cache is in normal (1-core) mode.[0m
[0;33mW (564) esp_psram: Virtual address not enough for PSRAM, map as much as we can. 4MB is mapped[0m
[0;32mI (573) cpu_start: Unicore app[0m
[0;32mI (577) cpu_start: Single core mode[0m
[0;32mI (1507) esp_psram: SPI SRAM memory test OK[0m
[0;32mI (1515) cpu_start: Pro cpu start user code[0m
[0;32mI (1515) cpu_start: cpu freq: 240000000 Hz[0m
[0;32mI (1515) app_init: Application information:[0m
[0;32mI (1518) app_init: Project name:     mesh_local_control[0m
[0;32mI (1524) app_init: App version:      c6c62dfc-dirty[0m
[0;32mI (1530) app_init: Compile time:     Aug 19 2024 14:33:11[0m
[0;32mI (1536) app_init: ELF file SHA256:  880d488b7...[0m
[0;32mI (1541) app_init: ESP-IDF:          v5.3-dirty[0m
[0;32mI (1546) efuse_init: Min chip rev:     v0.0[0m
[0;32mI (1551) efuse_init: Max chip rev:     v3.99 [0m
[0;32mI (1556) efuse_init: Chip rev:         v3.1[0m
[0;32mI (1561) heap_init: Initializing. RAM available for dynamic allocation:[0m
[0;32mI (1568) heap_init: At 3FFAE6E0 len 0000F480 (61 KiB): DRAM[0m
[0;32mI (1574) heap_init: At 3FFC88B8 len 00017748 (93 KiB): DRAM[0m
[0;32mI (1581) heap_init: At 3FFE0440 len 0001FBC0 (126 KiB): D/IRAM[0m
[0;32mI (1587) heap_init: At 40078000 len 00008000 (32 KiB): IRAM[0m
[0;32mI (1594) heap_init: At 4009C858 len 000037A8 (13 KiB): IRAM[0m
[0;32mI (1600) heap_init: At 3FF80000 len 00002000 (8 KiB): RTCRAM[0m
[0;32mI (1607) esp_psram: Adding pool of 4096K of PSRAM memory to heap allocator[0m
[0;32mI (1615) spi_flash: detected chip: generic[0m
[0;32mI (1618) spi_flash: flash io: dio[0m
[0;33mW (1623) i2c: This driver is an old driver, please migrate your application code to adapt `driver/i2c_master.h`[0m
[0;32mI (1634) coexist: coex firmware version: dab85ae96[0m
[0;32mI (1639) main_task: Started on CPU0[0m
[0;32mI (1642) esp_psram: Reserving pool of 32K of internal memory for DMA/internal allocations[0m
[0;32mI (1651) main_task: Calling app_main()[0m
[0;32mI (1675) bridge_common: esp-iot-bridge version: 0.11.8[0m
I (1677) wifi:wifi driver task: 3ffbd75c, prio:23, stack:6656, core=0
I (1683) wifi:wifi firmware version: 0caa81945
I (1683) wifi:wifi certification version: v7.0
I (1684) wifi:config NVS flash: enabled
I (1688) wifi:config nano formating: disabled
I (1692) wifi:Init data frame dynamic rx buffer num: 32
I (1697) wifi:Init static rx mgmt buffer num: 5
I (1701) wifi:Init management short buffer num: 32
I (1706) wifi:Init static tx buffer num: 16
I (1710) wifi:Init tx cache buffer num: 32
I (1714) wifi:Init static rx buffer size: 1600
I (1718) wifi:Init static rx buffer num: 10
I (1722) wifi:Init dynamic rx buffer num: 32
[0;32mI (1727) wifi_init: accept mbox: 6[0m
[0;32mI (1730) wifi_init: tcpip mbox: 32[0m
[0;32mI (1734) wifi_init: udp mbox: 6[0m
[0;32mI (1738) wifi_init: tcp mbox: 6[0m
[0;32mI (1741) wifi_init: tcp tx win: 5760[0m
[0;32mI (1746) wifi_init: tcp rx win: 5760[0m
[0;32mI (1750) wifi_init: tcp mss: 1440[0m
[0;32mI (1754) wifi_init: WiFi IRAM OP enabled[0m
[0;32mI (1758) wifi_init: WiFi RX IRAM OP enabled[0m
[0;32mI (1764) phy_init: phy_version 4830,54550f7,Jun 20 2024,14:22:08[0m
I (1827) wifi:mode : null
I (1830) wifi:mode : softAP (08:a6:f7:11:51:a9)
I (1832) wifi:Total power save buffer number: 8
I (1832) wifi:Init max length of beacon: 752/752
I (1835) wifi:Init max length of beacon: 752/752
[0;32mI (1841) esp_netif_lwip: DHCP server started on interface WIFI_AP_DEF with IP: 192.168.4.1[0m
Add netif ap with c6c62dfc(commit id)
[0;32mI (1851) bridge_common: netif list add success[0m
[0;32mI (1857) bridge_common: [WIFI_AP_DEF ][0m
[0;32mI (1862) bridge_common: Set ip info:192.168.5.1[0m
[0;32mI (1866) bridge_wifi: SoftAP IP network segment has changed, deauth all station[0m
I (1876) wifi:Disabled PMF config for SoftAP
I (1879) wifi:Total power save buffer number: 8
[0;32mI (1885) esp_netif_lwip: DHCP server started on interface WIFI_AP_DEF with IP: 192.168.5.1[0m
[0;32mI (1891) bridge_common: [WIFI_AP_DEF ]Name Server1: 114.114.114.114[0m
[0;32mI (1898) bridge_common: DHCPS Restart, deauth all station[0m
Add netif sta with c6c62dfc(commit id)
[0;32mI (1907) bridge_common: netif list add success[0m
I (1913) wifi:mode : sta (08:a6:f7:11:51:a8) + softAP (08:a6:f7:11:51:a9)
I (1919) wifi:enable tsf
[0;32mI (1923) bridge_wifi: Found ssid Tran Con[0m
[0;32mI (1926) bridge_wifi: Found password 88888888[0m
[0;31mE (1931) NVS: Failed to read IP info from NVS[0m
I (1936) wifi:Disabled PMF config for STA
[0;32mI (1940) bridge_wifi: [esp_bridge_wifi_set_config] sta ssid: Tran Con password: 88888888[0m
[0;32mI (1949) bridge_wifi: [esp_bridge_wifi_set_config] softap ssid: ESP_Bridge_1151a9 password: 12345678[0m
I (2132) wifi:Total power save buffer number: 8
[0;32mI (2136) esp_netif_lwip: DHCP server started on interface WIFI_AP_DEF with IP: 192.168.5.1[0m
[0;32mI (2138) bridge_wifi: SoftAP config changed, deauth all station[0m
[0;32mI (2141) Mesh-Lite: esp-mesh-lite component version: 1.0.0[0m
I (2148) ESPNOW: espnow [version: 1.0] init
[0;32mI (2151) [vendor_ie]: Mesh-Lite commit id: bc9302d
 [0m
[0;32mI (2158) [vendor_ie]: Mesh ID: 77 [0m
[0;32mI (2163) [ESP_Mesh_Lite_Comm]: msg action add success [0m
[0;32mI (2169) [ESP_Mesh_Lite_Comm]: Bind Socket 54, port 6364 [0m
[0;32mI (2173) [ESP_Mesh_Lite_Comm]: Bind Socket 55, port 6363 [0m
[0;32mI (2179) [ESP_Mesh_Lite_Comm]: Bind Socket 56, port 6366 [0m
[0;32mI (2185) [ESP_Mesh_Lite_Comm]: Bind Socket 57, port 6365 [0m
[0;32mI (2192) [mesh-lite-espnow]: Start espnow task [0m
[0;32mI (2198) Mesh-Lite: Mesh-Lite connecting[0m
[0;32mI (2204) [vendor_ie]: esp_mesh_lite_wifi_scan_start return ESP_OK [0m
[0;32mI (2209) gpio: GPIO[25]| InputEn: 1| OutputEn: 0| OpenDrain: 0| Pullup: 1| Pulldown: 0| Intr:2 [0m
[0;32mI (2218) cam_hal: cam init ok[0m
[0;32mI (2222) sccb: pin_sda 26 pin_scl 27[0m
[0;32mI (2225) sccb: sccb_i2c_port=1[0m
[0;32mI (2230) gpio: GPIO[32]| InputEn: 0| OutputEn: 1| OpenDrain: 0| Pullup: 0| Pulldown: 0| Intr:0 [0m
[0;32mI (2268) camera: Detected camera at address=0x30[0m
[0;32mI (2271) camera: Detected OV2640 camera[0m
[0;32mI (2271) camera: Camera PID=0x26 VER=0x42 MIDL=0x7f MIDH=0xa2[0m
[0;31mE (2357) esp32 ll_cam: Requested format is not supported[0m
Guru Meditation Error: Core  0 panic'ed (IntegerDivideByZero). Exception was unhandled.

Core  0 register dump:
PC      : 0x400ed350  PS      : 0x00060a30  A0      : 0x800ed8f7  A1      : 0x3ffb13c0  
A2      : 0x3ffb9d98  A3      : 0x3f4087b4  A4      : 0x000003ff  A5      : 0x3ffb1430  
A6      : 0x3ffb1410  A7      : 0x00001000  A8      : 0x00000000  A9      : 0x000003ff  
A10     : 0x000001e0  A11     : 0x00000000  A12     : 0x00002000  A13     : 0x00000000  
A14     : 0x000002cd  A15     : 0x3f800b30  SAR     : 0x00000004  EXCCAUSE: 0x00000006  
EXCVADDR: 0x00000000  LBEG    : 0x4008b6c1  LEND    : 0x4008b6d1  LCOUNT  : 0xfffffffc  


Backtrace: 0x400ed34d:0x3ffb13c0 0x400ed8f4:0x3ffb1410 0x400e4b60:0x3ffb1430 0x400e5054:0x3ffb1470 0x400e4891:0x3ffb14a0 0x400e455e:0x3ffb14e0 0x400e457f:0x3ffb1500 0x400da7b2:0x3ffb1520 0x40190173:0x3ffb1560 0x4008f209:0x3ffb1590




ELF file SHA256: 880d488b7

Rebooting...
ets Jul 29 2019 12:21:46

rst:0xc (SW_CPU_RESET),boot:0x12 (SPI_FAST_FLASH_BOOT)
configsip: 0, SPIWP:0xee
clk_drv:0x00,q_drv:0x00,d_drv:0x00,cs0_drv:0x00,hd_drv:0x00,wp_drv:0x00
mode:DIO, clock div:2
load:0x3fff0030,len:7168
load:0x40078000,len:15452
load:0x40080400,len:4
load:0x40080404,len:3684
entry 0x40080614
[0;32mI (29) boot: ESP-IDF v5.3-dirty 2nd stage bootloader[0m
[0;32mI (29) boot: compile time Aug 18 2024 03:13:10[0m
[0;33mW (29) boot: Unicore bootloader[0m
[0;32mI (34) boot: chip revision: v3.1[0m
[0;32mI (37) boot.esp32: SPI Speed      : 40MHz[0m
[0;32mI (42) boot.esp32: SPI Mode       : DIO[0m
[0;32mI (47) boot.esp32: SPI Flash Size : 4MB[0m
[0;32mI (51) boot: Enabling RNG early entropy source...[0m
[0;32mI (57) boot: Partition Table:[0m
[0;32mI (60) boot: ## Label            Usage          Type ST Offset   Length[0m
[0;32mI (67) boot:  0 nvs              WiFi data        01 02 00009000 00004000[0m
[0;32mI (75) boot:  1 otadata          OTA data         01 00 0000d000 00002000[0m
[0;32mI (82) boot:  2 phy_init         RF data          01 01 0000f000 00001000[0m
[0;32mI (90) boot:  3 ota_0            OTA app          00 10 00010000 001e0000[0m
[0;32mI (97) boot:  4 ota_1            OTA app          00 11 001f0000 001e0000[0m
[0;32mI (105) boot:  5 coredump         Unknown data     01 03 003d0000 00010000[0m
[0;32mI (112) boot:  6 reserved         Unknown data     01 fe 003e0000 00020000[0m
[0;32mI (120) boot: End of partition table[0m
[0;32mI (124) esp_image: segment 0: paddr=00010020 vaddr=3f400020 size=2d84ch (186444) map[0m
[0;32mI (197) esp_image: segment 1: paddr=0003d874 vaddr=3ffbdb60 size=027a4h ( 10148) load[0m
[0;32mI (201) esp_image: segment 2: paddr=00040020 vaddr=400d0020 size=c21f4h (795124) map[0m
[0;32mI (475) esp_image: segment 3: paddr=0010221c vaddr=3ffc0304 size=037c4h ( 14276) load[0m
[0;32mI (480) esp_image: segment 4: paddr=001059e8 vaddr=40080000 size=1c858h (116824) load[0m
[0;32mI (541) boot: Loaded app from partition at offset 0x10000[0m
[0;32mI (541) boot: Disabling RNG early entropy source...[0m
[0;32mI (553) quad_psram: This chip is ESP32-D0WD[0m
[0;32mI (553) esp_psram: Found 8MB PSRAM device[0m
[0;32mI (554) esp_psram: Speed: 40MHz[0m
[0;32mI (557) esp_psram: PSRAM initialized, cache is in normal (1-core) mode.[0m
[0;33mW (564) esp_psram: Virtual address not enough for PSRAM, map as much as we can. 4MB is mapped[0m
[0;32mI (573) cpu_start: Unicore app[0m
[0;32mI (577) cpu_start: Single core mode[0m
[0;32mI (1507) esp_psram: SPI SRAM memory test OK[0m
[0;32mI (1515) cpu_start: Pro cpu start user code[0m
[0;32mI (1515) cpu_start: cpu freq: 240000000 Hz[0m
[0;32mI (1515) app_init: Application information:[0m
[0;32mI (1518) app_init: Project name:     mesh_local_control[0m
[0;32mI (1524) app_init: App version:      c6c62dfc-dirty[0m
[0;32mI (1530) app_init: Compile time:     Aug 19 2024 14:33:11[0m
[0;32mI (1536) app_init: ELF file SHA256:  880d488b7...[0m
[0;32mI (1541) app_init: ESP-IDF:          v5.3-dirty[0m
[0;32mI (1546) efuse_init: Min chip rev:     v0.0[0m
[0;32mI (1551) efuse_init: Max chip rev:     v3.99 [0m
[0;32mI (1556) efuse_init: Chip rev:         v3.1[0m
[0;32mI (1561) heap_init: Initializing. RAM available for dynamic allocation:[0m
[0;32mI (1568) heap_init: At 3FFAE6E0 len 0000F480 (61 KiB): DRAM[0m
[0;32mI (1574) heap_init: At 3FFC88B8 len 00017748 (93 KiB): DRAM[0m
[0;32mI (1581) heap_init: At 3FFE0440 len 0001FBC0 (126 KiB): D/IRAM[0m
[0;32mI (1587) heap_init: At 40078000 len 00008000 (32 KiB): IRAM[0m
[0;32mI (1594) heap_init: At 4009C858 len 000037A8 (13 KiB): IRAM[0m
[0;32mI (1600) heap_init: At 3FF80000 len 00002000 (8 KiB): RTCRAM[0m
[0;32mI (1607) esp_psram: Adding pool of 4096K of PSRAM memory to heap allocator[0m
[0;32mI (1615) spi_flash: detected chip: generic[0m
[0;32mI (1618) spi_flash: flash io: dio[0m
[0;33mW (1623) i2c: This driver is an old driver, please migrate your application code to adapt `driver/i2c_master.h`[0m
[0;32mI (1634) coexist: coex firmware version: dab85ae96[0m
[0;32mI (1639) main_task: Started on CPU0[0m
[0;32mI (1642) esp_psram: Reserving pool of 32K of internal memory for DMA/internal allocations[0m
[0;32mI (1651) main_task: Calling app_main()[0m
[0;32mI (1675) bridge_common: esp-iot-bridge version: 0.11.8[0m
I (1677) wifi:wifi driver task: 3ffbd75c, prio:23, stack:6656, core=0
I (1683) wifi:wifi firmware version: 0caa81945
I (1683) wifi:wifi certification version: v7.0
I (1684) wifi:config NVS flash: enabled
I (1688) wifi:config nano formating: disabled
I (1692) wifi:Init data frame dynamic rx buffer num: 32
I (1697) wifi:Init static rx mgmt buffer num: 5
I (1701) wifi:Init management short buffer num: 32
I (1706) wifi:Init static tx buffer num: 16
I (1710) wifi:Init tx cache buffer num: 32
I (1714) wifi:Init static rx buffer size: 1600
I (1718) wifi:Init static rx buffer num: 10
I (1722) wifi:Init dynamic rx buffer num: 32
[0;32mI (1727) wifi_init: accept mbox: 6[0m
[0;32mI (1730) wifi_init: tcpip mbox: 32[0m
[0;32mI (1734) wifi_init: udp mbox: 6[0m
[0;32mI (1738) wifi_init: tcp mbox: 6[0m
[0;32mI (1741) wifi_init: tcp tx win: 5760[0m
[0;32mI (1746) wifi_init: tcp rx win: 5760[0m
[0;32mI (1750) wifi_init: tcp mss: 1440[0m
[0;32mI (1754) wifi_init: WiFi IRAM OP enabled[0m
[0;32mI (1758) wifi_init: WiFi RX IRAM OP enabled[0m
[0;32mI (1764) phy_init: phy_version 4830,54550f7,Jun 20 2024,14:22:08[0m
I (1827) wifi:mode : null
I (1829) wifi:mode : softAP (08:a6:f7:11:51:a9)
I (1831) wifi:Total power save buffer number: 8
I (1831) wifi:Init max length of beacon: 752/752
I (1834) wifi:Init max length of beacon: 752/752
[0;32mI (1841) esp_netif_lwip: DHCP server started on interface WIFI_AP_DEF with IP: 192.168.4.1[0m
Add netif ap with c6c62dfc(commit id)
[0;32mI (1850) bridge_common: netif list add success[0m
[0;32mI (1857) bridge_common: [WIFI_AP_DEF ][0m
[0;32mI (1861) bridge_common: Set ip info:192.168.5.1[0m
[0;32mI (1865) bridge_wifi: SoftAP IP network segment has changed, deauth all station[0m
I (1875) wifi:Disabled PMF config for SoftAP
I (1878) wifi:Total power save buffer number: 8
[0;32mI (1884) esp_netif_lwip: DHCP server started on interface WIFI_AP_DEF with IP: 192.168.5.1[0m
[0;32mI (1891) bridge_common: [WIFI_AP_DEF ]Name Server1: 114.114.114.114[0m
[0;32mI (1897) bridge_common: DHCPS Restart, deauth all station[0m
Add netif sta with c6c62dfc(commit id)
[0;32mI (1907) bridge_common: netif list add success[0m
I (1912) wifi:mode : sta (08:a6:f7:11:51:a8) + softAP (08:a6:f7:11:51:a9)
I (1919) wifi:enable tsf
[0;32mI (1922) bridge_wifi: Found ssid Tran Con[0m
[0;32mI (1925) bridge_wifi: Found password 88888888[0m
[0;31mE (1931) NVS: Failed to read IP info from NVS[0m
I (1936) wifi:Disabled PMF config for STA
[0;32mI (1939) bridge_wifi: [esp_bridge_wifi_set_config] sta ssid: Tran Con password: 88888888[0m
[0;32mI (1949) bridge_wifi: [esp_bridge_wifi_set_config] softap ssid: ESP_Bridge_1151a9 password: 12345678[0m
I (2131) wifi:Total power save buffer number: 8
[0;32mI (2135) esp_netif_lwip: DHCP server started on interface WIFI_AP_DEF with IP: 192.168.5.1[0m
[0;32mI (2137) bridge_wifi: SoftAP config changed, deauth all station[0m
[0;32mI (2141) Mesh-Lite: esp-mesh-lite component version: 1.0.0[0m
I (2147) ESPNOW: espnow [version: 1.0] init
[0;32mI (2151) [vendor_ie]: Mesh-Lite commit id: bc9302d
 [0m
[0;32mI (2157) [vendor_ie]: Mesh ID: 77 [0m
[0;32mI (2163) [ESP_Mesh_Lite_Comm]: msg action add success [0m
[0;32mI (2168) [ESP_Mesh_Lite_Comm]: Bind Socket 54, port 6364 [0m
[0;32mI (2173) [ESP_Mesh_Lite_Comm]: Bind Socket 55, port 6363 [0m
[0;32mI (2179) [ESP_Mesh_Lite_Comm]: Bind Socket 56, port 6366 [0m
[0;32mI (2185) [ESP_Mesh_Lite_Comm]: Bind Socket 57, port 6365 [0m
[0;32mI (2191) [mesh-lite-espnow]: Start espnow task [0m
[0;32mI (2197) Mesh-Lite: Mesh-Lite connecting[0m
[0;32mI (2203) [vendor_ie]: esp_mesh_lite_wifi_scan_start return ESP_OK [0m
[0;32mI (2208) gpio: GPIO[25]| InputEn: 1| OutputEn: 0| OpenDrain: 0| Pullup: 1| Pulldown: 0| Intr:2 [0m
[0;32mI (2218) cam_hal: cam init ok[0m
[0;32mI (2221) sccb: pin_sda 26 pin_scl 27[0m
[0;32mI (2224) sccb: sccb_i2c_port=1[0m
[0;32mI (2229) gpio: GPIO[32]| InputEn: 0| OutputEn: 1| OpenDrain: 0| Pullup: 0| Pulldown: 0| Intr:0 [0m
[0;32mI (2268) camera: Detected camera at address=0x30[0m
[0;32mI (2271) camera: Detected OV2640 camera[0m
[0;32mI (2271) camera: Camera PID=0x26 VER=0x42 MIDL=0x7f MIDH=0xa2[0m
[0;31mE (2357) esp32 ll_cam: Requested format is not supported[0m
Guru Meditation Error: Core  0 panic'ed (IntegerDivideByZero). Exception was unhandled.

Core  0 register dump:
PC      : 0x400ed350  PS      : 0x00060430  A0      : 0x800ed8f7  A1      : 0x3ffb13c0  
A2      : 0x3ffb9d98  A3      : 0x3f4087b4  A4      : 0x000003ff  A5      : 0x3ffb1430  
A6      : 0x3ffb1410  A7      : 0x00001000  A8      : 0x00000000  A9      : 0x000003ff  
A10     : 0x000001e0  A11     : 0x00000000  A12     : 0x00002000  A13     : 0x00000000  
A14     : 0x000002ce  A15     : 0x3f800b30  SAR     : 0x00000004  EXCCAUSE: 0x00000006  
EXCVADDR: 0x00000000  LBEG    : 0x4008b6c1  LEND    : 0x4008b6d1  LCOUNT  : 0xfffffffc  


Backtrace: 0x400ed34d:0x3ffb13c0 0x400ed8f4:0x3ffb1410 0x400e4b60:0x3ffb1430 0x400e5054:0x3ffb1470 0x400e4891:0x3ffb14a0 0x400e455e:0x3ffb14e0 0x400e457f:0x3ffb1500 0x400da7b2:0x3ffb1520 0x40190173:0x3ffb1560 0x4008f209:0x3ffb1590




ELF file SHA256: 880d488b7

Rebooting...
ets Jul 29 2019 12:21:46

rst:0xc (SW_CPU_RESET),boot:0x12 (SPI_FAST_FLASH_BOOT)
configsip: 0, SPIWP:0xee
clk_drv:0x00,q_drv:0x00,d_drv:0x00,cs0_drv:0x00,hd_drv:0x00,wp_drv:0x00
mode:DIO, clock div:2
load:0x3fff0030,len:7168
load:0x40078000,len:15452
load:0x40080400,len:4
load:0x40080404,len:3684
entry 0x40080614
[0;32mI (29) boot: ESP-IDF v5.3-dirty 2nd stage bootloader[0m
[0;32mI (29) boot: compile time Aug 18 2024 03:13:10[0m
[0;33mW (29) boot: Unicore bootloader[0m
[0;32mI (34) boot: chip revision: v3.1[0m
[0;32mI (37) boot.esp32: SPI Speed      : 40MHz[0m
[0;32mI (42) boot.esp32: SPI Mode       : DIO[0m
[0;32mI (47) boot.esp32: SPI Flash Size : 4MB[0m
[0;32mI (51) boot: Enabling RNG early entropy source...[0m
[0;32mI (57) boot: Partition Table:[0m
[0;32mI (60) boot: ## Label            Usage          Type ST Offset   Length[0m
[0;32mI (67) boot:  0 nvs              WiFi data        01 02 00009000 00004000[0m
[0;32mI (75) boot:  1 otadata          OTA data         01 00 0000d000 00002000[0m
[0;32mI (82) boot:  2 phy_init         RF data          01 01 0000f000 00001000[0m
[0;32mI (90) boot:  3 ota_0            OTA app          00 10 00010000 001e0000[0m
[0;32mI (97) boot:  4 ota_1            OTA app          00 11 001f0000 001e0000[0m
[0;32mI (105) boot:  5 coredump         Unknown data     01 03 003d0000 00010000[0m
[0;32mI (112) boot:  6 reserved         Unknown data     01 fe 003e0000 00020000[0m
[0;32mI (120) boot: End of partition table[0m
[0;32mI (124) esp_image: segment 0: paddr=00010020 vaddr=3f400020 size=2d84ch (186444) map[0m
[0;32mI (197) esp_image: segment 1: paddr=0003d874 vaddr=3ffbdb60 size=027a4h ( 10148) load[0m
[0;32mI (201) esp_image: segment 2: paddr=00040020 vaddr=400d0020 size=c21f4h (795124) map[0m
[0;32mI (475) esp_image: segment 3: paddr=0010221c vaddr=3ffc0304 size=037c4h ( 14276) load[0m
[0;32mI (480) esp_image: segment 4: paddr=001059e8 vaddr=40080000 size=1c858h (116824) load[0m
[0;32mI (541) boot: Loaded app from partition at offset 0x10000[0m
[0;32mI (541) boot: Disabling RNG early entropy source...[0m
[0;32mI (553) quad_psram: This chip is ESP32-D0WD[0m
[0;32mI (553) esp_psram: Found 8MB PSRAM device[0m
[0;32mI (554) esp_psram: Speed: 40MHz[0m
[0;32mI (557) esp_psram: PSRAM initialized, cache is in normal (1-core) mode.[0m
[0;33mW (564) esp_psram: Virtual address not enough for PSRAM, map as much as we can. 4MB is mapped[0m
[0;32mI (573) cpu_start: Unicore app[0m
[0;32mI (577) cpu_start: Single core mode[0m
[0;32mI (1507) esp_psram: SPI SRAM memory test OK[0m
[0;32mI (1515) cpu_start: Pro cpu start user code[0m
[0;32mI (1515) cpu_start: cpu freq: 240000000 Hz[0m
[0;32mI (1515) app_init: Application information:[0m
[0;32mI (1518) app_init: Project name:     mesh_local_control[0m
[0;32mI (1524) app_init: App version:      c6c62dfc-dirty[0m
[0;32mI (1529) app_init: Compile time:     Aug 19 2024 14:33:11[0m
[0;32mI (1536) app_init: ELF file SHA256:  880d488b7...[0m
[0;32mI (1541) app_init: ESP-IDF:          v5.3-dirty[0m
[0;32mI (1546) efuse_init: Min chip rev:     v0.0[0m
[0;32mI (1551) efuse_init: Max chip rev:     v3.99 [0m
[0;32mI (1556) efuse_init: Chip rev:         v3.1[0m
[0;32mI (1561) heap_init: Initializing. RAM available for dynamic allocation:[0m
[0;32mI (1568) heap_init: At 3FFAE6E0 len 0000F480 (61 KiB): DRAM[0m
[0;32mI (1574) heap_init: At 3FFC88B8 len 00017748 (93 KiB): DRAM[0m
[0;32mI (1581) heap_init: At 3FFE0440 len 0001FBC0 (126 KiB): D/IRAM[0m
[0;32mI (1587) heap_init: At 40078000 len 00008000 (32 KiB): IRAM[0m
[0;32mI (1593) heap_init: At 4009C858 len 000037A8 (13 KiB): IRAM[0m
[0;32mI (1600) heap_init: At 3FF80000 len 00002000 (8 KiB): RTCRAM[0m
[0;32mI (1607) esp_psram: Adding pool of 4096K of PSRAM memory to heap allocator[0m
[0;32mI (1615) spi_flash: detected chip: generic[0m
[0;32mI (1618) spi_flash: flash io: dio[0m
[0;33mW (1623) i2c: This driver is an old driver, please migrate your application code to adapt `driver/i2c_master.h`[0m
[0;32mI (1634) coexist: coex firmware version: dab85ae96[0m
[0;32mI (1639) main_task: Started on CPU0[0m
[0;32mI (1642) esp_psram: Reserving pool of 32K of internal memory for DMA/internal allocations[0m
[0;32mI (1651) main_task: Calling app_main()[0m
[0;32mI (1675) bridge_common: esp-iot-bridge version: 0.11.8[0m
I (1677) wifi:wifi driver task: 3ffbd75c, prio:23, stack:6656, core=0
I (1683) wifi:wifi firmware version: 0caa81945
I (1683) wifi:wifi certification version: v7.0
I (1684) wifi:config NVS flash: enabled
I (1688) wifi:config nano formating: disabled
I (1692) wifi:Init data frame dynamic rx buffer num: 32
I (1697) wifi:Init static rx mgmt buffer num: 5
I (1701) wifi:Init management short buffer num: 32
I (1706) wifi:Init static tx buffer num: 16
I (1710) wifi:Init tx cache buffer num: 32
I (1714) wifi:Init static rx buffer size: 1600
I (1718) wifi:Init static rx buffer num: 10
I (1722) wifi:Init dynamic rx buffer num: 32
[0;32mI (1727) wifi_init: accept mbox: 6[0m
[0;32mI (1730) wifi_init: tcpip mbox: 32[0m
[0;32mI (1734) wifi_init: udp mbox: 6[0m
[0;32mI (1738) wifi_init: tcp mbox: 6[0m
[0;32mI (1741) wifi_init: tcp tx win: 5760[0m
[0;32mI (1746) wifi_init: tcp rx win: 5760[0m
[0;32mI (1750) wifi_init: tcp mss: 1440[0m
[0;32mI (1754) wifi_init: WiFi IRAM OP enabled[0m
[0;32mI (1758) wifi_init: WiFi RX IRAM OP enabled[0m
[0;32mI (1764) phy_init: phy_version 4830,54550f7,Jun 20 2024,14:22:08[0m
I (1827) wifi:mode : null
I (1830) wifi:mode : softAP (08:a6:f7:11:51:a9)
I (1832) wifi:Total power save buffer number: 8
I (1832) wifi:Init max length of beacon: 752/752
I (1835) wifi:Init max length of beacon: 752/752
[0;32mI (1842) esp_netif_lwip: DHCP server started on interface WIFI_AP_DEF with IP: 192.168.4.1[0m
Add netif ap with c6c62dfc(commit id)
[0;32mI (1851) bridge_common: netif list add success[0m
[0;32mI (1857) bridge_common: [WIFI_AP_DEF ][0m
[0;32mI (1862) bridge_common: Set ip info:192.168.5.1[0m
[0;32mI (1866) bridge_wifi: SoftAP IP network segment has changed, deauth all station[0m
I (1876) wifi:Disabled PMF config for SoftAP
I (1879) wifi:Total power save buffer number: 8
[0;32mI (1885) esp_netif_lwip: DHCP server started on interface WIFI_AP_DEF with IP: 192.168.5.1[0m
[0;32mI (1891) bridge_common: [WIFI_AP_DEF ]Name Server1: 114.114.114.114[0m
[0;32mI (1898) bridge_common: DHCPS Restart, deauth all station[0m
Add netif sta with c6c62dfc(commit id)
[0;32mI (1907) bridge_common: netif list add success[0m
I (1913) wifi:mode : sta (08:a6:f7:11:51:a8) + softAP (08:a6:f7:11:51:a9)
I (1919) wifi:enable tsf
[0;32mI (1923) bridge_wifi: Found ssid Tran Con[0m
[0;32mI (1926) bridge_wifi: Found password 88888888[0m
[0;31mE (1932) NVS: Failed to read IP info from NVS[0m
I (1937) wifi:Disabled PMF config for STA
[0;32mI (1940) bridge_wifi: [esp_bridge_wifi_set_config] sta ssid: Tran Con password: 88888888[0m
[0;32mI (1949) bridge_wifi: [esp_bridge_wifi_set_config] softap ssid: ESP_Bridge_1151a9 password: 12345678[0m
I (2132) wifi:Total power save buffer number: 8
[0;32mI (2136) esp_netif_lwip: DHCP server started on interface WIFI_AP_DEF with IP: 192.168.5.1[0m
[0;32mI (2138) bridge_wifi: SoftAP config changed, deauth all station[0m
[0;32mI (2142) Mesh-Lite: esp-mesh-lite component version: 1.0.0[0m
I (2148) ESPNOW: espnow [version: 1.0] init
[0;32mI (2151) [vendor_ie]: Mesh-Lite commit id: bc9302d
 [0m
[0;32mI (2158) [vendor_ie]: Mesh ID: 77 [0m
[0;32mI (2163) [ESP_Mesh_Lite_Comm]: msg action add success [0m
[0;32mI (2169) [ESP_Mesh_Lite_Comm]: Bind Socket 54, port 6364 [0m
[0;32mI (2173) [ESP_Mesh_Lite_Comm]: Bind Socket 55, port 6363 [0m
[0;32mI (2180) [ESP_Mesh_Lite_Comm]: Bind Socket 56, port 6366 [0m
[0;32mI (2186) [ESP_Mesh_Lite_Comm]: Bind Socket 57, port 6365 [0m
[0;32mI (2192) [mesh-lite-espnow]: Start espnow task [0m
[0;32mI (2198) Mesh-Lite: Mesh-Lite connecting[0m
[0;32mI (2204) [vendor_ie]: esp_mesh_lite_wifi_scan_start return ESP_OK [0m
[0;32mI (2209) gpio: GPIO[25]| InputEn: 1| OutputEn: 0| OpenDrain: 0| Pullup: 1| Pulldown: 0| Intr:2 [0m
[0;32mI (2218) cam_hal: cam init ok[0m
[0;32mI (2222) sccb: pin_sda 26 pin_scl 27[0m
[0;32mI (2225) sccb: sccb_i2c_port=1[0m
[0;32mI (2230) gpio: GPIO[32]| InputEn: 0| OutputEn: 1| OpenDrain: 0| Pullup: 0| Pulldown: 0| Intr:0 [0m
[0;32mI (2268) camera: Detected camera at address=0x30[0m
[0;32mI (2271) camera: Detected OV2640 camera[0m
[0;32mI (2271) camera: Camera PID=0x26 VER=0x42 MIDL=0x7f MIDH=0xa2[0m
[0;31mE (2357) esp32 ll_cam: Requested format is not supported[0m
Guru Meditation Error: Core  0 panic'ed (IntegerDivideByZero). Exception was unhandled.

Core  0 register dump:
PC      : 0x400ed350  PS      : 0x00060a30  A0      : 0x800ed8f7  A1      : 0x3ffb13c0  
A2      : 0x3ffb9d98  A3      : 0x3f4087b4  A4      : 0x000003ff  A5      : 0x3ffb1430  
A6      : 0x3ffb1410  A7      : 0x00001000  A8      : 0x00000000  A9      : 0x000003ff  
A10     : 0x000001e0  A11     : 0x00000000  A12     : 0x00002000  A13     : 0x00000000  
A14     : 0x00000000  A15     : 0x00000000  SAR     : 0x00000004  EXCCAUSE: 0x00000006  
EXCVADDR: 0x00000000  LBEG    : 0x4008b6c1  LEND    : 0x4008b6d1  LCOUNT  : 0xfffffffc  


Backtrace: 0x400ed34d:0x3ffb13c0 0x400ed8f4:0x3ffb1410 0x400e4b60:0x3ffb1430 0x400e5054:0x3ffb1470 0x400e4891:0x3ffb14a0 0x400e455e:0x3ffb14e0 0x400e457f:0x3ffb1500 0x400da7b2:0x3ffb1520 0x40190173:0x3ffb1560 0x4008f209:0x3ffb1590




ELF file SHA256: 880d488b7

Rebooting...
ets Jul 29 2019 12:21:46

rst:0xc (SW_CPU_RESET),boot:0x12 (SPI_FAST_FLASH_BOOT)
configsip: 0, SPIWP:0xee
clk_drv:0x00,q_drv:0x00,d_drv:0x00,cs0_drv:0x00,hd_drv:0x00,wp_drv:0x00
mode:DIO, clock div:2
load:0x3fff0030,len:7168
load:0x40078000,len:15452
load:0x40080400,len:4
load:0x40080404,len:3684
entry 0x40080614
[0;32mI (29) boot: ESP-IDF v5.3-dirty 2nd stage bootloader[0m
[0;32mI (29) boot: compile time Aug 18 2024 03:13:10[0m
[0;33mW (29) boot: Unicore bootloader[0m
[0;32mI (34) boot: chip revision: v3.1[0m
[0;32mI (37) boot.esp32: SPI Speed      : 40MHz[0m
[0;32mI (42) boot.esp32: SPI Mode       : DIO[0m
[0;32mI (47) boot.esp32: SPI Flash Size : 4MB[0m
[0;32mI (51) boot: Enabling RNG early entropy source...[0m
[0;32mI (57) boot: Partition Table:[0m
[0;32mI (60) boot: ## Label            Usage          Type ST Offset   Length[0m
[0;32mI (67) boot:  0 nvs              WiFi data        01 02 00009000 00004000[0m
[0;32mI (75) boot:  1 otadata          OTA data         01 00 0000d000 00002000[0m
[0;32mI (82) boot:  2 phy_init         RF data          01 01 0000f000 00001000[0m
[0;32mI (90) boot:  3 ota_0            OTA app          00 10 00010000 001e0000[0m
[0;32mI (97) boot:  4 ota_1            OTA app          00 11 001f0000 001e0000[0m
[0;32mI (105) boot:  5 coredump         Unknown data     01 03 003d0000 00010000[0m
[0;32mI (112) boot:  6 reserved         Unknown data     01 fe 003e0000 00020000[0m
[0;32mI (120) boot: End of partition table[0m
[0;32mI (124) esp_image: segment 0: paddr=00010020 vaddr=3f400020 size=2d84ch (186444) map[0m
[0;32mI (197) esp_image: segment 1: paddr=0003d874 vaddr=3ffbdb60 size=027a4h ( 10148) load[0m
[0;32mI (201) esp_image: segment 2: paddr=00040020 vaddr=400d0020 size=c21f4h (795124) map[0m
[0;32mI (475) esp_image: segment 3: paddr=0010221c vaddr=3ffc0304 size=037c4h ( 14276) load[0m
[0;32mI (480) esp_image: segment 4: paddr=001059e8 vaddr=40080000 size=1c858h (116824) load[0m
[0;32mI (541) boot: Loaded app from partition at offset 0x10000[0m
[0;32mI (541) boot: Disabling RNG early entropy source...[0m
[0;32mI (553) quad_psram: This chip is ESP32-D0WD[0m
[0;32mI (553) esp_psram: Found 8MB PSRAM device[0m
[0;32mI (554) esp_psram: Speed: 40MHz[0m
[0;32mI (557) esp_psram: PSRAM initialized, cache is in normal (1-core) mode.[0m
[0;33mW (564) esp_psram: Virtual address not enough for PSRAM, map as much as we can. 4MB is mapped[0m
[0;32mI (573) cpu_start: Unicore app[0m
[0;32mI (577) cpu_start: Single core mode[0m
[0;32mI (1507) esp_psram: SPI SRAM memory test OK[0m
[0;32mI (1515) cpu_start: Pro cpu start user code[0m
[0;32mI (1515) cpu_start: cpu freq: 240000000 Hz[0m
[0;32mI (1515) app_init: Application information:[0m
[0;32mI (1518) app_init: Project name:     mesh_local_control[0m
[0;32mI (1524) app_init: App version:      c6c62dfc-dirty[0m
[0;32mI (1529) app_init: Compile time:     Aug 19 2024 14:33:11[0m
[0;32mI (1536) app_init: ELF file SHA256:  880d488b7...[0m
[0;32mI (1541) app_init: ESP-IDF:          v5.3-dirty[0m
[0;32mI (1546) efuse_init: Min chip rev:     v0.0[0m
[0;32mI (1551) efuse_init: Max chip rev:     v3.99 [0m
[0;32mI (1556) efuse_init: Chip rev:         v3.1[0m
[0;32mI (1561) heap_init: Initializing. RAM available for dynamic allocation:[0m
[0;32mI (1568) heap_init: At 3FFAE6E0 len 0000F480 (61 KiB): DRAM[0m
[0;32mI (1574) heap_init: At 3FFC88B8 len 00017748 (93 KiB): DRAM[0m
[0;32mI (1581) heap_init: At 3FFE0440 len 0001FBC0 (126 KiB): D/IRAM[0m
[0;32mI (1587) heap_init: At 40078000 len 00008000 (32 KiB): IRAM[0m
[0;32mI (1593) heap_init: At 4009C858 len 000037A8 (13 KiB): IRAM[0m
[0;32mI (1600) heap_init: At 3FF80000 len 00002000 (8 KiB): RTCRAM[0m
[0;32mI (1607) esp_psram: Adding pool of 4096K of PSRAM memory to heap allocator[0m
[0;32mI (1615) spi_flash: detected chip: generic[0m
[0;32mI (1618) spi_flash: flash io: dio[0m
[0;33mW (1623) i2c: This driver is an old driver, please migrate your application code to adapt `driver/i2c_master.h`[0m
[0;32mI (1634) coexist: coex firmware version: dab85ae96[0m
[0;32mI (1639) main_task: Started on CPU0[0m
[0;32mI (1642) esp_psram: Reserving pool of 32K of internal memory for DMA/internal allocations[0m
[0;32mI (1651) main_task: Calling app_main()[0m
[0;32mI (1675) bridge_common: esp-iot-bridge version: 0.11.8[0m
I (1677) wifi:wifi driver task: 3ffbd75c, prio:23, stack:6656, core=0
I (1683) wifi:wifi firmware version: 0caa81945
I (1683) wifi:wifi certification version: v7.0
I (1684) wifi:config NVS flash: enabled
I (1688) wifi:config nano formating: disabled
I (1692) wifi:Init data frame dynamic rx buffer num: 32
I (1697) wifi:Init static rx mgmt buffer num: 5
I (1701) wifi:Init management short buffer num: 32
I (1706) wifi:Init static tx buffer num: 16
I (1710) wifi:Init tx cache buffer num: 32
I (1714) wifi:Init static rx buffer size: 1600
I (1718) wifi:Init static rx buffer num: 10
I (1722) wifi:Init dynamic rx buffer num: 32
[0;32mI (1727) wifi_init: accept mbox: 6[0m
[0;32mI (1730) wifi_init: tcpip mbox: 32[0m
[0;32mI (1734) wifi_init: udp mbox: 6[0m
[0;32mI (1738) wifi_init: tcp mbox: 6[0m
[0;32mI (1741) wifi_init: tcp tx win: 5760[0m
[0;32mI (1746) wifi_init: tcp rx win: 5760[0m
[0;32mI (1750) wifi_init: tcp mss: 1440[0m
[0;32mI (1754) wifi_init: WiFi IRAM OP enabled[0m
[0;32mI (1758) wifi_init: WiFi RX IRAM OP enabled[0m
[0;32mI (1764) phy_init: phy_version 4830,54550f7,Jun 20 2024,14:22:08[0m
I (1827) wifi:mode : null
I (1830) wifi:mode : softAP (08:a6:f7:11:51:a9)
I (1831) wifi:Total power save buffer number: 8
I (1832) wifi:Init max length of beacon: 752/752
I (1834) wifi:Init max length of beacon: 752/752
[0;32mI (1841) esp_netif_lwip: DHCP server started on interface WIFI_AP_DEF with IP: 192.168.4.1[0m
Add netif ap with c6c62dfc(commit id)
[0;32mI (1850) bridge_common: netif list add success[0m
[0;32mI (1857) bridge_common: [WIFI_AP_DEF ][0m
[0;32mI (1861) bridge_common: Set ip info:192.168.5.1[0m
[0;32mI (1865) bridge_wifi: SoftAP IP network segment has changed, deauth all station[0m
I (1875) wifi:Disabled PMF config for SoftAP
I (1878) wifi:Total power save buffer number: 8
[0;32mI (1884) esp_netif_lwip: DHCP server started on interface WIFI_AP_DEF with IP: 192.168.5.1[0m
[0;32mI (1891) bridge_common: [WIFI_AP_DEF ]Name Server1: 114.114.114.114[0m
[0;32mI (1897) bridge_common: DHCPS Restart, deauth all station[0m
Add netif sta with c6c62dfc(commit id)
[0;32mI (1907) bridge_common: netif list add success[0m
I (1913) wifi:mode : sta (08:a6:f7:11:51:a8) + softAP (08:a6:f7:11:51:a9)
I (1919) wifi:enable tsf
[0;32mI (1922) bridge_wifi: Found ssid Tran Con[0m
[0;32mI (1925) bridge_wifi: Found password 88888888[0m
[0;31mE (1931) NVS: Failed to read IP info from NVS[0m
I (1936) wifi:Disabled PMF config for STA
[0;32mI (1939) bridge_wifi: [esp_bridge_wifi_set_config] sta ssid: Tran Con password: 88888888[0m
[0;32mI (1949) bridge_wifi: [esp_bridge_wifi_set_config] softap ssid: ESP_Bridge_1151a9 password: 12345678[0m
I (2131) wifi:Total power save buffer number: 8
[0;32mI (2136) esp_netif_lwip: DHCP server started on interface WIFI_AP_DEF with IP: 192.168.5.1[0m
[0;32mI (2137) bridge_wifi: SoftAP config changed, deauth all station[0m
[0;32mI (2141) Mesh-Lite: esp-mesh-lite component version: 1.0.0[0m
I (2147) ESPNOW: espnow [version: 1.0] init
[0;32mI (2151) [vendor_ie]: Mesh-Lite commit id: bc9302d
 [0m
[0;32mI (2157) [vendor_ie]: Mesh ID: 77 [0m
[0;32mI (2163) [ESP_Mesh_Lite_Comm]: msg action add success [0m
[0;32mI (2168) [ESP_Mesh_Lite_Comm]: Bind Socket 54, port 6364 [0m
[0;32mI (2173) [ESP_Mesh_Lite_Comm]: Bind Socket 55, port 6363 [0m
[0;32mI (2179) [ESP_Mesh_Lite_Comm]: Bind Socket 56, port 6366 [0m
[0;32mI (2185) [ESP_Mesh_Lite_Comm]: Bind Socket 57, port 6365 [0m
[0;32mI (2192) [mesh-lite-espnow]: Start espnow task [0m
[0;32mI (2197) Mesh-Lite: Mesh-Lite connecting[0m
[0;32mI (2203) [vendor_ie]: esp_mesh_lite_wifi_scan_start return ESP_OK [0m
[0;32mI (2208) gpio: GPIO[25]| InputEn: 1| OutputEn: 0| OpenDrain: 0| Pullup: 1| Pulldown: 0| Intr:2 [0m
[0;32mI (2218) cam_hal: cam init ok[0m
[0;32mI (2221) sccb: pin_sda 26 pin_scl 27[0m
[0;32mI (2225) sccb: sccb_i2c_port=1[0m
[0;32mI (2229) gpio: GPIO[32]| InputEn: 0| OutputEn: 1| OpenDrain: 0| Pullup: 0| Pulldown: 0| Intr:0 [0m
[0;32mI (2268) camera: Detected camera at address=0x30[0m
[0;32mI (2271) camera: Detected OV2640 camera[0m
[0;32mI (2271) camera: Camera PID=0x26 VER=0x42 MIDL=0x7f MIDH=0xa2[0m
[0;31mE (2357) esp32 ll_cam: Requested format is not supported[0m
Guru Meditation Error: Core  0 panic'ed (IntegerDivideByZero). Exception was unhandled.

Core  0 register dump:
PC      : 0x400ed350  PS      : 0x00060e30  A0      : 0x800ed8f7  A1      : 0x3ffb13c0  
A2      : 0x3ffb9d98  A3      : 0x3f4087b4  A4      : 0x000003ff  A5      : 0x3ffb1430  
A6      : 0x3ffb1410  A7      : 0x00001000  A8      : 0x00000000  A9      : 0x000003ff  
A10     : 0x000001e0  A11     : 0x00000000  A12     : 0x00002000  A13     : 0x00000000  
A14     : 0x000002ce  A15     : 0x3f800b30  SAR     : 0x00000004  EXCCAUSE: 0x00000006  
EXCVADDR: 0x00000000  LBEG    : 0x4008b6c1  LEND    : 0x4008b6d1  LCOUNT  : 0xfffffffc  


Backtrace: 0x400ed34d:0x3ffb13c0 0x400ed8f4:0x3ffb1410 0x400e4b60:0x3ffb1430 0x400e5054:0x3ffb1470 0x400e4891:0x3ffb14a0 0x400e455e:0x3ffb14e0 0x400e457f:0x3ffb1500 0x400da7b2:0x3ffb1520 0x40190173:0x3ffb1560 0x4008f209:0x3ffb1590




ELF file SHA256: 880d488b7

Rebooting...
ets Jul 29 2019 12:21:46

rst:0xc (SW_CPU_RESET),boot:0x12 (SPI_FAST_FLASH_BOOT)
configsip: 0, SPIWP:0xee
clk_drv:0x00,q_drv:0x00,d_drv:0x00,cs0_drv:0x00,hd_drv:0x00,wp_drv:0x00
mode:DIO, clock div:2
load:0x3fff0030,len:7168
load:0x40078000,len:15452
load:0x40080400,len:4
load:0x40080404,len:3684
entry 0x40080614
[0;32mI (29) boot: ESP-IDF v5.3-dirty 2nd stage bootloader[0m
[0;32mI (29) boot: compile time Aug 18 2024 03:13:10[0m
[0;33mW (29) boot: Unicore bootloader[0m
[0;32mI (34) boot: chip revision: v3.1[0m
[0;32mI (37) boot.esp32: SPI Speed      : 40MHz[0m
[0;32mI (42) boot.esp32: SPI Mode       : DIO[0m
[0;32mI (47) boot.esp32: SPI Flash Size : 4MB[0m
[0;32mI (51) boot: Enabling RNG early entropy source...[0m
[0;32mI (57) boot: Partition Table:[0m
[0;32mI (60) boot: ## Label            Usage          Type ST Offset   Length[0m
[0;32mI (67) boot:  0 nvs              WiFi data        01 02 00009000 00004000[0m
[0;32mI (75) boot:  1 otadata          OTA data         01 00 0000d000 00002000[0m
[0;32mI (82) boot:  2 phy_init         RF data          01 01 0000f000 00001000[0m
[0;32mI (90) boot:  3 ota_0            OTA app          00 10 00010000 001e0000[0m
[0;32mI (97) boot:  4 ota_1            OTA app          00 11 001f0000 001e0000[0m
[0;32mI (105) boot:  5 coredump         Unknown data     01 03 003d0000 00010000[0m
[0;32mI (112) boot:  6 reserved         Unknown data     01 fe 003e0000 00020000[0m
[0;32mI (120) boot: End of partition table[0m
[0;32mI (124) esp_image: segment 0: paddr=00010020 vaddr=3f400020 size=2d84ch (186444) map[0m
[0;32mI (197) esp_image: segment 1: paddr=0003d874 vaddr=3ffbdb60 size=027a4h ( 10148) load[0m
[0;32mI (201) esp_image: segment 2: paddr=00040020 vaddr=400d0020 size=c21f4h (795124) map[0m
[0;32mI (475) esp_image: segment 3: paddr=0010221c vaddr=3ffc0304 size=037c4h ( 14276) load[0m
[0;32mI (480) esp_image: segment 4: paddr=001059e8 vaddr=40080000 size=1c858h (116824) load[0m
[0;32mI (541) boot: Loaded app from partition at offset 0x10000[0m
[0;32mI (541) boot: Disabling RNG early entropy source...[0m
[0;32mI (553) quad_psram: This chip is ESP32-D0WD[0m
[0;32mI (553) esp_psram: Found 8MB PSRAM device[0m
[0;32mI (554) esp_psram: Speed: 40MHz[0m
[0;32mI (557) esp_psram: PSRAM initialized, cache is in normal (1-core) mode.[0m
[0;33mW (564) esp_psram: Virtual address not enough for PSRAM, map as much as we can. 4MB is mapped[0m
[0;32mI (573) cpu_start: Unicore app[0m
[0;32mI (577) cpu_start: Single core mode[0m
[0;32mI (1507) esp_psram: SPI SRAM memory test OK[0m
[0;32mI (1515) cpu_start: Pro cpu start user code[0m
[0;32mI (1515) cpu_start: cpu freq: 240000000 Hz[0m
[0;32mI (1515) app_init: Application information:[0m
[0;32mI (1518) app_init: Project name:     mesh_local_control[0m
[0;32mI (1524) app_init: App version:      c6c62dfc-dirty[0m
[0;32mI (1530) app_init: Compile time:     Aug 19 2024 14:33:11[0m
[0;32mI (1536) app_init: ELF file SHA256:  880d488b7...[0m
[0;32mI (1541) app_init: ESP-IDF:          v5.3-dirty[0m
[0;32mI (1546) efuse_init: Min chip rev:     v0.0[0m
[0;32mI (1551) efuse_init: Max chip rev:     v3.99 [0m
[0;32mI (1556) efuse_init: Chip rev:         v3.1[0m
[0;32mI (1561) heap_init: Initializing. RAM available for dynamic allocation:[0m
[0;32mI (1568) heap_init: At 3FFAE6E0 len 0000F480 (61 KiB): DRAM[0m
[0;32mI (1574) heap_init: At 3FFC88B8 len 00017748 (93 KiB): DRAM[0m
[0;32mI (1581) heap_init: At 3FFE0440 len 0001FBC0 (126 KiB): D/IRAM[0m
[0;32mI (1587) heap_init: At 40078000 len 00008000 (32 KiB): IRAM[0m
[0;32mI (1594) heap_init: At 4009C858 len 000037A8 (13 KiB): IRAM[0m
[0;32mI (1600) heap_init: At 3FF80000 len 00002000 (8 KiB): RTCRAM[0m
[0;32mI (1607) esp_psram: Adding pool of 4096K of PSRAM memory to heap allocator[0m
[0;32mI (1615) spi_flash: detected chip: generic[0m
[0;32mI (1618) spi_flash: flash io: dio[0m
[0;33mW (1623) i2c: This driver is an old driver, please migrate your application code to adapt `driver/i2c_master.h`[0m
[0;32mI (1634) coexist: coex firmware version: dab85ae96[0m
[0;32mI (1639) main_task: Started on CPU0[0m
[0;32mI (1642) esp_psram: Reserving pool of 32K of internal memory for DMA/internal allocations[0m
[0;32mI (1651) main_task: Calling app_main()[0m
[0;32mI (1675) bridge_common: esp-iot-bridge version: 0.11.8[0m
I (1677) wifi:wifi driver task: 3ffbd75c, prio:23, stack:6656, core=0
I (1683) wifi:wifi firmware version: 0caa81945
I (1683) wifi:wifi certification version: v7.0
I (1684) wifi:config NVS flash: enabled
I (1688) wifi:config nano formating: disabled
I (1692) wifi:Init data frame dynamic rx buffer num: 32
I (1697) wifi:Init static rx mgmt buffer num: 5
I (1701) wifi:Init management short buffer num: 32
I (1706) wifi:Init static tx buffer num: 16
I (1710) wifi:Init tx cache buffer num: 32
I (1714) wifi:Init static rx buffer size: 1600
I (1718) wifi:Init static rx buffer num: 10
I (1722) wifi:Init dynamic rx buffer num: 32
[0;32mI (1727) wifi_init: accept mbox: 6[0m
[0;32mI (1730) wifi_init: tcpip mbox: 32[0m
[0;32mI (1734) wifi_init: udp mbox: 6[0m
[0;32mI (1738) wifi_init: tcp mbox: 6[0m
[0;32mI (1741) wifi_init: tcp tx win: 5760[0m
[0;32mI (1746) wifi_init: tcp rx win: 5760[0m
[0;32mI (1750) wifi_init: tcp mss: 1440[0m
[0;32mI (1754) wifi_init: WiFi IRAM OP enabled[0m
[0;32mI (1758) wifi_init: WiFi RX IRAM OP enabled[0m
[0;32mI (1764) phy_init: phy_version 4830,54550f7,Jun 20 2024,14:22:08[0m
I (1827) wifi:mode : null
I (1830) wifi:mode : softAP (08:a6:f7:11:51:a9)
I (1832) wifi:Total power save buffer number: 8
I (1832) wifi:Init max length of beacon: 752/752
I (1834) wifi:Init max length of beacon: 752/752
[0;32mI (1841) esp_netif_lwip: DHCP server started on interface WIFI_AP_DEF with IP: 192.168.4.1[0m
Add netif ap with c6c62dfc(commit id)
[0;32mI (1851) bridge_common: netif list add success[0m
[0;32mI (1857) bridge_common: [WIFI_AP_DEF ][0m
[0;32mI (1861) bridge_common: Set ip info:192.168.5.1[0m
[0;32mI (1866) bridge_wifi: SoftAP IP network segment has changed, deauth all station[0m
I (1876) wifi:Disabled PMF config for SoftAP
I (1878) wifi:Total power save buffer number: 8
[0;32mI (1885) esp_netif_lwip: DHCP server started on interface WIFI_AP_DEF with IP: 192.168.5.1[0m
[0;32mI (1891) bridge_common: [WIFI_AP_DEF ]Name Server1: 114.114.114.114[0m
[0;32mI (1898) bridge_common: DHCPS Restart, deauth all station[0m
Add netif sta with c6c62dfc(commit id)
[0;32mI (1907) bridge_common: netif list add success[0m
I (1913) wifi:mode : sta (08:a6:f7:11:51:a8) + softAP (08:a6:f7:11:51:a9)
I (1919) wifi:enable tsf
[0;32mI (1922) bridge_wifi: Found ssid Tran Con[0m
[0;32mI (1926) bridge_wifi: Found password 88888888[0m
[0;31mE (1931) NVS: Failed to read IP info from NVS[0m
I (1936) wifi:Disabled PMF config for STA
[0;32mI (1940) bridge_wifi: [esp_bridge_wifi_set_config] sta ssid: Tran Con password: 88888888[0m
[0;32mI (1949) bridge_wifi: [esp_bridge_wifi_set_config] softap ssid: ESP_Bridge_1151a9 password: 12345678[0m
I (2132) wifi:Total power save buffer number: 8
[0;32mI (2136) esp_netif_lwip: DHCP server started on interface WIFI_AP_DEF with IP: 192.168.5.1[0m
[0;32mI (2137) bridge_wifi: SoftAP config changed, deauth all station[0m
[0;32mI (2141) Mesh-Lite: esp-mesh-lite component version: 1.0.0[0m
I (2148) ESPNOW: espnow [version: 1.0] init
[0;32mI (2151) [vendor_ie]: Mesh-Lite commit id: bc9302d
 [0m
[0;32mI (2158) [vendor_ie]: Mesh ID: 77 [0m
[0;32mI (2163) [ESP_Mesh_Lite_Comm]: msg action add success [0m
[0;32mI (2169) [ESP_Mesh_Lite_Comm]: Bind Socket 54, port 6364 [0m
[0;32mI (2173) [ESP_Mesh_Lite_Comm]: Bind Socket 55, port 6363 [0m
[0;32mI (2179) [ESP_Mesh_Lite_Comm]: Bind Socket 56, port 6366 [0m
[0;32mI (2185) [ESP_Mesh_Lite_Comm]: Bind Socket 57, port 6365 [0m
[0;32mI (2192) [mesh-lite-espnow]: Start espnow task [0m
[0;32mI (2198) Mesh-Lite: Mesh-Lite connecting[0m
[0;32mI (2204) [vendor_ie]: esp_mesh_lite_wifi_scan_start return ESP_OK [0m
[0;32mI (2208) gpio: GPIO[25]| InputEn: 1| OutputEn: 0| OpenDrain: 0| Pullup: 1| Pulldown: 0| Intr:2 [0m
[0;32mI (2218) cam_hal: cam init ok[0m
[0;32mI (2221) sccb: pin_sda 26 pin_scl 27[0m
[0;32mI (2225) sccb: sccb_i2c_port=1[0m
[0;32mI (2229) gpio: GPIO[32]| InputEn: 0| OutputEn: 1| OpenDrain: 0| Pullup: 0| Pulldown: 0| Intr:0 [0m
[0;32mI (2268) camera: Detected camera at address=0x30[0m
[0;32mI (2271) camera: Detected OV2640 camera[0m
[0;32mI (2271) camera: Camera PID=0x26 VER=0x42 MIDL=0x7f MIDH=0xa2[0m
[0;31mE (2357) esp32 ll_cam: Requested format is not supported[0m
Guru Meditation Error: Core  0 panic'ed (IntegerDivideByZero). Exception was unhandled.

Core  0 register dump:
PC      : 0x400ed350  PS      : 0x00060a30  A0      : 0x800ed8f7  A1      : 0x3ffb13c0  
A2      : 0x3ffb9d98  A3      : 0x3f4087b4  A4      : 0x000003ff  A5      : 0x3ffb1430  
A6      : 0x3ffb1410  A7      : 0x00001000  A8      : 0x00000000  A9      : 0x000003ff  
A10     : 0x000001e0  A11     : 0x00000000  A12     : 0x00002000  A13     : 0x00000000  
A14     : 0x000002cd  A15     : 0x3f800b30  SAR     : 0x00000004  EXCCAUSE: 0x00000006  
EXCVADDR: 0x00000000  LBEG    : 0x4008b6c1  LEND    : 0x4008b6d1  LCOUNT  : 0xfffffffc  


Backtrace: 0x400ed34d:0x3ffb13c0 0x400ed8f4:0x3ffb1410 0x400e4b60:0x3ffb1430 0x400e5054:0x3ffb1470 0x400e4891:0x3ffb14a0 0x400e455e:0x3ffb14e0 0x400e457f:0x3ffb1500 0x400da7b2:0x3ffb1520 0x40190173:0x3ffb1560 0x4008f209:0x3ffb1590




ELF file SHA256: 880d488b7

Rebooting...
ets Jul 29 2019 12:21:46

rst:0xc (SW_CPU_RESET),boot:0x12 (SPI_FAST_FLASH_BOOT)
configsip: 0, SPIWP:0xee
clk_drv:0x00,q_drv:0x00,d_drv:0x00,cs0_drv:0x00,hd_drv:0x00,wp_drv:0x00
mode:DIO, clock div:2
load:0x3fff0030,len:7168
load:0x40078000,len:15452
load:0x40080400,len:4
load:0x40080404,len:3684
entry 0x40080614
[0;32mI (29) boot: ESP-IDF v5.3-dirty 2nd stage bootloader[0m
[0;32mI (29) boot: compile time Aug 18 2024 03:13:10[0m
[0;33mW (29) boot: Unicore bootloader[0m
[0;32mI (34) boot: chip revision: v3.1[0m
[0;32mI (37) boot.esp32: SPI Speed      : 40MHz[0m
[0;32mI (42) boot.esp32: SPI Mode       : DIO[0m
[0;32mI (47) boot.esp32: SPI Flash Size : 4MB[0m
[0;32mI (51) boot: Enabling RNG early entropy source...[0m
[0;32mI (57) boot: Partition Table:[0m
[0;32mI (60) boot: ## Label            Usage          Type ST Offset   Length[0m
[0;32mI (67) boot:  0 nvs              WiFi data        01 02 00009000 00004000[0m
[0;32mI (75) boot:  1 otadata          OTA data         01 00 0000d000 00002000[0m
[0;32mI (82) boot:  2 phy_init         RF data          01 01 0000f000 00001000[0m
[0;32mI (90) boot:  3 ota_0            OTA app          00 10 00010000 001e0000[0m
[0;32mI (97) boot:  4 ota_1            OTA app          00 11 001f0000 001e0000[0m
[0;32mI (105) boot:  5 coredump         Unknown data     01 03 003d0000 00010000[0m
[0;32mI (112) boot:  6 reserved         Unknown data     01 fe 003e0000 00020000[0m
[0;32mI (120) boot: End of partition table[0m
[0;32mI (124) esp_image: segment 0: paddr=00010020 vaddr=3f400020 size=2d84ch (186444) map[0m
[0;32mI (197) esp_image: segment 1: paddr=0003d874 vaddr=3ffbdb60 size=027a4h ( 10148) load[0m
[0;32mI (201) esp_image: segment 2: paddr=00040020 vaddr=400d0020 size=c21f4h (795124) map[0m
[0;32mI (475) esp_image: segment 3: paddr=0010221c vaddr=3ffc0304 size=037c4h ( 14276) load[0m
[0;32mI (480) esp_image: segment 4: paddr=001059e8 vaddr=40080000 size=1c858h (116824) load[0m
[0;32mI (541) boot: Loaded app from partition at offset 0x10000[0m
