ets Jul 29 2019 12:21:46

rst:0x1 (POWERON_RESET),boot:0x13 (SPI_FAST_FLASH_BOOT)
configsip: 0, SPIWP:0xee
clk_drv:0x00,q_drv:0x00,d_drv:0x00,cs0_drv:0x00,hd_drv:0x00,wp_drv:0x00
mode:DIO, clock div:1
load:0x3fff0030,len:7168
load:0x40078000,len:15464
load:0x40080400,len:4
ho 8 tail 4 room 4
load:0x40080404,len:3684
entry 0x40080614
[0;32mI (31) boot: ESP-IDF v5.3-dirty 2nd stage bootloader[0m
[0;32mI (31) boot: compile time Aug 26 2024 19:21:57[0m
[0;33mW (31) boot: Unicore bootloader[0m
[0;32mI (35) boot: chip revision: v3.1[0m
[0;32mI (39) boot.esp32: SPI Speed      : 80MHz[0m
[0;32mI (44) boot.esp32: SPI Mode       : DIO[0m
[0;32mI (48) boot.esp32: SPI Flash Size : 4MB[0m
[0;32mI (53) boot: Enabling RNG early entropy source...[0m
[0;32mI (58) boot: Partition Table:[0m
[0;32mI (62) boot: ## Label            Usage          Type ST Offset   Length[0m
[0;32mI (69) boot:  0 nvs              WiFi data        01 02 00009000 00004000[0m
[0;32mI (77) boot:  1 otadata          OTA data         01 00 0000d000 00002000[0m
[0;32mI (84) boot:  2 phy_init         RF data          01 01 0000f000 00001000[0m
[0;32mI (92) boot:  3 ota_0            OTA app          00 10 00010000 001e0000[0m
[0;32mI (99) boot:  4 ota_1            OTA app          00 11 001f0000 001e0000[0m
[0;32mI (107) boot:  5 coredump         Unknown data     01 03 003d0000 00010000[0m
[0;32mI (114) boot:  6 reserved         Unknown data     01 fe 003e0000 00020000[0m
[0;32mI (122) boot: End of partition table[0m
[0;32mI (126) esp_image: segment 0: paddr=00010020 vaddr=3f400020 size=2fb7ch (195452) map[0m
[0;32mI (190) esp_image: segment 1: paddr=0003fba4 vaddr=3ffbdb60 size=00474h (  1140) load[0m
[0;32mI (191) esp_image: segment 2: paddr=00040020 vaddr=400d0020 size=c642ch (812076) map[0m
[0;32mI (425) esp_image: segment 3: paddr=00106454 vaddr=3ffbdfd4 size=05c28h ( 23592) load[0m
[0;32mI (433) esp_image: segment 4: paddr=0010c084 vaddr=40080000 size=1e5f0h (124400) load[0m
[0;32mI (490) boot: Loaded app from partition at offset 0x10000[0m
[0;32mI (490) boot: Disabling RNG early entropy source...[0m
[0;32mI (501) quad_psram: This chip is ESP32-D0WD[0m
[0;32mI (502) esp_psram: Found 8MB PSRAM device[0m
[0;32mI (502) esp_psram: Speed: 40MHz[0m
[0;32mI (506) esp_psram: PSRAM initialized, cache is in normal (1-core) mode.[0m
[0;33mW (513) esp_psram: Virtual address not enough for PSRAM, map as much as we can. 4MB is mapped[0m
[0;32mI (522) cpu_start: Unicore app[0m
[0;32mI (526) cpu_start: Single core mode[0m
[0;32mI (1453) esp_psram: SPI SRAM memory test OK[0m
[0;32mI (1461) cpu_start: Pro cpu start user code[0m
[0;32mI (1461) cpu_start: cpu freq: 240000000 Hz[0m
[0;32mI (1461) app_init: Application information:[0m
[0;32mI (1464) app_init: Project name:     mesh_local_control[0m
[0;32mI (1470) app_init: App version:      d1ba481-dirty[0m
[0;32mI (1476) app_init: Compile time:     Aug 26 2024 19:21:52[0m
[0;32mI (1482) app_init: ELF file SHA256:  f35cbac74...[0m
[0;32mI (1487) app_init: ESP-IDF:          v5.3-dirty[0m
[0;32mI (1492) efuse_init: Min chip rev:     v0.0[0m
[0;32mI (1497) efuse_init: Max chip rev:     v3.99 [0m
[0;32mI (1502) efuse_init: Chip rev:         v3.1[0m
[0;32mI (1507) heap_init: Initializing. RAM available for dynamic allocation:[0m
[0;32mI (1515) heap_init: At 3FFAE6E0 len 0000F480 (61 KiB): DRAM[0m
[0;32mI (1521) heap_init: At 3FFC8A98 len 00017568 (93 KiB): DRAM[0m
[0;32mI (1527) heap_init: At 3FFE0440 len 0001FBC0 (126 KiB): D/IRAM[0m
[0;32mI (1533) heap_init: At 40078000 len 00008000 (32 KiB): IRAM[0m
[0;32mI (1540) heap_init: At 4009E5F0 len 00001A10 (6 KiB): IRAM[0m
[0;32mI (1546) heap_init: At 3FF80000 len 00002000 (8 KiB): RTCRAM[0m
[0;32mI (1553) esp_psram: Adding pool of 4096K of PSRAM memory to heap allocator[0m
[0;32mI (1561) spi_flash: detected chip: generic[0m
[0;32mI (1565) spi_flash: flash io: dio[0m
[0;33mW (1569) i2c: This driver is an old driver, please migrate your application code to adapt `driver/i2c_master.h`[0m
[0;32mI (1591) coexist: coex firmware version: dab85ae96[0m
[0;32mI (1591) main_task: Started on CPU0[0m
[0;32mI (1591) esp_psram: Reserving pool of 32K of internal memory for DMA/internal allocations[0m
[0;32mI (1599) main_task: Calling app_main()[0m
[0;32mI (1618) bridge_common: esp-iot-bridge version: 0.11.8[0m
I (1619) wifi:wifi driver task: 3ffbd6fc, prio:23, stack:6656, core=0
I (1621) wifi:wifi firmware version: 0caa81945
I (1623) wifi:wifi certification version: v7.0
I (1627) wifi:config NVS flash: enabled
I (1631) wifi:config nano formating: disabled
I (1635) wifi:Init data frame dynamic rx buffer num: 32
I (1640) wifi:Init static rx mgmt buffer num: 5
I (1644) wifi:Init management short buffer num: 32
I (1648) wifi:Init static tx buffer num: 16
I (1652) wifi:Init tx cache buffer num: 32
I (1656) wifi:Init static rx buffer size: 1600
I (1660) wifi:Init static rx buffer num: 10
I (1664) wifi:Init dynamic rx buffer num: 32
[0;32mI (1669) wifi_init: accept mbox: 6[0m
[0;32mI (1672) wifi_init: tcpip mbox: 32[0m
[0;32mI (1676) wifi_init: udp mbox: 6[0m
[0;32mI (1680) wifi_init: tcp mbox: 6[0m
[0;32mI (1684) wifi_init: tcp tx win: 5760[0m
[0;32mI (1688) wifi_init: tcp rx win: 5760[0m
[0;32mI (1692) wifi_init: tcp mss: 1440[0m
[0;32mI (1696) wifi_init: WiFi IRAM OP enabled[0m
[0;32mI (1701) wifi_init: WiFi RX IRAM OP enabled[0m
[0;32mI (1706) phy_init: phy_version 4830,54550f7,Jun 20 2024,14:22:08[0m
I (1767) wifi:mode : null
I (1769) wifi:mode : softAP (08:a6:f7:11:51:a9)
I (1770) wifi:Total power save buffer number: 8
I (1770) wifi:Init max length of beacon: 752/752
I (1772) wifi:Init max length of beacon: 752/752
[0;32mI (1777) esp_netif_lwip: DHCP server started on interface WIFI_AP_DEF with IP: 192.168.4.1[0m
Add netif ap with d1ba481(commit id)
[0;32mI (1788) bridge_common: netif list add success[0m
[0;32mI (1794) bridge_common: [WIFI_AP_DEF ][0m
[0;32mI (1798) bridge_common: Set ip info:192.168.5.1[0m
[0;32mI (1803) bridge_wifi: SoftAP IP network segment has changed, deauth all station[0m
I (1812) wifi:Disabled PMF config for SoftAP
I (1815) wifi:Total power save buffer number: 8
[0;32mI (1820) esp_netif_lwip: DHCP server started on interface WIFI_AP_DEF with IP: 192.168.5.1[0m
[0;32mI (1828) bridge_common: [WIFI_AP_DEF ]Name Server1: 114.114.114.114[0m
[0;32mI (1834) bridge_common: DHCPS Restart, deauth all station[0m
Add netif sta with d1ba481(commit id)
[0;32mI (1844) bridge_common: netif list add success[0m
I (1849) wifi:mode : sta (08:a6:f7:11:51:a8) + softAP (08:a6:f7:11:51:a9)
I (1856) wifi:enable tsf
[0;31mE (1859) NVS: Failed to read IP info from NVS[0m
I (1863) wifi:Disabled PMF config for STA
[0;32mI (1866) bridge_wifi: [esp_bridge_wifi_set_config] sta ssid: Tran Con Dev password: password[0m
[0;32mI (1876) bridge_wifi: [esp_bridge_wifi_set_config] softap ssid: ESP_Bridge_1151a9 password: 12345678[0m
I (2057) wifi:Total power save buffer number: 8
[0;32mI (2059) esp_netif_lwip: DHCP server started on interface WIFI_AP_DEF with IP: 192.168.5.1[0m
[0;32mI (2060) bridge_wifi: SoftAP config changed, deauth all station[0m
[0;32mI (2066) Mesh-Lite: esp-mesh-lite component version: 1.0.0[0m
I (2072) ESPNOW: espnow [version: 1.0] init
[0;32mI (2076) [vendor_ie]: Mesh-Lite commit id: bc9302d
 [0m
[0;32mI (2082) [vendor_ie]: Mesh ID: 77 [0m
[0;32mI (2087) [ESP_Mesh_Lite_Comm]: msg action add success [0m
[0;32mI (2093) [ESP_Mesh_Lite_Comm]: Bind Socket 54, port 6364 [0m
[0;32mI (2098) [ESP_Mesh_Lite_Comm]: Bind Socket 55, port 6363 [0m
[0;32mI (2104) [ESP_Mesh_Lite_Comm]: Bind Socket 56, port 6366 [0m
[0;32mI (2110) [ESP_Mesh_Lite_Comm]: Bind Socket 57, port 6365 [0m
[0;32mI (2116) [mesh-lite-espnow]: Start espnow task [0m
[0;32mI (2122) Mesh-Lite: Mesh-Lite connecting[0m
[0;32mI (2127) [vendor_ie]: esp_mesh_lite_wifi_scan_start return ESP_OK [0m
[0;32mI (2132) gpio: GPIO[25]| InputEn: 1| OutputEn: 0| OpenDrain: 0| Pullup: 1| Pulldown: 0| Intr:2 [0m
[0;32mI (2142) cam_hal: cam init ok[0m
[0;32mI (2145) sccb: pin_sda 26 pin_scl 27[0m
[0;32mI (2149) sccb: sccb_i2c_port=1[0m
[0;32mI (2153) gpio: GPIO[32]| InputEn: 0| OutputEn: 1| OpenDrain: 0| Pullup: 0| Pulldown: 0| Intr:0 [0m
[0;32mI (2192) camera: Detected camera at address=0x30[0m
[0;32mI (2194) camera: Detected OV2640 camera[0m
[0;32mI (2194) camera: Camera PID=0x26 VER=0x42 MIDL=0x7f MIDH=0xa2[0m
[0;32mI (2260) cam_hal: buffer_size: 32768, half_buffer_size: 4096, node_buffer_size: 20ï¿½ets Jul 29 2019 12:21:46

rst:0x3 (SW_RESET),boot:0x13 (SPI_FAST_FLASH_BOOT)
configsip: 0, SPIWP:0xee
clk_drv:0x00,q_drv:0x00,d_drv:0x00,cs0_drv:0x00,hd_drv:0x00,wp_drv:0x00
mode:DIO, clock div:1
load:0x3fff0030,len:7168
load:0x40078000,len:15464
load:0x40080400,len:4
ho 8 tail 4 room 4
load:0x40080404,len:3684
entry 0x40080614
[0;32mI (179) boot: ESP-IDF v5.3-dirty 2nd stage bootloader[0m
[0;32mI (179) boot: compile time Aug 26 2024 19:21:57[0m
[0;33mW (179) boot: Unicore bootloader[0m
[0;32mI (184) boot: chip revision: v3.1[0m
[0;32mI (188) boot.esp32: SPI Speed      : 80MHz[0m
[0;32mI (193) boot.esp32: SPI Mode       : DIO[0m
[0;32mI (198) boot.esp32: SPI Flash Size : 4MB[0m
[0;32mI (202) boot: Enabling RNG early entropy source...[0m
[0;32mI (208) boot: Partition Table:[0m
[0;32mI (212) boot: ## Label            Usage          Type ST Offset   Length[0m
[0;32mI (219) boot:  0 nvs              WiFi data        01 02 00009000 00004000[0m
[0;32mI (226) boot:  1 otadata          OTA data         01 00 0000d000 00002000[0m
[0;32mI (234) boot:  2 phy_init         RF data          01 01 0000f000 00001000[0m
[0;32mI (242) boot:  3 ota_0            OTA app          00 10 00010000 001e0000[0m
[0;32mI (249) boot:  4 ota_1            OTA app          00 11 001f0000 001e0000[0m
[0;32mI (257) boot:  5 coredump         Unknown data     01 03 003d0000 00010000[0m
[0;32mI (264) boot:  6 reserved         Unknown data     01 fe 003e0000 00020000[0m
[0;32mI (272) boot: End of partition table[0m
[0;32mI (276) esp_image: segment 0: paddr=00010020 vaddr=3f400020 size=2fb7ch (195452) map[0m
[0;32mI (340) esp_image: segment 1: paddr=0003fba4 vaddr=3ffbdb60 size=00474h (  1140) load[0m
[0;32mI (341) esp_image: segment 2: paddr=00040020 vaddr=400d0020 size=c642ch (812076) map[0m
[0;32mI (575) esp_image: segment 3: paddr=00106454 vaddr=3ffbdfd4 size=05c28h ( 23592) load[0m
[0;32mI (583) esp_image: segment 4: paddr=0010c084 vaddr=40080000 size=1e5f0h (124400) load[0m
[0;32mI (640) boot: Loaded app from partition at offset 0x10000[0m
[0;32mI (640) boot: Disabling RNG early entropy source...[0m
[0;32mI (651) quad_psram: This chip is ESP32-D0WD[0m
[0;32mI (652) esp_psram: Found 8MB PSRAM device[0m
[0;32mI (652) esp_psram: Speed: 40MHz[0m
[0;32mI (656) esp_psram: PSRAM initialized, cache is in normal (1-core) mode.[0m
[0;33mW (663) esp_psram: Virtual address not enough for PSRAM, map as much as we can. 4MB is mapped[0m
[0;32mI (672) cpu_start: Unicore app[0m
[0;32mI (676) cpu_start: Single core mode[0m
[0;32mI (1603) esp_psram: SPI SRAM memory test OK[0m
[0;32mI (1611) cpu_start: Pro cpu start user code[0m
[0;32mI (1611) cpu_start: cpu freq: 240000000 Hz[0m
[0;32mI (1611) app_init: Application information:[0m
[0;32mI (1614) app_init: Project name:     mesh_local_control[0m
[0;32mI (1620) app_init: App version:      d1ba481-dirty[0m
[0;32mI (1626) app_init: Compile time:     Aug 26 2024 19:21:52[0m
[0;32mI (1632) app_init: ELF file SHA256:  f35cbac74...[0m
[0;32mI (1637) app_init: ESP-IDF:          v5.3-dirty[0m
[0;32mI (1642) efuse_init: Min chip rev:     v0.0[0m
[0;32mI (1647) efuse_init: Max chip rev:     v3.99 [0m
[0;32mI (1652) efuse_init: Chip rev:         v3.1[0m
[0;32mI (1657) heap_init: Initializing. RAM available for dynamic allocation:[0m
[0;32mI (1665) heap_init: At 3FFAE6E0 len 0000F480 (61 KiB): DRAM[0m
[0;32mI (1671) heap_init: At 3FFC8A98 len 00017568 (93 KiB): DRAM[0m
[0;32mI (1677) heap_init: At 3FFE0440 len 0001FBC0 (126 KiB): D/IRAM[0m
[0;32mI (1684) heap_init: At 40078000 len 00008000 (32 KiB): IRAM[0m
[0;32mI (1690) heap_init: At 4009E5F0 len 00001A10 (6 KiB): IRAM[0m
[0;32mI (1696) heap_init: At 3FF80000 len 00002000 (8 KiB): RTCRAM[0m
[0;32mI (1703) esp_psram: Adding pool of 4096K of PSRAM memory to heap allocator[0m
[0;32mI (1711) spi_flash: detected chip: generic[0m
[0;32mI (1715) spi_flash: flash io: dio[0m
[0;33mW (1719) i2c: This driver is an old driver, please migrate your application code to adapt `driver/i2c_master.h`[0m
[0;32mI (1741) coexist: coex firmware version: dab85ae96[0m
[0;32mI (1742) main_task: Started on CPU0[0m
[0;32mI (1742) esp_psram: Reserving pool of 32K of internal memory for DMA/internal allocations[0m
[0;32mI (1750) main_task: Calling app_main()[0m
[0;32mI (1769) bridge_common: esp-iot-bridge version: 0.11.8[0m
I (1770) wifi:wifi driver task: 3ffbd6fc, prio:23, stack:6656, core=0
I (1772) wifi:wifi firmware version: 0caa81945
I (1774) wifi:wifi certification version: v7.0
I (1778) wifi:config NVS flash: enabled
I (1782) wifi:config nano formating: disabled
I (1786) wifi:Init data frame dynamic rx buffer num: 32
I (1791) wifi:Init static rx mgmt buffer num: 5
I (1795) wifi:Init management short buffer num: 32
I (1799) wifi:Init static tx buffer num: 16
I (1803) wifi:Init tx cache buffer num: 32
I (1807) wifi:Init static rx buffer size: 1600
I (1811) wifi:Init static rx buffer num: 10
I (1815) wifi:Init dynamic rx buffer num: 32
[0;32mI (1820) wifi_init: accept mbox: 6[0m
[0;32mI (1823) wifi_init: tcpip mbox: 32[0m
[0;32mI (1827) wifi_init: udp mbox: 6[0m
[0;32mI (1831) wifi_init: tcp mbox: 6[0m
[0;32mI (1835) wifi_init: tcp tx win: 5760[0m
[0;32mI (1839) wifi_init: tcp rx win: 5760[0m
[0;32mI (1843) wifi_init: tcp mss: 1440[0m
[0;32mI (1847) wifi_init: WiFi IRAM OP enabled[0m
[0;32mI (1852) wifi_init: WiFi RX IRAM OP enabled[0m
[0;32mI (1857) phy_init: phy_version 4830,54550f7,Jun 20 2024,14:22:08[0m
I (1918) wifi:mode : null
I (1920) wifi:mode : softAP (08:a6:f7:11:51:a9)
I (1921) wifi:Total power save buffer number: 8
I (1921) wifi:Init max length of beacon: 752/752
I (1923) wifi:Init max length of beacon: 752/752
[0;32mI (1928) esp_netif_lwip: DHCP server started on interface WIFI_AP_DEF with IP: 192.168.4.1[0m
Add netif ap with d1ba481(commit id)
[0;32mI (1939) bridge_common: netif list add success[0m
[0;32mI (1945) bridge_common: [WIFI_AP_DEF ][0m
[0;32mI (1949) bridge_common: Set ip info:192.168.5.1[0m
[0;32mI (1954) bridge_wifi: SoftAP IP network segment has changed, deauth all station[0m
I (1963) wifi:Disabled PMF config for SoftAP
I (1966) wifi:Total power save buffer number: 8
[0;32mI (1971) esp_netif_lwip: DHCP server started on interface WIFI_AP_DEF with IP: 192.168.5.1[0m
[0;32mI (1979) bridge_common: [WIFI_AP_DEF ]Name Server1: 114.114.114.114[0m
[0;32mI (1985) bridge_common: DHCPS Restart, deauth all station[0m
Add netif sta with d1ba481(commit id)
[0;32mI (1995) bridge_common: netif list add success[0m
I (2000) wifi:mode : sta (08:a6:f7:11:51:a8) + softAP (08:a6:f7:11:51:a9)
I (2007) wifi:enable tsf
[0;31mE (2010) NVS: Failed to read IP info from NVS[0m
I (2014) wifi:Disabled PMF config for STA
[0;32mI (2017) bridge_wifi: [esp_bridge_wifi_set_config] sta ssid: Tran Con Dev password: password[0m
[0;32mI (2027) bridge_wifi: [esp_bridge_wifi_set_config] softap ssid: ESP_Bridge_1151a9 password: 12345678[0m
I (2208) wifi:Total power save buffer number: 8
[0;32mI (2210) esp_netif_lwip: DHCP server started on interface WIFI_AP_DEF with IP: 192.168.5.1[0m
[0;32mI (2211) bridge_wifi: SoftAP config changed, deauth all station[0m
[0;32mI (2217) Mesh-Lite: esp-mesh-lite component version: 1.0.0[0m
I (2223) ESPNOW: espnow [version: 1.0] init
[0;32mI (2227) [vendor_ie]: Mesh-Lite commit id: bc9302d
 [0m
[0;32mI (2233) [vendor_ie]: Mesh ID: 77 [0m
[0;32mI (2238) [ESP_Mesh_Lite_Comm]: msg action add success [0m
[0;32mI (2244) [ESP_Mesh_Lite_Comm]: Bind Socket 54, port 6364 [0m
[0;32mI (2249) [ESP_Mesh_Lite_Comm]: Bind Socket 55, port 6363 [0m
[0;32mI (2255) [ESP_Mesh_Lite_Comm]: Bind Socket 56, port 6366 [0m
[0;32mI (2261) [ESP_Mesh_Lite_Comm]: Bind Socket 57, port 6365 [0m
[0;32mI (2267) [mesh-lite-espnow]: Start espnow task [0m
[0;32mI (2273) Mesh-Lite: Mesh-Lite connecting[0m
[0;32mI (2278) [vendor_ie]: esp_mesh_lite_wifi_scan_start return ESP_OK [0m
[0;32mI (2283) gpio: GPIO[25]| InputEn: 1| OutputEn: 0| OpenDrain: 0| Pullup: 1| Pulldown: 0| Intr:2 [0m
[0;32mI (2293) cam_hal: cam init ok[0m
[0;32mI (2296) sccb: pin_sda 26 pin_scl 27[0m
[0;32mI (2300) sccb: sccb_i2c_port=1[0m
[0;32mI (2304) gpio: GPIO[32]| InputEn: 0| OutputEn: 1| OpenDrain: 0| Pullup: 0| Pulldown: 0| Intr:0 [0m
[0;32mI (2343) camera: Detected camera at address=0x30[0m
[0;32mI (2345) camera: Detected OV2640 camera[0m
[0;32mI (2345) camera: Camera PID=0x26 VER=0x42 MIDL=0x7f MIDH=0xa2[0m
[0;32mI (2411) cam_hal: buffer_size: 32768, half_buffer_size: 4096, node_buffer_size: ï¿½ets Jul 29 2019 12:21:46

rst:0x3 (SW_RESET),boot:0x13 (SPI_FAST_FLASH_BOOT)
configsip: 0, SPIWP:0xee
clk_drv:0x00,q_drv:0x00,d_drv:0x00,cs0_drv:0x00,hd_drv:0x00,wp_drv:0x00
mode:DIO, clock div:1
load:0x3fff0030,len:7168
load:0x40078000,len:15464
load:0x40080400,len:4
ho 8 tail 4 room 4
load:0x40080404,len:3684
entry 0x40080614
[0;32mI (179) boot: ESP-IDF v5.3-dirty 2nd stage bootloader[0m
[0;32mI (179) boot: compile time Aug 26 2024 19:21:57[0m
[0;33mW (179) boot: Unicore bootloader[0m
[0;32mI (184) boot: chip revision: v3.1[0m
[0;32mI (188) boot.esp32: SPI Speed      : 80MHz[0m
[0;32mI (193) boot.esp32: SPI Mode       : DIO[0m
[0;32mI (198) boot.esp32: SPI Flash Size : 4MB[0m
[0;32mI (202) boot: Enabling RNG early entropy source...[0m
[0;32mI (208) boot: Partition Table:[0m
[0;32mI (212) boot: ## Label            Usage          Type ST Offset   Length[0m
[0;32mI (219) boot:  0 nvs              WiFi data        01 02 00009000 00004000[0m
[0;32mI (226) boot:  1 otadata          OTA data         01 00 0000d000 00002000[0m
[0;32mI (234) boot:  2 phy_init         RF data          01 01 0000f000 00001000[0m
[0;32mI (242) boot:  3 ota_0            OTA app          00 10 00010000 001e0000[0m
[0;32mI (249) boot:  4 ota_1            OTA app          00 11 001f0000 001e0000[0m
[0;32mI (257) boot:  5 coredump         Unknown data     01 03 003d0000 00010000[0m
[0;32mI (264) boot:  6 reserved         Unknown data     01 fe 003e0000 00020000[0m
[0;32mI (272) boot: End of partition table[0m
[0;32mI (276) esp_image: segment 0: paddr=00010020 vaddr=3f400020 size=2fb7ch (195452) map[0m
[0;32mI (340) esp_image: segment 1: paddr=0003fba4 vaddr=3ffbdb60 size=00474h (  1140) load[0m
[0;32mI (341) esp_image: segment 2: paddr=00040020 vaddr=400d0020 size=c642ch (812076) map[0m
[0;32mI (575) esp_image: segment 3: paddr=00106454 vaddr=3ffbdfd4 size=05c28h ( 23592) load[0m
[0;32mI (583) esp_image: segment 4: paddr=0010c084 vaddr=40080000 size=1e5f0h (124400) load[0m
[0;32mI (640) boot: Loaded app from partition at offset 0x10000[0m
[0;32mI (640) boot: Disabling RNG early entropy source...[0m
[0;32mI (651) quad_psram: This chip is ESP32-D0WD[0m
[0;32mI (652) esp_psram: Found 8MB PSRAM device[0m
[0;32mI (652) esp_psram: Speed: 40MHz[0m
[0;32mI (656) esp_psram: PSRAM initialized, cache is in normal (1-core) mode.[0m
[0;33mW (663) esp_psram: Virtual address not enough for PSRAM, map as much as we can. 4MB is mapped[0m
[0;32mI (672) cpu_start: Unicore app[0m
[0;32mI (676) cpu_start: Single core mode[0m
[0;32mI (1603) esp_psram: SPI SRAM memory test OK[0m
[0;32mI (1611) cpu_start: Pro cpu start user code[0m
[0;32mI (1611) cpu_start: cpu freq: 240000000 Hz[0m
[0;32mI (1611) app_init: Application information:[0m
[0;32mI (1614) app_init: Project name:     mesh_local_control[0m
[0;32mI (1620) app_init: App version:      d1ba481-dirty[0m
[0;32mI (1626) app_init: Compile time:     Aug 26 2024 19:21:52[0m
[0;32mI (1632) app_init: ELF file SHA256:  f35cbac74...[0m
[0;32mI (1637) app_init: ESP-IDF:          v5.3-dirty[0m
[0;32mI (1642) efuse_init: Min chip rev:     v0.0[0m
[0;32mI (1647) efuse_init: Max chip rev:     v3.99 [0m
[0;32mI (1652) efuse_init: Chip rev:         v3.1[0m
[0;32mI (1657) heap_init: Initializing. RAM available for dynamic allocation:[0m
[0;32mI (1665) heap_init: At 3FFAE6E0 len 0000F480 (61 KiB): DRAM[0m
[0;32mI (1671) heap_init: At 3FFC8A98 len 00017568 (93 KiB): DRAM[0m
[0;32mI (1677) heap_init: At 3FFE0440 len 0001FBC0 (126 KiB): D/IRAM[0m
[0;32mI (1684) heap_init: At 40078000 len 00008000 (32 KiB): IRAM[0m
[0;32mI (1690) heap_init: At 4009E5F0 len 00001A10 (6 KiB): IRAM[0m
[0;32mI (1696) heap_init: At 3FF80000 len 00002000 (8 KiB): RTCRAM[0m
[0;32mI (1703) esp_psram: Adding pool of 4096K of PSRAM memory to heap allocator[0m
[0;32mI (1711) spi_flash: detected chip: generic[0m
[0;32mI (1715) spi_flash: flash io: dio[0m
[0;33mW (1719) i2c: This driver is an old driver, please migrate your application code to adapt `driver/i2c_master.h`[0m
[0;32mI (1741) coexist: coex firmware version: dab85ae96[0m
[0;32mI (1742) main_task: Started on CPU0[0m
[0;32mI (1742) esp_psram: Reserving pool of 32K of internal memory for DMA/internal allocations[0m
[0;32mI (1750) main_task: Calling app_main()[0m
[0;32mI (1769) bridge_common: esp-iot-bridge version: 0.11.8[0m
I (1770) wifi:wifi driver task: 3ffbd6fc, prio:23, stack:6656, core=0
I (1772) wifi:wifi firmware version: 0caa81945
I (1774) wifi:wifi certification version: v7.0
I (1778) wifi:config NVS flash: enabled
I (1782) wifi:config nano formating: disabled
I (1786) wifi:Init data frame dynamic rx buffer num: 32
I (1791) wifi:Init static rx mgmt buffer num: 5
I (1795) wifi:Init management short buffer num: 32
I (1799) wifi:Init static tx buffer num: 16
I (1803) wifi:Init tx cache buffer num: 32
I (1807) wifi:Init static rx buffer size: 1600
I (1811) wifi:Init static rx buffer num: 10
I (1815) wifi:Init dynamic rx buffer num: 32
[0;32mI (1820) wifi_init: accept mbox: 6[0m
[0;32mI (1823) wifi_init: tcpip mbox: 32[0m
[0;32mI (1827) wifi_init: udp mbox: 6[0m
[0;32mI (1831) wifi_init: tcp mbox: 6[0m
[0;32mI (1835) wifi_init: tcp tx win: 5760[0m
[0;32mI (1839) wifi_init: tcp rx win: 5760[0m
[0;32mI (1843) wifi_init: tcp mss: 1440[0m
[0;32mI (1847) wifi_init: WiFi IRAM OP enabled[0m
[0;32mI (1852) wifi_init: WiFi RX IRAM OP enabled[0m
[0;32mI (1857) phy_init: phy_version 4830,54550f7,Jun 20 2024,14:22:08[0m
I (1918) wifi:mode : null
I (1920) wifi:mode : softAP (08:a6:f7:11:51:a9)
I (1921) wifi:Total power save buffer number: 8
I (1921) wifi:Init max length of beacon: 752/752
I (1923) wifi:Init max length of beacon: 752/752
[0;32mI (1928) esp_netif_lwip: DHCP server started on interface WIFI_AP_DEF with IP: 192.168.4.1[0m
Add netif ap with d1ba481(commit id)
[0;32mI (1939) bridge_common: netif list add success[0m
[0;32mI (1945) bridge_common: [WIFI_AP_DEF ][0m
[0;32mI (1949) bridge_common: Set ip info:192.168.5.1[0m
[0;32mI (1954) bridge_wifi: SoftAP IP network segment has changed, deauth all station[0m
I (1963) wifi:Disabled PMF config for SoftAP
I (1966) wifi:Total power save buffer number: 8
[0;32mI (1971) esp_netif_lwip: DHCP server started on interface WIFI_AP_DEF with IP: 192.168.5.1[0m
[0;32mI (1979) bridge_common: [WIFI_AP_DEF ]Name Server1: 114.114.114.114[0m
[0;32mI (1985) bridge_common: DHCPS Restart, deauth all station[0m
Add netif sta with d1ba481(commit id)
[0;32mI (1995) bridge_common: netif list add success[0m
I (2000) wifi:mode : sta (08:a6:f7:11:51:a8) + softAP (08:a6:f7:11:51:a9)
I (2007) wifi:enable tsf
[0;31mE (2010) NVS: Failed to read IP info from NVS[0m
I (2014) wifi:Disabled PMF config for STA
[0;32mI (2017) bridge_wifi: [esp_bridge_wifi_set_config] sta ssid: Tran Con Dev password: password[0m
[0;32mI (2027) bridge_wifi: [esp_bridge_wifi_set_config] softap ssid: ESP_Bridge_1151a9 password: 12345678[0m
I (2208) wifi:Total power save buffer number: 8
[0;32mI (2210) esp_netif_lwip: DHCP server started on interface WIFI_AP_DEF with IP: 192.168.5.1[0m
[0;32mI (2211) bridge_wifi: SoftAP config changed, deauth all station[0m
[0;32mI (2217) Mesh-Lite: esp-mesh-lite component version: 1.0.0[0m
I (2223) ESPNOW: espnow [version: 1.0] init
[0;32mI (2227) [vendor_ie]: Mesh-Lite commit id: bc9302d
 [0m
[0;32mI (2233) [vendor_ie]: Mesh ID: 77 [0m
[0;32mI (2238) [ESP_Mesh_Lite_Comm]: msg action add success [0m
[0;32mI (2244) [ESP_Mesh_Lite_Comm]: Bind Socket 54, port 6364 [0m
[0;32mI (2249) [ESP_Mesh_Lite_Comm]: Bind Socket 55, port 6363 [0m
[0;32mI (2255) [ESP_Mesh_Lite_Comm]: Bind Socket 56, port 6366 [0m
[0;32mI (2261) [ESP_Mesh_Lite_Comm]: Bind Socket 57, port 6365 [0m
[0;32mI (2267) [mesh-lite-espnow]: Start espnow task [0m
[0;32mI (2273) Mesh-Lite: Mesh-Lite connecting[0m
[0;32mI (2278) [vendor_ie]: esp_mesh_lite_wifi_scan_start return ESP_OK [0m
[0;32mI (2283) gpio: GPIO[25]| InputEn: 1| OutputEn: 0| OpenDrain: 0| Pullup: 1| Pulldown: 0| Intr:2 [0m
[0;32mI (2293) cam_hal: cam init ok[0m
[0;32mI (2296) sccb: pin_sda 26 pin_scl 27[0m
[0;32mI (2300) sccb: sccb_i2c_port=1[0m
[0;32mI (2304) gpio: GPIO[32]| InputEn: 0| OutputEn: 1| OpenDrain: 0| Pullup: 0| Pulldown: 0| Intr:0 [0m
[0;32mI (2343) camera: Detected camera at address=0x30[0m
[0;32mI (2345) camera: Detected OV2640 camera[0m
[0;32mI (2345) camera: Camera PID=0x26 VER=0x42 MIDL=0x7f MIDH=0xa2[0m
[0;32mI (2411) cam_hal: buffer_size: 32768, half_buffer_size: 4096, node_buffer_size: 2048, node_cnt:ï¿½ets Jul 29 2019 12:21:46

rst:0x3 (SW_RESET),boot:0x13 (SPI_FAST_FLASH_BOOT)
configsip: 0, SPIWP:0xee
clk_drv:0x00,q_drv:0x00,d_drv:0x00,cs0_drv:0x00,hd_drv:0x00,wp_drv:0x00
mode:DIO, clock div:1
load:0x3fff0030,len:7168
load:0x40078000,len:15464
load:0x40080400,len:4
ho 8 tail 4 room 4
load:0x40080404,len:3684
entry 0x40080614
[0;32mI (179) boot: ESP-IDF v5.3-dirty 2nd stage bootloader[0m
[0;32mI (179) boot: compile time Aug 26 2024 19:21:57[0m
[0;33mW (179) boot: Unicore bootloader[0m
[0;32mI (184) boot: chip revision: v3.1[0m
[0;32mI (188) boot.esp32: SPI Speed      : 80MHz[0m
[0;32mI (193) boot.esp32: SPI Mode       : DIO[0m
[0;32mI (198) boot.esp32: SPI Flash Size : 4MB[0m
[0;32mI (202) boot: Enabling RNG early entropy source...[0m
[0;32mI (208) boot: Partition Table:[0m
[0;32mI (211) boot: ## Label            Usage          Type ST Offset   Length[0m
[0;32mI (219) boot:  0 nvs              WiFi data        01 02 00009000 00004000[0m
[0;32mI (226) boot:  1 otadata          OTA data         01 00 0000d000 00002000[0m
[0;32mI (234) boot:  2 phy_init         RF data          01 01 0000f000 00001000[0m
[0;32mI (242) boot:  3 ota_0            OTA app          00 10 00010000 001e0000[0m
[0;32mI (249) boot:  4 ota_1            OTA app          00 11 001f0000 001e0000[0m
[0;32mI (257) boot:  5 coredump         Unknown data     01 03 003d0000 00010000[0m
[0;32mI (264) boot:  6 reserved         Unknown data     01 fe 003e0000 00020000[0m
[0;32mI (272) boot: End of partition table[0m
[0;32mI (276) esp_image: segment 0: paddr=00010020 vaddr=3f400020 size=2fb7ch (195452) map[0m
[0;32mI (340) esp_image: segment 1: paddr=0003fba4 vaddr=3ffbdb60 size=00474h (  1140) load[0m
[0;32mI (341) esp_image: segment 2: paddr=00040020 vaddr=400d0020 size=c642ch (812076) map[0m
[0;32mI (575) esp_image: segment 3: paddr=00106454 vaddr=3ffbdfd4 size=05c28h ( 23592) load[0m
[0;32mI (583) esp_image: segment 4: paddr=0010c084 vaddr=40080000 size=1e5f0h (124400) load[0m
[0;32mI (640) boot: Loaded app from partition at offset 0x10000[0m
[0;32mI (640) boot: Disabling RNG early entropy source...[0m
[0;32mI (651) quad_psram: This chip is ESP32-D0WD[0m
[0;32mI (652) esp_psram: Found 8MB PSRAM device[0m
[0;32mI (652) esp_psram: Speed: 40MHz[0m
[0;32mI (656) esp_psram: PSRAM initialized, cache is in normal (1-core) mode.[0m
[0;33mW (663) esp_psram: Virtual address not enough for PSRAM, map as much as we can. 4MB is mapped[0m
[0;32mI (672) cpu_start: Unicore app[0m
[0;32mI (676) cpu_start: Single core mode[0m
[0;32mI (1603) esp_psram: SPI SRAM memory test OK[0m
[0;32mI (1611) cpu_start: Pro cpu start user code[0m
[0;32mI (1611) cpu_start: cpu freq: 240000000 Hz[0m
[0;32mI (1611) app_init: Application information:[0m
[0;32mI (1614) app_init: Project name:     mesh_local_control[0m
[0;32mI (1620) app_init: App version:      d1ba481-dirty[0m
[0;32mI (1626) app_init: Compile time:     Aug 26 2024 19:21:52[0m
[0;32mI (1632) app_init: ELF file SHA256:  f35cbac74...[0m
[0;32mI (1637) app_init: ESP-IDF:          v5.3-dirty[0m
[0;32mI (1642) efuse_init: Min chip rev:     v0.0[0m
[0;32mI (1647) efuse_init: Max chip rev:     v3.99 [0m
[0;32mI (1652) efuse_init: Chip rev:         v3.1[0m
[0;32mI (1657) heap_init: Initializing. RAM available for dynamic allocation:[0m
[0;32mI (1665) heap_init: At 3FFAE6E0 len 0000F480 (61 KiB): DRAM[0m
[0;32mI (1671) heap_init: At 3FFC8A98 len 00017568 (93 KiB): DRAM[0m
[0;32mI (1677) heap_init: At 3FFE0440 len 0001FBC0 (126 KiB): D/IRAM[0m
[0;32mI (1684) heap_init: At 40078000 len 00008000 (32 KiB): IRAM[0m
[0;32mI (1690) heap_init: At 4009E5F0 len 00001A10 (6 KiB): IRAM[0m
[0;32mI (1696) heap_init: At 3FF80000 len 00002000 (8 KiB): RTCRAM[0m
[0;32mI (1703) esp_psram: Adding pool of 4096K of PSRAM memory to heap allocator[0m
[0;32mI (1711) spi_flash: detected chip: generic[0m
[0;32mI (1715) spi_flash: flash io: dio[0m
[0;33mW (1719) i2c: This driver is an old driver, please migrate your application code to adapt `driver/i2c_master.h`[0m
[0;32mI (1741) coexist: coex firmware version: dab85ae96[0m
[0;32mI (1742) main_task: Started on CPU0[0m
[0;32mI (1742) esp_psram: Reserving pool of 32K of internal memory for DMA/internal allocations[0m
[0;32mI (1750) main_task: Calling app_main()[0m
[0;32mI (1769) bridge_common: esp-iot-bridge version: 0.11.8[0m
I (1770) wifi:wifi driver task: 3ffbd6fc, prio:23, stack:6656, core=0
I (1772) wifi:wifi firmware version: 0caa81945
I (1774) wifi:wifi certification version: v7.0
I (1778) wifi:config NVS flash: enabled
I (1782) wifi:config nano formating: disabled
I (1786) wifi:Init data frame dynamic rx buffer num: 32
I (1791) wifi:Init static rx mgmt buffer num: 5
I (1795) wifi:Init management short buffer num: 32
I (1799) wifi:Init static tx buffer num: 16
I (1803) wifi:Init tx cache buffer num: 32
I (1807) wifi:Init static rx buffer size: 1600
I (1811) wifi:Init static rx buffer num: 10
I (1815) wifi:Init dynamic rx buffer num: 32
[0;32mI (1820) wifi_init: accept mbox: 6[0m
[0;32mI (1823) wifi_init: tcpip mbox: 32[0m
[0;32mI (1827) wifi_init: udp mbox: 6[0m
[0;32mI (1831) wifi_init: tcp mbox: 6[0m
[0;32mI (1835) wifi_init: tcp tx win: 5760[0m
[0;32mI (1839) wifi_init: tcp rx win: 5760[0m
[0;32mI (1843) wifi_init: tcp mss: 1440[0m
[0;32mI (1847) wifi_init: WiFi IRAM OP enabled[0m
[0;32mI (1852) wifi_init: WiFi RX IRAM OP enabled[0m
[0;32mI (1857) phy_init: phy_version 4830,54550f7,Jun 20 2024,14:22:08[0m
I (1918) wifi:mode : null
I (1920) wifi:mode : softAP (08:a6:f7:11:51:a9)
I (1921) wifi:Total power save buffer number: 8
I (1921) wifi:Init max length of beacon: 752/752
I (1922) wifi:Init max length of beacon: 752/752
[0;32mI (1928) esp_netif_lwip: DHCP server started on interface WIFI_AP_DEF with IP: 192.168.4.1[0m
Add netif ap with d1ba481(commit id)
[0;32mI (1939) bridge_common: netif list add success[0m
[0;32mI (1945) bridge_common: [WIFI_AP_DEF ][0m
[0;32mI (1949) bridge_common: Set ip info:192.168.5.1[0m
[0;32mI (1954) bridge_wifi: SoftAP IP network segment has changed, deauth all station[0m
I (1963) wifi:Disabled PMF config for SoftAP
I (1966) wifi:Total power save buffer number: 8
[0;32mI (1971) esp_netif_lwip: DHCP server started on interface WIFI_AP_DEF with IP: 192.168.5.1[0m
[0;32mI (1979) bridge_common: [WIFI_AP_DEF ]Name Server1: 114.114.114.114[0m
[0;32mI (1985) bridge_common: DHCPS Restart, deauth all station[0m
Add netif sta with d1ba481(commit id)
[0;32mI (1995) bridge_common: netif list add success[0m
I (2000) wifi:mode : sta (08:a6:f7:11:51:a8) + softAP (08:a6:f7:11:51:a9)
I (2007) wifi:enable tsf
[0;31mE (2010) NVS: Failed to read IP info from NVS[0m
I (2014) wifi:Disabled PMF config for STA
[0;32mI (2017) bridge_wifi: [esp_bridge_wifi_set_config] sta ssid: Tran Con Dev password: password[0m
[0;32mI (2027) bridge_wifi: [esp_bridge_wifi_set_config] softap ssid: ESP_Bridge_1151a9 password: 12345678[0m
I (2208) wifi:Total power save buffer number: 8
[0;32mI (2210) esp_netif_lwip: DHCP server started on interface WIFI_AP_DEF with IP: 192.168.5.1[0m
[0;32mI (2211) bridge_wifi: SoftAP config changed, deauth all station[0m
[0;32mI (2217) Mesh-Lite: esp-mesh-lite component version: 1.0.0[0m
I (2223) ESPNOW: espnow [version: 1.0] init
[0;32mI (2227) [vendor_ie]: Mesh-Lite commit id: bc9302d
 [0m
[0;32mI (2233) [vendor_ie]: Mesh ID: 77 [0m
[0;32mI (2238) [ESP_Mesh_Lite_Comm]: msg action add success [0m
[0;32mI (2244) [ESP_Mesh_Lite_Comm]: Bind Socket 54, port 6364 [0m
[0;32mI (2249) [ESP_Mesh_Lite_Comm]: Bind Socket 55, port 6363 [0m
[0;32mI (2255) [ESP_Mesh_Lite_Comm]: Bind Socket 56, port 6366 [0m
[0;32mI (2261) [ESP_Mesh_Lite_Comm]: Bind Socket 57, port 6365 [0m
[0;32mI (2267) [mesh-lite-espnow]: Start espnow task [0m
[0;32mI (2273) Mesh-Lite: Mesh-Lite connecting[0m
[0;32mI (2278) [vendor_ie]: esp_mesh_lite_wifi_scan_start return ESP_OK [0m
[0;32mI (2283) gpio: GPIO[25]| InputEn: 1| OutputEn: 0| OpenDrain: 0| Pullup: 1| Pulldown: 0| Intr:2 [0m
[0;32mI (2293) cam_hal: cam init ok[0m
[0;32mI (2296) sccb: pin_sda 26 pin_scl 27[0m
[0;32mI (2300) sccb: sccb_i2c_port=1[0m
[0;32mI (2304) gpio: GPIO[32]| InputEn: 0| OutputEn: 1| OpenDrain: 0| Pullup: 0| Pulldown: 0| Intr:0 [0m
[0;32mI (2343) camera: Detected camera at address=0x30[0m
[0;32mI (2345) camera: Detected OV2640 camera[0m
[0;32mI (2345) camera: Camera PID=0x26 VER=0x42 MIDL=0x7f MIDH=0xa2[0m
[0;32mI (2411) cam_hal: buffer_size: 32768, half_buffer_size: 4096, node_buffer_size: 2048, node_cnt: 16, total_cnt: 5[0m
[0;32mï¿½ets Jul 29 2019 12:21:46

rst:0x3 (SW_RESET),boot:0x13 (SPI_FAST_FLASH_BOOT)
configsip: 0, SPIWP:0xee
clk_drv:0x00,q_drv:0x00,d_drv:0x00,cs0_drv:0x00,hd_drv:0x00,wp_drv:0x00
mode:DIO, clock div:1
load:0x3fff0030,len:7168
load:0x40078000,len:15464
load:0x40080400,len:4
ho 8 tail 4 room 4
load:0x40080404,len:3684
entry 0x40080614
[0;32mI (179) boot: ESP-IDF v5.3-dirty 2nd stage bootloader[0m
[0;32mI (179) boot: compile time Aug 26 2024 19:21:57[0m
[0;33mW (179) boot: Unicore bootloader[0m
[0;32mI (184) boot: chip revision: v3.1[0m
[0;32mI (188) boot.esp32: SPI Speed      : 80MHz[0m
[0;32mI (193) boot.esp32: SPI Mode       : DIO[0m
[0;32mI (198) boot.esp32: SPI Flash Size : 4MB[0m
[0;32mI (202) boot: Enabling RNG early entropy source...[0m
[0;32mI (208) boot: Partition Table:[0m
[0;32mI (211) boot: ## Label            Usage          Type ST Offset   Length[0m
[0;32mI (219) boot:  0 nvs              WiFi data        01 02 00009000 00004000[0m
[0;32mI (226) boot:  1 otadata          OTA data         01 00 0000d000 00002000[0m
[0;32mI (234) boot:  2 phy_init         RF data          01 01 0000f000 00001000[0m
[0;32mI (242) boot:  3 ota_0            OTA app          00 10 00010000 001e0000[0m
[0;32mI (249) boot:  4 ota_1            OTA app          00 11 001f0000 001e0000[0m
[0;32mI (257) boot:  5 coredump         Unknown data     01 03 003d0000 00010000[0m
[0;32mI (264) boot:  6 reserved         Unknown data     01 fe 003e0000 00020000[0m
[0;32mI (272) boot: End of partition table[0m
[0;32mI (276) esp_image: segment 0: paddr=00010020 vaddr=3f400020 size=2fb7ch (195452) map[0m
[0;32mI (340) esp_image: segment 1: paddr=0003fba4 vaddr=3ffbdb60 size=00474h (  1140) load[0m
[0;32mI (341) esp_image: segment 2: paddr=00040020 vaddr=400d0020 size=c642ch (812076) map[0m
[0;32mI (575) esp_image: segment 3: paddr=00106454 vaddr=3ffbdfd4 size=05c28h ( 23592) load[0m
[0;32mI (583) esp_image: segment 4: paddr=0010c084 vaddr=40080000 size=1e5f0h (124400) load[0m
[0;32mI (640) boot: Loaded app from partition at offset 0x10000[0m
[0;32mI (640) boot: Disabling RNG early entropy source...[0m
[0;32mI (651) quad_psram: This chip is ESP32-D0WD[0m
[0;32mI (652) esp_psram: Found 8MB PSRAM device[0m
[0;32mI (652) esp_psram: Speed: 40MHz[0m
[0;32mI (656) esp_psram: PSRAM initialized, cache is in normal (1-core) mode.[0m
[0;33mW (663) esp_psram: Virtual address not enough for PSRAM, map as much as we can. 4MB is mapped[0m
[0;32mI (672) cpu_start: Unicore app[0m
[0;32mI (676) cpu_start: Single core mode[0m
[0;32mI (1603) esp_psram: SPI SRAM memory test OK[0m
[0;32mI (1611) cpu_start: Pro cpu start user code[0m
[0;32mI (1611) cpu_start: cpu freq: 240000000 Hz[0m
[0;32mI (1611) app_init: Application information:[0m
[0;32mI (1614) app_init: Project name:     mesh_local_control[0m
[0;32mI (1620) app_init: App version:      d1ba481-dirty[0m
[0;32mI (1626) app_init: Compile time:     Aug 26 2024 19:21:52[0m
[0;32mI (1632) app_init: ELF file SHA256:  f35cbac74...[0m
[0;32mI (1637) app_init: ESP-IDF:          v5.3-dirty[0m
[0;32mI (1642) efuse_init: Min chip rev:     v0.0[0m
[0;32mI (1647) efuse_init: Max chip rev:     v3.99 [0m
[0;32mI (1652) efuse_init: Chip rev:         v3.1[0m
[0;32mI (1657) heap_init: Initializing. RAM available for dynamic allocation:[0m
[0;32mI (1665) heap_init: At 3FFAE6E0 len 0000F480 (61 KiB): DRAM[0m
[0;32mI (1671) heap_init: At 3FFC8A98 len 00017568 (93 KiB): DRAM[0m
[0;32mI (1677) heap_init: At 3FFE0440 len 0001FBC0 (126 KiB): D/IRAM[0m
[0;32mI (1684) heap_init: At 40078000 len 00008000 (32 KiB): IRAM[0m
[0;32mI (1690) heap_init: At 4009E5F0 len 00001A10 (6 KiB): IRAM[0m
[0;32mI (1696) heap_init: At 3FF80000 len 00002000 (8 KiB): RTCRAM[0m
[0;32mI (1703) esp_psram: Adding pool of 4096K of PSRAM memory to heap allocator[0m
[0;32mI (1711) spi_flash: detected chip: generic[0m
[0;32mI (1715) spi_flash: flash io: dio[0m
[0;33mW (1719) i2c: This driver is an old driver, please migrate your application code to adapt `driver/i2c_master.h`[0m
[0;32mI (1741) coexist: coex firmware version: dab85ae96[0m
[0;32mI (1741) main_task: Started on CPU0[0m
[0;32mI (1741) esp_psram: Reserving pool of 32K of internal memory for DMA/internal allocations[0m
[0;32mI (1749) main_task: Calling app_main()[0m
[0;32mI (1768) bridge_common: esp-iot-bridge version: 0.11.8[0m
I (1769) wifi:wifi driver task: 3ffbd6fc, prio:23, stack:6656, core=0
I (1771) wifi:wifi firmware version: 0caa81945
I (1773) wifi:wifi certification version: v7.0
I (1777) wifi:config NVS flash: enabled
I (1781) wifi:config nano formating: disabled
I (1785) wifi:Init data frame dynamic rx buffer num: 32
I (1790) wifi:Init static rx mgmt buffer num: 5
I (1794) wifi:Init management short buffer num: 32
I (1798) wifi:Init static tx buffer num: 16
I (1802) wifi:Init tx cache buffer num: 32
I (1806) wifi:Init static rx buffer size: 1600
I (1810) wifi:Init static rx buffer num: 10
I (1814) wifi:Init dynamic rx buffer num: 32
[0;32mI (1819) wifi_init: accept mbox: 6[0m
[0;32mI (1822) wifi_init: tcpip mbox: 32[0m
[0;32mI (1826) wifi_init: udp mbox: 6[0m
[0;32mI (1830) wifi_init: tcp mbox: 6[0m
[0;32mI (1834) wifi_init: tcp tx win: 5760[0m
[0;32mI (1838) wifi_init: tcp rx win: 5760[0m
[0;32mI (1842) wifi_init: tcp mss: 1440[0m
[0;32mI (1846) wifi_init: WiFi IRAM OP enabled[0m
[0;32mI (1851) wifi_init: WiFi RX IRAM OP enabled[0m
[0;32mI (1856) phy_init: phy_version 4830,54550f7,Jun 20 2024,14:22:08[0m
I (1916) wifi:mode : null
I (1918) wifi:mode : softAP (08:a6:f7:11:51:a9)
I (1919) wifi:Total power save buffer number: 8
I (1919) wifi:Init max length of beacon: 752/752
I (1921) wifi:Init max length of beacon: 752/752
[0;32mI (1927) esp_netif_lwip: DHCP server started on interface WIFI_AP_DEF with IP: 192.168.4.1[0m
Add netif ap with d1ba481(commit id)
[0;32mI (1937) bridge_common: netif list add success[0m
[0;32mI (1943) bridge_common: [WIFI_AP_DEF ][0m
[0;32mI (1947) bridge_common: Set ip info:192.168.5.1[0m
[0;32mI (1952) bridge_wifi: SoftAP IP network segment has changed, deauth all station[0m
I (1961) wifi:Disabled PMF config for SoftAP
I (1964) wifi:Total power save buffer number: 8
[0;32mI (1970) esp_netif_lwip: DHCP server started on interface WIFI_AP_DEF with IP: 192.168.5.1[0m
[0;32mI (1977) bridge_common: [WIFI_AP_DEF ]Name Server1: 114.114.114.114[0m
[0;32mI (1984) bridge_common: DHCPS Restart, deauth all station[0m
Add netif sta with d1ba481(commit id)
[0;32mI (1993) bridge_common: netif list add success[0m
I (1999) wifi:mode : sta (08:a6:f7:11:51:a8) + softAP (08:a6:f7:11:51:a9)
I (2005) wifi:enable tsf
[0;31mE (2008) NVS: Failed to read IP info from NVS[0m
I (2012) wifi:Disabled PMF config for STA
[0;32mI (2016) bridge_wifi: [esp_bridge_wifi_set_config] sta ssid: Tran Con Dev password: password[0m
[0;32mI (2025) bridge_wifi: [esp_bridge_wifi_set_config] softap ssid: ESP_Bridge_1151a9 password: 12345678[0m
I (2206) wifi:Total power save buffer number: 8
[0;32mI (2208) esp_netif_lwip: DHCP server started on interface WIFI_AP_DEF with IP: 192.168.5.1[0m
[0;32mI (2209) bridge_wifi: SoftAP config changed, deauth all station[0m
[0;32mI (2215) Mesh-Lite: esp-mesh-lite component version: 1.0.0[0m
I (2221) ESPNOW: espnow [version: 1.0] init
[0;32mI (2225) [vendor_ie]: Mesh-Lite commit id: bc9302d
 [0m
[0;32mI (2231) [vendor_ie]: Mesh ID: 77 [0m
[0;32mI (2237) [ESP_Mesh_Lite_Comm]: msg action add success [0m
[0;32mI (2242) [ESP_Mesh_Lite_Comm]: Bind Socket 54, port 6364 [0m
[0;32mI (2247) [ESP_Mesh_Lite_Comm]: Bind Socket 55, port 6363 [0m
[0;32mI (2253) [ESP_Mesh_Lite_Comm]: Bind Socket 56, port 6366 [0m
[0;32mI (2259) [ESP_Mesh_Lite_Comm]: Bind Socket 57, port 6365 [0m
[0;32mI (2265) [mesh-lite-espnow]: Start espnow task [0m
[0;32mI (2271) Mesh-Lite: Mesh-Lite connecting[0m
[0;32mI (2276) [vendor_ie]: esp_mesh_lite_wifi_scan_start return ESP_OK [0m
[0;32mI (2282) gpio: GPIO[25]| InputEn: 1| OutputEn: 0| OpenDrain: 0| Pullup: 1| Pulldown: 0| Intr:2 [0m
[0;32mI (2291) cam_hal: cam init ok[0m
[0;32mI (2295) sccb: pin_sda 26 pin_scl 27[0m
[0;32mI (2298) sccb: sccb_i2c_port=1[0m
[0;32mI (2303) gpio: GPIO[32]| InputEn: 0| OutputEn: 1| OpenDrain: 0| Pullup: 0| Pulldown: 0| Intr:0 [0m
[0;32mI (2341) camera: Detected camera at address=0x30[0m
[0;32mI (2343) camera: Detected OV2640 camera[0m
[0;32mI (2343) camera: Camera PID=0x26 VER=0x42 MIDL=0x7f MIDH=0xa2[0m
[0;32mI (2409) cam_hal: buffer_size: 32768, half_buffer_size: 4096, node_buffer_sizeï¿½ets Jul 29 2019 12:21:46

rst:0x3 (SW_RESET),boot:0x13 (SPI_FAST_FLASH_BOOT)
configsip: 0, SPIWP:0xee
clk_drv:0x00,q_drv:0x00,d_drv:0x00,cs0_drv:0x00,hd_drv:0x00,wp_drv:0x00
mode:DIO, clock div:1
load:0x3fff0030,len:7168
load:0x40078000,len:15464
load:0x40080400,len:4
ho 8 tail 4 room 4
load:0x40080404,len:3684
entry 0x40080614
[0;32mI (179) boot: ESP-IDF v5.3-dirty 2nd stage bootloader[0m
[0;32mI (179) boot: compile time Aug 26 2024 19:21:57[0m
[0;33mW (179) boot: Unicore bootloader[0m
[0;32mI (184) boot: chip revision: v3.1[0m
[0;32mI (188) boot.esp32: SPI Speed      : 80MHz[0m
[0;32mI (193) boot.esp32: SPI Mode       : DIO[0m
[0;32mI (198) boot.esp32: SPI Flash Size : 4MB[0m
[0;32mI (202) boot: Enabling RNG early entropy source...[0m
[0;32mI (208) boot: Partition Table:[0m
[0;32mI (211) boot: ## Label            Usage          Type ST Offset   Length[0m
[0;32mI (219) boot:  0 nvs              WiFi data        01 02 00009000 00004000[0m
[0;32mI (226) boot:  1 otadata          OTA data         01 00 0000d000 00002000[0m
[0;32mI (234) boot:  2 phy_init         RF data          01 01 0000f000 00001000[0m
[0;32mI (242) boot:  3 ota_0            OTA app          00 10 00010000 001e0000[0m
[0;32mI (249) boot:  4 ota_1            OTA app          00 11 001f0000 001e0000[0m
[0;32mI (257) boot:  5 coredump         Unknown data     01 03 003d0000 00010000[0m
[0;32mI (264) boot:  6 reserved         Unknown data     01 fe 003e0000 00020000[0m
[0;32mI (272) boot: End of partition table[0m
[0;32mI (276) esp_image: segment 0: paddr=00010020 vaddr=3f400020 size=2fb7ch (195452) map[0m
[0;32mI (340) esp_image: segment 1: paddr=0003fba4 vaddr=3ffbdb60 size=00474h (  1140) load[0m
[0;32mI (341) esp_image: segment 2: paddr=00040020 vaddr=400d0020 size=c642ch (812076) map[0m
[0;32mI (575) esp_image: segment 3: paddr=00106454 vaddr=3ffbdfd4 size=05c28h ( 23592) load[0m
[0;32mI (583) esp_image: segment 4: paddr=0010c084 vaddr=40080000 size=1e5f0h (124400) load[0m
[0;32mI (640) boot: Loaded app from partition at offset 0x10000[0m
[0;32mI (640) boot: Disabling RNG early entropy source...[0m
[0;32mI (651) quad_psram: This chip is ESP32-D0WD[0m
[0;32mI (652) esp_psram: Found 8MB PSRAM device[0m
[0;32mI (652) esp_psram: Speed: 40MHz[0m
[0;32mI (656) esp_psram: PSRAM initialized, cache is in normal (1-core) mode.[0m
[0;33mW (663) esp_psram: Virtual address not enough for PSRAM, map as much as we can. 4MB is mapped[0m
[0;32mI (672) cpu_start: Unicore app[0m
[0;32mI (676) cpu_start: Single core mode[0m
[0;32mI (1603) esp_psram: SPI SRAM memory test OK[0m
[0;32mI (1611) cpu_start: Pro cpu start user code[0m
[0;32mI (1611) cpu_start: cpu freq: 240000000 Hz[0m
[0;32mI (1611) app_init: Application information:[0m
[0;32mI (1614) app_init: Project name:     mesh_local_control[0m
[0;32mI (1620) app_init: App version:      d1ba481-dirty[0m
[0;32mI (1626) app_init: Compile time:     Aug 26 2024 19:21:52[0m
[0;32mI (1632) app_init: ELF file SHA256:  f35cbac74...[0m
[0;32mI (1637) app_init: ESP-IDF:          v5.3-dirty[0m
[0;32mI (1642) efuse_init: Min chip rev:     v0.0[0m
[0;32mI (1647) efuse_init: Max chip rev:     v3.99 [0m
[0;32mI (1652) efuse_init: Chip rev:         v3.1[0m
[0;32mI (1657) heap_init: Initializing. RAM available for dynamic allocation:[0m
[0;32mI (1665) heap_init: At 3FFAE6E0 len 0000F480 (61 KiB): DRAM[0m
[0;32mI (1671) heap_init: At 3FFC8A98 len 00017568 (93 KiB): DRAM[0m
[0;32mI (1677) heap_init: At 3FFE0440 len 0001FBC0 (126 KiB): D/IRAM[0m
[0;32mI (1684) heap_init: At 40078000 len 00008000 (32 KiB): IRAM[0m
[0;32mI (1690) heap_init: At 4009E5F0 len 00001A10 (6 KiB): IRAM[0m
[0;32mI (1696) heap_init: At 3FF80000 len 00002000 (8 KiB): RTCRAM[0m
[0;32mI (1703) esp_psram: Adding pool of 4096K of PSRAM memory to heap allocator[0m
[0;32mI (1711) spi_flash: detected chip: generic[0m
[0;32mI (1715) spi_flash: flash io: dio[0m
[0;33mW (1719) i2c: This driver is an old driver, please migrate your application code to adapt `driver/i2c_master.h`[0m
[0;32mI (1741) coexist: coex firmware version: dab85ae96[0m
[0;32mI (1742) main_task: Started on CPU0[0m
[0;32mI (1742) esp_psram: Reserving pool of 32K of internal memory for DMA/internal allocations[0m
[0;32mI (1750) main_task: Calling app_main()[0m
[0;32mI (1769) bridge_common: esp-iot-bridge version: 0.11.8[0m
I (1770) wifi:wifi driver task: 3ffbd6fc, prio:23, stack:6656, core=0
I (1772) wifi:wifi firmware version: 0caa81945
I (1774) wifi:wifi certification version: v7.0
I (1778) wifi:config NVS flash: enabled
I (1782) wifi:config nano formating: disabled
I (1786) wifi:Init data frame dynamic rx buffer num: 32
I (1791) wifi:Init static rx mgmt buffer num: 5
I (1795) wifi:Init management short buffer num: 32
I (1799) wifi:Init static tx buffer num: 16
I (1803) wifi:Init tx cache buffer num: 32
I (1807) wifi:Init static rx buffer size: 1600
I (1811) wifi:Init static rx buffer num: 10
I (1815) wifi:Init dynamic rx buffer num: 32
[0;32mI (1820) wifi_init: accept mbox: 6[0m
[0;32mI (1823) wifi_init: tcpip mbox: 32[0m
[0;32mI (1827) wifi_init: udp mbox: 6[0m
[0;32mI (1831) wifi_init: tcp mbox: 6[0m
[0;32mI (1835) wifi_init: tcp tx win: 5760[0m
[0;32mI (1839) wifi_init: tcp rx win: 5760[0m
[0;32mI (1843) wifi_init: tcp mss: 1440[0m
[0;32mI (1847) wifi_init: WiFi IRAM OP enabled[0m
[0;32mI (1852) wifi_init: WiFi RX IRAM OP enabled[0m
[0;32mI (1857) phy_init: phy_version 4830,54550f7,Jun 20 2024,14:22:08[0m
I (1919) wifi:mode : null
I (1921) wifi:mode : softAP (08:a6:f7:11:51:a9)
I (1922) wifi:Total power save buffer number: 8
I (1922) wifi:Init max length of beacon: 752/752
I (1923) wifi:Init max length of beacon: 752/752
[0;32mI (1929) esp_netif_lwip: DHCP server started on interface WIFI_AP_DEF with IP: 192.168.4.1[0m
Add netif ap with d1ba481(commit id)
[0;32mI (1940) bridge_common: netif list add success[0m
[0;32mI (1945) bridge_common: [WIFI_AP_DEF ][0m
[0;32mI (1950) bridge_common: Set ip info:192.168.5.1[0m
[0;32mI (1954) bridge_wifi: SoftAP IP network segment has changed, deauth all station[0m
I (1964) wifi:Disabled PMF config for SoftAP
I (1967) wifi:Total power save buffer number: 8
[0;32mI (1972) esp_netif_lwip: DHCP server started on interface WIFI_AP_DEF with IP: 192.168.5.1[0m
[0;32mI (1980) bridge_common: [WIFI_AP_DEF ]Name Server1: 114.114.114.114[0m
[0;32mI (1986) bridge_common: DHCPS Restart, deauth all station[0m
Add netif sta with d1ba481(commit id)
[0;32mI (1996) bridge_common: netif list add success[0m
I (2001) wifi:mode : sta (08:a6:f7:11:51:a8) + softAP (08:a6:f7:11:51:a9)
I (2007) wifi:enable tsf
[0;31mE (2011) NVS: Failed to read IP info from NVS[0m
I (2015) wifi:Disabled PMF config for STA
[0;32mI (2018) bridge_wifi: [esp_bridge_wifi_set_config] sta ssid: Tran Con Dev password: password[0m
[0;32mI (2028) bridge_wifi: [esp_bridge_wifi_set_config] softap ssid: ESP_Bridge_1151a9 password: 12345678[0m
I (2209) wifi:Total power save buffer number: 8
[0;32mI (2211) esp_netif_lwip: DHCP server started on interface WIFI_AP_DEF with IP: 192.168.5.1[0m
[0;32mI (2212) bridge_wifi: SoftAP config changed, deauth all station[0m
[0;32mI (2218) Mesh-Lite: esp-mesh-lite component version: 1.0.0[0m
I (2224) ESPNOW: espnow [version: 1.0] init
[0;32mI (2228) [vendor_ie]: Mesh-Lite commit id: bc9302d
 [0m
[0;32mI (2234) [vendor_ie]: Mesh ID: 77 [0m
[0;32mI (2239) [ESP_Mesh_Lite_Comm]: msg action add success [0m
[0;32mI (2245) [ESP_Mesh_Lite_Comm]: Bind Socket 54, port 6364 [0m
[0;32mI (2249) [ESP_Mesh_Lite_Comm]: Bind Socket 55, port 6363 [0m
[0;32mI (2255) [ESP_Mesh_Lite_Comm]: Bind Socket 56, port 6366 [0m
[0;32mI (2262) [ESP_Mesh_Lite_Comm]: Bind Socket 57, port 6365 [0m
[0;32mI (2268) [mesh-lite-espnow]: Start espnow task [0m
[0;32mI (2274) Mesh-Lite: Mesh-Lite connecting[0m
[0;32mI (2279) [vendor_ie]: esp_mesh_lite_wifi_scan_start return ESP_OK [0m
[0;32mI (2284) gpio: GPIO[25]| InputEn: 1| OutputEn: 0| OpenDrain: 0| Pullup: 1| Pulldown: 0| Intr:2 [0m
[0;32mI (2294) cam_hal: cam init ok[0m
[0;32mI (2297) sccb: pin_sda 26 pin_scl 27[0m
[0;32mI (2301) sccb: sccb_i2c_port=1[0m
[0;32mI (2305) gpio: GPIO[32]| InputEn: 0| OutputEn: 1| OpenDrain: 0| Pullup: 0| Pulldown: 0| Intr:0 [0m
[0;32mI (2344) camera: Detected camera at address=0x30[0m
[0;32mI (2346) camera: Detected OV2640 camera[0m
[0;32mI (2346) camera: Camera PID=0x26 VER=0x42 MIDL=0x7f MIDH=0xa2[0m
[0;32mI (2412) cam_hal: buffer_size: 32768, half_buffer_size: 4096, node_buffer_ï¿½ets Jul 29 2019 12:21:46

rst:0x3 (SW_RESET),boot:0x13 (SPI_FAST_FLASH_BOOT)
configsip: 0, SPIWP:0xee
clk_drv:0x00,q_drv:0x00,d_drv:0x00,cs0_drv:0x00,hd_drv:0x00,wp_drv:0x00
mode:DIO, clock div:1
load:0x3fff0030,len:7168
load:0x40078000,len:15464
load:0x40080400,len:4
ho 8 tail 4 room 4
load:0x40080404,len:3684
entry 0x40080614
[0;32mI (179) boot: ESP-IDF v5.3-dirty 2nd stage bootloader[0m
[0;32mI (179) boot: compile time Aug 26 2024 19:21:57[0m
[0;33mW (179) boot: Unicore bootloader[0m
[0;32mI (184) boot: chip revision: v3.1[0m
[0;32mI (188) boot.esp32: SPI Speed      : 80MHz[0m
[0;32mI (193) boot.esp32: SPI Mode       : DIO[0m
[0;32mI (198) boot.esp32: SPI Flash Size : 4MB[0m
[0;32mI (202) boot: Enabling RNG early entropy source...[0m
[0;32mI (208) boot: Partition Table:[0m
[0;32mI (211) boot: ## Label            Usage          Type ST Offset   Length[0m
[0;32mI (219) boot:  0 nvs              WiFi data        01 02 00009000 00004000[0m
[0;32mI (226) boot:  1 otadata          OTA data         01 00 0000d000 00002000[0m
[0;32mI (234) boot:  2 phy_init         RF data          01 01 0000f000 00001000[0m
[0;32mI (242) boot:  3 ota_0            OTA app          00 10 00010000 001e0000[0m
[0;32mI (249) boot:  4 ota_1            OTA app          00 11 001f0000 001e0000[0m
[0;32mI (257) boot:  5 coredump         Unknown data     01 03 003d0000 00010000[0m
[0;32mI (264) boot:  6 reserved         Unknown data     01 fe 003e0000 00020000[0m
[0;32mI (272) boot: End of partition table[0m
[0;32mI (276) esp_image: segment 0: paddr=00010020 vaddr=3f400020 size=2fb7ch (195452) map[0m
[0;32mI (340) esp_image: segment 1: paddr=0003fba4 vaddr=3ffbdb60 size=00474h (  1140) load[0m
[0;32mI (341) esp_image: segment 2: paddr=00040020 vaddr=400d0020 size=c642ch (812076) map[0m
[0;32mI (575) esp_image: segment 3: paddr=00106454 vaddr=3ffbdfd4 size=05c28h ( 23592) load[0m
[0;32mI (583) esp_image: segment 4: paddr=0010c084 vaddr=40080000 size=1e5f0h (124400) load[0m
