ï¿½ï¿½ets Jul 29 2019 12:21:46

rst:0x1 (POWERON_RESET),boot:0x13 (SPI_FAST_FLASH_BOOT)
configsip: 0, SPIWP:0xee
clk_drv:0x00,q_drv:0x00,d_drv:0x00,cs0_drv:0x00,hd_drv:0x00,wp_drv:0x00
mode:DIO, clock div:2
load:0x3fff0030,len:7168
load:0x40078000,len:15452
load:0x40080400,len:4
load:0x40080404,len:3684
entry 0x40080614
[0;32mI (29) boot: ESP-IDF v5.3-dirty 2nd stage bootloader[0m
[0;32mI (29) boot: compile time Aug 24 2024 21:55:52[0m
[0;33mW (29) boot: Unicore bootloader[0m
[0;32mI (34) boot: chip revision: v3.1[0m
[0;32mI (38) boot.esp32: SPI Speed      : 40MHz[0m
[0;32mI (42) boot.esp32: SPI Mode       : DIO[0m
[0;32mI (47) boot.esp32: SPI Flash Size : 4MB[0m
[0;32mI (51) boot: Enabling RNG early entropy source...[0m
[0;32mI (57) boot: Partition Table:[0m
[0;32mI (60) boot: ## Label            Usage          Type ST Offset   Length[0m
[0;32mI (68) boot:  0 nvs              WiFi data        01 02 00009000 00004000[0m
[0;32mI (75) boot:  1 otadata          OTA data         01 00 0000d000 00002000[0m
[0;32mI (82) boot:  2 phy_init         RF data          01 01 0000f000 00001000[0m
[0;32mI (90) boot:  3 ota_0            OTA app          00 10 00010000 001e0000[0m
[0;32mI (97) boot:  4 ota_1            OTA app          00 11 001f0000 001e0000[0m
[0;32mI (105) boot:  5 coredump         Unknown data     01 03 003d0000 00010000[0m
[0;32mI (112) boot:  6 reserved         Unknown data     01 fe 003e0000 00020000[0m
[0;32mI (120) boot: End of partition table[0m
[0;32mI (124) boot: No factory image, trying OTA 0[0m
[0;32mI (129) esp_image: segment 0: paddr=00010020 vaddr=3f400020 size=2fb7ch (195452) map[0m
[0;32mI (205) esp_image: segment 1: paddr=0003fba4 vaddr=3ffbdb60 size=00474h (  1140) load[0m
[0;32mI (205) esp_image: segment 2: paddr=00040020 vaddr=400d0020 size=c6430h (812080) map[0m
[0;32mI (489) esp_image: segment 3: paddr=00106458 vaddr=3ffbdfd4 size=05c28h ( 23592) load[0m
[0;32mI (498) esp_image: segment 4: paddr=0010c088 vaddr=40080000 size=1e5c8h (124360) load[0m
[0;32mI (562) boot: Loaded app from partition at offset 0x10000[0m
[0;32mI (567) boot: Set actual ota_seq=1 in otadata[0][0m
[0;32mI (567) boot: Disabling RNG early entropy source...[0m
[0;32mI (579) quad_psram: This chip is ESP32-D0WD[0m
[0;32mI (580) esp_psram: Found 8MB PSRAM device[0m
[0;32mI (580) esp_psram: Speed: 40MHz[0m
[0;32mI (583) esp_psram: PSRAM initialized, cache is in normal (1-core) mode.[0m
[0;33mW (591) esp_psram: Virtual address not enough for PSRAM, map as much as we can. 4MB is mapped[0m
[0;32mI (600) cpu_start: Unicore app[0m
[0;32mI (604) cpu_start: Single core mode[0m
[0;32mI (1533) esp_psram: SPI SRAM memory test OK[0m
[0;32mI (1541) cpu_start: Pro cpu start user code[0m
[0;32mI (1541) cpu_start: cpu freq: 240000000 Hz[0m
[0;32mI (1541) app_init: Application information:[0m
[0;32mI (1544) app_init: Project name:     mesh_local_control[0m
[0;32mI (1550) app_init: App version:      d1ba481-dirty[0m
[0;32mI (1556) app_init: Compile time:     Aug 25 2024 14:40:31[0m
[0;32mI (1562) app_init: ELF file SHA256:  25ea4c084...[0m
[0;32mI (1567) app_init: ESP-IDF:          v5.3-dirty[0m
[0;32mI (1573) efuse_init: Min chip rev:     v0.0[0m
[0;32mI (1577) efuse_init: Max chip rev:     v3.99 [0m
[0;32mI (1582) efuse_init: Chip rev:         v3.1[0m
[0;32mI (1588) heap_init: Initializing. RAM available for dynamic allocation:[0m
[0;32mI (1595) heap_init: At 3FFAE6E0 len 0000F480 (61 KiB): DRAM[0m
[0;32mI (1601) heap_init: At 3FFC8A98 len 00017568 (93 KiB): DRAM[0m
[0;32mI (1607) heap_init: At 3FFE0440 len 0001FBC0 (126 KiB): D/IRAM[0m
[0;32mI (1614) heap_init: At 40078000 len 00008000 (32 KiB): IRAM[0m
[0;32mI (1620) heap_init: At 4009E5C8 len 00001A38 (6 KiB): IRAM[0m
[0;32mI (1626) heap_init: At 3FF80000 len 00002000 (8 KiB): RTCRAM[0m
[0;32mI (1633) esp_psram: Adding pool of 4096K of PSRAM memory to heap allocator[0m
[0;32mI (1641) spi_flash: detected chip: generic[0m
[0;32mI (1645) spi_flash: flash io: dio[0m
[0;33mW (1649) i2c: This driver is an old driver, please migrate your application code to adapt `driver/i2c_master.h`[0m
[0;32mI (1671) coexist: coex firmware version: dab85ae96[0m
[0;32mI (1672) main_task: Started on CPU0[0m
[0;32mI (1672) esp_psram: Reserving pool of 32K of internal memory for DMA/internal allocations[0m
[0;32mI (1680) main_task: Calling app_main()[0m
[0;32mI (1699) bridge_common: esp-iot-bridge version: 0.11.8[0m
I (1702) wifi:wifi driver task: 3ffbd604, prio:23, stack:6656, core=0
I (1705) wifi:wifi firmware version: 0caa81945
I (1706) wifi:wifi certification version: v7.0
I (1709) wifi:config NVS flash: enabled
I (1712) wifi:config nano formating: disabled
I (1716) wifi:Init data frame dynamic rx buffer num: 32
I (1721) wifi:Init static rx mgmt buffer num: 5
I (1725) wifi:Init management short buffer num: 32
I (1730) wifi:Init static tx buffer num: 16
I (1734) wifi:Init tx cache buffer num: 32
I (1738) wifi:Init static rx buffer size: 1600
I (1742) wifi:Init static rx buffer num: 10
I (1745) wifi:Init dynamic rx buffer num: 32
[0;32mI (1751) wifi_init: accept mbox: 6[0m
[0;32mI (1753) wifi_init: tcpip mbox: 32[0m
[0;32mI (1757) wifi_init: udp mbox: 6[0m
[0;32mI (1761) wifi_init: tcp mbox: 6[0m
[0;32mI (1765) wifi_init: tcp tx win: 5760[0m
[0;32mI (1769) wifi_init: tcp rx win: 5760[0m
[0;32mI (1774) wifi_init: tcp mss: 1440[0m
[0;32mI (1778) wifi_init: WiFi IRAM OP enabled[0m
[0;32mI (1782) wifi_init: WiFi RX IRAM OP enabled[0m
[0;32mI (1788) phy_init: phy_version 4830,54550f7,Jun 20 2024,14:22:08[0m
[0;33mW (1794) phy_init: failed to load RF calibration data (0x1102), falling back to full calibration[0m
[0;33mW (1856) phy_init: saving new calibration data because of checksum failure, mode(2)[0m
I (1867) wifi:mode : null
I (1870) wifi:mode : softAP (08:a6:f7:11:51:a9)
I (1871) wifi:Total power save buffer number: 8
I (1872) wifi:Init max length of beacon: 752/752
I (1874) wifi:Init max length of beacon: 752/752
[0;32mI (1881) esp_netif_lwip: DHCP server started on interface WIFI_AP_DEF with IP: 192.168.4.1[0m
Add netif ap with d1ba481(commit id)
[0;32mI (1890) bridge_common: netif list add success[0m
[0;31mE (1895) NVS: Failed to open NVS namespace[0m
[0;32mI (1900) bridge_common: IP Address:192.168.5.1[0m
[0;32mI (1905) bridge_common: GW Address:192.168.5.1[0m
[0;32mI (1910) bridge_common: NM Address:255.255.255.0[0m
[0;32mI (1915) bridge_common: [WIFI_AP_DEF ][0m
[0;32mI (1921) bridge_common: Set ip info:192.168.5.1[0m
[0;32mI (1925) bridge_wifi: SoftAP IP network segment has changed, deauth all station[0m
I (1937) wifi:Disabled PMF config for SoftAP
I (1938) wifi:Total power save buffer number: 8
[0;32mI (1944) esp_netif_lwip: DHCP server started on interface WIFI_AP_DEF with IP: 192.168.5.1[0m
[0;32mI (1951) bridge_common: [WIFI_AP_DEF ]Name Server1: 114.114.114.114[0m
[0;32mI (1957) bridge_common: DHCPS Restart, deauth all station[0m
Add netif sta with d1ba481(commit id)
[0;32mI (1966) bridge_common: netif list add success[0m
I (1972) wifi:mode : sta (08:a6:f7:11:51:a8) + softAP (08:a6:f7:11:51:a9)
I (1978) wifi:enable tsf
[0;31mE (1982) NVS: Failed to read IP info from NVS[0m
I (1986) wifi:Disabled PMF config for STA
[0;32mI (1989) bridge_wifi: [esp_bridge_wifi_set_config] sta ssid: Tran Con Dev password: password[0m
[0;32mI (1999) bridge_wifi: [esp_bridge_wifi_set_config] softap ssid: ESP_Bridge_1151a9 password: 12345678[0m
I (2181) wifi:Total power save buffer number: 8
[0;32mI (2186) esp_netif_lwip: DHCP server started on interface WIFI_AP_DEF with IP: 192.168.5.1[0m
[0;32mI (2187) bridge_wifi: SoftAP config changed, deauth all station[0m
[0;32mI (2191) Mesh-Lite: esp-mesh-lite component version: 1.0.0[0m
I (2197) ESPNOW: espnow [version: 1.0] init
[0;32mI (2201) [vendor_ie]: Mesh-Lite commit id: bc9302d
 [0m
[0;31mE (2208) [vendor_ie]: Error Get! [0m
[0;33mW (2210) [vendor_ie]: Mesh ID is not saved in flash [0m
[0;32mI (2216) [vendor_ie]: Mesh ID: 77 [0m
[0;33mW (2220) [vendor_ie]: Error Get[4354] [0m
[0;33mW (2224) [vendor_ie]: Error Get[4354] [0m
[0;32mI (2230) [ESP_Mesh_Lite_Comm]: msg action add success [0m
[0;32mI (2237) [ESP_Mesh_Lite_Comm]: Bind Socket 54, port 6364 [0m
[0;32mI (2241) [ESP_Mesh_Lite_Comm]: Bind Socket 55, port 6363 [0m
[0;32mI (2247) [ESP_Mesh_Lite_Comm]: Bind Socket 56, port 6366 [0m
[0;32mI (2253) [ESP_Mesh_Lite_Comm]: Bind Socket 57, port 6365 [0m
[0;32mI (2260) [mesh-lite-espnow]: Start espnow task [0m
[0;32mI (2266) Mesh-Lite: Mesh-Lite connecting[0m
[0;32mI (2271) [vendor_ie]: esp_mesh_lite_wifi_scan_start return ESP_OK [0m
[0;32mI (2276) gpio: GPIO[25]| InputEn: 1| OutputEn: 0| OpenDrain: 0| Pullup: 1| Pulldown: 0| Intr:2 [0m
[0;32mI (2287) cam_hal: cam init ok[0m
[0;32mI (2289) sccb: pin_sda 26 pin_scl 27[0m
[0;32mI (2292) sccb: sccb_i2c_port=1[0m
[0;32mI (2297) gpio: GPIO[32]| InputEn: 0| OutputEn: 1| OpenDrain: 0| Pullup: 0| Pulldown: 0| Intr:0 [0m
[0;32mI (2335) camera: Detected camera at address=0x30[0m
[0;32mI (2337) camera: Detected OV2640 camera[0m
[0;32mI (2338) camera: Camera PID=0x26 VER=0x42 MIDL=0x7f MIDH=0xa2[0m
[0;32mI (2404) cam_hal: buffer_size: 32768, half_buffer_size: 4096, node_buffer_size: 2048, node_cnt: 16, total_cnt: 5[0m
[0;32mI (2404) cam_hal: Allocating 23680 Byte frame buffer in PSRAM[0m
[0;32mI (2410) cam_hal: cam config ok[0m
[0;32mI (2414) ov2640: Set PLL: clk_2x: 0, clk_div: 0, pclk_auto: 0, pclk_div: 8[0m
[0;32mI (2503) rc522: Initialized (firmware v2.0)[0m
ï¿½ets Jul 29 2019 12:21:46

rst:0x3 (SW_RESET),boot:0x13 (SPI_FAST_FLASH_BOOT)
configsip: 0, SPIWP:0xee
clk_drv:0x00,q_drv:0x00,d_drv:0x00,cs0_drv:0x00,hd_drv:0x00,wp_drv:0x00
mode:DIO, clock div:2
load:0x3fff0030,len:7168
load:0x40078000,len:15452
load:0x40080400,len:4
load:0x40080404,len:3684
entry 0x40080614
[0;32mI (169) boot: ESP-IDF v5.3-dirty 2nd stage bootloader[0m
[0;32mI (169) boot: compile time Aug 24 2024 21:55:52[0m
[0;33mW (169) boot: Unicore bootloader[0m
[0;32mI (174) boot: chip revision: v3.1[0m
[0;32mI (178) boot.esp32: SPI Speed      : 40MHz[0m
[0;32mI (183) boot.esp32: SPI Mode       : DIO[0m
[0;32mI (187) boot.esp32: SPI Flash Size : 4MB[0m
[0;32mI (192) boot: Enabling RNG early entropy source...[0m
[0;32mI (197) boot: Partition Table:[0m
[0;32mI (201) boot: ## Label            Usage          Type ST Offset   Length[0m
[0;32mI (208) boot:  0 nvs              WiFi data        01 02 00009000 00004000[0m
[0;32mI (216) boot:  1 otadata          OTA data         01 00 0000d000 00002000[0m
[0;32mI (224) boot:  2 phy_init         RF data          01 01 0000f000 00001000[0m
[0;32mI (231) boot:  3 ota_0            OTA app          00 10 00010000 001e0000[0m
[0;32mI (239) boot:  4 ota_1            OTA app          00 11 001f0000 001e0000[0m
[0;32mI (246) boot:  5 coredump         Unknown data     01 03 003d0000 00010000[0m
[0;32mI (254) boot:  6 reserved         Unknown data     01 fe 003e0000 00020000[0m
[0;32mI (261) boot: End of partition table[0m
[0;32mI (266) esp_image: segment 0: paddr=00010020 vaddr=3f400020 size=2fb7ch (195452) map[0m
[0;32mI (341) esp_image: segment 1: paddr=0003fba4 vaddr=3ffbdb60 size=00474h (  1140) load[0m
[0;32mI (342) esp_image: segment 2: paddr=00040020 vaddr=400d0020 size=c6430h (812080) map[0m
[0;32mI (625) esp_image: segment 3: paddr=00106458 vaddr=3ffbdfd4 size=05c28h ( 23592) load[0m
[0;32mI (634) esp_image: segment 4: paddr=0010c088 vaddr=40080000 size=1e5c8h (124360) load[0m
[0;32mI (698) boot: Loaded app from partition at offset 0x10000[0m
[0;32mI (699) boot: Disabling RNG early entropy source...[0m
[0;32mI (710) quad_psram: This chip is ESP32-D0WD[0m
[0;32mI (711) esp_psram: Found 8MB PSRAM device[0m
[0;32mI (711) esp_psram: Speed: 40MHz[0m
[0;32mI (714) esp_psram: PSRAM initialized, cache is in normal (1-core) mode.[0m
[0;33mW (722) esp_psram: Virtual address not enough for PSRAM, map as much as we can. 4MB is mapped[0m
[0;32mI (731) cpu_start: Unicore app[0m
[0;32mI (735) cpu_start: Single core mode[0m
[0;32mI (1664) esp_psram: SPI SRAM memory test OK[0m
[0;32mI (1672) cpu_start: Pro cpu start user code[0m
[0;32mI (1672) cpu_start: cpu freq: 240000000 Hz[0m
[0;32mI (1672) app_init: Application information:[0m
[0;32mI (1676) app_init: Project name:     mesh_local_control[0m
[0;32mI (1681) app_init: App version:      d1ba481-dirty[0m
[0;32mI (1687) app_init: Compile time:     Aug 25 2024 14:40:31[0m
[0;32mI (1693) app_init: ELF file SHA256:  25ea4c084...[0m
[0;32mI (1698) app_init: ESP-IDF:          v5.3-dirty[0m
[0;32mI (1704) efuse_init: Min chip rev:     v0.0[0m
[0;32mI (1708) efuse_init: Max chip rev:     v3.99 [0m
[0;32mI (1713) efuse_init: Chip rev:         v3.1[0m
[0;32mI (1719) heap_init: Initializing. RAM available for dynamic allocation:[0m
[0;32mI (1726) heap_init: At 3FFAE6E0 len 0000F480 (61 KiB): DRAM[0m
[0;32mI (1732) heap_init: At 3FFC8A98 len 00017568 (93 KiB): DRAM[0m
[0;32mI (1738) heap_init: At 3FFE0440 len 0001FBC0 (126 KiB): D/IRAM[0m
[0;32mI (1745) heap_init: At 40078000 len 00008000 (32 KiB): IRAM[0m
[0;32mI (1751) heap_init: At 4009E5C8 len 00001A38 (6 KiB): IRAM[0m
[0;32mI (1757) heap_init: At 3FF80000 len 00002000 (8 KiB): RTCRAM[0m
[0;32mI (1764) esp_psram: Adding pool of 4096K of PSRAM memory to heap allocator[0m
[0;32mI (1772) spi_flash: detected chip: generic[0m
[0;32mI (1776) spi_flash: flash io: dio[0m
[0;33mW (1780) i2c: This driver is an old driver, please migrate your application code to adapt `driver/i2c_master.h`[0m
[0;32mI (1802) coexist: coex firmware version: dab85ae96[0m
[0;32mI (1803) main_task: Started on CPU0[0m
[0;32mI (1803) esp_psram: Reserving pool of 32K of internal memory for DMA/internal allocations[0m
[0;32mI (1811) main_task: Calling app_main()[0m
[0;32mI (1832) bridge_common: esp-iot-bridge version: 0.11.8[0m
I (1834) wifi:wifi driver task: 3ffbd678, prio:23, stack:6656, core=0
I (1837) wifi:wifi firmware version: 0caa81945
I (1837) wifi:wifi certification version: v7.0
I (1842) wifi:config NVS flash: enabled
I (1845) wifi:config nano formating: disabled
I (1849) wifi:Init data frame dynamic rx buffer num: 32
I (1854) wifi:Init static rx mgmt buffer num: 5
I (1858) wifi:Init management short buffer num: 32
I (1863) wifi:Init static tx buffer num: 16
I (1867) wifi:Init tx cache buffer num: 32
I (1871) wifi:Init static rx buffer size: 1600
I (1875) wifi:Init static rx buffer num: 10
I (1878) wifi:Init dynamic rx buffer num: 32
[0;32mI (1884) wifi_init: accept mbox: 6[0m
[0;32mI (1887) wifi_init: tcpip mbox: 32[0m
[0;32mI (1891) wifi_init: udp mbox: 6[0m
[0;32mI (1894) wifi_init: tcp mbox: 6[0m
[0;32mI (1898) wifi_init: tcp tx win: 5760[0m
[0;32mI (1902) wifi_init: tcp rx win: 5760[0m
[0;32mI (1907) wifi_init: tcp mss: 1440[0m
[0;32mI (1911) wifi_init: WiFi IRAM OP enabled[0m
[0;32mI (1915) wifi_init: WiFi RX IRAM OP enabled[0m
[0;32mI (1921) phy_init: phy_version 4830,54550f7,Jun 20 2024,14:22:08[0m
I (1983) wifi:mode : null
I (1986) wifi:mode : softAP (08:a6:f7:11:51:a9)
I (1988) wifi:Total power save buffer number: 8
I (1988) wifi:Init max length of beacon: 752/752
I (1991) wifi:Init max length of beacon: 752/752
[0;32mI (1997) esp_netif_lwip: DHCP server started on interface WIFI_AP_DEF with IP: 192.168.4.1[0m
Add netif ap with d1ba481(commit id)
[0;32mI (2007) bridge_common: netif list add success[0m
[0;32mI (2013) bridge_common: [WIFI_AP_DEF ][0m
[0;32mI (2017) bridge_common: Set ip info:192.168.5.1[0m
[0;32mI (2022) bridge_wifi: SoftAP IP network segment has changed, deauth all station[0m
I (2031) wifi:Disabled PMF config for SoftAP
I (2034) wifi:Total power save buffer number: 8
[0;32mI (2040) esp_netif_lwip: DHCP server started on interface WIFI_AP_DEF with IP: 192.168.5.1[0m
[0;32mI (2047) bridge_common: [WIFI_AP_DEF ]Name Server1: 114.114.114.114[0m
[0;32mI (2053) bridge_common: DHCPS Restart, deauth all station[0m
Add netif sta with d1ba481(commit id)
[0;32mI (2063) bridge_common: netif list add success[0m
I (2068) wifi:mode : sta (08:a6:f7:11:51:a8) + softAP (08:a6:f7:11:51:a9)
I (2075) wifi:enable tsf
[0;31mE (2078) NVS: Failed to read IP info from NVS[0m
I (2082) wifi:Disabled PMF config for STA
[0;32mI (2085) bridge_wifi: [esp_bridge_wifi_set_config] sta ssid: Tran Con Dev password: password[0m
[0;32mI (2095) bridge_wifi: [esp_bridge_wifi_set_config] softap ssid: ESP_Bridge_1151a9 password: 12345678[0m
I (2278) wifi:Total power save buffer number: 8
[0;32mI (2282) esp_netif_lwip: DHCP server started on interface WIFI_AP_DEF with IP: 192.168.5.1[0m
[0;32mI (2283) bridge_wifi: SoftAP config changed, deauth all station[0m
[0;32mI (2287) Mesh-Lite: esp-mesh-lite component version: 1.0.0[0m
I (2293) ESPNOW: espnow [version: 1.0] init
[0;32mI (2297) [vendor_ie]: Mesh-Lite commit id: bc9302d
 [0m
[0;32mI (2303) [vendor_ie]: Mesh ID: 77 [0m
[0;32mI (2309) [ESP_Mesh_Lite_Comm]: msg action add success [0m
[0;32mI (2314) [ESP_Mesh_Lite_Comm]: Bind Socket 54, port 6364 [0m
[0;32mI (2319) [ESP_Mesh_Lite_Comm]: Bind Socket 55, port 6363 [0m
[0;32mI (2325) [ESP_Mesh_Lite_Comm]: Bind Socket 56, port 6366 [0m
[0;32mI (2331) [ESP_Mesh_Lite_Comm]: Bind Socket 57, port 6365 [0m
[0;32mI (2337) [mesh-lite-espnow]: Start espnow task [0m
[0;32mI (2343) Mesh-Lite: Mesh-Lite connecting[0m
[0;32mI (2349) [vendor_ie]: esp_mesh_lite_wifi_scan_start return ESP_OK [0m
[0;32mI (2354) gpio: GPIO[25]| InputEn: 1| OutputEn: 0| OpenDrain: 0| Pullup: 1| Pulldown: 0| Intr:2 [0m
[0;32mI (2363) cam_hal: cam init ok[0m
[0;32mI (2367) sccb: pin_sda 26 pin_scl 27[0m
[0;32mI (2370) sccb: sccb_i2c_port=1[0m
[0;32mI (2375) gpio: GPIO[32]| InputEn: 0| OutputEn: 1| OpenDrain: 0| Pullup: 0| Pulldown: 0| Intr:0 [0m
[0;32mI (2413) camera: Detected camera at address=0x30[0m
[0;32mI (2415) camera: Detected OV2640 camera[0m
[0;32mI (2416) camera: Camera PID=0x26 VER=0x42 MIDL=0x7f MIDH=0xa2[0m
[0;32mI (2481) cam_hal: buffer_size: 32768, half_buffer_size: 4096, node_bufï¿½ets Jul 29 2019 12:21:46

rst:0x3 (SW_RESET),boot:0x13 (SPI_FAST_FLASH_BOOT)
configsip: 0, SPIWP:0xee
clk_drv:0x00,q_drv:0x00,d_drv:0x00,cs0_drv:0x00,hd_drv:0x00,wp_drv:0x00
mode:DIO, clock div:2
load:0x3fff0030,len:7168
load:0x40078000,len:15452
load:0x40080400,len:4
load:0x40080404,len:3684
entry 0x40080614
[0;32mI (169) boot: ESP-IDF v5.3-dirty 2nd stage bootloader[0m
[0;32mI (169) boot: compile time Aug 24 2024 21:55:52[0m
[0;33mW (169) boot: Unicore bootloader[0m
[0;32mI (174) boot: chip revision: v3.1[0m
[0;32mI (178) boot.esp32: SPI Speed      : 40MHz[0m
[0;32mI (183) boot.esp32: SPI Mode       : DIO[0m
[0;32mI (187) boot.esp32: SPI Flash Size : 4MB[0m
[0;32mI (192) boot: Enabling RNG early entropy source...[0m
[0;32mI (197) boot: Partition Table:[0m
[0;32mI (201) boot: ## Label            Usage          Type ST Offset   Length[0m
[0;32mI (208) boot:  0 nvs              WiFi data        01 02 00009000 00004000[0m
[0;32mI (216) boot:  1 otadata          OTA data         01 00 0000d000 00002000[0m
[0;32mI (224) boot:  2 phy_init         RF data          01 01 0000f000 00001000[0m
[0;32mI (231) boot:  3 ota_0            OTA app          00 10 00010000 001e0000[0m
[0;32mI (239) boot:  4 ota_1            OTA app          00 11 001f0000 001e0000[0m
[0;32mI (246) boot:  5 coredump         Unknown data     01 03 003d0000 00010000[0m
[0;32mI (254) boot:  6 reserved         Unknown data     01 fe 003e0000 00020000[0m
[0;32mI (261) boot: End of partition table[0m
[0;32mI (266) esp_image: segment 0: paddr=00010020 vaddr=3f400020 size=2fb7ch (195452) map[0m
[0;32mI (341) esp_image: segment 1: paddr=0003fba4 vaddr=3ffbdb60 size=00474h (  1140) load[0m
[0;32mI (342) esp_image: segment 2: paddr=00040020 vaddr=400d0020 size=c6430h (812080) map[0m
[0;32mI (625) esp_image: segment 3: paddr=00106458 vaddr=3ffbdfd4 size=05c28h ( 23592) load[0m
[0;32mI (634) esp_image: segment 4: paddr=0010c088 vaddr=40080000 size=1e5c8h (124360) load[0m
[0;32mI (698) boot: Loaded app from partition at offset 0x10000[0m
[0;32mI (699) boot: Disabling RNG early entropy source...[0m
[0;32mI (710) quad_psram: This chip is ESP32-D0WD[0m
[0;32mI (711) esp_psram: Found 8MB PSRAM device[0m
[0;32mI (711) esp_psram: Speed: 40MHz[0m
[0;32mI (714) esp_psram: PSRAM initialized, cache is in normal (1-core) mode.[0m
[0;33mW (722) esp_psram: Virtual address not enough for PSRAM, map as much as we can. 4MB is mapped[0m
[0;32mI (731) cpu_start: Unicore app[0m
[0;32mI (735) cpu_start: Single core mode[0m
[0;32mI (1664) esp_psram: SPI SRAM memory test OK[0m
[0;32mI (1672) cpu_start: Pro cpu start user code[0m
[0;32mI (1672) cpu_start: cpu freq: 240000000 Hz[0m
[0;32mI (1672) app_init: Application information:[0m
[0;32mI (1676) app_init: Project name:     mesh_local_control[0m
[0;32mI (1681) app_init: App version:      d1ba481-dirty[0m
[0;32mI (1687) app_init: Compile time:     Aug 25 2024 14:40:31[0m
[0;32mI (1693) app_init: ELF file SHA256:  25ea4c084...[0m
[0;32mI (1698) app_init: ESP-IDF:          v5.3-dirty[0m
[0;32mI (1704) efuse_init: Min chip rev:     v0.0[0m
[0;32mI (1708) efuse_init: Max chip rev:     v3.99 [0m
[0;32mI (1714) efuse_init: Chip rev:         v3.1[0m
[0;32mI (1719) heap_init: Initializing. RAM available for dynamic allocation:[0m
[0;32mI (1726) heap_init: At 3FFAE6E0 len 0000F480 (61 KiB): DRAM[0m
[0;32mI (1732) heap_init: At 3FFC8A98 len 00017568 (93 KiB): DRAM[0m
[0;32mI (1738) heap_init: At 3FFE0440 len 0001FBC0 (126 KiB): D/IRAM[0m
[0;32mI (1745) heap_init: At 40078000 len 00008000 (32 KiB): IRAM[0m
[0;32mI (1751) heap_init: At 4009E5C8 len 00001A38 (6 KiB): IRAM[0m
[0;32mI (1757) heap_init: At 3FF80000 len 00002000 (8 KiB): RTCRAM[0m
[0;32mI (1764) esp_psram: Adding pool of 4096K of PSRAM memory to heap allocator[0m
[0;32mI (1772) spi_flash: detected chip: generic[0m
[0;32mI (1776) spi_flash: flash io: dio[0m
[0;33mW (1780) i2c: This driver is an old driver, please migrate your application code to adapt `driver/i2c_master.h`[0m
[0;32mI (1802) coexist: coex firmware version: dab85ae96[0m
[0;32mI (1803) main_task: Started on CPU0[0m
[0;32mI (1803) esp_psram: Reserving pool of 32K of internal memory for DMA/internal allocations[0m
[0;32mI (1811) main_task: Calling app_main()[0m
[0;32mI (1832) bridge_common: esp-iot-bridge version: 0.11.8[0m
I (1834) wifi:wifi driver task: 3ffbd678, prio:23, stack:6656, core=0
I (1837) wifi:wifi firmware version: 0caa81945
I (1837) wifi:wifi certification version: v7.0
I (1842) wifi:config NVS flash: enabled
I (1845) wifi:config nano formating: disabled
I (1849) wifi:Init data frame dynamic rx buffer num: 32
I (1854) wifi:Init static rx mgmt buffer num: 5
I (1858) wifi:Init management short buffer num: 32
I (1863) wifi:Init static tx buffer num: 16
I (1867) wifi:Init tx cache buffer num: 32
I (1871) wifi:Init static rx buffer size: 1600
I (1875) wifi:Init static rx buffer num: 10
I (1878) wifi:Init dynamic rx buffer num: 32
[0;32mI (1884) wifi_init: accept mbox: 6[0m
[0;32mI (1887) wifi_init: tcpip mbox: 32[0m
[0;32mI (1891) wifi_init: udp mbox: 6[0m
[0;32mI (1894) wifi_init: tcp mbox: 6[0m
[0;32mI (1898) wifi_init: tcp tx win: 5760[0m
[0;32mI (1902) wifi_init: tcp rx win: 5760[0m
[0;32mI (1907) wifi_init: tcp mss: 1440[0m
[0;32mI (1911) wifi_init: WiFi IRAM OP enabled[0m
[0;32mI (1915) wifi_init: WiFi RX IRAM OP enabled[0m
[0;32mI (1921) phy_init: phy_version 4830,54550f7,Jun 20 2024,14:22:08[0m
I (1983) wifi:mode : null
I (1986) wifi:mode : softAP (08:a6:f7:11:51:a9)
I (1988) wifi:Total power save buffer number: 8
I (1988) wifi:Init max length of beacon: 752/752
I (1990) wifi:Init max length of beacon: 752/752
[0;32mI (1997) esp_netif_lwip: DHCP server started on interface WIFI_AP_DEF with IP: 192.168.4.1[0m
Add netif ap with d1ba481(commit id)
[0;32mI (2006) bridge_common: netif list add success[0m
[0;32mI (2013) bridge_common: [WIFI_AP_DEF ][0m
[0;32mI (2017) bridge_common: Set ip info:192.168.5.1[0m
[0;32mI (2021) bridge_wifi: SoftAP IP network segment has changed, deauth all station[0m
I (2031) wifi:Disabled PMF config for SoftAP
I (2034) wifi:Total power save buffer number: 8
[0;32mI (2040) esp_netif_lwip: DHCP server started on interface WIFI_AP_DEF with IP: 192.168.5.1[0m
[0;32mI (2047) bridge_common: [WIFI_AP_DEF ]Name Server1: 114.114.114.114[0m
[0;32mI (2053) bridge_common: DHCPS Restart, deauth all station[0m
Add netif sta with d1ba481(commit id)
[0;32mI (2063) bridge_common: netif list add success[0m
I (2068) wifi:mode : sta (08:a6:f7:11:51:a8) + softAP (08:a6:f7:11:51:a9)
I (2074) wifi:enable tsf
[0;31mE (2078) NVS: Failed to read IP info from NVS[0m
I (2082) wifi:Disabled PMF config for STA
[0;32mI (2085) bridge_wifi: [esp_bridge_wifi_set_config] sta ssid: Tran Con Dev password: password[0m
[0;32mI (2095) bridge_wifi: [esp_bridge_wifi_set_config] softap ssid: ESP_Bridge_1151a9 password: 12345678[0m
I (2277) wifi:Total power save buffer number: 8
[0;32mI (2282) esp_netif_lwip: DHCP server started on interface WIFI_AP_DEF with IP: 192.168.5.1[0m
[0;32mI (2283) bridge_wifi: SoftAP config changed, deauth all station[0m
[0;32mI (2287) Mesh-Lite: esp-mesh-lite component version: 1.0.0[0m
I (2293) ESPNOW: espnow [version: 1.0] init
[0;32mI (2297) [vendor_ie]: Mesh-Lite commit id: bc9302d
 [0m
[0;32mI (2303) [vendor_ie]: Mesh ID: 77 [0m
[0;32mI (2309) [ESP_Mesh_Lite_Comm]: msg action add success [0m
[0;32mI (2314) [ESP_Mesh_Lite_Comm]: Bind Socket 54, port 6364 [0m
[0;32mI (2319) [ESP_Mesh_Lite_Comm]: Bind Socket 55, port 6363 [0m
[0;32mI (2325) [ESP_Mesh_Lite_Comm]: Bind Socket 56, port 6366 [0m
[0;32mI (2331) [ESP_Mesh_Lite_Comm]: Bind Socket 57, port 6365 [0m
[0;32mI (2337) [mesh-lite-espnow]: Start espnow task [0m
[0;32mI (2343) Mesh-Lite: Mesh-Lite connecting[0m
[0;32mI (2349) [vendor_ie]: esp_mesh_lite_wifi_scan_start return ESP_OK [0m
[0;32mI (2354) gpio: GPIO[25]| InputEn: 1| OutputEn: 0| OpenDrain: 0| Pullup: 1| Pulldown: 0| Intr:2 [0m
[0;32mI (2363) cam_hal: cam init ok[0m
[0;32mI (2367) sccb: pin_sda 26 pin_scl 27[0m
[0;32mI (2370) sccb: sccb_i2c_port=1[0m
[0;32mI (2375) gpio: GPIO[32]| InputEn: 0| OutputEn: 1| OpenDrain: 0| Pullup: 0| Pulldown: 0| Intr:0 [0m
[0;32mI (2413) camera: Detected camera at address=0x30[0m
[0;32mI (2416) camera: Detected OV2640 camera[0m
[0;32mI (2416) camera: Camera PID=0x26 VER=0x42 MIDL=0x7f MIDH=0xa2[0m
[0;32mI (2481) cam_hal: buffer_size: 32768, half_buffer_size: 4096, node_buffï¿½ets Jul 29 2019 12:21:46

rst:0x3 (SW_RESET),boot:0x13 (SPI_FAST_FLASH_BOOT)
configsip: 0, SPIWP:0xee
clk_drv:0x00,q_drv:0x00,d_drv:0x00,cs0_drv:0x00,hd_drv:0x00,wp_drv:0x00
mode:DIO, clock div:2
load:0x3fff0030,len:7168
load:0x40078000,len:15452
load:0x40080400,len:4
load:0x40080404,len:3684
entry 0x40080614
[0;32mI (169) boot: ESP-IDF v5.3-dirty 2nd stage bootloader[0m
[0;32mI (169) boot: compile time Aug 24 2024 21:55:52[0m
[0;33mW (169) boot: Unicore bootloader[0m
[0;32mI (174) boot: chip revision: v3.1[0m
[0;32mI (178) boot.esp32: SPI Speed      : 40MHz[0m
[0;32mI (183) boot.esp32: SPI Mode       : DIO[0m
[0;32mI (187) boot.esp32: SPI Flash Size : 4MB[0m
[0;32mI (192) boot: Enabling RNG early entropy source...[0m
[0;32mI (197) boot: Partition Table:[0m
[0;32mI (201) boot: ## Label            Usage          Type ST Offset   Length[0m
[0;32mI (208) boot:  0 nvs              WiFi data        01 02 00009000 00004000[0m
[0;32mI (216) boot:  1 otadata          OTA data         01 00 0000d000 00002000[0m
[0;32mI (224) boot:  2 phy_init         RF data          01 01 0000f000 00001000[0m
[0;32mI (231) boot:  3 ota_0            OTA app          00 10 00010000 001e0000[0m
[0;32mI (239) boot:  4 ota_1            OTA app          00 11 001f0000 001e0000[0m
[0;32mI (246) boot:  5 coredump         Unknown data     01 03 003d0000 00010000[0m
[0;32mI (254) boot:  6 reserved         Unknown data     01 fe 003e0000 00020000[0m
[0;32mI (261) boot: End of partition table[0m
[0;32mI (266) esp_image: segment 0: paddr=00010020 vaddr=3f400020 size=2fb7ch (195452) map[0m
[0;32mI (341) esp_image: segment 1: paddr=0003fba4 vaddr=3ffbdb60 size=00474h (  1140) load[0m
[0;32mI (342) esp_image: segment 2: paddr=00040020 vaddr=400d0020 size=c6430h (812080) map[0m
[0;32mI (625) esp_image: segment 3: paddr=00106458 vaddr=3ffbdfd4 size=05c28h ( 23592) load[0m
[0;32mI (634) esp_image: segment 4: paddr=0010c088 vaddr=40080000 size=1e5c8h (124360) load[0m
[0;32mI (698) boot: Loaded app from partition at offset 0x10000[0m
[0;32mI (699) boot: Disabling RNG early entropy source...[0m
[0;32mI (710) quad_psram: This chip is ESP32-D0WD[0m
[0;32mI (711) esp_psram: Found 8MB PSRAM device[0m
[0;32mI (711) esp_psram: Speed: 40MHz[0m
[0;32mI (714) esp_psram: PSRAM initialized, cache is in normal (1-core) mode.[0m
[0;33mW (722) esp_psram: Virtual address not enough for PSRAM, map as much as we can. 4MB is mapped[0m
[0;32mI (731) cpu_start: Unicore app[0m
[0;32mI (735) cpu_start: Single core mode[0m
[0;32mI (1664) esp_psram: SPI SRAM memory test OK[0m
[0;32mI (1672) cpu_start: Pro cpu start user code[0m
[0;32mI (1672) cpu_start: cpu freq: 240000000 Hz[0m
[0;32mI (1672) app_init: Application information:[0m
[0;32mI (1676) app_init: Project name:     mesh_local_control[0m
[0;32mI (1681) app_init: App version:      d1ba481-dirty[0m
[0;32mI (1687) app_init: Compile time:     Aug 25 2024 14:40:31[0m
[0;32mI (1693) app_init: ELF file SHA256:  25ea4c084...[0m
[0;32mI (1698) app_init: ESP-IDF:          v5.3-dirty[0m
[0;32mI (1704) efuse_init: Min chip rev:     v0.0[0m
[0;32mI (1708) efuse_init: Max chip rev:     v3.99 [0m
[0;32mI (1714) efuse_init: Chip rev:         v3.1[0m
[0;32mI (1719) heap_init: Initializing. RAM available for dynamic allocation:[0m
[0;32mI (1726) heap_init: At 3FFAE6E0 len 0000F480 (61 KiB): DRAM[0m
[0;32mI (1732) heap_init: At 3FFC8A98 len 00017568 (93 KiB): DRAM[0m
[0;32mI (1738) heap_init: At 3FFE0440 len 0001FBC0 (126 KiB): D/IRAM[0m
[0;32mI (1745) heap_init: At 40078000 len 00008000 (32 KiB): IRAM[0m
[0;32mI (1751) heap_init: At 4009E5C8 len 00001A38 (6 KiB): IRAM[0m
[0;32mI (1757) heap_init: At 3FF80000 len 00002000 (8 KiB): RTCRAM[0m
[0;32mI (1764) esp_psram: Adding pool of 4096K of PSRAM memory to heap allocator[0m
[0;32mI (1772) spi_flash: detected chip: generic[0m
[0;32mI (1776) spi_flash: flash io: dio[0m
[0;33mW (1780) i2c: This driver is an old driver, please migrate your application code to adapt `driver/i2c_master.h`[0m
[0;32mI (1802) coexist: coex firmware version: dab85ae96[0m
[0;32mI (1803) main_task: Started on CPU0[0m
[0;32mI (1803) esp_psram: Reserving pool of 32K of internal memory for DMA/internal allocations[0m
[0;32mI (1811) main_task: Calling app_main()[0m
[0;32mI (1832) bridge_common: esp-iot-bridge version: 0.11.8[0m
I (1834) wifi:wifi driver task: 3ffbd678, prio:23, stack:6656, core=0
I (1837) wifi:wifi firmware version: 0caa81945
I (1837) wifi:wifi certification version: v7.0
I (1842) wifi:config NVS flash: enabled
I (1845) wifi:config nano formating: disabled
I (1849) wifi:Init data frame dynamic rx buffer num: 32
I (1854) wifi:Init static rx mgmt buffer num: 5
I (1858) wifi:Init management short buffer num: 32
I (1863) wifi:Init static tx buffer num: 16
I (1867) wifi:Init tx cache buffer num: 32
I (1871) wifi:Init static rx buffer size: 1600
I (1875) wifi:Init static rx buffer num: 10
I (1878) wifi:Init dynamic rx buffer num: 32
[0;32mI (1884) wifi_init: accept mbox: 6[0m
[0;32mI (1887) wifi_init: tcpip mbox: 32[0m
[0;32mI (1891) wifi_init: udp mbox: 6[0m
[0;32mI (1894) wifi_init: tcp mbox: 6[0m
[0;32mI (1898) wifi_init: tcp tx win: 5760[0m
[0;32mI (1902) wifi_init: tcp rx win: 5760[0m
[0;32mI (1907) wifi_init: tcp mss: 1440[0m
[0;32mI (1911) wifi_init: WiFi IRAM OP enabled[0m
[0;32mI (1915) wifi_init: WiFi RX IRAM OP enabled[0m
[0;32mI (1921) phy_init: phy_version 4830,54550f7,Jun 20 2024,14:22:08[0m
I (1984) wifi:mode : null
I (1987) wifi:mode : softAP (08:a6:f7:11:51:a9)
I (1989) wifi:Total power save buffer number: 8
I (1989) wifi:Init max length of beacon: 752/752
I (1992) wifi:Init max length of beacon: 752/752
[0;32mI (1998) esp_netif_lwip: DHCP server started on interface WIFI_AP_DEF with IP: 192.168.4.1[0m
Add netif ap with d1ba481(commit id)
[0;32mI (2008) bridge_common: netif list add success[0m
[0;32mI (2014) bridge_common: [WIFI_AP_DEF ][0m
[0;32mI (2018) bridge_common: Set ip info:192.168.5.1[0m
[0;32mI (2023) bridge_wifi: SoftAP IP network segment has changed, deauth all station[0m
I (2033) wifi:Disabled PMF config for SoftAP
I (2035) wifi:Total power save buffer number: 8
[0;32mI (2042) esp_netif_lwip: DHCP server started on interface WIFI_AP_DEF with IP: 192.168.5.1[0m
[0;32mI (2048) bridge_common: [WIFI_AP_DEF ]Name Server1: 114.114.114.114[0m
[0;32mI (2054) bridge_common: DHCPS Restart, deauth all station[0m
Add netif sta with d1ba481(commit id)
[0;32mI (2064) bridge_common: netif list add success[0m
I (2069) wifi:mode : sta (08:a6:f7:11:51:a8) + softAP (08:a6:f7:11:51:a9)
I (2076) wifi:enable tsf
[0;31mE (2079) NVS: Failed to read IP info from NVS[0m
I (2083) wifi:Disabled PMF config for STA
[0;32mI (2086) bridge_wifi: [esp_bridge_wifi_set_config] sta ssid: Tran Con Dev password: password[0m
[0;32mI (2096) bridge_wifi: [esp_bridge_wifi_set_config] softap ssid: ESP_Bridge_1151a9 password: 12345678[0m
I (2279) wifi:Total power save buffer number: 8
[0;32mI (2283) esp_netif_lwip: DHCP server started on interface WIFI_AP_DEF with IP: 192.168.5.1[0m
[0;32mI (2284) bridge_wifi: SoftAP config changed, deauth all station[0m
[0;32mI (2288) Mesh-Lite: esp-mesh-lite component version: 1.0.0[0m
I (2294) ESPNOW: espnow [version: 1.0] init
[0;32mI (2298) [vendor_ie]: Mesh-Lite commit id: bc9302d
 [0m
[0;32mI (2304) [vendor_ie]: Mesh ID: 77 [0m
[0;32mI (2310) [ESP_Mesh_Lite_Comm]: msg action add success [0m
[0;32mI (2315) [ESP_Mesh_Lite_Comm]: Bind Socket 54, port 6364 [0m
[0;32mI (2320) [ESP_Mesh_Lite_Comm]: Bind Socket 55, port 6363 [0m
[0;32mI (2326) [ESP_Mesh_Lite_Comm]: Bind Socket 56, port 6366 [0m
[0;32mI (2332) [ESP_Mesh_Lite_Comm]: Bind Socket 57, port 6365 [0m
[0;32mI (2338) [mesh-lite-espnow]: Start espnow task [0m
[0;32mI (2344) Mesh-Lite: Mesh-Lite connecting[0m
[0;32mI (2350) [vendor_ie]: esp_mesh_lite_wifi_scan_start return ESP_OK [0m
[0;32mI (2355) gpio: GPIO[25]| InputEn: 1| OutputEn: 0| OpenDrain: 0| Pullup: 1| Pulldown: 0| Intr:2 [0m
[0;32mI (2365) cam_hal: cam init ok[0m
[0;32mI (2368) sccb: pin_sda 26 pin_scl 27[0m
[0;32mI (2371) sccb: sccb_i2c_port=1[0m
[0;32mI (2376) gpio: GPIO[32]| InputEn: 0| OutputEn: 1| OpenDrain: 0| Pullup: 0| Pulldown: 0| Intr:0 [0m
[0;32mI (2414) camera: Detected camera at address=0x30[0m
[0;32mI (2417) camera: Detected OV2640 camera[0m
[0;32mI (2417) camera: Camera PID=0x26 VER=0x42 MIDL=0x7f MIDH=0xa2[0m
[0;32mI (2482) cam_hal: buffer_size: 32768, half_buffer_size: 4096, node_buffï¿½ets Jul 29 2019 12:21:46

rst:0x3 (SW_RESET),boot:0x13 (SPI_FAST_FLASH_BOOT)
configsip: 0, SPIWP:0xee
clk_drv:0x00,q_drv:0x00,d_drv:0x00,cs0_drv:0x00,hd_drv:0x00,wp_drv:0x00
mode:DIO, clock div:2
load:0x3fff0030,len:7168
load:0x40078000,len:15452
load:0x40080400,len:4
load:0x40080404,len:3684
entry 0x40080614
[0;32mI (169) boot: ESP-IDF v5.3-dirty 2nd stage bootloader[0m
[0;32mI (169) boot: compile time Aug 24 2024 21:55:52[0m
[0;33mW (169) boot: Unicore bootloader[0m
[0;32mI (174) boot: chip revision: v3.1[0m
[0;32mI (178) boot.esp32: SPI Speed      : 40MHz[0m
[0;32mI (183) boot.esp32: SPI Mode       : DIO[0m
[0;32mI (187) boot.esp32: SPI Flash Size : 4MB[0m
[0;32mI (192) boot: Enabling RNG early entropy source...[0m
[0;32mI (197) boot: Partition Table:[0m
[0;32mI (201) boot: ## Label            Usage          Type ST Offset   Length[0m
[0;32mI (208) boot:  0 nvs              WiFi data        01 02 00009000 00004000[0m
[0;32mI (216) boot:  1 otadata          OTA data         01 00 0000d000 00002000[0m
[0;32mI (224) boot:  2 phy_init         RF data          01 01 0000f000 00001000[0m
[0;32mI (231) boot:  3 ota_0            OTA app          00 10 00010000 001e0000[0m
[0;32mI (239) boot:  4 ota_1            OTA app          00 11 001f0000 001e0000[0m
[0;32mI (246) boot:  5 coredump         Unknown data     01 03 003d0000 00010000[0m
[0;32mI (254) boot:  6 reserved         Unknown data     01 fe 003e0000 00020000[0m
[0;32mI (261) boot: End of partition table[0m
[0;32mI (266) esp_image: segment 0: paddr=00010020 vaddr=3f400020 size=2fb7ch (195452) map[0m
[0;32mI (341) esp_image: segment 1: paddr=0003fba4 vaddr=3ffbdb60 size=00474h (  1140) load[0m
[0;32mI (342) esp_image: segment 2: paddr=00040020 vaddr=400d0020 size=c6430h (812080) map[0m
[0;32mI (625) esp_image: segment 3: paddr=00106458 vaddr=3ffbdfd4 size=05c28h ( 23592) load[0m
[0;32mI (634) esp_image: segment 4: paddr=0010c088 vaddr=40080000 size=1e5c8h (124360) load[0m
[0;32mI (698) boot: Loaded app from partition at offset 0x10000[0m
[0;32mI (699) boot: Disabling RNG early entropy source...[0m
[0;32mI (710) quad_psram: This chip is ESP32-D0WD[0m
[0;32mI (711) esp_psram: Found 8MB PSRAM device[0m
[0;32mI (711) esp_psram: Speed: 40MHz[0m
[0;32mI (714) esp_psram: PSRAM initialized, cache is in normal (1-core) mode.[0m
[0;33mW (722) esp_psram: Virtual address not enough for PSRAM, map as much as we can. 4MB is mapped[0m
[0;32mI (731) cpu_start: Unicore app[0m
[0;32mI (735) cpu_start: Single core mode[0m
[0;32mI (1664) esp_psram: SPI SRAM memory test OK[0m
[0;32mI (1672) cpu_start: Pro cpu start user code[0m
[0;32mI (1672) cpu_start: cpu freq: 240000000 Hz[0m
[0;32mI (1672) app_init: Application information:[0m
[0;32mI (1676) app_init: Project name:     mesh_local_control[0m
[0;32mI (1681) app_init: App version:      d1ba481-dirty[0m
[0;32mI (1687) app_init: Compile time:     Aug 25 2024 14:40:31[0m
[0;32mI (1693) app_init: ELF file SHA256:  25ea4c084...[0m
[0;32mI (1698) app_init: ESP-IDF:          v5.3-dirty[0m
[0;32mI (1704) efuse_init: Min chip rev:     v0.0[0m
[0;32mI (1708) efuse_init: Max chip rev:     v3.99 [0m
[0;32mI (1713) efuse_init: Chip rev:         v3.1[0m
[0;32mI (1719) heap_init: Initializing. RAM available for dynamic allocation:[0m
[0;32mI (1726) heap_init: At 3FFAE6E0 len 0000F480 (61 KiB): DRAM[0m
[0;32mI (1732) heap_init: At 3FFC8A98 len 00017568 (93 KiB): DRAM[0m
[0;32mI (1738) heap_init: At 3FFE0440 len 0001FBC0 (126 KiB): D/IRAM[0m
[0;32mI (1745) heap_init: At 40078000 len 00008000 (32 KiB): IRAM[0m
[0;32mI (1751) heap_init: At 4009E5C8 len 00001A38 (6 KiB): IRAM[0m
[0;32mI (1757) heap_init: At 3FF80000 len 00002000 (8 KiB): RTCRAM[0m
[0;32mI (1764) esp_psram: Adding pool of 4096K of PSRAM memory to heap allocator[0m
[0;32mI (1772) spi_flash: detected chip: generic[0m
[0;32mI (1776) spi_flash: flash io: dio[0m
[0;33mW (1780) i2c: This driver is an old driver, please migrate your application code to adapt `driver/i2c_master.h`[0m
[0;32mI (1802) coexist: coex firmware version: dab85ae96[0m
[0;32mI (1803) main_task: Started on CPU0[0m
[0;32mI (1803) esp_psram: Reserving pool of 32K of internal memory for DMA/internal allocations[0m
[0;32mI (1811) main_task: Calling app_main()[0m
[0;32mI (1832) bridge_common: esp-iot-bridge version: 0.11.8[0m
I (1834) wifi:wifi driver task: 3ffbd678, prio:23, stack:6656, core=0
I (1837) wifi:wifi firmware version: 0caa81945
I (1837) wifi:wifi certification version: v7.0
I (1842) wifi:config NVS flash: enabled
I (1845) wifi:config nano formating: disabled
I (1849) wifi:Init data frame dynamic rx buffer num: 32
I (1854) wifi:Init static rx mgmt buffer num: 5
I (1858) wifi:Init management short buffer num: 32
I (1863) wifi:Init static tx buffer num: 16
I (1867) wifi:Init tx cache buffer num: 32
I (1871) wifi:Init static rx buffer size: 1600
I (1875) wifi:Init static rx buffer num: 10
I (1878) wifi:Init dynamic rx buffer num: 32
[0;32mI (1884) wifi_init: accept mbox: 6[0m
[0;32mI (1887) wifi_init: tcpip mbox: 32[0m
[0;32mI (1891) wifi_init: udp mbox: 6[0m
[0;32mI (1894) wifi_init: tcp mbox: 6[0m
[0;32mI (1898) wifi_init: tcp tx win: 5760[0m
[0;32mI (1902) wifi_init: tcp rx win: 5760[0m
[0;32mI (1907) wifi_init: tcp mss: 1440[0m
[0;32mI (1911) wifi_init: WiFi IRAM OP enabled[0m
[0;32mI (1915) wifi_init: WiFi RX IRAM OP enabled[0m
[0;32mI (1921) phy_init: phy_version 4830,54550f7,Jun 20 2024,14:22:08[0m
I (1983) wifi:mode : null
I (1986) wifi:mode : softAP (08:a6:f7:11:51:a9)
I (1988) wifi:Total power save buffer number: 8
I (1988) wifi:Init max length of beacon: 752/752
I (1991) wifi:Init max length of beacon: 752/752
[0;32mI (1998) esp_netif_lwip: DHCP server started on interface WIFI_AP_DEF with IP: 192.168.4.1[0m
Add netif ap with d1ba481(commit id)
[0;32mI (2007) bridge_common: netif list add success[0m
[0;32mI (2013) bridge_common: [WIFI_AP_DEF ][0m
[0;32mI (2018) bridge_common: Set ip info:192.168.5.1[0m
[0;32mI (2022) bridge_wifi: SoftAP IP network segment has changed, deauth all station[0m
I (2032) wifi:Disabled PMF config for SoftAP
I (2034) wifi:Total power save buffer number: 8
[0;32mI (2041) esp_netif_lwip: DHCP server started on interface WIFI_AP_DEF with IP: 192.168.5.1[0m
[0;32mI (2047) bridge_common: [WIFI_AP_DEF ]Name Server1: 114.114.114.114[0m
[0;32mI (2053) bridge_common: DHCPS Restart, deauth all station[0m
Add netif sta with d1ba481(commit id)
[0;32mI (2063) bridge_common: netif list add success[0m
I (2069) wifi:mode : sta (08:a6:f7:11:51:a8) + softAP (08:a6:f7:11:51:a9)
I (2075) wifi:enable tsf
[0;31mE (2079) NVS: Failed to read IP info from NVS[0m
I (2082) wifi:Disabled PMF config for STA
[0;32mI (2085) bridge_wifi: [esp_bridge_wifi_set_config] sta ssid: Tran Con Dev password: password[0m
[0;32mI (2095) bridge_wifi: [esp_bridge_wifi_set_config] softap ssid: ESP_Bridge_1151a9 password: 12345678[0m
I (2278) wifi:Total power save buffer number: 8
[0;32mI (2282) esp_netif_lwip: DHCP server started on interface WIFI_AP_DEF with IP: 192.168.5.1[0m
[0;32mI (2283) bridge_wifi: SoftAP config changed, deauth all station[0m
[0;32mI (2287) Mesh-Lite: esp-mesh-lite component version: 1.0.0[0m
I (2294) ESPNOW: espnow [version: 1.0] init
[0;32mI (2297) [vendor_ie]: Mesh-Lite commit id: bc9302d
 [0m
[0;32mI (2304) [vendor_ie]: Mesh ID: 77 [0m
[0;32mI (2309) [ESP_Mesh_Lite_Comm]: msg action add success [0m
[0;32mI (2315) [ESP_Mesh_Lite_Comm]: Bind Socket 54, port 6364 [0m
[0;32mI (2319) [ESP_Mesh_Lite_Comm]: Bind Socket 55, port 6363 [0m
[0;32mI (2325) [ESP_Mesh_Lite_Comm]: Bind Socket 56, port 6366 [0m
[0;32mI (2331) [ESP_Mesh_Lite_Comm]: Bind Socket 57, port 6365 [0m
[0;32mI (2338) [mesh-lite-espnow]: Start espnow task [0m
[0;32mI (2343) Mesh-Lite: Mesh-Lite connecting[0m
[0;32mI (2349) [vendor_ie]: esp_mesh_lite_wifi_scan_start return ESP_OK [0m
[0;32mI (2354) gpio: GPIO[25]| InputEn: 1| OutputEn: 0| OpenDrain: 0| Pullup: 1| Pulldown: 0| Intr:2 [0m
[0;32mI (2364) cam_hal: cam init ok[0m
[0;32mI (2367) sccb: pin_sda 26 pin_scl 27[0m
[0;32mI (2370) sccb: sccb_i2c_port=1[0m
[0;32mI (2375) gpio: GPIO[32]| InputEn: 0| OutputEn: 1| OpenDrain: 0| Pullup: 0| Pulldown: 0| Intr:0 [0m
[0;32mI (2414) camera: Detected camera at address=0x30[0m
[0;32mI (2417) camera: Detected OV2640 camera[0m
[0;32mI (2417) camera: Camera PID=0x26 VER=0x42 MIDL=0x7f MIDH=0xa2[0m
[0;32mI (2482) cam_hal: buffer_size: 32768, half_buffer_size: 4096ï¿½ets Jul 29 2019 12:21:46

rst:0x3 (SW_RESET),boot:0x13 (SPI_FAST_FLASH_BOOT)
configsip: 0, SPIWP:0xee
clk_drv:0x00,q_drv:0x00,d_drv:0x00,cs0_drv:0x00,hd_drv:0x00,wp_drv:0x00
mode:DIO, clock div:2
load:0x3fff0030,len:7168
load:0x40078000,len:15452
load:0x40080400,len:4
load:0x40080404,len:3684
entry 0x40080614
[0;32mI (169) boot: ESP-IDF v5.3-dirty 2nd stage bootloader[0m
[0;32mI (169) boot: compile time Aug 24 2024 21:55:52[0m
[0;33mW (169) boot: Unicore bootloader[0m
[0;32mI (174) boot: chip revision: v3.1[0m
[0;32mI (178) boot.esp32: SPI Speed      : 40MHz[0m
[0;32mI (183) boot.esp32: SPI Mode       : DIO[0m
[0;32mI (187) boot.esp32: SPI Flash Size : 4MB[0m
[0;32mI (192) boot: Enabling RNG early entropy source...[0m
[0;32mI (197) boot: Partition Table:[0m
[0;32mI (201) boot: ## Label            Usage          Type ST Offset   Length[0m
[0;32mI (208) boot:  0 nvs              WiFi data        01 02 00009000 00004000[0m
[0;32mI (216) boot:  1 otadata          OTA data         01 00 0000d000 00002000[0m
[0;32mI (224) boot:  2 phy_init         RF data          01 01 0000f000 00001000[0m
[0;32mI (231) boot:  3 ota_0            OTA app          00 10 00010000 001e0000[0m
[0;32mI (239) boot:  4 ota_1            OTA app          00 11 001f0000 001e0000[0m
[0;32mI (246) boot:  5 coredump         Unknown data     01 03 003d0000 00010000[0m
[0;32mI (254) boot:  6 reserved         Unknown data     01 fe 003e0000 00020000[0m
[0;32mI (261) boot: End of partition table[0m
[0;32mI (266) esp_image: segment 0: paddr=00010020 vaddr=3f400020 size=2fb7ch (195452) map[0m
[0;32mI (341) esp_image: segment 1: paddr=0003fba4 vaddr=3ffbdb60 size=00474h (  1140) load[0m
[0;32mI (342) esp_image: segment 2: paddr=00040020 vaddr=400d0020 size=c6430h (812080) map[0m
[0;32mI (625) esp_image: segment 3: paddr=00106458 vaddr=3ffbdfd4 size=05c28h ( 23592) load[0m
[0;32mI (634) esp_image: segment 4: paddr=0010c088 vaddr=40080000 size=1e5c8h (124360) load[0m
[0;32mI (698) boot: Loaded app from partition at offset 0x10000[0m
[0;32mI (699) boot: Disabling RNG early entropy source...[0m
[0;32mI (710) quad_psram: This chip is ESP32-D0WD[0m
[0;32mI (711) esp_psram: Found 8MB PSRAM device[0m
[0;32mI (711) esp_psram: Speed: 40MHz[0m
[0;32mI (714) esp_psram: PSRAM initialized, cache is in normal (1-core) mode.[0m
[0;33mW (722) esp_psram: Virtual address not enough for PSRAM, map as much as we can. 4MB is mapped[0m
[0;32mI (731) cpu_start: Unicore app[0m
[0;32mI (735) cpu_start: Single core mode[0m
[0;32mI (1664) esp_psram: SPI SRAM memory test OK[0m
[0;32mI (1672) cpu_start: Pro cpu start user code[0m
[0;32mI (1672) cpu_start: cpu freq: 240000000 Hz[0m
[0;32mI (1672) app_init: Application information:[0m
[0;32mI (1676) app_init: Project name:     mesh_local_control[0m
[0;32mI (1681) app_init: App version:      d1ba481-dirty[0m
[0;32mI (1687) app_init: Compile time:     Aug 25 2024 14:40:31[0m
[0;32mI (1693) app_init: ELF file SHA256:  25ea4c084...[0m
[0;32mI (1698) app_init: ESP-IDF:          v5.3-dirty[0m
[0;32mI (1704) efuse_init: Min chip rev:     v0.0[0m
[0;32mI (1708) efuse_init: Max chip rev:     v3.99 [0m
[0;32mI (1714) efuse_init: Chip rev:         v3.1[0m
[0;32mI (1719) heap_init: Initializing. RAM available for dynamic allocation:[0m
[0;32mI (1726) heap_init: At 3FFAE6E0 len 0000F480 (61 KiB): DRAM[0m
[0;32mI (1732) heap_init: At 3FFC8A98 len 00017568 (93 KiB): DRAM[0m
[0;32mI (1738) heap_init: At 3FFE0440 len 0001FBC0 (126 KiB): D/IRAM[0m
[0;32mI (1745) heap_init: At 40078000 len 00008000 (32 KiB): IRAM[0m
[0;32mI (1751) heap_init: At 4009E5C8 len 00001A38 (6 KiB): IRAM[0m
[0;32mI (1757) heap_init: At 3FF80000 len 00002000 (8 KiB): RTCRAM[0m
[0;32mI (1764) esp_psram: Adding pool of 4096K of PSRAM memory to heap allocator[0m
[0;32mI (1772) spi_flash: detected chip: generic[0m
[0;32mI (1776) spi_flash: flash io: dio[0m
[0;33mW (1780) i2c: This driver is an old driver, please migrate your application code to adapt `driver/i2c_master.h`[0m
[0;32mI (1802) coexist: coex firmware version: dab85ae96[0m
[0;32mI (1803) main_task: Started on CPU0[0m
[0;32mI (1803) esp_psram: Reserving pool of 32K of internal memory for DMA/internal allocations[0m
[0;32mI (1811) main_task: Calling app_main()[0m
[0;32mI (1832) bridge_common: esp-iot-bridge version: 0.11.8[0m
I (1834) wifi:wifi driver task: 3ffbd678, prio:23, stack:6656, core=0
I (1837) wifi:wifi firmware version: 0caa81945
I (1837) wifi:wifi certification version: v7.0
I (1842) wifi:config NVS flash: enabled
I (1845) wifi:config nano formating: disabled
I (1849) wifi:Init data frame dynamic rx buffer num: 32
I (1854) wifi:Init static rx mgmt buffer num: 5
I (1858) wifi:Init management short buffer num: 32
I (1863) wifi:Init static tx buffer num: 16
I (1867) wifi:Init tx cache buffer num: 32
I (1871) wifi:Init static rx buffer size: 1600
I (1875) wifi:Init static rx buffer num: 10
I (1878) wifi:Init dynamic rx buffer num: 32
[0;32mI (1884) wifi_init: accept mbox: 6[0m
[0;32mI (1887) wifi_init: tcpip mbox: 32[0m
[0;32mI (1891) wifi_init: udp mbox: 6[0m
[0;32mI (1894) wifi_init: tcp mbox: 6[0m
[0;32mI (1898) wifi_init: tcp tx win: 5760[0m
[0;32mI (1902) wifi_init: tcp rx win: 5760[0m
[0;32mI (1907) wifi_init: tcp mss: 1440[0m
[0;32mI (1911) wifi_init: WiFi IRAM OP enabled[0m
[0;32mI (1915) wifi_init: WiFi RX IRAM OP enabled[0m
[0;32mI (1921) phy_init: phy_version 4830,54550f7,Jun 20 2024,14:22:08[0m
I (1983) wifi:mode : null
I (1986) wifi:mode : softAP (08:a6:f7:11:51:a9)
I (1988) wifi:Total power save buffer number: 8
I (1988) wifi:Init max length of beacon: 752/752
I (1991) wifi:Init max length of beacon: 752/752
[0;32mI (1998) esp_netif_lwip: DHCP server started on interface WIFI_AP_DEF with IP: 192.168.4.1[0m
Add netif ap with d1ba481(commit id)
[0;32mI (2007) bridge_common: netif list add success[0m
[0;32mI (2013) bridge_common: [WIFI_AP_DEF ][0m
[0;32mI (2018) bridge_common: Set ip info:192.168.5.1[0m
[0;32mI (2022) bridge_wifi: SoftAP IP network segment has changed, deauth all station[0m
I (2032) wifi:Disabled PMF config for SoftAP
I (2034) wifi:Total power save buffer number: 8
[0;32mI (2041) esp_netif_lwip: DHCP server started on interface WIFI_AP_DEF with IP: 192.168.5.1[0m
[0;32mI (2047) bridge_common: [WIFI_AP_DEF ]Name Server1: 114.114.114.114[0m
[0;32mI (2054) bridge_common: DHCPS Restart, deauth all station[0m
Add netif sta with d1ba481(commit id)
[0;32mI (2063) bridge_common: netif list add success[0m
I (2069) wifi:mode : sta (08:a6:f7:11:51:a8) + softAP (08:a6:f7:11:51:a9)
I (2075) wifi:enable tsf
[0;31mE (2079) NVS: Failed to read IP info from NVS[0m
I (2082) wifi:Disabled PMF config for STA
[0;32mI (2086) bridge_wifi: [esp_bridge_wifi_set_config] sta ssid: Tran Con Dev password: password[0m
[0;32mI (2095) bridge_wifi: [esp_bridge_wifi_set_config] softap ssid: ESP_Bridge_1151a9 password: 12345678[0m
I (2278) wifi:Total power save buffer number: 8
[0;32mI (2282) esp_netif_lwip: DHCP server started on interface WIFI_AP_DEF with IP: 192.168.5.1[0m
[0;32mI (2284) bridge_wifi: SoftAP config changed, deauth all station[0m
[0;32mI (2287) Mesh-Lite: esp-mesh-lite component version: 1.0.0[0m
I (2294) ESPNOW: espnow [version: 1.0] init
[0;32mI (2297) [vendor_ie]: Mesh-Lite commit id: bc9302d
 [0m
[0;32mI (2304) [vendor_ie]: Mesh ID: 77 [0m
[0;32mI (2309) [ESP_Mesh_Lite_Comm]: msg action add success [0m
[0;32mI (2315) [ESP_Mesh_Lite_Comm]: Bind Socket 54, port 6364 [0m
[0;32mI (2319) [ESP_Mesh_Lite_Comm]: Bind Socket 55, port 6363 [0m
[0;32mI (2325) [ESP_Mesh_Lite_Comm]: Bind Socket 56, port 6366 [0m
[0;32mI (2331) [ESP_Mesh_Lite_Comm]: Bind Socket 57, port 6365 [0m
[0;32mI (2338) [mesh-lite-espnow]: Start espnow task [0m
[0;32mI (2343) Mesh-Lite: Mesh-Lite connecting[0m
[0;32mI (2349) [vendor_ie]: esp_mesh_lite_wifi_scan_start return ESP_OK [0m
[0;32mI (2354) gpio: GPIO[25]| InputEn: 1| OutputEn: 0| OpenDrain: 0| Pullup: 1| Pulldown: 0| Intr:2 [0m
[0;32mI (2364) cam_hal: cam init ok[0m
[0;32mI (2367) sccb: pin_sda 26 pin_scl 27[0m
[0;32mI (2370) sccb: sccb_i2c_port=1[0m
[0;32mI (2375) gpio: GPIO[32]| InputEn: 0| OutputEn: 1| OpenDrain: 0| Pullup: 0| Pulldown: 0| Intr:0 [0m
[0;32mI (2414) camera: Detected camera at address=0x30[0m
[0;32mI (2417) camera: Detected OV2640 camera[0m
[0;32mI (2417) camera: Camera PID=0x26 VER=0x42 MIDL=0x7f MIDH=0xa2[0m
[0;32mI (2482) cam_hal: buffer_size: 32768, half_buffer_size: 4096,ï¿½ets Jul 29 2019 12:21:46

rst:0x3 (SW_RESET),boot:0x13 (SPI_FAST_FLASH_BOOT)
configsip: 0, SPIWP:0xee
clk_drv:0x00,q_drv:0x00,d_drv:0x00,cs0_drv:0x00,hd_drv:0x00,wp_drv:0x00
mode:DIO, clock div:2
load:0x3fff0030,len:7168
load:0x40078000,len:15452
load:0x40080400,len:4
load:0x40080404,len:3684
entry 0x40080614
[0;32mI (169) boot: ESP-IDF v5.3-dirty 2nd stage bootloader[0m
[0;32mI (169) boot: compile time Aug 24 2024 21:55:52[0m
[0;33mW (169) boot: Unicore bootloader[0m
[0;32mI (174) boot: chip revision: v3.1[0m
[0;32mI (178) boot.esp32: SPI Speed      : 40MHz[0m
[0;32mI (183) boot.esp32: SPI Mode       : DIO[0m
[0;32mI (187) boot.esp32: SPI Flash Size : 4MB[0m
[0;32mI (192) boot: Enabling RNG early entropy source...[0m
[0;32mI (197) boot: Partition Table:[0m
[0;32mI (201) boot: ## Label            Usage          Type ST Offset   Length[0m
[0;32mI (208) boot:  0 nvs              WiFi data        01 02 00009000 00004000[0m
[0;32mI (216) boot:  1 otadata          OTA data         01 00 0000d000 00002000[0m
[0;32mI (224) boot:  2 phy_init         RF data          01 01 0000f000 00001000[0m
[0;32mI (231) boot:  3 ota_0            OTA app          00 10 00010000 001e0000[0m
[0;32mI (239) boot:  4 ota_1            OTA app          00 11 001f0000 001e0000[0m
[0;32mI (246) boot:  5 coredump         Unknown data     01 03 003d0000 00010000[0m
[0;32mI (254) boot:  6 reserved         Unknown data     01 fe 003e0000 00020000[0m
[0;32mI (261) boot: End of partition table[0m
[0;32mI (266) esp_image: segment 0: paddr=00010020 vaddr=3f400020 size=2fb7ch (195452) map[0m
[0;32mI (341) esp_image: segment 1: paddr=0003fba4 vaddr=3ffbdb60 size=00474h (  1140) load[0m
[0;32mI (342) esp_image: segment 2: paddr=00040020 vaddr=400d0020 size=c6430h (812080) map[0m
[0;32mI (625) esp_image: segment 3: paddr=00106458 vaddr=3ffbdfd4 size=05c28h ( 23592) load[0m
[0;32mI (634) esp_image: segment 4: paddr=0010c088 vaddr=40080000 size=1e5c8h (124360) load[0m
[0;32mI (698) boot: Loaded app from partition at offset 0x10000[0m
[0;32mI (699) boot: Disabling RNG early entropy source...[0m
[0;32mI (710) quad_psram: This chip is ESP32-D0WD[0m
[0;32mI (711) esp_psram: Found 8MB PSRAM device[0m
[0;32mI (711) esp_psram: Speed: 40MHz[0m
[0;32mI (714) esp_psram: PSRAM initialized, cache is in normal (1-core) mode.[0m
[0;33mW (722) esp_psram: Virtual address not enough for PSRAM, map as much as we can. 4MB is mapped[0m
[0;32mI (731) cpu_start: Unicore app[0m
[0;32mI (735) cpu_start: Single core mode[0m
[0;32mI (1664) esp_psram: SPI SRAM memory test OK[0m
[0;32mI (1672) cpu_start: Pro cpu start user code[0m
[0;32mI (1672) cpu_start: cpu freq: 240000000 Hz[0m
[0;32mI (1672) app_init: Application information:[0m
[0;32mI (1676) app_init: Project name:     mesh_local_control[0m
[0;32mI (1681) app_init: App version:      d1ba481-dirty[0m
[0;32mI (1687) app_init: Compile time:     Aug 25 2024 14:40:31[0m
[0;32mI (1693) app_init: ELF file SHA256:  25ea4c084...[0m
[0;32mI (1698) app_init: ESP-IDF:          v5.3-dirty[0m
[0;32mI (1704) efuse_init: Min chip rev:     v0.0[0m
[0;32mI (1708) efuse_init: Max chip rev:     v3.99 [0m
[0;32mI (1713) efuse_init: Chip rev:         v3.1[0m
[0;32mI (1719) heap_init: Initializing. RAM available for dynamic allocation:[0m
[0;32mI (1726) heap_init: At 3FFAE6E0 len 0000F480 (61 KiB): DRAM[0m
[0;32mI (1732) heap_init: At 3FFC8A98 len 00017568 (93 KiB): DRAM[0m
[0;32mI (1738) heap_init: At 3FFE0440 len 0001FBC0 (126 KiB): D/IRAM[0m
[0;32mI (1745) heap_init: At 40078000 len 00008000 (32 KiB): IRAM[0m
[0;32mI (1751) heap_init: At 4009E5C8 len 00001A38 (6 KiB): IRAM[0m
[0;32mI (1757) heap_init: At 3FF80000 len 00002000 (8 KiB): RTCRAM[0m
[0;32mI (1764) esp_psram: Adding pool of 4096K of PSRAM memory to heap allocator[0m
[0;32mI (1772) spi_flash: detected chip: generic[0m
[0;32mI (1776) spi_flash: flash io: dio[0m
[0;33mW (1780) i2c: This driver is an old driver, please migrate your application code to adapt `driver/i2c_master.h`[0m
[0;32mI (1802) coexist: coex firmware version: dab85ae96[0m
[0;32mI (1803) main_task: Started on CPU0[0m
[0;32mI (1803) esp_psram: Reserving pool of 32K of internal memory for DMA/internal allocations[0m
[0;32mI (1811) main_task: Calling app_main()[0m
[0;32mI (1832) bridge_common: esp-iot-bridge version: 0.11.8[0m
I (1834) wifi:wifi driver task: 3ffbd678, prio:23, stack:6656, core=0
I (1837) wifi:wifi firmware version: 0caa81945
I (1837) wifi:wifi certification version: v7.0
I (1842) wifi:config NVS flash: enabled
I (1845) wifi:config nano formating: disabled
I (1849) wifi:Init data frame dynamic rx buffer num: 32
I (1854) wifi:Init static rx mgmt buffer num: 5
I (1858) wifi:Init management short buffer num: 32
I (1863) wifi:Init static tx buffer num: 16
I (1867) wifi:Init tx cache buffer num: 32
I (1871) wifi:Init static rx buffer size: 1600
I (1875) wifi:Init static rx buffer num: 10
I (1878) wifi:Init dynamic rx buffer num: 32
[0;32mI (1884) wifi_init: accept mbox: 6[0m
[0;32mI (1887) wifi_init: tcpip mbox: 32[0m
[0;32mI (1891) wifi_init: udp mbox: 6[0m
[0;32mI (1894) wifi_init: tcp mbox: 6[0m
[0;32mI (1898) wifi_init: tcp tx win: 5760[0m
[0;32mI (1902) wifi_init: tcp rx win: 5760[0m
[0;32mI (1907) wifi_init: tcp mss: 1440[0m
[0;32mI (1911) wifi_init: WiFi IRAM OP enabled[0m
[0;32mI (1915) wifi_init: WiFi RX IRAM OP enabled[0m
[0;32mI (1921) phy_init: phy_version 4830,54550f7,Jun 20 2024,14:22:08[0m
I (1983) wifi:mode : null
I (1986) wifi:mode : softAP (08:a6:f7:11:51:a9)
I (1987) wifi:Total power save buffer number: 8
I (1988) wifi:Init max length of beacon: 752/752
I (1990) wifi:Init max length of beacon: 752/752
[0;32mI (1997) esp_netif_lwip: DHCP server started on interface WIFI_AP_DEF with IP: 192.168.4.1[0m
Add netif ap with d1ba481(commit id)
[0;32mI (2006) bridge_common: netif list add success[0m
[0;32mI (2013) bridge_common: [WIFI_AP_DEF ][0m
[0;32mI (2017) bridge_common: Set ip info:192.168.5.1[0m
[0;32mI (2021) bridge_wifi: SoftAP IP network segment has changed, deauth all station[0m
I (2031) wifi:Disabled PMF config for SoftAP
I (2034) wifi:Total power save buffer number: 8
[0;32mI (2040) esp_netif_lwip: DHCP server started on interface WIFI_AP_DEF with IP: 192.168.5.1[0m
[0;32mI (2046) bridge_common: [WIFI_AP_DEF ]Name Server1: 114.114.114.114[0m
[0;32mI (2053) bridge_common: DHCPS Restart, deauth all station[0m
Add netif sta with d1ba481(commit id)
[0;32mI (2062) bridge_common: netif list add success[0m
I (2068) wifi:mode : sta (08:a6:f7:11:51:a8) + softAP (08:a6:f7:11:51:a9)
I (2074) wifi:enable tsf
[0;31mE (2078) NVS: Failed to read IP info from NVS[0m
I (2082) wifi:Disabled PMF config for STA
[0;32mI (2085) bridge_wifi: [esp_bridge_wifi_set_config] sta ssid: Tran Con Dev password: password[0m
[0;32mI (2095) bridge_wifi: [esp_bridge_wifi_set_config] softap ssid: ESP_Bridge_1151a9 password: 12345678[0m
I (2277) wifi:Total power save buffer number: 8
[0;32mI (2281) esp_netif_lwip: DHCP server started on interface WIFI_AP_DEF with IP: 192.168.5.1[0m
[0;32mI (2283) bridge_wifi: SoftAP config changed, deauth all station[0m
[0;32mI (2287) Mesh-Lite: esp-mesh-lite component version: 1.0.0[0m
I (2293) ESPNOW: espnow [version: 1.0] init
[0;32mI (2297) [vendor_ie]: Mesh-Lite commit id: bc9302d
 [0m
[0;32mI (2303) [vendor_ie]: Mesh ID: 77 [0m
[0;32mI (2308) [ESP_Mesh_Lite_Comm]: msg action add success [0m
[0;32mI (2314) [ESP_Mesh_Lite_Comm]: Bind Socket 54, port 6364 [0m
[0;32mI (2318) [ESP_Mesh_Lite_Comm]: Bind Socket 55, port 6363 [0m
[0;32mI (2324) [ESP_Mesh_Lite_Comm]: Bind Socket 56, port 6366 [0m
[0;32mI (2330) [ESP_Mesh_Lite_Comm]: Bind Socket 57, port 6365 [0m
[0;32mI (2337) [mesh-lite-espnow]: Start espnow task [0m
[0;32mI (2343) Mesh-Lite: Mesh-Lite connecting[0m
[0;32mI (2349) [vendor_ie]: esp_mesh_lite_wifi_scan_start return ESP_OK [0m
[0;32mI (2353) gpio: GPIO[25]| InputEn: 1| OutputEn: 0| OpenDrain: 0| Pullup: 1| Pulldown: 0| Intr:2 [0m
[0;32mI (2363) cam_hal: cam init ok[0m
[0;32mI (2366) sccb: pin_sda 26 pin_scl 27[0m
[0;32mI (2370) sccb: sccb_i2c_port=1[0m
[0;32mI (2375) gpio: GPIO[32]| InputEn: 0| OutputEn: 1| OpenDrain: 0| Pullup: 0| Pulldown: 0| Intr:0 [0m
[0;32mI (2413) camera: Detected camera at address=0x30[0m
[0;32mI (2416) camera: Detected OV2640 camera[0m
[0;32mI (2416) camera: Camera PID=0x26 VER=0x42 MIDL=0x7f MIDH=0xa2[0m
[0;32mI (2481) cam_hal: buffer_size: 32768, half_buffer_size: 4096, node_bï¿½ets Jul 29 2019 12:21:46

rst:0x3 (SW_RESET),boot:0x13 (SPI_FAST_FLASH_BOOT)
configsip: 0, SPIWP:0xee
clk_drv:0x00,q_drv:0x00,d_drv:0x00,cs0_drv:0x00,hd_drv:0x00,wp_drv:0x00
mode:DIO, clock div:2
load:0x3fff0030,len:7168
load:0x40078000,len:15452
load:0x40080400,len:4
load:0x40080404,len:3684
entry 0x40080614
[0;32mI (169) boot: ESP-IDF v5.3-dirty 2nd stage bootloader[0m
[0;32mI (169) boot: compile time Aug 24 2024 21:55:52[0m
[0;33mW (169) boot: Unicore bootloader[0m
[0;32mI (174) boot: chip revision: v3.1[0m
[0;32mI (178) boot.esp32: SPI Speed      : 40MHz[0m
[0;32mI (183) boot.esp32: SPI Mode       : DIO[0m
[0;32mI (187) boot.esp32: SPI Flash Size : 4MB[0m
[0;32mI (192) boot: Enabling RNG early entropy source...[0m
[0;32mI (197) boot: Partition Table:[0m
[0;32mI (201) boot: ## Label            Usage          Type ST Offset   Length[0m
[0;32mI (208) boot:  0 nvs              WiFi data        01 02 00009000 00004000[0m
[0;32mI (216) boot:  1 otadata          OTA data         01 00 0000d000 00002000[0m
[0;32mI (224) boot:  2 phy_init         RF data          01 01 0000f000 00001000[0m
[0;32mI (231) boot:  3 ota_0            OTA app          00 10 00010000 001e0000[0m
[0;32mI (239) boot:  4 ota_1            OTA app          00 11 001f0000 001e0000[0m
[0;32mI (246) boot:  5 coredump         Unknown data     01 03 003d0000 00010000[0m
[0;32mI (254) boot:  6 reserved         Unknown data     01 fe 003e0000 00020000[0m
[0;32mI (261) boot: End of partition table[0m
[0;32mI (266) esp_image: segment 0: paddr=00010020 vaddr=3f400020 size=2fb7ch (195452) map[0m
[0;32mI (341) esp_image: segment 1: paddr=0003fba4 vaddr=3ffbdb60 size=00474h (  1140) load[0m
[0;32mI (342) esp_image: segment 2: paddr=00040020 vaddr=400d0020 size=c6430h (812080) map[0m
[0;32mI (625) esp_image: segment 3: paddr=00106458 vaddr=3ffbdfd4 size=05c28h ( 23592) load[0m
[0;32mI (634) esp_image: segment 4: paddr=0010c088 vaddr=40080000 size=1e5c8h (124360) load[0m
[0;32mI (698) boot: Loaded app from partition at offset 0x10000[0m
[0;32mI (699) boot: Disabling RNG early entropy source...[0m
[0;32mI (710) quad_psram: This chip is ESP32-D0WD[0m
[0;32mI (711) esp_psram: Found 8MB PSRAM device[0m
[0;32mI (711) esp_psram: Speed: 40MHz[0m
[0;32mI (714) esp_psram: PSRAM initialized, cache is in normal (1-core) mode.[0m
[0;33mW (722) esp_psram: Virtual address not enough for PSRAM, map as much as we can. 4MB is mapped[0m
[0;32mI (731) cpu_start: Unicore app[0m
[0;32mI (735) cpu_start: Single core mode[0m
[0;32mI (1664) esp_psram: SPI SRAM memory test OK[0m
[0;32mI (1672) cpu_start: Pro cpu start user code[0m
[0;32mI (1672) cpu_start: cpu freq: 240000000 Hz[0m
[0;32mI (1672) app_init: Application information:[0m
[0;32mI (1676) app_init: Project name:     mesh_local_control[0m
[0;32mI (1681) app_init: App version:      d1ba481-dirty[0m
[0;32mI (1687) app_init: Compile time:     Aug 25 2024 14:40:31[0m
[0;32mI (1693) app_init: ELF file SHA256:  25ea4c084...[0m
[0;32mI (1698) app_init: ESP-IDF:          v5.3-dirty[0m
[0;32mI (1704) efuse_init: Min chip rev:     v0.0[0m
[0;32mI (1708) efuse_init: Max chip rev:     v3.99 [0m
[0;32mI (1713) efuse_init: Chip rev:         v3.1[0m
[0;32mI (1719) heap_init: Initializing. RAM available for dynamic allocation:[0m
[0;32mI (1726) heap_init: At 3FFAE6E0 len 0000F480 (61 KiB): DRAM[0m
[0;32mI (1732) heap_init: At 3FFC8A98 len 00017568 (93 KiB): DRAM[0m
[0;32mI (1738) heap_init: At 3FFE0440 len 0001FBC0 (126 KiB): D/IRAM[0m
[0;32mI (1745) heap_init: At 40078000 len 00008000 (32 KiB): IRAM[0m
[0;32mI (1751) heap_init: At 4009E5C8 len 00001A38 (6 KiB): IRAM[0m
[0;32mI (1757) heap_init: At 3FF80000 len 00002000 (8 KiB): RTCRAM[0m
[0;32mI (1764) esp_psram: Adding pool of 4096K of PSRAM memory to heap allocator[0m
[0;32mI (1772) spi_flash: detected chip: generic[0m
[0;32mI (1776) spi_flash: flash io: dio[0m
[0;33mW (1780) i2c: This driver is an old driver, please migrate your application code to adapt `driver/i2c_master.h`[0m
[0;32mI (1802) coexist: coex firmware version: dab85ae96[0m
[0;32mI (1803) main_task: Started on CPU0[0m
[0;32mI (1803) esp_psram: Reserving pool of 32K of internal memory for DMA/internal allocations[0m
[0;32mI (1811) main_task: Calling app_main()[0m
[0;32mI (1832) bridge_common: esp-iot-bridge version: 0.11.8[0m
I (1834) wifi:wifi driver task: 3ffbd678, prio:23, stack:6656, core=0
I (1837) wifi:wifi firmware version: 0caa81945
I (1837) wifi:wifi certification version: v7.0
I (1842) wifi:config NVS flash: enabled
I (1845) wifi:config nano formating: disabled
I (1849) wifi:Init data frame dynamic rx buffer num: 32
I (1854) wifi:Init static rx mgmt buffer num: 5
I (1858) wifi:Init management short buffer num: 32
I (1863) wifi:Init static tx buffer num: 16
I (1867) wifi:Init tx cache buffer num: 32
I (1871) wifi:Init static rx buffer size: 1600
I (1875) wifi:Init static rx buffer num: 10
I (1878) wifi:Init dynamic rx buffer num: 32
[0;32mI (1884) wifi_init: accept mbox: 6[0m
[0;32mI (1887) wifi_init: tcpip mbox: 32[0m
[0;32mI (1891) wifi_init: udp mbox: 6[0m
[0;32mI (1894) wifi_init: tcp mbox: 6[0m
[0;32mI (1898) wifi_init: tcp tx win: 5760[0m
[0;32mI (1902) wifi_init: tcp rx win: 5760[0m
[0;32mI (1907) wifi_init: tcp mss: 1440[0m
[0;32mI (1911) wifi_init: WiFi IRAM OP enabled[0m
[0;32mI (1915) wifi_init: WiFi RX IRAM OP enabled[0m
[0;32mI (1921) phy_init: phy_version 4830,54550f7,Jun 20 2024,14:22:08[0m
I (1983) wifi:mode : null
I (1986) wifi:mode : softAP (08:a6:f7:11:51:a9)
I (1988) wifi:Total power save buffer number: 8
I (1988) wifi:Init max length of beacon: 752/752
I (1991) wifi:Init max length of beacon: 752/752
[0;32mI (1997) esp_netif_lwip: DHCP server started on interface WIFI_AP_DEF with IP: 192.168.4.1[0m
Add netif ap with d1ba481(commit id)
[0;32mI (2007) bridge_common: netif list add success[0m
[0;32mI (2013) bridge_common: [WIFI_AP_DEF ][0m
[0;32mI (2017) bridge_common: Set ip info:192.168.5.1[0m
[0;32mI (2022) bridge_wifi: SoftAP IP network segment has changed, deauth all station[0m
I (2031) wifi:Disabled PMF config for SoftAP
I (2034) wifi:Total power save buffer number: 8
[0;32mI (2040) esp_netif_lwip: DHCP server started on interface WIFI_AP_DEF with IP: 192.168.5.1[0m
[0;32mI (2047) bridge_common: [WIFI_AP_DEF ]Name Server1: 114.114.114.114[0m
[0;32mI (2053) bridge_common: DHCPS Restart, deauth all station[0m
Add netif sta with d1ba481(commit id)
[0;32mI (2063) bridge_common: netif list add success[0m
I (2068) wifi:mode : sta (08:a6:f7:11:51:a8) + softAP (08:a6:f7:11:51:a9)
I (2075) wifi:enable tsf
[0;31mE (2078) NVS: Failed to read IP info from NVS[0m
I (2082) wifi:Disabled PMF config for STA
[0;32mI (2085) bridge_wifi: [esp_bridge_wifi_set_config] sta ssid: Tran Con Dev password: password[0m
[0;32mI (2095) bridge_wifi: [esp_bridge_wifi_set_config] softap ssid: ESP_Bridge_1151a9 password: 12345678[0m
I (2278) wifi:Total power save buffer number: 8
[0;32mI (2282) esp_netif_lwip: DHCP server started on interface WIFI_AP_DEF with IP: 192.168.5.1[0m
[0;32mI (2283) bridge_wifi: SoftAP config changed, deauth all station[0m
[0;32mI (2287) Mesh-Lite: esp-mesh-lite component version: 1.0.0[0m
I (2293) ESPNOW: espnow [version: 1.0] init
[0;32mI (2297) [vendor_ie]: Mesh-Lite commit id: bc9302d
 [0m
[0;32mI (2303) [vendor_ie]: Mesh ID: 77 [0m
[0;32mI (2309) [ESP_Mesh_Lite_Comm]: msg action add success [0m
[0;32mI (2314) [ESP_Mesh_Lite_Comm]: Bind Socket 54, port 6364 [0m
[0;32mI (2319) [ESP_Mesh_Lite_Comm]: Bind Socket 55, port 6363 [0m
[0;32mI (2325) [ESP_Mesh_Lite_Comm]: Bind Socket 56, port 6366 [0m
[0;32mI (2331) [ESP_Mesh_Lite_Comm]: Bind Socket 57, port 6365 [0m
[0;32mI (2337) [mesh-lite-espnow]: Start espnow task [0m
[0;32mI (2343) Mesh-Lite: Mesh-Lite connecting[0m
[0;32mI (2349) [vendor_ie]: esp_mesh_lite_wifi_scan_start return ESP_OK [0m
[0;32mI (2354) gpio: GPIO[25]| InputEn: 1| OutputEn: 0| OpenDrain: 0| Pullup: 1| Pulldown: 0| Intr:2 [0m
[0;32mI (2363) cam_hal: cam init ok[0m
[0;32mI (2367) sccb: pin_sda 26 pin_scl 27[0m
[0;32mI (2370) sccb: sccb_i2c_port=1[0m
[0;32mI (2375) gpio: GPIO[32]| InputEn: 0| OutputEn: 1| OpenDrain: 0| Pullup: 0| Pulldown: 0| Intr:0 [0m
[0;32mI (2413) camera: Detected camera at address=0x30[0m
[0;32mI (2415) camera: Detected OV2640 camera[0m
[0;32mI (2416) camera: Camera PID=0x26 VER=0x42 MIDL=0x7f MIDH=0xa2[0m
[0;32mI (2481) cam_hal: buffer_size: 32768, half_buffer_size: 4096, node_bufï¿½ets Jul 29 2019 12:21:46

rst:0x3 (SW_RESET),boot:0x13 (SPI_FAST_FLASH_BOOT)
configsip: 0, SPIWP:0xee
clk_drv:0x00,q_drv:0x00,d_drv:0x00,cs0_drv:0x00,hd_drv:0x00,wp_drv:0x00
mode:DIO, clock div:2
load:0x3fff0030,len:7168
load:0x40078000,len:15452
load:0x40080400,len:4
load:0x40080404,len:3684
entry 0x40080614
[0;32mI (169) boot: ESP-IDF v5.3-dirty 2nd stage bootloader[0m
[0;32mI (169) boot: compile time Aug 24 2024 21:55:52[0m
[0;33mW (169) boot: Unicore bootloader[0m
[0;32mI (174) boot: chip revision: v3.1[0m
[0;32mI (178) boot.esp32: SPI Speed      : 40MHz[0m
[0;32mI (183) boot.esp32: SPI Mode       : DIO[0m
[0;32mI (187) boot.esp32: SPI Flash Size : 4MB[0m
[0;32mI (192) boot: Enabling RNG early entropy source...[0m
[0;32mI (197) boot: Partition Table:[0m
[0;32mI (201) boot: ## Label            Usage          Type ST Offset   Length[0m
[0;32mI (208) boot:  0 nvs              WiFi data        01 02 00009000 00004000[0m
[0;32mI (216) boot:  1 otadata          OTA data         01 00 0000d000 00002000[0m
[0;32mI (224) boot:  2 phy_init         RF data          01 01 0000f000 00001000[0m
[0;32mI (231) boot:  3 ota_0            OTA app          00 10 00010000 001e0000[0m
[0;32mI (239) boot:  4 ota_1            OTA app          00 11 001f0000 001e0000[0m
[0;32mI (246) boot:  5 coredump         Unknown data     01 03 003d0000 00010000[0m
[0;32mI (254) boot:  6 reserved         Unknown data     01 fe 003e0000 00020000[0m
[0;32mI (261) boot: End of partition table[0m
[0;32mI (266) esp_image: segment 0: paddr=00010020 vaddr=3f400020 size=2fb7ch (195452) map[0m
[0;32mI (341) esp_image: segment 1: paddr=0003fba4 vaddr=3ffbdb60 size=00474h (  1140) load[0m
[0;32mI (342) esp_image: segment 2: paddr=00040020 vaddr=400d0020 size=c6430h (812080) map[0m
[0;32mI (625) esp_image: segment 3: paddr=00106458 vaddr=3ffbdfd4 size=05c28h ( 23592) load[0m
[0;32mI (634) esp_image: segment 4: paddr=0010c088 vaddr=40080000 size=1e5c8h (124360) load[0m
[0;32mI (698) boot: Loaded app from partition at offset 0x10000[0m
[0;32mI (699) boot: Disabling RNG early entropy source...[0m
[0;32mI (710) quad_psram: This chip is ESP32-D0WD[0m
[0;32mI (711) esp_psram: Found 8MB PSRAM device[0m
[0;32mI (711) esp_psram: Speed: 40MHz[0m
[0;32mI (714) esp_psram: PSRAM initialized, cache is in normal (1-core) mode.[0m
[0;33mW (722) esp_psram: Virtual address not enough for PSRAM, map as much as we can. 4MB is mapped[0m
[0;32mI (731) cpu_start: Unicore app[0m
[0;32mI (735) cpu_start: Single core mode[0m
[0;32mI (1664) esp_psram: SPI SRAM memory test OK[0m
[0;32mI (1672) cpu_start: Pro cpu start user code[0m
[0;32mI (1672) cpu_start: cpu freq: 240000000 Hz[0m
[0;32mI (1672) app_init: Application information:[0m
[0;32mI (1676) app_init: Project name:     mesh_local_control[0m
[0;32mI (1681) app_init: App version:      d1ba481-dirty[0m
[0;32mI (1687) app_init: Compile time:     Aug 25 2024 14:40:31[0m
[0;32mI (1693) app_init: ELF file SHA256:  25ea4c084...[0m
[0;32mI (1698) app_init: ESP-IDF:          v5.3-dirty[0m
[0;32mI (1704) efuse_init: Min chip rev:     v0.0[0m
[0;32mI (1708) efuse_init: Max chip rev:     v3.99 [0m
[0;32mI (1713) efuse_init: Chip rev:         v3.1[0m
[0;32mI (1719) heap_init: Initializing. RAM available for dynamic allocation:[0m
[0;32mI (1726) heap_init: At 3FFAE6E0 len 0000F480 (61 KiB): DRAM[0m
[0;32mI (1732) heap_init: At 3FFC8A98 len 00017568 (93 KiB): DRAM[0m
[0;32mI (1738) heap_init: At 3FFE0440 len 0001FBC0 (126 KiB): D/IRAM[0m
[0;32mI (1745) heap_init: At 40078000 len 00008000 (32 KiB): IRAM[0m
[0;32mI (1751) heap_init: At 4009E5C8 len 00001A38 (6 KiB): IRAM[0m
[0;32mI (1757) heap_init: At 3FF80000 len 00002000 (8 KiB): RTCRAM[0m
[0;32mI (1764) esp_psram: Adding pool of 4096K of PSRAM memory to heap allocator[0m
[0;32mI (1772) spi_flash: detected chip: generic[0m
[0;32mI (1776) spi_flash: flash io: dio[0m
[0;33mW (1780) i2c: This driver is an old driver, please migrate your application code to adapt `driver/i2c_master.h`[0m
[0;32mI (1802) coexist: coex firmware version: dab85ae96[0m
[0;32mI (1803) main_task: Started on CPU0[0m
[0;32mI (1803) esp_psram: Reserving pool of 32K of internal memory for DMA/internal allocations[0m
[0;32mI (1811) main_task: Calling app_main()[0m
[0;32mI (1832) bridge_common: esp-iot-bridge version: 0.11.8[0m
I (1834) wifi:wifi driver task: 3ffbd678, prio:23, stack:6656, core=0
I (1837) wifi:wifi firmware version: 0caa81945
I (1837) wifi:wifi certification version: v7.0
I (1842) wifi:config NVS flash: enabled
I (1845) wifi:config nano formating: disabled
I (1849) wifi:Init data frame dynamic rx buffer num: 32
I (1854) wifi:Init static rx mgmt buffer num: 5
I (1858) wifi:Init management short buffer num: 32
I (1863) wifi:Init static tx buffer num: 16
I (1867) wifi:Init tx cache buffer num: 32
I (1871) wifi:Init static rx buffer size: 1600
I (1875) wifi:Init static rx buffer num: 10
I (1878) wifi:Init dynamic rx buffer num: 32
[0;32mI (1884) wifi_init: accept mbox: 6[0m
[0;32mI (1887) wifi_init: tcpip mbox: 32[0m
[0;32mI (1891) wifi_init: udp mbox: 6[0m
[0;32mI (1894) wifi_init: tcp mbox: 6[0m
[0;32mI (1898) wifi_init: tcp tx win: 5760[0m
[0;32mI (1902) wifi_init: tcp rx win: 5760[0m
[0;32mI (1907) wifi_init: tcp mss: 1440[0m
[0;32mI (1911) wifi_init: WiFi IRAM OP enabled[0m
[0;32mI (1915) wifi_init: WiFi RX IRAM OP enabled[0m
[0;32mI (1921) phy_init: phy_version 4830,54550f7,Jun 20 2024,14:22:08[0m
I (1983) wifi:mode : null
I (1986) wifi:mode : softAP (08:a6:f7:11:51:a9)
I (1988) wifi:Total power save buffer number: 8
I (1988) wifi:Init max length of beacon: 752/752
I (1991) wifi:Init max length of beacon: 752/752
[0;32mI (1997) esp_netif_lwip: DHCP server started on interface WIFI_AP_DEF with IP: 192.168.4.1[0m
Add netif ap with d1ba481(commit id)
[0;32mI (2007) bridge_common: netif list add success[0m
[0;32mI (2013) bridge_common: [WIFI_AP_DEF ][0m
[0;32mI (2018) bridge_common: Set ip info:192.168.5.1[0m
[0;32mI (2022) bridge_wifi: SoftAP IP network segment has changed, deauth all station[0m
I (2032) wifi:Disabled PMF config for SoftAP
I (2034) wifi:Total power save buffer number: 8
[0;32mI (2041) esp_netif_lwip: DHCP server started on interface WIFI_AP_DEF with IP: 192.168.5.1[0m
[0;32mI (2047) bridge_common: [WIFI_AP_DEF ]Name Server1: 114.114.114.114[0m
[0;32mI (2053) bridge_common: DHCPS Restart, deauth all station[0m
Add netif sta with d1ba481(commit id)
[0;32mI (2063) bridge_common: netif list add success[0m
I (2069) wifi:mode : sta (08:a6:f7:11:51:a8) + softAP (08:a6:f7:11:51:a9)
I (2075) wifi:enable tsf
[0;31mE (2078) NVS: Failed to read IP info from NVS[0m
I (2082) wifi:Disabled PMF config for STA
[0;32mI (2085) bridge_wifi: [esp_bridge_wifi_set_config] sta ssid: Tran Con Dev password: password[0m
[0;32mI (2095) bridge_wifi: [esp_bridge_wifi_set_config] softap ssid: ESP_Bridge_1151a9 password: 12345678[0m
I (2278) wifi:Total power save buffer number: 8
[0;32mI (2282) esp_netif_lwip: DHCP server started on interface WIFI_AP_DEF with IP: 192.168.5.1[0m
[0;32mI (2283) bridge_wifi: SoftAP config changed, deauth all station[0m
[0;32mI (2287) Mesh-Lite: esp-mesh-lite component version: 1.0.0[0m
I (2294) ESPNOW: espnow [version: 1.0] init
[0;32mI (2297) [vendor_ie]: Mesh-Lite commit id: bc9302d
 [0m
[0;32mI (2304) [vendor_ie]: Mesh ID: 77 [0m
[0;32mI (2309) [ESP_Mesh_Lite_Comm]: msg action add success [0m
[0;32mI (2315) [ESP_Mesh_Lite_Comm]: Bind Socket 54, port 6364 [0m
[0;32mI (2319) [ESP_Mesh_Lite_Comm]: Bind Socket 55, port 6363 [0m
[0;32mI (2325) [ESP_Mesh_Lite_Comm]: Bind Socket 56, port 6366 [0m
[0;32mI (2331) [ESP_Mesh_Lite_Comm]: Bind Socket 57, port 6365 [0m
[0;32mI (2338) [mesh-lite-espnow]: Start espnow task [0m
[0;32mI (2343) Mesh-Lite: Mesh-Lite connecting[0m
[0;32mI (2349) [vendor_ie]: esp_mesh_lite_wifi_scan_start return ESP_OK [0m
[0;32mI (2354) gpio: GPIO[25]| InputEn: 1| OutputEn: 0| OpenDrain: 0| Pullup: 1| Pulldown: 0| Intr:2 [0m
[0;32mI (2364) cam_hal: cam init ok[0m
[0;32mI (2367) sccb: pin_sda 26 pin_scl 27[0m
[0;32mI (2370) sccb: sccb_i2c_port=1[0m
[0;32mI (2375) gpio: GPIO[32]| InputEn: 0| OutputEn: 1| OpenDrain: 0| Pullup: 0| Pulldown: 0| Intr:0 [0m
[0;32mI (2413) camera: Detected camera at address=0x30[0m
[0;32mI (2415) camera: Detected OV2640 camera[0m
[0;32mI (2416) camera: Camera PID=0x26 VER=0x42 MIDL=0x7f MIDH=0xa2[0m
[0;32mI (2481) cam_hal: buffer_size: 32768, half_buffer_size: 4096, node_bufferï¿½ets Jul 29 2019 12:21:46

rst:0x3 (SW_RESET),boot:0x13 (SPI_FAST_FLASH_BOOT)
configsip: 0, SPIWP:0xee
clk_drv:0x00,q_drv:0x00,d_drv:0x00,cs0_drv:0x00,hd_drv:0x00,wp_drv:0x00
mode:DIO, clock div:2
load:0x3fff0030,len:7168
load:0x40078000,len:15452
load:0x40080400,len:4
load:0x40080404,len:3684
entry 0x40080614
[0;32mI (169) boot: ESP-IDF v5.3-dirty 2nd stage bootloader[0m
[0;32mI (169) boot: compile time Aug 24 2024 21:55:52[0m
[0;33mW (169) boot: Unicore bootloader[0m
[0;32mI (174) boot: chip revision: v3.1[0m
[0;32mI (178) boot.esp32: SPI Speed      : 40MHz[0m
[0;32mI (183) boot.esp32: SPI Mode       : DIO[0m
[0;32mI (187) boot.esp32: SPI Flash Size : 4MB[0m
[0;32mI (192) boot: Enabling RNG early entropy source...[0m
[0;32mI (197) boot: Partition Table:[0m
[0;32mI (201) boot: ## Label            Usage          Type ST Offset   Length[0m
[0;32mI (208) boot:  0 nvs              WiFi data        01 02 00009000 00004000[0m
[0;32mI (216) boot:  1 otadata          OTA data         01 00 0000d000 00002000[0m
[0;32mI (224) boot:  2 phy_init         RF data          01 01 0000f000 00001000[0m
[0;32mI (231) boot:  3 ota_0            OTA app          00 10 00010000 001e0000[0m
[0;32mI (239) boot:  4 ota_1            OTA app          00 11 001f0000 001e0000[0m
[0;32mI (246) boot:  5 coredump         Unknown data     01 03 003d0000 00010000[0m
[0;32mI (254) boot:  6 reserved         Unknown data     01 fe 003e0000 00020000[0m
[0;32mI (261) boot: End of partition table[0m
[0;32mI (266) esp_image: segment 0: paddr=00010020 vaddr=3f400020 size=2fb7ch (195452) map[0m
[0;32mI (341) esp_image: segment 1: paddr=0003fba4 vaddr=3ffbdb60 size=00474h (  1140) load[0m
[0;32mI (342) esp_image: segment 2: paddr=00040020 vaddr=400d0020 size=c6430h (812080) map[0m
[0;32mI (625) esp_image: segment 3: paddr=00106458 vaddr=3ffbdfd4 size=05c28h ( 23592) load[0m
[0;32mI (634) esp_image: segment 4: paddr=0010c088 vaddr=40080000 size=1e5c8h (124360) load[0m
[0;32mI (698) boot: Loaded app from partition at offset 0x10000[0m
[0;32mI (699) boot: Disabling RNG early entropy source...[0m
[0;32mI (710) quad_psram: This chip is ESP32-D0WD[0m
[0;32mI (711) esp_psram: Found 8MB PSRAM device[0m
[0;32mI (711) esp_psram: Speed: 40MHz[0m
[0;32mI (714) esp_psram: PSRAM initialized, cache is in normal (1-core) mode.[0m
[0;33mW (722) esp_psram: Virtual address not enough for PSRAM, map as much as we can. 4MB is mapped[0m
[0;32mI (731) cpu_start: Unicore app[0m
[0;32mI (735) cpu_start: Single core mode[0m
[0;32mI (1664) esp_psram: SPI SRAM memory test OK[0m
[0;32mI (1672) cpu_start: Pro cpu start user code[0m
[0;32mI (1672) cpu_start: cpu freq: 240000000 Hz[0m
[0;32mI (1672) app_init: Application information:[0m
[0;32mI (1676) app_init: Project name:     mesh_local_control[0m
[0;32mI (1681) app_init: App version:      d1ba481-dirty[0m
[0;32mI (1687) app_init: Compile time:     Aug 25 2024 14:40:31[0m
[0;32mI (1693) app_init: ELF file SHA256:  25ea4c084...[0m
[0;32mI (1698) app_init: ESP-IDF:          v5.3-dirty[0m
[0;32mI (1704) efuse_init: Min chip rev:     v0.0[0m
[0;32mI (1708) efuse_init: Max chip rev:     v3.99 [0m
[0;32mI (1714) efuse_init: Chip rev:         v3.1[0m
[0;32mI (1719) heap_init: Initializing. RAM available for dynamic allocation:[0m
[0;32mI (1726) heap_init: At 3FFAE6E0 len 0000F480 (61 KiB): DRAM[0m
[0;32mI (1732) heap_init: At 3FFC8A98 len 00017568 (93 KiB): DRAM[0m
[0;32mI (1738) heap_init: At 3FFE0440 len 0001FBC0 (126 KiB): D/IRAM[0m
[0;32mI (1745) heap_init: At 40078000 len 00008000 (32 KiB): IRAM[0m
[0;32mI (1751) heap_init: At 4009E5C8 len 00001A38 (6 KiB): IRAM[0m
[0;32mI (1757) heap_init: At 3FF80000 len 00002000 (8 KiB): RTCRAM[0m
[0;32mI (1764) esp_psram: Adding pool of 4096K of PSRAM memory to heap allocator[0m
[0;32mI (1772) spi_flash: detected chip: generic[0m
[0;32mI (1776) spi_flash: flash io: dio[0m
[0;33mW (1780) i2c: This driver is an old driver, please migrate your application code to adapt `driver/i2c_master.h`[0m
[0;32mI (1802) coexist: coex firmware version: dab85ae96[0m
[0;32mI (1803) main_task: Started on CPU0[0m
[0;32mI (1803) esp_psram: Reserving pool of 32K of internal memory for DMA/internal allocations[0m
[0;32mI (1811) main_task: Calling app_main()[0m
[0;32mI (1832) bridge_common: esp-iot-bridge version: 0.11.8[0m
I (1834) wifi:wifi driver task: 3ffbd678, prio:23, stack:6656, core=0
I (1837) wifi:wifi firmware version: 0caa81945
I (1837) wifi:wifi certification version: v7.0
I (1842) wifi:config NVS flash: enabled
I (1845) wifi:config nano formating: disabled
I (1849) wifi:Init data frame dynamic rx buffer num: 32
I (1854) wifi:Init static rx mgmt buffer num: 5
I (1858) wifi:Init management short buffer num: 32
I (1863) wifi:Init static tx buffer num: 16
I (1867) wifi:Init tx cache buffer num: 32
I (1871) wifi:Init static rx buffer size: 1600
I (1875) wifi:Init static rx buffer num: 10
I (1878) wifi:Init dynamic rx buffer num: 32
[0;32mI (1884) wifi_init: accept mbox: 6[0m
[0;32mI (1887) wifi_init: tcpip mbox: 32[0m
[0;32mI (1891) wifi_init: udp mbox: 6[0m
[0;32mI (1894) wifi_init: tcp mbox: 6[0m
[0;32mI (1898) wifi_init: tcp tx win: 5760[0m
[0;32mI (1902) wifi_init: tcp rx win: 5760[0m
[0;32mI (1907) wifi_init: tcp mss: 1440[0m
[0;32mI (1911) wifi_init: WiFi IRAM OP enabled[0m
[0;32mI (1915) wifi_init: WiFi RX IRAM OP enabled[0m
[0;32mI (1921) phy_init: phy_version 4830,54550f7,Jun 20 2024,14:22:08[0m
I (1983) wifi:mode : null
I (1986) wifi:mode : softAP (08:a6:f7:11:51:a9)
I (1988) wifi:Total power save buffer number: 8
I (1988) wifi:Init max length of beacon: 752/752
I (1991) wifi:Init max length of beacon: 752/752
[0;32mI (1998) esp_netif_lwip: DHCP server started on interface WIFI_AP_DEF with IP: 192.168.4.1[0m
Add netif ap with d1ba481(commit id)
[0;32mI (2007) bridge_common: netif list add success[0m
[0;32mI (2013) bridge_common: [WIFI_AP_DEF ][0m
[0;32mI (2018) bridge_common: Set ip info:192.168.5.1[0m
[0;32mI (2022) bridge_wifi: SoftAP IP network segment has changed, deauth all station[0m
I (2032) wifi:Disabled PMF config for SoftAP
I (2034) wifi:Total power save buffer number: 8
[0;32mI (2041) esp_netif_lwip: DHCP server started on interface WIFI_AP_DEF with IP: 192.168.5.1[0m
[0;32mI (2047) bridge_common: [WIFI_AP_DEF ]Name Server1: 114.114.114.114[0m
[0;32mI (2053) bridge_common: DHCPS Restart, deauth all station[0m
Add netif sta with d1ba481(commit id)
[0;32mI (2063) bridge_common: netif list add success[0m
I (2069) wifi:mode : sta (08:a6:f7:11:51:a8) + softAP (08:a6:f7:11:51:a9)
I (2075) wifi:enable tsf
[0;31mE (2079) NVS: Failed to read IP info from NVS[0m
I (2082) wifi:Disabled PMF config for STA
[0;32mI (2085) bridge_wifi: [esp_bridge_wifi_set_config] sta ssid: Tran Con Dev password: password[0m
[0;32mI (2095) bridge_wifi: [esp_bridge_wifi_set_config] softap ssid: ESP_Bridge_1151a9 password: 12345678[0m
I (2278) wifi:Total power save buffer number: 8
[0;32mI (2282) esp_netif_lwip: DHCP server started on interface WIFI_AP_DEF with IP: 192.168.5.1[0m
[0;32mI (2283) bridge_wifi: SoftAP config changed, deauth all station[0m
[0;32mI (2287) Mesh-Lite: esp-mesh-lite component version: 1.0.0[0m
I (2294) ESPNOW: espnow [version: 1.0] init
[0;32mI (2297) [vendor_ie]: Mesh-Lite commit id: bc9302d
 [0m
[0;32mI (2304) [vendor_ie]: Mesh ID: 77 [0m
[0;32mI (2309) [ESP_Mesh_Lite_Comm]: msg action add success [0m
[0;32mI (2315) [ESP_Mesh_Lite_Comm]: Bind Socket 54, port 6364 [0m
[0;32mI (2319) [ESP_Mesh_Lite_Comm]: Bind Socket 55, port 6363 [0m
[0;32mI (2325) [ESP_Mesh_Lite_Comm]: Bind Socket 56, port 6366 [0m
[0;32mI (2331) [ESP_Mesh_Lite_Comm]: Bind Socket 57, port 6365 [0m
[0;32mI (2338) [mesh-lite-espnow]: Start espnow task [0m
[0;32mI (2343) Mesh-Lite: Mesh-Lite connecting[0m
[0;32mI (2349) [vendor_ie]: esp_mesh_lite_wifi_scan_start return ESP_OK [0m
[0;32mI (2354) gpio: GPIO[25]| InputEn: 1| OutputEn: 0| OpenDrain: 0| Pullup: 1| Pulldown: 0| Intr:2 [0m
[0;32mI (2364) cam_hal: cam init ok[0m
[0;32mI (2367) sccb: pin_sda 26 pin_scl 27[0m
[0;32mI (2370) sccb: sccb_i2c_port=1[0m
[0;32mI (2375) gpio: GPIO[32]| InputEn: 0| OutputEn: 1| OpenDrain: 0| Pullup: 0| Pulldown: 0| Intr:0 [0m
[0;32mI (2414) camera: Detected camera at address=0x30[0m
[0;32mI (2416) camera: Detected OV2640 camera[0m
[0;32mI (2417) camera: Camera PID=0x26 VER=0x42 MIDL=0x7f MIDH=0xa2[0m
[0;32mI (2482) cam_hal: buffer_size: 32768, half_buffer_size: 4096,ï¿½ets Jul 29 2019 12:21:46

rst:0x3 (SW_RESET),boot:0x13 (SPI_FAST_FLASH_BOOT)
configsip: 0, SPIWP:0xee
clk_drv:0x00,q_drv:0x00,d_drv:0x00,cs0_drv:0x00,hd_drv:0x00,wp_drv:0x00
mode:DIO, clock div:2
load:0x3fff0030,len:7168
load:0x40078000,len:15452
load:0x40080400,len:4
load:0x40080404,len:3684
entry 0x40080614
[0;32mI (169) boot: ESP-IDF v5.3-dirty 2nd stage bootloader[0m
[0;32mI (169) boot: compile time Aug 24 2024 21:55:52[0m
[0;33mW (169) boot: Unicore bootloader[0m
[0;32mI (174) boot: chip revision: v3.1[0m
[0;32mI (178) boot.esp32: SPI Speed      : 40MHz[0m
[0;32mI (183) boot.esp32: SPI Mode       : DIO[0m
[0;32mI (187) boot.esp32: SPI Flash Size : 4MB[0m
[0;32mI (192) boot: Enabling RNG early entropy source...[0m
[0;32mI (197) boot: Partition Table:[0m
[0;32mI (201) boot: ## Label            Usage          Type ST Offset   Length[0m
[0;32mI (208) boot:  0 nvs              WiFi data        01 02 00009000 00004000[0m
[0;32mI (216) boot:  1 otadata          OTA data         01 00 0000d000 00002000[0m
[0;32mI (224) boot:  2 phy_init         RF data          01 01 0000f000 00001000[0m
[0;32mI (231) boot:  3 ota_0            OTA app          00 10 00010000 001e0000[0m
[0;32mI (239) boot:  4 ota_1            OTA app          00 11 001f0000 001e0000[0m
[0;32mI (246) boot:  5 coredump         Unknown data     01 03 003d0000 00010000[0m
[0;32mI (254) boot:  6 reserved         Unknown data     01 fe 003e0000 00020000[0m
[0;32mI (261) boot: End of partition table[0m
[0;32mI (266) esp_image: segment 0: paddr=00010020 vaddr=3f400020 size=2fb7ch (195452) map[0m
[0;32mI (341) esp_image: segment 1: paddr=0003fba4 vaddr=3ffbdb60 size=00474h (  1140) load[0m
[0;32mI (342) esp_image: segment 2: paddr=00040020 vaddr=400d0020 size=c6430h (812080) map[0m
[0;32mI (625) esp_image: segment 3: paddr=00106458 vaddr=3ffbdfd4 size=05c28h ( 23592) load[0m
[0;32mI (634) esp_image: segment 4: paddr=0010c088 vaddr=40080000 size=1e5c8h (124360) load[0m
[0;32mI (698) boot: Loaded app from partition at offset 0x10000[0m
[0;32mI (699) boot: Disabling RNG early entropy source...[0m
[0;32mI (710) quad_psram: This chip is ESP32-D0WD[0m
[0;32mI (711) esp_psram: Found 8MB PSRAM device[0m
[0;32mI (711) esp_psram: Speed: 40MHz[0m
[0;32mI (714) esp_psram: PSRAM initialized, cache is in normal (1-core) mode.[0m
[0;33mW (722) esp_psram: Virtual address not enough for PSRAM, map as much as we can. 4MB is mapped[0m
[0;32mI (731) cpu_start: Unicore app[0m
[0;32mI (735) cpu_start: Single core mode[0m
[0;32mI (1664) esp_psram: SPI SRAM memory test OK[0m
[0;32mI (1672) cpu_start: Pro cpu start user code[0m
[0;32mI (1672) cpu_start: cpu freq: 240000000 Hz[0m
[0;32mI (1672) app_init: Application information:[0m
[0;32mI (1676) app_init: Project name:     mesh_local_control[0m
[0;32mI (1681) app_init: App version:      d1ba481-dirty[0m
[0;32mI (1687) app_init: Compile time:     Aug 25 2024 14:40:31[0m
[0;32mI (1693) app_init: ELF file SHA256:  25ea4c084...[0m
[0;32mI (1698) app_init: ESP-IDF:          v5.3-dirty[0m
[0;32mI (1704) efuse_init: Min chip rev:     v0.0[0m
[0;32mI (1708) efuse_init: Max chip rev:     v3.99 [0m
[0;32mI (1713) efuse_init: Chip rev:         v3.1[0m
[0;32mI (1719) heap_init: Initializing. RAM available for dynamic allocation:[0m
[0;32mI (1726) heap_init: At 3FFAE6E0 len 0000F480 (61 KiB): DRAM[0m
[0;32mI (1732) heap_init: At 3FFC8A98 len 00017568 (93 KiB): DRAM[0m
[0;32mI (1738) heap_init: At 3FFE0440 len 0001FBC0 (126 KiB): D/IRAM[0m
[0;32mI (1745) heap_init: At 40078000 len 00008000 (32 KiB): IRAM[0m
[0;32mI (1751) heap_init: At 4009E5C8 len 00001A38 (6 KiB): IRAM[0m
[0;32mI (1757) heap_init: At 3FF80000 len 00002000 (8 KiB): RTCRAM[0m
[0;32mI (1764) esp_psram: Adding pool of 4096K of PSRAM memory to heap allocator[0m
[0;32mI (1772) spi_flash: detected chip: generic[0m
[0;32mI (1776) spi_flash: flash io: dio[0m
[0;33mW (1780) i2c: This driver is an old driver, please migrate your application code to adapt `driver/i2c_master.h`[0m
[0;32mI (1802) coexist: coex firmware version: dab85ae96[0m
[0;32mI (1803) main_task: Started on CPU0[0m
[0;32mI (1803) esp_psram: Reserving pool of 32K of internal memory for DMA/internal allocations[0m
[0;32mI (1811) main_task: Calling app_main()[0m
[0;32mI (1832) bridge_common: esp-iot-bridge version: 0.11.8[0m
I (1834) wifi:wifi driver task: 3ffbd678, prio:23, stack:6656, core=0
I (1837) wifi:wifi firmware version: 0caa81945
I (1837) wifi:wifi certification version: v7.0
I (1842) wifi:config NVS flash: enabled
I (1845) wifi:config nano formating: disabled
I (1849) wifi:Init data frame dynamic rx buffer num: 32
I (1854) wifi:Init static rx mgmt buffer num: 5
I (1858) wifi:Init management short buffer num: 32
I (1863) wifi:Init static tx buffer num: 16
I (1867) wifi:Init tx cache buffer num: 32
I (1871) wifi:Init static rx buffer size: 1600
I (1875) wifi:Init static rx buffer num: 10
I (1878) wifi:Init dynamic rx buffer num: 32
[0;32mI (1884) wifi_init: accept mbox: 6[0m
[0;32mI (1887) wifi_init: tcpip mbox: 32[0m
[0;32mI (1891) wifi_init: udp mbox: 6[0m
[0;32mI (1894) wifi_init: tcp mbox: 6[0m
[0;32mI (1898) wifi_init: tcp tx win: 5760[0m
[0;32mI (1902) wifi_init: tcp rx win: 5760[0m
[0;32mI (1907) wifi_init: tcp mss: 1440[0m
[0;32mI (1911) wifi_init: WiFi IRAM OP enabled[0m
[0;32mI (1915) wifi_init: WiFi RX IRAM OP enabled[0m
[0;32mI (1921) phy_init: phy_version 4830,54550f7,Jun 20 2024,14:22:08[0m
I (1984) wifi:mode : null
I (1987) wifi:mode : softAP (08:a6:f7:11:51:a9)
I (1989) wifi:Total power save buffer number: 8
I (1989) wifi:Init max length of beacon: 752/752
I (1992) wifi:Init max length of beacon: 752/752
[0;32mI (1998) esp_netif_lwip: DHCP server started on interface WIFI_AP_DEF with IP: 192.168.4.1[0m
Add netif ap with d1ba481(commit id)
[0;32mI (2007) bridge_common: netif list add success[0m
[0;32mI (2014) bridge_common: [WIFI_AP_DEF ][0m
[0;32mI (2018) bridge_common: Set ip info:192.168.5.1[0m
[0;32mI (2022) bridge_wifi: SoftAP IP network segment has changed, deauth all station[0m
I (2032) wifi:Disabled PMF config for SoftAP
I (2035) wifi:Total power save buffer number: 8
[0;32mI (2041) esp_netif_lwip: DHCP server started on interface WIFI_AP_DEF with IP: 192.168.5.1[0m
[0;32mI (2048) bridge_common: [WIFI_AP_DEF ]Name Server1: 114.114.114.114[0m
[0;32mI (2054) bridge_common: DHCPS Restart, deauth all station[0m
Add netif sta with d1ba481(commit id)
[0;32mI (2064) bridge_common: netif list add success[0m
I (2069) wifi:mode : sta (08:a6:f7:11:51:a8) + softAP (08:a6:f7:11:51:a9)
I (2076) wifi:enable tsf
[0;31mE (2079) NVS: Failed to read IP info from NVS[0m
I (2083) wifi:Disabled PMF config for STA
[0;32mI (2086) bridge_wifi: [esp_bridge_wifi_set_config] sta ssid: Tran Con Dev password: password[0m
[0;32mI (2096) bridge_wifi: [esp_bridge_wifi_set_config] softap ssid: ESP_Bridge_1151a9 password: 12345678[0m
I (2278) wifi:Total power save buffer number: 8
[0;32mI (2283) esp_netif_lwip: DHCP server started on interface WIFI_AP_DEF with IP: 192.168.5.1[0m
[0;32mI (2284) bridge_wifi: SoftAP config changed, deauth all station[0m
[0;32mI (2288) Mesh-Lite: esp-mesh-lite component version: 1.0.0[0m
I (2294) ESPNOW: espnow [version: 1.0] init
[0;32mI (2298) [vendor_ie]: Mesh-Lite commit id: bc9302d
 [0m
[0;32mI (2304) [vendor_ie]: Mesh ID: 77 [0m
[0;32mI (2310) [ESP_Mesh_Lite_Comm]: msg action add success [0m
[0;32mI (2315) [ESP_Mesh_Lite_Comm]: Bind Socket 54, port 6364 [0m
[0;32mI (2320) [ESP_Mesh_Lite_Comm]: Bind Socket 55, port 6363 [0m
[0;32mI (2326) [ESP_Mesh_Lite_Comm]: Bind Socket 56, port 6366 [0m
[0;32mI (2332) [ESP_Mesh_Lite_Comm]: Bind Socket 57, port 6365 [0m
[0;32mI (2338) [mesh-lite-espnow]: Start espnow task [0m
[0;32mI (2344) Mesh-Lite: Mesh-Lite connecting[0m
[0;32mI (2350) [vendor_ie]: esp_mesh_lite_wifi_scan_start return ESP_OK [0m
[0;32mI (2355) gpio: GPIO[25]| InputEn: 1| OutputEn: 0| OpenDrain: 0| Pullup: 1| Pulldown: 0| Intr:2 [0m
[0;32mI (2364) cam_hal: cam init ok[0m
[0;32mI (2368) sccb: pin_sda 26 pin_scl 27[0m
[0;32mI (2371) sccb: sccb_i2c_port=1[0m
[0;32mI (2376) gpio: GPIO[32]| InputEn: 0| OutputEn: 1| OpenDrain: 0| Pullup: 0| Pulldown: 0| Intr:0 [0m
[0;32mI (2414) camera: Detected camera at address=0x30[0m
[0;32mI (2416) camera: Detected OV2640 camera[0m
[0;32mI (2417) camera: Camera PID=0x26 VER=0x42 MIDL=0x7f MIDH=0xa2[0m
[0;32mI (2482) cam_hal: buffer_size: 32768, half_buffer_size: 4096, node_buï¿½ets Jul 29 2019 12:21:46

rst:0x3 (SW_RESET),boot:0x13 (SPI_FAST_FLASH_BOOT)
configsip: 0, SPIWP:0xee
clk_drv:0x00,q_drv:0x00,d_drv:0x00,cs0_drv:0x00,hd_drv:0x00,wp_drv:0x00
mode:DIO, clock div:2
load:0x3fff0030,len:7168
load:0x40078000,len:15452
load:0x40080400,len:4
load:0x40080404,len:3684
entry 0x40080614
[0;32mI (169) boot: ESP-IDF v5.3-dirty 2nd stage bootloader[0m
[0;32mI (169) boot: compile time Aug 24 2024 21:55:52[0m
[0;33mW (169) boot: Unicore bootloader[0m
[0;32mI (174) boot: chip revision: v3.1[0m
[0;32mI (178) boot.esp32: SPI Speed      : 40MHz[0m
[0;32mI (183) boot.esp32: SPI Mode       : DIO[0m
[0;32mI (187) boot.esp32: SPI Flash Size : 4MB[0m
[0;32mI (192) boot: Enabling RNG early entropy source...[0m
[0;32mI (197) boot: Partition Table:[0m
[0;32mI (201) boot: ## Label            Usage          Type ST Offset   Length[0m
[0;32mI (208) boot:  0 nvs              WiFi data        01 02 00009000 00004000[0m
[0;32mI (216) boot:  1 otadata          OTA data         01 00 0000d000 00002000[0m
[0;32mI (224) boot:  2 phy_init         RF data          01 01 0000f000 00001000[0m
[0;32mI (231) boot:  3 ota_0            OTA app          00 10 00010000 001e0000[0m
[0;32mI (239) boot:  4 ota_1            OTA app          00 11 001f0000 001e0000[0m
[0;32mI (246) boot:  5 coredump         Unknown data     01 03 003d0000 00010000[0m
[0;32mI (254) boot:  6 reserved         Unknown data     01 fe 003e0000 00020000[0m
[0;32mI (261) boot: End of partition table[0m
[0;32mI (266) esp_image: segment 0: paddr=00010020 vaddr=3f400020 size=2fb7ch (195452) map[0m
[0;32mI (341) esp_image: segment 1: paddr=0003fba4 vaddr=3ffbdb60 size=00474h (  1140) load[0m
[0;32mI (342) esp_image: segment 2: paddr=00040020 vaddr=400d0020 size=c6430h (812080) map[0m
[0;32mI (625) esp_image: segment 3: paddr=00106458 vaddr=3ffbdfd4 size=05c28h ( 23592) load[0m
[0;32mI (634) esp_image: segment 4: paddr=0010c088 vaddr=40080000 size=1e5c8h (124360) load[0m
[0;32mI (698) boot: Loaded app from partition at offset 0x10000[0m
[0;32mI (699) boot: Disabling RNG early entropy source...[0m
[0;32mI (710) quad_psram: This chip is ESP32-D0WD[0m
[0;32mI (711) esp_psram: Found 8MB PSRAM device[0m
[0;32mI (711) esp_psram: Speed: 40MHz[0m
[0;32mI (714) esp_psram: PSRAM initialized, cache is in normal (1-core) mode.[0m
[0;33mW (722) esp_psram: Virtual address not enough for PSRAM, map as much as we can. 4MB is mapped[0m
[0;32mI (731) cpu_start: Unicore app[0m
[0;32mI (735) cpu_start: Single core mode[0m
[0;32mI (1664) esp_psram: SPI SRAM memory test OK[0m
[0;32mI (1672) cpu_start: Pro cpu start user code[0m
