ets Jul 29 2019 12:21:46

rst:0x1 (POWERON_RESET),boot:0x13 (SPI_FAST_FLASH_BOOT)
configsip: 0, SPIWP:0xee
clk_drv:0x00,q_drv:0x00,d_drv:0x00,cs0_drv:0x00,hd_drv:0x00,wp_drv:0x00
mode:DIO, clock div:2
load:0x3fff0030,len:7536
load:0x40078000,len:15964
load:0x40080400,len:4
load:0x40080404,len:4756
entry 0x400806a4
[0;32mI (29) boot: ESP-IDF v5.3-dirty 2nd stage bootloader[0m
[0;32mI (29) boot: compile time Aug 24 2024 16:20:22[0m
[0;32mI (29) boot: Multicore bootloader[0m
[0;32mI (34) boot: chip revision: v3.1[0m
[0;32mI (38) boot.esp32: SPI Speed      : 40MHz[0m
[0;32mI (42) boot.esp32: SPI Mode       : DIO[0m
[0;32mI (47) boot.esp32: SPI Flash Size : 4MB[0m
[0;32mI (51) boot: Enabling RNG early entropy source...[0m
[0;32mI (57) boot: Partition Table:[0m
[0;32mI (60) boot: ## Label            Usage          Type ST Offset   Length[0m
[0;32mI (68) boot:  0 nvs              WiFi data        01 02 00009000 00006000[0m
[0;32mI (75) boot:  1 phy_init         RF data          01 01 0000f000 00001000[0m
[0;32mI (83) boot:  2 factory          factory app      00 00 00010000 00177000[0m
[0;32mI (90) boot: End of partition table[0m
[0;32mI (5094) boot: Detect a condition of the factory reset[0m
[0;32mI (5094) boot: Data partitions to erase: nvs[0m
[0;32mI (5094) boot_comm: ## Label            Usage Offset   Length   Cleaned[0m
[0;32mI (5132) boot_comm:  0 nvs              data  00009000 00006000 [yes][0m
[0;32mI (5133) boot_comm:  1 phy_init         data  0000f000 00001000 [no][0m
[0;32mI (5135) esp_image: segment 0: paddr=00010020 vaddr=3f400020 size=2cd88h (183688) map[0m
[0;32mI (5207) esp_image: segment 1: paddr=0003cdb0 vaddr=3ffbdb60 size=03268h ( 12904) load[0m
[0;32mI (5212) esp_image: segment 2: paddr=00040020 vaddr=400d0020 size=b6d8ch (748940) map[0m
[0;32mI (5469) esp_image: segment 3: paddr=000f6db4 vaddr=3ffc0dc8 size=028ech ( 10476) load[0m
[0;32mI (5474) esp_image: segment 4: paddr=000f96a8 vaddr=40080000 size=1a8fch (108796) load[0m
[0;32mI (5532) boot: Loaded app from partition at offset 0x10000[0m
[0;32mI (5532) boot: Disabling RNG early entropy source...[0m
[0;32mI (5544) cpu_start: Multicore app[0m
[0;32mI (5552) cpu_start: Pro cpu start user code[0m
[0;32mI (5552) cpu_start: cpu freq: 240000000 Hz[0m
[0;32mI (5552) app_init: Application information:[0m
[0;32mI (5556) app_init: Project name:     mesh_local_control[0m
[0;32mI (5561) app_init: App version:      07dadcaa-dirty[0m
[0;32mI (5567) app_init: Compile time:     Aug 24 2024 16:20:17[0m
[0;32mI (5573) app_init: ELF file SHA256:  4d631d119...[0m
[0;32mI (5578) app_init: ESP-IDF:          v5.3-dirty[0m
[0;32mI (5584) efuse_init: Min chip rev:     v0.0[0m
[0;32mI (5589) efuse_init: Max chip rev:     v3.99 [0m
[0;32mI (5594) efuse_init: Chip rev:         v3.1[0m
[0;32mI (5599) heap_init: Initializing. RAM available for dynamic allocation:[0m
[0;32mI (5606) heap_init: At 3FFAE6E0 len 0000F480 (61 KiB): DRAM[0m
[0;32mI (5612) heap_init: At 3FFC8528 len 00017AD8 (94 KiB): DRAM[0m
[0;32mI (5618) heap_init: At 3FFE0440 len 00003AE0 (14 KiB): D/IRAM[0m
[0;32mI (5625) heap_init: At 3FFE4350 len 0001BCB0 (111 KiB): D/IRAM[0m
[0;32mI (5631) heap_init: At 4009A8FC len 00005704 (21 KiB): IRAM[0m
[0;32mI (5639) spi_flash: detected chip: generic[0m
[0;32mI (5642) spi_flash: flash io: dio[0m
[0;33mW (5646) i2c: This driver is an old driver, please migrate your application code to adapt `driver/i2c_master.h`[0m
[0;32mI (5658) coexist: coex firmware version: dab85ae96[0m
[0;32mI (5663) main_task: Started on CPU0[0m
[0;32mI (5673) main_task: Calling app_main()[0m
[0;32mI (5683) bridge_common: esp-iot-bridge version: 0.11.8[0m
I (5703) wifi:wifi driver task: 3ffb82c4, prio:23, stack:6656, core=0
I (5703) wifi:wifi firmware version: 0caa81945
I (5703) wifi:wifi certification version: v7.0
I (5703) wifi:config NVS flash: enabled
I (5703) wifi:config nano formating: disabled
I (5713) wifi:Init data frame dynamic rx buffer num: 32
I (5713) wifi:Init static rx mgmt buffer num: 5
I (5723) wifi:Init management short buffer num: 32
I (5723) wifi:Init static tx buffer num: 16
I (5723) wifi:Init static rx buffer size: 1600
I (5733) wifi:Init static rx buffer num: 10
I (5733) wifi:Init dynamic rx buffer num: 32
[0;32mI (5743) wifi_init: rx ba win: 6[0m
[0;32mI (5743) wifi_init: accept mbox: 6[0m
[0;32mI (5743) wifi_init: tcpip mbox: 32[0m
[0;32mI (5753) wifi_init: udp mbox: 6[0m
[0;32mI (5753) wifi_init: tcp mbox: 6[0m
[0;32mI (5763) wifi_init: tcp tx win: 5760[0m
[0;32mI (5763) wifi_init: tcp rx win: 5760[0m
[0;32mI (5763) wifi_init: tcp mss: 1440[0m
[0;32mI (5773) wifi_init: WiFi IRAM OP enabled[0m
[0;32mI (5773) wifi_init: WiFi RX IRAM OP enabled[0m
[0;32mI (5783) phy_init: phy_version 4830,54550f7,Jun 20 2024,14:22:08[0m
[0;33mW (5783) phy_init: failed to load RF calibration data (0x1102), falling back to full calibration[0m
[0;33mW (5853) phy_init: saving new calibration data because of checksum failure, mode(2)[0m
I (5863) wifi:mode : null
I (5863) wifi:mode : softAP (08:a6:f7:11:51:a9)
I (5873) wifi:Total power save buffer number: 8
I (5873) wifi:Init max length of beacon: 752/752
I (5873) wifi:Init max length of beacon: 752/752
Add netif ap with 07dadcaa(commit id)
[0;32mI (5873) esp_netif_lwip: DHCP server started on interface WIFI_AP_DEF with IP: 192.168.4.1[0m
[0;32mI (5883) bridge_common: netif list add success[0m
[0;31mE (5893) NVS: Failed to open NVS namespace[0m
[0;32mI (5893) bridge_common: IP Address:192.168.5.1[0m
[0;32mI (5903) bridge_common: GW Address:192.168.5.1[0m
[0;32mI (5903) bridge_common: NM Address:255.255.255.0[0m
[0;32mI (5913) bridge_common: [WIFI_AP_DEF ][0m
[0;32mI (5923) bridge_common: Set ip info:192.168.5.1[0m
[0;32mI (5923) bridge_wifi: SoftAP IP network segment has changed, deauth all station[0m
I (5933) wifi:Disabled PMF config for SoftAP
I (5933) wifi:Total power save buffer number: 8
[0;32mI (5943) bridge_common: DHCPS Restart, deauth all station[0m
[0;32mI (5943) esp_netif_lwip: DHCP server started on interface WIFI_AP_DEF with IP: 192.168.5.1[0m
[0;32mI (5953) bridge_common: [WIFI_AP_DEF ]Name Server1: 114.114.114.114[0m
Add netif sta with 07dadcaa(commit id)
[0;32mI (5963) bridge_common: netif list add success[0m
I (5973) wifi:mode : sta (08:a6:f7:11:51:a8) + softAP (08:a6:f7:11:51:a9)
I (5973) wifi:enable tsf
[0;31mE (5983) NVS: Failed to read IP info from NVS[0m
I (5983) wifi:Disabled PMF config for STA
[0;32mI (5983) bridge_wifi: [esp_bridge_wifi_set_config] sta ssid: Tran Con Dev password: password[0m
[0;32mI (5993) bridge_wifi: [esp_bridge_wifi_set_config] softap ssid: ESP_Bridge password: 12345678[0m
I (6173) wifi:Total power save buffer number: 8
[0;32mI (6183) bridge_wifi: SoftAP config changed, deauth all station[0m
[0;32mI (6183) Mesh-Lite: esp-mesh-lite component version: 1.0.0[0m
[0;32mI (6183) esp_netif_lwip: DHCP server started on interface WIFI_AP_DEF with IP: 192.168.5.1[0m
I (6193) ESPNOW: espnow [version: 1.0] init
[0;32mI (6193) [vendor_ie]: Mesh-Lite commit id: bc9302d
 [0m
[0;31mE (6203) [vendor_ie]: Error Get! [0m
[0;33mW (6203) [vendor_ie]: Mesh ID is not saved in flash [0m
[0;32mI (6213) [vendor_ie]: Mesh ID: 77 [0m
[0;33mW (6213) [vendor_ie]: Error Get[4354] [0m
[0;33mW (6223) [vendor_ie]: Error Get[4354] [0m
[0;32mI (6223) [ESP_Mesh_Lite_Comm]: msg action add success [0m
[0;32mI (6233) [ESP_Mesh_Lite_Comm]: Bind Socket 54, port 6364 [0m
[0;32mI (6233) [ESP_Mesh_Lite_Comm]: Bind Socket 55, port 6363 [0m
[0;32mI (6243) Mesh-Lite: Mesh-Lite connecting[0m
[0;32mI (6253) [ESP_Mesh_Lite_Comm]: Bind Socket 56, port 6366 [0m
[0;32mI (6253) [vendor_ie]: esp_mesh_lite_wifi_scan_start return ESP_OK [0m
[0;32mI (6253) [ESP_Mesh_Lite_Comm]: Bind Socket 57, port 6365 [0m
[0;32mI (6243) [mesh-lite-espnow]: Start espnow task [0m
[0;32mI (6263) gpio: GPIO[25]| InputEn: 1| OutputEn: 0| OpenDrain: 0| Pullup: 1| Pulldown: 0| Intr:2 [0m
[0;32mI (6283) cam_hal: cam init ok[0m
[0;32mI (6283) sccb: pin_sda 26 pin_scl 27[0m
[0;32mI (6293) sccb: sccb_i2c_port=1[0m
[0;32mI (6293) gpio: GPIO[32]| InputEn: 0| OutputEn: 1| OpenDrain: 0| Pullup: 0| Pulldown: 0| Intr:0 [0m
[0;32mI (6333) camera: Detected camera at address=0x30[0m
[0;32mI (6333) camera: Detected OV2640 camera[0m
[0;32mI (6333) camera: Camera PID=0x26 VER=0x42 MIDL=0x7f MIDH=0xa2[0m
[0;32mI (6383) cam_hal: buffer_size: 32768, half_buffer_size: 4096, node_buffer_size: 2048, node_cnt: 16, total_cnt: 5[0m
[0;32mI (6383) cam_hal: Allocating 23680 Byte frame buffer in PSRAM[0m
[0;31mE (6393) cam_hal: cam_dma_config(301): frame buffer malloc failed[0m
[0;31mE (6403) cam_hal: cam_config(389): cam_dma_config failed[0m
[0;31mE (6403) camera: Camera config failed with error 0xffffffff[0m
[0;31mE (6413) setup_esp32_cam: Camera Init Failed[0m
[0;32mI (7643) [vendor_ie]: Mesh-Lite Scan done [0m
[0;32mI (7643) [vendor_ie]: RTC store: temp_mesh_id:255; ssid:Tran Con Dev; bssid:00:00:00:00:00:00; crc:2891781910 [0m
[0;32mI (7643) [vendor_ie]: wifi_cfg Tran Con Dev router_config Tran Con Dev [0m
[0;32mI (7653) [vendor_ie]: esp_mesh_lite_wifi_connect return ESP_OK [0m
I (8283) wifi:ap channel adjust o:1,1 n:4,1
I (8283) wifi:new:<4,0>, old:<1,1>, ap:<4,1>, sta:<4,0>, prof:1, snd_ch_cfg:0x0
I (8283) wifi:state: init -> auth (0xb0)
I (8293) wifi:state: auth -> assoc (0x0)
I (8303) wifi:state: assoc -> run (0x10)
I (8343) wifi:connected with Tran Con Dev, aid = 2, channel 4, BW20, bssid = e4:ca:12:bd:52:70
I (8343) wifi:security: WPA2-PSK, phy: bgn, rssi: -62
I (8343) wifi:pm start, type: 1

I (8343) wifi:dp: 1, bi: 102400, li: 3, scale listen interval from 307200 us to 307200 us
I (8353) wifi:<ba-add>idx:0 (ifx:0, e4:ca:12:bd:52:70), tid:0, ssn:0, winSize:64
I (8383) wifi:AP's beacon interval = 102400 us, DTIM period = 1
[0;32mI (10483) bridge_common: [WIFI_AP_DEF ]Name Server1: 203.113.131.2[0m
[0;32mI (11363) esp_netif_handlers: sta ip: 192.168.1.3, mask: 255.255.255.0, gw: 192.168.1.1[0m
[0;32mI (11363) bridge_wifi: Connected with IP Address:192.168.1.3[0m
[0;32mI (11363) [vendor_ie]: RTC store: temp_mesh_id:3; ssid:Tran Con Dev; bssid:00:00:00:00:00:00; crc:1123268337 [0m
[0;31mE (11373) [ESP_Mesh_Lite_Comm]: Error Get! [0m
[0;33mW (11383) [ESP_Mesh_Lite_Comm]: argot is not saved in flash [0m
[0;32mI (11393) esp32cam_security_gate: TCP client write task is running[0m
[0;31mE (13643) task_wdt: Task watchdog got triggered. The following tasks/users did not reset the watchdog in time:[0m
[0;31mE (13643) task_wdt:  - IDLE1 (CPU 1)[0m
[0;31mE (13643) task_wdt: Tasks currently running:[0m
[0;31mE (13643) task_wdt: CPU 0: IDLE0[0m
[0;31mE (13643) task_wdt: CPU 1: main[0m
[0;31mE (13643) task_wdt: Print CPU 1 backtrace[0m


Backtrace: 0x40085646:0x3FFC06C0 0x400838D5:0x3FFC06E0 0x400D9979:0x3FFB1E20 0x40184D17:0x3FFB1E60 0x4008C73D:0x3FFB1E90

[0;31mE (18643) task_wdt: Task watchdog got triggered. The following tasks/users did not reset the watchdog in time:[0m
[0;31mE (18643) task_wdt:  - IDLE1 (CPU 1)[0m
[0;31mE (18643) task_wdt: Tasks currently running:[0m
[0;31mE (18643) task_wdt: CPU 0: IDLE0[0m
[0;31mE (18643) task_wdt: CPU 1: main[0m
[0;31mE (18643) task_wdt: Print CPU 1 backtrace[0m


Backtrace: 0x40085646:0x3FFC06C0 0x400838D5:0x3FFC06E0 0x400E399A:0x3FFB1E00 0x400D9979:0x3FFB1E20 0x40184D17:0x3FFB1E60 0x4008C73D:0x3FFB1E90

[0;31mE (23643) task_wdt: Task watchdog got triggered. The following tasks/users did not reset the watchdog in time:[0m
[0;31mE (23643) task_wdt:  - IDLE1 (CPU 1)[0m
[0;31mE (23643) task_wdt: Tasks currently running:[0m
[0;31mE (23643) task_wdt: CPU 0: tiT[0m
[0;31mE (23643) task_wdt: CPU 1: main[0m
[0;31mE (23643) task_wdt: Print CPU 1 backtrace[0m


Backtrace: 0x40085646:0x3FFC06C0 0x400838D5:0x3FFC06E0 0x400E3994:0x3FFB1E00 0x400D9979:0x3FFB1E20 0x40184D17:0x3FFB1E60 0x4008C73D:0x3FFB1E90

ets Jul 29 2019 12:21:46

rst:0x1 (POWERON_RESET),boot:0x13 (SPI_FAST_FLASH_BOOT)
configsip: 0, SPIWP:0xee
clk_drv:0x00,q_drv:0x00,d_drv:0x00,cs0_drv:0x00,hd_drv:0x00,wp_drv:0x00
mode:DIO, clock div:2
load:0x3fff0030,len:7536
load:0x40078000,len:15964
load:0x40080400,len:4
load:0x40080404,len:4756
entry 0x400806a4
[0;32mI (29) boot: ESP-IDF v5.3-dirty 2nd stage bootloader[0m
[0;32mI (29) boot: compile time Aug 24 2024 16:20:22[0m
[0;32mI (29) boot: Multicore bootloader[0m
[0;32mI (34) boot: chip revision: v3.1[0m
[0;32mI (38) boot.esp32: SPI Speed      : 40MHz[0m
[0;32mI (42) boot.esp32: SPI Mode       : DIO[0m
[0;32mI (47) boot.esp32: SPI Flash Size : 4MB[0m
[0;32mI (51) boot: Enabling RNG early entropy source...[0m
[0;32mI (57) boot: Partition Table:[0m
[0;32mI (60) boot: ## Label            Usage          Type ST Offset   Length[0m
[0;32mI (68) boot:  0 nvs              WiFi data        01 02 00009000 00006000[0m
[0;32mI (75) boot:  1 phy_init         RF data          01 01 0000f000 00001000[0m
[0;32mI (83) boot:  2 factory          factory app      00 00 00010000 00177000[0m
[0;32mI (90) boot: End of partition table[0m
[0;32mI (5094) boot: Detect a condition of the factory reset[0m
[0;32mI (5094) boot: Data partitions to erase: nvs[0m
[0;32mI (5094) boot_comm: ## Label            Usage Offset   Length   Cleaned[0m
[0;32mI (5137) boot_comm:  0 nvs              data  00009000 00006000 [yes][0m
[0;32mI (5137) boot_comm:  1 phy_init         data  0000f000 00001000 [no][0m
[0;32mI (5140) esp_image: segment 0: paddr=00010020 vaddr=3f400020 size=2cd88h (183688) map[0m
[0;32mI (5211) esp_image: segment 1: paddr=0003cdb0 vaddr=3ffbdb60 size=03268h ( 12904) load[0m
[0;32mI (5216) esp_image: segment 2: paddr=00040020 vaddr=400d0020 size=b6d8ch (748940) map[0m
[0;32mI (5474) esp_image: segment 3: paddr=000f6db4 vaddr=3ffc0dc8 size=028ech ( 10476) load[0m
[0;32mI (5478) esp_image: segment 4: paddr=000f96a8 vaddr=40080000 size=1a8fch (108796) load[0m
[0;32mI (5536) boot: Loaded app from partition at offset 0x10000[0m
[0;32mI (5536) boot: Disabling RNG early entropy source...[0m
[0;32mI (5548) cpu_start: Multicore app[0m
[0;32mI (5557) cpu_start: Pro cpu start user code[0m
[0;32mI (5557) cpu_start: cpu freq: 240000000 Hz[0m
[0;32mI (5557) app_init: Application information:[0m
[0;32mI (5560) app_init: Project name:     mesh_local_control[0m
[0;32mI (5566) app_init: App version:      07dadcaa-dirty[0m
[0;32mI (5571) app_init: Compile time:     Aug 24 2024 16:20:17[0m
[0;32mI (5577) app_init: ELF file SHA256:  4d631d119...[0m
[0;32mI (5583) app_init: ESP-IDF:          v5.3-dirty[0m
[0;32mI (5588) efuse_init: Min chip rev:     v0.0[0m
[0;32mI (5593) efuse_init: Max chip rev:     v3.99 [0m
[0;32mI (5598) efuse_init: Chip rev:         v3.1[0m
[0;32mI (5603) heap_init: Initializing. RAM available for dynamic allocation:[0m
[0;32mI (5610) heap_init: At 3FFAE6E0 len 0000F480 (61 KiB): DRAM[0m
[0;32mI (5616) heap_init: At 3FFC8528 len 00017AD8 (94 KiB): DRAM[0m
[0;32mI (5623) heap_init: At 3FFE0440 len 00003AE0 (14 KiB): D/IRAM[0m
[0;32mI (5629) heap_init: At 3FFE4350 len 0001BCB0 (111 KiB): D/IRAM[0m
[0;32mI (5636) heap_init: At 4009A8FC len 00005704 (21 KiB): IRAM[0m
[0;32mI (5643) spi_flash: detected chip: generic[0m
[0;32mI (5647) spi_flash: flash io: dio[0m
[0;33mW (5651) i2c: This driver is an old driver, please migrate your application code to adapt `driver/i2c_master.h`[0m
[0;32mI (5662) coexist: coex firmware version: dab85ae96[0m
[0;32mI (5668) main_task: Started on CPU0[0m
[0;32mI (5678) main_task: Calling app_main()[0m
[0;32mI (5688) bridge_common: esp-iot-bridge version: 0.11.8[0m
I (5708) wifi:wifi driver task: 3ffb82c4, prio:23, stack:6656, core=0
I (5708) wifi:wifi firmware version: 0caa81945
I (5708) wifi:wifi certification version: v7.0
I (5708) wifi:config NVS flash: enabled
I (5708) wifi:config nano formating: disabled
I (5718) wifi:Init data frame dynamic rx buffer num: 32
I (5718) wifi:Init static rx mgmt buffer num: 5
I (5728) wifi:Init management short buffer num: 32
I (5728) wifi:Init static tx buffer num: 16
I (5728) wifi:Init static rx buffer size: 1600
I (5738) wifi:Init static rx buffer num: 10
I (5738) wifi:Init dynamic rx buffer num: 32
[0;32mI (5748) wifi_init: rx ba win: 6[0m
[0;32mI (5748) wifi_init: accept mbox: 6[0m
[0;32mI (5748) wifi_init: tcpip mbox: 32[0m
[0;32mI (5758) wifi_init: udp mbox: 6[0m
[0;32mI (5758) wifi_init: tcp mbox: 6[0m
[0;32mI (5768) wifi_init: tcp tx win: 5760[0m
[0;32mI (5768) wifi_init: tcp rx win: 5760[0m
[0;32mI (5768) wifi_init: tcp mss: 1440[0m
[0;32mI (5778) wifi_init: WiFi IRAM OP enabled[0m
[0;32mI (5778) wifi_init: WiFi RX IRAM OP enabled[0m
[0;32mI (5788) phy_init: phy_version 4830,54550f7,Jun 20 2024,14:22:08[0m
[0;33mW (5788) phy_init: failed to load RF calibration data (0x1102), falling back to full calibration[0m
[0;33mW (5858) phy_init: saving new calibration data because of checksum failure, mode(2)[0m
I (5868) wifi:mode : null
I (5868) wifi:mode : softAP (08:a6:f7:11:51:a9)
I (5878) wifi:Total power save buffer number: 8
I (5878) wifi:Init max length of beacon: 752/752
I (5878) wifi:Init max length of beacon: 752/752
Add netif ap with 07dadcaa(commit id)
[0;32mI (5888) esp_netif_lwip: DHCP server started on interface WIFI_AP_DEF with IP: 192.168.4.1[0m
[0;32mI (5888) bridge_common: netif list add success[0m
[0;31mE (5898) NVS: Failed to open NVS namespace[0m
[0;32mI (5908) bridge_common: IP Address:192.168.5.1[0m
[0;32mI (5908) bridge_common: GW Address:192.168.5.1[0m
[0;32mI (5918) bridge_common: NM Address:255.255.255.0[0m
[0;32mI (5918) bridge_common: [WIFI_AP_DEF ][0m
[0;32mI (5928) bridge_common: Set ip info:192.168.5.1[0m
[0;32mI (5928) bridge_wifi: SoftAP IP network segment has changed, deauth all station[0m
I (5938) wifi:Disabled PMF config for SoftAP
I (5938) wifi:Total power save buffer number: 8
[0;32mI (5948) bridge_common: DHCPS Restart, deauth all station[0m
[0;32mI (5948) esp_netif_lwip: DHCP server started on interface WIFI_AP_DEF with IP: 192.168.5.1[0m
[0;32mI (5958) bridge_common: [WIFI_AP_DEF ]Name Server1: 114.114.114.114[0m
Add netif sta with 07dadcaa(commit id)
[0;32mI (5968) bridge_common: netif list add success[0m
I (5978) wifi:mode : sta (08:a6:f7:11:51:a8) + softAP (08:a6:f7:11:51:a9)
I (5978) wifi:enable tsf
[0;31mE (5988) NVS: Failed to read IP info from NVS[0m
I (5988) wifi:Disabled PMF config for STA
[0;32mI (5988) bridge_wifi: [esp_bridge_wifi_set_config] sta ssid: Tran Con Dev password: password[0m
[0;32mI (5998) bridge_wifi: [esp_bridge_wifi_set_config] softap ssid: ESP_Bridge password: 12345678[0m
I (6178) wifi:Total power save buffer number: 8
[0;32mI (6188) bridge_wifi: SoftAP config changed, deauth all station[0m
[0;32mI (6188) Mesh-Lite: esp-mesh-lite component version: 1.0.0[0m
[0;32mI (6188) esp_netif_lwip: DHCP server started on interface WIFI_AP_DEF with IP: 192.168.5.1[0m
I (6198) ESPNOW: espnow [version: 1.0] init
[0;32mI (6198) [vendor_ie]: Mesh-Lite commit id: bc9302d
 [0m
[0;31mE (6208) [vendor_ie]: Error Get! [0m
[0;33mW (6208) [vendor_ie]: Mesh ID is not saved in flash [0m
[0;32mI (6218) [vendor_ie]: Mesh ID: 77 [0m
[0;33mW (6218) [vendor_ie]: Error Get[4354] [0m
[0;33mW (6228) [vendor_ie]: Error Get[4354] [0m
[0;32mI (6228) [ESP_Mesh_Lite_Comm]: msg action add success [0m
[0;32mI (6238) [ESP_Mesh_Lite_Comm]: Bind Socket 54, port 6364 [0m
[0;32mI (6238) [ESP_Mesh_Lite_Comm]: Bind Socket 55, port 6363 [0m
[0;32mI (6248) Mesh-Lite: Mesh-Lite connecting[0m
[0;32mI (6258) [ESP_Mesh_Lite_Comm]: Bind Socket 56, port 6366 [0m
[0;32mI (6258) [vendor_ie]: esp_mesh_lite_wifi_scan_start return ESP_OK [0m
[0;32mI (6258) [ESP_Mesh_Lite_Comm]: Bind Socket 57, port 6365 [0m
[0;32mI (6248) [mesh-lite-espnow]: Start espnow task [0m
[0;32mI (6268) gpio: GPIO[25]| InputEn: 1| OutputEn: 0| OpenDrain: 0| Pullup: 1| Pulldown: 0| Intr:2 [0m
[0;32mI (6288) cam_hal: cam init ok[0m
[0;32mI (6288) sccb: pin_sda 26 pin_scl 27[0m
[0;32mI (6298) sccb: sccb_i2c_port=1[0m
[0;32mI (6298) gpio: GPIO[32]| InputEn: 0| OutputEn: 1| OpenDrain: 0| Pullup: 0| Pulldown: 0| Intr:0 [0m
[0;32mI (6338) camera: Detected camera at address=0x30[0m
[0;32mI (6338) camera: Detected OV2640 camera[0m
[0;32mI (6338) camera: Camera PID=0x26 VER=0x42 MIDL=0x7f MIDH=0xa2[0m
[0;32mI (6388) cam_hal: buffer_size: 32768, half_buffer_size: 4096, node_buffer_size: 2048, node_cnt: 16, total_cnt: 5[0m
[0;32mI (6388) cam_hal: Allocating 23680 Byte frame buffer in PSRAM[0m
[0;31mE (6398) cam_hal: cam_dma_config(301): frame buffer malloc failed[0m
[0;31mE (6408) cam_hal: cam_config(389): cam_dma_config failed[0m
[0;31mE (6408) camera: Camera config failed with error 0xffffffff[0m
[0;31mE (6418) setup_esp32_cam: Camera Init Failed[0m
[0;32mI (7648) [vendor_ie]: Mesh-Lite Scan done [0m
[0;32mI (7648) [vendor_ie]: RTC store: temp_mesh_id:255; ssid:Tran Con Dev; bssid:00:00:00:00:00:00; crc:2891781910 [0m
[0;32mI (7648) [vendor_ie]: wifi_cfg Tran Con Dev router_config Tran Con Dev [0m
[0;32mI (7658) [vendor_ie]: esp_mesh_lite_wifi_connect return ESP_OK [0m
I (8288) wifi:ap channel adjust o:1,1 n:4,1
I (8288) wifi:new:<4,0>, old:<1,1>, ap:<4,1>, sta:<4,0>, prof:1, snd_ch_cfg:0x0
I (8288) wifi:state: init -> auth (0xb0)
I (8298) wifi:state: auth -> assoc (0x0)
I (8298) wifi:state: assoc -> run (0x10)
I (8338) wifi:connected with Tran Con Dev, aid = 2, channel 4, BW20, bssid = e4:ca:12:bd:52:70
I (8338) wifi:security: WPA2-PSK, phy: bgn, rssi: -52
I (8348) wifi:pm start, type: 1

I (8348) wifi:dp: 1, bi: 102400, li: 3, scale listen interval from 307200 us to 307200 us
I (8398) wifi:AP's beacon interval = 102400 us, DTIM period = 1
I (10448) wifi:<ba-add>idx:0 (ifx:0, e4:ca:12:bd:52:70), tid:0, ssn:0, winSize:64
[0;32mI (10498) bridge_common: [WIFI_AP_DEF ]Name Server1: 203.113.131.2[0m
[0;32mI (11358) esp_netif_handlers: sta ip: 192.168.1.3, mask: 255.255.255.0, gw: 192.168.1.1[0m
[0;32mI (11358) bridge_wifi: Connected with IP Address:192.168.1.3[0m
[0;32mI (11358) [vendor_ie]: RTC store: temp_mesh_id:3; ssid:Tran Con Dev; bssid:00:00:00:00:00:00; crc:1331136965 [0m
[0;31mE (11368) [ESP_Mesh_Lite_Comm]: Error Get! [0m
[0;33mW (11378) [ESP_Mesh_Lite_Comm]: argot is not saved in flash [0m
[0;32mI (11388) esp32cam_security_gate: TCP client write task is running[0m
[0;31mE (13858) task_wdt: Task watchdog got triggered. The following tasks/users did not reset the watchdog in time:[0m
[0;31mE (13858) task_wdt:  - IDLE1 (CPU 1)[0m
[0;31mE (13858) task_wdt: Tasks currently running:[0m
[0;31mE (13858) task_wdt: CPU 0: IDLE0[0m
[0;31mE (13858) task_wdt: CPU 1: main[0m
[0;31mE (13858) task_wdt: Print CPU 1 backtrace[0m


Backtrace: 0x40085646:0x3FFC06C0 0x400838D5:0x3FFC06E0 0x400E55B0:0x3FFB1DE0 0x400E3994:0x3FFB1E00 0x400D9979:0x3FFB1E20 0x40184D17:0x3FFB1E60 0x4008C73D:0x3FFB1E90

[0;31mE (22358) task_wdt: Task watchdog got triggered. The following tasks/users did not reset the watchdog in time:[0m
[0;31mE (22358) task_wdt:  - IDLE1 (CPU 1)[0m
[0;31mE (22358) task_wdt: Tasks currently running:[0m
[0;31mE (22358) task_wdt: CPU 0: IDLE0[0m
[0;31mE (22358) task_wdt: CPU 1: main[0m
[0;31mE (22358) task_wdt: Print CPU 1 backtrace[0m


Backtrace: 0x40085646:0x3FFC06C0 0x400838D5:0x3FFC06E0 0x400E55B9:0x3FFB1DE0 0x400E3994:0x3FFB1E00 0x400D9979:0x3FFB1E20 0x40184D17:0x3FFB1E60 0x4008C73D:0x3FFB1E90

