ets Jul 29 2019 12:21:46

rst:0x1 (POWERON_RESET),boot:0x13 (SPI_FAST_FLASH_BOOT)
configsip: 0, SPIWP:0xee
clk_drv:0x00,q_drv:0x00,d_drv:0x00,cs0_drv:0x00,hd_drv:0x00,wp_drv:0x00
mode:DIO, clock div:1
load:0x3fff0030,len:7168
load:0x40078000,len:15464
load:0x40080400,len:4
ho 8 tail 4 room 4
load:0x40080404,len:3684
entry 0x40080614
[0;32mI (31) boot: ESP-IDF v5.3-dirty 2nd stage bootloader[0m
[0;32mI (31) boot: compile time Aug 28 2024 01:45:36[0m
[0;33mW (31) boot: Unicore bootloader[0m
[0;32mI (35) boot: chip revision: v3.1[0m
[0;32mI (39) boot.esp32: SPI Speed      : 80MHz[0m
[0;32mI (44) boot.esp32: SPI Mode       : DIO[0m
[0;32mI (48) boot.esp32: SPI Flash Size : 4MB[0m
[0;32mI (53) boot: Enabling RNG early entropy source...[0m
[0;32mI (58) boot: Partition Table:[0m
[0;32mI (62) boot: ## Label            Usage          Type ST Offset   Length[0m
[0;32mI (69) boot:  0 nvs              WiFi data        01 02 00009000 00004000[0m
[0;32mI (77) boot:  1 otadata          OTA data         01 00 0000d000 00002000[0m
[0;32mI (84) boot:  2 phy_init         RF data          01 01 0000f000 00001000[0m
[0;32mI (92) boot:  3 ota_0            OTA app          00 10 00010000 001e0000[0m
[0;32mI (99) boot:  4 ota_1            OTA app          00 11 001f0000 001e0000[0m
[0;32mI (107) boot:  5 coredump         Unknown data     01 03 003d0000 00010000[0m
[0;32mI (114) boot:  6 reserved         Unknown data     01 fe 003e0000 00020000[0m
[0;32mI (122) boot: End of partition table[0m
[0;32mI (126) esp_image: segment 0: paddr=00010020 vaddr=3f400020 size=2f20ch (193036) map[0m
[0;32mI (189) esp_image: segment 1: paddr=0003f234 vaddr=3ffbdb60 size=00de4h (  3556) load[0m
[0;32mI (191) esp_image: segment 2: paddr=00040020 vaddr=400d0020 size=c37fch (800764) map[0m
[0;32mI (421) esp_image: segment 3: paddr=00103824 vaddr=3ffbe944 size=0447ch ( 17532) load[0m
[0;32mI (427) esp_image: segment 4: paddr=00107ca8 vaddr=40080000 size=1e61ch (124444) load[0m
[0;32mI (484) boot: Loaded app from partition at offset 0x10000[0m
[0;32mI (484) boot: Disabling RNG early entropy source...[0m
[0;32mI (495) quad_psram: This chip is ESP32-D0WD[0m
[0;32mI (496) esp_psram: Found 8MB PSRAM device[0m
[0;32mI (496) esp_psram: Speed: 80MHz[0m
[0;32mI (500) esp_psram: PSRAM initialized, cache is in normal (1-core) mode.[0m
[0;33mW (507) esp_psram: Virtual address not enough for PSRAM, map as much as we can. 4MB is mapped[0m
[0;32mI (516) cpu_start: Unicore app[0m
[0;32mI (520) cpu_start: Single core mode[0m
[0;32mI (1057) esp_psram: SPI SRAM memory test OK[0m
[0;32mI (1065) cpu_start: Pro cpu start user code[0m
[0;32mI (1065) cpu_start: cpu freq: 240000000 Hz[0m
[0;32mI (1065) app_init: Application information:[0m
[0;32mI (1069) app_init: Project name:     mesh_local_control[0m
[0;32mI (1074) app_init: App version:      44d7b81-dirty[0m
[0;32mI (1080) app_init: Compile time:     Aug 28 2024 01:45:30[0m
[0;32mI (1086) app_init: ELF file SHA256:  799c9fc28...[0m
[0;32mI (1091) app_init: ESP-IDF:          v5.3-dirty[0m
[0;32mI (1097) efuse_init: Min chip rev:     v0.0[0m
[0;32mI (1101) efuse_init: Max chip rev:     v3.99 [0m
[0;32mI (1106) efuse_init: Chip rev:         v3.1[0m
[0;32mI (1112) heap_init: Initializing. RAM available for dynamic allocation:[0m
[0;32mI (1119) heap_init: At 3FFAE6E0 len 0000F480 (61 KiB): DRAM[0m
[0;32mI (1125) heap_init: At 3FFC7C60 len 000183A0 (96 KiB): DRAM[0m
[0;32mI (1131) heap_init: At 3FFE0440 len 0001FBC0 (126 KiB): D/IRAM[0m
[0;32mI (1138) heap_init: At 40078000 len 00008000 (32 KiB): IRAM[0m
[0;32mI (1144) heap_init: At 4009E61C len 000019E4 (6 KiB): IRAM[0m
[0;32mI (1150) heap_init: At 3FF80000 len 00002000 (8 KiB): RTCRAM[0m
[0;32mI (1157) esp_psram: Adding pool of 4096K of PSRAM memory to heap allocator[0m
[0;32mI (1165) spi_flash: detected chip: generic[0m
[0;32mI (1169) spi_flash: flash io: dio[0m
[0;33mW (1173) i2c: This driver is an old driver, please migrate your application code to adapt `driver/i2c_master.h`[0m
[0;32mI (1195) coexist: coex firmware version: dab85ae96[0m
[0;32mI (1196) main_task: Started on CPU0[0m
[0;32mI (1196) esp_psram: Reserving pool of 32K of internal memory for DMA/internal allocations[0m
[0;32mI (1204) main_task: Calling app_main()[0m
[0;32mI (1219) bridge_common: esp-iot-bridge version: 0.11.8[0m
I (1221) wifi:wifi driver task: 3ffbd678, prio:23, stack:6656, core=0
I (1223) wifi:wifi firmware version: 0caa81945
I (1225) wifi:wifi certification version: v7.0
I (1229) wifi:config NVS flash: enabled
I (1232) wifi:config nano formating: disabled
I (1237) wifi:Init data frame dynamic rx buffer num: 32
I (1241) wifi:Init static rx mgmt buffer num: 5
I (1245) wifi:Init management short buffer num: 32
I (1250) wifi:Init static tx buffer num: 16
I (1254) wifi:Init tx cache buffer num: 32
I (1258) wifi:Init static rx buffer size: 1600
I (1262) wifi:Init static rx buffer num: 10
I (1266) wifi:Init dynamic rx buffer num: 32
[0;32mI (1270) wifi_init: accept mbox: 6[0m
[0;32mI (1274) wifi_init: tcpip mbox: 32[0m
[0;32mI (1278) wifi_init: udp mbox: 6[0m
[0;32mI (1282) wifi_init: tcp mbox: 6[0m
[0;32mI (1285) wifi_init: tcp tx win: 5760[0m
[0;32mI (1290) wifi_init: tcp rx win: 5760[0m
[0;32mI (1294) wifi_init: tcp mss: 1440[0m
[0;32mI (1298) wifi_init: WiFi IRAM OP enabled[0m
[0;32mI (1302) wifi_init: WiFi RX IRAM OP enabled[0m
[0;32mI (1308) phy_init: phy_version 4830,54550f7,Jun 20 2024,14:22:08[0m
I (1368) wifi:mode : null
I (1370) wifi:mode : softAP (08:a6:f7:11:51:a9)
I (1371) wifi:Total power save buffer number: 8
I (1371) wifi:Init max length of beacon: 752/752
I (1373) wifi:Init max length of beacon: 752/752
[0;32mI (1378) esp_netif_lwip: DHCP server started on interface WIFI_AP_DEF with IP: 192.168.4.1[0m
Add netif ap with 44d7b81(commit id)
[0;32mI (1389) bridge_common: netif list add success[0m
[0;32mI (1395) bridge_common: [WIFI_AP_DEF ][0m
[0;32mI (1399) bridge_common: Set ip info:192.168.5.1[0m
[0;32mI (1404) bridge_wifi: SoftAP IP network segment has changed, deauth all station[0m
I (1413) wifi:Disabled PMF config for SoftAP
I (1416) wifi:Total power save buffer number: 8
[0;32mI (1421) esp_netif_lwip: DHCP server started on interface WIFI_AP_DEF with IP: 192.168.5.1[0m
[0;32mI (1429) bridge_common: [WIFI_AP_DEF ]Name Server1: 114.114.114.114[0m
[0;32mI (1436) bridge_common: DHCPS Restart, deauth all station[0m
Add netif sta with 44d7b81(commit id)
[0;32mI (1445) bridge_common: netif list add success[0m
I (1450) wifi:mode : sta (08:a6:f7:11:51:a8) + softAP (08:a6:f7:11:51:a9)
I (1457) wifi:enable tsf
[0;31mE (1460) NVS: Failed to read IP info from NVS[0m
I (1464) wifi:Disabled PMF config for STA
[0;32mI (1467) bridge_wifi: [esp_bridge_wifi_set_config] sta ssid: Tran Con Dev password: password[0m
[0;32mI (1477) bridge_wifi: [esp_bridge_wifi_set_config] softap ssid: ESP_Bridge_1151a9 password: 12345678[0m
I (1658) wifi:Total power save buffer number: 8
[0;32mI (1660) esp_netif_lwip: DHCP server started on interface WIFI_AP_DEF with IP: 192.168.5.1[0m
[0;32mI (1661) bridge_wifi: SoftAP config changed, deauth all station[0m
[0;32mI (1667) Mesh-Lite: esp-mesh-lite component version: 1.0.0[0m
I (1673) ESPNOW: espnow [version: 1.0] init
[0;32mI (1677) [vendor_ie]: Mesh-Lite commit id: bc9302d
 [0m
[0;32mI (1683) [vendor_ie]: Mesh ID: 77 [0m
[0;32mI (1688) [ESP_Mesh_Lite_Comm]: msg action add success [0m
[0;32mI (1694) [ESP_Mesh_Lite_Comm]: Bind Socket 54, port 6364 [0m
[0;32mI (1699) [ESP_Mesh_Lite_Comm]: Bind Socket 55, port 6363 [0m
[0;32mI (1705) [ESP_Mesh_Lite_Comm]: Bind Socket 56, port 6366 [0m
[0;32mI (1711) [ESP_Mesh_Lite_Comm]: Bind Socket 57, port 6365 [0m
[0;32mI (1717) [mesh-lite-espnow]: Start espnow task [0m
[0;32mI (1723) Mesh-Lite: Mesh-Lite connecting[0m
[0;32mI (1728) [vendor_ie]: esp_mesh_lite_wifi_scan_start return ESP_OK [0m
[0;32mI (1733) gpio: GPIO[25]| InputEn: 1| OutputEn: 0| OpenDrain: 0| Pullup: 1| Pulldown: 0| Intr:2 [0m
[0;32mI (1743) cam_hal: cam init ok[0m
[0;32mI (1746) sccb: pin_sda 26 pin_scl 27[0m
[0;32mI (1750) sccb: sccb_i2c_port=1[0m
[0;32mI (1754) gpio: GPIO[32]| InputEn: 0| OutputEn: 1| OpenDrain: 0| Pullup: 0| Pulldown: 0| Intr:0 [0m
[0;32mI (1793) camera: Detected camera at address=0x30[0m
[0;32mI (1795) camera: Detected OV2640 camera[0m
[0;32mI (1795) camera: Camera PID=0x26 VER=0x42 MIDL=0x7f MIDH=0xa2[0m
[0;32mI (1861) cam_hal: buffer_size: 32768, half_buffer_size: 4096, node_buffer_sizï¿½ets Jul 29 2019 12:21:46

rst:0x3 (SW_RESET),boot:0x13 (SPI_FAST_FLASH_BOOT)
configsip: 0, SPIWP:0xee
clk_drv:0x00,q_drv:0x00,d_drv:0x00,cs0_drv:0x00,hd_drv:0x00,wp_drv:0x00
mode:DIO, clock div:1
load:0x3fff0030,len:7168
load:0x40078000,len:15464
load:0x40080400,len:4
ho 8 tail 4 room 4
load:0x40080404,len:3684
entry 0x40080614
[0;32mI (179) boot: ESP-IDF v5.3-dirty 2nd stage bootloader[0m
[0;32mI (179) boot: compile time Aug 28 2024 01:45:36[0m
[0;33mW (179) boot: Unicore bootloader[0m
[0;32mI (184) boot: chip revision: v3.1[0m
[0;32mI (188) boot.esp32: SPI Speed      : 80MHz[0m
[0;32mI (193) boot.esp32: SPI Mode       : DIO[0m
[0;32mI (198) boot.esp32: SPI Flash Size : 4MB[0m
[0;32mI (202) boot: Enabling RNG early entropy source...[0m
[0;32mI (208) boot: Partition Table:[0m
[0;32mI (211) boot: ## Label            Usage          Type ST Offset   Length[0m
[0;32mI (219) boot:  0 nvs              WiFi data        01 02 00009000 00004000[0m
[0;32mI (226) boot:  1 otadata          OTA data         01 00 0000d000 00002000[0m
[0;32mI (234) boot:  2 phy_init         RF data          01 01 0000f000 00001000[0m
[0;32mI (242) boot:  3 ota_0            OTA app          00 10 00010000 001e0000[0m
[0;32mI (249) boot:  4 ota_1            OTA app          00 11 001f0000 001e0000[0m
[0;32mI (257) boot:  5 coredump         Unknown data     01 03 003d0000 00010000[0m
[0;32mI (264) boot:  6 reserved         Unknown data     01 fe 003e0000 00020000[0m
[0;32mI (272) boot: End of partition table[0m
[0;32mI (276) esp_image: segment 0: paddr=00010020 vaddr=3f400020 size=2f20ch (193036) map[0m
[0;32mI (339) esp_image: segment 1: paddr=0003f234 vaddr=3ffbdb60 size=00de4h (  3556) load[0m
[0;32mI (341) esp_image: segment 2: paddr=00040020 vaddr=400d0020 size=c37fch (800764) map[0m
[0;32mI (571) esp_image: segment 3: paddr=00103824 vaddr=3ffbe944 size=0447ch ( 17532) load[0m
[0;32mI (577) esp_image: segment 4: paddr=00107ca8 vaddr=40080000 size=1e61ch (124444) load[0m
[0;32mI (634) boot: Loaded app from partition at offset 0x10000[0m
[0;32mI (634) boot: Disabling RNG early entropy source...[0m
[0;32mI (646) quad_psram: This chip is ESP32-D0WD[0m
[0;32mI (646) esp_psram: Found 8MB PSRAM device[0m
[0;32mI (646) esp_psram: Speed: 80MHz[0m
[0;32mI (650) esp_psram: PSRAM initialized, cache is in normal (1-core) mode.[0m
[0;33mW (657) esp_psram: Virtual address not enough for PSRAM, map as much as we can. 4MB is mapped[0m
[0;32mI (666) cpu_start: Unicore app[0m
[0;32mI (670) cpu_start: Single core mode[0m
[0;32mI (1207) esp_psram: SPI SRAM memory test OK[0m
[0;32mI (1215) cpu_start: Pro cpu start user code[0m
[0;32mI (1215) cpu_start: cpu freq: 240000000 Hz[0m
[0;32mI (1215) app_init: Application information:[0m
[0;32mI (1219) app_init: Project name:     mesh_local_control[0m
[0;32mI (1224) app_init: App version:      44d7b81-dirty[0m
[0;32mI (1230) app_init: Compile time:     Aug 28 2024 01:45:30[0m
[0;32mI (1236) app_init: ELF file SHA256:  799c9fc28...[0m
[0;32mI (1241) app_init: ESP-IDF:          v5.3-dirty[0m
[0;32mI (1247) efuse_init: Min chip rev:     v0.0[0m
[0;32mI (1251) efuse_init: Max chip rev:     v3.99 [0m
[0;32mI (1256) efuse_init: Chip rev:         v3.1[0m
[0;32mI (1262) heap_init: Initializing. RAM available for dynamic allocation:[0m
[0;32mI (1269) heap_init: At 3FFAE6E0 len 0000F480 (61 KiB): DRAM[0m
[0;32mI (1275) heap_init: At 3FFC7C60 len 000183A0 (96 KiB): DRAM[0m
[0;32mI (1281) heap_init: At 3FFE0440 len 0001FBC0 (126 KiB): D/IRAM[0m
[0;32mI (1288) heap_init: At 40078000 len 00008000 (32 KiB): IRAM[0m
[0;32mI (1294) heap_init: At 4009E61C len 000019E4 (6 KiB): IRAM[0m
[0;32mI (1300) heap_init: At 3FF80000 len 00002000 (8 KiB): RTCRAM[0m
[0;32mI (1307) esp_psram: Adding pool of 4096K of PSRAM memory to heap allocator[0m
[0;32mI (1315) spi_flash: detected chip: generic[0m
[0;32mI (1319) spi_flash: flash io: dio[0m
[0;33mW (1323) i2c: This driver is an old driver, please migrate your application code to adapt `driver/i2c_master.h`[0m
[0;32mI (1345) coexist: coex firmware version: dab85ae96[0m
[0;32mI (1346) main_task: Started on CPU0[0m
[0;32mI (1346) esp_psram: Reserving pool of 32K of internal memory for DMA/internal allocations[0m
[0;32mI (1354) main_task: Calling app_main()[0m
[0;32mI (1369) bridge_common: esp-iot-bridge version: 0.11.8[0m
I (1371) wifi:wifi driver task: 3ffbd678, prio:23, stack:6656, core=0
I (1373) wifi:wifi firmware version: 0caa81945
I (1375) wifi:wifi certification version: v7.0
I (1379) wifi:config NVS flash: enabled
I (1382) wifi:config nano formating: disabled
I (1387) wifi:Init data frame dynamic rx buffer num: 32
I (1391) wifi:Init static rx mgmt buffer num: 5
I (1395) wifi:Init management short buffer num: 32
I (1400) wifi:Init static tx buffer num: 16
I (1404) wifi:Init tx cache buffer num: 32
I (1408) wifi:Init static rx buffer size: 1600
I (1412) wifi:Init static rx buffer num: 10
I (1416) wifi:Init dynamic rx buffer num: 32
[0;32mI (1420) wifi_init: accept mbox: 6[0m
[0;32mI (1424) wifi_init: tcpip mbox: 32[0m
[0;32mI (1428) wifi_init: udp mbox: 6[0m
[0;32mI (1432) wifi_init: tcp mbox: 6[0m
[0;32mI (1435) wifi_init: tcp tx win: 5760[0m
[0;32mI (1440) wifi_init: tcp rx win: 5760[0m
[0;32mI (1444) wifi_init: tcp mss: 1440[0m
[0;32mI (1448) wifi_init: WiFi IRAM OP enabled[0m
[0;32mI (1452) wifi_init: WiFi RX IRAM OP enabled[0m
[0;32mI (1458) phy_init: phy_version 4830,54550f7,Jun 20 2024,14:22:08[0m
I (1518) wifi:mode : null
I (1520) wifi:mode : softAP (08:a6:f7:11:51:a9)
I (1521) wifi:Total power save buffer number: 8
I (1521) wifi:Init max length of beacon: 752/752
I (1523) wifi:Init max length of beacon: 752/752
[0;32mI (1528) esp_netif_lwip: DHCP server started on interface WIFI_AP_DEF with IP: 192.168.4.1[0m
Add netif ap with 44d7b81(commit id)
[0;32mI (1539) bridge_common: netif list add success[0m
[0;32mI (1545) bridge_common: [WIFI_AP_DEF ][0m
[0;32mI (1549) bridge_common: Set ip info:192.168.5.1[0m
[0;32mI (1554) bridge_wifi: SoftAP IP network segment has changed, deauth all station[0m
I (1563) wifi:Disabled PMF config for SoftAP
I (1566) wifi:Total power save buffer number: 8
[0;32mI (1571) esp_netif_lwip: DHCP server started on interface WIFI_AP_DEF with IP: 192.168.5.1[0m
[0;32mI (1579) bridge_common: [WIFI_AP_DEF ]Name Server1: 114.114.114.114[0m
[0;32mI (1586) bridge_common: DHCPS Restart, deauth all station[0m
Add netif sta with 44d7b81(commit id)
[0;32mI (1595) bridge_common: netif list add success[0m
I (1601) wifi:mode : sta (08:a6:f7:11:51:a8) + softAP (08:a6:f7:11:51:a9)
I (1607) wifi:enable tsf
[0;31mE (1610) NVS: Failed to read IP info from NVS[0m
I (1614) wifi:Disabled PMF config for STA
[0;32mI (1618) bridge_wifi: [esp_bridge_wifi_set_config] sta ssid: Tran Con Dev password: password[0m
[0;32mI (1627) bridge_wifi: [esp_bridge_wifi_set_config] softap ssid: ESP_Bridge_1151a9 password: 12345678[0m
I (1808) wifi:Total power save buffer number: 8
[0;32mI (1810) esp_netif_lwip: DHCP server started on interface WIFI_AP_DEF with IP: 192.168.5.1[0m
[0;32mI (1811) bridge_wifi: SoftAP config changed, deauth all station[0m
[0;32mI (1817) Mesh-Lite: esp-mesh-lite component version: 1.0.0[0m
I (1823) ESPNOW: espnow [version: 1.0] init
[0;32mI (1827) [vendor_ie]: Mesh-Lite commit id: bc9302d
 [0m
[0;32mI (1833) [vendor_ie]: Mesh ID: 77 [0m
[0;32mI (1838) [ESP_Mesh_Lite_Comm]: msg action add success [0m
[0;32mI (1844) [ESP_Mesh_Lite_Comm]: Bind Socket 54, port 6364 [0m
[0;32mI (1849) [ESP_Mesh_Lite_Comm]: Bind Socket 55, port 6363 [0m
[0;32mI (1855) [ESP_Mesh_Lite_Comm]: Bind Socket 56, port 6366 [0m
[0;32mI (1861) [ESP_Mesh_Lite_Comm]: Bind Socket 57, port 6365 [0m
[0;32mI (1867) [mesh-lite-espnow]: Start espnow task [0m
[0;32mI (1873) Mesh-Lite: Mesh-Lite connecting[0m
[0;32mI (1878) [vendor_ie]: esp_mesh_lite_wifi_scan_start return ESP_OK [0m
[0;32mI (1884) gpio: GPIO[25]| InputEn: 1| OutputEn: 0| OpenDrain: 0| Pullup: 1| Pulldown: 0| Intr:2 [0m
[0;32mI (1893) cam_hal: cam init ok[0m
[0;32mI (1897) sccb: pin_sda 26 pin_scl 27[0m
[0;32mI (1900) sccb: sccb_i2c_port=1[0m
[0;32mI (1905) gpio: GPIO[32]| InputEn: 0| OutputEn: 1| OpenDrain: 0| Pullup: 0| Pulldown: 0| Intr:0 [0m
[0;32mI (1943) camera: Detected camera at address=0x30[0m
[0;32mI (1945) camera: Detected OV2640 camera[0m
[0;32mI (1945) camera: Camera PID=0x26 VER=0x42 MIDL=0x7f MIDH=0xa2[0m
[0;32mI (2011) cam_hal: buffer_size: 32768, half_buffer_size: 4096, node_buffer_size: ï¿½ets Jul 29 2019 12:21:46

rst:0x3 (SW_RESET),boot:0x13 (SPI_FAST_FLASH_BOOT)
configsip: 0, SPIWP:0xee
clk_drv:0x00,q_drv:0x00,d_drv:0x00,cs0_drv:0x00,hd_drv:0x00,wp_drv:0x00
mode:DIO, clock div:1
load:0x3fff0030,len:7168
load:0x40078000,len:15464
load:0x40080400,len:4
ho 8 tail 4 room 4
load:0x40080404,len:3684
entry 0x40080614
[0;32mI (179) boot: ESP-IDF v5.3-dirty 2nd stage bootloader[0m
[0;32mI (179) boot: compile time Aug 28 2024 01:45:36[0m
[0;33mW (179) boot: Unicore bootloader[0m
[0;32mI (184) boot: chip revision: v3.1[0m
[0;32mI (188) boot.esp32: SPI Speed      : 80MHz[0m
[0;32mI (193) boot.esp32: SPI Mode       : DIO[0m
[0;32mI (198) boot.esp32: SPI Flash Size : 4MB[0m
[0;32mI (202) boot: Enabling RNG early entropy source...[0m
[0;32mI (208) boot: Partition Table:[0m
[0;32mI (211) boot: ## Label            Usage          Type ST Offset   Length[0m
[0;32mI (219) boot:  0 nvs              WiFi data        01 02 00009000 00004000[0m
[0;32mI (226) boot:  1 otadata          OTA data         01 00 0000d000 00002000[0m
[0;32mI (234) boot:  2 phy_init         RF data          01 01 0000f000 00001000[0m
[0;32mI (242) boot:  3 ota_0            OTA app          00 10 00010000 001e0000[0m
[0;32mI (249) boot:  4 ota_1            OTA app          00 11 001f0000 001e0000[0m
[0;32mI (257) boot:  5 coredump         Unknown data     01 03 003d0000 00010000[0m
[0;32mI (264) boot:  6 reserved         Unknown data     01 fe 003e0000 00020000[0m
[0;32mI (272) boot: End of partition table[0m
[0;32mI (276) esp_image: segment 0: paddr=00010020 vaddr=3f400020 size=2f20ch (193036) map[0m
[0;32mI (339) esp_image: segment 1: paddr=0003f234 vaddr=3ffbdb60 size=00de4h (  3556) load[0m
[0;32mI (341) esp_image: segment 2: paddr=00040020 vaddr=400d0020 size=c37fch (800764) map[0m
[0;32mI (571) esp_image: segment 3: paddr=00103824 vaddr=3ffbe944 size=0447ch ( 17532) load[0m
[0;32mI (577) esp_image: segment 4: paddr=00107ca8 vaddr=40080000 size=1e61ch (124444) load[0m
[0;32mI (634) boot: Loaded app from partition at offset 0x10000[0m
[0;32mI (634) boot: Disabling RNG early entropy source...[0m
[0;32mI (646) quad_psram: This chip is ESP32-D0WD[0m
[0;32mI (646) esp_psram: Found 8MB PSRAM device[0m
[0;32mI (646) esp_psram: Speed: 80MHz[0m
[0;32mI (650) esp_psram: PSRAM initialized, cache is in normal (1-core) mode.[0m
[0;33mW (657) esp_psram: Virtual address not enough for PSRAM, map as much as we can. 4MB is mapped[0m
[0;32mI (666) cpu_start: Unicore app[0m
[0;32mI (670) cpu_start: Single core mode[0m
[0;32mI (1207) esp_psram: SPI SRAM memory test OK[0m
[0;32mI (1215) cpu_start: Pro cpu start user code[0m
[0;32mI (1215) cpu_start: cpu freq: 240000000 Hz[0m
[0;32mI (1215) app_init: Application information:[0m
[0;32mI (1219) app_init: Project name:     mesh_local_control[0m
[0;32mI (1224) app_init: App version:      44d7b81-dirty[0m
[0;32mI (1230) app_init: Compile time:     Aug 28 2024 01:45:30[0m
[0;32mI (1236) app_init: ELF file SHA256:  799c9fc28...[0m
[0;32mI (1241) app_init: ESP-IDF:          v5.3-dirty[0m
[0;32mI (1247) efuse_init: Min chip rev:     v0.0[0m
[0;32mI (1251) efuse_init: Max chip rev:     v3.99 [0m
[0;32mI (1256) efuse_init: Chip rev:         v3.1[0m
[0;32mI (1262) heap_init: Initializing. RAM available for dynamic allocation:[0m
[0;32mI (1269) heap_init: At 3FFAE6E0 len 0000F480 (61 KiB): DRAM[0m
[0;32mI (1275) heap_init: At 3FFC7C60 len 000183A0 (96 KiB): DRAM[0m
[0;32mI (1281) heap_init: At 3FFE0440 len 0001FBC0 (126 KiB): D/IRAM[0m
[0;32mI (1288) heap_init: At 40078000 len 00008000 (32 KiB): IRAM[0m
[0;32mI (1294) heap_init: At 4009E61C len 000019E4 (6 KiB): IRAM[0m
[0;32mI (1300) heap_init: At 3FF80000 len 00002000 (8 KiB): RTCRAM[0m
[0;32mI (1307) esp_psram: Adding pool of 4096K of PSRAM memory to heap allocator[0m
[0;32mI (1315) spi_flash: detected chip: generic[0m
[0;32mI (1319) spi_flash: flash io: dio[0m
[0;33mW (1323) i2c: This driver is an old driver, please migrate your application code to adapt `driver/i2c_master.h`[0m
[0;32mI (1345) coexist: coex firmware version: dab85ae96[0m
[0;32mI (1346) main_task: Started on CPU0[0m
[0;32mI (1346) esp_psram: Reserving pool of 32K of internal memory for DMA/internal allocations[0m
[0;32mI (1354) main_task: Calling app_main()[0m
[0;32mI (1369) bridge_common: esp-iot-bridge version: 0.11.8[0m
I (1371) wifi:wifi driver task: 3ffbd678, prio:23, stack:6656, core=0
I (1373) wifi:wifi firmware version: 0caa81945
I (1375) wifi:wifi certification version: v7.0
I (1379) wifi:config NVS flash: enabled
I (1382) wifi:config nano formating: disabled
I (1387) wifi:Init data frame dynamic rx buffer num: 32
I (1391) wifi:Init static rx mgmt buffer num: 5
I (1395) wifi:Init management short buffer num: 32
I (1400) wifi:Init static tx buffer num: 16
I (1404) wifi:Init tx cache buffer num: 32
I (1408) wifi:Init static rx buffer size: 1600
I (1412) wifi:Init static rx buffer num: 10
I (1416) wifi:Init dynamic rx buffer num: 32
[0;32mI (1420) wifi_init: accept mbox: 6[0m
[0;32mI (1424) wifi_init: tcpip mbox: 32[0m
[0;32mI (1428) wifi_init: udp mbox: 6[0m
[0;32mI (1432) wifi_init: tcp mbox: 6[0m
[0;32mI (1435) wifi_init: tcp tx win: 5760[0m
[0;32mI (1440) wifi_init: tcp rx win: 5760[0m
[0;32mI (1444) wifi_init: tcp mss: 1440[0m
[0;32mI (1448) wifi_init: WiFi IRAM OP enabled[0m
[0;32mI (1452) wifi_init: WiFi RX IRAM OP enabled[0m
[0;32mI (1458) phy_init: phy_version 4830,54550f7,Jun 20 2024,14:22:08[0m
I (1518) wifi:mode : null
I (1520) wifi:mode : softAP (08:a6:f7:11:51:a9)
I (1521) wifi:Total power save buffer number: 8
I (1521) wifi:Init max length of beacon: 752/752
I (1522) wifi:Init max length of beacon: 752/752
[0;32mI (1528) esp_netif_lwip: DHCP server started on interface WIFI_AP_DEF with IP: 192.168.4.1[0m
Add netif ap with 44d7b81(commit id)
[0;32mI (1539) bridge_common: netif list add success[0m
[0;32mI (1544) bridge_common: [WIFI_AP_DEF ][0m
[0;32mI (1549) bridge_common: Set ip info:192.168.5.1[0m
[0;32mI (1553) bridge_wifi: SoftAP IP network segment has changed, deauth all station[0m
I (1563) wifi:Disabled PMF config for SoftAP
I (1566) wifi:Total power save buffer number: 8
[0;32mI (1571) esp_netif_lwip: DHCP server started on interface WIFI_AP_DEF with IP: 192.168.5.1[0m
[0;32mI (1579) bridge_common: [WIFI_AP_DEF ]Name Server1: 114.114.114.114[0m
[0;32mI (1585) bridge_common: DHCPS Restart, deauth all station[0m
Add netif sta with 44d7b81(commit id)
[0;32mI (1595) bridge_common: netif list add success[0m
I (1600) wifi:mode : sta (08:a6:f7:11:51:a8) + softAP (08:a6:f7:11:51:a9)
I (1606) wifi:enable tsf
[0;31mE (1610) NVS: Failed to read IP info from NVS[0m
I (1614) wifi:Disabled PMF config for STA
[0;32mI (1617) bridge_wifi: [esp_bridge_wifi_set_config] sta ssid: Tran Con Dev password: password[0m
[0;32mI (1627) bridge_wifi: [esp_bridge_wifi_set_config] softap ssid: ESP_Bridge_1151a9 password: 12345678[0m
I (1808) wifi:Total power save buffer number: 8
[0;32mI (1810) esp_netif_lwip: DHCP server started on interface WIFI_AP_DEF with IP: 192.168.5.1[0m
[0;32mI (1811) bridge_wifi: SoftAP config changed, deauth all station[0m
[0;32mI (1817) Mesh-Lite: esp-mesh-lite component version: 1.0.0[0m
I (1823) ESPNOW: espnow [version: 1.0] init
[0;32mI (1827) [vendor_ie]: Mesh-Lite commit id: bc9302d
 [0m
[0;32mI (1833) [vendor_ie]: Mesh ID: 77 [0m
[0;32mI (1838) [ESP_Mesh_Lite_Comm]: msg action add success [0m
[0;32mI (1844) [ESP_Mesh_Lite_Comm]: Bind Socket 54, port 6364 [0m
[0;32mI (1848) [ESP_Mesh_Lite_Comm]: Bind Socket 55, port 6363 [0m
[0;32mI (1854) [ESP_Mesh_Lite_Comm]: Bind Socket 56, port 6366 [0m
[0;32mI (1861) [ESP_Mesh_Lite_Comm]: Bind Socket 57, port 6365 [0m
[0;32mI (1867) [mesh-lite-espnow]: Start espnow task [0m
[0;32mI (1872) Mesh-Lite: Mesh-Lite connecting[0m
[0;32mI (1878) [vendor_ie]: esp_mesh_lite_wifi_scan_start return ESP_OK [0m
[0;32mI (1883) gpio: GPIO[25]| InputEn: 1| OutputEn: 0| OpenDrain: 0| Pullup: 1| Pulldown: 0| Intr:2 [0m
[0;32mI (1893) cam_hal: cam init ok[0m
[0;32mI (1896) sccb: pin_sda 26 pin_scl 27[0m
[0;32mI (1900) sccb: sccb_i2c_port=1[0m
[0;32mI (1904) gpio: GPIO[32]| InputEn: 0| OutputEn: 1| OpenDrain: 0| Pullup: 0| Pulldown: 0| Intr:0 [0m
[0;32mI (1943) camera: Detected camera at address=0x30[0m
[0;32mI (1945) camera: Detected OV2640 camera[0m
[0;32mI (1945) camera: Camera PID=0x26 VER=0x42 MIDL=0x7f MIDH=0xa2[0m
[0;32mI (2011) cam_hal: buffer_size: 32768, half_buffer_size: 4096, node_buffï¿½ets Jul 29 2019 12:21:46

rst:0x3 (SW_RESET),boot:0x13 (SPI_FAST_FLASH_BOOT)
configsip: 0, SPIWP:0xee
clk_drv:0x00,q_drv:0x00,d_drv:0x00,cs0_drv:0x00,hd_drv:0x00,wp_drv:0x00
mode:DIO, clock div:1
load:0x3fff0030,len:7168
load:0x40078000,len:15464
load:0x40080400,len:4
ho 8 tail 4 room 4
load:0x40080404,len:3684
entry 0x40080614
[0;32mI (179) boot: ESP-IDF v5.3-dirty 2nd stage bootloader[0m
[0;32mI (179) boot: compile time Aug 28 2024 01:45:36[0m
[0;33mW (179) boot: Unicore bootloader[0m
[0;32mI (184) boot: chip revision: v3.1[0m
[0;32mI (188) boot.esp32: SPI Speed      : 80MHz[0m
[0;32mI (193) boot.esp32: SPI Mode       : DIO[0m
[0;32mI (198) boot.esp32: SPI Flash Size : 4MB[0m
[0;32mI (202) boot: Enabling RNG early entropy source...[0m
[0;32mI (208) boot: Partition Table:[0m
[0;32mI (211) boot: ## Label            Usage          Type ST Offset   Length[0m
[0;32mI (219) boot:  0 nvs              WiFi data        01 02 00009000 00004000[0m
[0;32mI (226) boot:  1 otadata          OTA data         01 00 0000d000 00002000[0m
[0;32mI (234) boot:  2 phy_init         RF data          01 01 0000f000 00001000[0m
[0;32mI (242) boot:  3 ota_0            OTA app          00 10 00010000 001e0000[0m
[0;32mI (249) boot:  4 ota_1            OTA app          00 11 001f0000 001e0000[0m
[0;32mI (257) boot:  5 coredump         Unknown data     01 03 003d0000 00010000[0m
[0;32mI (264) boot:  6 reserved         Unknown data     01 fe 003e0000 00020000[0m
[0;32mI (272) boot: End of partition table[0m
[0;32mI (276) esp_image: segment 0: paddr=00010020 vaddr=3f400020 size=2f20ch (193036) map[0m
[0;32mI (339) esp_image: segment 1: paddr=0003f234 vaddr=3ffbdb60 size=00de4h (  3556) load[0m
[0;32mI (341) esp_image: segment 2: paddr=00040020 vaddr=400d0020 size=c37fch (800764) map[0m
[0;32mI (571) esp_image: segment 3: paddr=00103824 vaddr=3ffbe944 size=0447ch ( 17532) load[0m
[0;32mI (577) esp_image: segment 4: paddr=00107ca8 vaddr=40080000 size=1e61ch (124444) load[0m
[0;32mI (634) boot: Loaded app from partition at offset 0x10000[0m
[0;32mI (634) boot: Disabling RNG early entropy source...[0m
[0;32mI (646) quad_psram: This chip is ESP32-D0WD[0m
[0;32mI (646) esp_psram: Found 8MB PSRAM device[0m
[0;32mI (646) esp_psram: Speed: 80MHz[0m
[0;32mI (650) esp_psram: PSRAM initialized, cache is in normal (1-core) mode.[0m
[0;33mW (657) esp_psram: Virtual address not enough for PSRAM, map as much as we can. 4MB is mapped[0m
[0;32mI (666) cpu_start: Unicore app[0m
[0;32mI (670) cpu_start: Single core mode[0m
[0;32mI (1207) esp_psram: SPI SRAM memory test OK[0m
[0;32mI (1215) cpu_start: Pro cpu start user code[0m
[0;32mI (1215) cpu_start: cpu freq: 240000000 Hz[0m
[0;32mI (1215) app_init: Application information:[0m
[0;32mI (1219) app_init: Project name:     mesh_local_control[0m
[0;32mI (1224) app_init: App version:      44d7b81-dirty[0m
[0;32mI (1230) app_init: Compile time:     Aug 28 2024 01:45:30[0m
[0;32mI (1236) app_init: ELF file SHA256:  799c9fc28...[0m
[0;32mI (1241) app_init: ESP-IDF:          v5.3-dirty[0m
[0;32mI (1247) efuse_init: Min chip rev:     v0.0[0m
[0;32mI (1251) efuse_init: Max chip rev:     v3.99 [0m
[0;32mI (1256) efuse_init: Chip rev:         v3.1[0m
[0;32mI (1262) heap_init: Initializing. RAM available for dynamic allocation:[0m
[0;32mI (1269) heap_init: At 3FFAE6E0 len 0000F480 (61 KiB): DRAM[0m
[0;32mI (1275) heap_init: At 3FFC7C60 len 000183A0 (96 KiB): DRAM[0m
[0;32mI (1281) heap_init: At 3FFE0440 len 0001FBC0 (126 KiB): D/IRAM[0m
[0;32mI (1288) heap_init: At 40078000 len 00008000 (32 KiB): IRAM[0m
[0;32mI (1294) heap_init: At 4009E61C len 000019E4 (6 KiB): IRAM[0m
[0;32mI (1300) heap_init: At 3FF80000 len 00002000 (8 KiB): RTCRAM[0m
[0;32mI (1307) esp_psram: Adding pool of 4096K of PSRAM memory to heap allocator[0m
[0;32mI (1315) spi_flash: detected chip: generic[0m
[0;32mI (1319) spi_flash: flash io: dio[0m
[0;33mW (1323) i2c: This driver is an old driver, please migrate your application code to adapt `driver/i2c_master.h`[0m
[0;32mI (1345) coexist: coex firmware version: dab85ae96[0m
[0;32mI (1346) main_task: Started on CPU0[0m
[0;32mI (1346) esp_psram: Reserving pool of 32K of internal memory for DMA/internal allocations[0m
[0;32mI (1354) main_task: Calling app_main()[0m
[0;32mI (1369) bridge_common: esp-iot-bridge version: 0.11.8[0m
I (1371) wifi:wifi driver task: 3ffbd678, prio:23, stack:6656, core=0
I (1373) wifi:wifi firmware version: 0caa81945
I (1375) wifi:wifi certification version: v7.0
I (1379) wifi:config NVS flash: enabled
I (1382) wifi:config nano formating: disabled
I (1387) wifi:Init data frame dynamic rx buffer num: 32
I (1391) wifi:Init static rx mgmt buffer num: 5
I (1395) wifi:Init management short buffer num: 32
I (1400) wifi:Init static tx buffer num: 16
I (1404) wifi:Init tx cache buffer num: 32
I (1408) wifi:Init static rx buffer size: 1600
I (1412) wifi:Init static rx buffer num: 10
I (1416) wifi:Init dynamic rx buffer num: 32
[0;32mI (1420) wifi_init: accept mbox: 6[0m
[0;32mI (1424) wifi_init: tcpip mbox: 32[0m
[0;32mI (1428) wifi_init: udp mbox: 6[0m
[0;32mI (1432) wifi_init: tcp mbox: 6[0m
[0;32mI (1435) wifi_init: tcp tx win: 5760[0m
[0;32mI (1440) wifi_init: tcp rx win: 5760[0m
[0;32mI (1444) wifi_init: tcp mss: 1440[0m
[0;32mI (1448) wifi_init: WiFi IRAM OP enabled[0m
[0;32mI (1452) wifi_init: WiFi RX IRAM OP enabled[0m
[0;32mI (1458) phy_init: phy_version 4830,54550f7,Jun 20 2024,14:22:08[0m
ï¿½ets Jul 29 2019 12:21:46

rst:0x3 (SW_RESET),boot:0x13 (SPI_FAST_FLASH_BOOT)
configsip: 0, SPIWP:0xee
clk_drv:0x00,q_drv:0x00,d_drv:0x00,cs0_drv:0x00,hd_drv:0x00,wp_drv:0x00
mode:DIO, clock div:1
load:0x3fff0030,len:7168
load:0x40078000,len:15464
load:0x40080400,len:4
ho 8 tail 4 room 4
load:0x40080404,len:3684
entry 0x40080614
[0;32mI (179) boot: ESP-IDF v5.3-dirty 2nd stage bootloader[0m
[0;32mI (179) boot: compile time Aug 28 2024 01:45:36[0m
[0;33mW (179) boot: Unicore bootloader[0m
[0;32mI (184) boot: chip revision: v3.1[0m
[0;32mI (188) boot.esp32: SPI Speed      : 80MHz[0m
[0;32mI (193) boot.esp32: SPI Mode       : DIO[0m
[0;32mI (198) boot.esp32: SPI Flash Size : 4MB[0m
[0;32mI (202) boot: Enabling RNG early entropy source...[0m
[0;32mI (208) boot: Partition Table:[0m
[0;32mI (211) boot: ## Label            Usage          Type ST Offset   Length[0m
[0;32mI (219) boot:  0 nvs              WiFi data        01 02 00009000 00004000[0m
[0;32mI (226) boot:  1 otadata          OTA data         01 00 0000d000 00002000[0m
[0;32mI (234) boot:  2 phy_init         RF data          01 01 0000f000 00001000[0m
[0;32mI (242) boot:  3 ota_0            OTA app          00 10 00010000 001e0000[0m
[0;32mI (249) boot:  4 ota_1            OTA app          00 11 001f0000 001e0000[0m
[0;32mI (257) boot:  5 coredump         Unknown data     01 03 003d0000 00010000[0m
[0;32mI (264) boot:  6 reserved         Unknown data     01 fe 003e0000 00020000[0m
[0;32mI (272) boot: End of partition table[0m
[0;32mI (276) esp_image: segment 0: paddr=00010020 vaddr=3f400020 size=2f20ch (193036) map[0m
[0;32mI (339) esp_image: segment 1: paddr=0003f234 vaddr=3ffbdb60 size=00de4h (  3556) load[0m
[0;32mI (341) esp_image: segment 2: paddr=00040020 vaddr=400d0020 size=c37fch (800764) map[0m
[0;32mI (571) esp_image: segment 3: paddr=00103824 vaddr=3ffbe944 size=0447ch ( 17532) load[0m
[0;32mI (577) esp_image: segment 4: paddr=00107ca8 vaddr=40080000 size=1e61ch (124444) load[0m
[0;32mI (634) boot: Loaded app from partition at offset 0x10000[0m
[0;32mI (634) boot: Disabling RNG early entropy source...[0m
[0;32mI (646) quad_psram: This chip is ESP32-D0WD[0m
[0;32mI (646) esp_psram: Found 8MB PSRAM device[0m
[0;32mI (646) esp_psram: Speed: 80MHz[0m
[0;32mI (650) esp_psram: PSRAM initialized, cache is in normal (1-core) mode.[0m
[0;33mW (657) esp_psram: Virtual address not enough for PSRAM, map as much as we can. 4MB is mapped[0m
[0;32mI (666) cpu_start: Unicore app[0m
[0;32mI (670) cpu_start: Single core mode[0m
[0;32mI (1207) esp_psram: SPI SRAM memory test OK[0m
[0;32mI (1215) cpu_start: Pro cpu start user code[0m
[0;32mI (1215) cpu_start: cpu freq: 240000000 Hz[0m
[0;32mI (1215) app_init: Application information:[0m
[0;32mI (1219) app_init: Project name:     mesh_local_control[0m
[0;32mI (1224) app_init: App version:      44d7b81-dirty[0m
[0;32mI (1230) app_init: Compile time:     Aug 28 2024 01:45:30[0m
[0;32mI (1236) app_init: ELF file SHA256:  799c9fc28...[0m
[0;32mI (1241) app_init: ESP-IDF:          v5.3-dirty[0m
[0;32mI (1247) efuse_init: Min chip rev:     v0.0[0m
[0;32mI (1251) efuse_init: Max chip rev:     v3.99 [0m
[0;32mI (1256) efuse_init: Chip rev:         v3.1[0m
[0;32mI (1262) heap_init: Initializing. RAM available for dynamic allocation:[0m
[0;32mI (1269) heap_init: At 3FFAE6E0 len 0000F480 (61 KiB): DRAM[0m
[0;32mI (1275) heap_init: At 3FFC7C60 len 000183A0 (96 KiB): DRAM[0m
[0;32mI (1281) heap_init: At 3FFE0440 len 0001FBC0 (126 KiB): D/IRAM[0m
[0;32mI (1288) heap_init: At 40078000 len 00008000 (32 KiB): IRAM[0m
[0;32mI (1294) heap_init: At 4009E61C len 000019E4 (6 KiB): IRAM[0m
[0;32mI (1300) heap_init: At 3FF80000 len 00002000 (8 KiB): RTCRAM[0m
[0;32mI (1307) esp_psram: Adding pool of 4096K of PSRAM memory to heap allocator[0m
[0;32mI (1315) spi_flash: detected chip: generic[0m
[0;32mI (1319) spi_flash: flash io: dio[0m
[0;33mW (1323) i2c: This driver is an old driver, please migrate your application code to adapt `driver/i2c_master.h`[0m
[0;32mI (1345) coexist: coex firmware version: dab85ae96[0m
[0;32mI (1346) main_task: Started on CPU0[0m
[0;32mI (1346) esp_psram: Reserving pool of 32K of internal memory for DMA/internal allocations[0m
[0;32mI (1354) main_task: Calling app_main()[0m
[0;32mI (1369) bridge_common: esp-iot-bridge version: 0.11.8[0m
I (1371) wifi:wifi driver task: 3ffbd678, prio:23, stack:6656, core=0
I (1373) wifi:wifi firmware version: 0caa81945
I (1375) wifi:wifi certification version: v7.0
I (1379) wifi:config NVS flash: enabled
I (1382) wifi:config nano formating: disabled
I (1387) wifi:Init data frame dynamic rx buffer num: 32
I (1391) wifi:Init static rx mgmt buffer num: 5
I (1395) wifi:Init management short buffer num: 32
I (1400) wifi:Init static tx buffer num: 16
I (1404) wifi:Init tx cache buffer num: 32
I (1408) wifi:Init static rx buffer size: 1600
I (1412) wifi:Init static rx buffer num: 10
I (1416) wifi:Init dynamic rx buffer num: 32
[0;32mI (1420) wifi_init: accept mbox: 6[0m
[0;32mI (1424) wifi_init: tcpip mbox: 32[0m
[0;32mI (1428) wifi_init: udp mbox: 6[0m
[0;32mI (1432) wifi_init: tcp mbox: 6[0m
[0;32mI (1435) wifi_init: tcp tx win: 5760[0m
[0;32mI (1440) wifi_init: tcp rx win: 5760[0m
[0;32mI (1444) wifi_init: tcp mss: 1440[0m
[0;32mI (1448) wifi_init: WiFi IRAM OP enabled[0m
[0;32mI (1452) wifi_init: WiFi RX IRAM OP enabled[0m
[0;32mI (1458) phy_init: phy_version 4830,54550f7,Jun 20 2024,14:22:08[0m
I (1518) wifi:mode : null
I (1520) wifi:mode : softAP (08:a6:f7:11:51:a9)
I (1521) wifi:Total power save buffer number: 8
I (1521) wifi:Init max length of beacon: 752/752
I (1522) wifi:Init max length of beacon: 752/752
[0;32mI (1528) esp_netif_lwip: DHCP server started on interface WIFI_AP_DEF with IP: 192.168.4.1[0m
Add netif ap with 44d7b81(commit id)
[0;32mI (1539) bridge_common: netif list add success[0m
[0;32mI (1544) bridge_common: [WIFI_AP_DEF ][0m
[0;32mI (1549) bridge_common: Set ip info:192.168.5.1[0m
[0;32mI (1553) bridge_wifi: SoftAP IP network segment has changed, deauth all station[0m
I (1563) wifi:Disabled PMF config for SoftAP
I (1566) wifi:Total power save buffer number: 8
[0;32mI (1571) esp_netif_lwip: DHCP server started on interface WIFI_AP_DEF with IP: 192.168.5.1[0m
[0;32mI (1579) bridge_common: [WIFI_AP_DEF ]Name Server1: 114.114.114.114[0m
[0;32mI (1585) bridge_common: DHCPS Restart, deauth all station[0m
Add netif sta with 44d7b81(commit id)
[0;32mI (1595) bridge_common: netif list add success[0m
I (1600) wifi:mode : sta (08:a6:f7:11:51:a8) + softAP (08:a6:f7:11:51:a9)
I (1606) wifi:enable tsf
[0;31mE (1610) NVS: Failed to read IP info from NVS[0m
I (1614) wifi:Disabled PMF config for STA
[0;32mI (1617) bridge_wifi: [esp_bridge_wifi_set_config] sta ssid: Tran Con Dev password: password[0m
[0;32mI (1627) bridge_wifi: [esp_bridge_wifi_set_config] softap ssid: ESP_Bridge_1151a9 password: 12345678[0m
I (1808) wifi:Total power save buffer number: 8
[0;32mI (1810) eï¿½ets Jul 29 2019 12:21:46

rst:0x3 (SW_RESET),boot:0x13 (SPI_FAST_FLASH_BOOT)
configsip: 0, SPIWP:0xee
clk_drv:0x00,q_drv:0x00,d_drv:0x00,cs0_drv:0x00,hd_drv:0x00,wp_drv:0x00
mode:DIO, clock div:1
load:0x3fff0030,len:7168
load:0x40078000,len:15464
load:0x40080400,len:4
ho 8 tail 4 room 4
load:0x40080404,len:3684
entry 0x40080614
[0;32mI (179) boot: ESP-IDF v5.3-dirty 2nd stage bootloader[0m
[0;32mI (179) boot: compile time Aug 28 2024 01:45:36[0m
[0;33mW (179) boot: Unicore bootloader[0m
[0;32mI (184) boot: chip revision: v3.1[0m
[0;32mI (188) boot.esp32: SPI Speed      : 80MHz[0m
[0;32mI (193) boot.esp32: SPI Mode       : DIO[0m
[0;32mI (198) boot.esp32: SPI Flash Size : 4MB[0m
[0;32mI (202) boot: Enabling RNG early entropy source...[0m
[0;32mI (208) boot: Partition Table:[0m
[0;32mI (211) boot: ## Label            Usage          Type ST Offset   Length[0m
[0;32mI (219) boot:  0 nvs              WiFi data        01 02 00009000 00004000[0m
[0;32mI (226) boot:  1 otadata          OTA data         01 00 0000d000 00002000[0m
[0;32mI (234) boot:  2 phy_init         RF data          01 01 0000f000 00001000[0m
[0;32mI (242) boot:  3 ota_0            OTA app          00 10 00010000 001e0000[0m
[0;32mI (249) boot:  4 ota_1            OTA app          00 11 001f0000 001e0000[0m
[0;32mI (257) boot:  5 coredump         Unknown data     01 03 003d0000 00010000[0m
[0;32mI (264) boot:  6 reserved         Unknown data     01 fe 003e0000 00020000[0m
[0;32mI (272) boot: End of partition table[0m
[0;32mI (276) esp_image: segment 0: paddr=00010020 vaddr=3f400020 size=2f20ch (193036) map[0m
[0;32mI (339) esp_image: segment 1: paddr=0003f234 vaddr=3ffbdb60 size=00de4h (  3556) load[0m
[0;32mI (341) esp_image: segment 2: paddr=00040020 vaddr=400d0020 size=c37fch (800764) map[0m
[0;32mI (571) esp_image: segment 3: paddr=00103824 vaddr=3ffbe944 size=0447ch ( 17532) load[0m
[0;32mI (577) esp_image: segment 4: paddr=00107ca8 vaddr=40080000 size=1e61ch (124444) load[0m
[0;32mI (634) boot: Loaded app from partition at offset 0x10000[0m
[0;32mI (634) boot: Disabling RNG early entropy source...[0m
[0;32mI (646) quad_psram: This chip is ESP32-D0WD[0m
[0;32mI (646) esp_psram: Found 8MB PSRAM device[0m
[0;32mI (646) esp_psram: Speed: 80MHz[0m
[0;32mI (650) esp_psram: PSRAM initialized, cache is in normal (1-core) mode.[0m
[0;33mW (657) esp_psram: Virtual address not enough for PSRAM, map as much as we can. 4MB is mapped[0m
[0;32mI (666) cpu_start: Unicore app[0m
[0;32mI (670) cpu_start: Single core mode[0m
[0;32mI (1207) esp_psram: SPI SRAM memory test OK[0m
[0;32mI (1215) cpu_start: Pro cpu start user code[0m
[0;32mI (1215) cpu_start: cpu freq: 240000000 Hz[0m
[0;32mI (1215) app_init: Application information:[0m
[0;32mI (1219) app_init: Project name:     mesh_local_control[0m
[0;32mI (1224) app_init: App version:      44d7b81-dirty[0m
[0;32mI (1230) app_init: Compile time:     Aug 28 2024 01:45:30[0m
[0;32mI (1236) app_init: ELF file SHA256:  799c9fc28...[0m
[0;32mI (1241) app_init: ESP-IDF:          v5.3-dirty[0m
[0;32mI (1247) efuse_init: Min chip rev:     v0.0[0m
[0;32mI (1251) efuse_init: Max chip rev:     v3.99 [0m
[0;32mI (1256) efuse_init: Chip rev:         v3.1[0m
[0;32mI (1262) heap_init: Initializing. RAM available for dynamic allocation:[0m
[0;32mI (1269) heap_init: At 3FFAE6E0 len 0000F480 (61 KiB): DRAM[0m
[0;32mI (1275) heap_init: At 3FFC7C60 len 000183A0 (96 KiB): DRAM[0m
[0;32mI (1281) heap_init: At 3FFE0440 len 0001FBC0 (126 KiB): D/IRAM[0m
[0;32mI (1288) heap_init: At 40078000 len 00008000 (32 KiB): IRAM[0m
[0;32mI (1294) heap_init: At 4009E61C len 000019E4 (6 KiB): IRAM[0m
[0;32mI (1300) heap_init: At 3FF80000 len 00002000 (8 KiB): RTCRAM[0m
[0;32mI (1307) esp_psram: Adding pool of 4096K of PSRAM memory to heap allocator[0m
[0;32mI (1315) spi_flash: detected chip: generic[0m
[0;32mI (1319) spi_flash: flash io: dio[0m
[0;33mW (1323) i2c: This driver is an old driver, please migrate your application code to adapt `driver/i2c_master.h`[0m
[0;32mI (1345) coexist: coex firmware version: dab85ae96[0m
[0;32mI (1346) main_task: Started on CPU0[0m
[0;32mI (1346) esp_psram: Reserving pool of 32K of internal memory for DMA/internal allocations[0m
[0;32mI (1354) main_task: Calling app_main()[0m
[0;32mI (1369) bridge_common: esp-iot-bridge version: 0.11.8[0m
I (1371) wifi:wifi driver task: 3ffbd678, prio:23, stack:6656, core=0
I (1373) wifi:wifi firmware version: 0caa81945
I (1375) wifi:wifi certification version: v7.0
I (1379) wifi:config NVS flash: enabled
I (1382) wifi:config nano formating: disabled
I (1387) wifi:Init data frame dynamic rx buffer num: 32
I (1391) wifi:Init static rx mgmt buffer num: 5
I (1395) wifi:Init management short buffer num: 32
I (1400) wifi:Init static tx buffer num: 16
I (1404) wifi:Init tx cache buffer num: 32
I (1408) wifi:Init static rx buffer size: 1600
I (1412) wifi:Init static rx buffer num: 10
I (1416) wifi:Init dynamic rx buffer num: 32
[0;32mI (1420) wifi_init: accept mbox: 6[0m
[0;32mI (1424) wifi_init: tcpip mbox: 32[0m
[0;32mI (1428) wifi_init: udp mbox: 6[0m
[0;32mI (1432) wifi_init: tcp mbox: 6[0m
[0;32mI (1435) wifi_init: tcp tx win: 5760[0m
[0;32mI (1440) wifi_init: tcp rx win: 5760[0m
[0;32mI (1444) wifi_init: tcp mss: 1440[0m
[0;32mI (1448) wifi_init: WiFi IRAM OP enabled[0m
[0;32mI (1452) wifi_init: WiFi RX IRAM OP enabled[0m
[0;32mI (1458) phy_init: phy_version 4830,54550f7,Jun 20 2024,14:22:08[0m
I (1518) wifi:mode : null
I (1520) wifi:mode : softAP (08:a6:f7:11:51:a9)
I (1521) wifi:Total power save buffer number: 8
I (1522) wifi:Init max length of beacoï¿½ets Jul 29 2019 12:21:46

rst:0x3 (SW_RESET),boot:0x13 (SPI_FAST_FLASH_BOOT)
configsip: 0, SPIWP:0xee
clk_drv:0x00,q_drv:0x00,d_drv:0x00,cs0_drv:0x00,hd_drv:0x00,wp_drv:0x00
mode:DIO, clock div:1
load:0x3fff0030,len:7168
load:0x40078000,len:15464
load:0x40080400,len:4
ho 8 tail 4 room 4
load:0x40080404,len:3684
entry 0x40080614
[0;32mI (179) boot: ESP-IDF v5.3-dirty 2nd stage bootloader[0m
[0;32mI (179) boot: compile time Aug 28 2024 01:45:36[0m
[0;33mW (179) boot: Unicore bootloader[0m
[0;32mI (184) boot: chip revision: v3.1[0m
[0;32mI (188) boot.esp32: SPI Speed      : 80MHz[0m
[0;32mI (193) boot.esp32: SPI Mode       : DIO[0m
[0;32mI (198) boot.esp32: SPI Flash Size : 4MB[0m
[0;32mI (202) boot: Enabling RNG early entropy source...[0m
[0;32mI (208) boot: Partition Table:[0m
[0;32mI (211) boot: ## Label            Usage          Type ST Offset   Length[0m
[0;32mI (219) boot:  0 nvs              WiFi data        01 02 00009000 00004000[0m
[0;32mI (226) boot:  1 otadata          OTA data         01 00 0000d000 00002000[0m
[0;32mI (234) boot:  2 phy_init         RF data          01 01 0000f000 00001000[0m
[0;32mI (242) boot:  3 ota_0            OTA app          00 10 00010000 001e0000[0m
[0;32mI (249) boot:  4 ota_1            OTA app          00 11 001f0000 001e0000[0m
[0;32mI (257) boot:  5 coredump         Unknown data     01 03 003d0000 00010000[0m
[0;32mI (264) boot:  6 reserved         Unknown data     01 fe 003e0000 00020000[0m
[0;32mI (272) boot: End of partition table[0m
[0;32mI (276) esp_image: segment 0: paddr=00010020 vaddr=3f400020 size=2f20ch (193036) map[0m
[0;32mI (339) esp_image: segment 1: paddr=0003f234 vaddr=3ffbdb60 size=00de4h (  3556) load[0m
[0;32mI (341) esp_image: segment 2: paddr=00040020 vaddr=400d0020 size=c37fch (800764) map[0m
[0;32mI (571) esp_image: segment 3: paddr=00103824 vaddr=3ffbe944 size=0447ch ( 17532) load[0m
[0;32mI (577) esp_image: segment 4: paddr=00107ca8 vaddr=40080000 size=1e61ch (124444) load[0m
[0;32mI (634) boot: Loaded app from partition at offset 0x10000[0m
[0;32mI (634) boot: Disabling RNG early entropy source...[0m
[0;32mI (646) quad_psram: This chip is ESP32-D0WD[0m
[0;32mI (646) esp_psram: Found 8MB PSRAM device[0m
[0;32mI (646) esp_psram: Speed: 80MHz[0m
[0;32mI (650) esp_psram: PSRAM initialized, cache is in normal (1-core) mode.[0m
[0;33mW (657) esp_psram: Virtual address not enough for PSRAM, map as much as we can. 4MB is mapped[0m
[0;32mI (666) cpu_start: Unicore app[0m
[0;32mI (670) cpu_start: Single core mode[0m
[0;32mI (1207) esp_psram: SPI SRAM memory test OK[0m
[0;32mI (1215) cpu_start: Pro cpu start user code[0m
[0;32mI (1215) cpu_start: cpu freq: 240000000 Hz[0m
[0;32mI (1215) app_init: Application information:[0m
[0;32mI (1219) app_init: Project name:     mesh_local_control[0m
[0;32mI (1224) app_init: App version:      44d7b81-dirty[0m
[0;32mI (1230) app_init: Compile time:     Aug 28 2024 01:45:30[0m
[0;32mI (1236) app_init: ELF file SHA256:  799c9fc28...[0m
[0;32mI (1241) app_init: ESP-IDF:          v5.3-dirty[0m
[0;32mI (1247) efuse_init: Min chip rev:     v0.0[0m
[0;32mI (1251) efuse_init: Max chip rev:     v3.99 [0m
[0;32mI (1256) efuse_init: Chip rev:         v3.1[0m
[0;32mI (1262) heap_init: Initializing. RAM available for dynamic allocation:[0m
[0;32mI (1269) heap_init: At 3FFAE6E0 len 0000F480 (61 KiB): DRAM[0m
[0;32mI (1275) heap_init: At 3FFC7C60 len 000183A0 (96 KiB): DRAM[0m
[0;32mI (1281) heap_init: At 3FFE0440 len 0001FBC0 (126 KiB): D/IRAM[0m
[0;32mI (1288) heap_init: At 40078000 len 00008000 (32 KiB): IRAM[0m
[0;32mI (1294) heap_init: At 4009E61C len 000019E4 (6 KiB): IRAM[0m
[0;32mI (1300) heap_init: At 3FF80000 len 00002000 (8 KiB): RTCRAM[0m
[0;32mI (1307) esp_psram: Adding pool of 4096K of PSRAM memory to heap allocator[0m
[0;32mI (1315) spi_flash: detected chip: generic[0m
[0;32mI (1319) spi_flash: flash io: dio[0m
[0;33mW (1323) i2c: This driver is an old driver, please migrate your application code to adapt `driver/i2c_master.h`[0m
[0;32mI (1345) coexist: coex firmware version: dab85ae96[0m
[0;32mI (1346) main_task: Started on CPU0[0m
[0;32mI (1346) esp_psram: Reserving pool of 32K of internal memory for DMA/internal allocations[0m
[0;32mI (1354) main_task: Calling app_main()[0m
[0;32mI (1369) bridge_common: esp-iot-bridge version: 0.11.8[0m
I (1371) wifi:wifi driver task: 3ffbd678, prio:23, stack:6656, core=0
I (1373) wifi:wifi firmware version: 0caa81945
I (1375) wifi:wifi certification version: v7.0
I (1379) wifi:config NVS flash: enabled
I (1382) wifi:config nano formating: disabled
I (1387) wifi:Init data frame dynamic rx buffer num: 32
I (1391) wifi:Init static rx mgmt buffer num: 5
I (1395) wifi:Init management short buffer num: 32
I (1400) wifi:Init static tx buffer num: 16
I (1404) wifi:Init tx cache buffer num: 32
I (1408) wifi:Init static rx buffer size: 1600
I (1412) wifi:Init static rx buffer num: 10
I (1416) wifi:Init dynamic rx buffer num: 32
[0;32mI (1420) wifi_init: accept mbox: 6[0m
[0;32mI (1424) wifi_init: tcpip mbox: 32[0m
[0;32mI (1428) wifi_init: udp mbox: 6[0m
[0;32mI (1432) wifi_init: tcp mbox: 6[0m
[0;32mI (1435) wifi_init: tcp tx win: 5760[0m
[0;32mI (1440) wifi_init: tcp rx win: 5760[0m
[0;32mI (1444) wifi_init: tcp mss: 1440[0m
[0;32mI (1448) wifi_init: WiFi IRAM OP enabled[0m
[0;32mI (1452) wifi_init: WiFi RX IRAM OP enabled[0m
[0;32mI (1458) phy_init: phy_version 4830,54550f7,Jun 20 2024,14:22:08[0m
ï¿½ets Jul 29 2019 12:21:46

rst:0x3 (SW_RESET),boot:0x13 (SPI_FAST_FLASH_BOOT)
configsip: 0, SPIWP:0xee
clk_drv:0x00,q_drv:0x00,d_drv:0x00,cs0_drv:0x00,hd_drv:0x00,wp_drv:0x00
mode:DIO, clock div:1
load:0x3fff0030,len:7168
load:0x40078000,len:15464
load:0x40080400,len:4
ho 8 tail 4 room 4
load:0x40080404,len:3684
entry 0x40080614
[0;32mI (179) boot: ESP-IDF v5.3-dirty 2nd stage bootloader[0m
[0;32mI (179) boot: compile time Aug 28 2024 01:45:36[0m
[0;33mW (179) boot: Unicore bootloader[0m
[0;32mI (184) boot: chip revision: v3.1[0m
[0;32mI (188) boot.esp32: SPI Speed      : 80MHz[0m
[0;32mI (193) boot.esp32: SPI Mode       : DIO[0m
[0;32mI (198) boot.esp32: SPI Flash Size : 4MB[0m
[0;32mI (202) boot: Enabling RNG early entropy source...[0m
[0;32mI (208) boot: Partition Table:[0m
[0;32mI (211) boot: ## Label            Usage          Type ST Offset   Length[0m
[0;32mI (219) boot:  0 nvs              WiFi data        01 02 00009000 00004000[0m
[0;32mI (226) boot:  1 otadata          OTA data         01 00 0000d000 00002000[0m
[0;32mI (234) boot:  2 phy_init         RF data          01 01 0000f000 00001000[0m
[0;32mI (242) boot:  3 ota_0            OTA app          00 10 00010000 001e0000[0m
[0;32mI (249) boot:  4 ota_1            OTA app          00 11 001f0000 001e0000[0m
[0;32mI (257) boot:  5 coredump         Unknown data     01 03 003d0000 00010000[0m
[0;32mI (264) boot:  6 reserved         Unknown data     01 fe 003e0000 00020000[0m
[0;32mI (272) boot: End of partition table[0m
[0;32mI (276) esp_image: segment 0: paddr=00010020 vaddr=3f400020 size=2f20ch (193036) map[0m
[0;32mI (339) esp_image: segment 1: paddr=0003f234 vaddr=3ffbdb60 size=00de4h (  3556) load[0m
[0;32mI (341) esp_image: segment 2: paddr=00040020 vaddr=400d0020 size=c37fch (800764) map[0m
[0;32mI (571) esp_image: segment 3: paddr=00103824 vaddr=3ffbe944 size=0447ch ( 17532) load[0m
[0;32mI (577) esp_image: segment 4: paddr=00107ca8 vaddr=40080000 size=1e61ch (124444) load[0m
[0;32mI (634) boot: Loaded app from partition at offset 0x10000[0m
[0;32mI (634) boot: Disabling RNG early entropy source...[0m
[0;32mI (646) quad_psram: This chip is ESP32-D0WD[0m
[0;32mI (646) esp_psram: Found 8MB PSRAM device[0m
[0;32mI (646) esp_psram: Speed: 80MHz[0m
[0;32mI (650) esp_psram: PSRAM initialized, cache is in normal (1-core) mode.[0m
[0;33mW (657) esp_psram: Virtual address not enough for PSRAM, map as much as we can. 4MB is mapped[0m
[0;32mI (666) cpu_start: Unicore app[0m
[0;32mI (670) cpu_start: Single core mode[0m
[0;32mI (1207) esp_psram: SPI SRAM memory test OK[0m
[0;32mI (1215) cpu_start: Pro cpu start user code[0m
[0;32mI (1215) cpu_start: cpu freq: 240000000 Hz[0m
[0;32mI (1215) app_init: Application information:[0m
[0;32mI (1219) app_init: Project name:     mesh_local_control[0m
[0;32mI (1224) app_init: App version:      44d7b81-dirty[0m
[0;32mI (1230) app_init: Compile time:     Aug 28 2024 01:45:30[0m
[0;32mI (1236) app_init: ELF file SHA256:  799c9fc28...[0m
[0;32mI (1241) app_init: ESP-IDF:          v5.3-dirty[0m
[0;32mI (1247) efuse_init: Min chip rev:     v0.0[0m
[0;32mI (1251) efuse_init: Max chip rev:     v3.99 [0m
[0;32mI (1256) efuse_init: Chip rev:         v3.1[0m
[0;32mI (1262) heap_init: Initializing. RAM available for dynamic allocation:[0m
[0;32mI (1269) heap_init: At 3FFAE6E0 len 0000F480 (61 KiB): DRAM[0m
[0;32mI (1275) heap_init: At 3FFC7C60 len 000183A0 (96 KiB): DRAM[0m
[0;32mI (1281) heap_init: At 3FFE0440 len 0001FBC0 (126 KiB): D/IRAM[0m
[0;32mI (1288) heap_init: At 40078000 len 00008000 (32 KiB): IRAM[0m
[0;32mI (1294) heap_init: At 4009E61C len 000019E4 (6 KiB): IRAM[0m
[0;32mI (1300) heap_init: At 3FF80000 len 00002000 (8 KiB): RTCRAM[0m
[0;32mI (1307) esp_psram: Adding pool of 4096K of PSRAM memory to heap allocator[0m
[0;32mI (1315) spi_flash: detected chip: generic[0m
[0;32mI (1319) spi_flash: flash io: dio[0m
[0;33mW (1323) i2c: This driver is an old driver, please migrate your application code to adapt `driver/i2c_master.h`[0m
[0;32mI (1345) coexist: coex firmware version: dab85ae96[0m
[0;32mI (1346) main_task: Started on CPU0[0m
[0;32mI (1346) esp_psram: Reserving pool of 32K of internal memory for DMA/internal allocations[0m
[0;32mI (1354) main_task: Calling app_main()[0m
[0;32mI (1369) bridge_common: esp-iot-bridge version: 0.11.8[0m
I (1371) wifi:wifi driver task: 3ffbd678, prio:23, stack:6656, core=0
I (1373) wifi:wifi firmware version: 0caa81945
I (1375) wifi:wifi certification version: v7.0
I (1379) wifi:config NVS flash: enabled
I (1382) wifi:config nano formating: disabled
I (1387) wifi:Init data frame dynamic rx buffer num: 32
I (1391) wifi:Init static rx mgmt buffer num: 5
I (1395) wifi:Init management short buffer num: 32
I (1400) wifi:Init static tx buffer num: 16
I (1404) wifi:Init tx cache buffer num: 32
I (1408) wifi:Init static rx buffer size: 1600
I (1412) wifi:Init static rx buffer num: 10
I (1416) wifi:Init dynamic rx buffer num: 32
[0;32mI (1420) wifi_init: accept mbox: 6[0m
[0;32mI (1424) wifi_init: tcpip mbox: 32[0m
[0;32mI (1428) wifi_init: udp mbox: 6[0m
[0;32mI (1432) wifi_init: tcp mbox: 6[0m
[0;32mI (1435) wifi_init: tcp tx win: 5760[0m
[0;32mI (1440) #ï¿½'ï¿½ï¿½"ï¿½8ï¿½ï¿½ï¿½ï¿½ï¿½<#$ï¿½ï¿½ï¿½ï¿½ï¿½'ï¿½$'$ï¿½ï¿½ï¿½ï¿½ï¿½$'ï¿½ #8ï¿½ï¿½ï¿½$ ï¿½ï¿½ï¿½'ï¿½''ï¿½ï¿½#ï¿½xï¿½d'<ï¿½#$ï¿½ï¿½ï¿½ï¿½nï¿½df$ï¿½ï¿½ï¿½ï¿½ï¿½$'ï¿½ #8ï¿½ï¿½lbï¿½ï¿½ï¿½'ï¿½g/ï¿½ï¿½dï¿½ï¿½$ï¿½ ï¿½#ï¿½nï¿½'fï¿½ï¿½ï¿½ï¿½ï¿½ï¿½;ï¿½ï¿½'< ï¿½ets Jul 29 2019 12:21:46

rst:0x1 (POWERON_RESET),boot:0x13 (SPI_FAST_FLASH_BOOT)
configsip: 0, SPIWP:0xee
clk_drv:0x00,q_drv:0x00,d_drv:0x00,cs0_drv:0x00,hd_drv:0x00,wp_drv:0x00
mode:DIO, clock div:1
load:0x3fff0030,len:7168
load:0x40078000,len:15464
load:0x40080400,len:4
ho 8 tail 4 room 4
load:0x40080404,len:3684
entry 0x40080614
[0;32mI (31) boot: ESP-IDF v5.3-dirty 2nd stage bootloader[0m
[0;32mI (31) boot: compile time Aug 28 2024 01:45:36[0m
[0;33mW (31) boot: Unicore bootloader[0m
[0;32mI (35) boot: chip revision: v3.1[0m
[0;32mI (39) boot.esp32: SPI Speed      : 80MHz[0m
[0;32mI (44) boot.esp32: SPI Mode       : DIO[0m
[0;32mI (48) boot.esp32: SPI Flash Size : 4MB[0m
[0;32mI (53) boot: Enabling RNG early entropy source...[0m
[0;32mI (58) boot: Partition Table:[0m
[0;32mI (62) boot: ## Label            Usage          Type ST Offset   Length[0m
[0;32mI (69) boot:  0 nvs              WiFi data        01 02 00009000 00004000[0m
[0;32mI (77) boot:  1 otadata          OTA data         01 00 0000d000 00002000[0m
[0;32mI (84) boot:  2 phy_init         RF data          01 01 0000f000 00001000[0m
[0;32mI (92) boot:  3 ota_0            OTA app          00 10 00010000 001e0000[0m
[0;32mI (99) boot:  4 ota_1            OTA app          00 11 001f0000 001e0000[0m
[0;32mI (107) boot:  5 coredump         Unknown data     01 03 003d0000 00010000[0m
[0;32mI (114) boot:  6 reserved         Unknown data     01 fe 003e0000 00020000[0m
[0;32mI (122) boot: End of partition table[0m
[0;32mI (126) esp_image: segment 0: paddr=00010020 vaddr=3f400020 size=2f20ch (193036) map[0m
[0;32mI (189) esp_image: segment 1: paddr=0003f234 vaddr=3ffbdb60 size=00de4h (  3556) load[0m
[0;32mI (191) esp_image: segment 2: paddr=00040020 vaddr=400d0020 size=c37fch (800764) map[0m
[0;32mI (421) esp_image: segment 3: paddr=00103824 vaddr=3ffbe944 size=0447ch ( 17532) load[0m
[0;32mI (427) esp_image: segment 4: paddr=00107ca8 vaddr=40080000 size=1e61ch (124444) load[0m
[0;32mI (484) boot: Loaded app from partition at offset 0x10000[0m
[0;32mI (484) boot: Disabling RNG early entropy source...[0m
[0;32mI (495) quad_psram: This chip is ESP32-D0WD[0m
[0;32mI (496) esp_psram: Found 8MB PSRAM device[0m
[0;32mI (496) esp_psram: Speed: 80MHz[0m
[0;32mI (500) esp_psram: PSRAM initialized, cache is in normal (1-core) mode.[0m
[0;33mW (507) esp_psram: Virtual address not enough for PSRAM, map as much as we can. 4MB is mapped[0m
[0;32mI (516) cpu_start: Unicore app[0m
[0;32mI (520) cpu_start: Single core mode[0m
[0;32mI (1057) esp_psram: SPI SRAM memory test OK[0m
[0;32mI (1065) cpu_start: Pro cpu start user code[0m
[0;32mI (1065) cpu_start: cpu freq: 240000000 Hz[0m
[0;32mI (1065) app_init: Application information:[0m
[0;32mI (1068) app_init: Project name:     mesh_local_control[0m
[0;32mI (1074) app_init: App version:      44d7b81-dirty[0m
[0;32mI (1080) app_init: Compile time:     Aug 28 2024 01:45:30[0m
[0;32mI (1086) app_init: ELF file SHA256:  799c9fc28...[0m
[0;32mI (1091) app_init: ESP-IDF:          v5.3-dirty[0m
[0;32mI (1097) efuse_init: Min chip rev:     v0.0[0m
[0;32mI (1101) efuse_init: Max chip rev:     v3.99 [0m
[0;32mI (1106) efuse_init: Chip rev:         v3.1[0m
[0;32mI (1112) heap_init: Initializing. RAM available for dynamic allocation:[0m
[0;32mI (1119) heap_init: At 3FFAE6E0 len 0000F480 (61 KiB): DRAM[0m
[0;32mI (1125) heap_init: At 3FFC7C60 len 000183A0 (96 KiB): DRAM[0m
[0;32mI (1131) heap_init: At 3FFE0440 len 0001FBC0 (126 KiB): D/IRAM[0m
[0;32mI (1138) heap_init: At 40078000 len 00008000 (32 KiB): IRAM[0m
[0;32mI (1144) heap_init: At 4009E61C len 000019E4 (6 KiB): IRAM[0m
[0;32mI (1150) heap_init: At 3FF80000 len 00002000 (8 KiB): RTCRAM[0m
[0;32mI (1157) esp_psram: Adding pool of 4096K of PSRAM memory to heap allocator[0m
[0;32mI (1165) spi_flash: detected chip: generic[0m
[0;32mI (1169) spi_flash: flash io: dio[0m
[0;33mW (1173) i2c: This driver is an old driver, please migrate your application code to adapt `driver/i2c_master.h`[0m
[0;32mI (1195) coexist: coex firmware version: dab85ae96[0m
[0;32mI (1196) main_task: Started on CPU0[0m
[0;32mI (1196) esp_psram: Reserving pool of 32K of internal memory for DMA/internal allocations[0m
[0;32mI (1204) main_task: Calling app_main()[0m
[0;32mI (1219) bridge_common: esp-iot-bridge version: 0.11.8[0m
I (1221) wifi:wifi driver task: 3ffbd678, prio:23, stack:6656, core=0
I (1223) wifi:wifi firmware version: 0caa81945
I (1225) wifi:wifi certification version: v7.0
I (1229) wifi:config NVS flash: enabled
I (1232) wifi:config nano formating: disabled
I (1237) wifi:Init data frame dynamic rx buffer num: 32
I (1241) wifi:Init static rx mgmt buffer num: 5
I (1245) wifi:Init management short buffer num: 32
I (1250) wifi:Init static tx buffer num: 16
I (1254) wifi:Init tx cache buffer num: 32
I (1258) wifi:Init static rx buffer size: 1600
I (1262) wifi:Init static rx buffer num: 10
I (1266) wifi:Init dynamic rx buffer num: 32
[0;32mI (1270) wifi_init: accept mbox: 6[0m
[0;32mI (1274) wifi_init: tcpip mbox: 32[0m
[0;32mI (1278) wifi_init: udp mbox: 6[0m
[0;32mI (1282) wifi_init: tcp mbox: 6[0m
[0;32mI (1285) wifi_init: tcp tx win: 5760[0m
[0;32mI (1290) wifi_init: tcp rx win: 5760[0m
[0;32mI (1294) wifi_init: tcp mss: 1440[0m
[0;32mI (1298) wifi_init: WiFi IRAM OP enabled[0m
[0;32mI (1302) wifi_init: WiFi RX IRAM OP enabled[0m
[0;32mI (1308) phy_init: phy_version 4830,54550f7,Jun 20 2024,14:22:08[0m
I (1368) wifi:mode : null
I (1370) wifi:mode : softAP (08:a6:f7:11:51:a9)
I (1371) wifi:Total power save buffer number: 8
I (1371) wifi:Init max length of beacon: 752/752
I (1373) wifi:Init max length of beacon: 752/752
[0;32mI (1378) esp_netif_lwip: DHCP server started on interface WIFI_AP_DEF with IP: 192.168.4.1[0m
Add netif ap with 44d7b81(commit id)
[0;32mI (1389) bridge_common: netif list add success[0m
[0;32mI (1395) bridge_common: [WIFI_AP_DEF ][0m
[0;32mI (1399) bridge_common: Set ip info:192.168.5.1[0m
[0;32mI (1404) bridge_wifi: SoftAP IP network segment has changed, deauth all station[0m
I (1413) wifi:Disabled PMF config for SoftAP
I (1416) wifi:Total power save buffer number: 8
[0;32mI (1421) esp_netif_lwip: DHCP server started on interface WIFI_AP_DEF with IP: 192.168.5.1[0m
[0;32mI (1429) bridge_common: [WIFI_AP_DEF ]Name Server1: 114.114.114.114[0m
[0;32mI (1436) bridge_common: DHCPS Restart, deauth all station[0m
Add netif sta with 44d7b81(commit id)
[0;32mI (1445) bridge_common: netif list add success[0m
I (1450) wifi:mode : sta (08:a6:f7:11:51:a8) + softAP (08:a6:f7:11:51:a9)
I (1457) wifi:enable tsf
[0;31mE (1460) NVS: Failed to read IP info from NVS[0m
I (1464) wifi:Disabled PMF config for STA
[0;32mI (1468) bridge_wifi: [esp_bridge_wifi_set_config] sta ssid: Tran Con Dev password: password[0m
[0;32mI (1477) bridge_wifi: [esp_bridge_wifi_set_config] softap ssid: ESP_Bridge_1151a9 password: 12345678[0m
I (1658) wifi:Total power save buffer number: 8
[0;32mI (1660) esp_netif_lwip: DHCP server started on interface WIFI_AP_DEF with IP: 192.168.5.1[0m
[0;32mI (1661) bridge_wifi: SoftAP config changed, deauth all station[0m
[0;32mI (1667) Mesh-Lite: esp-mesh-lite component version: 1.0.0[0m
I (1673) ESPNOW: espnow [version: 1.0] init
[0;32mI (1677) [vendor_ie]: Mesh-Lite commit id: bc9302d
 [0m
[0;32mI (1683) [vendor_ie]: Mesh ID: 77 [0m
[0;32mI (1688) [ESP_Mesh_Lite_Comm]: msg action add success [0m
[0;32mI (1694) [ESP_Mesh_Lite_Comm]: Bind Socket 54, port 6364 [0m
[0;32mI (1699) [ESP_Mesh_Lite_Comm]: Bind Socket 55, port 6363 [0m
[0;32mI (1705) [ESP_Mesh_Lite_Comm]: Bind Socket 56, port 6366 [0m
[0;32mI (1711) [ESP_Mesh_Lite_Comm]: Bind Socket 57, port 6365 [0m
[0;32mI (1717) [mesh-lite-espnow]: Start espnow task [0m
[0;32mI (1723) Mesh-Lite: Mesh-Lite connecting[0m
[0;32mI (1728) [vendor_ie]: esp_mesh_lite_wifi_scan_start return ESP_OK [0m
[0;32mI (1733) gpio: GPIO[25]| InputEn: 1| OutputEn: 0| OpenDrain: 0| Pullup: 1| Pulldown: 0| Intr:2 [0m
[0;32mI (1743) cam_hal: cam init ok[0m
[0;32mI (1746) sccb: pin_sda 26 pin_scl 27[0m
[0;32mI (1750) sccb: sccb_i2c_port=1[0m
[0;32mI (1755) gpio: GPIO[32]| InputEn: 0| OutputEn: 1| OpenDrain: 0| Pullup: 0| Pulldown: 0| Intr:0 [0m
[0;32mI (1793) camera: Detected camera at address=0x30[0m
[0;32mI (1795) camera: Detected OV2640 camera[0m
[0;32mI (1795) camera: Camera PID=0x26 VER=0x42 MIDL=0x7f MIDH=0xa2[0m
[0;32mI (1861) cam_hal: buffer_size: 32768, half_buffer_size: 4096, node_buffer_size: 2048, node_cnt: 16, total_cnt: 7[0m
[0;32mI (1862) cam_hal: Allocating 30720 Byte frame buffer in PSRAM[0m
[0;32mI (1868) cam_hal: Allocating 30720 Byte frame buffer in PSRAM[0m
[0;32mI (1874) cam_hal: cam config ok[0m
[0;32mI (1878) ov2640: Set PLL: clk_2x: 0, clk_div: 0, pclk_auto: 0, pclk_div: 8[0m
[0;32mI (1957) rc522: Initialized (firmware v2.0)[0m
[0;32mI (3417) [vendor_ie]: Mesh-Lite Scan done [0m
[0;32mI (3418) [vendor_ie]: RTC store: temp_mesh_id:255; ssid:Tran Con Dev; bssid:00:00:00:00:00:00; crc:2891781910 [0m
[0;32mI (3422) [vendor_ie]: wifi_cfg Tran Con Dev router_config Tran Con Dev [0m
[0;32mI (3430) [vendor_ie]: esp_mesh_lite_wifi_connect return ESP_OK [0m
I (4058) wifi:ap channel adjust o:1,1 n:4,1
I (4058) wifi:new:<4,0>, old:<1,1>, ap:<4,1>, sta:<4,0>, prof:1, snd_ch_cfg:0x0
I (4059) wifi:state: init -> auth (0xb0)
I (4066) wifi:state: auth -> assoc (0x0)
I (4070) wifi:state: assoc -> run (0x10)
I (4109) wifi:connected with Tran Con Dev, aid = 1, channel 4, BW20, bssid = e4:ca:12:bd:52:70
I (4109) wifi:security: WPA2-PSK, phy: bgn, rssi: -45
I (4111) wifi:pm start, type: 1

I (4114) wifi:dp: 1, bi: 102400, li: 3, scale listen interval from 307200 us to 307200 us
I (4146) wifi:AP's beacon interval = 102400 us, DTIM period = 1
[0;32mI (6228) bridge_common: [WIFI_AP_DEF ]Name Server1: 203.113.131.2[0m
[0;31mE (6956) esp-tls: [sock=58] select() timeout[0m
[0;31mE (6957) transport_base: Failed to open a new connection: 32774[0m
[0;31mE (6957) transport_ws: Error connecting to host 192.168.1.88:3000[0m
[0;31mE (6964) websocket_client: esp_transport_connect() failed with -1, transport_error=ESP_ERR_ESP_TLS_CONNECTION_TIMEOUT, tls_error_code=0, tls_flags=0, esp_ws_handshake_status_code=0, errno=119[0m
[0;31mE (6981) websocket_client: WebSocket client error[0m
[0;32mI (6986) websocket_client: Reconnect after 500 ms[0m
[0;32mI (6992) websocket_client: WebSocket client connected[0m
[0;31mE (6997) websocket_client: Websocket client is not connected[0m
[0;33mW (7003) websocket_client: Send frame error![0m
[0;31mE (7008) websocket_client: Websocket client is not connected[0m
[0;33mW (7015) websocket_client: Send frame error![0m
[0;31mE (7068) websocket_client: Websocket client is not connected[0m
[0;33mW (7068) websocket_client: Send frame error![0m
[0;31mE (7108) websocket_client: Websocket client is not connected[0m
[0;33mW (7108) websocket_client: Send frame error![0m
[0;32mI (7125) esp_netif_handlers: sta ip: 192.168.1.3, mask: 255.255.255.0, gw: 192.168.1.1[0m
[0;32mI (7125) bridge_wifi: Connected with IP Address:192.168.1.3[0m
[0;32mI (7130) [vendor_ie]: RTC store: temp_mesh_id:3; ssid:Tran Con Dev; bssid:00:00:00:00:00:00; crc:263033687 [0m
[0;31mE (7140) [ESP_Mesh_Lite_Comm]: Error Get! [0m
[0;33mW (7144) [ESP_Mesh_Lite_Comm]: argot is not saved in flash [0m
[0;31mE (7148) websocket_client: Websocket client is not connected[0m
[0;33mW (7157) websocket_client: Send frame error![0m
[0;33mW (7166) cam_hal: NO-SOI[0m
[0;32mI (7181) main: TCP client write task is running[0m
[0;31mE (7228) websocket_client: Websocket client is not connected[0m
[0;33mW (7228) websocket_client: Send frame error![0m
[0;31mE (7268) websocket_client: Websocket client is not connected[0m
[0;33mW (7268) websocket_client: Send frame error![0m
[0;31mE (7308) websocket_client: Websocket client is not connected[0m
[0;33mW (7308) websocket_client: Send frame error![0m
[0;31mE (7348) websocket_client: Websocket client is not connected[0m
[0;33mW (7348) websocket_client: Send frame error![0m
[0;31mE (7387) websocket_client: Websocket client is not connected[0m
[0;33mW (7388) websocket_client: Send frame error![0m
[0;31mE (7428) websocket_client: Websocket client is not connected[0m
[0;33mW (7428) websocket_client: Send frame error![0m
[0;31mE (7467) websocket_client: Websocket client is not connected[0m
[0;33mW (7468) websocket_client: Send frame error![0m
[0;31mE (7507) websocket_client: Websocket client is not connected[0m
[0;33mW (7508) websocket_client: Send frame error![0m
[0;32mI (7543) websocket_client: WebSocket client connected[0m
[0;32mI (7558) websocket_client: Image sent to WebSocket: 8065 bytes (0.2fps)[0m
[0;32mI (7599) websocket_client: Image sent to WebSocket: 8065 bytes (25.0fps)[0m
[0;32mI (7639) websocket_client: Image sent to WebSocket: 8065 bytes (25.0fps)[0m
[0;32mI (7680) websocket_client: Image sent to WebSocket: 8065 bytes (25.0fps)[0m
[0;32mI (7718) websocket_client: Image sent to WebSocket: 8065 bytes (26.3fps)[0m
[0;32mI (7759) websocket_client: Image sent to WebSocket: 8085 bytes (25.0fps)[0m
[0;32mI (7797) websocket_client: Image sent to WebSocket: 8085 bytes (27.0fps)[0m
[0;32mI (7839) websocket_client: Image sent to WebSocket: 8085 bytes (24.4fps)[0m
[0;32mI (7879) websocket_client: Image sent to WebSocket: 8085 bytes (25.0fps)[0m
[0;32mI (7919) websocket_client: Image sent to WebSocket: 8085 bytes (25.6fps)[0m
[0;32mI (7957) websocket_client: Image sent to WebSocket: 8085 bytes (26.3fps)[0m
[0;32mI (8001) websocket_client: Image sent to WebSocket: 8085 bytes (23.3fps)[0m
[0;32mI (8043) websocket_client: Image sent to WebSocket: 8259 bytes (23.8fps)[0m
[0;32mI (8077) websocket_client: Image sent to WebSocket: 8133 bytes (30.3fps)[0m
[0;32mI (8119) websocket_client: Image sent to WebSocket: 8186 bytes (23.8fps)[0m
[0;32mI (8157) websocket_client: Image sent to WebSocket: 8186 bytes (27.0fps)[0m
[0;32mI (8198) websocket_client: Image sent to WebSocket: 8186 bytes (25.0fps)[0m
[0;32mI (8238) websocket_client: Image sent to WebSocket: 8186 bytes (25.0fps)[0m
[0;32mI (8278) websocket_client: Image sent to WebSocket: 8186 bytes (25.6fps)[0m
[0;32mI (8317) websocket_client: Image sent to WebSocket: 8186 bytes (25.6fps)[0m
[0;32mI (8358) websocket_client: Image sent to WebSocket: 8440 bytes (25.0fps)[0m
[0;32mI (8396) websocket_client: Image sent to WebSocket: 8175 bytes (26.3fps)[0m
[0;32mI (8442) websocket_client: Image sent to WebSocket: 8175 bytes (21.7fps)[0m
[0;32mI (8477) websocket_client: Image sent to WebSocket: 8175 bytes (29.4fps)[0m
[0;32mI (8517) websocket_client: Image sent to WebSocket: 8175 bytes (25.0fps)[0m
[0;32mI (8559) websocket_client: Image sent to WebSocket: 8445 bytes (24.4fps)[0m
[0;32mI (8600) websocket_client: Image sent to WebSocket: 7921 bytes (24.4fps)[0m
[0;32mI (8639) websocket_client: Image sent to WebSocket: 7921 bytes (25.6fps)[0m
[0;32mI (8678) websocket_client: Image sent to WebSocket: 7961 bytes (26.3fps)[0m
[0;32mI (8719) websocket_client: Image sent to WebSocket: 8026 bytes (25.0fps)[0m
[0;32mI (8760) websocket_client: Image sent to WebSocket: 8067 bytes (24.4fps)[0m
[0;32mI (8797) websocket_client: Image sent to WebSocket: 8067 bytes (27.8fps)[0m
[0;32mI (8838) websocket_client: Image sent to WebSocket: 8067 bytes (24.4fps)[0m
[0;32mI (8877) websocket_client: Image sent to WebSocket: 8067 bytes (26.3fps)[0m
[0;32mI (8916) websocket_client: Image sent to WebSocket: 8067 bytes (25.6fps)[0m
[0;32mI (8966) websocket_client: Image sent to WebSocket: 8067 bytes (20.4fps)[0m
[0;32mI (8998) websocket_client: Image sent to WebSocket: 8067 bytes (32.3fps)[0m
[0;32mI (9039) websocket_client: Image sent to WebSocket: 8067 bytes (24.4fps)[0m
[0;32mI (9043) setup_rc522: TAG SCANNED: 0000000000844657544611[0m
[0;32mI (9082) websocket_client: Image sent to WebSocket: 8067 bytes (23.8fps)[0m
[0;32mI (9117) websocket_client: Image sent to WebSocket: 8067 bytes (29.4fps)[0m
[0;32mI (9157) websocket_client: Image sent to WebSocket: 8067 bytes (25.0fps)[0m
[0;32mI (9198) websocket_client: Image sent to WebSocket: 8067 bytes (25.0fps)[0m
[0;32mI (9237) websocket_client: Image sent to WebSocket: 8067 bytes (25.6fps)[0m
[0;32mI (9277) websocket_client: Image sent to WebSocket: 8067 bytes (25.6fps)[0m
[0;32mI (9318) websocket_client: Image sent to WebSocket: 8067 bytes (25.0fps)[0m
[0;32mI (9357) websocket_client: Image sent to WebSocket: 8067 bytes (26.3fps)[0m
[0;32mI (9397) websocket_client: Image sent to WebSocket: 8067 bytes (25.0fps)[0m
[0;32mI (9437) websocket_client: Image sent to WebSocket: 8067 bytes (25.0fps)[0m
[0;32mI (9477) websocket_client: Image sent to WebSocket: 8067 bytes (25.6fps)[0m
[0;32mI (9520) websocket_client: Image sent to WebSocket: 8067 bytes (23.3fps)[0m
[0;32mI (9561) websocket_client: Image sent to WebSocket: 8067 bytes (25.0fps)[0m
[0;32mI (9597) websocket_client: Image sent to WebSocket: 8067 bytes (28.6fps)[0m
[0;32mI (9637) websocket_client: Image sent to WebSocket: 8067 bytes (25.0fps)[0m
[0;32mI (9681) websocket_client: Image sent to WebSocket: 8067 bytes (23.3fps)[0m
[0;32mI (9717) websocket_client: Image sent to WebSocket: 8067 bytes (27.8fps)[0m
[0;32mI (9762) websocket_client: Image sent to WebSocket: 8067 bytes (22.7fps)[0m
[0;32mI (9797) websocket_client: Image sent to WebSocket: 8067 bytes (28.6fps)[0m
[0;32mI (9837) websocket_client: Image sent to WebSocket: 8067 bytes (25.0fps)[0m
[0;32mI (9884) websocket_client: Image sent to WebSocket: 8067 bytes (21.7fps)[0m
[0;32mI (9917) websocket_client: Image sent to WebSocket: 8067 bytes (30.3fps)[0m
[0;32mI (9958) websocket_client: Image sent to WebSocket: 8067 bytes (24.4fps)[0m
[0;32mI (9997) websocket_client: Image sent to WebSocket: 8235 bytes (25.6fps)[0m
[0;32mI (10037) websocket_client: Image sent to WebSocket: 8010 bytes (25.0fps)[0m
[0;32mI (10077) websocket_client: Image sent to WebSocket: 8010 bytes (25.6fps)[0m
[0;32mI (10117) websocket_client: Image sent to WebSocket: 8010 bytes (25.6fps)[0m
[0;32mI (10158) websocket_client: Image sent to WebSocket: 8010 bytes (25.0fps)[0m
[0;32mI (10197) websocket_client: Image sent to WebSocket: 8010 bytes (25.6fps)[0m
[0;32mI (10240) websocket_client: Image sent to WebSocket: 8010 bytes (23.8fps)[0m
[0;32mI (10279) websocket_client: Image sent to WebSocket: 8010 bytes (25.6fps)[0m
[0;32mI (10317) websocket_client: Image sent to WebSocket: 8010 bytes (27.0fps)[0m
[0;32mI (10357) websocket_client: Image sent to WebSocket: 8010 bytes (25.0fps)[0m
[0;32mI (10399) websocket_client: Image sent to WebSocket: 8010 bytes (23.8fps)[0m
[0;32mI (10442) websocket_client: Image sent to WebSocket: 8010 bytes (23.3fps)[0m
[0;32mI (10483) websocket_client: Image sent to WebSocket: 8010 bytes (25.0fps)[0m
[0;32mI (10516) websocket_client: Image sent to WebSocket: 8010 bytes (30.3fps)[0m
[0;32mI (10557) websocket_client: Image sent to WebSocket: 8010 bytes (25.0fps)[0m
[0;32mI (10602) websocket_client: Image sent to WebSocket: 8010 bytes (22.7fps)[0m
[0;32mI (10636) websocket_client: Image sent to WebSocket: 8010 bytes (29.4fps)[0m
[0;32mI (10678) websocket_client: Image sent to WebSocket: 8010 bytes (24.4fps)[0m
[0;32mI (10717) websocket_client: Image sent to WebSocket: 8010 bytes (26.3fps)[0m
[0;32mI (10761) websocket_client: Image sent to WebSocket: 8010 bytes (22.7fps)[0m
[0;32mI (10797) websocket_client: Image sent to WebSocket: 8010 bytes (28.6fps)[0m
[0;32mI (10836) websocket_client: Image sent to WebSocket: 8010 bytes (25.6fps)[0m
[0;32mI (10881) websocket_client: Image sent to WebSocket: 8010 bytes (22.7fps)[0m
[0;32mI (10916) websocket_client: Image sent to WebSocket: 8010 bytes (28.6fps)[0m
[0;32mI (10956) websocket_client: Image sent to WebSocket: 8010 bytes (25.0fps)[0m
[0;32mI (10997) websocket_client: Image sent to WebSocket: 8010 bytes (25.0fps)[0m
[0;32mI (11040) websocket_client: Image sent to WebSocket: 8010 bytes (23.8fps)[0m
[0;32mI (11076) websocket_client: Image sent to WebSocket: 8010 bytes (27.8fps)[0m
[0;32mI (11116) websocket_client: Image sent to WebSocket: 8010 bytes (25.0fps)[0m
[0;32mI (11159) websocket_client: Image sent to WebSocket: 8010 bytes (23.8fps)[0m
[0;32mI (11199) websocket_client: Image sent to WebSocket: 8010 bytes (25.0fps)[0m
[0;32mI (11237) websocket_client: Image sent to WebSocket: 8010 bytes (26.3fps)[0m
[0;32mI (11276) websocket_client: Image sent to WebSocket: 8010 bytes (26.3fps)[0m
[0;32mI (11320) websocket_client: Image sent to WebSocket: 8010 bytes (22.7fps)[0m
[0;32mI (11357) websocket_client: Image sent to WebSocket: 8010 bytes (27.0fps)[0m
[0;32mI (11396) websocket_client: Image sent to WebSocket: 8010 bytes (26.3fps)[0m
[0;32mI (11442) websocket_client: Image sent to WebSocket: 8010 bytes (22.2fps)[0m
[0;32mI (11476) websocket_client: Image sent to WebSocket: 8010 bytes (29.4fps)[0m
[0;32mI (11516) websocket_client: Image sent to WebSocket: 8010 bytes (25.6fps)[0m
[0;32mI (11556) websocket_client: Image sent to WebSocket: 8010 bytes (25.6fps)[0m
[0;32mI (11597) websocket_client: Image sent to WebSocket: 8010 bytes (24.4fps)[0m
[0;32mI (11636) websocket_client: Image sent to WebSocket: 8010 bytes (25.6fps)[0m
[0;32mI (11676) websocket_client: Image sent to WebSocket: 8010 bytes (25.0fps)[0m
[0;32mI (11716) websocket_client: Image sent to WebSocket: 8010 bytes (25.6fps)[0m
[0;32mI (11756) websocket_client: Image sent to WebSocket: 8010 bytes (25.0fps)[0m
[0;32mI (11797) websocket_client: Image sent to WebSocket: 8010 bytes (25.0fps)[0m
[0;32mI (11838) websocket_client: Image sent to WebSocket: 8010 bytes (25.0fps)[0m
[0;32mI (11878) websocket_client: Image sent to WebSocket: 8010 bytes (25.6fps)[0m
[0;32mI (11918) websocket_client: Image sent to WebSocket: 8010 bytes (25.6fps)[0m
[0;32mI (11956) websocket_client: Image sent to WebSocket: 8010 bytes (26.3fps)[0m
[0;32mI (11996) websocket_client: Image sent to WebSocket: 8010 bytes (25.6fps)[0m
[0;32mI (12042) websocket_client: Image sent to WebSocket: 8010 bytes (21.7fps)[0m
[0;32mI (12079) websocket_client: Image sent to WebSocket: 8010 bytes (27.8fps)[0m
[0;32mI (12118) websocket_client: Image sent to WebSocket: 8010 bytes (25.6fps)[0m
[0;32mI (12156) websocket_client: Image sent to WebSocket: 8010 bytes (27.0fps)[0m
[0;32mI (12195) websocket_client: Image sent to WebSocket: 8010 bytes (25.6fps)[0m
[0;32mI (12241) websocket_client: Image sent to WebSocket: 8010 bytes (22.2fps)[0m
[0;32mI (12276) websocket_client: Image sent to WebSocket: 8010 bytes (29.4fps)[0m
[0;32mI (12317) websocket_client: Image sent to WebSocket: 8010 bytes (24.4fps)[0m
[0;32mI (12356) websocket_client: Image sent to WebSocket: 8010 bytes (25.6fps)[0m
[0;32mI (12396) websocket_client: Image sent to WebSocket: 8010 bytes (25.6fps)[0m
[0;32mI (12444) websocket_client: Image sent to WebSocket: 8010 bytes (20.8fps)[0m
[0;32mI (12476) websocket_client: Image sent to WebSocket: 8010 bytes (32.3fps)[0m
[0;32mI (12516) websocket_client: Image sent to WebSocket: 8010 bytes (25.0fps)[0m
[0;32mI (12556) websocket_client: Image sent to WebSocket: 8010 bytes (25.6fps)[0m
[0;32mI (12596) websocket_client: Image sent to WebSocket: 8010 bytes (25.6fps)[0m
[0;32mI (12635) websocket_client: Image sent to WebSocket: 8010 bytes (25.6fps)[0m
[0;32mI (12676) websocket_client: Image sent to WebSocket: 8010 bytes (25.0fps)[0m
[0;32mI (12715) websocket_client: Image sent to WebSocket: 8010 bytes (25.6fps)[0m
[0;32mI (12756) websocket_client: Image sent to WebSocket: 8010 bytes (25.0fps)[0m
[0;32mI (12799) websocket_client: Image sent to WebSocket: 8010 bytes (23.8fps)[0m
[0;32mI (12838) websocket_client: Image sent to WebSocket: 8010 bytes (25.6fps)[0m
[0;32mI (12875) websocket_client: Image sent to WebSocket: 8010 bytes (27.0fps)[0m
[0;32mI (12915) websocket_client: Image sent to WebSocket: 8010 bytes (25.0fps)[0m
[0;32mI (12961) websocket_client: Image sent to WebSocket: 8006 bytes (22.2fps)[0m
[0;32mI (12996) websocket_client: Image sent to WebSocket: 8043 bytes (29.4fps)[0m
[0;32mI (13035) websocket_client: Image sent to WebSocket: 8331 bytes (25.6fps)[0m
[0;32mI (13077) websocket_client: Image sent to WebSocket: 8447 bytes (24.4fps)[0m
[0;32mI (13115) websocket_client: Image sent to WebSocket: 8576 bytes (26.3fps)[0m
[0;32mI (13160) websocket_client: Image sent to WebSocket: 8782 bytes (22.2fps)[0m
[0;32mI (13197) websocket_client: Image sent to WebSocket: 8884 bytes (27.8fps)[0m
[0;32mI (13238) websocket_client: Image sent to WebSocket: 8930 bytes (24.4fps)[0m
[0;32mI (13278) websocket_client: Image sent to WebSocket: 9046 bytes (25.0fps)[0m
[0;32mI (13316) websocket_client: Image sent to WebSocket: 9326 bytes (27.0fps)[0m
[0;32mI (13355) websocket_client: Image sent to WebSocket: 9358 bytes (25.6fps)[0m
[0;32mI (13396) websocket_client: Image sent to WebSocket: 9314 bytes (25.0fps)[0m
[0;32mI (13443) websocket_client: Image sent to WebSocket: 9400 bytes (21.3fps)[0m
[0;32mI (13479) websocket_client: Image sent to WebSocket: 9374 bytes (28.6fps)[0m
[0;32mI (13516) websocket_client: Image sent to WebSocket: 9288 bytes (27.8fps)[0m
[0;32mI (13556) websocket_client: Image sent to WebSocket: 9112 bytes (25.6fps)[0m
[0;32mI (13595) websocket_client: Image sent to WebSocket: 9095 bytes (25.6fps)[0m
[0;32mI (13636) websocket_client: Image sent to WebSocket: 8882 bytes (24.4fps)[0m
[0;32mI (13680) websocket_client: Image sent to WebSocket: 8890 bytes (23.3fps)[0m
[0;32mI (13718) websocket_client: Image sent to WebSocket: 8711 bytes (26.3fps)[0m
[0;32mI (13758) websocket_client: Image sent to WebSocket: 8710 bytes (25.6fps)[0m
[0;32mI (13796) websocket_client: Image sent to WebSocket: 8504 bytes (27.0fps)[0m
[0;32mI (13839) websocket_client: Image sent to WebSocket: 8498 bytes (23.3fps)[0m
[0;32mI (13881) websocket_client: Image sent to WebSocket: 8400 bytes (24.4fps)[0m
[0;32mI (13915) websocket_client: Image sent to WebSocket: 8459 bytes (29.4fps)[0m
[0;32mI (13956) websocket_client: Image sent to WebSocket: 8393 bytes (25.0fps)[0m
[0;32mI (13995) websocket_client: Image sent to WebSocket: 8384 bytes (25.6fps)[0m
[0;32mI (14035) websocket_client: Image sent to WebSocket: 8345 bytes (25.6fps)[0m
[0;31mE (14048) esp-tls: [sock=60] select() timeout[0m
[0;31mE (14048) transport_base: Failed to open a new connection: 32774[0m
[0;31mE (14049) HTTP_CLIENT: Connection failed, sock < 0[0m
[0;32mI (14054) HTTP_CLIENT: HTTP_EVENT_ERROR[0m
[0;32mI (14058) HTTP_CLIENT: HTTP_EVENT_DISCONNECTED[0m
[0;32mI (14085) websocket_client: Image sent to WebSocket: 8275 bytes (20.0fps)[0m
[0;32mI (14116) websocket_client: Image sent to WebSocket: 8413 bytes (33.3fps)[0m
[0;32mI (14156) websocket_client: Image sent to WebSocket: 8261 bytes (25.0fps)[0m
[0;32mI (14195) websocket_client: Image sent to WebSocket: 8287 bytes (26.3fps)[0m
[0;32mI (14235) websocket_client: Image sent to WebSocket: 8244 bytes (25.0fps)[0m
[0;32mI (14276) websocket_client: Image sent to WebSocket: 8347 bytes (25.0fps)[0m
[0;32mI (14315) websocket_client: Image sent to WebSocket: 8205 bytes (25.6fps)[0m
[0;32mI (14362) websocket_client: Image sent to WebSocket: 8141 bytes (21.7fps)[0m
[0;32mI (14396) websocket_client: Image sent to WebSocket: 8313 bytes (29.4fps)[0m
[0;32mI (14442) websocket_client: Image sent to WebSocket: 8140 bytes (21.7fps)[0m
[0;32mI (14477) websocket_client: Image sent to WebSocket: 8174 bytes (29.4fps)[0m
[0;32mI (14515) websocket_client: Image sent to WebSocket: 8246 bytes (27.0fps)[0m
[0;32mI (14557) websocket_client: Image sent to WebSocket: 8319 bytes (23.8fps)[0m
[0;32mI (14597) websocket_client: Image sent to WebSocket: 8269 bytes (25.0fps)[0m
[0;32mI (14634) websocket_client: Image sent to WebSocket: 8237 bytes (27.8fps)[0m
[0;32mI (14678) websocket_client: Image sent to WebSocket: 8252 bytes (23.3fps)[0m
[0;32mI (14715) websocket_client: Image sent to WebSocket: 8268 bytes (27.0fps)[0m
[0;32mI (14755) websocket_client: Image sent to WebSocket: 8377 bytes (25.0fps)[0m
[0;32mI (14801) websocket_client: Image sent to WebSocket: 8382 bytes (22.2fps)[0m
[0;32mI (14835) websocket_client: Image sent to WebSocket: 8367 bytes (29.4fps)[0m
[0;32mI (14877) websocket_client: Image sent to WebSocket: 8440 bytes (24.4fps)[0m
[0;32mI (14914) websocket_client: Image sent to WebSocket: 8499 bytes (27.0fps)[0m
[0;32mI (14955) websocket_client: Image sent to WebSocket: 8455 bytes (25.0fps)[0m
[0;32mI (14995) websocket_client: Image sent to WebSocket: 8624 bytes (25.6fps)[0m
[0;32mI (15035) websocket_client: Image sent to WebSocket: 8282 bytes (25.0fps)[0m
[0;32mI (15075) websocket_client: Image sent to WebSocket: 8209 bytes (25.0fps)[0m
[0;32mI (15114) websocket_client: Image sent to WebSocket: 8336 bytes (25.6fps)[0m
[0;32mI (15154) websocket_client: Image sent to WebSocket: 8275 bytes (25.6fps)[0m
[0;32mI (15194) websocket_client: Image sent to WebSocket: 8328 bytes (25.0fps)[0m
[0;32mI (15236) websocket_client: Image sent to WebSocket: 8318 bytes (24.4fps)[0m
[0;32mI (15275) websocket_client: Image sent to WebSocket: 8311 bytes (25.6fps)[0m
[0;32mI (15316) websocket_client: Image sent to WebSocket: 8509 bytes (25.0fps)[0m
[0;32mI (15357) websocket_client: Image sent to WebSocket: 8413 bytes (24.4fps)[0m
[0;32mI (15398) websocket_client: Image sent to WebSocket: 8446 bytes (25.0fps)[0m
[0;32mI (15440) websocket_client: Image sent to WebSocket: 8332 bytes (23.8fps)[0m
[0;32mI (15474) websocket_client: Image sent to WebSocket: 8362 bytes (30.3fps)[0m
[0;32mI (15518) websocket_client: Image sent to WebSocket: 8451 bytes (22.7fps)[0m
[0;32mI (15555) websocket_client: Image sent to WebSocket: 8327 bytes (27.8fps)[0m
[0;32mI (15595) websocket_client: Image sent to WebSocket: 8334 bytes (25.0fps)[0m
[0;32mI (15635) websocket_client: Image sent to WebSocket: 8302 bytes (25.0fps)[0m
[0;32mI (15675) websocket_client: Image sent to WebSocket: 8322 bytes (25.6fps)[0m
[0;32mI (15715) websocket_client: Image sent to WebSocket: 8419 bytes (25.6fps)[0m
[0;32mI (15754) websocket_client: Image sent to WebSocket: 8439 bytes (25.6fps)[0m
[0;32mI (15797) websocket_client: Image sent to WebSocket: 8430 bytes (23.8fps)[0m
[0;32mI (15835) websocket_client: Image sent to WebSocket: 8397 bytes (26.3fps)[0m
[0;32mI (15874) websocket_client: Image sent to WebSocket: 8368 bytes (26.3fps)[0m
[0;32mI (15914) websocket_client: Image sent to WebSocket: 8461 bytes (25.0fps)[0m
[0;32mI (15955) websocket_client: Image sent to WebSocket: 8341 bytes (25.0fps)[0m
[0;32mI (15995) websocket_client: Image sent to WebSocket: 8354 bytes (25.6fps)[0m
[0;32mI (16035) websocket_client: Image sent to WebSocket: 8416 bytes (25.0fps)[0m
[0;32mI (16077) websocket_client: Image sent to WebSocket: 8414 bytes (24.4fps)[0m
[0;32mI (16115) websocket_client: Image sent to WebSocket: 8380 bytes (26.3fps)[0m
[0;32mI (16155) websocket_client: Image sent to WebSocket: 8343 bytes (25.6fps)[0m
[0;32mI (16195) websocket_client: Image sent to WebSocket: 8482 bytes (25.0fps)[0m
[0;32mI (16236) websocket_client: Image sent to WebSocket: 8648 bytes (25.0fps)[0m
[0;32mI (16278) websocket_client: Image sent to WebSocket: 8488 bytes (23.8fps)[0m
[0;32mI (16314) websocket_client: Image sent to WebSocket: 8515 bytes (28.6fps)[0m
[0;32mI (16354) websocket_client: Image sent to WebSocket: 8528 bytes (25.6fps)[0m
[0;32mI (16396) websocket_client: Image sent to WebSocket: 8502 bytes (23.8fps)[0m
[0;32mI (16439) websocket_client: Image sent to WebSocket: 8575 bytes (23.3fps)[0m
[0;32mI (16474) websocket_client: Image sent to WebSocket: 8461 bytes (29.4fps)[0m
[0;32mI (16516) websocket_client: Image sent to WebSocket: 8478 bytes (24.4fps)[0m
[0;32mI (16554) websocket_client: Image sent to WebSocket: 8483 bytes (26.3fps)[0m
[0;32mI (16595) websocket_client: Image sent to WebSocket: 8471 bytes (24.4fps)[0m
[0;32mI (16634) websocket_client: Image sent to WebSocket: 8693 bytes (25.6fps)[0m
[0;32mI (16674) websocket_client: Image sent to WebSocket: 8438 bytes (25.6fps)[0m
[0;32mI (16714) websocket_client: Image sent to WebSocket: 8474 bytes (25.0fps)[0m
[0;32mI (16754) websocket_client: Image sent to WebSocket: 8438 bytes (25.6fps)[0m
[0;32mI (16798) websocket_client: Image sent to WebSocket: 8461 bytes (23.3fps)[0m
[0;32mI (16834) websocket_client: Image sent to WebSocket: 8518 bytes (27.8fps)[0m
[0;32mI (16874) websocket_client: Image sent to WebSocket: 8503 bytes (25.0fps)[0m
[0;32mI (16913) websocket_client: Image sent to WebSocket: 8492 bytes (25.6fps)[0m
[0;32mI (16955) websocket_client: Image sent to WebSocket: 8690 bytes (24.4fps)[0m
[0;32mI (16996) websocket_client: Image sent to WebSocket: 8497 bytes (24.4fps)[0m
[0;32mI (17036) websocket_client: Image sent to WebSocket: 8497 bytes (25.6fps)[0m
[0;32mI (17074) websocket_client: Image sent to WebSocket: 8531 bytes (27.0fps)[0m
[0;32mI (17116) websocket_client: Image sent to WebSocket: 8494 bytes (23.8fps)[0m
[0;32mI (17157) websocket_client: Image sent to WebSocket: 8444 bytes (25.0fps)[0m
[0;32mI (17195) websocket_client: Image sent to WebSocket: 8484 bytes (26.3fps)[0m
[0;32mI (17235) websocket_client: Image sent to WebSocket: 8425 bytes (25.6fps)[0m
[0;32mI (17274) websocket_client: Image sent to WebSocket: 8495 bytes (26.3fps)[0m
[0;32mI (17313) websocket_client: Image sent to WebSocket: 8467 bytes (25.6fps)[0m
[0;32mI (17359) websocket_client: Image sent to WebSocket: 8451 bytes (22.2fps)[0m
[0;32mI (17394) websocket_client: Image sent to WebSocket: 8540 bytes (29.4fps)[0m
[0;32mI (17444) websocket_client: Image sent to WebSocket: 8418 bytes (20.0fps)[0m
[0;32mI (17473) websocket_client: Image sent to WebSocket: 8386 bytes (34.5fps)[0m
[0;32mI (17513) websocket_client: Image sent to WebSocket: 8415 bytes (25.6fps)[0m
[0;32mI (17554) websocket_client: Image sent to WebSocket: 8393 bytes (25.0fps)[0m
[0;32mI (17594) websocket_client: Image sent to WebSocket: 8464 bytes (25.0fps)[0m
[0;32mI (17638) websocket_client: Image sent to WebSocket: 8412 bytes (23.3fps)[0m
[0;32mI (17674) websocket_client: Image sent to WebSocket: 8429 bytes (27.8fps)[0m
[0;32mI (17714) websocket_client: Image sent to WebSocket: 8345 bytes (25.0fps)[0m
[0;32mI (17754) websocket_client: Image sent to WebSocket: 8478 bytes (25.6fps)[0m
[0;32mI (17793) websocket_client: Image sent to WebSocket: 8372 bytes (25.6fps)[0m
[0;32mI (17834) websocket_client: Image sent to WebSocket: 8394 bytes (25.0fps)[0m
[0;32mI (17874) websocket_client: Image sent to WebSocket: 8390 bytes (25.0fps)[0m
[0;32mI (17917) websocket_client: Image sent to WebSocket: 8359 bytes (23.8fps)[0m
[0;32mI (17957) websocket_client: Image sent to WebSocket: 8637 bytes (25.6fps)[0m
[0;32mI (17993) websocket_client: Image sent to WebSocket: 8421 bytes (27.8fps)[0m
[0;32mI (18033) websocket_client: Image sent to WebSocket: 8414 bytes (25.6fps)[0m
[0;32mI (18079) websocket_client: Image sent to WebSocket: 8361 bytes (22.2fps)[0m
[0;32mI (18113) websocket_client: Image sent to WebSocket: 8412 bytes (29.4fps)[0m
[0;32mI (18156) websocket_client: Image sent to WebSocket: 8389 bytes (23.8fps)[0m
[0;32mI (18194) websocket_client: Image sent to WebSocket: 8393 bytes (27.0fps)[0m
[0;32mI (18234) websocket_client: Image sent to WebSocket: 8323 bytes (25.0fps)[0m
[0;32mI (18273) websocket_client: Image sent to WebSocket: 8399 bytes (25.6fps)[0m
[0;32mI (18314) websocket_client: Image sent to WebSocket: 8302 bytes (25.0fps)[0m
[0;32mI (18356) websocket_client: Image sent to WebSocket: 8327 bytes (23.8fps)[0m
[0;32mI (18394) websocket_client: Image sent to WebSocket: 8333 bytes (27.0fps)[0m
[0;32mI (18433) websocket_client: Image sent to WebSocket: 8429 bytes (25.6fps)[0m
[0;32mI (18473) websocket_client: Image sent to WebSocket: 8490 bytes (25.6fps)[0m
[0;32mI (18514) websocket_client: Image sent to WebSocket: 8399 bytes (25.0fps)[0m
[0;32mI (18553) websocket_client: Image sent to WebSocket: 8391 bytes (25.6fps)[0m
[0;32mI (18593) websocket_client: Image sent to WebSocket: 8400 bytes (25.0fps)[0m
[0;32mI (18636) websocket_client: Image sent to WebSocket: 8393 bytes (23.8fps)[0m
[0;32mI (18676) websocket_client: Image sent to WebSocket: 8308 bytes (25.0fps)[0m
[0;32mI (18714) websocket_client: Image sent to WebSocket: 8446 bytes (27.0fps)[0m
[0;32mI (18756) websocket_client: Image sent to WebSocket: 8367 bytes (23.8fps)[0m
[0;32mI (18797) websocket_client: Image sent to WebSocket: 8560 bytes (25.0fps)[0m
[0;32mI (18833) websocket_client: Image sent to WebSocket: 8256 bytes (27.8fps)[0m
[0;32mI (18873) websocket_client: Image sent to WebSocket: 8248 bytes (25.0fps)[0m
[0;32mI (18913) websocket_client: Image sent to WebSocket: 8271 bytes (25.0fps)[0m
[0;32mI (18953) websocket_client: Image sent to WebSocket: 8200 bytes (25.0fps)[0m
[0;32mI (18993) websocket_client: Image sent to WebSocket: 8295 bytes (25.6fps)[0m
[0;32mI (19034) websocket_client: Image sent to WebSocket: 8289 bytes (25.0fps)[0m
[0;32mI (19075) websocket_client: Image sent to WebSocket: 8320 bytes (24.4fps)[0m
[0;32mI (19113) websocket_client: Image sent to WebSocket: 8224 bytes (27.0fps)[0m
[0;32mI (19154) websocket_client: Image sent to WebSocket: 8209 bytes (25.0fps)[0m
[0;32mI (19193) websocket_client: Image sent to WebSocket: 8246 bytes (26.3fps)[0m
[0;32mI (19233) websocket_client: Image sent to WebSocket: 8255 bytes (25.0fps)[0m
[0;32mI (19273) websocket_client: Image sent to WebSocket: 8221 bytes (25.0fps)[0m
[0;32mI (19313) websocket_client: Image sent to WebSocket: 8300 bytes (25.6fps)[0m
[0;32mI (19353) websocket_client: Image sent to WebSocket: 8177 bytes (25.6fps)[0m
[0;32mI (19393) websocket_client: Image sent to WebSocket: 8252 bytes (25.6fps)[0m
[0;32mI (19433) websocket_client: Image sent to WebSocket: 8151 bytes (25.6fps)[0m
[0;32mI (19475) websocket_client: Image sent to WebSocket: 8151 bytes (23.8fps)[0m
[0;32mI (19512) websocket_client: Image sent to WebSocket: 8151 bytes (27.0fps)[0m
[0;32mI (19556) websocket_client: Image sent to WebSocket: 8151 bytes (23.3fps)[0m
[0;32mI (19596) websocket_client: Image sent to WebSocket: 8306 bytes (25.6fps)[0m
[0;32mI (19633) websocket_client: Image sent to WebSocket: 8029 bytes (27.0fps)[0m
[0;32mI (19672) websocket_client: Image sent to WebSocket: 8133 bytes (25.6fps)[0m
[0;32mI (19716) websocket_client: Image sent to WebSocket: 8133 bytes (23.3fps)[0m
[0;32mI (19754) websocket_client: Image sent to WebSocket: 8197 bytes (27.0fps)[0m
[0;32mI (19794) websocket_client: Image sent to WebSocket: 8180 bytes (25.0fps)[0m
[0;32mI (19833) websocket_client: Image sent to WebSocket: 8216 bytes (25.6fps)[0m
[0;32mI (19873) websocket_client: Image sent to WebSocket: 8242 bytes (25.6fps)[0m
[0;32mI (19913) websocket_client: Image sent to WebSocket: 8189 bytes (25.0fps)[0m
[0;32mI (19953) websocket_client: Image sent to WebSocket: 8294 bytes (25.0fps)[0m
[0;32mI (19995) websocket_client: Image sent to WebSocket: 8203 bytes (23.8fps)[0m
[0;32mI (20033) websocket_client: Image sent to WebSocket: 8232 bytes (27.0fps)[0m
[0;32mI (20076) websocket_client: Image sent to WebSocket: 8185 bytes (23.3fps)[0m
[0;32mI (20113) websocket_client: Image sent to WebSocket: 8185 bytes (27.8fps)[0m
[0;32mI (20152) websocket_client: Image sent to WebSocket: 8185 bytes (25.6fps)[0m
[0;32mI (20192) websocket_client: Image sent to WebSocket: 8185 bytes (25.6fps)[0m
[0;32mI (20232) websocket_client: Image sent to WebSocket: 8185 bytes (25.0fps)[0m
[0;32mI (20275) websocket_client: Image sent to WebSocket: 8185 bytes (23.8fps)[0m
[0;32mI (20314) websocket_client: Image sent to WebSocket: 8185 bytes (26.3fps)[0m
[0;32mI (20352) websocket_client: Image sent to WebSocket: 8185 bytes (26.3fps)[0m
[0;32mI (20394) websocket_client: Image sent to WebSocket: 8185 bytes (24.4fps)[0m
[0;32mI (20441) websocket_client: Image sent to WebSocket: 8185 bytes (21.3fps)[0m
[0;32mI (20475) websocket_client: Image sent to WebSocket: 8185 bytes (30.3fps)[0m
[0;32mI (20512) websocket_client: Image sent to WebSocket: 8185 bytes (27.8fps)[0m
[0;32mI (20552) websocket_client: Image sent to WebSocket: 8185 bytes (25.0fps)[0m
[0;32mI (20592) websocket_client: Image sent to WebSocket: 8185 bytes (25.6fps)[0m
[0;32mI (20636) websocket_client: Image sent to WebSocket: 8185 bytes (22.7fps)[0m
[0;32mI (20673) websocket_client: Image sent to WebSocket: 8185 bytes (27.8fps)[0m
[0;32mI (20714) websocket_client: Image sent to WebSocket: 8185 bytes (24.4fps)[0m
[0;32mI (20753) websocket_client: Image sent to WebSocket: 8185 bytes (26.3fps)[0m
[0;32mI (20792) websocket_client: Image sent to WebSocket: 8185 bytes (25.6fps)[0m
[0;32mI (20833) websocket_client: Image sent to WebSocket: 8185 bytes (25.0fps)[0m
[0;32mI (20872) websocket_client: Image sent to WebSocket: 8185 bytes (25.6fps)[0m
[0;32mI (20913) websocket_client: Image sent to WebSocket: 8294 bytes (25.0fps)[0m
[0;32mI (20953) websocket_client: Image sent to WebSocket: 8542 bytes (25.6fps)[0m
[0;32mI (20992) websocket_client: Image sent to WebSocket: 8392 bytes (25.6fps)[0m
[0;32mI (21032) websocket_client: Image sent to WebSocket: 8371 bytes (25.6fps)[0m
[0;32mI (21072) websocket_client: Image sent to WebSocket: 8433 bytes (25.0fps)[0m
[0;32mI (21112) websocket_client: Image sent to WebSocket: 8306 bytes (25.6fps)[0m
[0;32mI (21153) websocket_client: Image sent to WebSocket: 8311 bytes (24.4fps)[0m
[0;32mI (21195) websocket_client: Image sent to WebSocket: 8340 bytes (24.4fps)[0m
[0;32mI (21235) websocket_client: Image sent to WebSocket: 8202 bytes (25.0fps)[0m
[0;32mI (21272) websocket_client: Image sent to WebSocket: 8101 bytes (27.8fps)[0m
[0;32mI (21313) websocket_client: Image sent to WebSocket: 8101 bytes (25.0fps)[0m
[0;32mI (21355) websocket_client: Image sent to WebSocket: 8101 bytes (23.8fps)[0m
[0;32mI (21392) websocket_client: Image sent to WebSocket: 8101 bytes (27.8fps)[0m
[0;32mI (21432) websocket_client: Image sent to WebSocket: 8101 bytes (25.0fps)[0m
[0;32mI (21472) websocket_client: Image sent to WebSocket: 8101 bytes (25.6fps)[0m
[0;32mI (21511) websocket_client: Image sent to WebSocket: 8101 bytes (25.6fps)[0m
[0;32mI (21552) websocket_client: Image sent to WebSocket: 8101 bytes (25.0fps)[0m
[0;32mI (21592) websocket_client: Image sent to WebSocket: 8101 bytes (25.6fps)[0m
