ets Jul 29 2019 12:21:46

rst:0x1 (POWERON_RESET),boot:0x13 (SPI_FAST_FLASH_BOOT)
configsip: 0, SPIWP:0xee
clk_drv:0x00,q_drv:0x00,d_drv:0x00,cs0_drv:0x00,hd_drv:0x00,wp_drv:0x00
mode:DIO, clock div:1
load:0x3fff0030,len:7168
load:0x40078000,len:15464
load:0x40080400,len:4
ho 8 tail 4 room 4
load:0x40080404,len:3684
entry 0x40080614
[0;32mI (31) boot: ESP-IDF v5.3-dirty 2nd stage bootloader[0m
[0;32mI (31) boot: compile time Aug 26 2024 19:21:57[0m
[0;33mW (31) boot: Unicore bootloader[0m
[0;32mI (35) boot: chip revision: v3.1[0m
[0;32mI (39) boot.esp32: SPI Speed      : 80MHz[0m
[0;32mI (44) boot.esp32: SPI Mode       : DIO[0m
[0;32mI (48) boot.esp32: SPI Flash Size : 4MB[0m
[0;32mI (53) boot: Enabling RNG early entropy source...[0m
[0;32mI (58) boot: Partition Table:[0m
[0;32mI (62) boot: ## Label            Usage          Type ST Offset   Length[0m
[0;32mI (69) boot:  0 nvs              WiFi data        01 02 00009000 00004000[0m
[0;32mI (77) boot:  1 otadata          OTA data         01 00 0000d000 00002000[0m
[0;32mI (84) boot:  2 phy_init         RF data          01 01 0000f000 00001000[0m
[0;32mI (92) boot:  3 ota_0            OTA app          00 10 00010000 001e0000[0m
[0;32mI (99) boot:  4 ota_1            OTA app          00 11 001f0000 001e0000[0m
[0;32mI (107) boot:  5 coredump         Unknown data     01 03 003d0000 00010000[0m
[0;32mI (114) boot:  6 reserved         Unknown data     01 fe 003e0000 00020000[0m
[0;32mI (122) boot: End of partition table[0m
[0;32mI (126) boot: No factory image, trying OTA 0[0m
[0;32mI (131) esp_image: segment 0: paddr=00010020 vaddr=3f400020 size=2dfd4h (188372) map[0m
[0;32mI (193) esp_image: segment 1: paddr=0003dffc vaddr=3ffbdb60 size=0201ch (  8220) load[0m
[0;32mI (196) esp_image: segment 2: paddr=00040020 vaddr=400d0020 size=c2dech (798188) map[0m
[0;32mI (424) esp_image: segment 3: paddr=00102e14 vaddr=3ffbfb7c size=03f5ch ( 16220) load[0m
[0;32mI (430) esp_image: segment 4: paddr=00106d78 vaddr=40080000 size=1cc94h (117908) load[0m
[0;32mI (484) boot: Loaded app from partition at offset 0x10000[0m
[0;32mI (489) boot: Set actual ota_seq=1 in otadata[0][0m
[0;32mI (489) boot: Disabling RNG early entropy source...[0m
[0;32mI (501) quad_psram: This chip is ESP32-D0WD[0m
[0;32mI (501) esp_psram: Found 8MB PSRAM device[0m
[0;32mI (501) esp_psram: Speed: 40MHz[0m
[0;32mI (505) esp_psram: PSRAM initialized, cache is in normal (1-core) mode.[0m
[0;33mW (513) esp_psram: Virtual address not enough for PSRAM, map as much as we can. 4MB is mapped[0m
[0;32mI (522) cpu_start: Unicore app[0m
[0;32mI (525) cpu_start: Single core mode[0m
[0;32mI (1453) esp_psram: SPI SRAM memory test OK[0m
[0;32mI (1461) cpu_start: Pro cpu start user code[0m
[0;32mI (1461) cpu_start: cpu freq: 240000000 Hz[0m
[0;32mI (1461) app_init: Application information:[0m
[0;32mI (1464) app_init: Project name:     mesh_local_control[0m
[0;32mI (1470) app_init: App version:      d1ba481-dirty[0m
[0;32mI (1475) app_init: Compile time:     Aug 26 2024 19:21:52[0m
[0;32mI (1481) app_init: ELF file SHA256:  3daec32fc...[0m
[0;32mI (1487) app_init: ESP-IDF:          v5.3-dirty[0m
[0;32mI (1492) efuse_init: Min chip rev:     v0.0[0m
[0;32mI (1497) efuse_init: Max chip rev:     v3.99 [0m
[0;32mI (1502) efuse_init: Chip rev:         v3.1[0m
[0;32mI (1507) heap_init: Initializing. RAM available for dynamic allocation:[0m
[0;32mI (1514) heap_init: At 3FFAE6E0 len 0000F480 (61 KiB): DRAM[0m
[0;32mI (1520) heap_init: At 3FFC8940 len 000176C0 (93 KiB): DRAM[0m
[0;32mI (1526) heap_init: At 3FFE0440 len 0001FBC0 (126 KiB): D/IRAM[0m
[0;32mI (1533) heap_init: At 40078000 len 00008000 (32 KiB): IRAM[0m
[0;32mI (1539) heap_init: At 4009CC94 len 0000336C (12 KiB): IRAM[0m
[0;32mI (1545) heap_init: At 3FF80000 len 00002000 (8 KiB): RTCRAM[0m
[0;32mI (1552) esp_psram: Adding pool of 4096K of PSRAM memory to heap allocator[0m
[0;32mI (1560) spi_flash: detected chip: generic[0m
[0;32mI (1564) spi_flash: flash io: dio[0m
[0;33mW (1568) i2c: This driver is an old driver, please migrate your application code to adapt `driver/i2c_master.h`[0m
[0;32mI (1590) coexist: coex firmware version: dab85ae96[0m
[0;32mI (1591) main_task: Started on CPU0[0m
[0;32mI (1591) esp_psram: Reserving pool of 32K of internal memory for DMA/internal allocations[0m
[0;32mI (1599) main_task: Calling app_main()[0m
[0;32mI (1616) bridge_common: esp-iot-bridge version: 0.11.8[0m
I (1619) wifi:wifi driver task: 3ffbd604, prio:23, stack:6656, core=0
I (1621) wifi:wifi firmware version: 0caa81945
I (1622) wifi:wifi certification version: v7.0
I (1626) wifi:config NVS flash: enabled
I (1630) wifi:config nano formating: disabled
I (1634) wifi:Init data frame dynamic rx buffer num: 32
I (1639) wifi:Init static rx mgmt buffer num: 5
I (1643) wifi:Init management short buffer num: 32
I (1647) wifi:Init static tx buffer num: 16
I (1651) wifi:Init tx cache buffer num: 32
I (1655) wifi:Init static rx buffer size: 1600
I (1659) wifi:Init static rx buffer num: 10
I (1663) wifi:Init dynamic rx buffer num: 32
[0;32mI (1668) wifi_init: accept mbox: 6[0m
[0;32mI (1671) wifi_init: tcpip mbox: 32[0m
[0;32mI (1675) wifi_init: udp mbox: 6[0m
[0;32mI (1679) wifi_init: tcp mbox: 6[0m
[0;32mI (1683) wifi_init: tcp tx win: 5760[0m
[0;32mI (1687) wifi_init: tcp rx win: 5760[0m
[0;32mI (1691) wifi_init: tcp mss: 1440[0m
[0;32mI (1695) wifi_init: WiFi IRAM OP enabled[0m
[0;32mI (1700) wifi_init: WiFi RX IRAM OP enabled[0m
[0;32mI (1705) phy_init: phy_version 4830,54550f7,Jun 20 2024,14:22:08[0m
[0;33mW (1711) phy_init: failed to load RF calibration data (0x1102), falling back to full calibration[0m
ï¿½ets Jul 29 2019 12:21:46

rst:0x3 (SW_RESET),boot:0x13 (SPI_FAST_FLASH_BOOT)
configsip: 0, SPIWP:0xee
clk_drv:0x00,q_drv:0x00,d_drv:0x00,cs0_drv:0x00,hd_drv:0x00,wp_drv:0x00
mode:DIO, clock div:1
load:0x3fff0030,len:7168
load:0x40078000,len:15464
load:0x40080400,len:4
ho 8 tail 4 room 4
load:0x40080404,len:3684
entry 0x40080614
[0;32mI (179) boot: ESP-IDF v5.3-dirty 2nd stage bootloader[0m
[0;32mI (179) boot: compile time Aug 26 2024 19:21:57[0m
[0;33mW (179) boot: Unicore bootloader[0m
[0;32mI (184) boot: chip revision: v3.1[0m
[0;32mI (188) boot.esp32: SPI Speed      : 80MHz[0m
[0;32mI (193) boot.esp32: SPI Mode       : DIO[0m
[0;32mI (198) boot.esp32: SPI Flash Size : 4MB[0m
[0;32mI (202) boot: Enabling RNG early entropy source...[0m
[0;32mI (208) boot: Partition Table:[0m
[0;32mI (211) boot: ## Label            Usage          Type ST Offset   Length[0m
[0;32mI (219) boot:  0 nvs              WiFi data        01 02 00009000 00004000[0m
[0;32mI (226) boot:  1 otadata          OTA data         01 00 0000d000 00002000[0m
[0;32mI (234) boot:  2 phy_init         RF data          01 01 0000f000 00001000[0m
[0;32mI (242) boot:  3 ota_0            OTA app          00 10 00010000 001e0000[0m
[0;32mI (249) boot:  4 ota_1            OTA app          00 11 001f0000 001e0000[0m
[0;32mI (257) boot:  5 coredump         Unknown data     01 03 003d0000 00010000[0m
[0;32mI (264) boot:  6 reserved         Unknown data     01 fe 003e0000 00020000[0m
[0;32mI (272) boot: End of partition table[0m
[0;32mI (276) esp_image: segment 0: paddr=00010020 vaddr=3f400020 size=2dfd4h (188372) map[0m
[0;32mI (338) esp_image: segment 1: paddr=0003dffc vaddr=3ffbdb60 size=0201ch (  8220) load[0m
[0;32mI (341) esp_image: segment 2: paddr=00040020 vaddr=400d0020 size=c2dech (798188) map[0m
[0;32mI (569) esp_image: segment 3: paddr=00102e14 vaddr=3ffbfb7c size=03f5ch ( 16220) load[0m
[0;32mI (575) esp_image: segment 4: paddr=00106d78 vaddr=40080000 size=1cc94h (117908) load[0m
[0;32mI (629) boot: Loaded app from partition at offset 0x10000[0m
[0;32mI (629) boot: Disabling RNG early entropy source...[0m
[0;32mI (641) quad_psram: This chip is ESP32-D0WD[0m
[0;32mI (641) esp_psram: Found 8MB PSRAM device[0m
[0;32mI (641) esp_psram: Speed: 40MHz[0m
[0;32mI (645) esp_psram: PSRAM initialized, cache is in normal (1-core) mode.[0m
[0;33mW (652) esp_psram: Virtual address not enough for PSRAM, map as much as we can. 4MB is mapped[0m
[0;32mI (662) cpu_start: Unicore app[0m
[0;32mI (665) cpu_start: Single core mode[0m
[0;32mI (1593) esp_psram: SPI SRAM memory test OK[0m
[0;32mI (1600) cpu_start: Pro cpu start user code[0m
[0;32mI (1600) cpu_start: cpu freq: 240000000 Hz[0m
[0;32mI (1600) app_init: Application information:[0m
[0;32mI (1604) app_init: Project name:     mesh_local_control[0m
[0;32mI (1610) app_init: App version:      d1ba481-dirty[0m
[0;32mI (1615) app_init: Compile time:     Aug 26 2024 19:21:52[0m
[0;32mI (1621) app_init: ELF file SHA256:  3daec32fc...[0m
[0;32mI (1626) app_init: ESP-IDF:          v5.3-dirty[0m
[0;32mI (1632) efuse_init: Min chip rev:     v0.0[0m
[0;32mI (1637) efuse_init: Max chip rev:     v3.99 [0m
[0;32mI (1642) efuse_init: Chip rev:         v3.1[0m
[0;32mI (1647) heap_init: Initializing. RAM available for dynamic allocation:[0m
[0;32mI (1654) heap_init: At 3FFAE6E0 len 0000F480 (61 KiB): DRAM[0m
[0;32mI (1660) heap_init: At 3FFC8940 len 000176C0 (93 KiB): DRAM[0m
[0;32mI (1666) heap_init: At 3FFE0440 len 0001FBC0 (126 KiB): D/IRAM[0m
[0;32mI (1673) heap_init: At 40078000 len 00008000 (32 KiB): IRAM[0m
[0;32mI (1679) heap_init: At 4009CC94 len 0000336C (12 KiB): IRAM[0m
[0;32mI (1685) heap_init: At 3FF80000 len 00002000 (8 KiB): RTCRAM[0m
[0;32mI (1692) esp_psram: Adding pool of 4096K of PSRAM memory to heap allocator[0m
[0;32mI (1700) spi_flash: detected chip: generic[0m
[0;32mI (1704) spi_flash: flash io: dio[0m
[0;33mW (1708) i2c: This driver is an old driver, please migrate your application code to adapt `driver/i2c_master.h`[0m
[0;32mI (1730) coexist: coex firmware version: dab85ae96[0m
[0;32mI (1731) main_task: Started on CPU0[0m
[0;32mI (1731) esp_psram: Reserving pool of 32K of internal memory for DMA/internal allocations[0m
[0;32mI (1739) main_task: Calling app_main()[0m
[0;32mI (1756) bridge_common: esp-iot-bridge version: 0.11.8[0m
I (1758) wifi:wifi driver task: 3ffbd618, prio:23, stack:6656, core=0
I (1760) wifi:wifi firmware version: 0caa81945
I (1762) wifi:wifi certification version: v7.0
I (1766) wifi:config NVS flash: enabled
I (1770) wifi:config nano formating: disabled
I (1774) wifi:Init data frame dynamic rx buffer num: 32
I (1779) wifi:Init static rx mgmt buffer num: 5
I (1783) wifi:Init management short buffer num: 32
I (1787) wifi:Init static tx buffer num: 16
I (1791) wifi:Init tx cache buffer num: 32
I (1795) wifi:Init static rx buffer size: 1600
I (1799) wifi:Init static rx buffer num: 10
I (1803) wifi:Init dynamic rx buffer num: 32
[0;32mI (1808) wifi_init: accept mbox: 6[0m
[0;32mI (1811) wifi_init: tcpip mbox: 32[0m
[0;32mI (1815) wifi_init: udp mbox: 6[0m
[0;32mI (1819) wifi_init: tcp mbox: 6[0m
[0;32mI (1823) wifi_init: tcp tx win: 5760[0m
[0;32mI (1827) wifi_init: tcp rx win: 5760[0m
[0;32mI (1831) wifi_init: tcp mss: 1440[0m
[0;32mI (1835) wifi_init: WiFi IRAM OP enabled[0m
[0;32mI (1840) wifi_init: WiFi RX IRAM OP enabled[0m
[0;32mI (1845) phy_init: phy_version 4830,54550f7,Jun 20 2024,14:22:08[0m
[0;33mW (1851) phy_init: failed to load RF calibration data (0x1102), falling back to full calibration[0m
ï¿½ets Jul 29 2019 12:21:46

rst:0x3 (SW_RESET),boot:0x13 (SPI_FAST_FLASH_BOOT)
configsip: 0, SPIWP:0xee
clk_drv:0x00,q_drv:0x00,d_drv:0x00,cs0_drv:0x00,hd_drv:0x00,wp_drv:0x00
mode:DIO, clock div:1
load:0x3fff0030,len:7168
load:0x40078000,len:15464
load:0x40080400,len:4
ho 8 tail 4 room 4
load:0x40080404,len:3684
entry 0x40080614
[0;32mI (179) boot: ESP-IDF v5.3-dirty 2nd stage bootloader[0m
[0;32mI (179) boot: compile time Aug 26 2024 19:21:57[0m
[0;33mW (179) boot: Unicore bootloader[0m
[0;32mI (184) boot: chip revision: v3.1[0m
[0;32mI (188) boot.esp32: SPI Speed      : 80MHz[0m
[0;32mI (193) boot.esp32: SPI Mode       : DIO[0m
[0;32mI (198) boot.esp32: SPI Flash Size : 4MB[0m
[0;32mI (202) boot: Enabling RNG early entropy source...[0m
[0;32mI (208) boot: Partition Table:[0m
[0;32mI (211) boot: ## Label            Usage          Type ST Offset   Length[0m
[0;32mI (219) boot:  0 nvs              WiFi data        01 02 00009000 00004000[0m
[0;32mI (226) boot:  1 otadata          OTA data         01 00 0000d000 00002000[0m
[0;32mI (234) boot:  2 phy_init         RF data          01 01 0000f000 00001000[0m
[0;32mI (242) boot:  3 ota_0            OTA app          00 10 00010000 001e0000[0m
[0;32mI (249) boot:  4 ota_1            OTA app          00 11 001f0000 001e0000[0m
[0;32mI (257) boot:  5 coredump         Unknown data     01 03 003d0000 00010000[0m
[0;32mI (264) boot:  6 reserved         Unknown data     01 fe 003e0000 00020000[0m
[0;32mI (272) boot: End of partition table[0m
[0;32mI (276) esp_image: segment 0: paddr=00010020 vaddr=3f400020 size=2dfd4h (188372) map[0m
[0;32mI (338) esp_image: segment 1: paddr=0003dffc vaddr=3ffbdb60 size=0201ch (  8220) load[0m
[0;32mI (341) esp_image: segment 2: paddr=00040020 vaddr=400d0020 size=c2dech (798188) map[0m
[0;32mI (569) esp_image: segment 3: paddr=00102e14 vaddr=3ffbfb7c size=03f5ch ( 16220) load[0m
[0;32mI (575) esp_image: segment 4: paddr=00106d78 vaddr=40080000 size=1cc94h (117908) load[0m
[0;32mI (629) boot: Loaded app from partition at offset 0x10000[0m
[0;32mI (629) boot: Disabling RNG early entropy source...[0m
[0;32mI (641) quad_psram: This chip is ESP32-D0WD[0m
[0;32mI (641) esp_psram: Found 8MB PSRAM device[0m
[0;32mI (641) esp_psram: Speed: 40MHz[0m
[0;32mI (645) esp_psram: PSRAM initialized, cache is in normal (1-core) mode.[0m
[0;33mW (652) esp_psram: Virtual address not enough for PSRAM, map as much as we can. 4MB is mapped[0m
[0;32mI (661) cpu_start: Unicore app[0m
[0;32mI (665) cpu_start: Single core mode[0m
[0;32mI (1593) esp_psram: SPI SRAM memory test OK[0m
[0;32mI (1600) cpu_start: Pro cpu start user code[0m
[0;32mI (1600) cpu_start: cpu freq: 240000000 Hz[0m
[0;32mI (1600) app_init: Application information:[0m
[0;32mI (1604) app_init: Project name:     mesh_local_control[0m
[0;32mI (1610) app_init: App version:      d1ba481-dirty[0m
[0;32mI (1615) app_init: Compile time:     Aug 26 2024 19:21:52[0m
[0;32mI (1621) app_init: ELF file SHA256:  3daec32fc...[0m
[0;32mI (1626) app_init: ESP-IDF:          v5.3-dirty[0m
[0;32mI (1632) efuse_init: Min chip rev:     v0.0[0m
[0;32mI (1637) efuse_init: Max chip rev:     v3.99 [0m
[0;32mI (1642) efuse_init: Chip rev:         v3.1[0m
[0;32mI (1647) heap_init: Initializing. RAM available for dynamic allocation:[0m
[0;32mI (1654) heap_init: At 3FFAE6E0 len 0000F480 (61 KiB): DRAM[0m
[0;32mI (1660) heap_init: At 3FFC8940 len 000176C0 (93 KiB): DRAM[0m
[0;32mI (1666) heap_init: At 3FFE0440 len 0001FBC0 (126 KiB): D/IRAM[0m
[0;32mI (1673) heap_init: At 40078000 len 00008000 (32 KiB): IRAM[0m
[0;32mI (1679) heap_init: At 4009CC94 len 0000336C (12 KiB): IRAM[0m
[0;32mI (1685) heap_init: At 3FF80000 len 00002000 (8 KiB): RTCRAM[0m
[0;32mI (1692) esp_psram: Adding pool of 4096K of PSRAM memory to heap allocator[0m
[0;32mI (1700) spi_flash: detected chip: generic[0m
[0;32mI (1704) spi_flash: flash io: dio[0m
[0;33mW (1708) i2c: This driver is an old driver, please migrate your application code to adapt `driver/i2c_master.h`[0m
[0;32mI (1730) coexist: coex firmware version: dab85ae96[0m
[0;32mI (1731) main_task: Started on CPU0[0m
[0;32mI (1731) esp_psram: Reserving pool of 32K of internal memory for DMA/internal allocations[0m
[0;32mI (1739) main_task: Calling app_main()[0m
[0;32mI (1756) bridge_common: esp-iot-bridge version: 0.11.8[0m
I (1758) wifi:wifi driver task: 3ffbd618, prio:23, stack:6656, core=0
I (1760) wifi:wifi firmware version: 0caa81945
I (1762) wifi:wifi certification version: v7.0
I (1766) wifi:config NVS flash: enabled
I (1770) wifi:config nano formating: disabled
I (1774) wifi:Init data frame dynamic rx buffer num: 32
I (1779) wifi:Init static rx mgmt buffer num: 5
I (1783) wifi:Init management short buffer num: 32
I (1787) wifi:Init static tx buffer num: 16
I (1791) wifi:Init tx cache buffer num: 32
I (1795) wifi:Init static rx buffer size: 1600
I (1799) wifi:Init static rx buffer num: 10
I (1803) wifi:Init dynamic rx buffer num: 32
[0;32mI (1808) wifi_init: accept mbox: 6[0m
[0;32mI (1811) wifi_init: tcpip mbox: 32[0m
[0;32mI (1815) wifi_init: udp mbox: 6[0m
[0;32mI (1819) wifi_init: tcp mbox: 6[0m
[0;32mI (1823) wifi_init: tcp tx win: 5760[0m
[0;32mI (1827) wifi_init: tcp rx win: 5760[0m
[0;32mI (1831) wifi_init: tcp mss: 1440[0m
[0;32mI (1835) wifi_init: WiFi IRAM OP enabled[0m
[0;32mI (1840) wifi_init: WiFi RX IRAM OP enabled[0m
[0;32mI (1845) phy_init: phy_version 4830,54550f7,Jun 20 2024,14:22:08[0m
[0;33mW (1851) phy_init: failed to load RF calibration data (0x1102), falling back to full calibration[0m
ï¿½ets Jul 29 2019 12:21:46

rst:0x3 (SW_RESET),boot:0x13 (SPI_FAST_FLASH_BOOT)
configsip: 0, SPIWP:0xee
clk_drv:0x00,q_drv:0x00,d_drv:0x00,cs0_drv:0x00,hd_drv:0x00,wp_drv:0x00
mode:DIO, clock div:1
load:0x3fff0030,len:7168
load:0x40078000,len:15464
load:0x40080400,len:4
ho 8 tail 4 room 4
load:0x40080404,len:3684
entry 0x40080614
[0;32mI (179) boot: ESP-IDF v5.3-dirty 2nd stage bootloader[0m
[0;32mI (179) boot: compile time Aug 26 2024 19:21:57[0m
[0;33mW (179) boot: Unicore bootloader[0m
[0;32mI (184) boot: chip revision: v3.1[0m
[0;32mI (188) boot.esp32: SPI Speed      : 80MHz[0m
[0;32mI (193) boot.esp32: SPI Mode       : DIO[0m
[0;32mI (198) boot.esp32: SPI Flash Size : 4MB[0m
[0;32mI (202) boot: Enabling RNG early entropy source...[0m
[0;32mI (208) boot: Partition Table:[0m
[0;32mI (211) boot: ## Label            Usage          Type ST Offset   Length[0m
[0;32mI (219) boot:  0 nvs              WiFi data        01 02 00009000 00004000[0m
[0;32mI (226) boot:  1 otadata          OTA data         01 00 0000d000 00002000[0m
[0;32mI (234) boot:  2 phy_init         RF data          01 01 0000f000 00001000[0m
[0;32mI (242) boot:  3 ota_0            OTA app          00 10 00010000 001e0000[0m
[0;32mI (249) boot:  4 ota_1            OTA app          00 11 001f0000 001e0000[0m
[0;32mI (257) boot:  5 coredump         Unknown data     01 03 003d0000 00010000[0m
[0;32mI (264) boot:  6 reserved         Unknown data     01 fe 003e0000 00020000[0m
[0;32mI (272) boot: End of partition table[0m
[0;32mI (276) esp_image: segment 0: paddr=00010020 vaddr=3f400020 size=2dfd4h (188372) map[0m
[0;32mI (338) esp_image: segment 1: paddr=0003dffc vaddr=3ffbdb60 size=0201ch (  8220) load[0m
[0;32mI (341) esp_image: segment 2: paddr=00040020 vaddr=400d0020 size=c2dech (798188) map[0m
[0;32mI (569) esp_image: segment 3: paddr=00102e14 vaddr=3ffbfb7c size=03f5ch ( 16220) load[0m
[0;32mI (575) esp_image: segment 4: paddr=00106d78 vaddr=40080000 size=1cc94h (117908) load[0m
[0;32mI (629) boot: Loaded app from partition at offset 0x10000[0m
[0;32mI (629) boot: Disabling RNG early entropy source...[0m
[0;32mI (641) quad_psram: This chip is ESP32-D0WD[0m
[0;32mI (641) esp_psram: Found 8MB PSRAM device[0m
[0;32mI (641) esp_psram: Speed: 40MHz[0m
[0;32mI (645) esp_psram: PSRAM initialized, cache is in normal (1-core) mode.[0m
[0;33mW (652) esp_psram: Virtual address not enough for PSRAM, map as much as we can. 4MB is mapped[0m
[0;32mI (662) cpu_start: Unicore app[0m
[0;32mI (665) cpu_start: Single core mode[0m
[0;32mI (1593) esp_psram: SPI SRAM memory test OK[0m
[0;32mI (1600) cpu_start: Pro cpu start user code[0m
[0;32mI (1600) cpu_start: cpu freq: 240000000 Hz[0m
[0;32mI (1600) app_init: Application information:[0m
[0;32mI (1604) app_init: Project name:     mesh_local_control[0m
[0;32mI (1610) app_init: App version:      d1ba481-dirty[0m
[0;32mI (1615) app_init: Compile time:     Aug 26 2024 19:21:52[0m
[0;32mI (1621) app_init: ELF file SHA256:  3daec32fc...[0m
[0;32mI (1626) app_init: ESP-IDF:          v5.3-dirty[0m
[0;32mI (1632) efuse_init: Min chip rev:     v0.0[0m
[0;32mI (1637) efuse_init: Max chip rev:     v3.99 [0m
[0;32mI (1642) efuse_init: Chip rev:         v3.1[0m
[0;32mI (1647) heap_init: Initializing. RAM available for dynamic allocation:[0m
[0;32mI (1654) heap_init: At 3FFAE6E0 len 0000F480 (61 KiB): DRAM[0m
[0;32mI (1660) heap_init: At 3FFC8940 len 000176C0 (93 KiB): DRAM[0m
[0;32mI (1666) heap_init: At 3FFE0440 len 0001FBC0 (126 KiB): D/IRAM[0m
[0;32mI (1673) heap_init: At 40078000 len 00008000 (32 KiB): IRAM[0m
[0;32mI (1679) heap_init: At 4009CC94 len 0000336C (12 KiB): IRAM[0m
[0;32mI (1685) heap_init: At 3FF80000 len 00002000 (8 KiB): RTCRAM[0m
[0;32mI (1692) esp_psram: Adding pool of 4096K of PSRAM memory to heap allocator[0m
[0;32mI (1700) spi_flash: detected chip: generic[0m
[0;32mI (1704) spi_flash: flash io: dio[0m
[0;33mW (1708) i2c: This driver is an old driver, please migrate your application code to adapt `driver/i2c_master.h`[0m
[0;32mI (1730) coexist: coex firmware version: dab85ae96[0m
[0;32mI (1731) main_task: Started on CPU0[0m
[0;32mI (1731) esp_psram: Reserving pool of 32K of internal memory for DMA/internal allocations[0m
[0;32mI (1739) main_task: Calling app_main()[0m
[0;32mI (1756) bridge_common: esp-iot-bridge version: 0.11.8[0m
I (1758) wifi:wifi driver task: 3ffbd618, prio:23, stack:6656, core=0
I (1760) wifi:wifi firmware version: 0caa81945
I (1762) wifi:wifi certification version: v7.0
I (1766) wifi:config NVS flash: enabled
I (1770) wifi:config nano formating: disabled
I (1774) wifi:Init data frame dynamic rx buffer num: 32
I (1779) wifi:Init static rx mgmt buffer num: 5
I (1783) wifi:Init management short buffer num: 32
I (1787) wifi:Init static tx buffer num: 16
I (1791) wifi:Init tx cache buffer num: 32
I (1795) wifi:Init static rx buffer size: 1600
I (1799) wifi:Init static rx buffer num: 10
I (1803) wifi:Init dynamic rx buffer num: 32
[0;32mI (1808) wifi_init: accept mbox: 6[0m
[0;32mI (1811) wifi_init: tcpip mbox: 32[0m
[0;32mI (1815) wifi_init: udp mbox: 6[0m
[0;32mI (1819) wifi_init: tcp mbox: 6[0m
[0;32mI (1823) wifi_init: tcp tx win: 5760[0m
[0;32mI (1827) wifi_init: tcp rx win: 5760[0m
[0;32mI (1831) wifi_init: tcp mss: 1440[0m
[0;32mI (1835) wifi_init: WiFi IRAM OP enabled[0m
[0;32mI (1840) wifi_init: WiFi RX IRAM OP enabled[0m
[0;32mI (1845) phy_init: phy_version 4830,54550f7,Jun 20 2024,14:22:08[0m
[0;33mW (1851) phy_init: failed to load RF calibration data (0x1102), falling back to full calibration[0m
ï¿½ets Jul 29 2019 12:21:46

rst:0x3 (SW_RESET),boot:0x13 (SPI_FAST_FLASH_BOOT)
configsip: 0, SPIWP:0xee
clk_drv:0x00,q_drv:0x00,d_drv:0x00,cs0_drv:0x00,hd_drv:0x00,wp_drv:0x00
mode:DIO, clock div:1
load:0x3fff0030,len:7168
load:0x40078000,len:15464
load:0x40080400,len:4
ho 8 tail 4 room 4
load:0x40080404,len:3684
entry 0x40080614
[0;32mI (179) boot: ESP-IDF v5.3-dirty 2nd stage bootloader[0m
[0;32mI (179) boot: compile time Aug 26 2024 19:21:57[0m
[0;33mW (179) boot: Unicore bootloader[0m
[0;32mI (184) boot: chip revision: v3.1[0m
[0;32mI (188) boot.esp32: SPI Speed      : 80MHz[0m
[0;32mI (193) boot.esp32: SPI Mode       : DIO[0m
[0;32mI (198) boot.esp32: SPI Flash Size : 4MB[0m
[0;32mI (202) boot: Enabling RNG early entropy source...[0m
[0;32mI (208) boot: Partition Table:[0m
[0;32mI (211) boot: ## Label            Usage          Type ST Offset   Length[0m
[0;32mI (219) boot:  0 nvs              WiFi data        01 02 00009000 00004000[0m
[0;32mI (226) boot:  1 otadata          OTA data         01 00 0000d000 00002000[0m
[0;32mI (234) boot:  2 phy_init         RF data          01 01 0000f000 00001000[0m
[0;32mI (242) boot:  3 ota_0            OTA app          00 10 00010000 001e0000[0m
[0;32mI (249) boot:  4 ota_1            OTA app          00 11 001f0000 001e0000[0m
[0;32mI (257) boot:  5 coredump         Unknown data     01 03 003d0000 00010000[0m
[0;32mI (264) boot:  6 reserved         Unknown data     01 fe 003e0000 00020000[0m
[0;32mI (272) boot: End of partition table[0m
[0;32mI (276) esp_image: segment 0: paddr=00010020 vaddr=3f400020 size=2dfd4h (188372) map[0m
[0;32mI (338) esp_image: segment 1: paddr=0003dffc vaddr=3ffbdb60 size=0201ch (  8220) load[0m
[0;32mI (341) esp_image: segment 2: paddr=00040020 vaddr=400d0020 size=c2dech (798188) map[0m
[0;32mI (569) esp_image: segment 3: paddr=00102e14 vaddr=3ffbfb7c size=03f5ch ( 16220) load[0m
[0;32mI (575) esp_image: segment 4: paddr=00106d78 vaddr=40080000 size=1cc94h (117908) load[0m
[0;32mI (629) boot: Loaded app from partition at offset 0x10000[0m
[0;32mI (629) boot: Disabling RNG early entropy source...[0m
[0;32mI (641) quad_psram: This chip is ESP32-D0WD[0m
[0;32mI (641) esp_psram: Found 8MB PSRAM device[0m
[0;32mI (641) esp_psram: Speed: 40MHz[0m
[0;32mI (645) esp_psram: PSRAM initialized, cache is in normal (1-core) mode.[0m
[0;33mW (652) esp_psram: Virtual address not enough for PSRAM, map as much as we can. 4MB is mapped[0m
[0;32mI (661) cpu_start: Unicore app[0m
[0;32mI (665) cpu_start: Single core mode[0m
[0;32mI (1593) esp_psram: SPI SRAM memory test OK[0m
[0;32mI (1600) cpu_start: Pro cpu start user code[0m
[0;32mI (1600) cpu_start: cpu freq: 240000000 Hz[0m
[0;32mI (1600) app_init: Application information:[0m
[0;32mI (1604) app_init: Project name:     mesh_local_control[0m
[0;32mI (1609) app_init: App version:      d1ba481-dirty[0m
[0;32mI (1615) app_init: Compile time:     Aug 26 2024 19:21:52[0m
[0;32mI (1621) app_init: ELF file SHA256:  3daec32fc...[0m
[0;32mI (1626) app_init: ESP-IDF:          v5.3-dirty[0m
[0;32mI (1632) efuse_init: Min chip rev:     v0.0[0m
[0;32mI (1636) efuse_init: Max chip rev:     v3.99 [0m
[0;32mI (1642) efuse_init: Chip rev:         v3.1[0m
[0;32mI (1647) heap_init: Initializing. RAM available for dynamic allocation:[0m
[0;32mI (1654) heap_init: At 3FFAE6E0 len 0000F480 (61 KiB): DRAM[0m
[0;32mI (1660) heap_init: At 3FFC8940 len 000176C0 (93 KiB): DRAM[0m
[0;32mI (1666) heap_init: At 3FFE0440 len 0001FBC0 (126 KiB): D/IRAM[0m
[0;32mI (1673) heap_init: At 40078000 len 00008000 (32 KiB): IRAM[0m
[0;32mI (1679) heap_init: At 4009CC94 len 0000336C (12 KiB): IRAM[0m
[0;32mI (1685) heap_init: At 3FF80000 len 00002000 (8 KiB): RTCRAM[0m
[0;32mI (1692) esp_psram: Adding pool of 4096K of PSRAM memory to heap allocator[0m
[0;32mI (1700) spi_flash: detected chip: generic[0m
[0;32mI (1704) spi_flash: flash io: dio[0m
[0;33mW (1708) i2c: This driver is an old driver, please migrate your application code to adapt `driver/i2c_master.h`[0m
[0;32mI (1730) coexist: coex firmware version: dab85ae96[0m
[0;32mI (1731) main_task: Started on CPU0[0m
[0;32mI (1731) esp_psram: Reserving pool of 32K of internal memory for DMA/internal allocations[0m
[0;32mI (1739) main_task: Calling app_main()[0m
[0;32mI (1756) bridge_common: esp-iot-bridge version: 0.11.8[0m
I (1758) wifi:wifi driver task: 3ffbd618, prio:23, stack:6656, core=0
I (1760) wifi:wifi firmware version: 0caa81945
I (1762) wifi:wifi certification version: v7.0
I (1766) wifi:config NVS flash: enabled
I (1770) wifi:config nano formating: disabled
I (1774) wifi:Init data frame dynamic rx buffer num: 32
I (1779) wifi:Init static rx mgmt buffer num: 5
I (1783) wifi:Init management short buffer num: 32
I (1787) wifi:Init static tx buffer num: 16
I (1791) wifi:Init tx cache buffer num: 32
I (1795) wifi:Init static rx buffer size: 1600
I (1799) wifi:Init static rx buffer num: 10
I (1803) wifi:Init dynamic rx buffer num: 32
[0;32mI (1808) wifi_init: accept mbox: 6[0m
[0;32mI (1811) wifi_init: tcpip mbox: 32[0m
[0;32mI (1815) wifi_init: udp mbox: 6[0m
[0;32mI (1819) wifi_init: tcp mbox: 6[0m
[0;32mI (1823) wifi_init: tcp tx win: 5760[0m
[0;32mI (1827) wifi_init: tcp rx win: 5760[0m
[0;32mI (1831) wifi_init: tcp mss: 1440[0m
[0;32mI (1835) wifi_init: WiFi IRAM OP enabled[0m
[0;32mI (1840) wifi_init: WiFi RX IRAM OP enabled[0m
[0;32mI (1845) phy_init: phy_version 4830,54550f7,Jun 20 2024,14:22:08[0m
[0;33mW (1851) phy_init: failed to load RF calibration data (0x1102), falling back to full calibration[0m
ï¿½ets Jul 29 2019 12:21:46

rst:0x3 (SW_RESET),boot:0x13 (SPI_FAST_FLASH_BOOT)
configsip: 0, SPIWP:0xee
clk_drv:0x00,q_drv:0x00,d_drv:0x00,cs0_drv:0x00,hd_drv:0x00,wp_drv:0x00
mode:DIO, clock div:1
load:0x3fff0030,len:7168
load:0x40078000,len:15464
load:0x40080400,len:4
ho 8 tail 4 room 4
load:0x40080404,len:3684
entry 0x40080614
[0;32mI (179) boot: ESP-IDF v5.3-dirty 2nd stage bootloader[0m
[0;32mI (179) boot: compile time Aug 26 2024 19:21:57[0m
[0;33mW (179) boot: Unicore bootloader[0m
[0;32mI (184) boot: chip revision: v3.1[0m
[0;32mI (188) boot.esp32: SPI Speed      : 80MHz[0m
[0;32mI (193) boot.esp32: SPI Mode       : DIO[0m
[0;32mI (198) boot.esp32: SPI Flash Size : 4MB[0m
[0;32mI (202) boot: Enabling RNG early entropy source...[0m
[0;32mI (208) boot: Partition Table:[0m
[0;32mI (211) boot: ## Label            Usage          Type ST Offset   Length[0m
[0;32mI (219) boot:  0 nvs              WiFi data        01 02 00009000 00004000[0m
[0;32mI (226) boot:  1 otadata          OTA data         01 00 0000d000 00002000[0m
[0;32mI (234) boot:  2 phy_init         RF data          01 01 0000f000 00001000[0m
[0;32mI (242) boot:  3 ota_0            OTA app          00 10 00010000 001e0000[0m
[0;32mI (249) boot:  4 ota_1            OTA app          00 11 001f0000 001e0000[0m
[0;32mI (257) boot:  5 coredump         Unknown data     01 03 003d0000 00010000[0m
[0;32mI (264) boot:  6 reserved         Unknown data     01 fe 003e0000 00020000[0m
[0;32mI (272) boot: End of partition table[0m
[0;32mI (276) esp_image: segment 0: paddr=00010020 vaddr=3f400020 size=2dfd4h (188372) map[0m
[0;32mI (338) esp_image: segment 1: paddr=0003dffc vaddr=3ffbdb60 size=0201ch (  8220) load[0m
[0;32mI (341) esp_image: segment 2: paddr=00040020 vaddr=400d0020 size=c2dech (798188) map[0m
[0;32mI (569) esp_image: segment 3: paddr=00102e14 vaddr=3ffbfb7c size=03f5ch ( 16220) load[0m
[0;32mI (575) esp_image: segment 4: paddr=00106d78 vaddr=40080000 size=1cc94h (117908) load[0m
[0;32mI (629) boot: Loaded app from partition at offset 0x10000[0m
[0;32mI (629) boot: Disabling RNG early entropy source...[0m
[0;32mI (641) quad_psram: This chip is ESP32-D0WD[0m
[0;32mI (641) esp_psram: Found 8MB PSRAM device[0m
[0;32mI (641) esp_psram: Speed: 40MHz[0m
[0;32mI (645) esp_psram: PSRAM initialized, cache is in normal (1-core) mode.[0m
[0;33mW (652) esp_psram: Virtual address not enough for PSRAM, map as much as we can. 4MB is mapped[0m
[0;32mI (661) cpu_start: Unicore app[0m
[0;32mI (665) cpu_start: Single core mode[0m
[0;32mI (1593) esp_psram: SPI SRAM memory test OK[0m
[0;32mI (1600) cpu_start: Pro cpu start user code[0m
[0;32mI (1600) cpu_start: cpu freq: 240000000 Hz[0m
[0;32mI (1600) app_init: Application information:[0m
[0;32mI (1604) app_init: Project name:     mesh_local_control[0m
[0;32mI (1609) app_init: App version:      d1ba481-dirty[0m
[0;32mI (1615) app_init: Compile time:     Aug 26 2024 19:21:52[0m
[0;32mI (1621) app_init: ELF file SHA256:  3daec32fc...[0m
[0;32mI (1626) app_init: ESP-IDF:          v5.3-dirty[0m
[0;32mI (1632) efuse_init: Min chip rev:     v0.0[0m
[0;32mI (1636) efuse_init: Max chip rev:     v3.99 [0m
[0;32mI (1642) efuse_init: Chip rev:         v3.1[0m
[0;32mI (1647) heap_init: Initializing. RAM available for dynamic allocation:[0m
[0;32mI (1654) heap_init: At 3FFAE6E0 len 0000F480 (61 KiB): DRAM[0m
[0;32mI (1660) heap_init: At 3FFC8940 len 000176C0 (93 KiB): DRAM[0m
[0;32mI (1666) heap_init: At 3FFE0440 len 0001FBC0 (126 KiB): D/IRAM[0m
[0;32mI (1673) heap_init: At 40078000 len 00008000 (32 KiB): IRAM[0m
[0;32mI (1679) heap_init: At 4009CC94 len 0000336C (12 KiB): IRAM[0m
[0;32mI (1685) heap_init: At 3FF80000 len 00002000 (8 KiB): RTCRAM[0m
[0;32mI (1692) esp_psram: Adding pool of 4096K of PSRAM memory to heap allocator[0m
[0;32mI (1700) spi_flash: detected chip: generic[0m
[0;32mI (1704) spi_flash: flash io: dio[0m
[0;33mW (1708) i2c: This driver is an old driver, please migrate your application code to adapt `driver/i2c_master.h`[0m
[0;32mI (1730) coexist: coex firmware version: dab85ae96[0m
[0;32mI (1731) main_task: Started on CPU0[0m
[0;32mI (1731) esp_psram: Reserving pool of 32K of internal memory for DMA/internal allocations[0m
[0;32mI (1739) main_task: Calling app_main()[0m
[0;32mI (1756) bridge_common: esp-iot-bridge version: 0.11.8[0m
I (1758) wifi:wifi driver task: 3ffbd618, prio:23, stack:6656, core=0
I (1760) wifi:wifi firmware version: 0caa81945
I (1762) wifi:wifi certification version: v7.0
I (1766) wifi:config NVS flash: enabled
I (1770) wifi:config nano formating: disabled
I (1774) wifi:Init data frame dynamic rx buffer num: 32
I (1779) wifi:Init static rx mgmt buffer num: 5
I (1783) wifi:Init management short buffer num: 32
I (1787) wifi:Init static tx buffer num: 16
I (1791) wifi:Init tx cache buffer num: 32
I (1795) wifi:Init static rx buffer size: 1600
I (1799) wifi:Init static rx buffer num: 10
I (1803) wifi:Init dynamic rx buffer num: 32
[0;32mI (1808) wifi_init: accept mbox: 6[0m
[0;32mI (1811) wifi_init: tcpip mbox: 32[0m
[0;32mI (1815) wifi_init: udp mbox: 6[0m
[0;32mI (1819) wifi_init: tcp mbox: 6[0m
[0;32mI (1823) wifi_init: tcp tx win: 5760[0m
[0;32mI (1827) wifi_init: tcp rx win: 5760[0m
[0;32mI (1831) wifi_init: tcp mss: 1440[0m
[0;32mI (1835) wifi_init: WiFi IRAM OP enabled[0m
[0;32mI (1840) wifi_init: WiFi RX IRAM OP enabled[0m
[0;32mI (1845) phy_init: phy_version 4830,54550f7,Jun 20 2024,14:22:08[0m
[0;33mW (1851) phy_init: failed to load RF calibration data (0x1102), falling back to full calibration[0m
ï¿½ets Jul 29 2019 12:21:46

rst:0x3 (SW_RESET),boot:0x13 (SPI_FAST_FLASH_BOOT)
configsip: 0, SPIWP:0xee
clk_drv:0x00,q_drv:0x00,d_drv:0x00,cs0_drv:0x00,hd_drv:0x00,wp_drv:0x00
mode:DIO, clock div:1
load:0x3fff0030,len:7168
load:0x40078000,len:15464
load:0x40080400,len:4
ho 8 tail 4 room 4
load:0x40080404,len:3684
entry 0x40080614
[0;32mI (179) boot: ESP-IDF v5.3-dirty 2nd stage bootloader[0m
[0;32mI (179) boot: compile time Aug 26 2024 19:21:57[0m
[0;33mW (179) boot: Unicore bootloader[0m
[0;32mI (184) boot: chip revision: v3.1[0m
[0;32mI (188) boot.esp32: SPI Speed      : 80MHz[0m
[0;32mI (193) boot.esp32: SPI Mode       : DIO[0m
[0;32mI (198) boot.esp32: SPI Flash Size : 4MB[0m
[0;32mI (202) boot: Enabling RNG early entropy source...[0m
[0;32mI (208) boot: Partition Table:[0m
[0;32mI (211) boot: ## Label            Usage          Type ST Offset   Length[0m
[0;32mI (219) boot:  0 nvs              WiFi data        01 02 00009000 00004000[0m
[0;32mI (226) boot:  1 otadata          OTA data         01 00 0000d000 00002000[0m
[0;32mI (234) boot:  2 phy_init         RF data          01 01 0000f000 00001000[0m
[0;32mI (242) boot:  3 ota_0            OTA app          00 10 00010000 001e0000[0m
[0;32mI (249) boot:  4 ota_1            OTA app          00 11 001f0000 001e0000[0m
[0;32mI (257) boot:  5 coredump         Unknown data     01 03 003d0000 00010000[0m
[0;32mI (264) boot:  6 reserved         Unknown data     01 fe 003e0000 00020000[0m
[0;32mI (272) boot: End of partition table[0m
[0;32mI (276) esp_image: segment 0: paddr=00010020 vaddr=3f400020 size=2dfd4h (188372) map[0m
[0;32mI (338) esp_image: segment 1: paddr=0003dffc vaddr=3ffbdb60 size=0201ch (  8220) load[0m
[0;32mI (341) esp_image: segment 2: paddr=00040020 vaddr=400d0020 size=c2dech (798188) map[0m
[0;32mI (569) esp_image: segment 3: paddr=00102e14 vaddr=3ffbfb7c size=03f5ch ( 16220) load[0m
[0;32mI (575) esp_image: segment 4: paddr=00106d78 vaddr=40080000 size=1cc94h (117908) load[0m
[0;32mI (629) boot: Loaded app from partition at offset 0x10000[0m
[0;32mI (629) boot: Disabling RNG early entropy source...[0m
[0;32mI (641) quad_psram: This chip is ESP32-D0WD[0m
[0;32mI (641) esp_psram: Found 8MB PSRAM device[0m
[0;32mI (641) esp_psram: Speed: 40MHz[0m
[0;32mI (645) esp_psram: PSRAM initialized, cache is in normal (1-core) mode.[0m
[0;33mW (652) esp_psram: Virtual address not enough for PSRAM, map as much as we can. 4MB is mapped[0m
[0;32mI (662) cpu_start: Unicore app[0m
[0;32mI (665) cpu_start: Single core mode[0m
[0;32mI (1593) esp_psram: SPI SRAM memory test OK[0m
[0;32mI (1600) cpu_start: Pro cpu start user code[0m
[0;32mI (1600) cpu_start: cpu freq: 240000000 Hz[0m
[0;32mI (1600) app_init: Application information:[0m
[0;32mI (1604) app_init: Project name:     mesh_local_control[0m
[0;32mI (1610) app_init: App version:      d1ba481-dirty[0m
[0;32mI (1615) app_init: Compile time:     Aug 26 2024 19:21:52[0m
[0;32mI (1621) app_init: ELF file SHA256:  3daec32fc...[0m
[0;32mI (1626) app_init: ESP-IDF:          v5.3-dirty[0m
[0;32mI (1632) efuse_init: Min chip rev:     v0.0[0m
[0;32mI (1637) efuse_init: Max chip rev:     v3.99 [0m
[0;32mI (1642) efuse_init: Chip rev:         v3.1[0m
[0;32mI (1647) heap_init: Initializing. RAM available for dynamic allocation:[0m
[0;32mI (1654) heap_init: At 3FFAE6E0 len 0000F480 (61 KiB): DRAM[0m
[0;32mI (1660) heap_init: At 3FFC8940 len 000176C0 (93 KiB): DRAM[0m
[0;32mI (1666) heap_init: At 3FFE0440 len 0001FBC0 (126 KiB): D/IRAM[0m
[0;32mI (1673) heap_init: At 40078000 len 00008000 (32 KiB): IRAM[0m
[0;32mI (1679) heap_init: At 4009CC94 len 0000336C (12 KiB): IRAM[0m
[0;32mI (1685) heap_init: At 3FF80000 len 00002000 (8 KiB): RTCRAM[0m
[0;32mI (1692) esp_psram: Adding pool of 4096K of PSRAM memory to heap allocator[0m
[0;32mI (1700) spi_flash: detected chip: generic[0m
[0;32mI (1704) spi_flash: flash io: dio[0m
[0;33mW (1708) i2c: This driver is an old driver, please migrate your application code to adapt `driver/i2c_master.h`[0m
[0;32mI (1730) coexist: coex firmware version: dab85ae96[0m
[0;32mI (1731) main_task: Started on CPU0[0m
[0;32mI (1731) esp_psram: Reserving pool of 32K of internal memory for DMA/internal allocations[0m
[0;32mI (1739) main_task: Calling app_main()[0m
[0;32mI (1756) bridge_common: esp-iot-bridge version: 0.11.8[0m
I (1758) wifi:wifi driver task: 3ffbd618, prio:23, stack:6656, core=0
I (1760) wifi:wifi firmware version: 0caa81945
I (1762) wifi:wifi certification version: v7.0
I (1766) wifi:config NVS flash: enabled
I (1770) wifi:config nano formating: disabled
I (1774) wifi:Init data frame dynamic rx buffer num: 32
I (1779) wifi:Init static rx mgmt buffer num: 5
I (1783) wifi:Init management short buffer num: 32
I (1787) wifi:Init static tx buffer num: 16
I (1791) wifi:Init tx cache buffer num: 32
I (1795) wifi:Init static rx buffer size: 1600
I (1799) wifi:Init static rx buffer num: 10
I (1803) wifi:Init dynamic rx buffer num: 32
[0;32mI (1808) wifi_init: accept mbox: 6[0m
[0;32mI (1811) wifi_init: tcpip mbox: 32[0m
[0;32mI (1815) wifi_init: udp mbox: 6[0m
[0;32mI (1819) wifi_init: tcp mbox: 6[0m
[0;32mI (1823) wifi_init: tcp tx win: 5760[0m
[0;32mI (1827) wifi_init: tcp rx win: 5760[0m
[0;32mI (1831) wifi_init: tcp mss: 1440[0m
[0;32mI (1835) wifi_init: WiFi IRAM OP enabled[0m
[0;32mI (1840) wifi_init: WiFi RX IRAM OP enabled[0m
[0;32mI (1845) phy_init: phy_version 4830,54550f7,Jun 20 2024,14:22:08[0m
[0;33mW (1851) phy_init: failed to load RF calibration data (0x1102), falling back to full calibration[0m
ï¿½ets Jul 29 2019 12:21:46

rst:0x3 (SW_RESET),boot:0x13 (SPI_FAST_FLASH_BOOT)
configsip: 0, SPIWP:0xee
clk_drv:0x00,q_drv:0x00,d_drv:0x00,cs0_drv:0x00,hd_drv:0x00,wp_drv:0x00
mode:DIO, clock div:1
load:0x3fff0030,len:7168
load:0x40078000,len:15464
load:0x40080400,len:4
ho 8 tail 4 room 4
load:0x40080404,len:3684
entry 0x40080614
[0;32mI (179) boot: ESP-IDF v5.3-dirty 2nd stage bootloader[0m
[0;32mI (179) boot: compile time Aug 26 2024 19:21:57[0m
[0;33mW (179) boot: Unicore bootloader[0m
[0;32mI (184) boot: chip revision: v3.1[0m
[0;32mI (188) boot.esp32: SPI Speed      : 80MHz[0m
[0;32mI (193) boot.esp32: SPI Mode       : DIO[0m
[0;32mI (198) boot.esp32: SPI Flash Size : 4MB[0m
[0;32mI (202) boot: Enabling RNG early entropy source...[0m
[0;32mI (208) boot: Partition Table:[0m
[0;32mI (211) boot: ## Label            Usage          Type ST Offset   Length[0m
[0;32mI (219) boot:  0 nvs              WiFi data        01 02 00009000 00004000[0m
[0;32mI (226) boot:  1 otadata          OTA data         01 00 0000d000 00002000[0m
[0;32mI (234) boot:  2 phy_init         RF data          01 01 0000f000 00001000[0m
[0;32mI (242) boot:  3 ota_0            OTA app          00 10 00010000 001e0000[0m
[0;32mI (249) boot:  4 ota_1            OTA app          00 11 001f0000 001e0000[0m
[0;32mI (257) boot:  5 coredump         Unknown data     01 03 003d0000 00010000[0m
[0;32mI (264) boot:  6 reserved         Unknown data     01 fe 003e0000 00020000[0m
[0;32mI (272) boot: End of partition table[0m
[0;32mI (276) esp_image: segment 0: paddr=00010020 vaddr=3f400020 size=2dfd4h (188372) map[0m
[0;32mI (338) esp_image: segment 1: paddr=0003dffc vaddr=3ffbdb60 size=0201ch (  8220) load[0m
[0;32mI (341) esp_image: segment 2: paddr=00040020 vaddr=400d0020 size=c2dech (798188) map[0m
[0;32mI (569) esp_image: segment 3: paddr=00102e14 vaddr=3ffbfb7c size=03f5ch ( 16220) load[0m
[0;32mI (575) esp_image: segment 4: paddr=00106d78 vaddr=40080000 size=1cc94h (117908) load[0m
[0;32mI (629) boot: Loaded app from partition at offset 0x10000[0m
[0;32mI (629) boot: Disabling RNG early entropy source...[0m
[0;32mI (641) quad_psram: This chip is ESP32-D0WD[0m
[0;32mI (641) esp_psram: Found 8MB PSRAM device[0m
[0;32mI (641) esp_psram: Speed: 40MHz[0m
[0;32mI (645) esp_psram: PSRAM initialized, cache is in normal (1-core) mode.[0m
[0;33mW (652) esp_psram: Virtual address not enough for PSRAM, map as much as we can. 4MB is mapped[0m
[0;32mI (661) cpu_start: Unicore app[0m
[0;32mI (665) cpu_start: Single core mode[0m
[0;32mI (1593) esp_psram: SPI SRAM memory test OK[0m
[0;32mI (1600) cpu_start: Pro cpu start user code[0m
[0;32mI (1600) cpu_start: cpu freq: 240000000 Hz[0m
[0;32mI (1600) app_init: Application information:[0m
[0;32mI (1604) app_init: Project name:     mesh_local_control[0m
[0;32mI (1610) app_init: App version:      d1ba481-dirty[0m
[0;32mI (1615) app_init: Compile time:     Aug 26 2024 19:21:52[0m
[0;32mI (1621) app_init: ELF file SHA256:  3daec32fc...[0m
[0;32mI (1626) app_init: ESP-IDF:          v5.3-dirty[0m
[0;32mI (1632) efuse_init: Min chip rev:     v0.0[0m
[0;32mI (1637) efuse_init: Max chip rev:     v3.99 [0m
[0;32mI (1642) efuse_init: Chip rev:         v3.1[0m
[0;32mI (1647) heap_init: Initializing. RAM available for dynamic allocation:[0m
[0;32mI (1654) heap_init: At 3FFAE6E0 len 0000F480 (61 KiB): DRAM[0m
[0;32mI (1660) heap_init: At 3FFC8940 len 000176C0 (93 KiB): DRAM[0m
[0;32mI (1666) heap_init: At 3FFE0440 len 0001FBC0 (126 KiB): D/IRAM[0m
[0;32mI (1673) heap_init: At 40078000 len 00008000 (32 KiB): IRAM[0m
[0;32mI (1679) heap_init: At 4009CC94 len 0000336C (12 KiB): IRAM[0m
[0;32mI (1685) heap_init: At 3FF80000 len 00002000 (8 KiB): RTCRAM[0m
[0;32mI (1692) esp_psram: Adding pool of 4096K of PSRAM memory to heap allocator[0m
[0;32mI (1700) spi_flash: detected chip: generic[0m
[0;32mI (1704) spi_flash: flash io: dio[0m
[0;33mW (1708) i2c: This driver is an old driver, please migrate your application code to adapt `driver/i2c_master.h`[0m
[0;32mI (1730) coexist: coex firmware version: dab85ae96[0m
[0;32mI (1731) main_task: Started on CPU0[0m
[0;32mI (1731) esp_psram: Reserving pool of 32K of internal memory for DMA/internal allocations[0m
[0;32mI (1739) main_task: Calling app_main()[0m
[0;32mI (1756) bridge_common: esp-iot-bridge version: 0.11.8[0m
I (1758) wifi:wifi driver task: 3ffbd618, prio:23, stack:6656, core=0
I (1760) wifi:wifi firmware version: 0caa81945
I (1762) wifi:wifi certification version: v7.0
I (1766) wifi:config NVS flash: enabled
I (1770) wifi:config nano formating: disabled
I (1774) wifi:Init data frame dynamic rx buffer num: 32
I (1779) wifi:Init static rx mgmt buffer num: 5
I (1783) wifi:Init management short buffer num: 32
I (1787) wifi:Init static tx buffer num: 16
I (1791) wifi:Init tx cache buffer num: 32
I (1795) wifi:Init static rx buffer size: 1600
I (1799) wifi:Init static rx buffer num: 10
I (1803) wifi:Init dynamic rx buffer num: 32
[0;32mI (1808) wifi_init: accept mbox: 6[0m
[0;32mI (1811) wifi_init: tcpip mbox: 32[0m
[0;32mI (1815) wifi_init: udp mbox: 6[0m
[0;32mI (1819) wifi_init: tcp mbox: 6[0m
[0;32mI (1823) wifi_init: tcp tx win: 5760[0m
[0;32mI (1827) wifi_init: tcp rx win: 5760[0m
[0;32mI (1831) wifi_init: tcp mss: 1440[0m
[0;32mI (1835) wifi_init: WiFi IRAM OP enabled[0m
[0;32mI (1840) wifi_init: WiFi RX IRAM OP enabled[0m
[0;32mI (1845) phy_init: phy_version 4830,54550f7,Jun 20 2024,14:22:08[0m
[0;33mW (1851) phy_init: failed to load RF calibration data (0x1102), falling back to full calibration[0m
ï¿½ets Jul 29 2019 12:21:46

rst:0x3 (SW_RESET),boot:0x13 (SPI_FAST_FLASH_BOOT)
configsip: 0, SPIWP:0xee
clk_drv:0x00,q_drv:0x00,d_drv:0x00,cs0_drv:0x00,hd_drv:0x00,wp_drv:0x00
mode:DIO, clock div:1
load:0x3fff0030,len:7168
load:0x40078000,len:15464
load:0x40080400,len:4
ho 8 tail 4 room 4
load:0x40080404,len:3684
entry 0x40080614
[0;32mI (179) boot: ESP-IDF v5.3-dirty 2nd stage bootloader[0m
[0;32mI (179) boot: compile time Aug 26 2024 19:21:57[0m
[0;33mW (179) boot: Unicore bootloader[0m
[0;32mI (184) boot: chip revision: v3.1[0m
[0;32mI (188) boot.esp32: SPI Speed      : 80MHz[0m
[0;32mI (193) boot.esp32: SPI Mode       : DIO[0m
[0;32mI (198) boot.esp32: SPI Flash Size : 4MB[0m
[0;32mI (202) boot: Enabling RNG early entropy source...[0m
[0;32mI (208) boot: Partition Table:[0m
[0;32mI (211) boot: ## Label            Usage          Type ST Offset   Length[0m
[0;32mI (219) boot:  0 nvs              WiFi data        01 02 00009000 00004000[0m
[0;32mI (226) boot:  1 otadata          OTA data         01 00 0000d000 00002000[0m
[0;32mI (234) boot:  2 phy_init         RF data          01 01 0000f000 00001000[0m
[0;32mI (242) boot:  3 ota_0            OTA app          00 10 00010000 001e0000[0m
[0;32mI (249) boot:  4 ota_1            OTA app          00 11 001f0000 001e0000[0m
[0;32mI (257) boot:  5 coredump         Unknown data     01 03 003d0000 00010000[0m
[0;32mI (264) boot:  6 reserved         Unknown data     01 fe 003e0000 00020000[0m
[0;32mI (272) boot: End of partition table[0m
[0;32mI (276) esp_image: segment 0: paddr=00010020 vaddr=3f400020 size=2dfd4h (188372) map[0m
[0;32mI (338) esp_image: segment 1: paddr=0003dffc vaddr=3ffbdb60 size=0201ch (  8220) load[0m
[0;32mI (341) esp_image: segment 2: paddr=00040020 vaddr=400d0020 size=c2dech (798188) map[0m
[0;32mI (569) esp_image: segment 3: paddr=00102e14 vaddr=3ffbfb7c size=03f5ch ( 16220) load[0m
[0;32mI (575) esp_image: segment 4: paddr=00106d78 vaddr=40080000 size=1cc94h (117908) load[0m
[0;32mI (629) boot: Loaded app from partition at offset 0x10000[0m
[0;32mI (629) boot: Disabling RNG early entropy source...[0m
[0;32mI (641) quad_psram: This chip is ESP32-D0WD[0m
[0;32mI (641) esp_psram: Found 8MB PSRAM device[0m
[0;32mI (641) esp_psram: Speed: 40MHz[0m
[0;32mI (645) esp_psram: PSRAM initialized, cache is in normal (1-core) mode.[0m
[0;33mW (652) esp_psram: Virtual address not enough for PSRAM, map as much as we can. 4MB is mapped[0m
[0;32mI (662) cpu_start: Unicore app[0m
[0;32mI (665) cpu_start: Single core mode[0m
[0;32mI (1593) esp_psram: SPI SRAM memory test OK[0m
[0;32mI (1600) cpu_start: Pro cpu start user code[0m
[0;32mI (1600) cpu_start: cpu freq: 240000000 Hz[0m
[0;32mI (1600) app_init: Application information:[0m
[0;32mI (1604) app_init: Project name:     mesh_local_control[0m
[0;32mI (1610) app_init: App version:      d1ba481-dirty[0m
[0;32mI (1615) app_init: Compile time:     Aug 26 2024 19:21:52[0m
[0;32mI (1621) app_init: ELF file SHA256:  3daec32fc...[0m
[0;32mI (1626) app_init: ESP-IDF:          v5.3-dirty[0m
[0;32mI (1632) efuse_init: Min chip rev:     v0.0[0m
[0;32mI (1637) efuse_init: Max chip rev:     v3.99 [0m
[0;32mI (1642) efuse_init: Chip rev:         v3.1[0m
[0;32mI (1647) heap_init: Initializing. RAM available for dynamic allocation:[0m
[0;32mI (1654) heap_init: At 3FFAE6E0 len 0000F480 (61 KiB): DRAM[0m
[0;32mI (1660) heap_init: At 3FFC8940 len 000176C0 (93 KiB): DRAM[0m
[0;32mI (1666) heap_init: At 3FFE0440 len 0001FBC0 (126 KiB): D/IRAM[0m
[0;32mI (1673) heap_init: At 40078000 len 00008000 (32 KiB): IRAM[0m
[0;32mI (1679) heap_init: At 4009CC94 len 0000336C (12 KiB): IRAM[0m
[0;32mI (1685) heap_init: At 3FF80000 len 00002000 (8 KiB): RTCRAM[0m
[0;32mI (1692) esp_psram: Adding pool of 4096K of PSRAM memory to heap allocator[0m
[0;32mI (1700) spi_flash: detected chip: generic[0m
[0;32mI (1704) spi_flash: flash io: dio[0m
[0;33mW (1708) i2c: This driver is an old driver, please migrate your application code to adapt `driver/i2c_master.h`[0m
[0;32mI (1730) coexist: coex firmware version: dab85ae96[0m
[0;32mI (1731) main_task: Started on CPU0[0m
[0;32mI (1731) esp_psram: Reserving pool of 32K of internal memory for DMA/internal allocations[0m
[0;32mI (1739) main_task: Calling app_main()[0m
[0;32mI (1756) bridge_common: esp-iot-bridge version: 0.11.8[0m
I (1758) wifi:wifi driver task: 3ffbd618, prio:23, stack:6656, core=0
I (1760) wifi:wifi firmware version: 0caa81945
I (1762) wifi:wifi certification version: v7.0
I (1766) wifi:config NVS flash: enabled
I (1770) wifi:config nano formating: disabled
I (1774) wifi:Init data frame dynamic rx buffer num: 32
I (1779) wifi:Init static rx mgmt buffer num: 5
I (1783) wifi:Init management short buffer num: 32
I (1787) wifi:Init static tx buffer num: 16
I (1791) wifi:Init tx cache buffer num: 32
I (1795) wifi:Init static rx buffer size: 1600
I (1799) wifi:Init static rx buffer num: 10
I (1803) wifi:Init dynamic rx buffer num: 32
[0;32mI (1808) wifi_init: accept mbox: 6[0m
[0;32mI (1811) wifi_init: tcpip mbox: 32[0m
[0;32mI (1815) wifi_init: udp mbox: 6[0m
[0;32mI (1819) wifi_init: tcp mbox: 6[0m
[0;32mI (1823) wifi_init: tcp tx win: 5760[0m
[0;32mI (1827) wifi_init: tcp rx win: 5760[0m
[0;32mI (1831) wifi_init: tcp mss: 1440[0m
[0;32mI (1835) wifi_init: WiFi IRAM OP enabled[0m
[0;32mI (1840) wifi_init: WiFi RX IRAM OP enabled[0m
[0;32mI (1845) phy_init: phy_version 4830,54550f7,Jun 20 2024,14:22:08[0m
[0;33mW (1851) phy_init: failed to load RF calibration data (0x1102), falling back to full calibration[0m
ï¿½ets Jul 29 2019 12:21:46

rst:0x3 (SW_RESET),boot:0x13 (SPI_FAST_FLASH_BOOT)
configsip: 0, SPIWP:0xee
clk_drv:0x00,q_drv:0x00,d_drv:0x00,cs0_drv:0x00,hd_drv:0x00,wp_drv:0x00
mode:DIO, clock div:1
load:0x3fff0030,len:7168
load:0x40078000,len:15464
load:0x40080400,len:4
ho 8 tail 4 room 4
load:0x40080404,len:3684
entry 0x40080614
[0;32mI (179) boot: ESP-IDF v5.3-dirty 2nd stage bootloader[0m
[0;32mI (179) boot: compile time Aug 26 2024 19:21:57[0m
[0;33mW (179) boot: Unicore bootloader[0m
[0;32mI (184) boot: chip revision: v3.1[0m
[0;32mI (188) boot.esp32: SPI Speed      : 80MHz[0m
[0;32mI (193) boot.esp32: SPI Mode       : DIO[0m
[0;32mI (198) boot.esp32: SPI Flash Size : 4MB[0m
[0;32mI (202) boot: Enabling RNG early entropy source...[0m
[0;32mI (208) boot: Partition Table:[0m
[0;32mI (211) boot: ## Label            Usage          Type ST Offset   Length[0m
[0;32mI (219) boot:  0 nvs              WiFi data        01 02 00009000 00004000[0m
[0;32mI (226) boot:  1 otadata          OTA data         01 00 0000d000 00002000[0m
[0;32mI (234) boot:  2 phy_init         RF data          01 01 0000f000 00001000[0m
[0;32mI (242) boot:  3 ota_0            OTA app          00 10 00010000 001e0000[0m
[0;32mI (249) boot:  4 ota_1            OTA app          00 11 001f0000 001e0000[0m
[0;32mI (257) boot:  5 coredump         Unknown data     01 03 003d0000 00010000[0m
[0;32mI (264) boot:  6 reserved         Unknown data     01 fe 003e0000 00020000[0m
[0;32mI (272) boot: End of partition table[0m
[0;32mI (276) esp_image: segment 0: paddr=00010020 vaddr=3f400020 size=2dfd4h (188372) map[0m
[0;32mI (338) esp_image: segment 1: paddr=0003dffc vaddr=3ffbdb60 size=0201ch (  8220) load[0m
[0;32mI (341) esp_image: segment 2: paddr=00040020 vaddr=400d0020 size=c2dech (798188) map[0m
[0;32mI (569) esp_image: segment 3: paddr=00102e14 vaddr=3ffbfb7c size=03f5ch ( 16220) load[0m
[0;32mI (575) esp_image: segment 4: paddr=00106d78 vaddr=40080000 size=1cc94h (117908) load[0m
[0;32mI (629) boot: Loaded app from partition at offset 0x10000[0m
[0;32mI (629) boot: Disabling RNG early entropy source...[0m
[0;32mI (641) quad_psram: This chip is ESP32-D0WD[0m
[0;32mI (641) esp_psram: Found 8MB PSRAM device[0m
[0;32mI (641) esp_psram: Speed: 40MHz[0m
[0;32mI (645) esp_psram: PSRAM initialized, cache is in normal (1-core) mode.[0m
[0;33mW (652) esp_psram: Virtual address not enough for PSRAM, map as much as we can. 4MB is mapped[0m
[0;32mI (662) cpu_start: Unicore app[0m
[0;32mI (665) cpu_start: Single core mode[0m
[0;32mI (1593) esp_psram: SPI SRAM memory test OK[0m
[0;32mI (1600) cpu_start: Pro cpu start user code[0m
[0;32mI (1600) cpu_start: cpu freq: 240000000 Hz[0m
[0;32mI (1600) app_init: Application information:[0m
[0;32mI (1604) app_init: Project name:     mesh_local_control[0m
[0;32mI (1610) app_init: App version:      d1ba481-dirty[0m
[0;32mI (1615) app_init: Compile time:     Aug 26 2024 19:21:52[0m
[0;32mI (1621) app_init: ELF file SHA256:  3daec32fc...[0m
[0;32mI (1626) app_init: ESP-IDF:          v5.3-dirty[0m
[0;32mI (1632) efuse_init: Min chip rev:     v0.0[0m
[0;32mI (1637) efuse_init: Max chip rev:     v3.99 [0m
[0;32mI (1642) efuse_init: Chip rev:         v3.1[0m
[0;32mI (1647) heap_init: Initializing. RAM available for dynamic allocation:[0m
[0;32mI (1654) heap_init: At 3FFAE6E0 len 0000F480 (61 KiB): DRAM[0m
[0;32mI (1660) heap_init: At 3FFC8940 len 000176C0 (93 KiB): DRAM[0m
[0;32mI (1666) heap_init: At 3FFE0440 len 0001FBC0 (126 KiB): D/IRAM[0m
[0;32mI (1673) heap_init: At 40078000 len 00008000 (32 KiB): IRAM[0m
[0;32mI (1679) heap_init: At 4009CC94 len 0000336C (12 KiB): IRAM[0m
[0;32mI (1685) heap_init: At 3FF80000 len 00002000 (8 KiB): RTCRAM[0m
[0;32mI (1692) esp_psram: Adding pool of 4096K of PSRAM memory to heap allocator[0m
[0;32mI (1700) spi_flash: detected chip: generic[0m
[0;32mI (1704) spi_flash: flash io: dio[0m
[0;33mW (1708) i2c: This driver is an old driver, please migrate your application code to adapt `driver/i2c_master.h`[0m
[0;32mI (1730) coexist: coex firmware version: dab85ae96[0m
[0;32mI (1731) main_task: Started on CPU0[0m
[0;32mI (1731) esp_psram: Reserving pool of 32K of internal memory for DMA/internal allocations[0m
[0;32mI (1739) main_task: Calling app_main()[0m
[0;32mI (1756) bridge_common: esp-iot-bridge version: 0.11.8[0m
I (1758) wifi:wifi driver task: 3ffbd618, prio:23, stack:6656, core=0
I (1760) wifi:wifi firmware version: 0caa81945
I (1762) wifi:wifi certification version: v7.0
I (1766) wifi:config NVS flash: enabled
I (1770) wifi:config nano formating: disabled
I (1774) wifi:Init data frame dynamic rx buffer num: 32
I (1779) wifi:Init static rx mgmt buffer num: 5
I (1783) wifi:Init management short buffer num: 32
I (1787) wifi:Init static tx buffer num: 16
I (1791) wifi:Init tx cache buffer num: 32
I (1795) wifi:Init static rx buffer size: 1600
I (1799) wifi:Init static rx buffer num: 10
I (1803) wifi:Init dynamic rx buffer num: 32
[0;32mI (1808) wifi_init: accept mbox: 6[0m
[0;32mI (1811) wifi_init: tcpip mbox: 32[0m
[0;32mI (1815) wifi_init: udp mbox: 6[0m
[0;32mI (1819) wifi_init: tcp mbox: 6[0m
[0;32mI (1823) wifi_init: tcp tx win: 5760[0m
[0;32mI (1827) wifi_init: tcp rx win: 5760[0m
[0;32mI (1831) wifi_init: tcp mss: 1440[0m
[0;32mI (1835) wifi_init: WiFi IRAM OP enabled[0m
[0;32mI (1840) wifi_init: WiFi RX IRAM OP enabled[0m
[0;32mI (1845) phy_init: phy_version 4830,54550f7,Jun 20 2024,14:22:08[0m
[0;33mW (1851) phy_init: failed to load RF calibration data (0x1102), falling back to full calibration[0m
ï¿½ets Jul 29 2019 12:21:46

rst:0x3 (SW_RESET),boot:0x13 (SPI_FAST_FLASH_BOOT)
configsip: 0, SPIWP:0xee
clk_drv:0x00,q_drv:0x00,d_drv:0x00,cs0_drv:0x00,hd_drv:0x00,wp_drv:0x00
mode:DIO, clock div:1
load:0x3fff0030,len:7168
load:0x40078000,len:15464
load:0x40080400,len:4
ho 8 tail 4 room 4
load:0x40080404,len:3684
entry 0x40080614
[0;32mI (179) boot: ESP-IDF v5.3-dirty 2nd stage bootloader[0m
[0;32mI (179) boot: compile time Aug 26 2024 19:21:57[0m
[0;33mW (179) boot: Unicore bootloader[0m
[0;32mI (184) boot: chip revision: v3.1[0m
[0;32mI (188) boot.esp32: SPI Speed      : 80MHz[0m
[0;32mI (193) boot.esp32: SPI Mode       : DIO[0m
[0;32mI (198) boot.esp32: SPI Flash Size : 4MB[0m
[0;32mI (202) boot: Enabling RNG early entropy source...[0m
[0;32mI (208) boot: Partition Table:[0m
[0;32mI (212) boot: ## Label            Usage          Type ST Offset   Length[0m
[0;32mI (219) boot:  0 nvs              WiFi data        01 02 00009000 00004000[0m
[0;32mI (226) boot:  1 otadata          OTA data         01 00 0000d000 00002000[0m
[0;32mI (234) boot:  2 phy_init         RF data          01 01 0000f000 00001000[0m
[0;32mI (242) boot:  3 ota_0            OTA app          00 10 00010000 001e0000[0m
[0;32mI (249) boot:  4 ota_1            OTA app          00 11 001f0000 001e0000[0m
[0;32mI (257) boot:  5 coredump         Unknown data     01 03 003d0000 00010000[0m
[0;32mI (264) boot:  6 reserved         Unknown data     01 fe 003e0000 00020000[0m
[0;32mI (272) boot: End of partition table[0m
[0;32mI (276) esp_image: segment 0: paddr=00010020 vaddr=3f400020 size=2dfd4h (188372) map[0m
[0;32mI (338) esp_image: segment 1: paddr=0003dffc vaddr=3ffbdb60 size=0201ch (  8220) load[0m
[0;32mI (341) esp_image: segment 2: paddr=00040020 vaddr=400d0020 size=c2dech (798188) map[0m
[0;32mI (569) esp_image: segment 3: paddr=00102e14 vaddr=3ffbfb7c size=03f5ch ( 16220) load[0m
[0;32mI (575) esp_image: segment 4: paddr=00106d78 vaddr=40080000 size=1cc94h (117908) load[0m
[0;32mI (629) boot: Loaded app from partition at offset 0x10000[0m
[0;32mI (629) boot: Disabling RNG early entropy source...[0m
[0;32mI (641) quad_psram: This chip is ESP32-D0WD[0m
[0;32mI (641) esp_psram: Found 8MB PSRAM device[0m
[0;32mI (641) esp_psram: Speed: 40MHz[0m
[0;32mI (645) esp_psram: PSRAM initialized, cache is in normal (1-core) mode.[0m
[0;33mW (652) esp_psram: Virtual address not enough for PSRAM, map as much as we can. 4MB is mapped[0m
[0;32mI (662) cpu_start: Unicore app[0m
[0;32mI (665) cpu_start: Single core mode[0m
[0;32mI (1593) esp_psram: SPI SRAM memory test OK[0m
[0;32mI (1600) cpu_start: Pro cpu start user code[0m
[0;32mI (1600) cpu_start: cpu freq: 240000000 Hz[0m
[0;32mI (1600) app_init: Application information:[0m
[0;32mI (1604) app_init: Project name:     mesh_local_control[0m
[0;32mI (1610) app_init: App version:      d1ba481-dirty[0m
[0;32mI (1615) app_init: Compile time:     Aug 26 2024 19:21:52[0m
[0;32mI (1621) app_init: ELF file SHA256:  3daec32fc...[0m
[0;32mI (1626) app_init: ESP-IDF:          v5.3-dirty[0m
[0;32mI (1632) efuse_init: Min chip rev:     v0.0[0m
[0;32mI (1637) efuse_init: Max chip rev:     v3.99 [0m
[0;32mI (1642) efuse_init: Chip rev:         v3.1[0m
[0;32mI (1647) heap_init: Initializing. RAM available for dynamic allocation:[0m
[0;32mI (1654) heap_init: At 3FFAE6E0 len 0000F480 (61 KiB): DRAM[0m
[0;32mI (1660) heap_init: At 3FFC8940 len 000176C0 (93 KiB): DRAM[0m
[0;32mI (1666) heap_init: At 3FFE0440 len 0001FBC0 (126 KiB): D/IRAM[0m
[0;32mI (1673) heap_init: At 40078000 len 00008000 (32 KiB): IRAM[0m
[0;32mI (1679) heap_init: At 4009CC94 len 0000336C (12 KiB): IRAM[0m
[0;32mI (1685) heap_init: At 3FF80000 len 00002000 (8 KiB): RTCRAM[0m
[0;32mI (1692) esp_psram: Adding pool of 4096K of PSRAM memory to heap allocator[0m
[0;32mI (1700) spi_flash: detected chip: generic[0m
[0;32mI (1704) spi_flash: flash io: dio[0m
[0;33mW (1708) i2c: This driver is an old driver, please migrate your application code to adapt `driver/i2c_master.h`[0m
[0;32mI (1730) coexist: coex firmware version: dab85ae96[0m
[0;32mI (1731) main_task: Started on CPU0[0m
[0;32mI (1731) esp_psram: Reserving pool of 32K of internal memory for DMA/internal allocations[0m
[0;32mI (1739) main_task: Calling app_main()[0m
[0;32mI (1756) bridge_common: esp-iot-bridge version: 0.11.8[0m
I (1758) wifi:wifi driver task: 3ffbd618, prio:23, stack:6656, core=0
I (1760) wifi:wifi firmware version: 0caa81945
I (1762) wifi:wifi certification version: v7.0
I (1766) wifi:config NVS flash: enabled
I (1770) wifi:config nano formating: disabled
I (1774) wifi:Init data frame dynamic rx buffer num: 32
I (1779) wifi:Init static rx mgmt buffer num: 5
I (1783) wifi:Init management short buffer num: 32
I (1787) wifi:Init static tx buffer num: 16
I (1791) wifi:Init tx cache buffer num: 32
I (1795) wifi:Init static rx buffer size: 1600
I (1799) wifi:Init static rx buffer num: 10
I (1803) wifi:Init dynamic rx buffer num: 32
[0;32mI (1808) wifi_init: accept mbox: 6[0m
[0;32mI (1811) wifi_init: tcpip mbox: 32[0m
[0;32mI (1815) wifi_init: udp mbox: 6[0m
[0;32mI (1819) wifi_init: tcp mbox: 6[0m
[0;32mI (1823) wifi_init: tcp tx win: 5760[0m
[0;32mI (1827) wifi_init: tcp rx win: 5760[0m
[0;32mI (1831) wifi_init: tcp mss: 1440[0m
[0;32mI (1835) wifi_init: WiFi IRAM OP enabled[0m
[0;32mI (1840) wifi_init: WiFi RX IRAM OP enabled[0m
[0;32mI (1845) phy_init: phy_version 4830,54550f7,Jun 20 2024,14:22:08[0m
[0;33mW (1851) phy_init: failed to load RF calibration data (0x1102), falling back to full calibration[0m
ï¿½ets Jul 29 2019 12:21:46

rst:0x3 (SW_RESET),boot:0x13 (SPI_FAST_FLASH_BOOT)
configsip: 0, SPIWP:0xee
clk_drv:0x00,q_drv:0x00,d_drv:0x00,cs0_drv:0x00,hd_drv:0x00,wp_drv:0x00
mode:DIO, clock div:1
load:0x3fff0030,len:7168
load:0x40078000,len:15464
load:0x40080400,len:4
ho 8 tail 4 room 4
load:0x40080404,len:3684
entry 0x40080614
[0;32mI (179) boot: ESP-IDF v5.3-dirty 2nd stage bootloader[0m
[0;32mI (179) boot: compile time Aug 26 2024 19:21:57[0m
[0;33mW (179) boot: Unicore bootloader[0m
[0;32mI (184) boot: chip revision: v3.1[0m
[0;32mI (188) boot.esp32: SPI Speed      : 80MHz[0m
[0;32mI (193) boot.esp32: SPI Mode       : DIO[0m
[0;32mI (198) boot.esp32: SPI Flash Size : 4MB[0m
[0;32mI (202) boot: Enabling RNG early entropy source...[0m
[0;32mI (208) boot: Partition Table:[0m
[0;32mI (212) boot: ## Label            Usage          Type ST Offset   Length[0m
[0;32mI (219) boot:  0 nvs              WiFi data        01 02 00009000 00004000[0m
[0;32mI (226) boot:  1 otadata          OTA data         01 00 0000d000 00002000[0m
[0;32mI (234) boot:  2 phy_init         RF data          01 01 0000f000 00001000[0m
[0;32mI (242) boot:  3 ota_0            OTA app          00 10 00010000 001e0000[0m
[0;32mI (249) boot:  4 ota_1            OTA app          00 11 001f0000 001e0000[0m
[0;32mI (257) boot:  5 coredump         Unknown data     01 03 003d0000 00010000[0m
[0;32mI (264) boot:  6 reserved         Unknown data     01 fe 003e0000 00020000[0m
[0;32mI (272) boot: End of partition table[0m
[0;32mI (276) esp_image: segment 0: paddr=00010020 vaddr=3f400020 size=2dfd4h (188372) map[0m
[0;32mI (338) esp_image: segment 1: paddr=0003dffc vaddr=3ffbdb60 size=0201ch (  8220) load[0m
[0;32mI (341) esp_image: segment 2: paddr=00040020 vaddr=400d0020 size=c2dech (798188) map[0m
[0;32mI (569) esp_image: segment 3: paddr=00102e14 vaddr=3ffbfb7c size=03f5ch ( 16220) load[0m
[0;32mI (575) esp_image: segment 4: paddr=00106d78 vaddr=40080000 size=1cc94h (117908) load[0m
[0;32mI (629) boot: Loaded app from partition at offset 0x10000[0m
[0;32mI (629) boot: Disabling RNG early entropy source...[0m
[0;32mI (641) quad_psram: This chip is ESP32-D0WD[0m
[0;32mI (641) esp_psram: Found 8MB PSRAM device[0m
[0;32mI (641) esp_psram: Speed: 40MHz[0m
[0;32mI (645) esp_psram: PSRAM initialized, cache is in normal (1-core) mode.[0m
[0;33mW (652) esp_psram: Virtual address not enough for PSRAM, map as much as we can. 4MB is mapped[0m
[0;32mI (662) cpu_start: Unicore app[0m
[0;32mI (665) cpu_start: Single core mode[0m
[0;32mI (1593) esp_psram: SPI SRAM memory test OK[0m
[0;32mI (1600) cpu_start: Pro cpu start user code[0m
[0;32mI (1600) cpu_start: cpu freq: 240000000 Hz[0m
[0;32mI (1600) app_init: Application information:[0m
[0;32mI (1604) app_init: Project name:     mesh_local_control[0m
[0;32mI (1610) app_init: App version:      d1ba481-dirty[0m
[0;32mI (1615) app_init: Compile time:     Aug 26 2024 19:21:52[0m
[0;32mI (1621) app_init: ELF file SHA256:  3daec32fc...[0m
[0;32mI (1626) app_init: ESP-IDF:          v5.3-dirty[0m
[0;32mI (1632) efuse_init: Min chip rev:     v0.0[0m
[0;32mI (1637) efuse_init: Max chip rev:     v3.99 [0m
[0;32mI (1642) efuse_init: Chip rev:         v3.1[0m
[0;32mI (1647) heap_init: Initializing. RAM available for dynamic allocation:[0m
[0;32mI (1654) heap_init: At 3FFAE6E0 len 0000F480 (61 KiB): DRAM[0m
[0;32mI (1660) heap_init: At 3FFC8940 len 000176C0 (93 KiB): DRAM[0m
[0;32mI (1666) heap_init: At 3FFE0440 len 0001FBC0 (126 KiB): D/IRAM[0m
[0;32mI (1673) heap_init: At 40078000 len 00008000 (32 KiB): IRAM[0m
[0;32mI (1679) heap_init: At 4009CC94 len 0000336C (12 KiB): IRAM[0m
[0;32mI (1685) heap_init: At 3FF80000 len 00002000 (8 KiB): RTCRAM[0m
[0;32mI (1692) esp_psram: Adding pool of 4096K of PSRAM memory to heap allocator[0m
[0;32mI (1700) spi_flash: detected chip: generic[0m
[0;32mI (1704) spi_flash: flash io: dio[0m
[0;33mW (1708) i2c: This driver is an old driver, please migrate your application code to adapt `driver/i2c_master.h`[0m
[0;32mI (1730) coexist: coex firmware version: dab85ae96[0m
[0;32mI (1731) main_task: Started on CPU0[0m
[0;32mI (1731) esp_psram: Reserving pool of 32K of internal memory for DMA/internal allocations[0m
[0;32mI (1739) main_task: Calling app_main()[0m
[0;32mI (1756) bridge_common: esp-iot-bridge version: 0.11.8[0m
I (1758) wifi:wifi driver task: 3ffbd618, prio:23, stack:6656, core=0
I (1760) wifi:wifi firmware version: 0caa81945
I (1762) wifi:wifi certification version: v7.0
I (1766) wifi:config NVS flash: enabled
I (1770) wifi:config nano formating: disabled
I (1774) wifi:Init data frame dynamic rx buffer num: 32
I (1779) wifi:Init static rx mgmt buffer num: 5
I (1783) wifi:Init management short buffer num: 32
I (1787) wifi:Init static tx buffer num: 16
I (1791) wifi:Init tx cache buffer num: 32
I (1795) wifi:Init static rx buffer size: 1600
I (1799) wifi:Init static rx buffer num: 10
I (1803) wifi:Init dynamic rx buffer num: 32
[0;32mI (1808) wifi_init: accept mbox: 6[0m
[0;32mI (1811) wifi_init: tcpip mbox: 32[0m
[0;32mI (1815) wifi_init: udp mbox: 6[0m
[0;32mI (1819) wifi_init: tcp mbox: 6[0m
[0;32mI (1823) wifi_init: tcp tx win: 5760[0m
[0;32mI (1827) wifi_init: tcp rx win: 5760[0m
[0;32mI (1831) wifi_init: tcp mss: 1440[0m
[0;32mI (1835) wifi_init: WiFi IRAM OP enabled[0m
[0;32mI (1840) wifi_init: WiFi RX IRAM OP enabled[0m
[0;32mI (1845) phy_init: phy_version 4830,54550f7,Jun 20 2024,14:22:08[0m
[0;33mW (1851) phy_init: failed to load RF calibration data (0x1102), falling back to full calibration[0m
ï¿½ets Jul 29 2019 12:21:46

rst:0x3 (SW_RESET),boot:0x13 (SPI_FAST_FLASH_BOOT)
configsip: 0, SPIWP:0xee
clk_drv:0x00,q_drv:0x00,d_drv:0x00,cs0_drv:0x00,hd_drv:0x00,wp_drv:0x00
mode:DIO, clock div:1
load:0x3fff0030,len:7168
load:0x40078000,len:15464
load:0x40080400,len:4
ho 8 tail 4 room 4
load:0x40080404,len:3684
entry 0x40080614
[0;32mI (179) boot: ESP-IDF v5.3-dirty 2nd stage bootloader[0m
[0;32mI (179) boot: compile time Aug 26 2024 19:21:57[0m
[0;33mW (179) boot: Unicore bootloader[0m
[0;32mI (184) boot: chip revision: v3.1[0m
[0;32mI (188) boot.esp32: SPI Speed      : 80MHz[0m
[0;32mI (193) boot.esp32: SPI Mode       : DIO[0m
[0;32mI (198) boot.esp32: SPI Flash Size : 4MB[0m
[0;32mI (202) boot: Enabling RNG early entropy source...[0m
[0;32mI (208) boot: Partition Table:[0m
[0;32mI (211) boot: ## Label            Usage          Type ST Offset   Length[0m
[0;32mI (219) boot:  0 nvs              WiFi data        01 02 00009000 00004000[0m
[0;32mI (226) boot:  1 otadata          OTA data         01 00 0000d000 00002000[0m
[0;32mI (234) boot:  2 phy_init         RF data          01 01 0000f000 00001000[0m
[0;32mI (242) boot:  3 ota_0            OTA app          00 10 00010000 001e0000[0m
[0;32mI (249) boot:  4 ota_1            OTA app          00 11 001f0000 001e0000[0m
[0;32mI (257) boot:  5 coredump         Unknown data     01 03 003d0000 00010000[0m
[0;32mI (264) boot:  6 reserved         Unknown data     01 fe 003e0000 00020000[0m
[0;32mI (272) boot: End of partition table[0m
[0;32mI (276) esp_image: segment 0: paddr=00010020 vaddr=3f400020 size=2dfd4h (188372) map[0m
[0;32mI (338) esp_image: segment 1: paddr=0003dffc vaddr=3ffbdb60 size=0201ch (  8220) load[0m
[0;32mI (341) esp_image: segment 2: paddr=00040020 vaddr=400d0020 size=c2dech (798188) map[0m
[0;32mI (569) esp_image: segment 3: paddr=00102e14 vaddr=3ffbfb7c size=03f5ch ( 16220) load[0m
[0;32mI (575) esp_image: segment 4: paddr=00106d78 vaddr=40080000 size=1cc94h (117908) load[0m
[0;32mI (629) boot: Loaded app from partition at offset 0x10000[0m
[0;32mI (629) boot: Disabling RNG early entropy source...[0m
[0;32mI (641) quad_psram: This chip is ESP32-D0WD[0m
[0;32mI (641) esp_psram: Found 8MB PSRAM device[0m
[0;32mI (641) esp_psram: Speed: 40MHz[0m
[0;32mI (645) esp_psram: PSRAM initialized, cache is in normal (1-core) mode.[0m
[0;33mW (652) esp_psram: Virtual address not enough for PSRAM, map as much as we can. 4MB is mapped[0m
[0;32mI (662) cpu_start: Unicore app[0m
[0;32mI (665) cpu_start: Single core mode[0m
[0;32mI (1593) esp_psram: SPI SRAM memory test OK[0m
[0;32mI (1600) cpu_start: Pro cpu start user code[0m
[0;32mI (1600) cpu_start: cpu freq: 240000000 Hz[0m
[0;32mI (1600) app_init: Application information:[0m
[0;32mI (1604) app_init: Project name:     mesh_local_control[0m
[0;32mI (1610) app_init: App version:      d1ba481-dirty[0m
[0;32mI (1615) app_init: Compile time:     Aug 26 2024 19:21:52[0m
[0;32mI (1621) app_init: ELF file SHA256:  3daec32fc...[0m
[0;32mI (1626) app_init: ESP-IDF:          v5.3-dirty[0m
[0;32mI (1632) efuse_init: Min chip rev:     v0.0[0m
[0;32mI (1637) efuse_init: Max chip rev:     v3.99 [0m
[0;32mI (1642) efuse_init: Chip rev:         v3.1[0m
[0;32mI (1647) heap_init: Initializing. RAM available for dynamic allocation:[0m
[0;32mI (1654) heap_init: At 3FFAE6E0 len 0000F480 (61 KiB): DRAM[0m
[0;32mI (1660) heap_init: At 3FFC8940 len 000176C0 (93 KiB): DRAM[0m
[0;32mI (1666) heap_init: At 3FFE0440 len 0001FBC0 (126 KiB): D/IRAM[0m
[0;32mI (1673) heap_init: At 40078000 len 00008000 (32 KiB): IRAM[0m
[0;32mI (1679) heap_init: At 4009CC94 len 0000336C (12 KiB): IRAM[0m
[0;32mI (1685) heap_init: At 3FF80000 len 00002000 (8 KiB): RTCRAM[0m
[0;32mI (1692) esp_psram: Adding pool of 4096K of PSRAM memory to heap allocator[0m
[0;32mI (1700) spi_flash: detected chip: generic[0m
[0;32mI (1704) spi_flash: flash io: dio[0m
[0;33mW (1708) i2c: This driver is an old driver, please migrate your application code to adapt `driver/i2c_master.h`[0m
[0;32mI (1730) coexist: coex firmware version: dab85ae96[0m
[0;32mI (1731) main_task: Started on CPU0[0m
[0;32mI (1731) esp_psram: Reserving pool of 32K of internal memory for DMA/internal allocations[0m
[0;32mI (1739) main_task: Calling app_main()[0m
[0;32mI (1756) bridge_common: esp-iot-bridge version: 0.11.8[0m
I (1758) wifi:wifi driver task: 3ffbd618, prio:23, stack:6656, core=0
I (1760) wifi:wifi firmware version: 0caa81945
I (1762) wifi:wifi certification version: v7.0
I (1766) wifi:config NVS flash: enabled
I (1770) wifi:config nano formating: disabled
I (1774) wifi:Init data frame dynamic rx buffer num: 32
I (1779) wifi:Init static rx mgmt buffer num: 5
I (1783) wifi:Init management short buffer num: 32
I (1787) wifi:Init static tx buffer num: 16
I (1791) wifi:Init tx cache buffer num: 32
I (1795) wifi:Init static rx buffer size: 1600
I (1799) wifi:Init static rx buffer num: 10
I (1803) wifi:Init dynamic rx buffer num: 32
[0;32mI (1808) wifi_init: accept mbox: 6[0m
[0;32mI (1811) wifi_init: tcpip mbox: 32[0m
[0;32mI (1815) wifi_init: udp mbox: 6[0m
[0;32mI (1819) wifi_init: tcp mbox: 6[0m
[0;32mI (1823) wifi_init: tcp tx win: 5760[0m
[0;32mI (1827) wifi_init: tcp rx win: 5760[0m
[0;32mI (1831) wifi_init: tcp mss: 1440[0m
[0;32mI (1835) wifi_init: WiFi IRAM OP enabled[0m
[0;32mI (1840) wifi_init: WiFi RX IRAM OP enabled[0m
[0;32mI (1845) phy_init: phy_version 4830,54550f7,Jun 20 2024,14:22:08[0m
[0;33mW (1851) phy_init: failed to load RF calibration data (0x1102), falling back to full calibration[0m
ï¿½ets Jul 29 2019 12:21:46

rst:0x3 (SW_RESET),boot:0x13 (SPI_FAST_FLASH_BOOT)
configsip: 0, SPIWP:0xee
clk_drv:0x00,q_drv:0x00,d_drv:0x00,cs0_drv:0x00,hd_drv:0x00,wp_drv:0x00
mode:DIO, clock div:1
load:0x3fff0030,len:7168
load:0x40078000,len:15464
load:0x40080400,len:4
ho 8 tail 4 room 4
load:0x40080404,len:3684
entry 0x40080614
[0;32mI (179) boot: ESP-IDF v5.3-dirty 2nd stage bootloader[0m
[0;32mI (179) boot: compile time Aug 26 2024 19:21:57[0m
[0;33mW (179) boot: Unicore bootloader[0m
[0;32mI (184) boot: chip revision: v3.1[0m
[0;32mI (188) boot.esp32: SPI Speed      : 80MHz[0m
[0;32mI (193) boot.esp32: SPI Mode       : DIO[0m
[0;32mI (198) boot.esp32: SPI Flash Size : 4MB[0m
[0;32mI (202) boot: Enabling RNG early entropy source...[0m
[0;32mI (208) boot: Partition Table:[0m
[0;32mI (212) boot: ## Label            Usage          Type ST Offset   Length[0m
[0;32mI (219) boot:  0 nvs              WiFi data        01 02 00009000 00004000[0m
[0;32mI (226) boot:  1 otadata          OTA data         01 00 0000d000 00002000[0m
[0;32mI (234) boot:  2 phy_init         RF data          01 01 0000f000 00001000[0m
[0;32mI (242) boot:  3 ota_0            OTA app          00 10 00010000 001e0000[0m
[0;32mI (249) boot:  4 ota_1            OTA app          00 11 001f0000 001e0000[0m
[0;32mI (257) boot:  5 coredump         Unknown data     01 03 003d0000 00010000[0m
[0;32mI (264) boot:  6 reserved         Unknown data     01 fe 003e0000 00020000[0m
[0;32mI (272) boot: End of partition table[0m
[0;32mI (276) esp_image: segment 0: paddr=00010020 vaddr=3f400020 size=2dfd4h (188372) map[0m
[0;32mI (338) esp_image: segment 1: paddr=0003dffc vaddr=3ffbdb60 size=0201ch (  8220) load[0m
[0;32mI (341) esp_image: segment 2: paddr=00040020 vaddr=400d0020 size=c2dech (798188) map[0m
[0;32mI (569) esp_image: segment 3: paddr=00102e14 vaddr=3ffbfb7c size=03f5ch ( 16220) load[0m
[0;32mI (575) esp_image: segment 4: paddr=00106d78 vaddr=40080000 size=1cc94h (117908) load[0m
[0;32mI (629) boot: Loaded app from partition at offset 0x10000[0m
[0;32mI (629) boot: Disabling RNG early entropy source...[0m
[0;32mI (641) quad_psram: This chip is ESP32-D0WD[0m
[0;32mI (641) esp_psram: Found 8MB PSRAM device[0m
[0;32mI (641) esp_psram: Speed: 40MHz[0m
[0;32mI (645) esp_psram: PSRAM initialized, cache is in normal (1-core) mode.[0m
[0;33mW (652) esp_psram: Virtual address not enough for PSRAM, map as much as we can. 4MB is mapped[0m
[0;32mI (662) cpu_start: Unicore app[0m
[0;32mI (665) cpu_start: Single core mode[0m
[0;32mI (1593) esp_psram: SPI SRAM memory test OK[0m
[0;32mI (1600) cpu_start: Pro cpu start user code[0m
[0;32mI (1600) cpu_start: cpu freq: 240000000 Hz[0m
[0;32mI (1600) app_init: Application information:[0m
[0;32mI (1604) app_init: Project name:     mesh_local_control[0m
[0;32mI (1610) app_init: App version:      d1ba481-dirty[0m
[0;32mI (1615) app_init: Compile time:     Aug 26 2024 19:21:52[0m
[0;32mI (1621) app_init: ELF file SHA256:  3daec32fc...[0m
[0;32mI (1626) app_init: ESP-IDF:          v5.3-dirty[0m
[0;32mI (1632) efuse_init: Min chip rev:     v0.0[0m
[0;32mI (1637) efuse_init: Max chip rev:     v3.99 [0m
[0;32mI (1642) efuse_init: Chip rev:         v3.1[0m
[0;32mI (1647) heap_init: Initializing. RAM available for dynamic allocation:[0m
[0;32mI (1654) heap_init: At 3FFAE6E0 len 0000F480 (61 KiB): DRAM[0m
[0;32mI (1660) heap_init: At 3FFC8940 len 000176C0 (93 KiB): DRAM[0m
[0;32mI (1666) heap_init: At 3FFE0440 len 0001FBC0 (126 KiB): D/IRAM[0m
[0;32mI (1673) heap_init: At 40078000 len 00008000 (32 KiB): IRAM[0m
[0;32mI (1679) heap_init: At 4009CC94 len 0000336C (12 KiB): IRAM[0m
[0;32mI (1685) heap_init: At 3FF80000 len 00002000 (8 KiB): RTCRAM[0m
[0;32mI (1692) esp_psram: Adding pool of 4096K of PSRAM memory to heap allocator[0m
[0;32mI (1700) spi_flash: detected chip: generic[0m
[0;32mI (1704) spi_flash: flash io: dio[0m
[0;33mW (1708) i2c: This driver is an old driver, please migrate your application code to adapt `driver/i2c_master.h`[0m
[0;32mI (1730) coexist: coex firmware version: dab85ae96[0m
[0;32mI (1731) main_task: Started on CPU0[0m
[0;32mI (1731) esp_psram: Reserving pool of 32K of internal memory for DMA/internal allocations[0m
[0;32mI (1739) main_task: Calling app_main()[0m
[0;32mI (1756) bridge_common: esp-iot-bridge version: 0.11.8[0m
I (1758) wifi:wifi driver task: 3ffbd618, prio:23, stack:6656, core=0
I (1760) wifi:wifi firmware version: 0caa81945
I (1762) wifi:wifi certification version: v7.0
I (1766) wifi:config NVS flash: enabled
I (1770) wifi:config nano formating: disabled
I (1774) wifi:Init data frame dynamic rx buffer num: 32
I (1779) wifi:Init static rx mgmt buffer num: 5
I (1783) wifi:Init management short buffer num: 32
I (1787) wifi:Init static tx buffer num: 16
I (1791) wifi:Init tx cache buffer num: 32
I (1795) wifi:Init static rx buffer size: 1600
I (1799) wifi:Init static rx buffer num: 10
I (1803) wifi:Init dynamic rx buffer num: 32
[0;32mI (1808) wifi_init: accept mbox: 6[0m
[0;32mI (1811) wifi_init: tcpip mbox: 32[0m
[0;32mI (1815) wifi_init: udp mbox: 6[0m
[0;32mI (1819) wifi_init: tcp mbox: 6[0m
[0;32mI (1823) wifi_init: tcp tx win: 5760[0m
[0;32mI (1827) wifi_init: tcp rx win: 5760[0m
[0;32mI (1831) wifi_init: tcp mss: 1440[0m
[0;32mI (1835) wifi_init: WiFi IRAM OP enabled[0m
[0;32mI (1840) wifi_init: WiFi RX IRAM OP enabled[0m
[0;32mI (1845) phy_init: phy_version 4830,54550f7,Jun 20 2024,14:22:08[0m
[0;33mW (1851) phy_init: failed to load RF calibration data (0x1102), falling back to full calibration[0m
ï¿½ets Jul 29 2019 12:21:46

rst:0x3 (SW_RESET),boot:0x13 (SPI_FAST_FLASH_BOOT)
configsip: 0, SPIWP:0xee
clk_drv:0x00,q_drv:0x00,d_drv:0x00,cs0_drv:0x00,hd_drv:0x00,wp_drv:0x00
mode:DIO, clock div:1
load:0x3fff0030,len:7168
load:0x40078000,len:15464
load:0x40080400,len:4
ho 8 tail 4 room 4
load:0x40080404,len:3684
entry 0x40080614
[0;32mI (179) boot: ESP-IDF v5.3-dirty 2nd stage bootloader[0m
[0;32mI (179) boot: compile time Aug 26 2024 19:21:57[0m
[0;33mW (179) boot: Unicore bootloader[0m
[0;32mI (184) boot: chip revision: v3.1[0m
[0;32mI (188) boot.esp32: SPI Speed      : 80MHz[0m
[0;32mI (193) boot.esp32: SPI Mode       : DIO[0m
[0;32mI (198) boot.esp32: SPI Flash Size : 4MB[0m
[0;32mI (202) boot: Enabling RNG early entropy source...[0m
[0;32mI (208) boot: Partition Table:[0m
[0;32mI (211) boot: ## Label            Usage          Type ST Offset   Length[0m
[0;32mI (219) boot:  0 nvs              WiFi data        01 02 00009000 00004000[0m
[0;32mI (226) boot:  1 otadata          OTA data         01 00 0000d000 00002000[0m
[0;32mI (234) boot:  2 phy_init         RF data          01 01 0000f000 00001000[0m
[0;32mI (242) boot:  3 ota_0            OTA app          00 10 00010000 001e0000[0m
[0;32mI (249) boot:  4 ota_1            OTA app          00 11 001f0000 001e0000[0m
[0;32mI (257) boot:  5 coredump         Unknown data     01 03 003d0000 00010000[0m
[0;32mI (264) boot:  6 reserved         Unknown data     01 fe 003e0000 00020000[0m
[0;32mI (272) boot: End of partition table[0m
[0;32mI (276) esp_image: segment 0: paddr=00010020 vaddr=3f400020 size=2dfd4h (188372) map[0m
[0;32mI (338) esp_image: segment 1: paddr=0003dffc vaddr=3ffbdb60 size=0201ch (  8220) load[0m
[0;32mI (341) esp_image: segment 2: paddr=00040020 vaddr=400d0020 size=c2dech (798188) map[0m
[0;32mI (569) esp_image: segment 3: paddr=00102e14 vaddr=3ffbfb7c size=03f5ch ( 16220) load[0m
[0;32mI (575) esp_image: segment 4: paddr=00106d78 vaddr=40080000 size=1cc94h (117908) load[0m
[0;32mI (629) boot: Loaded app from partition at offset 0x10000[0m
[0;32mI (629) boot: Disabling RNG early entropy source...[0m
[0;32mI (641) quad_psram: This chip is ESP32-D0WD[0m
[0;32mI (641) esp_psram: Found 8MB PSRAM device[0m
[0;32mI (641) esp_psram: Speed: 40MHz[0m
[0;32mI (645) esp_psram: PSRAM initialized, cache is in normal (1-core) mode.[0m
[0;33mW (652) esp_psram: Virtual address not enough for PSRAM, map as much as we can. 4MB is mapped[0m
[0;32mI (661) cpu_start: Unicore app[0m
[0;32mI (665) cpu_start: Single core mode[0m
[0;32mI (1593) esp_psram: SPI SRAM memory test OK[0m
[0;32mI (1600) cpu_start: Pro cpu start user code[0m
[0;32mI (1600) cpu_start: cpu freq: 240000000 Hz[0m
[0;32mI (1600) app_init: Application information:[0m
[0;32mI (1604) app_init: Project name:     mesh_local_control[0m
[0;32mI (1609) app_init: App version:      d1ba481-dirty[0m
[0;32mI (1615) app_init: Compile time:     Aug 26 2024 19:21:52[0m
[0;32mI (1621) app_init: ELF file SHA256:  3daec32fc...[0m
[0;32mI (1626) app_init: ESP-IDF:          v5.3-dirty[0m
[0;32mI (1632) efuse_init: Min chip rev:     v0.0[0m
[0;32mI (1636) efuse_init: Max chip rev:     v3.99 [0m
[0;32mI (1642) efuse_init: Chip rev:         v3.1[0m
[0;32mI (1647) heap_init: Initializing. RAM available for dynamic allocation:[0m
[0;32mI (1654) heap_init: At 3FFAE6E0 len 0000F480 (61 KiB): DRAM[0m
[0;32mI (1660) heap_init: At 3FFC8940 len 000176C0 (93 KiB): DRAM[0m
[0;32mI (1666) heap_init: At 3FFE0440 len 0001FBC0 (126 KiB): D/IRAM[0m
[0;32mI (1673) heap_init: At 40078000 len 00008000 (32 KiB): IRAM[0m
[0;32mI (1679) heap_init: At 4009CC94 len 0000336C (12 KiB): IRAM[0m
[0;32mI (1685) heap_init: At 3FF80000 len 00002000 (8 KiB): RTCRAM[0m
[0;32mI (1692) esp_psram: Adding pool of 4096K of PSRAM memory to heap allocator[0m
[0;32mI (1700) spi_flash: detected chip: generic[0m
[0;32mI (1704) spi_flash: flash io: dio[0m
[0;33mW (1708) i2c: This driver is an old driver, please migrate your application code to adapt `driver/i2c_master.h`[0m
[0;32mI (1730) coexist: coex firmware version: dab85ae96[0m
[0;32mI (1731) main_task: Started on CPU0[0m
[0;32mI (1731) esp_psram: Reserving pool of 32K of internal memory for DMA/internal allocations[0m
[0;32mI (1739) main_task: Calling app_main()[0m
[0;32mI (1756) bridge_common: esp-iot-bridge version: 0.11.8[0m
I (1758) wifi:wifi driver task: 3ffbd618, prio:23, stack:6656, core=0
I (1760) wifi:wifi firmware version: 0caa81945
I (1762) wifi:wifi certification version: v7.0
I (1766) wifi:config NVS flash: enabled
I (1770) wifi:config nano formating: disabled
I (1774) wifi:Init data frame dynamic rx buffer num: 32
I (1779) wifi:Init static rx mgmt buffer num: 5
I (1783) wifi:Init management short buffer num: 32
I (1787) wifi:Init static tx buffer num: 16
I (1791) wifi:Init tx cache buffer num: 32
I (1795) wifi:Init static rx buffer size: 1600
I (1799) wifi:Init static rx buffer num: 10
I (1803) wifi:Init dynamic rx buffer num: 32
[0;32mI (1808) wifi_init: accept mbox: 6[0m
[0;32mI (1811) wifi_init: tcpip mbox: 32[0m
[0;32mI (1815) wifi_init: udp mbox: 6[0m
[0;32mI (1819) wifi_init: tcp mbox: 6[0m
[0;32mI (1823) wifi_init: tcp tx win: 5760[0m
[0;32mI (1827) wifi_init: tcp rx win: 5760[0m
[0;32mI (1831) wifi_init: tcp mss: 1440[0m
[0;32mI (1835) wifi_init: WiFi IRAM OP enabled[0m
[0;32mI (1840) wifi_init: WiFi RX IRAM OP enabled[0m
[0;32mI (1845) phy_init: phy_version 4830,54550f7,Jun 20 2024,14:22:08[0m
[0;33mW (1851) phy_init: failed to load RF calibration data (0x1102), falling back to full calibration[0m
ï¿½ets Jul 29 2019 12:21:46

rst:0x3 (SW_RESET),boot:0x13 (SPI_FAST_FLASH_BOOT)
configsip: 0, SPIWP:0xee
clk_drv:0x00,q_drv:0x00,d_drv:0x00,cs0_drv:0x00,hd_drv:0x00,wp_drv:0x00
mode:DIO, clock div:1
load:0x3fff0030,len:7168
load:0x40078000,len:15464
load:0x40080400,len:4
ho 8 tail 4 room 4
load:0x40080404,len:3684
entry 0x40080614
[0;32mI (179) boot: ESP-IDF v5.3-dirty 2nd stage bootloader[0m
[0;32mI (179) boot: compile time Aug 26 2024 19:21:57[0m
[0;33mW (179) boot: Unicore bootloader[0m
[0;32mI (184) boot: chip revision: v3.1[0m
[0;32mI (188) boot.esp32: SPI Speed      : 80MHz[0m
[0;32mI (193) boot.esp32: SPI Mode       : DIO[0m
[0;32mI (198) boot.esp32: SPI Flash Size : 4MB[0m
[0;32mI (202) boot: Enabling RNG early entropy source...[0m
[0;32mI (208) boot: Partition Table:[0m
[0;32mI (211) boot: ## Label            Usage          Type ST Offset   Length[0m
[0;32mI (219) boot:  0 nvs              WiFi data        01 02 00009000 00004000[0m
[0;32mI (226) boot:  1 otadata          OTA data         01 00 0000d000 00002000[0m
[0;32mI (234) boot:  2 phy_init         RF data          01 01 0000f000 00001000[0m
[0;32mI (242) boot:  3 ota_0            OTA app          00 10 00010000 001e0000[0m
[0;32mI (249) boot:  4 ota_1            OTA app          00 11 001f0000 001e0000[0m
[0;32mI (257) boot:  5 coredump         Unknown data     01 03 003d0000 00010000[0m
[0;32mI (264) boot:  6 reserved         Unknown data     01 fe 003e0000 00020000[0m
[0;32mI (272) boot: End of partition table[0m
[0;32mI (276) esp_image: segment 0: paddr=00010020 vaddr=3f400020 size=2dfd4h (188372) map[0m
[0;32mI (338) esp_image: segment 1: paddr=0003dffc vaddr=3ffbdb60 size=0201ch (  8220) load[0m
[0;32mI (341) esp_image: segment 2: paddr=00040020 vaddr=400d0020 size=c2dech (798188) map[0m
[0;32mI (569) esp_image: segment 3: paddr=00102e14 vaddr=3ffbfb7c size=03f5ch ( 16220) load[0m
[0;32mI (575) esp_image: segment 4: paddr=00106d78 vaddr=40080000 size=1cc94h (117908) load[0m
[0;32mI (629) boot: Loaded app from partition at offset 0x10000[0m
[0;32mI (629) boot: Disabling RNG early entropy source...[0m
[0;32mI (641) quad_psram: This chip is ESP32-D0WD[0m
[0;32mI (641) esp_psram: Found 8MB PSRAM device[0m
[0;32mI (641) esp_psram: Speed: 40MHz[0m
[0;32mI (645) esp_psram: PSRAM initialized, cache is in normal (1-core) mode.[0m
[0;33mW (652) esp_psram: Virtual address not enough for PSRAM, map as much as we can. 4MB is mapped[0m
[0;32mI (661) cpu_start: Unicore app[0m
[0;32mI (665) cpu_start: Single core mode[0m
[0;32mI (1593) esp_psram: SPI SRAM memory test OK[0m
[0;32mI (1600) cpu_start: Pro cpu start user code[0m
[0;32mI (1600) cpu_start: cpu freq: 240000000 Hz[0m
[0;32mI (1600) app_init: Application information:[0m
[0;32mI (1604) app_init: Project name:     mesh_local_control[0m
[0;32mI (1609) app_init: App version:      d1ba481-dirty[0m
[0;32mI (1615) app_init: Compile time:     Aug 26 2024 19:21:52[0m
[0;32mI (1621) app_init: ELF file SHA256:  3daec32fc...[0m
[0;32mI (1626) app_init: ESP-IDF:          v5.3-dirty[0m
[0;32mI (1632) efuse_init: Min chip rev:     v0.0[0m
[0;32mI (1636) efuse_init: Max chip rev:     v3.99 [0m
[0;32mI (1642) efuse_init: Chip rev:         v3.1[0m
[0;32mI (1647) heap_init: Initializing. RAM available for dynamic allocation:[0m
[0;32mI (1654) heap_init: At 3FFAE6E0 len 0000F480 (61 KiB): DRAM[0m
[0;32mI (1660) heap_init: At 3FFC8940 len 000176C0 (93 KiB): DRAM[0m
[0;32mI (1666) heap_init: At 3FFE0440 len 0001FBC0 (126 KiB): D/IRAM[0m
[0;32mI (1673) heap_init: At 40078000 len 00008000 (32 KiB): IRAM[0m
[0;32mI (1679) heap_init: At 4009CC94 len 0000336C (12 KiB): IRAM[0m
[0;32mI (1685) heap_init: At 3FF80000 len 00002000 (8 KiB): RTCRAM[0m
[0;32mI (1692) esp_psram: Adding pool of 4096K of PSRAM memory to heap allocator[0m
[0;32mI (1700) spi_flash: detected chip: generic[0m
[0;32mI (1704) spi_flash: flash io: dio[0m
[0;33mW (1708) i2c: This driver is an old driver, please migrate your application code to adapt `driver/i2c_master.h`[0m
[0;32mI (1730) coexist: coex firmware version: dab85ae96[0m
[0;32mI (1731) main_task: Started on CPU0[0m
[0;32mI (1731) esp_psram: Reserving pool of 32K of internal memory for DMA/internal allocations[0m
[0;32mI (1739) main_task: Calling app_main()[0m
[0;32mI (1756) bridge_common: esp-iot-bridge version: 0.11.8[0m
I (1758) wifi:wifi driver task: 3ffbd618, prio:23, stack:6656, core=0
I (1760) wifi:wifi firmware version: 0caa81945
I (1762) wifi:wifi certification version: v7.0
I (1766) wifi:config NVS flash: enabled
I (1770) wifi:config nano formating: disabled
I (1774) wifi:Init data frame dynamic rx buffer num: 32
I (1779) wifi:Init static rx mgmt buffer num: 5
I (1783) wifi:Init management short buffer num: 32
I (1787) wifi:Init static tx buffer num: 16
I (1791) wifi:Init tx cache buffer num: 32
I (1795) wifi:Init static rx buffer size: 1600
I (1799) wifi:Init static rx buffer num: 10
I (1803) wifi:Init dynamic rx buffer num: 32
[0;32mI (1808) wifi_init: accept mbox: 6[0m
[0;32mI (1811) wifi_init: tcpip mbox: 32[0m
[0;32mI (1815) wifi_init: udp mbox: 6[0m
[0;32mI (1819) wifi_init: tcp mbox: 6[0m
[0;32mI (1823) wifi_init: tcp tx win: 5760[0m
[0;32mI (1827) wifi_init: tcp rx win: 5760[0m
[0;32mI (1831) wifi_init: tcp mss: 1440[0m
[0;32mI (1835) wifi_init: WiFi IRAM OP enabled[0m
[0;32mI (1840) wifi_init: WiFi RX IRAM OP enabled[0m
[0;32mI (1845) phy_init: phy_version 4830,54550f7,Jun 20 2024,14:22:08[0m
[0;33mW (1851) phy_init: failed to load RF calibration data (0x1102), falling back to full calibration[0m
ï¿½ets Jul 29 2019 12:21:46

rst:0x3 (SW_RESET),boot:0x13 (SPI_FAST_FLASH_BOOT)
configsip: 0, SPIWP:0xee
clk_drv:0x00,q_drv:0x00,d_drv:0x00,cs0_drv:0x00,hd_drv:0x00,wp_drv:0x00
mode:DIO, clock div:1
load:0x3fff0030,len:7168
load:0x40078000,len:15464
load:0x40080400,len:4
ho 8 tail 4 room 4
load:0x40080404,len:3684
entry 0x40080614
[0;32mI (179) boot: ESP-IDF v5.3-dirty 2nd stage bootloader[0m
[0;32mI (179) boot: compile time Aug 26 2024 19:21:57[0m
[0;33mW (179) boot: Unicore bootloader[0m
[0;32mI (184) boot: chip revision: v3.1[0m
[0;32mI (188) boot.esp32: SPI Speed      : 80MHz[0m
[0;32mI (193) boot.esp32: SPI Mode       : DIO[0m
[0;32mI (198) boot.esp32: SPI Flash Size : 4MB[0m
[0;32mI (202) boot: Enabling RNG early entropy source...[0m
[0;32mI (208) boot: Partition Table:[0m
[0;32mI (211) boot: ## Label            Usage          Type ST Offset   Length[0m
[0;32mI (219) boot:  0 nvs              WiFi data        01 02 00009000 00004000[0m
[0;32mI (226) boot:  1 otadata          OTA data         01 00 0000d000 00002000[0m
[0;32mI (234) boot:  2 phy_init         RF data          01 01 0000f000 00001000[0m
[0;32mI (242) boot:  3 ota_0            OTA app          00 10 00010000 001e0000[0m
[0;32mI (249) boot:  4 ota_1            OTA app          00 11 001f0000 001e0000[0m
[0;32mI (257) boot:  5 coredump         Unknown data     01 03 003d0000 00010000[0m
[0;32mI (264) boot:  6 reserved         Unknown data     01 fe 003e0000 00020000[0m
[0;32mI (272) boot: End of partition table[0m
[0;32mI (276) esp_image: segment 0: paddr=00010020 vaddr=3f400020 size=2dfd4h (188372) map[0m
[0;32mI (338) esp_image: segment 1: paddr=0003dffc vaddr=3ffbdb60 size=0201ch (  8220) load[0m
[0;32mI (341) esp_image: segment 2: paddr=00040020 vaddr=400d0020 size=c2dech (798188) map[0m
[0;32mI (569) esp_image: segment 3: paddr=00102e14 vaddr=3ffbfb7c size=03f5ch ( 16220) load[0m
[0;32mI (575) esp_image: segment 4: paddr=00106d78 vaddr=40080000 size=1cc94h (117908) load[0m
[0;32mI (629) boot: Loaded app from partition at offset 0x10000[0m
[0;32mI (629) boot: Disabling RNG early entropy source...[0m
[0;32mI (641) quad_psram: This chip is ESP32-D0WD[0m
[0;32mI (641) esp_psram: Found 8MB PSRAM device[0m
[0;32mI (641) esp_psram: Speed: 40MHz[0m
[0;32mI (645) esp_psram: PSRAM initialized, cache is in normal (1-core) mode.[0m
[0;33mW (652) esp_psram: Virtual address not enough for PSRAM, map as much as we can. 4MB is mapped[0m
[0;32mI (662) cpu_start: Unicore app[0m
[0;32mI (665) cpu_start: Single core mode[0m
[0;32mI (1593) esp_psram: SPI SRAM memory test OK[0m
[0;32mI (1600) cpu_start: Pro cpu start user code[0m
[0;32mI (1600) cpu_start: cpu freq: 240000000 Hz[0m
[0;32mI (1600) app_init: Application information:[0m
[0;32mI (1604) app_init: Project name:     mesh_local_control[0m
[0;32mI (1610) app_init: App version:      d1ba481-dirty[0m
[0;32mI (1615) app_init: Compile time:     Aug 26 2024 19:21:52[0m
[0;32mI (1621) app_init: ELF file SHA256:  3daec32fc...[0m
[0;32mI (1626) app_init: ESP-IDF:          v5.3-dirty[0m
[0;32mI (1632) efuse_init: Min chip rev:     v0.0[0m
[0;32mI (1637) efuse_init: Max chip rev:     v3.99 [0m
[0;32mI (1642) efuse_init: Chip rev:         v3.1[0m
[0;32mI (1647) heap_init: Initializing. RAM available for dynamic allocation:[0m
[0;32mI (1654) heap_init: At 3FFAE6E0 len 0000F480 (61 KiB): DRAM[0m
[0;32mI (1660) heap_init: At 3FFC8940 len 000176C0 (93 KiB): DRAM[0m
[0;32mI (1666) heap_init: At 3FFE0440 len 0001FBC0 (126 KiB): D/IRAM[0m
[0;32mI (1673) heap_init: At 40078000 len 00008000 (32 KiB): IRAM[0m
[0;32mI (1679) heap_init: At 4009CC94 len 0000336C (12 KiB): IRAM[0m
[0;32mI (1685) heap_init: At 3FF80000 len 00002000 (8 KiB): RTCRAM[0m
[0;32mI (1692) esp_psram: Adding pool of 4096K of PSRAM memory to heap allocator[0m
[0;32mI (1700) spi_flash: detected chip: generic[0m
[0;32mI (1704) spi_flash: flash io: dio[0m
[0;33mW (1708) i2c: This driver is an old driver, please migrate your application code to adapt `driver/i2c_master.h`[0m
[0;32mI (1730) coexist: coex firmware version: dab85ae96[0m
[0;32mI (1731) main_task: Started on CPU0[0m
[0;32mI (1731) esp_psram: Reserving pool of 32K of internal memory for DMA/internal allocations[0m
[0;32mI (1739) main_task: Calling app_main()[0m
[0;32mI (1756) bridge_common: esp-iot-bridge version: 0.11.8[0m
I (1758) wifi:wifi driver task: 3ffbd618, prio:23, stack:6656, core=0
I (1760) wifi:wifi firmware version: 0caa81945
I (1762) wifi:wifi certification version: v7.0
I (1766) wifi:config NVS flash: enabled
I (1770) wifi:config nano formating: disabled
I (1774) wifi:Init data frame dynamic rx buffer num: 32
I (1779) wifi:Init static rx mgmt buffer num: 5
I (1783) wifi:Init management short buffer num: 32
I (1787) wifi:Init static tx buffer num: 16
I (1791) wifi:Init tx cache buffer num: 32
I (1795) wifi:Init static rx buffer size: 1600
I (1799) wifi:Init static rx buffer num: 10
I (1803) wifi:Init dynamic rx buffer num: 32
[0;32mI (1808) wifi_init: accept mbox: 6[0m
[0;32mI (1811) wifi_init: tcpip mbox: 32[0m
[0;32mI (1815) wifi_init: udp mbox: 6[0m
[0;32mI (1819) wifi_init: tcp mbox: 6[0m
[0;32mI (1823) wifi_init: tcp tx win: 5760[0m
[0;32mI (1827) wifi_init: tcp rx win: 5760[0m
[0;32mI (1831) wifi_init: tcp mss: 1440[0m
[0;32mI (1835) wifi_init: WiFi IRAM OP enabled[0m
[0;32mI (1840) wifi_init: WiFi RX IRAM OP enabled[0m
[0;32mI (1845) phy_init: phy_version 4830,54550f7,Jun 20 2024,14:22:08[0m
[0;33mW (1851) phy_init: failed to load RF calibration data (0x1102), falling back to full calibration[0m
ï¿½ets Jul 29 2019 12:21:46

rst:0x3 (SW_RESET),boot:0x13 (SPI_FAST_FLASH_BOOT)
configsip: 0, SPIWP:0xee
clk_drv:0x00,q_drv:0x00,d_drv:0x00,cs0_drv:0x00,hd_drv:0x00,wp_drv:0x00
mode:DIO, clock div:1
load:0x3fff0030,len:7168
load:0x40078000,len:15464
load:0x40080400,len:4
ho 8 tail 4 room 4
load:0x40080404,len:3684
entry 0x40080614
[0;32mI (179) boot: ESP-IDF v5.3-dirty 2nd stage bootloader[0m
[0;32mI (179) boot: compile time Aug 26 2024 19:21:57[0m
[0;33mW (179) boot: Unicore bootloader[0m
[0;32mI (184) boot: chip revision: v3.1[0m
[0;32mI (188) boot.esp32: SPI Speed      : 80MHz[0m
[0;32mI (193) boot.esp32: SPI Mode       : DIO[0m
[0;32mI (198) boot.esp32: SPI Flash Size : 4MB[0m
[0;32mI (202) boot: Enabling RNG early entropy source...[0m
[0;32mI (208) boot: Partition Table:[0m
[0;32mI (212) boot: ## Label            Usage          Type ST Offset   Length[0m
[0;32mI (219) boot:  0 nvs              WiFi data        01 02 00009000 00004000[0m
[0;32mI (226) boot:  1 otadata          OTA data         01 00 0000d000 00002000[0m
[0;32mI (234) boot:  2 phy_init         RF data          01 01 0000f000 00001000[0m
[0;32mI (242) boot:  3 ota_0            OTA app          00 10 00010000 001e0000[0m
[0;32mI (249) boot:  4 ota_1            OTA app          00 11 001f0000 001e0000[0m
[0;32mI (257) boot:  5 coredump         Unknown data     01 03 003d0000 00010000[0m
[0;32mI (264) boot:  6 reserved         Unknown data     01 fe 003e0000 00020000[0m
[0;32mI (272) boot: End of partition table[0m
[0;32mI (276) esp_image: segment 0: paddr=00010020 vaddr=3f400020 size=2dfd4h (188372) map[0m
[0;32mI (338) esp_image: segment 1: paddr=0003dffc vaddr=3ffbdb60 size=0201ch (  8220) load[0m
