ï¿½ï¿½ets Jul 29 2019 12:21:46

rst:0x1 (POWERON_RESET),boot:0x13 (SPI_FAST_FLASH_BOOT)
configsip: 0, SPIWP:0xee
clk_drv:0x00,q_drv:0x00,d_drv:0x00,cs0_drv:0x00,hd_drv:0x00,wp_drv:0x00
mode:DIO, clock div:1
load:0x3fff0030,len:7168
load:0x40078000,len:15464
load:0x40080400,len:4
ho 8 tail 4 room 4
load:0x40080404,len:3684
entry 0x40080614
[0;32mI (31) boot: ESP-IDF v5.3-dirty 2nd stage bootloader[0m
[0;32mI (31) boot: compile time Aug 24 2024 16:50:16[0m
[0;33mW (31) boot: Unicore bootloader[0m
[0;32mI (35) boot: chip revision: v3.1[0m
[0;32mI (39) boot.esp32: SPI Speed      : 80MHz[0m
[0;32mI (44) boot.esp32: SPI Mode       : DIO[0m
[0;32mI (48) boot.esp32: SPI Flash Size : 4MB[0m
[0;32mI (53) boot: Enabling RNG early entropy source...[0m
[0;32mI (58) boot: Partition Table:[0m
[0;32mI (62) boot: ## Label            Usage          Type ST Offset   Length[0m
[0;32mI (69) boot:  0 nvs              WiFi data        01 02 00009000 00004000[0m
[0;32mI (77) boot:  1 otadata          OTA data         01 00 0000d000 00002000[0m
[0;32mI (84) boot:  2 phy_init         RF data          01 01 0000f000 00001000[0m
[0;32mI (92) boot:  3 ota_0            OTA app          00 10 00010000 001e0000[0m
[0;32mI (99) boot:  4 ota_1            OTA app          00 11 001f0000 001e0000[0m
[0;32mI (107) boot:  5 coredump         Unknown data     01 03 003d0000 00010000[0m
[0;32mI (114) boot:  6 reserved         Unknown data     01 fe 003e0000 00020000[0m
[0;32mI (122) boot: End of partition table[0m
[0;32mI (126) boot: No factory image, trying OTA 0[0m
[0;32mI (131) esp_image: segment 0: paddr=00010020 vaddr=3f400020 size=2d87ch (186492) map[0m
[0;32mI (192) esp_image: segment 1: paddr=0003d8a4 vaddr=3ffbdb60 size=02774h ( 10100) load[0m
[0;32mI (196) esp_image: segment 2: paddr=00040020 vaddr=400d0020 size=c1e78h (794232) map[0m
[0;32mI (423) esp_image: segment 3: paddr=00101ea0 vaddr=3ffc02d4 size=037f4h ( 14324) load[0m
[0;32mI (427) esp_image: segment 4: paddr=0010569c vaddr=40080000 size=1c930h (117040) load[0m
[0;32mI (482) boot: Loaded app from partition at offset 0x10000[0m
[0;32mI (487) boot: Set actual ota_seq=1 in otadata[0][0m
[0;32mI (487) boot: Disabling RNG early entropy source...[0m
[0;32mI (499) quad_psram: This chip is ESP32-D0WD[0m
[0;32mI (499) esp_psram: Found 8MB PSRAM device[0m
[0;32mI (499) esp_psram: Speed: 40MHz[0m
[0;32mI (503) esp_psram: PSRAM initialized, cache is in normal (1-core) mode.[0m
[0;33mW (511) esp_psram: Virtual address not enough for PSRAM, map as much as we can. 4MB is mapped[0m
[0;32mI (520) cpu_start: Unicore app[0m
[0;32mI (523) cpu_start: Single core mode[0m
[0;32mI (1451) esp_psram: SPI SRAM memory test OK[0m
[0;32mI (1459) cpu_start: Pro cpu start user code[0m
[0;32mI (1459) cpu_start: cpu freq: 240000000 Hz[0m
[0;32mI (1459) app_init: Application information:[0m
[0;32mI (1462) app_init: Project name:     mesh_local_control[0m
[0;32mI (1468) app_init: App version:      7ead5ea1-dirty[0m
[0;32mI (1473) app_init: Compile time:     Aug 24 2024 16:50:11[0m
[0;32mI (1479) app_init: ELF file SHA256:  fb97bc57e...[0m
[0;32mI (1485) app_init: ESP-IDF:          v5.3-dirty[0m
[0;32mI (1490) efuse_init: Min chip rev:     v0.0[0m
[0;32mI (1495) efuse_init: Max chip rev:     v3.99 [0m
[0;32mI (1500) efuse_init: Chip rev:         v3.1[0m
[0;32mI (1505) heap_init: Initializing. RAM available for dynamic allocation:[0m
[0;32mI (1512) heap_init: At 3FFAE6E0 len 0000F480 (61 KiB): DRAM[0m
[0;32mI (1518) heap_init: At 3FFC88B8 len 00017748 (93 KiB): DRAM[0m
[0;32mI (1524) heap_init: At 3FFE0440 len 0001FBC0 (126 KiB): D/IRAM[0m
[0;32mI (1531) heap_init: At 40078000 len 00008000 (32 KiB): IRAM[0m
[0;32mI (1537) heap_init: At 4009C930 len 000036D0 (13 KiB): IRAM[0m
[0;32mI (1543) heap_init: At 3FF80000 len 00002000 (8 KiB): RTCRAM[0m
[0;32mI (1550) esp_psram: Adding pool of 4096K of PSRAM memory to heap allocator[0m
[0;32mI (1558) spi_flash: detected chip: generic[0m
[0;32mI (1562) spi_flash: flash io: dio[0m
[0;33mW (1566) i2c: This driver is an old driver, please migrate your application code to adapt `driver/i2c_master.h`[0m
[0;32mI (1577) coexist: coex firmware version: dab85ae96[0m
[0;32mI (1583) main_task: Started on CPU0[0m
[0;32mI (1586) esp_psram: Reserving pool of 32K of internal memory for DMA/internal allocations[0m
[0;32mI (1595) main_task: Calling app_main()[0m
[0;32mI (1612) bridge_common: esp-iot-bridge version: 0.11.8[0m
I (1615) wifi:wifi driver task: 3ffbd5e0, prio:23, stack:6656, core=0
I (1617) wifi:wifi firmware version: 0caa81945
I (1618) wifi:wifi certification version: v7.0
I (1622) wifi:config NVS flash: enabled
I (1626) wifi:config nano formating: disabled
I (1630) wifi:Init data frame dynamic rx buffer num: 32
I (1635) wifi:Init static rx mgmt buffer num: 5
I (1639) wifi:Init management short buffer num: 32
I (1644) wifi:Init static tx buffer num: 16
I (1648) wifi:Init tx cache buffer num: 32
I (1651) wifi:Init static rx buffer size: 1600
I (1656) wifi:Init static rx buffer num: 10
I (1659) wifi:Init dynamic rx buffer num: 32
[0;32mI (1664) wifi_init: accept mbox: 6[0m
[0;32mI (1667) wifi_init: tcpip mbox: 32[0m
[0;32mI (1671) wifi_init: udp mbox: 6[0m
[0;32mI (1675) wifi_init: tcp mbox: 6[0m
[0;32mI (1679) wifi_init: tcp tx win: 5760[0m
[0;32mI (1683) wifi_init: tcp rx win: 5760[0m
[0;32mI (1688) wifi_init: tcp mss: 1440[0m
[0;32mI (1692) wifi_init: WiFi IRAM OP enabled[0m
[0;32mI (1696) wifi_init: WiFi RX IRAM OP enabled[0m
[0;32mI (1701) phy_init: phy_version 4830,54550f7,Jun 20 2024,14:22:08[0m
[0;33mW (1708) phy_init: failed to load RF calibration data (0x1102), falling back to full calibration[0m
[0;33mW (1767) phy_init: saving new calibration data because of checksum failure, mode(2)[0m
I (1776) wifi:mode : null
I (1778) wifi:mode : softAP (08:a6:f7:11:51:a9)
I (1779) wifi:Total power save buffer number: 8
I (1779) wifi:Init max length of beacon: 752/752
I (1782) wifi:Init max length of beacon: 752/752
[0;32mI (1788) esp_netif_lwip: DHCP server started on interface WIFI_AP_DEF with IP: 192.168.4.1[0m
Add netif ap with 7ead5ea1(commit id)
[0;32mI (1798) bridge_common: netif list add success[0m
[0;31mE (1804) NVS: Failed to open NVS namespace[0m
[0;32mI (1808) bridge_common: IP Address:192.168.5.1[0m
[0;32mI (1813) bridge_common: GW Address:192.168.5.1[0m
[0;32mI (1819) bridge_common: NM Address:255.255.255.0[0m
[0;32mI (1824) bridge_common: [WIFI_AP_DEF ][0m
[0;32mI (1829) bridge_common: Set ip info:192.168.5.1[0m
[0;32mI (1834) bridge_wifi: SoftAP IP network segment has changed, deauth all station[0m
I (1844) wifi:Disabled PMF config for SoftAP
I (1846) wifi:Total power save buffer number: 8
[0;32mI (1852) esp_netif_lwip: DHCP server started on interface WIFI_AP_DEF with IP: 192.168.5.1[0m
[0;32mI (1859) bridge_common: [WIFI_AP_DEF ]Name Server1: 114.114.114.114[0m
[0;32mI (1866) bridge_common: DHCPS Restart, deauth all station[0m
Add netif sta with 7ead5ea1(commit id)
[0;32mI (1875) bridge_common: netif list add success[0m
I (1881) wifi:mode : sta (08:a6:f7:11:51:a8) + softAP (08:a6:f7:11:51:a9)
I (1887) wifi:enable tsf
[0;31mE (1890) NVS: Failed to read IP info from NVS[0m
I (1894) wifi:Disabled PMF config for STA
[0;32mI (1898) bridge_wifi: [esp_bridge_wifi_set_config] sta ssid: Tran Con Dev password: password[0m
[0;32mI (1907) bridge_wifi: [esp_bridge_wifi_set_config] softap ssid: ESP_Bridge_1151a9 password: 12345678[0m
I (2088) wifi:Total power save buffer number: 8
[0;32mI (2091) esp_netif_lwip: DHCP server started on interface WIFI_AP_DEF with IP: 192.168.5.1[0m
[0;32mI (2092) bridge_wifi: SoftAP config changed, deauth all station[0m
[0;32mI (2098) Mesh-Lite: esp-mesh-lite component version: 1.0.0[0m
I (2104) ESPNOW: espnow [version: 1.0] init
[0;32mI (2108) [vendor_ie]: Mesh-Lite commit id: bc9302d
 [0m
[0;31mE (2114) [vendor_ie]: Error Get! [0m
[0;33mW (2117) [vendor_ie]: Mesh ID is not saved in flash [0m
[0;32mI (2123) [vendor_ie]: Mesh ID: 77 [0m
[0;33mW (2127) [vendor_ie]: Error Get[4354] [0m
[0;33mW (2132) [vendor_ie]: Error Get[4354] [0m
[0;32mI (2137) [ESP_Mesh_Lite_Comm]: msg action add success [0m
[0;32mI (2143) [ESP_Mesh_Lite_Comm]: Bind Socket 54, port 6364 [0m
[0;32mI (2148) [ESP_Mesh_Lite_Comm]: Bind Socket 55, port 6363 [0m
[0;32mI (2154) [ESP_Mesh_Lite_Comm]: Bind Socket 56, port 6366 [0m
[0;32mI (2160) [ESP_Mesh_Lite_Comm]: Bind Socket 57, port 6365 [0m
[0;32mI (2167) [mesh-lite-espnow]: Start espnow task [0m
[0;32mI (2173) Mesh-Lite: Mesh-Lite connecting[0m
[0;32mI (2177) [vendor_ie]: esp_mesh_lite_wifi_scan_start return ESP_OK [0m
[0;32mI (2183) gpio: GPIO[25]| InputEn: 1| OutputEn: 0| OpenDrain: 0| Pullup: 1| Pulldown: 0| Intr:2 [0m
[0;32mI (2193) cam_hal: cam init ok[0m
[0;32mI (2196) sccb: pin_sda 26 pin_scl 27[0m
[0;32mI (2200) sccb: sccb_i2c_port=1[0m
[0;32mI (2204) gpio: GPIO[32]| InputEn: 0| OutputEn: 1| OpenDrain: 0| Pullup: 0| Pulldown: 0| Intr:0 [0m
[0;32mI (2243) camera: Detected camera at address=0x30[0m
[0;32mI (2246) camera: Detected OV2640 camera[0m
[0;32mI (2246) camera: Camera PID=0x26 VER=0x42 MIDL=0x7f MIDH=0xa2[0m
[0;32mI (2331) cam_hal: buffer_size: 32768, half_buffer_size: 4096, node_buffer_size: 2048, node_cnt: 16, total_cnt: 5[0m
[0;32mI (2331) cam_hal: Allocating 23680 Byte frame buffer in PSRAM[0m
[0;32mI (2338) cam_hal: cam config ok[0m
[0;32mI (2341) ov2640: Set PLL: clk_2x: 0, clk_div: 0, pclk_auto: 0, pclk_div: 8[0m
[0;32mI (2434) main_task: Returned from app_main()[0m
[0;32mI (3866) [vendor_ie]: Mesh-Lite Scan done [0m
[0;32mI (3867) [vendor_ie]: RTC store: temp_mesh_id:255; ssid:Tran Con Dev; bssid:00:00:00:00:00:00; crc:2891781910 [0m
[0;32mI (3871) [vendor_ie]: wifi_cfg Tran Con Dev router_config Tran Con Dev [0m
[0;32mI (3879) [vendor_ie]: esp_mesh_lite_wifi_connect return ESP_OK [0m
I (4507) wifi:ap channel adjust o:1,1 n:4,1
I (4507) wifi:new:<4,0>, old:<1,1>, ap:<4,1>, sta:<4,0>, prof:1, snd_ch_cfg:0x0
I (4508) wifi:state: init -> auth (0xb0)
I (4515) wifi:state: auth -> assoc (0x0)
I (4524) wifi:state: assoc -> run (0x10)
I (4575) wifi:connected with Tran Con Dev, aid = 2, channel 4, BW20, bssid = e4:ca:12:bd:52:70
I (4575) wifi:security: WPA2-PSK, phy: bgn, rssi: -66
I (4577) wifi:pm start, type: 1

I (4580) wifi:dp: 1, bi: 102400, li: 3, scale listen interval from 307200 us to 307200 us
I (4638) wifi:AP's beacon interval = 102400 us, DTIM period = 1
[0;32mI (6712) bridge_common: [WIFI_AP_DEF ]Name Server1: 203.113.131.2[0m
[0;31mE (7435) esp-tls: [sock=58] select() timeout[0m
[0;31mE (7436) transport_base: Failed to open a new connection: 32774[0m
[0;31mE (7436) transport_ws: Error connecting to host 192.168.1.88:3000[0m
[0;31mE (7443) websocket_client: esp_transport_connect() failed with -1, transport_error=ESP_ERR_ESP_TLS_CONNECTION_TIMEOUT, tls_error_code=0, tls_flags=0, esp_ws_handshake_status_code=0, errno=119[0m
[0;31mE (7460) websocket_client: WebSocket client error[0m
[0;32mI (7465) websocket_client: Reconnect after 300 ms[0m
[0;32mI (7471) websocket_client: WebSocket client connected[0m
[0;31mE (7476) websocket_client: Websocket client is not connected[0m
[0;33mW (7483) websocket_client: Waiting for WebSocket connection to resume sending image...[0m
[0;33mW (7494) cam_hal: NO-SOI[0m
[0;32mI (7591) esp_netif_handlers: sta ip: 192.168.1.3, mask: 255.255.255.0, gw: 192.168.1.1[0m
[0;32mI (7592) bridge_wifi: Connected with IP Address:192.168.1.3[0m
[0;32mI (7596) [vendor_ie]: RTC store: temp_mesh_id:3; ssid:Tran Con Dev; bssid:00:00:00:00:00:00; crc:2048476624 [0m
[0;31mE (7607) [ESP_Mesh_Lite_Comm]: Error Get! [0m
[0;33mW (7611) [ESP_Mesh_Lite_Comm]: argot is not saved in flash [0m
[0;32mI (7621) esp32cam_security_gate: TCP client write task is running[0m
[0;32mI (7830) websocket_client: WebSocket client connected[0m
[0;32mI (7854) websocket_client: Image sent to WebSocket: 8298 bytes (0.2fps)[0m
Guru Meditation Error: Core  0 panic'ed (LoadProhibited). Exception was unhandled.

Core  0 register dump:
PC      : 0x40090c82  PS      : 0x00060630  A0      : 0x800e2c7c  A1      : 0x3fff2ad0  
A2      : 0x00603442  A3      : 0x00000032  A4      : 0x3f406a68  A5      : 0x00001eae  
A6      : 0x3f406b54  A7      : 0x0000206a  A8      : 0x3ffc3c94  A9      : 0x3fff2ab0  
A10     : 0x00001880  A11     : 0x3f406b54  A12     : 0x3f406a68  A13     : 0x3fff2ad0  
A14     : 0x3fff2ab0  A15     : 0x0000000c  SAR     : 0x00000010  EXCCAUSE: 0x0000001c  
EXCVADDR: 0x00603442  LBEG    : 0x4008b062  LEND    : 0x4008b06d  LCOUNT  : 0x00000000  


Backtrace: 0x40090c7f:0x3fff2ad0 0x400e2c79:0x3fff2af0 0x4008f23d:0x3fff2b30




ELF file SHA256: fb97bc57e

Rebooting...
ets Jul 29 2019 12:21:46

rst:0xc (SW_CPU_RESET),boot:0x13 (SPI_FAST_FLASH_BOOT)
configsip: 0, SPIWP:0xee
clk_drv:0x00,q_drv:0x00,d_drv:0x00,cs0_drv:0x00,hd_drv:0x00,wp_drv:0x00
mode:DIO, clock div:1
load:0x3fff0030,len:7168
load:0x40078000,len:15464
load:0x40080400,len:4
ho 8 tail 4 room 4
load:0x40080404,len:3684
entry 0x40080614
[0;32mI (31) boot: ESP-IDF v5.3-dirty 2nd stage bootloader[0m
[0;32mI (31) boot: compile time Aug 24 2024 16:50:16[0m
[0;33mW (31) boot: Unicore bootloader[0m
[0;32mI (35) boot: chip revision: v3.1[0m
[0;32mI (39) boot.esp32: SPI Speed      : 80MHz[0m
[0;32mI (44) boot.esp32: SPI Mode       : DIO[0m
[0;32mI (48) boot.esp32: SPI Flash Size : 4MB[0m
[0;32mI (53) boot: Enabling RNG early entropy source...[0m
[0;32mI (58) boot: Partition Table:[0m
[0;32mI (62) boot: ## Label            Usage          Type ST Offset   Length[0m
[0;32mI (69) boot:  0 nvs              WiFi data        01 02 00009000 00004000[0m
[0;32mI (77) boot:  1 otadata          OTA data         01 00 0000d000 00002000[0m
[0;32mI (84) boot:  2 phy_init         RF data          01 01 0000f000 00001000[0m
[0;32mI (92) boot:  3 ota_0            OTA app          00 10 00010000 001e0000[0m
[0;32mI (99) boot:  4 ota_1            OTA app          00 11 001f0000 001e0000[0m
[0;32mI (107) boot:  5 coredump         Unknown data     01 03 003d0000 00010000[0m
[0;32mI (114) boot:  6 reserved         Unknown data     01 fe 003e0000 00020000[0m
[0;32mI (122) boot: End of partition table[0m
[0;32mI (126) esp_image: segment 0: paddr=00010020 vaddr=3f400020 size=2d87ch (186492) map[0m
[0;32mI (187) esp_image: segment 1: paddr=0003d8a4 vaddr=3ffbdb60 size=02774h ( 10100) load[0m
[0;32mI (191) esp_image: segment 2: paddr=00040020 vaddr=400d0020 size=c1e78h (794232) map[0m
[0;32mI (418) esp_image: segment 3: paddr=00101ea0 vaddr=3ffc02d4 size=037f4h ( 14324) load[0m
[0;32mI (422) esp_image: segment 4: paddr=0010569c vaddr=40080000 size=1c930h (117040) load[0m
[0;32mI (477) boot: Loaded app from partition at offset 0x10000[0m
[0;32mI (477) boot: Disabling RNG early entropy source...[0m
[0;32mI (489) quad_psram: This chip is ESP32-D0WD[0m
[0;32mI (489) esp_psram: Found 8MB PSRAM device[0m
[0;32mI (489) esp_psram: Speed: 40MHz[0m
[0;32mI (493) esp_psram: PSRAM initialized, cache is in normal (1-core) mode.[0m
[0;33mW (500) esp_psram: Virtual address not enough for PSRAM, map as much as we can. 4MB is mapped[0m
[0;32mI (509) cpu_start: Unicore app[0m
[0;32mI (513) cpu_start: Single core mode[0m
[0;32mI (1440) esp_psram: SPI SRAM memory test OK[0m
[0;32mI (1448) cpu_start: Pro cpu start user code[0m
[0;32mI (1448) cpu_start: cpu freq: 240000000 Hz[0m
[0;32mI (1448) app_init: Application information:[0m
[0;32mI (1451) app_init: Project name:     mesh_local_control[0m
[0;32mI (1457) app_init: App version:      7ead5ea1-dirty[0m
[0;32mI (1463) app_init: Compile time:     Aug 24 2024 16:50:11[0m
[0;32mI (1469) app_init: ELF file SHA256:  fb97bc57e...[0m
[0;32mI (1474) app_init: ESP-IDF:          v5.3-dirty[0m
[0;32mI (1480) efuse_init: Min chip rev:     v0.0[0m
[0;32mI (1484) efuse_init: Max chip rev:     v3.99 [0m
[0;32mI (1489) efuse_init: Chip rev:         v3.1[0m
[0;32mI (1495) heap_init: Initializing. RAM available for dynamic allocation:[0m
[0;32mI (1502) heap_init: At 3FFAE6E0 len 0000F480 (61 KiB): DRAM[0m
[0;32mI (1508) heap_init: At 3FFC88B8 len 00017748 (93 KiB): DRAM[0m
[0;32mI (1514) heap_init: At 3FFE0440 len 0001FBC0 (126 KiB): D/IRAM[0m
[0;32mI (1521) heap_init: At 40078000 len 00008000 (32 KiB): IRAM[0m
[0;32mI (1527) heap_init: At 4009C930 len 000036D0 (13 KiB): IRAM[0m
[0;32mI (1533) heap_init: At 3FF80000 len 00002000 (8 KiB): RTCRAM[0m
[0;32mI (1540) esp_psram: Adding pool of 4096K of PSRAM memory to heap allocator[0m
[0;32mI (1548) spi_flash: detected chip: generic[0m
[0;32mI (1552) spi_flash: flash io: dio[0m
[0;33mW (1556) i2c: This driver is an old driver, please migrate your application code to adapt `driver/i2c_master.h`[0m
[0;32mI (1567) coexist: coex firmware version: dab85ae96[0m
[0;32mI (1572) main_task: Started on CPU0[0m
[0;32mI (1575) esp_psram: Reserving pool of 32K of internal memory for DMA/internal allocations[0m
[0;32mI (1584) main_task: Calling app_main()[0m
[0;32mI (1603) bridge_common: esp-iot-bridge version: 0.11.8[0m
I (1605) wifi:wifi driver task: 3ffbd654, prio:23, stack:6656, core=0
I (1607) wifi:wifi firmware version: 0caa81945
I (1609) wifi:wifi certification version: v7.0
I (1613) wifi:config NVS flash: enabled
I (1617) wifi:config nano formating: disabled
I (1621) wifi:Init data frame dynamic rx buffer num: 32
I (1626) wifi:Init static rx mgmt buffer num: 5
I (1630) wifi:Init management short buffer num: 32
I (1635) wifi:Init static tx buffer num: 16
I (1639) wifi:Init tx cache buffer num: 32
I (1642) wifi:Init static rx buffer size: 1600
I (1646) wifi:Init static rx buffer num: 10
I (1650) wifi:Init dynamic rx buffer num: 32
[0;32mI (1655) wifi_init: accept mbox: 6[0m
[0;32mI (1658) wifi_init: tcpip mbox: 32[0m
[0;32mI (1662) wifi_init: udp mbox: 6[0m
[0;32mI (1666) wifi_init: tcp mbox: 6[0m
[0;32mI (1670) wifi_init: tcp tx win: 5760[0m
[0;32mI (1674) wifi_init: tcp rx win: 5760[0m
[0;32mI (1678) wifi_init: tcp mss: 1440[0m
[0;32mI (1682) wifi_init: WiFi IRAM OP enabled[0m
[0;32mI (1687) wifi_init: WiFi RX IRAM OP enabled[0m
[0;32mI (1692) phy_init: phy_version 4830,54550f7,Jun 20 2024,14:22:08[0m
I (1753) wifi:mode : null
I (1755) wifi:mode : softAP (08:a6:f7:11:51:a9)
I (1756) wifi:Total power save buffer number: 8
I (1756) wifi:Init max length of beacon: 752/752
I (1758) wifi:Init max length of beacon: 752/752
[0;32mI (1764) esp_netif_lwip: DHCP server started on interface WIFI_AP_DEF with IP: 192.168.4.1[0m
Add netif ap with 7ead5ea1(commit id)
[0;32mI (1774) bridge_common: netif list add success[0m
[0;32mI (1780) bridge_common: [WIFI_AP_DEF ][0m
[0;32mI (1785) bridge_common: Set ip info:192.168.5.1[0m
[0;32mI (1789) bridge_wifi: SoftAP IP network segment has changed, deauth all station[0m
I (1798) wifi:Disabled PMF config for SoftAP
I (1802) wifi:Total power save buffer number: 8
[0;32mI (1807) esp_netif_lwip: DHCP server started on interface WIFI_AP_DEF with IP: 192.168.5.1[0m
[0;32mI (1814) bridge_common: [WIFI_AP_DEF ]Name Server1: 114.114.114.114[0m
[0;32mI (1821) bridge_common: DHCPS Restart, deauth all station[0m
Add netif sta with 7ead5ea1(commit id)
[0;32mI (1831) bridge_common: netif list add success[0m
I (1836) wifi:mode : sta (08:a6:f7:11:51:a8) + softAP (08:a6:f7:11:51:a9)
I (1843) wifi:enable tsf
[0;31mE (1846) NVS: Failed to read IP info from NVS[0m
I (1850) wifi:Disabled PMF config for STA
[0;32mI (1853) bridge_wifi: [esp_bridge_wifi_set_config] sta ssid: Tran Con Dev password: password[0m
[0;32mI (1863) bridge_wifi: [esp_bridge_wifi_set_config] softap ssid: ESP_Bridge_1151a9 password: 12345678[0m
I (2044) wifi:Total power save buffer number: 8
[0;32mI (2046) esp_netif_lwip: DHCP server started on interface WIFI_AP_DEF with IP: 192.168.5.1[0m
[0;32mI (2047) bridge_wifi: SoftAP config changed, deauth all station[0m
[0;32mI (2053) Mesh-Lite: esp-mesh-lite component version: 1.0.0[0m
I (2059) ESPNOW: espnow [version: 1.0] init
[0;32mI (2063) [vendor_ie]: Mesh-Lite commit id: bc9302d
 [0m
[0;32mI (2069) [vendor_ie]: Mesh ID: 77 [0m
[0;32mI (2075) [ESP_Mesh_Lite_Comm]: msg action add success [0m
[0;32mI (2080) [ESP_Mesh_Lite_Comm]: Bind Socket 54, port 6364 [0m
[0;32mI (2085) [ESP_Mesh_Lite_Comm]: Bind Socket 55, port 6363 [0m
[0;32mI (2091) [ESP_Mesh_Lite_Comm]: Bind Socket 56, port 6366 [0m
[0;32mI (2097) [ESP_Mesh_Lite_Comm]: Bind Socket 57, port 6365 [0m
[0;32mI (2104) [mesh-lite-espnow]: Start espnow task [0m
[0;33mW (2109) [vendor_ie]: [Unexpected restart]: the rtc data: temp_mesh_id:3, level:1, ssid:Tran Con Dev, bssid 00:00:00:00:00:00 [0m
[0;33mW (2120) [vendor_ie]: Try to connect the original parent node [0m
[0;32mI (2129) [vendor_ie]: esp_mesh_lite_wifi_connect return ESP_OK [0m
[0;32mI (2134) gpio: GPIO[25]| InputEn: 1| OutputEn: 0| OpenDrain: 0| Pullup: 1| Pulldown: 0| Intr:2 [0m
[0;32mI (2143) cam_hal: cam init ok[0m
[0;32mI (2147) sccb: pin_sda 26 pin_scl 27[0m
[0;32mI (2151) sccb: sccb_i2c_port=1[0m
[0;32mI (2155) gpio: GPIO[32]| InputEn: 0| OutputEn: 1| OpenDrain: 0| Pullup: 0| Pulldown: 0| Intr:0 [0m
[0;32mI (2194) camera: Detected camera at address=0x30[0m
[0;32mI (2197) camera: Detected OV2640 camera[0m
[0;32mI (2197) camera: Camera PID=0x26 VER=0x42 MIDL=0x7f MIDH=0xa2[0m
[0;32mI (2281) cam_hal: buffer_size: 32768, half_buffer_size: 4096, node_buffer_size: 2048, node_cnt: 16, total_cnt: 5[0m
[0;32mI (2282) cam_hal: Allocating 23680 Byte frame buffer in PSRAM[0m
[0;32mI (2288) cam_hal: cam config ok[0m
[0;32mI (2291) ov2640: Set PLL: clk_2x: 0, clk_div: 0, pclk_auto: 0, pclk_div: 8[0m
[0;32mI (2383) main_task: Returned from app_main()[0m
I (2757) wifi:ap channel adjust o:1,1 n:4,1
I (2758) wifi:new:<4,0>, old:<1,1>, ap:<4,1>, sta:<4,0>, prof:1, snd_ch_cfg:0x0
I (2759) wifi:state: init -> auth (0xb0)
I (2765) wifi:state: auth -> assoc (0x0)
I (2771) wifi:state: assoc -> run (0x10)
I (2810) wifi:connected with Tran Con Dev, aid = 2, channel 4, BW20, bssid = e4:ca:12:bd:52:70
I (2810) wifi:security: WPA2-PSK, phy: bgn, rssi: -67
I (2812) wifi:pm start, type: 1

I (2815) wifi:dp: 1, bi: 102400, li: 3, scale listen interval from 307200 us to 307200 us
I (2850) wifi:AP's beacon interval = 102400 us, DTIM period = 1
[0;32mI (4935) bridge_common: [WIFI_AP_DEF ]Name Server1: 203.113.131.2[0m
[0;32mI (5826) esp_netif_handlers: sta ip: 192.168.1.3, mask: 255.255.255.0, gw: 192.168.1.1[0m
[0;32mI (5827) bridge_wifi: Connected with IP Address:192.168.1.3[0m
[0;32mI (5831) [vendor_ie]: RTC store: temp_mesh_id:3; ssid:Tran Con Dev; bssid:00:00:00:00:00:00; crc:1157934743 [0m
[0;32mI (5844) esp32cam_security_gate: TCP client write task is running[0m
[0;31mE (7384) esp-tls: [sock=58] select() timeout[0m
[0;31mE (7385) transport_base: Failed to open a new connection: 32774[0m
[0;31mE (7385) transport_ws: Error connecting to host 192.168.1.88:3000[0m
[0;31mE (7392) websocket_client: esp_transport_connect() failed with -1, transport_error=ESP_ERR_ESP_TLS_CONNECTION_TIMEOUT, tls_error_code=0, tls_flags=0, esp_ws_handshake_status_code=0, errno=119[0m
[0;31mE (7409) websocket_client: WebSocket client error[0m
[0;32mI (7414) websocket_client: Reconnect after 300 ms[0m
[0;32mI (7420) websocket_client: WebSocket client connected[0m
[0;31mE (7425) websocket_client: Websocket client is not connected[0m
[0;33mW (7432) websocket_client: Waiting for WebSocket connection to resume sending image...[0m
[0;33mW (7443) cam_hal: NO-SOI[0m
[0;32mI (7776) websocket_client: WebSocket client connected[0m
[0;32mI (7795) websocket_client: Image sent to WebSocket: 8436 bytes (0.2fps)[0m
Guru Meditation Error: Core  0 panic'ed (LoadProhibited). Exception was unhandled.

Core  0 register dump:
PC      : 0x40090c82  PS      : 0x00060230  A0      : 0x800e2c7c  A1      : 0x3fff2990  
A2      : 0x005f7591  A3      : 0x00000032  A4      : 0x3f406a68  A5      : 0x00001e73  
A6      : 0x3f406b54  A7      : 0x000020f4  A8      : 0x3ffc3c94  A9      : 0x3fff2970  
A10     : 0x0000184f  A11     : 0x3f406b54  A12     : 0x3f406a68  A13     : 0x3fff2990  
A14     : 0x3fff2970  A15     : 0x0000000c  SAR     : 0x00000010  EXCCAUSE: 0x0000001c  
EXCVADDR: 0x005f7591  LBEG    : 0x4008b062  LEND    : 0x4008b06d  LCOUNT  : 0x00000000  


Backtrace: 0x40090c7f:0x3fff2990 0x400e2c79:0x3fff29b0 0x4008f23d:0x3fff29f0




ELF file SHA256: fb97bc57e

Rebooting...
ets Jul 29 2019 12:21:46

rst:0xc (SW_CPU_RESET),boot:0x13 (SPI_FAST_FLASH_BOOT)
configsip: 0, SPIWP:0xee
clk_drv:0x00,q_drv:0x00,d_drv:0x00,cs0_drv:0x00,hd_drv:0x00,wp_drv:0x00
mode:DIO, clock div:1
load:0x3fff0030,len:7168
load:0x40078000,len:15464
load:0x40080400,len:4
ho 8 tail 4 room 4
load:0x40080404,len:3684
entry 0x40080614
[0;32mI (31) boot: ESP-IDF v5.3-dirty 2nd stage bootloader[0m
[0;32mI (31) boot: compile time Aug 24 2024 16:50:16[0m
[0;33mW (31) boot: Unicore bootloader[0m
[0;32mI (35) boot: chip revision: v3.1[0m
[0;32mI (39) boot.esp32: SPI Speed      : 80MHz[0m
[0;32mI (44) boot.esp32: SPI Mode       : DIO[0m
[0;32mI (48) boot.esp32: SPI Flash Size : 4MB[0m
[0;32mI (53) boot: Enabling RNG early entropy source...[0m
[0;32mI (58) boot: Partition Table:[0m
[0;32mI (62) boot: ## Label            Usage          Type ST Offset   Length[0m
[0;32mI (69) boot:  0 nvs              WiFi data        01 02 00009000 00004000[0m
[0;32mI (77) boot:  1 otadata          OTA data         01 00 0000d000 00002000[0m
[0;32mI (84) boot:  2 phy_init         RF data          01 01 0000f000 00001000[0m
[0;32mI (92) boot:  3 ota_0            OTA app          00 10 00010000 001e0000[0m
[0;32mI (99) boot:  4 ota_1            OTA app          00 11 001f0000 001e0000[0m
[0;32mI (107) boot:  5 coredump         Unknown data     01 03 003d0000 00010000[0m
[0;32mI (114) boot:  6 reserved         Unknown data     01 fe 003e0000 00020000[0m
[0;32mI (122) boot: End of partition table[0m
[0;32mI (126) esp_image: segment 0: paddr=00010020 vaddr=3f400020 size=2d87ch (186492) map[0m
[0;32mI (187) esp_image: segment 1: paddr=0003d8a4 vaddr=3ffbdb60 size=02774h ( 10100) load[0m
[0;32mI (191) esp_image: segment 2: paddr=00040020 vaddr=400d0020 size=c1e78h (794232) map[0m
[0;32mI (418) esp_image: segment 3: paddr=00101ea0 vaddr=3ffc02d4 size=037f4h ( 14324) load[0m
[0;32mI (422) esp_image: segment 4: paddr=0010569c vaddr=40080000 size=1c930h (117040) load[0m
[0;32mI (477) boot: Loaded app from partition at offset 0x10000[0m
[0;32mI (477) boot: Disabling RNG early entropy source...[0m
[0;32mI (489) quad_psram: This chip is ESP32-D0WD[0m
[0;32mI (489) esp_psram: Found 8MB PSRAM device[0m
[0;32mI (489) esp_psram: Speed: 40MHz[0m
[0;32mI (493) esp_psram: PSRAM initialized, cache is in normal (1-core) mode.[0m
[0;33mW (500) esp_psram: Virtual address not enough for PSRAM, map as much as we can. 4MB is mapped[0m
[0;32mI (509) cpu_start: Unicore app[0m
[0;32mI (513) cpu_start: Single core mode[0m
[0;32mI (1440) esp_psram: SPI SRAM memory test OK[0m
[0;32mI (1448) cpu_start: Pro cpu start user code[0m
[0;32mI (1448) cpu_start: cpu freq: 240000000 Hz[0m
[0;32mI (1448) app_init: Application information:[0m
[0;32mI (1451) app_init: Project name:     mesh_local_control[0m
[0;32mI (1457) app_init: App version:      7ead5ea1-dirty[0m
[0;32mI (1463) app_init: Compile time:     Aug 24 2024 16:50:11[0m
[0;32mI (1469) app_init: ELF file SHA256:  fb97bc57e...[0m
[0;32mI (1474) app_init: ESP-IDF:          v5.3-dirty[0m
[0;32mI (1480) efuse_init: Min chip rev:     v0.0[0m
[0;32mI (1484) efuse_init: Max chip rev:     v3.99 [0m
[0;32mI (1489) efuse_init: Chip rev:         v3.1[0m
[0;32mI (1495) heap_init: Initializing. RAM available for dynamic allocation:[0m
[0;32mI (1502) heap_init: At 3FFAE6E0 len 0000F480 (61 KiB): DRAM[0m
[0;32mI (1508) heap_init: At 3FFC88B8 len 00017748 (93 KiB): DRAM[0m
[0;32mI (1514) heap_init: At 3FFE0440 len 0001FBC0 (126 KiB): D/IRAM[0m
[0;32mI (1521) heap_init: At 40078000 len 00008000 (32 KiB): IRAM[0m
[0;32mI (1527) heap_init: At 4009C930 len 000036D0 (13 KiB): IRAM[0m
[0;32mI (1533) heap_init: At 3FF80000 len 00002000 (8 KiB): RTCRAM[0m
[0;32mI (1540) esp_psram: Adding pool of 4096K of PSRAM memory to heap allocator[0m
[0;32mI (1548) spi_flash: detected chip: generic[0m
[0;32mI (1552) spi_flash: flash io: dio[0m
[0;33mW (1556) i2c: This driver is an old driver, please migrate your application code to adapt `driver/i2c_master.h`[0m
[0;32mI (1567) coexist: coex firmware version: dab85ae96[0m
[0;32mI (1572) main_task: Started on CPU0[0m
[0;32mI (1575) esp_psram: Reserving pool of 32K of internal memory for DMA/internal allocations[0m
[0;32mI (1584) main_task: Calling app_main()[0m
[0;32mI (1603) bridge_common: esp-iot-bridge version: 0.11.8[0m
I (1605) wifi:wifi driver task: 3ffbd654, prio:23, stack:6656, core=0
I (1607) wifi:wifi firmware version: 0caa81945
I (1609) wifi:wifi certification version: v7.0
I (1613) wifi:config NVS flash: enabled
I (1617) wifi:config nano formating: disabled
I (1621) wifi:Init data frame dynamic rx buffer num: 32
I (1626) wifi:Init static rx mgmt buffer num: 5
I (1630) wifi:Init management short buffer num: 32
I (1635) wifi:Init static tx buffer num: 16
I (1639) wifi:Init tx cache buffer num: 32
I (1642) wifi:Init static rx buffer size: 1600
I (1646) wifi:Init static rx buffer num: 10
I (1650) wifi:Init dynamic rx buffer num: 32
[0;32mI (1655) wifi_init: accept mbox: 6[0m
[0;32mI (1658) wifi_init: tcpip mbox: 32[0m
[0;32mI (1662) wifi_init: udp mbox: 6[0m
[0;32mI (1666) wifi_init: tcp mbox: 6[0m
[0;32mI (1670) wifi_init: tcp tx win: 5760[0m
[0;32mI (1674) wifi_init: tcp rx win: 5760[0m
[0;32mI (1678) wifi_init: tcp mss: 1440[0m
[0;32mI (1682) wifi_init: WiFi IRAM OP enabled[0m
[0;32mI (1687) wifi_init: WiFi RX IRAM OP enabled[0m
[0;32mI (1692) phy_init: phy_version 4830,54550f7,Jun 20 2024,14:22:08[0m
I (1753) wifi:mode : null
I (1755) wifi:mode : softAP (08:a6:f7:11:51:a9)
I (1756) wifi:Total power save buffer number: 8
I (1756) wifi:Init max length of beacon: 752/752
I (1758) wifi:Init max length of beacon: 752/752
[0;32mI (1763) esp_netif_lwip: DHCP server started on interface WIFI_AP_DEF with IP: 192.168.4.1[0m
Add netif ap with 7ead5ea1(commit id)
[0;32mI (1774) bridge_common: netif list add success[0m
[0;32mI (1780) bridge_common: [WIFI_AP_DEF ][0m
[0;32mI (1784) bridge_common: Set ip info:192.168.5.1[0m
[0;32mI (1789) bridge_wifi: SoftAP IP network segment has changed, deauth all station[0m
I (1798) wifi:Disabled PMF config for SoftAP
I (1801) wifi:Total power save buffer number: 8
[0;32mI (1807) esp_netif_lwip: DHCP server started on interface WIFI_AP_DEF with IP: 192.168.5.1[0m
[0;32mI (1814) bridge_common: [WIFI_AP_DEF ]Name Server1: 114.114.114.114[0m
[0;32mI (1821) bridge_common: DHCPS Restart, deauth all station[0m
Add netif sta with 7ead5ea1(commit id)
[0;32mI (1831) bridge_common: netif list add success[0m
I (1836) wifi:mode : sta (08:a6:f7:11:51:a8) + softAP (08:a6:f7:11:51:a9)
I (1842) wifi:enable tsf
[0;31mE (1846) NVS: Failed to read IP info from NVS[0m
I (1850) wifi:Disabled PMF config for STA
[0;32mI (1853) bridge_wifi: [esp_bridge_wifi_set_config] sta ssid: Tran Con Dev password: password[0m
[0;32mI (1863) bridge_wifi: [esp_bridge_wifi_set_config] softap ssid: ESP_Bridge_1151a9 password: 12345678[0m
I (2044) wifi:Total power save buffer number: 8
[0;32mI (2046) esp_netif_lwip: DHCP server started on interface WIFI_AP_DEF with IP: 192.168.5.1[0m
[0;32mI (2047) bridge_wifi: SoftAP config changed, deauth all station[0m
[0;32mI (2053) Mesh-Lite: esp-mesh-lite component version: 1.0.0[0m
I (2059) ESPNOW: espnow [version: 1.0] init
[0;32mI (2063) [vendor_ie]: Mesh-Lite commit id: bc9302d
 [0m
[0;32mI (2069) [vendor_ie]: Mesh ID: 77 [0m
[0;32mI (2074) [ESP_Mesh_Lite_Comm]: msg action add success [0m
[0;32mI (2080) [ESP_Mesh_Lite_Comm]: Bind Socket 54, port 6364 [0m
[0;32mI (2085) [ESP_Mesh_Lite_Comm]: Bind Socket 55, port 6363 [0m
[0;32mI (2091) [ESP_Mesh_Lite_Comm]: Bind Socket 56, port 6366 [0m
[0;32mI (2097) [ESP_Mesh_Lite_Comm]: Bind Socket 57, port 6365 [0m
[0;32mI (2103) [mesh-lite-espnow]: Start espnow task [0m
[0;33mW (2109) [vendor_ie]: [Unexpected restart]: the rtc data: temp_mesh_id:3, level:1, ssid:Tran Con Dev, bssid 00:00:00:00:00:00 [0m
[0;33mW (2120) [vendor_ie]: Try to connect the original parent node [0m
[0;32mI (2129) [vendor_ie]: esp_mesh_lite_wifi_connect return ESP_OK [0m
[0;32mI (2133) gpio: GPIO[25]| InputEn: 1| OutputEn: 0| OpenDrain: 0| Pullup: 1| Pulldown: 0| Intr:2 [0m
[0;32mI (2143) cam_hal: cam init ok[0m
[0;32mI (2147) sccb: pin_sda 26 pin_scl 27[0m
[0;32mI (2150) sccb: sccb_i2c_port=1[0m
[0;32mI (2155) gpio: GPIO[32]| InputEn: 0| OutputEn: 1| OpenDrain: 0| Pullup: 0| Pulldown: 0| Intr:0 [0m
[0;32mI (2194) camera: Detected camera at address=0x30[0m
[0;32mI (2197) camera: Detected OV2640 camera[0m
[0;32mI (2197) camera: Camera PID=0x26 VER=0x42 MIDL=0x7f MIDH=0xa2[0m
[0;32mI (2281) cam_hal: buffer_size: 32768, half_buffer_size: 4096, node_buffer_size: 2048, node_cnt: 16, total_cnt: 5[0m
[0;32mI (2282) cam_hal: Allocating 23680 Byte frame buffer in PSRAM[0m
[0;32mI (2288) cam_hal: cam config ok[0m
[0;32mI (2292) ov2640: Set PLL: clk_2x: 0, clk_div: 0, pclk_auto: 0, pclk_div: 8[0m
[0;32mI (2383) main_task: Returned from app_main()[0m
I (2757) wifi:ap channel adjust o:1,1 n:4,1
I (2758) wifi:new:<4,0>, old:<1,1>, ap:<4,1>, sta:<4,0>, prof:1, snd_ch_cfg:0x0
I (2758) wifi:state: init -> auth (0xb0)
I (2765) wifi:state: auth -> assoc (0x0)
I (2770) wifi:state: assoc -> run (0x10)
I (2811) wifi:connected with Tran Con Dev, aid = 2, channel 4, BW20, bssid = e4:ca:12:bd:52:70
I (2812) wifi:security: WPA2-PSK, phy: bgn, rssi: -64
I (2814) wifi:pm start, type: 1

I (2817) wifi:dp: 1, bi: 102400, li: 3, scale listen interval from 307200 us to 307200 us
I (2863) wifi:AP's beacon interval = 102400 us, DTIM period = 1
