ets Jul 29 2019 12:21:46

rst:0x1 (POWERON_RESET),boot:0x13 (SPI_FAST_FLASH_BOOT)
configsip: 0, SPIWP:0xee
clk_drv:0x00,q_drv:0x00,d_drv:0x00,cs0_drv:0x00,hd_drv:0x00,wp_drv:0x00
mode:DIO, clock div:2
load:0x3fff0030,len:7168
load:0x40078000,len:15452
load:0x40080400,len:4
load:0x40080404,len:3684
entry 0x40080614
[0;32mI (29) boot: ESP-IDF v5.3-dirty 2nd stage bootloader[0m
[0;32mI (29) boot: compile time Aug 17 2024 00:42:55[0m
[0;33mW (30) boot: Unicore bootloader[0m
[0;32mI (34) boot: chip revision: v3.1[0m
[0;32mI (38) boot.esp32: SPI Speed      : 40MHz[0m
[0;32mI (42) boot.esp32: SPI Mode       : DIO[0m
[0;32mI (47) boot.esp32: SPI Flash Size : 4MB[0m
[0;32mI (51) boot: Enabling RNG early entropy source...[0m
[0;32mI (57) boot: Partition Table:[0m
[0;32mI (60) boot: ## Label            Usage          Type ST Offset   Length[0m
[0;32mI (68) boot:  0 nvs              WiFi data        01 02 00009000 00004000[0m
[0;32mI (75) boot:  1 otadata          OTA data         01 00 0000d000 00002000[0m
[0;32mI (82) boot:  2 phy_init         RF data          01 01 0000f000 00001000[0m
[0;32mI (90) boot:  3 ota_0            OTA app          00 10 00010000 001e0000[0m
[0;32mI (97) boot:  4 ota_1            OTA app          00 11 001f0000 001e0000[0m
[0;32mI (105) boot:  5 coredump         Unknown data     01 03 003d0000 00010000[0m
[0;32mI (112) boot:  6 reserved         Unknown data     01 fe 003e0000 00020000[0m
[0;32mI (120) boot: End of partition table[0m
[0;32mI (124) boot: No factory image, trying OTA 0[0m
[0;32mI (129) esp_image: segment 0: paddr=00010020 vaddr=3f400020 size=30b9ch (199580) map[0m
[0;32mI (206) esp_image: segment 1: paddr=00040bc4 vaddr=3ffbdb60 size=0608ch ( 24716) load[0m
[0;32mI (216) esp_image: segment 2: paddr=00046c58 vaddr=40080000 size=093c0h ( 37824) load[0m
[0;32mI (231) esp_image: segment 3: paddr=00050020 vaddr=400d0020 size=cae34h (831028) map[0m
[0;32mI (516) esp_image: segment 4: paddr=0011ae5c vaddr=400893c0 size=14df0h ( 85488) load[0m
[0;32mI (565) boot: Loaded app from partition at offset 0x10000[0m
[0;32mI (570) boot: Set actual ota_seq=1 in otadata[0][0m
[0;32mI (570) boot: Disabling RNG early entropy source...[0m
[0;32mI (582) quad_psram: This chip is ESP32-D0WD[0m
[0;32mI (582) esp_psram: Found 8MB PSRAM device[0m
[0;32mI (583) esp_psram: Speed: 40MHz[0m
[0;32mI (586) esp_psram: PSRAM initialized, cache is in normal (1-core) mode.[0m
[0;33mW (593) esp_psram: Virtual address not enough for PSRAM, map as much as we can. 4MB is mapped[0m
[0;32mI (602) cpu_start: Unicore app[0m
[0;32mI (606) cpu_start: Single core mode[0m
[0;32mI (1536) esp_psram: SPI SRAM memory test OK[0m
[0;32mI (1544) cpu_start: Pro cpu start user code[0m
[0;32mI (1544) cpu_start: cpu freq: 240000000 Hz[0m
[0;32mI (1544) app_init: Application information:[0m
[0;32mI (1547) app_init: Project name:     mesh_local_control[0m
[0;32mI (1553) app_init: App version:      9d6a0ee-dirty[0m
[0;32mI (1558) app_init: Compile time:     Aug 17 2024 13:23:53[0m
[0;32mI (1565) app_init: ELF file SHA256:  382bf7e1d...[0m
[0;32mI (1570) app_init: ESP-IDF:          v5.3-dirty[0m
[0;32mI (1575) efuse_init: Min chip rev:     v0.0[0m
[0;32mI (1580) efuse_init: Max chip rev:     v3.99 [0m
[0;32mI (1585) efuse_init: Chip rev:         v3.1[0m
[0;32mI (1590) heap_init: Initializing. RAM available for dynamic allocation:[0m
[0;32mI (1597) heap_init: At 3FFAE6E0 len 0000F480 (61 KiB): DRAM[0m
[0;32mI (1603) heap_init: At 3FFC8A10 len 000175F0 (93 KiB): DRAM[0m
[0;32mI (1610) heap_init: At 3FFE0440 len 0001FBC0 (126 KiB): D/IRAM[0m
[0;32mI (1616) heap_init: At 40078000 len 00008000 (32 KiB): IRAM[0m
[0;32mI (1622) heap_init: At 4009E1B0 len 00001E50 (7 KiB): IRAM[0m
[0;32mI (1629) heap_init: At 3FF80000 len 00002000 (8 KiB): RTCRAM[0m
[0;32mI (1635) esp_psram: Adding pool of 4096K of PSRAM memory to heap allocator[0m
[0;32mI (1644) spi_flash: detected chip: generic[0m
[0;32mI (1647) spi_flash: flash io: dio[0m
[0;33mW (1651) i2c: This driver is an old driver, please migrate your application code to adapt `driver/i2c_master.h`[0m
[0;32mI (1663) coexist: coex firmware version: dab85ae96[0m
[0;32mI (1668) main_task: Started on CPU0[0m
[0;32mI (1671) esp_psram: Reserving pool of 32K of internal memory for DMA/internal allocations[0m
[0;32mI (1680) main_task: Calling app_main()[0m
[0;32mI (1699) bridge_common: esp-iot-bridge version: 0.11.8[0m
I (1703) wifi:wifi driver task: 3ffbd5e0, prio:23, stack:6656, core=0
I (1706) wifi:wifi firmware version: 0caa81945
I (1707) wifi:wifi certification version: v7.0
I (1709) wifi:config NVS flash: enabled
I (1713) wifi:config nano formating: disabled
I (1717) wifi:Init data frame dynamic rx buffer num: 32
I (1722) wifi:Init static rx mgmt buffer num: 5
I (1726) wifi:Init management short buffer num: 32
I (1731) wifi:Init static tx buffer num: 16
I (1735) wifi:Init tx cache buffer num: 32
I (1738) wifi:Init static rx buffer size: 1600
I (1742) wifi:Init static rx buffer num: 10
I (1746) wifi:Init dynamic rx buffer num: 32
[0;32mI (1751) wifi_init: accept mbox: 6[0m
[0;32mI (1754) wifi_init: tcpip mbox: 32[0m
[0;32mI (1758) wifi_init: udp mbox: 6[0m
[0;32mI (1762) wifi_init: tcp mbox: 6[0m
[0;32mI (1766) wifi_init: tcp tx win: 5760[0m
[0;32mI (1770) wifi_init: tcp rx win: 5760[0m
[0;32mI (1775) wifi_init: tcp mss: 1440[0m
[0;32mI (1779) wifi_init: WiFi IRAM OP enabled[0m
[0;32mI (1783) wifi_init: WiFi RX IRAM OP enabled[0m
[0;32mI (1789) phy_init: phy_version 4830,54550f7,Jun 20 2024,14:22:08[0m
[0;33mW (1795) phy_init: failed to load RF calibration data (0x1102), falling back to full calibration[0m
[0;33mW (1857) phy_init: saving new calibration data because of checksum failure, mode(2)[0m
I (1869) wifi:mode : null
I (1872) wifi:mode : softAP (08:a6:f7:11:51:a9)
I (1873) wifi:Total power save buffer number: 8
I (1874) wifi:Init max length of beacon: 752/752
I (1876) wifi:Init max length of beacon: 752/752
[0;32mI (1883) esp_netif_lwip: DHCP server started on interface WIFI_AP_DEF with IP: 192.168.4.1[0m
Add netif ap with 9d6a0ee(commit id)
[0;32mI (1892) bridge_common: netif list add success[0m
[0;31mE (1898) NVS: Failed to open NVS namespace[0m
[0;32mI (1902) bridge_common: IP Address:192.168.5.1[0m
[0;32mI (1907) bridge_common: GW Address:192.168.5.1[0m
[0;32mI (1912) bridge_common: NM Address:255.255.255.0[0m
[0;32mI (1918) bridge_common: [WIFI_AP_DEF ][0m
[0;32mI (1923) bridge_common: Set ip info:192.168.5.1[0m
[0;32mI (1928) bridge_wifi: SoftAP IP network segment has changed, deauth all station[0m
I (1939) wifi:Disabled PMF config for SoftAP
I (1941) wifi:Total power save buffer number: 8
[0;32mI (1947) esp_netif_lwip: DHCP server started on interface WIFI_AP_DEF with IP: 192.168.5.1[0m
[0;32mI (1953) bridge_common: [WIFI_AP_DEF ]Name Server1: 114.114.114.114[0m
[0;32mI (1960) bridge_common: DHCPS Restart, deauth all station[0m
Add netif sta with 9d6a0ee(commit id)
[0;32mI (1969) bridge_common: netif list add success[0m
I (1975) wifi:mode : sta (08:a6:f7:11:51:a8) + softAP (08:a6:f7:11:51:a9)
I (1981) wifi:enable tsf
[0;31mE (1985) NVS: Failed to read IP info from NVS[0m
I (1988) wifi:Disabled PMF config for STA
[0;32mI (1992) bridge_wifi: [esp_bridge_wifi_set_config] sta ssid: TP-Link M7350 password: password[0m
[0;32mI (2002) bridge_wifi: [esp_bridge_wifi_set_config] softap ssid: ESP_Bridge_1151a9 password: 12345678[0m
I (2184) wifi:Total power save buffer number: 8
[0;32mI (2189) esp_netif_lwip: DHCP server started on interface WIFI_AP_DEF with IP: 192.168.5.1[0m
[0;32mI (2190) bridge_wifi: SoftAP config changed, deauth all station[0m
[0;32mI (2194) Mesh-Lite: esp-mesh-lite component version: 1.0.0[0m
I (2200) ESPNOW: espnow [version: 1.0] init
[0;32mI (2204) [vendor_ie]: Mesh-Lite commit id: bc9302d
 [0m
[0;31mE (2211) [vendor_ie]: Error Get! [0m
[0;33mW (2214) [vendor_ie]: Mesh ID is not saved in flash [0m
[0;32mI (2220) [vendor_ie]: Mesh ID: 77 [0m
[0;33mW (2223) [vendor_ie]: Error Get[4354] [0m
[0;33mW (2228) [vendor_ie]: Error Get[4354] [0m
[0;32mI (2234) [ESP_Mesh_Lite_Comm]: msg action add success [0m
[0;32mI (2240) [ESP_Mesh_Lite_Comm]: Bind Socket 54, port 6364 [0m
[0;32mI (2244) [ESP_Mesh_Lite_Comm]: Bind Socket 55, port 6363 [0m
[0;32mI (2250) [ESP_Mesh_Lite_Comm]: Bind Socket 56, port 6366 [0m
[0;32mI (2256) [ESP_Mesh_Lite_Comm]: Bind Socket 57, port 6365 [0m
[0;32mI (2263) [mesh-lite-espnow]: Start espnow task [0m
[0;32mI (2270) Mesh-Lite: Mesh-Lite connecting[0m
[0;32mI (2275) [vendor_ie]: esp_mesh_lite_wifi_scan_start return ESP_OK [0m
[0;31mE (2282) rc522: Read/write test failed[0m
[0;32mI (2284) gpio: GPIO[15]| InputEn: 0| OutputEn: 0| OpenDrain: 0| Pullup: 1| Pulldown: 0| Intr:0 [0m
[0;32mI (2293) gpio: GPIO[25]| InputEn: 1| OutputEn: 0| OpenDrain: 0| Pullup: 1| Pulldown: 0| Intr:2 [0m
[0;32mI (2303) cam_hal: cam init ok[0m
[0;32mI (2306) sccb: pin_sda 26 pin_scl 27[0m
[0;32mI (2310) sccb: sccb_i2c_port=1[0m
[0;32mI (2315) gpio: GPIO[32]| InputEn: 0| OutputEn: 1| OpenDrain: 0| Pullup: 0| Pulldown: 0| Intr:0 [0m
[0;32mI (2353) camera: Detected camera at address=0x30[0m
[0;32mI (2356) camera: Detected OV2640 camera[0m
[0;32mI (2357) camera: Camera PID=0x26 VER=0x42 MIDL=0x7f MIDH=0xa2[0m
[0;32mI (2447) cam_hal: buffer_size: 32768, half_buffer_size: 4096, node_buffer_size: 2048, node_cnt: 16, total_cnt: 5[0m
[0;32mI (2447) cam_hal: Allocating 23680 Byte frame buffer in PSRAM[0m
[0;32mI (2454) cam_hal: cam config ok[0m
[0;32mI (2457) ov2640: Set PLL: clk_2x: 0, clk_div: 0, pclk_auto: 0, pclk_div: 8[0m
[0;33mW (2551) websocket_client: `reconnect_timeout_ms` is not set, or it is less than or equal to zero, using default time out 10000 (milliseconds)[0m
[0;33mW (2554) websocket_client: `network_timeout_ms` is not set, or it is less than or equal to zero, using default time out 10000 (milliseconds)[0m
[0;32mI (2574) main_task: Returned from app_main()[0m
[0;32mI (4121) [vendor_ie]: Mesh-Lite Scan done [0m
[0;32mI (4122) [vendor_ie]: RTC store: temp_mesh_id:255; ssid:TP-Link M7350; bssid:00:00:00:00:00:00; crc:3318033560 [0m
[0;32mI (4127) [vendor_ie]: wifi_cfg TP-Link M7350 router_config TP-Link M7350 [0m
[0;32mI (4135) [vendor_ie]: esp_mesh_lite_wifi_connect return ESP_OK [0m
I (5002) wifi:ap channel adjust o:1,1 n:5,1
I (5003) wifi:new:<5,1>, old:<1,1>, ap:<5,1>, sta:<5,1>, prof:1, snd_ch_cfg:0x0
I (5004) wifi:state: init -> auth (0xb0)
I (5013) wifi:state: auth -> assoc (0x0)
I (5025) wifi:state: assoc -> run (0x10)
I (5038) wifi:connected with TP-Link M7350, aid = 1, channel 5, 40U, bssid = 34:60:f9:e5:3d:01
I (5039) wifi:security: WPA2-PSK, phy: bgn, rssi: -72
I (5041) wifi:pm start, type: 1

I (5044) wifi:dp: 1, bi: 102400, li: 3, scale listen interval from 307200 us to 307200 us
[0;32mI (5081) bridge_common: [WIFI_AP_DEF ]Name Server1: 8.8.8.8[0m
I (5136) wifi:AP's beacon interval = 102400 us, DTIM period = 1
[0;32mI (6057) esp_netif_handlers: sta ip: 192.168.0.103, mask: 255.255.255.0, gw: 192.168.0.1[0m
[0;32mI (6057) bridge_wifi: Connected with IP Address:192.168.0.103[0m
[0;32mI (6062) [vendor_ie]: RTC store: temp_mesh_id:103; ssid:TP-Link M7350; bssid:00:00:00:00:00:00; crc:150850020 [0m
[0;31mE (6073) [ESP_Mesh_Lite_Comm]: Error Get! [0m
[0;33mW (6077) [ESP_Mesh_Lite_Comm]: argot is not saved in flash [0m
[0;32mI (6088) esp32cam_security_gate: TCP client write task is running[0m
I (6467) wifi:new:<5,0>, old:<5,1>, ap:<5,1>, sta:<5,0>, prof:1, snd_ch_cfg:0x0
[0;32mI (12293) esp32cam_security_gate: System information, channel: 5, layer: 1, self mac: 08:a6:f7:11:51:a8, parent bssid: 34:60:f9:e5:3d:01, parent rssi: -73, free heap: 4218708[0m
[0;31mE (12574) esp-tls: [sock=58] select() timeout[0m
[0;31mE (12575) transport_base: Failed to open a new connection: 32774[0m
[0;31mE (12575) transport_ws: Error connecting to host 192.168.26.35:3000[0m
[0;31mE (12583) websocket_client: esp_transport_connect() failed with -1, transport_error=ESP_ERR_ESP_TLS_CONNECTION_TIMEOUT, tls_error_code=0, tls_flags=0, esp_ws_handshake_status_code=0, errno=119[0m
[0;32mI (12600) websocket_client: Reconnect after 10000 ms[0m
[0;32mI (12606) websocket_client: WebSocket client connected[0m
[0;32mI (12612) websocket_client: WebSocket client task started[0m
[0;31mE (12618) FreeRTOS: FreeRTOS Task "send_image_to_w" should not return, Aborting now![0m

abort() was called at PC 0x4009002b on core 0


Backtrace: 0x40081989:0x3fff3580 0x4008f0c9:0x3fff35a0 0x40097809:0x3fff35c0 0x4009002b:0x3fff3630




ELF file SHA256: 382bf7e1d

Rebooting...
ets Jul 29 2019 12:21:46

rst:0xc (SW_CPU_RESET),boot:0x13 (SPI_FAST_FLASH_BOOT)
configsip: 0, SPIWP:0xee
clk_drv:0x00,q_drv:0x00,d_drv:0x00,cs0_drv:0x00,hd_drv:0x00,wp_drv:0x00
mode:DIO, clock div:2
load:0x3fff0030,len:7168
load:0x40078000,len:15452
load:0x40080400,len:4
load:0x40080404,len:3684
entry 0x40080614
[0;32mI (29) boot: ESP-IDF v5.3-dirty 2nd stage bootloader[0m
[0;32mI (29) boot: compile time Aug 17 2024 00:42:55[0m
[0;33mW (29) boot: Unicore bootloader[0m
[0;32mI (34) boot: chip revision: v3.1[0m
[0;32mI (37) boot.esp32: SPI Speed      : 40MHz[0m
[0;32mI (42) boot.esp32: SPI Mode       : DIO[0m
[0;32mI (47) boot.esp32: SPI Flash Size : 4MB[0m
[0;32mI (51) boot: Enabling RNG early entropy source...[0m
[0;32mI (57) boot: Partition Table:[0m
[0;32mI (60) boot: ## Label            Usage          Type ST Offset   Length[0m
[0;32mI (67) boot:  0 nvs              WiFi data        01 02 00009000 00004000[0m
[0;32mI (75) boot:  1 otadata          OTA data         01 00 0000d000 00002000[0m
[0;32mI (82) boot:  2 phy_init         RF data          01 01 0000f000 00001000[0m
[0;32mI (90) boot:  3 ota_0            OTA app          00 10 00010000 001e0000[0m
[0;32mI (97) boot:  4 ota_1            OTA app          00 11 001f0000 001e0000[0m
[0;32mI (105) boot:  5 coredump         Unknown data     01 03 003d0000 00010000[0m
[0;32mI (112) boot:  6 reserved         Unknown data     01 fe 003e0000 00020000[0m
[0;32mI (120) boot: End of partition table[0m
[0;32mI (124) esp_image: segment 0: paddr=00010020 vaddr=3f400020 size=30b9ch (199580) map[0m
[0;32mI (201) esp_image: segment 1: paddr=00040bc4 vaddr=3ffbdb60 size=0608ch ( 24716) load[0m
[0;32mI (211) esp_image: segment 2: paddr=00046c58 vaddr=40080000 size=093c0h ( 37824) load[0m
[0;32mI (226) esp_image: segment 3: paddr=00050020 vaddr=400d0020 size=cae34h (831028) map[0m
[0;32mI (511) esp_image: segment 4: paddr=0011ae5c vaddr=400893c0 size=14df0h ( 85488) load[0m
[0;32mI (560) boot: Loaded app from partition at offset 0x10000[0m
[0;32mI (560) boot: Disabling RNG early entropy source...[0m
[0;32mI (571) quad_psram: This chip is ESP32-D0WD[0m
[0;32mI (572) esp_psram: Found 8MB PSRAM device[0m
[0;32mI (572) esp_psram: Speed: 40MHz[0m
[0;32mI (576) esp_psram: PSRAM initialized, cache is in normal (1-core) mode.[0m
[0;33mW (583) esp_psram: Virtual address not enough for PSRAM, map as much as we can. 4MB is mapped[0m
[0;32mI (592) cpu_start: Unicore app[0m
[0;32mI (596) cpu_start: Single core mode[0m
[0;32mI (1525) esp_psram: SPI SRAM memory test OK[0m
[0;32mI (1533) cpu_start: Pro cpu start user code[0m
[0;32mI (1534) cpu_start: cpu freq: 240000000 Hz[0m
[0;32mI (1534) app_init: Application information:[0m
[0;32mI (1537) app_init: Project name:     mesh_local_control[0m
[0;32mI (1543) app_init: App version:      9d6a0ee-dirty[0m
[0;32mI (1548) app_init: Compile time:     Aug 17 2024 13:23:53[0m
[0;32mI (1554) app_init: ELF file SHA256:  382bf7e1d...[0m
[0;32mI (1560) app_init: ESP-IDF:          v5.3-dirty[0m
[0;32mI (1565) efuse_init: Min chip rev:     v0.0[0m
[0;32mI (1570) efuse_init: Max chip rev:     v3.99 [0m
[0;32mI (1575) efuse_init: Chip rev:         v3.1[0m
[0;32mI (1580) heap_init: Initializing. RAM available for dynamic allocation:[0m
[0;32mI (1587) heap_init: At 3FFAE6E0 len 0000F480 (61 KiB): DRAM[0m
[0;32mI (1593) heap_init: At 3FFC8A10 len 000175F0 (93 KiB): DRAM[0m
[0;32mI (1599) heap_init: At 3FFE0440 len 0001FBC0 (126 KiB): D/IRAM[0m
[0;32mI (1606) heap_init: At 40078000 len 00008000 (32 KiB): IRAM[0m
[0;32mI (1612) heap_init: At 4009E1B0 len 00001E50 (7 KiB): IRAM[0m
[0;32mI (1618) heap_init: At 3FF80000 len 00002000 (8 KiB): RTCRAM[0m
[0;32mI (1625) esp_psram: Adding pool of 4096K of PSRAM memory to heap allocator[0m
[0;32mI (1633) spi_flash: detected chip: generic[0m
[0;32mI (1637) spi_flash: flash io: dio[0m
[0;33mW (1641) i2c: This driver is an old driver, please migrate your application code to adapt `driver/i2c_master.h`[0m
[0;32mI (1652) coexist: coex firmware version: dab85ae96[0m
[0;32mI (1658) main_task: Started on CPU0[0m
[0;32mI (1661) esp_psram: Reserving pool of 32K of internal memory for DMA/internal allocations[0m
[0;32mI (1670) main_task: Calling app_main()[0m
[0;32mI (1691) bridge_common: esp-iot-bridge version: 0.11.8[0m
I (1694) wifi:wifi driver task: 3ffbd654, prio:23, stack:6656, core=0
I (1697) wifi:wifi firmware version: 0caa81945
I (1697) wifi:wifi certification version: v7.0
I (1701) wifi:config NVS flash: enabled
I (1705) wifi:config nano formating: disabled
I (1709) wifi:Init data frame dynamic rx buffer num: 32
I (1714) wifi:Init static rx mgmt buffer num: 5
I (1718) wifi:Init management short buffer num: 32
I (1723) wifi:Init static tx buffer num: 16
I (1727) wifi:Init tx cache buffer num: 32
I (1731) wifi:Init static rx buffer size: 1600
I (1735) wifi:Init static rx buffer num: 10
I (1738) wifi:Init dynamic rx buffer num: 32
[0;32mI (1743) wifi_init: accept mbox: 6[0m
[0;32mI (1746) wifi_init: tcpip mbox: 32[0m
[0;32mI (1751) wifi_init: udp mbox: 6[0m
[0;32mI (1754) wifi_init: tcp mbox: 6[0m
[0;32mI (1758) wifi_init: tcp tx win: 5760[0m
[0;32mI (1762) wifi_init: tcp rx win: 5760[0m
[0;32mI (1767) wifi_init: tcp mss: 1440[0m
[0;32mI (1771) wifi_init: WiFi IRAM OP enabled[0m
[0;32mI (1775) wifi_init: WiFi RX IRAM OP enabled[0m
[0;32mI (1781) phy_init: phy_version 4830,54550f7,Jun 20 2024,14:22:08[0m
I (1844) wifi:mode : null
I (1847) wifi:mode : softAP (08:a6:f7:11:51:a9)
I (1849) wifi:Total power save buffer number: 8
I (1849) wifi:Init max length of beacon: 752/752
I (1852) wifi:Init max length of beacon: 752/752
[0;32mI (1858) esp_netif_lwip: DHCP server started on interface WIFI_AP_DEF with IP: 192.168.4.1[0m
Add netif ap with 9d6a0ee(commit id)
[0;32mI (1868) bridge_common: netif list add success[0m
[0;32mI (1874) bridge_common: [WIFI_AP_DEF ][0m
[0;32mI (1878) bridge_common: Set ip info:192.168.5.1[0m
[0;32mI (1883) bridge_wifi: SoftAP IP network segment has changed, deauth all station[0m
I (1893) wifi:Disabled PMF config for SoftAP
I (1895) wifi:Total power save buffer number: 8
[0;32mI (1902) esp_netif_lwip: DHCP server started on interface WIFI_AP_DEF with IP: 192.168.5.1[0m
[0;32mI (1908) bridge_common: [WIFI_AP_DEF ]Name Server1: 114.114.114.114[0m
[0;32mI (1915) bridge_common: DHCPS Restart, deauth all station[0m
Add netif sta with 9d6a0ee(commit id)
[0;32mI (1924) bridge_common: netif list add success[0m
I (1930) wifi:mode : sta (08:a6:f7:11:51:a8) + softAP (08:a6:f7:11:51:a9)
I (1936) wifi:enable tsf
[0;31mE (1940) NVS: Failed to read IP info from NVS[0m
I (1943) wifi:Disabled PMF config for STA
[0;32mI (1947) bridge_wifi: [esp_bridge_wifi_set_config] sta ssid: TP-Link M7350 password: password[0m
[0;32mI (1957) bridge_wifi: [esp_bridge_wifi_set_config] softap ssid: ESP_Bridge_1151a9 password: 12345678[0m
I (2139) wifi:Total power save buffer number: 8
[0;32mI (2144) esp_netif_lwip: DHCP server started on interface WIFI_AP_DEF with IP: 192.168.5.1[0m
[0;32mI (2145) bridge_wifi: SoftAP config changed, deauth all station[0m
[0;32mI (2149) Mesh-Lite: esp-mesh-lite component version: 1.0.0[0m
I (2155) ESPNOW: espnow [version: 1.0] init
[0;32mI (2159) [vendor_ie]: Mesh-Lite commit id: bc9302d
 [0m
[0;32mI (2165) [vendor_ie]: Mesh ID: 77 [0m
[0;32mI (2171) [ESP_Mesh_Lite_Comm]: msg action add success [0m
[0;32mI (2176) [ESP_Mesh_Lite_Comm]: Bind Socket 54, port 6364 [0m
[0;32mI (2181) [ESP_Mesh_Lite_Comm]: Bind Socket 55, port 6363 [0m
[0;32mI (2187) [ESP_Mesh_Lite_Comm]: Bind Socket 56, port 6366 [0m
[0;32mI (2193) [ESP_Mesh_Lite_Comm]: Bind Socket 57, port 6365 [0m
[0;32mI (2200) [mesh-lite-espnow]: Start espnow task [0m
[0;33mW (2205) [vendor_ie]: [Unexpected restart]: the rtc data: temp_mesh_id:103, level:1, ssid:TP-Link M7350, bssid 00:00:00:00:00:00 [0m
[0;33mW (2216) [vendor_ie]: Try to connect the original parent node [0m
[0;32mI (2226) [vendor_ie]: esp_mesh_lite_wifi_connect return ESP_OK [0m
[0;31mE (2231) rc522: Read/write test failed[0m
[0;32mI (2234) gpio: GPIO[15]| InputEn: 0| OutputEn: 0| OpenDrain: 0| Pullup: 1| Pulldown: 0| Intr:0 [0m
[0;32mI (2245) gpio: GPIO[25]| InputEn: 1| OutputEn: 0| OpenDrain: 0| Pullup: 1| Pulldown: 0| Intr:2 [0m
[0;32mI (2253) cam_hal: cam init ok[0m
[0;32mI (2257) sccb: pin_sda 26 pin_scl 27[0m
[0;32mI (2260) sccb: sccb_i2c_port=1[0m
[0;32mI (2265) gpio: GPIO[32]| InputEn: 0| OutputEn: 1| OpenDrain: 0| Pullup: 0| Pulldown: 0| Intr:0 [0m
[0;32mI (2303) camera: Detected camera at address=0x30[0m
[0;32mI (2306) camera: Detected OV2640 camera[0m
[0;32mI (2307) camera: Camera PID=0x26 VER=0x42 MIDL=0x7f MIDH=0xa2[0m
Guru Meditation Error: Core  0 panic'ed (LoadProhibited). Exception was unhandled.

Core  0 register dump:
PC      : 0x400edb0e  PS      : 0x00060b30  A0      : 0x800edf22  A1      : 0x3ffe98c0  
A2      : 0x3ffe7db0  A3      : 0x0000000d  A4      : 0x00000001  A5      : 0x3ffe98e6  
A6      : 0x00000002  A7      : 0x3ffe88b0  A8      : 0x00000000  A9      : 0x3ffe98b0  
A10     : 0x3ffe88b1  A11     : 0x3ffe98e7  A12     : 0x00000001  A13     : 0x3ffe88b2  
A14     : 0x00000007  A15     : 0x3f408adc  SAR     : 0x0000001c  EXCCAUSE: 0x0000001c  
EXCVADDR: 0x0000000c  LBEG    : 0x4008bb5c  LEND    : 0x4008bb6f  LCOUNT  : 0x00000000  


Backtrace: 0x400edb0b:0x3ffe98c0 0x400edf1f:0x3ffe98e0 0x400edff8:0x3ffe9910 0x400ee143:0x3ffe9940 0x4009000d:0x3ffe9970




ELF file SHA256: 382bf7e1d

Rebooting...
ets Jul 29 2019 12:21:46

rst:0xc (SW_CPU_RESET),boot:0x13 (SPI_FAST_FLASH_BOOT)
configsip: 0, SPIWP:0xee
clk_drv:0x00,q_drv:0x00,d_drv:0x00,cs0_drv:0x00,hd_drv:0x00,wp_drv:0x00
mode:DIO, clock div:2
load:0x3fff0030,len:7168
load:0x40078000,len:15452
load:0x40080400,len:4
load:0x40080404,len:3684
entry 0x40080614
[0;32mI (29) boot: ESP-IDF v5.3-dirty 2nd stage bootloader[0m
[0;32mI (29) boot: compile time Aug 17 2024 00:42:55[0m
[0;33mW (29) boot: Unicore bootloader[0m
[0;32mI (34) boot: chip revision: v3.1[0m
[0;32mI (37) boot.esp32: SPI Speed      : 40MHz[0m
[0;32mI (42) boot.esp32: SPI Mode       : DIO[0m
[0;32mI (47) boot.esp32: SPI Flash Size : 4MB[0m
[0;32mI (51) boot: Enabling RNG early entropy source...[0m
[0;32mI (57) boot: Partition Table:[0m
[0;32mI (60) boot: ## Label            Usage          Type ST Offset   Length[0m
[0;32mI (67) boot:  0 nvs              WiFi data        01 02 00009000 00004000[0m
[0;32mI (75) boot:  1 otadata          OTA data         01 00 0000d000 00002000[0m
[0;32mI (82) boot:  2 phy_init         RF data          01 01 0000f000 00001000[0m
[0;32mI (90) boot:  3 ota_0            OTA app          00 10 00010000 001e0000[0m
[0;32mI (97) boot:  4 ota_1            OTA app          00 11 001f0000 001e0000[0m
[0;32mI (105) boot:  5 coredump         Unknown data     01 03 003d0000 00010000[0m
[0;32mI (112) boot:  6 reserved         Unknown data     01 fe 003e0000 00020000[0m
[0;32mI (120) boot: End of partition table[0m
[0;32mI (124) esp_image: segment 0: paddr=00010020 vaddr=3f400020 size=30b9ch (199580) map[0m
[0;32mI (201) esp_image: segment 1: paddr=00040bc4 vaddr=3ffbdb60 size=0608ch ( 24716) load[0m
[0;32mI (211) esp_image: segment 2: paddr=00046c58 vaddr=40080000 size=093c0h ( 37824) load[0m
[0;32mI (226) esp_image: segment 3: paddr=00050020 vaddr=400d0020 size=cae34h (831028) map[0m
[0;32mI (511) esp_image: segment 4: paddr=0011ae5c vaddr=400893c0 size=14df0h ( 85488) load[0m
[0;32mI (560) boot: Loaded app from partition at offset 0x10000[0m
[0;32mI (560) boot: Disabling RNG early entropy source...[0m
[0;32mI (571) quad_psram: This chip is ESP32-D0WD[0m
[0;32mI (572) esp_psram: Found 8MB PSRAM device[0m
[0;32mI (572) esp_psram: Speed: 40MHz[0m
[0;32mI (576) esp_psram: PSRAM initialized, cache is in normal (1-core) mode.[0m
[0;33mW (583) esp_psram: Virtual address not enough for PSRAM, map as much as we can. 4MB is mapped[0m
[0;32mI (592) cpu_start: Unicore app[0m
[0;32mI (596) cpu_start: Single core mode[0m
[0;32mI (1525) esp_psram: SPI SRAM memory test OK[0m
[0;32mI (1533) cpu_start: Pro cpu start user code[0m
[0;32mI (1533) cpu_start: cpu freq: 240000000 Hz[0m
[0;32mI (1534) app_init: Application information:[0m
[0;32mI (1537) app_init: Project name:     mesh_local_control[0m
[0;32mI (1543) app_init: App version:      9d6a0ee-dirty[0m
[0;32mI (1548) app_init: Compile time:     Aug 17 2024 13:23:53[0m
[0;32mI (1554) app_init: ELF file SHA256:  382bf7e1d...[0m
[0;32mI (1560) app_init: ESP-IDF:          v5.3-dirty[0m
[0;32mI (1565) efuse_init: Min chip rev:     v0.0[0m
[0;32mI (1570) efuse_init: Max chip rev:     v3.99 [0m
[0;32mI (1575) efuse_init: Chip rev:         v3.1[0m
[0;32mI (1580) heap_init: Initializing. RAM available for dynamic allocation:[0m
[0;32mI (1587) heap_init: At 3FFAE6E0 len 0000F480 (61 KiB): DRAM[0m
[0;32mI (1593) heap_init: At 3FFC8A10 len 000175F0 (93 KiB): DRAM[0m
[0;32mI (1599) heap_init: At 3FFE0440 len 0001FBC0 (126 KiB): D/IRAM[0m
[0;32mI (1606) heap_init: At 40078000 len 00008000 (32 KiB): IRAM[0m
[0;32mI (1612) heap_init: At 4009E1B0 len 00001E50 (7 KiB): IRAM[0m
[0;32mI (1618) heap_init: At 3FF80000 len 00002000 (8 KiB): RTCRAM[0m
[0;32mI (1625) esp_psram: Adding pool of 4096K of PSRAM memory to heap allocator[0m
[0;32mI (1633) spi_flash: detected chip: generic[0m
[0;32mI (1637) spi_flash: flash io: dio[0m
[0;33mW (1641) i2c: This driver is an old driver, please migrate your application code to adapt `driver/i2c_master.h`[0m
[0;32mI (1652) coexist: coex firmware version: dab85ae96[0m
[0;32mI (1658) main_task: Started on CPU0[0m
[0;32mI (1661) esp_psram: Reserving pool of 32K of internal memory for DMA/internal allocations[0m
[0;32mI (1670) main_task: Calling app_main()[0m
[0;32mI (1691) bridge_common: esp-iot-bridge version: 0.11.8[0m
I (1694) wifi:wifi driver task: 3ffbd654, prio:23, stack:6656, core=0
I (1697) wifi:wifi firmware version: 0caa81945
I (1697) wifi:wifi certification version: v7.0
I (1701) wifi:config NVS flash: enabled
I (1705) wifi:config nano formating: disabled
I (1709) wifi:Init data frame dynamic rx buffer num: 32
I (1714) wifi:Init static rx mgmt buffer num: 5
I (1718) wifi:Init management short buffer num: 32
I (1723) wifi:Init static tx buffer num: 16
I (1727) wifi:Init tx cache buffer num: 32
I (1731) wifi:Init static rx buffer size: 1600
I (1735) wifi:Init static rx buffer num: 10
I (1738) wifi:Init dynamic rx buffer num: 32
[0;32mI (1743) wifi_init: accept mbox: 6[0m
[0;32mI (1746) wifi_init: tcpip mbox: 32[0m
[0;32mI (1751) wifi_init: udp mbox: 6[0m
[0;32mI (1754) wifi_init: tcp mbox: 6[0m
[0;32mI (1758) wifi_init: tcp tx win: 5760[0m
[0;32mI (1762) wifi_init: tcp rx win: 5760[0m
[0;32mI (1767) wifi_init: tcp mss: 1440[0m
[0;32mI (1771) wifi_init: WiFi IRAM OP enabled[0m
[0;32mI (1775) wifi_init: WiFi RX IRAM OP enabled[0m
[0;32mI (1781) phy_init: phy_version 4830,54550f7,Jun 20 2024,14:22:08[0m
I (1844) wifi:mode : null
I (1847) wifi:mode : softAP (08:a6:f7:11:51:a9)
I (1849) wifi:Total power save buffer number: 8
I (1849) wifi:Init max length of beacon: 752/752
I (1852) wifi:Init max length of beacon: 752/752
[0;32mI (1858) esp_netif_lwip: DHCP server started on interface WIFI_AP_DEF with IP: 192.168.4.1[0m
Add netif ap with 9d6a0ee(commit id)
[0;32mI (1868) bridge_common: netif list add success[0m
[0;32mI (1874) bridge_common: [WIFI_AP_DEF ][0m
[0;32mI (1879) bridge_common: Set ip info:192.168.5.1[0m
[0;32mI (1883) bridge_wifi: SoftAP IP network segment has changed, deauth all station[0m
I (1893) wifi:Disabled PMF config for SoftAP
I (1896) wifi:Total power save buffer number: 8
[0;32mI (1902) esp_netif_lwip: DHCP server started on interface WIFI_AP_DEF with IP: 192.168.5.1[0m
[0;32mI (1908) bridge_common: [WIFI_AP_DEF ]Name Server1: 114.114.114.114[0m
[0;32mI (1915) bridge_common: DHCPS Restart, deauth all station[0m
Add netif sta with 9d6a0ee(commit id)
[0;32mI (1924) bridge_common: netif list add success[0m
I (1930) wifi:mode : sta (08:a6:f7:11:51:a8) + softAP (08:a6:f7:11:51:a9)
I (1936) wifi:enable tsf
[0;31mE (1940) NVS: Failed to read IP info from NVS[0m
I (1944) wifi:Disabled PMF config for STA
[0;32mI (1947) bridge_wifi: [esp_bridge_wifi_set_config] sta ssid: TP-Link M7350 password: password[0m
[0;32mI (1957) bridge_wifi: [esp_bridge_wifi_set_config] softap ssid: ESP_Bridge_1151a9 password: 12345678[0m
I (2140) wifi:Total power save buffer number: 8
[0;32mI (2144) esp_netif_lwip: DHCP server started on interface WIFI_AP_DEF with IP: 192.168.5.1[0m
[0;32mI (2145) bridge_wifi: SoftAP config changed, deauth all station[0m
[0;32mI (2149) Mesh-Lite: esp-mesh-lite component version: 1.0.0[0m
I (2155) ESPNOW: espnow [version: 1.0] init
[0;32mI (2159) [vendor_ie]: Mesh-Lite commit id: bc9302d
 [0m
[0;32mI (2166) [vendor_ie]: Mesh ID: 77 [0m
[0;32mI (2171) [ESP_Mesh_Lite_Comm]: msg action add success [0m
[0;32mI (2177) [ESP_Mesh_Lite_Comm]: Bind Socket 54, port 6364 [0m
[0;32mI (2181) [ESP_Mesh_Lite_Comm]: Bind Socket 55, port 6363 [0m
[0;32mI (2187) [ESP_Mesh_Lite_Comm]: Bind Socket 56, port 6366 [0m
[0;32mI (2193) [ESP_Mesh_Lite_Comm]: Bind Socket 57, port 6365 [0m
[0;32mI (2200) [mesh-lite-espnow]: Start espnow task [0m
[0;33mW (2205) [vendor_ie]: [Unexpected restart]: the rtc data: temp_mesh_id:103, level:1, ssid:TP-Link M7350, bssid 00:00:00:00:00:00 [0m
[0;33mW (2216) [vendor_ie]: Try to connect the original parent node [0m
[0;32mI (2226) [vendor_ie]: esp_mesh_lite_wifi_connect return ESP_OK [0m
[0;31mE (2232) rc522: Read/write test failed[0m
[0;32mI (2234) gpio: GPIO[15]| InputEn: 0| OutputEn: 0| OpenDrain: 0| Pullup: 1| Pulldown: 0| Intr:0 [0m
[0;32mI (2245) gpio: GPIO[25]| InputEn: 1| OutputEn: 0| OpenDrain: 0| Pullup: 1| Pulldown: 0| Intr:2 [0m
[0;32mI (2253) cam_hal: cam init ok[0m
[0;32mI (2257) sccb: pin_sda 26 pin_scl 27[0m
[0;32mI (2261) sccb: sccb_i2c_port=1[0m
[0;32mI (2265) gpio: GPIO[32]| InputEn: 0| OutputEn: 1| OpenDrain: 0| Pullup: 0| Pulldown: 0| Intr:0 [0m
[0;32mI (2304) camera: Detected camera at address=0x30[0m
[0;32mI (2308) camera: Detected OV2640 camera[0m
[0;32mI (2308) camera: Camera PID=0x26 VER=0x42 MIDL=0x7f MIDH=0xa2[0m
Guru Meditation Error: Core  0 panic'ed (LoadProhibited). Exception was unhandled.

Core  0 register dump:
PC      : 0x400edb0e  PS      : 0x00060730  A0      : 0x800edf22  A1      : 0x3ffe98c0  
A2      : 0x3ffe7db0  A3      : 0x0000000d  A4      : 0x00000001  A5      : 0x3ffe98e6  
A6      : 0x00000002  A7      : 0x3ffe88b0  A8      : 0x00000000  A9      : 0x3ffe98b0  
A10     : 0x3ffe88b1  A11     : 0x3ffe98e7  A12     : 0x00000001  A13     : 0x3ffe88b2  
A14     : 0x00000007  A15     : 0x3f408adc  SAR     : 0x0000001c  EXCCAUSE: 0x0000001c  
EXCVADDR: 0x0000000c  LBEG    : 0x4008bb5c  LEND    : 0x4008bb6f  LCOUNT  : 0x00000000  


Backtrace: 0x400edb0b:0x3ffe98c0 0x400edf1f:0x3ffe98e0 0x400edff8:0x3ffe9910 0x400ee143:0x3ffe9940 0x4009000d:0x3ffe9970




ELF file SHA256: 382bf7e1d

Rebooting...
ets Jul 29 2019 12:21:46

rst:0xc (SW_CPU_RESET),boot:0x13 (SPI_FAST_FLASH_BOOT)
configsip: 0, SPIWP:0xee
clk_drv:0x00,q_drv:0x00,d_drv:0x00,cs0_drv:0x00,hd_drv:0x00,wp_drv:0x00
mode:DIO, clock div:2
load:0x3fff0030,len:7168
load:0x40078000,len:15452
load:0x40080400,len:4
load:0x40080404,len:3684
entry 0x40080614
[0;32mI (29) boot: ESP-IDF v5.3-dirty 2nd stage bootloader[0m
[0;32mI (29) boot: compile time Aug 17 2024 00:42:55[0m
[0;33mW (29) boot: Unicore bootloader[0m
[0;32mI (34) boot: chip revision: v3.1[0m
[0;32mI (37) boot.esp32: SPI Speed      : 40MHz[0m
[0;32mI (42) boot.esp32: SPI Mode       : DIO[0m
[0;32mI (47) boot.esp32: SPI Flash Size : 4MB[0m
[0;32mI (51) boot: Enabling RNG early entropy source...[0m
[0;32mI (57) boot: Partition Table:[0m
[0;32mI (60) boot: ## Label            Usage          Type ST Offset   Length[0m
[0;32mI (67) boot:  0 nvs              WiFi data        01 02 00009000 00004000[0m
[0;32mI (75) boot:  1 otadata          OTA data         01 00 0000d000 00002000[0m
[0;32mI (82) boot:  2 phy_init         RF data          01 01 0000f000 00001000[0m
[0;32mI (90) boot:  3 ota_0            OTA app          00 10 00010000 001e0000[0m
[0;32mI (97) boot:  4 ota_1            OTA app          00 11 001f0000 001e0000[0m
[0;32mI (105) boot:  5 coredump         Unknown data     01 03 003d0000 00010000[0m
[0;32mI (112) boot:  6 reserved         Unknown data     01 fe 003e0000 00020000[0m
[0;32mI (120) boot: End of partition table[0m
[0;32mI (124) esp_image: segment 0: paddr=00010020 vaddr=3f400020 size=30b9ch (199580) map[0m
[0;32mI (201) esp_image: segment 1: paddr=00040bc4 vaddr=3ffbdb60 size=0608ch ( 24716) load[0m
[0;32mI (211) esp_image: segment 2: paddr=00046c58 vaddr=40080000 size=093c0h ( 37824) load[0m
[0;32mI (226) esp_image: segment 3: paddr=00050020 vaddr=400d0020 size=cae34h (831028) map[0m
[0;32mI (511) esp_image: segment 4: paddr=0011ae5c vaddr=400893c0 size=14df0h ( 85488) load[0m
[0;32mI (560) boot: Loaded app from partition at offset 0x10000[0m
[0;32mI (560) boot: Disabling RNG early entropy source...[0m
[0;32mI (571) quad_psram: This chip is ESP32-D0WD[0m
[0;32mI (572) esp_psram: Found 8MB PSRAM device[0m
[0;32mI (572) esp_psram: Speed: 40MHz[0m
[0;32mI (576) esp_psram: PSRAM initialized, cache is in normal (1-core) mode.[0m
[0;33mW (583) esp_psram: Virtual address not enough for PSRAM, map as much as we can. 4MB is mapped[0m
[0;32mI (592) cpu_start: Unicore app[0m
[0;32mI (596) cpu_start: Single core mode[0m
[0;32mI (1525) esp_psram: SPI SRAM memory test OK[0m
[0;32mI (1533) cpu_start: Pro cpu start user code[0m
[0;32mI (1534) cpu_start: cpu freq: 240000000 Hz[0m
[0;32mI (1534) app_init: Application information:[0m
[0;32mI (1537) app_init: Project name:     mesh_local_control[0m
[0;32mI (1543) app_init: App version:      9d6a0ee-dirty[0m
[0;32mI (1548) app_init: Compile time:     Aug 17 2024 13:23:53[0m
[0;32mI (1554) app_init: ELF file SHA256:  382bf7e1d...[0m
[0;32mI (1560) app_init: ESP-IDF:          v5.3-dirty[0m
[0;32mI (1565) efuse_init: Min chip rev:     v0.0[0m
[0;32mI (1570) efuse_init: Max chip rev:     v3.99 [0m
[0;32mI (1575) efuse_init: Chip rev:         v3.1[0m
[0;32mI (1580) heap_init: Initializing. RAM available for dynamic allocation:[0m
[0;32mI (1587) heap_init: At 3FFAE6E0 len 0000F480 (61 KiB): DRAM[0m
[0;32mI (1593) heap_init: At 3FFC8A10 len 000175F0 (93 KiB): DRAM[0m
[0;32mI (1599) heap_init: At 3FFE0440 len 0001FBC0 (126 KiB): D/IRAM[0m
[0;32mI (1606) heap_init: At 40078000 len 00008000 (32 KiB): IRAM[0m
[0;32mI (1612) heap_init: At 4009E1B0 len 00001E50 (7 KiB): IRAM[0m
[0;32mI (1618) heap_init: At 3FF80000 len 00002000 (8 KiB): RTCRAM[0m
[0;32mI (1625) esp_psram: Adding pool of 4096K of PSRAM memory to heap allocator[0m
[0;32mI (1633) spi_flash: detected chip: generic[0m
[0;32mI (1637) spi_flash: flash io: dio[0m
[0;33mW (1641) i2c: This driver is an old driver, please migrate your application code to adapt `driver/i2c_master.h`[0m
[0;32mI (1652) coexist: coex firmware version: dab85ae96[0m
[0;32mI (1658) main_task: Started on CPU0[0m
[0;32mI (1661) esp_psram: Reserving pool of 32K of internal memory for DMA/internal allocations[0m
[0;32mI (1670) main_task: Calling app_main()[0m
[0;32mI (1691) bridge_common: esp-iot-bridge version: 0.11.8[0m
I (1694) wifi:wifi driver task: 3ffbd654, prio:23, stack:6656, core=0
I (1697) wifi:wifi firmware version: 0caa81945
I (1697) wifi:wifi certification version: v7.0
I (1701) wifi:config NVS flash: enabled
I (1705) wifi:config nano formating: disabled
I (1709) wifi:Init data frame dynamic rx buffer num: 32
I (1714) wifi:Init static rx mgmt buffer num: 5
I (1718) wifi:Init management short buffer num: 32
I (1723) wifi:Init static tx buffer num: 16
I (1727) wifi:Init tx cache buffer num: 32
I (1731) wifi:Init static rx buffer size: 1600
I (1735) wifi:Init static rx buffer num: 10
I (1738) wifi:Init dynamic rx buffer num: 32
[0;32mI (1743) wifi_init: accept mbox: 6[0m
[0;32mI (1746) wifi_init: tcpip mbox: 32[0m
[0;32mI (1751) wifi_init: udp mbox: 6[0m
[0;32mI (1754) wifi_init: tcp mbox: 6[0m
[0;32mI (1758) wifi_init: tcp tx win: 5760[0m
[0;32mI (1762) wifi_init: tcp rx win: 5760[0m
[0;32mI (1767) wifi_init: tcp mss: 1440[0m
[0;32mI (1771) wifi_init: WiFi IRAM OP enabled[0m
[0;32mI (1775) wifi_init: WiFi RX IRAM OP enabled[0m
[0;32mI (1781) phy_init: phy_version 4830,54550f7,Jun 20 2024,14:22:08[0m
I (1845) wifi:mode : null
I (1848) wifi:mode : softAP (08:a6:f7:11:51:a9)
I (1849) wifi:Total power save buffer number: 8
I (1850) wifi:Init max length of beacon: 752/752
I (1852) wifi:Init max length of beacon: 752/752
[0;32mI (1859) esp_netif_lwip: DHCP server started on interface WIFI_AP_DEF with IP: 192.168.4.1[0m
Add netif ap with 9d6a0ee(commit id)
[0;32mI (1868) bridge_common: netif list add success[0m
[0;32mI (1875) bridge_common: [WIFI_AP_DEF ][0m
[0;32mI (1879) bridge_common: Set ip info:192.168.5.1[0m
[0;32mI (1883) bridge_wifi: SoftAP IP network segment has changed, deauth all station[0m
I (1893) wifi:Disabled PMF config for SoftAP
I (1896) wifi:Total power save buffer number: 8
[0;32mI (1902) esp_netif_lwip: DHCP server started on interface WIFI_AP_DEF with IP: 192.168.5.1[0m
[0;32mI (1909) bridge_common: [WIFI_AP_DEF ]Name Server1: 114.114.114.114[0m
[0;32mI (1915) bridge_common: DHCPS Restart, deauth all station[0m
Add netif sta with 9d6a0ee(commit id)
[0;32mI (1925) bridge_common: netif list add success[0m
I (1930) wifi:mode : sta (08:a6:f7:11:51:a8) + softAP (08:a6:f7:11:51:a9)
I (1937) wifi:enable tsf
[0;31mE (1940) NVS: Failed to read IP info from NVS[0m
I (1944) wifi:Disabled PMF config for STA
[0;32mI (1947) bridge_wifi: [esp_bridge_wifi_set_config] sta ssid: TP-Link M7350 password: password[0m
[0;32mI (1957) bridge_wifi: [esp_bridge_wifi_set_config] softap ssid: ESP_Bridge_1151a9 password: 12345678[0m
I (2140) wifi:Total power save buffer number: 8
[0;32mI (2144) esp_netif_lwip: DHCP server started on interface WIFI_AP_DEF with IP: 192.168.5.1[0m
[0;32mI (2146) bridge_wifi: SoftAP config changed, deauth all station[0m
[0;32mI (2152) Mesh-Lite: esp-mesh-lite component version: 1.0.0[0m
I (2158) ESPNOW: espnow [version: 1.0] init
[0;32mI (2161) [vendor_ie]: Mesh-Lite commit id: bc9302d
 [0m
[0;32mI (2168) [vendor_ie]: Mesh ID: 77 [0m
[0;32mI (2174) [ESP_Mesh_Lite_Comm]: msg action add success [0m
[0;32mI (2179) [ESP_Mesh_Lite_Comm]: Bind Socket 54, port 6364 [0m
[0;32mI (2184) [ESP_Mesh_Lite_Comm]: Bind Socket 55, port 6363 [0m
[0;32mI (2190) [ESP_Mesh_Lite_Comm]: Bind Socket 56, port 6366 [0m
[0;32mI (2196) [ESP_Mesh_Lite_Comm]: Bind Socket 57, port 6365 [0m
[0;32mI (2202) [mesh-lite-espnow]: Start espnow task [0m
[0;33mW (2208) [vendor_ie]: [Unexpected restart]: the rtc data: temp_mesh_id:103, level:1, ssid:TP-Link M7350, bssid 00:00:00:00:00:00 [0m
[0;33mW (2219) [vendor_ie]: Try to connect the original parent node [0m
[0;32mI (2229) [vendor_ie]: esp_mesh_lite_wifi_connect return ESP_OK [0m
[0;31mE (2234) rc522: Read/write test failed[0m
[0;32mI (2237) gpio: GPIO[15]| InputEn: 0| OutputEn: 0| OpenDrain: 0| Pullup: 1| Pulldown: 0| Intr:0 [0m
[0;32mI (2246) gpio: GPIO[25]| InputEn: 1| OutputEn: 0| OpenDrain: 0| Pullup: 1| Pulldown: 0| Intr:2 [0m
[0;32mI (2256) cam_hal: cam init ok[0m
[0;32mI (2260) sccb: pin_sda 26 pin_scl 27[0m
[0;32mI (2263) sccb: sccb_i2c_port=1[0m
[0;32mI (2268) gpio: GPIO[32]| InputEn: 0| OutputEn: 1| OpenDrain: 0| Pullup: 0| Pulldown: 0| Intr:0 [0m
[0;32mI (2306) camera: Detected camera at address=0x30[0m
[0;32mI (2310) camera: Detected OV2640 camera[0m
[0;32mI (2310) camera: Camera PID=0x26 VER=0x42 MIDL=0x7f MIDH=0xa2[0m
Guru Meditation Error: Core  0 panic'ed (LoadProhibited). Exception was unhandled.

Core  0 register dump:
PC      : 0x400edb0e  PS      : 0x00060b30  A0      : 0x800edf22  A1      : 0x3ffe98c0  
A2      : 0x3ffe7db0  A3      : 0x0000000d  A4      : 0x00000001  A5      : 0x3ffe98e6  
A6      : 0x00000002  A7      : 0x3ffe88b0  A8      : 0x00000000  A9      : 0x3ffe98b0  
A10     : 0x3ffe88b1  A11     : 0x3ffe98e7  A12     : 0x00000001  A13     : 0x3ffe88b2  
A14     : 0x00000007  A15     : 0x3f408adc  SAR     : 0x0000001c  EXCCAUSE: 0x0000001c  
EXCVADDR: 0x0000000c  LBEG    : 0x4008bb5c  LEND    : 0x4008bb6f  LCOUNT  : 0x00000000  


Backtrace: 0x400edb0b:0x3ffe98c0 0x400edf1f:0x3ffe98e0 0x400edff8:0x3ffe9910 0x400ee143:0x3ffe9940 0x4009000d:0x3ffe9970




ELF file SHA256: 382bf7e1d

Rebooting...
ets Jul 29 2019 12:21:46

rst:0xc (SW_CPU_RESET),boot:0x13 (SPI_FAST_FLASH_BOOT)
configsip: 0, SPIWP:0xee
clk_drv:0x00,q_drv:0x00,d_drv:0x00,cs0_drv:0x00,hd_drv:0x00,wp_drv:0x00
mode:DIO, clock div:2
load:0x3fff0030,len:7168
load:0x40078000,len:15452
load:0x40080400,len:4
load:0x40080404,len:3684
entry 0x40080614
[0;32mI (29) boot: ESP-IDF v5.3-dirty 2nd stage bootloader[0m
[0;32mI (29) boot: compile time Aug 17 2024 00:42:55[0m
[0;33mW (29) boot: Unicore bootloader[0m
[0;32mI (34) boot: chip revision: v3.1[0m
[0;32mI (37) boot.esp32: SPI Speed      : 40MHz[0m
[0;32mI (42) boot.esp32: SPI Mode       : DIO[0m
[0;32mI (47) boot.esp32: SPI Flash Size : 4MB[0m
[0;32mI (51) boot: Enabling RNG early entropy source...[0m
[0;32mI (57) boot: Partition Table:[0m
[0;32mI (60) boot: ## Label            Usage          Type ST Offset   Length[0m
[0;32mI (67) boot:  0 nvs              WiFi data        01 02 00009000 00004000[0m
[0;32mI (75) boot:  1 otadata          OTA data         01 00 0000d000 00002000[0m
[0;32mI (82) boot:  2 phy_init         RF data          01 01 0000f000 00001000[0m
[0;32mI (90) boot:  3 ota_0            OTA app          00 10 00010000 001e0000[0m
[0;32mI (97) boot:  4 ota_1            OTA app          00 11 001f0000 001e0000[0m
[0;32mI (105) boot:  5 coredump         Unknown data     01 03 003d0000 00010000[0m
[0;32mI (112) boot:  6 reserved         Unknown data     01 fe 003e0000 00020000[0m
[0;32mI (120) boot: End of partition table[0m
[0;32mI (124) esp_image: segment 0: paddr=00010020 vaddr=3f400020 size=30b9ch (199580) map[0m
[0;32mI (201) esp_image: segment 1: paddr=00040bc4 vaddr=3ffbdb60 size=0608ch ( 24716) load[0m
[0;32mI (211) esp_image: segment 2: paddr=00046c58 vaddr=40080000 size=093c0h ( 37824) load[0m
[0;32mI (226) esp_image: segment 3: paddr=00050020 vaddr=400d0020 size=cae34h (831028) map[0m
[0;32mI (511) esp_image: segment 4: paddr=0011ae5c vaddr=400893c0 size=14df0h ( 85488) load[0m
[0;32mI (560) boot: Loaded app from partition at offset 0x10000[0m
[0;32mI (560) boot: Disabling RNG early entropy source...[0m
[0;32mI (571) quad_psram: This chip is ESP32-D0WD[0m
[0;32mI (572) esp_psram: Found 8MB PSRAM device[0m
[0;32mI (572) esp_psram: Speed: 40MHz[0m
[0;32mI (576) esp_psram: PSRAM initialized, cache is in normal (1-core) mode.[0m
[0;33mW (583) esp_psram: Virtual address not enough for PSRAM, map as much as we can. 4MB is mapped[0m
[0;32mI (592) cpu_start: Unicore app[0m
[0;32mI (596) cpu_start: Single core mode[0m
[0;32mI (1525) esp_psram: SPI SRAM memory test OK[0m
[0;32mI (1533) cpu_start: Pro cpu start user code[0m
[0;32mI (1533) cpu_start: cpu freq: 240000000 Hz[0m
[0;32mI (1534) app_init: Application information:[0m
[0;32mI (1537) app_init: Project name:     mesh_local_control[0m
[0;32mI (1543) app_init: App version:      9d6a0ee-dirty[0m
[0;32mI (1548) app_init: Compile time:     Aug 17 2024 13:23:53[0m
[0;32mI (1554) app_init: ELF file SHA256:  382bf7e1d...[0m
[0;32mI (1560) app_init: ESP-IDF:          v5.3-dirty[0m
[0;32mI (1565) efuse_init: Min chip rev:     v0.0[0m
[0;32mI (1570) efuse_init: Max chip rev:     v3.99 [0m
[0;32mI (1575) efuse_init: Chip rev:         v3.1[0m
[0;32mI (1580) heap_init: Initializing. RAM available for dynamic allocation:[0m
[0;32mI (1587) heap_init: At 3FFAE6E0 len 0000F480 (61 KiB): DRAM[0m
[0;32mI (1593) heap_init: At 3FFC8A10 len 000175F0 (93 KiB): DRAM[0m
[0;32mI (1599) heap_init: At 3FFE0440 len 0001FBC0 (126 KiB): D/IRAM[0m
[0;32mI (1606) heap_init: At 40078000 len 00008000 (32 KiB): IRAM[0m
[0;32mI (1612) heap_init: At 4009E1B0 len 00001E50 (7 KiB): IRAM[0m
[0;32mI (1618) heap_init: At 3FF80000 len 00002000 (8 KiB): RTCRAM[0m
[0;32mI (1625) esp_psram: Adding pool of 4096K of PSRAM memory to heap allocator[0m
[0;32mI (1633) spi_flash: detected chip: generic[0m
[0;32mI (1637) spi_flash: flash io: dio[0m
[0;33mW (1641) i2c: This driver is an old driver, please migrate your application code to adapt `driver/i2c_master.h`[0m
[0;32mI (1652) coexist: coex firmware version: dab85ae96[0m
[0;32mI (1658) main_task: Started on CPU0[0m
[0;32mI (1661) esp_psram: Reserving pool of 32K of internal memory for DMA/internal allocations[0m
[0;32mI (1670) main_task: Calling app_main()[0m
[0;32mI (1691) bridge_common: esp-iot-bridge version: 0.11.8[0m
I (1694) wifi:wifi driver task: 3ffbd654, prio:23, stack:6656, core=0
I (1697) wifi:wifi firmware version: 0caa81945
I (1697) wifi:wifi certification version: v7.0
I (1701) wifi:config NVS flash: enabled
I (1705) wifi:config nano formating: disabled
I (1709) wifi:Init data frame dynamic rx buffer num: 32
I (1714) wifi:Init static rx mgmt buffer num: 5
I (1718) wifi:Init management short buffer num: 32
I (1723) wifi:Init static tx buffer num: 16
I (1727) wifi:Init tx cache buffer num: 32
I (1731) wifi:Init static rx buffer size: 1600
I (1735) wifi:Init static rx buffer num: 10
I (1738) wifi:Init dynamic rx buffer num: 32
[0;32mI (1743) wifi_init: accept mbox: 6[0m
[0;32mI (1746) wifi_init: tcpip mbox: 32[0m
[0;32mI (1751) wifi_init: udp mbox: 6[0m
[0;32mI (1754) wifi_init: tcp mbox: 6[0m
[0;32mI (1758) wifi_init: tcp tx win: 5760[0m
[0;32mI (1762) wifi_init: tcp rx win: 5760[0m
[0;32mI (1767) wifi_init: tcp mss: 1440[0m
[0;32mI (1771) wifi_init: WiFi IRAM OP enabled[0m
[0;32mI (1775) wifi_init: WiFi RX IRAM OP enabled[0m
[0;32mI (1781) phy_init: phy_version 4830,54550f7,Jun 20 2024,14:22:08[0m
I (1843) wifi:mode : null
I (1846) wifi:mode : softAP (08:a6:f7:11:51:a9)
I (1848) wifi:Total power save buffer number: 8
I (1848) wifi:Init max length of beacon: 752/752
I (1851) wifi:Init max length of beacon: 752/752
[0;32mI (1857) esp_netif_lwip: DHCP server started on interface WIFI_AP_DEF with IP: 192.168.4.1[0m
Add netif ap with 9d6a0ee(commit id)
[0;32mI (1867) bridge_common: netif list add success[0m
[0;32mI (1873) bridge_common: [WIFI_AP_DEF ][0m
[0;32mI (1877) bridge_common: Set ip info:192.168.5.1[0m
[0;32mI (1882) bridge_wifi: SoftAP IP network segment has changed, deauth all station[0m
I (1892) wifi:Disabled PMF config for SoftAP
I (1894) wifi:Total power save buffer number: 8
[0;32mI (1901) esp_netif_lwip: DHCP server started on interface WIFI_AP_DEF with IP: 192.168.5.1[0m
[0;32mI (1907) bridge_common: [WIFI_AP_DEF ]Name Server1: 114.114.114.114[0m
[0;32mI (1914) bridge_common: DHCPS Restart, deauth all station[0m
Add netif sta with 9d6a0ee(commit id)
[0;32mI (1923) bridge_common: netif list add success[0m
I (1929) wifi:mode : sta (08:a6:f7:11:51:a8) + softAP (08:a6:f7:11:51:a9)
I (1935) wifi:enable tsf
[0;31mE (1939) NVS: Failed to read IP info from NVS[0m
I (1942) wifi:Disabled PMF config for STA
[0;32mI (1946) bridge_wifi: [esp_bridge_wifi_set_config] sta ssid: TP-Link M7350 password: password[0m
[0;32mI (1956) bridge_wifi: [esp_bridge_wifi_set_config] softap ssid: ESP_Bridge_1151a9 password: 12345678[0m
I (2138) wifi:Total power save buffer number: 8
[0;32mI (2143) esp_netif_lwip: DHCP server started on interface WIFI_AP_DEF with IP: 192.168.5.1[0m
[0;32mI (2144) bridge_wifi: SoftAP config changed, deauth all station[0m
[0;32mI (2148) Mesh-Lite: esp-mesh-lite component version: 1.0.0[0m
I (2154) ESPNOW: espnow [version: 1.0] init
[0;32mI (2158) [vendor_ie]: Mesh-Lite commit id: bc9302d
 [0m
[0;32mI (2164) [vendor_ie]: Mesh ID: 77 [0m
[0;32mI (2170) [ESP_Mesh_Lite_Comm]: msg action add success [0m
[0;32mI (2175) [ESP_Mesh_Lite_Comm]: Bind Socket 54, port 6364 [0m
[0;32mI (2180) [ESP_Mesh_Lite_Comm]: Bind Socket 55, port 6363 [0m
[0;32mI (2186) [ESP_Mesh_Lite_Comm]: Bind Socket 56, port 6366 [0m
[0;32mI (2192) [ESP_Mesh_Lite_Comm]: Bind Socket 57, port 6365 [0m
[0;32mI (2199) [mesh-lite-espnow]: Start espnow task [0m
[0;33mW (2204) [vendor_ie]: [Unexpected restart]: the rtc data: temp_mesh_id:103, level:1, ssid:TP-Link M7350, bssid 00:00:00:00:00:00 [0m
[0;33mW (2215) [vendor_ie]: Try to connect the original parent node [0m
[0;32mI (2225) [vendor_ie]: esp_mesh_lite_wifi_connect return ESP_OK [0m
[0;31mE (2231) rc522: Read/write test failed[0m
[0;32mI (2233) gpio: GPIO[15]| InputEn: 0| OutputEn: 0| OpenDrain: 0| Pullup: 1| Pulldown: 0| Intr:0 [0m
[0;32mI (2244) gpio: GPIO[25]| InputEn: 1| OutputEn: 0| OpenDrain: 0| Pullup: 1| Pulldown: 0| Intr:2 [0m
[0;32mI (2252) cam_hal: cam init ok[0m
[0;32mI (2256) sccb: pin_sda 26 pin_scl 27[0m
[0;32mI (2259) sccb: sccb_i2c_port=1[0m
[0;32mI (2264) gpio: GPIO[32]| InputEn: 0| OutputEn: 1| OpenDrain: 0| Pullup: 0| Pulldown: 0| Intr:0 [0m
[0;32mI (2303) camera: Detected camera at address=0x30[0m
[0;32mI (2306) camera: Detected OV2640 camera[0m
[0;32mI (2307) camera: Camera PID=0x26 VER=0x42 MIDL=0x7f MIDH=0xa2[0m
Guru Meditation Error: Core  0 panic'ed (LoadProhibited). Exception was unhandled.

Core  0 register dump:
PC      : 0x400edb0e  PS      : 0x00060730  A0      : 0x800edf22  A1      : 0x3ffe98c0  
A2      : 0x3ffe7db0  A3      : 0x0000000d  A4      : 0x00000001  A5      : 0x3ffe98e6  
A6      : 0x00000002  A7      : 0x3ffe88b0  A8      : 0x00000000  A9      : 0x3ffe98b0  
A10     : 0x3ffe88b1  A11     : 0x3ffe98e7  A12     : 0x00000001  A13     : 0x3ffe88b2  
A14     : 0x00000007  A15     : 0x3f408adc  SAR     : 0x0000001c  EXCCAUSE: 0x0000001c  
EXCVADDR: 0x0000000c  LBEG    : 0x4008bb5c  LEND    : 0x4008bb6f  LCOUNT  : 0x00000000  


Backtrace: 0x400edb0b:0x3ffe98c0 0x400edf1f:0x3ffe98e0 0x400edff8:0x3ffe9910 0x400ee143:0x3ffe9940 0x4009000d:0x3ffe9970




ELF file SHA256: 382bf7e1d

Rebooting...
ets Jul 29 2019 12:21:46

rst:0xc (SW_CPU_RESET),boot:0x13 (SPI_FAST_FLASH_BOOT)
configsip: 0, SPIWP:0xee
clk_drv:0x00,q_drv:0x00,d_drv:0x00,cs0_drv:0x00,hd_drv:0x00,wp_drv:0x00
mode:DIO, clock div:2
load:0x3fff0030,len:7168
load:0x40078000,len:15452
load:0x40080400,len:4
load:0x40080404,len:3684
entry 0x40080614
[0;32mI (29) boot: ESP-IDF v5.3-dirty 2nd stage bootloader[0m
[0;32mI (29) boot: compile time Aug 17 2024 00:42:55[0m
[0;33mW (29) boot: Unicore bootloader[0m
[0;32mI (34) boot: chip revision: v3.1[0m
[0;32mI (37) boot.esp32: SPI Speed      : 40MHz[0m
[0;32mI (42) boot.esp32: SPI Mode       : DIO[0m
[0;32mI (47) boot.esp32: SPI Flash Size : 4MB[0m
[0;32mI (51) boot: Enabling RNG early entropy source...[0m
[0;32mI (57) boot: Partition Table:[0m
[0;32mI (60) boot: ## Label            Usage          Type ST Offset   Length[0m
[0;32mI (67) boot:  0 nvs              WiFi data        01 02 00009000 00004000[0m
[0;32mI (75) boot:  1 otadata          OTA data         01 00 0000d000 00002000[0m
[0;32mI (82) boot:  2 phy_init         RF data          01 01 0000f000 00001000[0m
[0;32mI (90) boot:  3 ota_0            OTA app          00 10 00010000 001e0000[0m
[0;32mI (97) boot:  4 ota_1            OTA app          00 11 001f0000 001e0000[0m
[0;32mI (105) boot:  5 coredump         Unknown data     01 03 003d0000 00010000[0m
[0;32mI (112) boot:  6 reserved         Unknown data     01 fe 003e0000 00020000[0m
[0;32mI (120) boot: End of partition table[0m
[0;32mI (124) esp_image: segment 0: paddr=00010020 vaddr=3f400020 size=30b9ch (199580) map[0m
[0;32mI (201) esp_image: segment 1: paddr=00040bc4 vaddr=3ffbdb60 size=0608ch ( 24716) load[0m
[0;32mI (211) esp_image: segment 2: paddr=00046c58 vaddr=40080000 size=093c0h ( 37824) load[0m
[0;32mI (226) esp_image: segment 3: paddr=00050020 vaddr=400d0020 size=cae34h (831028) map[0m
[0;32mI (511) esp_image: segment 4: paddr=0011ae5c vaddr=400893c0 size=14df0h ( 85488) load[0m
[0;32mI (560) boot: Loaded app from partition at offset 0x10000[0m
[0;32mI (560) boot: Disabling RNG early entropy source...[0m
[0;32mI (571) quad_psram: This chip is ESP32-D0WD[0m
[0;32mI (572) esp_psram: Found 8MB PSRAM device[0m
[0;32mI (572) esp_psram: Speed: 40MHz[0m
[0;32mI (576) esp_psram: PSRAM initialized, cache is in normal (1-core) mode.[0m
[0;33mW (583) esp_psram: Virtual address not enough for PSRAM, map as much as we can. 4MB is mapped[0m
[0;32mI (592) cpu_start: Unicore app[0m
[0;32mI (596) cpu_start: Single core mode[0m
[0;32mI (1525) esp_psram: SPI SRAM memory test OK[0m
[0;32mI (1533) cpu_start: Pro cpu start user code[0m
[0;32mI (1533) cpu_start: cpu freq: 240000000 Hz[0m
[0;32mI (1534) app_init: Application information:[0m
[0;32mI (1537) app_init: Project name:     mesh_local_control[0m
[0;32mI (1543) app_init: App version:      9d6a0ee-dirty[0m
[0;32mI (1548) app_init: Compile time:     Aug 17 2024 13:23:53[0m
[0;32mI (1554) app_init: ELF file SHA256:  382bf7e1d...[0m
[0;32mI (1560) app_init: ESP-IDF:          v5.3-dirty[0m
[0;32mI (1565) efuse_init: Min chip rev:     v0.0[0m
[0;32mI (1570) efuse_init: Max chip rev:     v3.99 [0m
[0;32mI (1575) efuse_init: Chip rev:         v3.1[0m
[0;32mI (1580) heap_init: Initializing. RAM available for dynamic allocation:[0m
[0;32mI (1587) heap_init: At 3FFAE6E0 len 0000F480 (61 KiB): DRAM[0m
[0;32mI (1593) heap_init: At 3FFC8A10 len 000175F0 (93 KiB): DRAM[0m
[0;32mI (1599) heap_init: At 3FFE0440 len 0001FBC0 (126 KiB): D/IRAM[0m
[0;32mI (1606) heap_init: At 40078000 len 00008000 (32 KiB): IRAM[0m
[0;32mI (1612) heap_init: At 4009E1B0 len 00001E50 (7 KiB): IRAM[0m
[0;32mI (1618) heap_init: At 3FF80000 len 00002000 (8 KiB): RTCRAM[0m
[0;32mI (1625) esp_psram: Adding pool of 4096K of PSRAM memory to heap allocator[0m
[0;32mI (1633) spi_flash: detected chip: generic[0m
[0;32mI (1637) spi_flash: flash io: dio[0m
[0;33mW (1641) i2c: This driver is an old driver, please migrate your application code to adapt `driver/i2c_master.h`[0m
[0;32mI (1652) coexist: coex firmware version: dab85ae96[0m
[0;32mI (1658) main_task: Started on CPU0[0m
[0;32mI (1661) esp_psram: Reserving pool of 32K of internal memory for DMA/internal allocations[0m
[0;32mI (1670) main_task: Calling app_main()[0m
[0;32mI (1691) bridge_common: esp-iot-bridge version: 0.11.8[0m
I (1694) wifi:wifi driver task: 3ffbd654, prio:23, stack:6656, core=0
I (1697) wifi:wifi firmware version: 0caa81945
I (1697) wifi:wifi certification version: v7.0
I (1701) wifi:config NVS flash: enabled
I (1705) wifi:config nano formating: disabled
I (1709) wifi:Init data frame dynamic rx buffer num: 32
I (1714) wifi:Init static rx mgmt buffer num: 5
I (1718) wifi:Init management short buffer num: 32
I (1723) wifi:Init static tx buffer num: 16
I (1727) wifi:Init tx cache buffer num: 32
I (1731) wifi:Init static rx buffer size: 1600
I (1735) wifi:Init static rx buffer num: 10
I (1738) wifi:Init dynamic rx buffer num: 32
[0;32mI (1743) wifi_init: accept mbox: 6[0m
[0;32mI (1746) wifi_init: tcpip mbox: 32[0m
[0;32mI (1751) wifi_init: udp mbox: 6[0m
[0;32mI (1754) wifi_init: tcp mbox: 6[0m
[0;32mI (1758) wifi_init: tcp tx win: 5760[0m
[0;32mI (1762) wifi_init: tcp rx win: 5760[0m
[0;32mI (1767) wifi_init: tcp mss: 1440[0m
[0;32mI (1771) wifi_init: WiFi IRAM OP enabled[0m
[0;32mI (1775) wifi_init: WiFi RX IRAM OP enabled[0m
[0;32mI (1781) phy_init: phy_version 4830,54550f7,Jun 20 2024,14:22:08[0m
I (1844) wifi:mode : null
I (1847) wifi:mode : softAP (08:a6:f7:11:51:a9)
I (1848) wifi:Total power save buffer number: 8
I (1849) wifi:Init max length of beacon: 752/752
I (1851) wifi:Init max length of beacon: 752/752
[0;32mI (1858) esp_netif_lwip: DHCP server started on interface WIFI_AP_DEF with IP: 192.168.4.1[0m
Add netif ap with 9d6a0ee(commit id)
[0;32mI (1867) bridge_common: netif list add success[0m
[0;32mI (1874) bridge_common: [WIFI_AP_DEF ][0m
[0;32mI (1878) bridge_common: Set ip info:192.168.5.1[0m
[0;32mI (1882) bridge_wifi: SoftAP IP network segment has changed, deauth all station[0m
I (1892) wifi:Disabled PMF config for SoftAP
I (1895) wifi:Total power save buffer number: 8
[0;32mI (1901) esp_netif_lwip: DHCP server started on interface WIFI_AP_DEF with IP: 192.168.5.1[0m
[0;32mI (1908) bridge_common: [WIFI_AP_DEF ]Name Server1: 114.114.114.114[0m
[0;32mI (1914) bridge_common: DHCPS Restart, deauth all station[0m
Add netif sta with 9d6a0ee(commit id)
[0;32mI (1924) bridge_common: netif list add success[0m
I (1930) wifi:mode : sta (08:a6:f7:11:51:a8) + softAP (08:a6:f7:11:51:a9)
I (1936) wifi:enable tsf
[0;31mE (1940) NVS: Failed to read IP info from NVS[0m
I (1943) wifi:Disabled PMF config for STA
[0;32mI (1947) bridge_wifi: [esp_bridge_wifi_set_config] sta ssid: TP-Link M7350 password: password[0m
[0;32mI (1956) bridge_wifi: [esp_bridge_wifi_set_config] softap ssid: ESP_Bridge_1151a9 password: 12345678[0m
I (2139) wifi:Total power save buffer number: 8
[0;32mI (2143) esp_netif_lwip: DHCP server started on interface WIFI_AP_DEF with IP: 192.168.5.1[0m
[0;32mI (2145) bridge_wifi: SoftAP config changed, deauth all station[0m
[0;32mI (2149) Mesh-Lite: esp-mesh-lite component version: 1.0.0[0m
I (2155) ESPNOW: espnow [version: 1.0] init
[0;32mI (2158) [vendor_ie]: Mesh-Lite commit id: bc9302d
 [0m
[0;32mI (2165) [vendor_ie]: Mesh ID: 77 [0m
[0;32mI (2171) [ESP_Mesh_Lite_Comm]: msg action add success [0m
[0;32mI (2176) [ESP_Mesh_Lite_Comm]: Bind Socket 54, port 6364 [0m
[0;32mI (2181) [ESP_Mesh_Lite_Comm]: Bind Socket 55, port 6363 [0m
[0;32mI (2187) [ESP_Mesh_Lite_Comm]: Bind Socket 56, port 6366 [0m
[0;32mI (2193) [ESP_Mesh_Lite_Comm]: Bind Socket 57, port 6365 [0m
[0;32mI (2199) [mesh-lite-espnow]: Start espnow task [0m
[0;33mW (2205) [vendor_ie]: [Unexpected restart]: the rtc data: temp_mesh_id:103, level:1, ssid:TP-Link M7350, bssid 00:00:00:00:00:00 [0m
[0;33mW (2216) [vendor_ie]: Try to connect the original parent node [0m
[0;32mI (2226) [vendor_ie]: esp_mesh_lite_wifi_connect return ESP_OK [0m
[0;31mE (2231) rc522: Read/write test failed[0m
[0;32mI (2234) gpio: GPIO[15]| InputEn: 0| OutputEn: 0| OpenDrain: 0| Pullup: 1| Pulldown: 0| Intr:0 [0m
[0;32mI (2245) gpio: GPIO[25]| InputEn: 1| OutputEn: 0| OpenDrain: 0| Pullup: 1| Pulldown: 0| Intr:2 [0m
[0;32mI (2253) cam_hal: cam init ok[0m
[0;32mI (2257) sccb: pin_sda 26 pin_scl 27[0m
[0;32mI (2260) sccb: sccb_i2c_port=1[0m
[0;32mI (2265) gpio: GPIO[32]| InputEn: 0| OutputEn: 1| OpenDrain: 0| Pullup: 0| Pulldown: 0| Intr:0 [0m
[0;32mI (2303) camera: Detected camera at address=0x30[0m
[0;32mI (2307) camera: Detected OV2640 camera[0m
[0;32mI (2307) camera: Camera PID=0x26 VER=0x42 MIDL=0x7f MIDH=0xa2[0m
Guru Meditation Error: Core  0 panic'ed (LoadProhibited). Exception was unhandled.

Core  0 register dump:
PC      : 0x400edb0e  PS      : 0x00060d30  A0      : 0x800edf22  A1      : 0x3ffe98c0  
A2      : 0x3ffe7db0  A3      : 0x0000000d  A4      : 0x00000001  A5      : 0x3ffe98e6  
A6      : 0x00000002  A7      : 0x3ffe88b0  A8      : 0x00000000  A9      : 0x3ffe98b0  
A10     : 0x3ffe88b1  A11     : 0x3ffe98e7  A12     : 0x00000001  A13     : 0x3ffe88b2  
A14     : 0x00000007  A15     : 0x3f408adc  SAR     : 0x0000001c  EXCCAUSE: 0x0000001c  
EXCVADDR: 0x0000000c  LBEG    : 0x4008bb5c  LEND    : 0x4008bb6f  LCOUNT  : 0x00000000  


Backtrace: 0x400edb0b:0x3ffe98c0 0x400edf1f:0x3ffe98e0 0x400edff8:0x3ffe9910 0x400ee143:0x3ffe9940 0x4009000d:0x3ffe9970




ELF file SHA256: 382bf7e1d

Rebooting...
ets Jul 29 2019 12:21:46

rst:0xc (SW_CPU_RESET),boot:0x13 (SPI_FAST_FLASH_BOOT)
configsip: 0, SPIWP:0xee
clk_drv:0x00,q_drv:0x00,d_drv:0x00,cs0_drv:0x00,hd_drv:0x00,wp_drv:0x00
mode:DIO, clock div:2
load:0x3fff0030,len:7168
load:0x40078000,len:15452
load:0x40080400,len:4
load:0x40080404,len:3684
entry 0x40080614
[0;32mI (29) boot: ESP-IDF v5.3-dirty 2nd stage bootloader[0m
[0;32mI (29) boot: compile time Aug 17 2024 00:42:55[0m
[0;33mW (29) boot: Unicore bootloader[0m
[0;32mI (34) boot: chip revision: v3.1[0m
[0;32mI (37) boot.esp32: SPI Speed      : 40MHz[0m
[0;32mI (42) boot.esp32: SPI Mode       : DIO[0m
[0;32mI (47) boot.esp32: SPI Flash Size : 4MB[0m
[0;32mI (51) boot: Enabling RNG early entropy source...[0m
[0;32mI (57) boot: Partition Table:[0m
[0;32mI (60) boot: ## Label            Usage          Type ST Offset   Length[0m
[0;32mI (67) boot:  0 nvs              WiFi data        01 02 00009000 00004000[0m
[0;32mI (75) boot:  1 otadata          OTA data         01 00 0000d000 00002000[0m
[0;32mI (82) boot:  2 phy_init         RF data          01 01 0000f000 00001000[0m
[0;32mI (90) boot:  3 ota_0            OTA app          00 10 00010000 001e0000[0m
[0;32mI (97) boot:  4 ota_1            OTA app          00 11 001f0000 001e0000[0m
[0;32mI (105) boot:  5 coredump         Unknown data     01 03 003d0000 00010000[0m
[0;32mI (112) boot:  6 reserved         Unknown data     01 fe 003e0000 00020000[0m
[0;32mI (120) boot: End of partition table[0m
[0;32mI (124) esp_image: segment 0: paddr=00010020 vaddr=3f400020 size=30b9ch (199580) map[0m
[0;32mI (201) esp_image: segment 1: paddr=00040bc4 vaddr=3ffbdb60 size=0608ch ( 24716) load[0m
[0;32mI (211) esp_image: segment 2: paddr=00046c58 vaddr=40080000 size=093c0h ( 37824) load[0m
[0;32mI (226) esp_image: segment 3: paddr=00050020 vaddr=400d0020 size=cae34h (831028) map[0m
[0;32mI (511) esp_image: segment 4: paddr=0011ae5c vaddr=400893c0 size=14df0h ( 85488) load[0m
[0;32mI (560) boot: Loaded app from partition at offset 0x10000[0m
[0;32mI (560) boot: Disabling RNG early entropy source...[0m
[0;32mI (571) quad_psram: This chip is ESP32-D0WD[0m
[0;32mI (572) esp_psram: Found 8MB PSRAM device[0m
[0;32mI (572) esp_psram: Speed: 40MHz[0m
[0;32mI (576) esp_psram: PSRAM initialized, cache is in normal (1-core) mode.[0m
[0;33mW (583) esp_psram: Virtual address not enough for PSRAM, map as much as we can. 4MB is mapped[0m
[0;32mI (592) cpu_start: Unicore app[0m
[0;32mI (596) cpu_start: Single core mode[0m
[0;32mI (1525) esp_psram: SPI SRAM memory test OK[0m
[0;32mI (1533) cpu_start: Pro cpu start user code[0m
[0;32mI (1533) cpu_start: cpu freq: 240000000 Hz[0m
[0;32mI (1534) app_init: Application information:[0m
[0;32mI (1537) app_init: Project name:     mesh_local_control[0m
[0;32mI (1543) app_init: App version:      9d6a0ee-dirty[0m
[0;32mI (1548) app_init: Compile time:     Aug 17 2024 13:23:53[0m
[0;32mI (1554) app_init: ELF file SHA256:  382bf7e1d...[0m
[0;32mI (1560) app_init: ESP-IDF:          v5.3-dirty[0m
[0;32mI (1565) efuse_init: Min chip rev:     v0.0[0m
[0;32mI (1570) efuse_init: Max chip rev:     v3.99 [0m
[0;32mI (1575) efuse_init: Chip rev:         v3.1[0m
[0;32mI (1580) heap_init: Initializing. RAM available for dynamic allocation:[0m
[0;32mI (1587) heap_init: At 3FFAE6E0 len 0000F480 (61 KiB): DRAM[0m
[0;32mI (1593) heap_init: At 3FFC8A10 len 000175F0 (93 KiB): DRAM[0m
[0;32mI (1599) heap_init: At 3FFE0440 len 0001FBC0 (126 KiB): D/IRAM[0m
[0;32mI (1606) heap_init: At 40078000 len 00008000 (32 KiB): IRAM[0m
[0;32mI (1612) heap_init: At 4009E1B0 len 00001E50 (7 KiB): IRAM[0m
[0;32mI (1618) heap_init: At 3FF80000 len 00002000 (8 KiB): RTCRAM[0m
[0;32mI (1625) esp_psram: Adding pool of 4096K of PSRAM memory to heap allocator[0m
[0;32mI (1633) spi_flash: detected chip: generic[0m
[0;32mI (1637) spi_flash: flash io: dio[0m
[0;33mW (1641) i2c: This driver is an old driver, please migrate your application code to adapt `driver/i2c_master.h`[0m
[0;32mI (1652) coexist: coex firmware version: dab85ae96[0m
[0;32mI (1658) main_task: Started on CPU0[0m
[0;32mI (1661) esp_psram: Reserving pool of 32K of internal memory for DMA/internal allocations[0m
[0;32mI (1670) main_task: Calling app_main()[0m
[0;32mI (1691) bridge_common: esp-iot-bridge version: 0.11.8[0m
I (1694) wifi:wifi driver task: 3ffbd654, prio:23, stack:6656, core=0
I (1697) wifi:wifi firmware version: 0caa81945
I (1697) wifi:wifi certification version: v7.0
I (1701) wifi:config NVS flash: enabled
I (1705) wifi:config nano formating: disabled
I (1709) wifi:Init data frame dynamic rx buffer num: 32
I (1714) wifi:Init static rx mgmt buffer num: 5
I (1718) wifi:Init management short buffer num: 32
I (1723) wifi:Init static tx buffer num: 16
I (1727) wifi:Init tx cache buffer num: 32
I (1731) wifi:Init static rx buffer size: 1600
I (1735) wifi:Init static rx buffer num: 10
I (1738) wifi:Init dynamic rx buffer num: 32
[0;32mI (1743) wifi_init: accept mbox: 6[0m
[0;32mI (1746) wifi_init: tcpip mbox: 32[0m
[0;32mI (1751) wifi_init: udp mbox: 6[0m
[0;32mI (1754) wifi_init: tcp mbox: 6[0m
[0;32mI (1758) wifi_init: tcp tx win: 5760[0m
[0;32mI (1762) wifi_init: tcp rx win: 5760[0m
[0;32mI (1767) wifi_init: tcp mss: 1440[0m
[0;32mI (1771) wifi_init: WiFi IRAM OP enabled[0m
[0;32mI (1775) wifi_init: WiFi RX IRAM OP enabled[0m
[0;32mI (1781) phy_init: phy_version 4830,54550f7,Jun 20 2024,14:22:08[0m
I (1844) wifi:mode : null
I (1847) wifi:mode : softAP (08:a6:f7:11:51:a9)
I (1849) wifi:Total power save buffer number: 8
I (1849) wifi:Init max length of beacon: 752/752
I (1852) wifi:Init max length of beacon: 752/752
[0;32mI (1858) esp_netif_lwip: DHCP server started on interface WIFI_AP_DEF with IP: 192.168.4.1[0m
Add netif ap with 9d6a0ee(commit id)
[0;32mI (1868) bridge_common: netif list add success[0m
[0;32mI (1874) bridge_common: [WIFI_AP_DEF ][0m
[0;32mI (1878) bridge_common: Set ip info:192.168.5.1[0m
[0;32mI (1883) bridge_wifi: SoftAP IP network segment has changed, deauth all station[0m
I (1893) wifi:Disabled PMF config for SoftAP
I (1895) wifi:Total power save buffer number: 8
[0;32mI (1902) esp_netif_lwip: DHCP server started on interface WIFI_AP_DEF with IP: 192.168.5.1[0m
[0;32mI (1908) bridge_common: [WIFI_AP_DEF ]Name Server1: 114.114.114.114[0m
[0;32mI (1915) bridge_common: DHCPS Restart, deauth all station[0m
Add netif sta with 9d6a0ee(commit id)
[0;32mI (1924) bridge_common: netif list add success[0m
I (1930) wifi:mode : sta (08:a6:f7:11:51:a8) + softAP (08:a6:f7:11:51:a9)
I (1936) wifi:enable tsf
[0;31mE (1940) NVS: Failed to read IP info from NVS[0m
I (1944) wifi:Disabled PMF config for STA
[0;32mI (1947) bridge_wifi: [esp_bridge_wifi_set_config] sta ssid: TP-Link M7350 password: password[0m
[0;32mI (1957) bridge_wifi: [esp_bridge_wifi_set_config] softap ssid: ESP_Bridge_1151a9 password: 12345678[0m
I (2139) wifi:Total power save buffer number: 8
[0;32mI (2144) esp_netif_lwip: DHCP server started on interface WIFI_AP_DEF with IP: 192.168.5.1[0m
[0;32mI (2145) bridge_wifi: SoftAP config changed, deauth all station[0m
[0;32mI (2149) Mesh-Lite: esp-mesh-lite component version: 1.0.0[0m
I (2155) ESPNOW: espnow [version: 1.0] init
[0;32mI (2159) [vendor_ie]: Mesh-Lite commit id: bc9302d
 [0m
[0;32mI (2165) [vendor_ie]: Mesh ID: 77 [0m
[0;32mI (2171) [ESP_Mesh_Lite_Comm]: msg action add success [0m
[0;32mI (2177) [ESP_Mesh_Lite_Comm]: Bind Socket 54, port 6364 [0m
[0;32mI (2181) [ESP_Mesh_Lite_Comm]: Bind Socket 55, port 6363 [0m
[0;32mI (2187) [ESP_Mesh_Lite_Comm]: Bind Socket 56, port 6366 [0m
[0;32mI (2193) [ESP_Mesh_Lite_Comm]: Bind Socket 57, port 6365 [0m
[0;32mI (2200) [mesh-lite-espnow]: Start espnow task [0m
[0;33mW (2205) [vendor_ie]: [Unexpected restart]: the rtc data: temp_mesh_id:103, level:1, ssid:TP-Link M7350, bssid 00:00:00:00:00:00 [0m
[0;33mW (2216) [vendor_ie]: Try to connect the original parent node [0m
[0;32mI (2226) [vendor_ie]: esp_mesh_lite_wifi_connect return ESP_OK [0m
[0;31mE (2232) rc522: Read/write test failed[0m
[0;32mI (2234) gpio: GPIO[15]| InputEn: 0| OutputEn: 0| OpenDrain: 0| Pullup: 1| Pulldown: 0| Intr:0 [0m
[0;32mI (2245) gpio: GPIO[25]| InputEn: 1| OutputEn: 0| OpenDrain: 0| Pullup: 1| Pulldown: 0| Intr:2 [0m
[0;32mI (2253) cam_hal: cam init ok[0m
[0;32mI (2257) sccb: pin_sda 26 pin_scl 27[0m
[0;32mI (2260) sccb: sccb_i2c_port=1[0m
[0;32mI (2265) gpio: GPIO[32]| InputEn: 0| OutputEn: 1| OpenDrain: 0| Pullup: 0| Pulldown: 0| Intr:0 [0m
[0;32mI (2304) camera: Detected camera at address=0x30[0m
[0;32mI (2307) camera: Detected OV2640 camera[0m
[0;32mI (2308) camera: Camera PID=0x26 VER=0x42 MIDL=0x7f MIDH=0xa2[0m
Guru Meditation Error: Core  0 panic'ed (LoadProhibited). Exception was unhandled.

Core  0 register dump:
PC      : 0x400edb0e  PS      : 0x00060b30  A0      : 0x800edf22  A1      : 0x3ffe98c0  
A2      : 0x3ffe7db0  A3      : 0x0000000d  A4      : 0x00000001  A5      : 0x3ffe98e6  
A6      : 0x00000002  A7      : 0x3ffe88b0  A8      : 0x00000000  A9      : 0x3ffe98b0  
A10     : 0x3ffe88b1  A11     : 0x3ffe98e7  A12     : 0x00000001  A13     : 0x3ffe88b2  
A14     : 0x00000007  A15     : 0x3f408adc  SAR     : 0x0000001c  EXCCAUSE: 0x0000001c  
EXCVADDR: 0x0000000c  LBEG    : 0x4008bb5c  LEND    : 0x4008bb6f  LCOUNT  : 0x00000000  


Backtrace: 0x400edb0b:0x3ffe98c0 0x400edf1f:0x3ffe98e0 0x400edff8:0x3ffe9910 0x400ee143:0x3ffe9940 0x4009000d:0x3ffe9970




ELF file SHA256: 382bf7e1d

Rebooting...
ets Jul 29 2019 12:21:46

rst:0xc (SW_CPU_RESET),boot:0x13 (SPI_FAST_FLASH_BOOT)
configsip: 0, SPIWP:0xee
clk_drv:0x00,q_drv:0x00,d_drv:0x00,cs0_drv:0x00,hd_drv:0x00,wp_drv:0x00
mode:DIO, clock div:2
load:0x3fff0030,len:7168
load:0x40078000,len:15452
load:0x40080400,len:4
load:0x40080404,len:3684
entry 0x40080614
[0;32mI (29) boot: ESP-IDF v5.3-dirty 2nd stage bootloader[0m
[0;32mI (29) boot: compile time Aug 17 2024 00:42:55[0m
[0;33mW (29) boot: Unicore bootloader[0m
[0;32mI (34) boot: chip revision: v3.1[0m
[0;32mI (37) boot.esp32: SPI Speed      : 40MHz[0m
[0;32mI (42) boot.esp32: SPI Mode       : DIO[0m
[0;32mI (47) boot.esp32: SPI Flash Size : 4MB[0m
[0;32mI (51) boot: Enabling RNG early entropy source...[0m
[0;32mI (57) boot: Partition Table:[0m
[0;32mI (60) boot: ## Label            Usage          Type ST Offset   Length[0m
[0;32mI (67) boot:  0 nvs              WiFi data        01 02 00009000 00004000[0m
[0;32mI (75) boot:  1 otadata          OTA data         01 00 0000d000 00002000[0m
[0;32mI (82) boot:  2 phy_init         RF data          01 01 0000f000 00001000[0m
[0;32mI (90) boot:  3 ota_0            OTA app          00 10 00010000 001e0000[0m
[0;32mI (97) boot:  4 ota_1            OTA app          00 11 001f0000 001e0000[0m
[0;32mI (105) boot:  5 coredump         Unknown data     01 03 003d0000 00010000[0m
[0;32mI (112) boot:  6 reserved         Unknown data     01 fe 003e0000 00020000[0m
[0;32mI (120) boot: End of partition table[0m
[0;32mI (124) esp_image: segment 0: paddr=00010020 vaddr=3f400020 size=30b9ch (199580) map[0m
[0;32mI (201) esp_image: segment 1: paddr=00040bc4 vaddr=3ffbdb60 size=0608ch ( 24716) load[0m
[0;32mI (211) esp_image: segment 2: paddr=00046c58 vaddr=40080000 size=093c0h ( 37824) load[0m
[0;32mI (226) esp_image: segment 3: paddr=00050020 vaddr=400d0020 size=cae34h (831028) map[0m
[0;32mI (511) esp_image: segment 4: paddr=0011ae5c vaddr=400893c0 size=14df0h ( 85488) load[0m
[0;32mI (560) boot: Loaded app from partition at offset 0x10000[0m
[0;32mI (560) boot: Disabling RNG early entropy source...[0m
[0;32mI (571) quad_psram: This chip is ESP32-D0WD[0m
[0;32mI (572) esp_psram: Found 8MB PSRAM device[0m
[0;32mI (572) esp_psram: Speed: 40MHz[0m
[0;32mI (576) esp_psram: PSRAM initialized, cache is in normal (1-core) mode.[0m
[0;33mW (583) esp_psram: Virtual address not enough for PSRAM, map as much as we can. 4MB is mapped[0m
[0;32mI (592) cpu_start: Unicore app[0m
[0;32mI (596) cpu_start: Single core mode[0m
[0;32mI (1525) esp_psram: SPI SRAM memory test OK[0m
[0;32mI (1533) cpu_start: Pro cpu start user code[0m
[0;32mI (1534) cpu_start: cpu freq: 240000000 Hz[0m
[0;32mI (1534) app_init: Application information:[0m
[0;32mI (1537) app_init: Project name:     mesh_local_control[0m
[0;32mI (1543) app_init: App version:      9d6a0ee-dirty[0m
[0;32mI (1548) app_init: Compile time:     Aug 17 2024 13:23:53[0m
[0;32mI (1554) app_init: ELF file SHA256:  382bf7e1d...[0m
[0;32mI (1560) app_init: ESP-IDF:          v5.3-dirty[0m
[0;32mI (1565) efuse_init: Min chip rev:     v0.0[0m
[0;32mI (1570) efuse_init: Max chip rev:     v3.99 [0m
[0;32mI (1575) efuse_init: Chip rev:         v3.1[0m
[0;32mI (1580) heap_init: Initializing. RAM available for dynamic allocation:[0m
[0;32mI (1587) heap_init: At 3FFAE6E0 len 0000F480 (61 KiB): DRAM[0m
[0;32mI (1593) heap_init: At 3FFC8A10 len 000175F0 (93 KiB): DRAM[0m
[0;32mI (1599) heap_init: At 3FFE0440 len 0001FBC0 (126 KiB): D/IRAM[0m
[0;32mI (1606) heap_init: At 40078000 len 00008000 (32 KiB): IRAM[0m
[0;32mI (1612) heap_init: At 4009E1B0 len 00001E50 (7 KiB): IRAM[0m
[0;32mI (1618) heap_init: At 3FF80000 len 00002000 (8 KiB): RTCRAM[0m
[0;32mI (1625) esp_psram: Adding pool of 4096K of PSRAM memory to heap allocator[0m
[0;32mI (1633) spi_flash: detected chip: generic[0m
[0;32mI (1637) spi_flash: flash io: dio[0m
[0;33mW (1641) i2c: This driver is an old driver, please migrate your application code to adapt `driver/i2c_master.h`[0m
[0;32mI (1652) coexist: coex firmware version: dab85ae96[0m
[0;32mI (1658) main_task: Started on CPU0[0m
[0;32mI (1661) esp_psram: Reserving pool of 32K of internal memory for DMA/internal allocations[0m
[0;32mI (1670) main_task: Calling app_main()[0m
[0;32mI (1691) bridge_common: esp-iot-bridge version: 0.11.8[0m
I (1694) wifi:wifi driver task: 3ffbd654, prio:23, stack:6656, core=0
I (1697) wifi:wifi firmware version: 0caa81945
I (1697) wifi:wifi certification version: v7.0
I (1701) wifi:config NVS flash: enabled
I (1705) wifi:config nano formating: disabled
I (1709) wifi:Init data frame dynamic rx buffer num: 32
I (1714) wifi:Init static rx mgmt buffer num: 5
I (1718) wifi:Init management short buffer num: 32
I (1723) wifi:Init static tx buffer num: 16
I (1727) wifi:Init tx cache buffer num: 32
I (1731) wifi:Init static rx buffer size: 1600
I (1735) wifi:Init static rx buffer num: 10
I (1738) wifi:Init dynamic rx buffer num: 32
[0;32mI (1743) wifi_init: accept mbox: 6[0m
[0;32mI (1746) wifi_init: tcpip mbox: 32[0m
[0;32mI (1751) wifi_init: udp mbox: 6[0m
[0;32mI (1754) wifi_init: tcp mbox: 6[0m
[0;32mI (1758) wifi_init: tcp tx win: 5760[0m
[0;32mI (1762) wifi_init: tcp rx win: 5760[0m
[0;32mI (1767) wifi_init: tcp mss: 1440[0m
[0;32mI (1771) wifi_init: WiFi IRAM OP enabled[0m
[0;32mI (1775) wifi_init: WiFi RX IRAM OP enabled[0m
[0;32mI (1781) phy_init: phy_version 4830,54550f7,Jun 20 2024,14:22:08[0m
I (1844) wifi:mode : null
I (1847) wifi:mode : softAP (08:a6:f7:11:51:a9)
I (1849) wifi:Total power save buffer number: 8
I (1849) wifi:Init max length of beacon: 752/752
I (1852) wifi:Init max length of beacon: 752/752
[0;32mI (1859) esp_netif_lwip: DHCP server started on interface WIFI_AP_DEF with IP: 192.168.4.1[0m
Add netif ap with 9d6a0ee(commit id)
[0;32mI (1868) bridge_common: netif list add success[0m
[0;32mI (1874) bridge_common: [WIFI_AP_DEF ][0m
[0;32mI (1879) bridge_common: Set ip info:192.168.5.1[0m
[0;32mI (1883) bridge_wifi: SoftAP IP network segment has changed, deauth all station[0m
I (1893) wifi:Disabled PMF config for SoftAP
I (1896) wifi:Total power save buffer number: 8
[0;32mI (1902) esp_netif_lwip: DHCP server started on interface WIFI_AP_DEF with IP: 192.168.5.1[0m
[0;32mI (1908) bridge_common: [WIFI_AP_DEF ]Name Server1: 114.114.114.114[0m
[0;32mI (1915) bridge_common: DHCPS Restart, deauth all station[0m
Add netif sta with 9d6a0ee(commit id)
[0;32mI (1924) bridge_common: netif list add success[0m
I (1930) wifi:mode : sta (08:a6:f7:11:51:a8) + softAP (08:a6:f7:11:51:a9)
I (1936) wifi:enable tsf
[0;31mE (1940) NVS: Failed to read IP info from NVS[0m
I (1944) wifi:Disabled PMF config for STA
[0;32mI (1947) bridge_wifi: [esp_bridge_wifi_set_config] sta ssid: TP-Link M7350 password: password[0m
[0;32mI (1957) bridge_wifi: [esp_bridge_wifi_set_config] softap ssid: ESP_Bridge_1151a9 password: 12345678[0m
I (2140) wifi:Total power save buffer number: 8
[0;32mI (2144) esp_netif_lwip: DHCP server started on interface WIFI_AP_DEF with IP: 192.168.5.1[0m
[0;32mI (2145) bridge_wifi: SoftAP config changed, deauth all station[0m
[0;32mI (2149) Mesh-Lite: esp-mesh-lite component version: 1.0.0[0m
I (2156) ESPNOW: espnow [version: 1.0] init
[0;32mI (2159) [vendor_ie]: Mesh-Lite commit id: bc9302d
 [0m
[0;32mI (2166) [vendor_ie]: Mesh ID: 77 [0m
[0;32mI (2171) [ESP_Mesh_Lite_Comm]: msg action add success [0m
[0;32mI (2177) [ESP_Mesh_Lite_Comm]: Bind Socket 54, port 6364 [0m
[0;32mI (2181) [ESP_Mesh_Lite_Comm]: Bind Socket 55, port 6363 [0m
[0;32mI (2187) [ESP_Mesh_Lite_Comm]: Bind Socket 56, port 6366 [0m
[0;32mI (2193) [ESP_Mesh_Lite_Comm]: Bind Socket 57, port 6365 [0m
[0;32mI (2200) [mesh-lite-espnow]: Start espnow task [0m
[0;33mW (2206) [vendor_ie]: [Unexpected restart]: the rtc data: temp_mesh_id:103, level:1, ssid:TP-Link M7350, bssid 00:00:00:00:00:00 [0m
[0;33mW (2217) [vendor_ie]: Try to connect the original parent node [0m
[0;32mI (2226) [vendor_ie]: esp_mesh_lite_wifi_connect return ESP_OK [0m
[0;31mE (2232) rc522: Read/write test failed[0m
[0;32mI (2234) gpio: GPIO[15]| InputEn: 0| OutputEn: 0| OpenDrain: 0| Pullup: 1| Pulldown: 0| Intr:0 [0m
[0;32mI (2245) gpio: GPIO[25]| InputEn: 1| OutputEn: 0| OpenDrain: 0| Pullup: 1| Pulldown: 0| Intr:2 [0m
[0;32mI (2254) cam_hal: cam init ok[0m
[0;32mI (2257) sccb: pin_sda 26 pin_scl 27[0m
[0;32mI (2261) sccb: sccb_i2c_port=1[0m
[0;32mI (2265) gpio: GPIO[32]| InputEn: 0| OutputEn: 1| OpenDrain: 0| Pullup: 0| Pulldown: 0| Intr:0 [0m
[0;32mI (2304) camera: Detected camera at address=0x30[0m
[0;32mI (2308) camera: Detected OV2640 camera[0m
[0;32mI (2308) camera: Camera PID=0x26 VER=0x42 MIDL=0x7f MIDH=0xa2[0m
Guru Meditation Error: Core  0 panic'ed (LoadProhibited). Exception was unhandled.

Core  0 register dump:
PC      : 0x400edb0e  PS      : 0x00060b30  A0      : 0x800edf22  A1      : 0x3ffe98c0  
A2      : 0x3ffe7db0  A3      : 0x0000000d  A4      : 0x00000001  A5      : 0x3ffe98e6  
A6      : 0x00000002  A7      : 0x3ffe88b0  A8      : 0x00000000  A9      : 0x3ffe98b0  
A10     : 0x3ffe88b1  A11     : 0x3ffe98e7  A12     : 0x00000001  A13     : 0x3ffe88b2  
A14     : 0x00000007  A15     : 0x3f408adc  SAR     : 0x0000001c  EXCCAUSE: 0x0000001c  
EXCVADDR: 0x0000000c  LBEG    : 0x4008bb5c  LEND    : 0x4008bb6f  LCOUNT  : 0x00000000  


Backtrace: 0x400edb0b:0x3ffe98c0 0x400edf1f:0x3ffe98e0 0x400edff8:0x3ffe9910 0x400ee143:0x3ffe9940 0x4009000d:0x3ffe9970




ELF file SHA256: 382bf7e1d

Rebooting...
ets Jul 29 2019 12:21:46

rst:0xc (SW_CPU_RESET),boot:0x13 (SPI_FAST_FLASH_BOOT)
configsip: 0, SPIWP:0xee
clk_drv:0x00,q_drv:0x00,d_drv:0x00,cs0_drv:0x00,hd_drv:0x00,wp_drv:0x00
mode:DIO, clock div:2
load:0x3fff0030,len:7168
load:0x40078000,len:15452
load:0x40080400,len:4
load:0x40080404,len:3684
entry 0x40080614
[0;32mI (29) boot: ESP-IDF v5.3-dirty 2nd stage bootloader[0m
[0;32mI (29) boot: compile time Aug 17 2024 00:42:55[0m
[0;33mW (29) boot: Unicore bootloader[0m
[0;32mI (34) boot: chip revision: v3.1[0m
[0;32mI (37) boot.esp32: SPI Speed      : 40MHz[0m
[0;32mI (42) boot.esp32: SPI Mode       : DIO[0m
[0;32mI (47) boot.esp32: SPI Flash Size : 4MB[0m
[0;32mI (51) boot: Enabling RNG early entropy source...[0m
[0;32mI (57) boot: Partition Table:[0m
[0;32mI (60) boot: ## Label            Usage          Type ST Offset   Length[0m
[0;32mI (67) boot:  0 nvs              WiFi data        01 02 00009000 00004000[0m
[0;32mI (75) boot:  1 otadata          OTA data         01 00 0000d000 00002000[0m
[0;32mI (82) boot:  2 phy_init         RF data          01 01 0000f000 00001000[0m
[0;32mI (90) boot:  3 ota_0            OTA app          00 10 00010000 001e0000[0m
[0;32mI (97) boot:  4 ota_1            OTA app          00 11 001f0000 001e0000[0m
[0;32mI (105) boot:  5 coredump         Unknown data     01 03 003d0000 00010000[0m
[0;32mI (112) boot:  6 reserved         Unknown data     01 fe 003e0000 00020000[0m
[0;32mI (120) boot: End of partition table[0m
[0;32mI (124) esp_image: segment 0: paddr=00010020 vaddr=3f400020 size=30b9ch (199580) map[0m
[0;32mI (201) esp_image: segment 1: paddr=00040bc4 vaddr=3ffbdb60 size=0608ch ( 24716) load[0m
[0;32mI (211) esp_image: segment 2: paddr=00046c58 vaddr=40080000 size=093c0h ( 37824) load[0m
[0;32mI (226) esp_image: segment 3: paddr=00050020 vaddr=400d0020 size=cae34h (831028) map[0m
[0;32mI (511) esp_image: segment 4: paddr=0011ae5c vaddr=400893c0 size=14df0h ( 85488) load[0m
[0;32mI (560) boot: Loaded app from partition at offset 0x10000[0m
[0;32mI (560) boot: Disabling RNG early entropy source...[0m
[0;32mI (571) quad_psram: This chip is ESP32-D0WD[0m
[0;32mI (572) esp_psram: Found 8MB PSRAM device[0m
[0;32mI (572) esp_psram: Speed: 40MHz[0m
[0;32mI (576) esp_psram: PSRAM initialized, cache is in normal (1-core) mode.[0m
[0;33mW (583) esp_psram: Virtual address not enough for PSRAM, map as much as we can. 4MB is mapped[0m
[0;32mI (592) cpu_start: Unicore app[0m
[0;32mI (596) cpu_start: Single core mode[0m
[0;32mI (1525) esp_psram: SPI SRAM memory test OK[0m
[0;32mI (1533) cpu_start: Pro cpu start user code[0m
[0;32mI (1534) cpu_start: cpu freq: 240000000 Hz[0m
[0;32mI (1534) app_init: Application information:[0m
[0;32mI (1537) app_init: Project name:     mesh_local_control[0m
[0;32mI (1543) app_init: App version:      9d6a0ee-dirty[0m
[0;32mI (1548) app_init: Compile time:     Aug 17 2024 13:23:53[0m
[0;32mI (1554) app_init: ELF file SHA256:  382bf7e1d...[0m
[0;32mI (1560) app_init: ESP-IDF:          v5.3-dirty[0m
[0;32mI (1565) efuse_init: Min chip rev:     v0.0[0m
[0;32mI (1570) efuse_init: Max chip rev:     v3.99 [0m
[0;32mI (1575) efuse_init: Chip rev:         v3.1[0m
[0;32mI (1580) heap_init: Initializing. RAM available for dynamic allocation:[0m
[0;32mI (1587) heap_init: At 3FFAE6E0 len 0000F480 (61 KiB): DRAM[0m
[0;32mI (1593) heap_init: At 3FFC8A10 len 000175F0 (93 KiB): DRAM[0m
[0;32mI (1599) heap_init: At 3FFE0440 len 0001FBC0 (126 KiB): D/IRAM[0m
[0;32mI (1606) heap_init: At 40078000 len 00008000 (32 KiB): IRAM[0m
[0;32mI (1612) heap_init: At 4009E1B0 len 00001E50 (7 KiB): IRAM[0m
[0;32mI (1618) heap_init: At 3FF80000 len 00002000 (8 KiB): RTCRAM[0m
[0;32mI (1625) esp_psram: Adding pool of 4096K of PSRAM memory to heap allocator[0m
[0;32mI (1633) spi_flash: detected chip: generic[0m
[0;32mI (1637) spi_flash: flash io: dio[0m
[0;33mW (1641) i2c: This driver is an old driver, please migrate your application code to adapt `driver/i2c_master.h`[0m
[0;32mI (1652) coexist: coex firmware version: dab85ae96[0m
[0;32mI (1658) main_task: Started on CPU0[0m
[0;32mI (1661) esp_psram: Reserving pool of 32K of internal memory for DMA/internal allocations[0m
[0;32mI (1670) main_task: Calling app_main()[0m
[0;32mI (1691) bridge_common: esp-iot-bridge version: 0.11.8[0m
I (1694) wifi:wifi driver task: 3ffbd654, prio:23, stack:6656, core=0
I (1697) wifi:wifi firmware version: 0caa81945
I (1697) wifi:wifi certification version: v7.0
I (1701) wifi:config NVS flash: enabled
I (1705) wifi:config nano formating: disabled
I (1709) wifi:Init data frame dynamic rx buffer num: 32
I (1714) wifi:Init static rx mgmt buffer num: 5
I (1718) wifi:Init management short buffer num: 32
I (1723) wifi:Init static tx buffer num: 16
I (1727) wifi:Init tx cache buffer num: 32
I (1731) wifi:Init static rx buffer size: 1600
I (1735) wifi:Init static rx buffer num: 10
I (1738) wifi:Init dynamic rx buffer num: 32
[0;32mI (1743) wifi_init: accept mbox: 6[0m
[0;32mI (1746) wifi_init: tcpip mbox: 32[0m
[0;32mI (1751) wifi_init: udp mbox: 6[0m
[0;32mI (1754) wifi_init: tcp mbox: 6[0m
[0;32mI (1758) wifi_init: tcp tx win: 5760[0m
[0;32mI (1762) wifi_init: tcp rx win: 5760[0m
[0;32mI (1767) wifi_init: tcp mss: 1440[0m
[0;32mI (1771) wifi_init: WiFi IRAM OP enabled[0m
[0;32mI (1775) wifi_init: WiFi RX IRAM OP enabled[0m
[0;32mI (1781) phy_init: phy_version 4830,54550f7,Jun 20 2024,14:22:08[0m
I (1844) wifi:mode : null
I (1847) wifi:mode : softAP (08:a6:f7:11:51:a9)
I (1849) wifi:Total power save buffer number: 8
I (1849) wifi:Init max length of beacon: 752/752
I (1852) wifi:Init max length of beacon: 752/752
[0;32mI (1859) esp_netif_lwip: DHCP server started on interface WIFI_AP_DEF with IP: 192.168.4.1[0m
Add netif ap with 9d6a0ee(commit id)
[0;32mI (1868) bridge_common: netif list add success[0m
[0;32mI (1874) bridge_common: [WIFI_AP_DEF ][0m
[0;32mI (1879) bridge_common: Set ip info:192.168.5.1[0m
[0;32mI (1883) bridge_wifi: SoftAP IP network segment has changed, deauth all station[0m
I (1893) wifi:Disabled PMF config for SoftAP
I (1896) wifi:Total power save buffer number: 8
[0;32mI (1902) esp_netif_lwip: DHCP server started on interface WIFI_AP_DEF with IP: 192.168.5.1[0m
[0;32mI (1908) bridge_common: [WIFI_AP_DEF ]Name Server1: 114.114.114.114[0m
[0;32mI (1915) bridge_common: DHCPS Restart, deauth all station[0m
Add netif sta with 9d6a0ee(commit id)
[0;32mI (1924) bridge_common: netif list add success[0m
I (1930) wifi:mode : sta (08:a6:f7:11:51:a8) + softAP (08:a6:f7:11:51:a9)
I (1936) wifi:enable tsf
[0;31mE (1940) NVS: Failed to read IP info from NVS[0m
I (1944) wifi:Disabled PMF config for STA
[0;32mI (1947) bridge_wifi: [esp_bridge_wifi_set_config] sta ssid: TP-Link M7350 password: password[0m
[0;32mI (1957) bridge_wifi: [esp_bridge_wifi_set_config] softap ssid: ESP_Bridge_1151a9 password: 12345678[0m
I (2140) wifi:Total power save buffer number: 8
[0;32mI (2144) esp_netif_lwip: DHCP server started on interface WIFI_AP_DEF with IP: 192.168.5.1[0m
[0;32mI (2145) bridge_wifi: SoftAP config changed, deauth all station[0m
[0;32mI (2149) Mesh-Lite: esp-mesh-lite component version: 1.0.0[0m
I (2156) ESPNOW: espnow [version: 1.0] init
[0;32mI (2159) [vendor_ie]: Mesh-Lite commit id: bc9302d
 [0m
[0;32mI (2166) [vendor_ie]: Mesh ID: 77 [0m
[0;32mI (2171) [ESP_Mesh_Lite_Comm]: msg action add success [0m
[0;32mI (2177) [ESP_Mesh_Lite_Comm]: Bind Socket 54, port 6364 [0m
[0;32mI (2181) [ESP_Mesh_Lite_Comm]: Bind Socket 55, port 6363 [0m
[0;32mI (2187) [ESP_Mesh_Lite_Comm]: Bind Socket 56, port 6366 [0m
[0;32mI (2193) [ESP_Mesh_Lite_Comm]: Bind Socket 57, port 6365 [0m
[0;32mI (2200) [mesh-lite-espnow]: Start espnow task [0m
[0;33mW (2206) [vendor_ie]: [Unexpected restart]: the rtc data: temp_mesh_id:103, level:1, ssid:TP-Link M7350, bssid 00:00:00:00:00:00 [0m
[0;33mW (2217) [vendor_ie]: Try to connect the original parent node [0m
[0;32mI (2226) [vendor_ie]: esp_mesh_lite_wifi_connect return ESP_OK [0m
[0;31mE (2232) rc522: Read/write test failed[0m
[0;32mI (2234) gpio: GPIO[15]| InputEn: 0| OutputEn: 0| OpenDrain: 0| Pullup: 1| Pulldown: 0| Intr:0 [0m
[0;32mI (2245) gpio: GPIO[25]| InputEn: 1| OutputEn: 0| OpenDrain: 0| Pullup: 1| Pulldown: 0| Intr:2 [0m
[0;32mI (2254) cam_hal: cam init ok[0m
[0;32mI (2257) sccb: pin_sda 26 pin_scl 27[0m
[0;32mI (2261) sccb: sccb_i2c_port=1[0m
[0;32mI (2265) gpio: GPIO[32]| InputEn: 0| OutputEn: 1| OpenDrain: 0| Pullup: 0| Pulldown: 0| Intr:0 [0m
[0;32mI (2304) camera: Detected camera at address=0x30[0m
[0;32mI (2308) camera: Detected OV2640 camera[0m
[0;32mI (2308) camera: Camera PID=0x26 VER=0x42 MIDL=0x7f MIDH=0xa2[0m
Guru Meditation Error: Core  0 panic'ed (LoadProhibited). Exception was unhandled.

Core  0 register dump:
PC      : 0x400edb0e  PS      : 0x00060b30  A0      : 0x800edf22  A1      : 0x3ffe98c0  
A2      : 0x3ffe7db0  A3      : 0x0000000d  A4      : 0x00000001  A5      : 0x3ffe98e6  
A6      : 0x00000002  A7      : 0x3ffe88b0  A8      : 0x00000000  A9      : 0x3ffe98b0  
A10     : 0x3ffe88b1  A11     : 0x3ffe98e7  A12     : 0x00000001  A13     : 0x3ffe88b2  
A14     : 0x00000007  A15     : 0x3f408adc  SAR     : 0x0000001c  EXCCAUSE: 0x0000001c  
EXCVADDR: 0x0000000c  LBEG    : 0x4008bb5c  LEND    : 0x4008bb6f  LCOUNT  : 0x00000000  


Backtrace: 0x400edb0b:0x3ffe98c0 0x400edf1f:0x3ffe98e0 0x400edff8:0x3ffe9910 0x400ee143:0x3ffe9940 0x4009000d:0x3ffe9970




ELF file SHA256: 382bf7e1d

Rebooting...
ets Jul 29 2019 12:21:46

rst:0xc (SW_CPU_RESET),boot:0x13 (SPI_FAST_FLASH_BOOT)
configsip: 0, SPIWP:0xee
clk_drv:0x00,q_drv:0x00,d_drv:0x00,cs0_drv:0x00,hd_drv:0x00,wp_drv:0x00
mode:DIO, clock div:2
load:0x3fff0030,len:7168
load:0x40078000,len:15452
load:0x40080400,len:4
load:0x40080404,len:3684
entry 0x40080614
[0;32mI (29) boot: ESP-IDF v5.3-dirty 2nd stage bootloader[0m
[0;32mI (29) boot: compile time Aug 17 2024 00:42:55[0m
[0;33mW (29) boot: Unicore bootloader[0m
[0;32mI (34) boot: chip revision: v3.1[0m
[0;32mI (37) boot.esp32: SPI Speed      : 40MHz[0m
[0;32mI (42) boot.esp32: SPI Mode       : DIO[0m
[0;32mI (47) boot.esp32: SPI Flash Size : 4MB[0m
[0;32mI (51) boot: Enabling RNG early entropy source...[0m
[0;32mI (57) boot: Partition Table:[0m
[0;32mI (60) boot: ## Label            Usage          Type ST Offset   Length[0m
[0;32mI (67) boot:  0 nvs              WiFi data        01 02 00009000 00004000[0m
[0;32mI (75) boot:  1 otadata          OTA data         01 00 0000d000 00002000[0m
[0;32mI (82) boot:  2 phy_init         RF data          01 01 0000f000 00001000[0m
[0;32mI (90) boot:  3 ota_0            OTA app          00 10 00010000 001e0000[0m
[0;32mI (97) boot:  4 ota_1            OTA app          00 11 001f0000 001e0000[0m
[0;32mI (105) boot:  5 coredump         Unknown data     01 03 003d0000 00010000[0m
[0;32mI (112) boot:  6 reserved         Unknown data     01 fe 003e0000 00020000[0m
[0;32mI (120) boot: End of partition table[0m
[0;32mI (124) esp_image: segment 0: paddr=00010020 vaddr=3f400020 size=30b9ch (199580) map[0m
[0;32mI (201) esp_image: segment 1: paddr=00040bc4 vaddr=3ffbdb60 size=0608ch ( 24716) load[0m
[0;32mI (211) esp_image: segment 2: paddr=00046c58 vaddr=40080000 size=093c0h ( 37824) load[0m
[0;32mI (226) esp_image: segment 3: paddr=00050020 vaddr=400d0020 size=cae34h (831028) map[0m
[0;32mI (511) esp_image: segment 4: paddr=0011ae5c vaddr=400893c0 size=14df0h ( 85488) load[0m
[0;32mI (560) boot: Loaded app from partition at offset 0x10000[0m
[0;32mI (560) boot: Disabling RNG early entropy source...[0m
[0;32mI (571) quad_psram: This chip is ESP32-D0WD[0m
[0;32mI (572) esp_psram: Found 8MB PSRAM device[0m
[0;32mI (572) esp_psram: Speed: 40MHz[0m
[0;32mI (576) esp_psram: PSRAM initialized, cache is in normal (1-core) mode.[0m
[0;33mW (583) esp_psram: Virtual address not enough for PSRAM, map as much as we can. 4MB is mapped[0m
[0;32mI (592) cpu_start: Unicore app[0m
[0;32mI (596) cpu_start: Single core mode[0m
[0;32mI (1525) esp_psram: SPI SRAM memory test OK[0m
[0;32mI (1533) cpu_start: Pro cpu start user code[0m
[0;32mI (1533) cpu_start: cpu freq: 240000000 Hz[0m
[0;32mI (1534) app_init: Application information:[0m
[0;32mI (1537) app_init: Project name:     mesh_local_control[0m
[0;32mI (1543) app_init: App version:      9d6a0ee-dirty[0m
[0;32mI (1548) app_init: Compile time:     Aug 17 2024 13:23:53[0m
[0;32mI (1554) app_init: ELF file SHA256:  382bf7e1d...[0m
[0;32mI (1560) app_init: ESP-IDF:          v5.3-dirty[0m
[0;32mI (1565) efuse_init: Min chip rev:     v0.0[0m
[0;32mI (1570) efuse_init: Max chip rev:     v3.99 [0m
[0;32mI (1575) efuse_init: Chip rev:         v3.1[0m
[0;32mI (1580) heap_init: Initializing. RAM available for dynamic allocation:[0m
[0;32mI (1587) heap_init: At 3FFAE6E0 len 0000F480 (61 KiB): DRAM[0m
[0;32mI (1593) heap_init: At 3FFC8A10 len 000175F0 (93 KiB): DRAM[0m
[0;32mI (1599) heap_init: At 3FFE0440 len 0001FBC0 (126 KiB): D/IRAM[0m
[0;32mI (1606) heap_init: At 40078000 len 00008000 (32 KiB): IRAM[0m
[0;32mI (1612) heap_init: At 4009E1B0 len 00001E50 (7 KiB): IRAM[0m
[0;32mI (1618) heap_init: At 3FF80000 len 00002000 (8 KiB): RTCRAM[0m
[0;32mI (1625) esp_psram: Adding pool of 4096K of PSRAM memory to heap allocator[0m
[0;32mI (1633) spi_flash: detected chip: generic[0m
[0;32mI (1637) spi_flash: flash io: dio[0m
[0;33mW (1641) i2c: This driver is an old driver, please migrate your application code to adapt `driver/i2c_master.h`[0m
[0;32mI (1652) coexist: coex firmware version: dab85ae96[0m
[0;32mI (1658) main_task: Started on CPU0[0m
[0;32mI (1661) esp_psram: Reserving pool of 32K of internal memory for DMA/internal allocations[0m
[0;32mI (1670) main_task: Calling app_main()[0m
[0;32mI (1691) bridge_common: esp-iot-bridge version: 0.11.8[0m
I (1694) wifi:wifi driver task: 3ffbd654, prio:23, stack:6656, core=0
I (1697) wifi:wifi firmware version: 0caa81945
I (1697) wifi:wifi certification version: v7.0
I (1701) wifi:config NVS flash: enabled
I (1705) wifi:config nano formating: disabled
I (1709) wifi:Init data frame dynamic rx buffer num: 32
I (1714) wifi:Init static rx mgmt buffer num: 5
I (1718) wifi:Init management short buffer num: 32
I (1723) wifi:Init static tx buffer num: 16
I (1727) wifi:Init tx cache buffer num: 32
I (1731) wifi:Init static rx buffer size: 1600
I (1735) wifi:Init static rx buffer num: 10
I (1738) wifi:Init dynamic rx buffer num: 32
[0;32mI (1743) wifi_init: accept mbox: 6[0m
[0;32mI (1746) wifi_init: tcpip mbox: 32[0m
[0;32mI (1751) wifi_init: udp mbox: 6[0m
[0;32mI (1754) wifi_init: tcp mbox: 6[0m
[0;32mI (1758) wifi_init: tcp tx win: 5760[0m
[0;32mI (1762) wifi_init: tcp rx win: 5760[0m
[0;32mI (1767) wifi_init: tcp mss: 1440[0m
[0;32mI (1771) wifi_init: WiFi IRAM OP enabled[0m
[0;32mI (1775) wifi_init: WiFi RX IRAM OP enabled[0m
[0;32mI (1781) phy_init: phy_version 4830,54550f7,Jun 20 2024,14:22:08[0m
I (1846) wifi:mode : null
I (1848) wifi:mode : softAP (08:a6:f7:11:51:a9)
I (1850) wifi:Total power save buffer number: 8
I (1851) wifi:Init max length of beacon: 752/752
I (1853) wifi:Init max length of beacon: 752/752
[0;32mI (1860) esp_netif_lwip: DHCP server started on interface WIFI_AP_DEF with IP: 192.168.4.1[0m
Add netif ap with 9d6a0ee(commit id)
[0;32mI (1869) bridge_common: netif list add success[0m
[0;32mI (1875) bridge_common: [WIFI_AP_DEF ][0m
[0;32mI (1880) bridge_common: Set ip info:192.168.5.1[0m
[0;32mI (1884) bridge_wifi: SoftAP IP network segment has changed, deauth all station[0m
I (1894) wifi:Disabled PMF config for SoftAP
I (1897) wifi:Total power save buffer number: 8
[0;32mI (1903) esp_netif_lwip: DHCP server started on interface WIFI_AP_DEF with IP: 192.168.5.1[0m
[0;32mI (1909) bridge_common: [WIFI_AP_DEF ]Name Server1: 114.114.114.114[0m
[0;32mI (1916) bridge_common: DHCPS Restart, deauth all station[0m
Add netif sta with 9d6a0ee(commit id)
[0;32mI (1925) bridge_common: netif list add success[0m
I (1931) wifi:mode : sta (08:a6:f7:11:51:a8) + softAP (08:a6:f7:11:51:a9)
I (1937) wifi:enable tsf
[0;31mE (1941) NVS: Failed to read IP info from NVS[0m
I (1945) wifi:Disabled PMF config for STA
[0;32mI (1948) bridge_wifi: [esp_bridge_wifi_set_config] sta ssid: TP-Link M7350 password: password[0m
[0;32mI (1958) bridge_wifi: [esp_bridge_wifi_set_config] softap ssid: ESP_Bridge_1151a9 password: 12345678[0m
I (2141) wifi:Total power save buffer number: 8
[0;32mI (2145) esp_netif_lwip: DHCP server started on interface WIFI_AP_DEF with IP: 192.168.5.1[0m
[0;32mI (2146) bridge_wifi: SoftAP config changed, deauth all station[0m
[0;32mI (2150) Mesh-Lite: esp-mesh-lite component version: 1.0.0[0m
I (2157) ESPNOW: espnow [version: 1.0] init
[0;32mI (2160) [vendor_ie]: Mesh-Lite commit id: bc9302d
 [0m
[0;32mI (2167) [vendor_ie]: Mesh ID: 77 [0m
[0;32mI (2172) [ESP_Mesh_Lite_Comm]: msg action add success [0m
[0;32mI (2178) [ESP_Mesh_Lite_Comm]: Bind Socket 54, port 6364 [0m
[0;32mI (2182) [ESP_Mesh_Lite_Comm]: Bind Socket 55, port 6363 [0m
[0;32mI (2188) [ESP_Mesh_Lite_Comm]: Bind Socket 56, port 6366 [0m
[0;32mI (2194) [ESP_Mesh_Lite_Comm]: Bind Socket 57, port 6365 [0m
[0;32mI (2201) [mesh-lite-espnow]: Start espnow task [0m
[0;33mW (2207) [vendor_ie]: [Unexpected restart]: the rtc data: temp_mesh_id:103, level:1, ssid:TP-Link M7350, bssid 00:00:00:00:00:00 [0m
[0;33mW (2218) [vendor_ie]: Try to connect the original parent node [0m
[0;32mI (2227) [vendor_ie]: esp_mesh_lite_wifi_connect return ESP_OK [0m
[0;31mE (2233) rc522: Read/write test failed[0m
[0;32mI (2235) gpio: GPIO[15]| InputEn: 0| OutputEn: 0| OpenDrain: 0| Pullup: 1| Pulldown: 0| Intr:0 [0m
[0;32mI (2247) gpio: GPIO[25]| InputEn: 1| OutputEn: 0| OpenDrain: 0| Pullup: 1| Pulldown: 0| Intr:2 [0m
