ets Jul 29 2019 12:21:46

rst:0x1 (POWERON_RESET),boot:0x13 (SPI_FAST_FLASH_BOOT)
configsip: 0, SPIWP:0xee
clk_drv:0x00,q_drv:0x00,d_drv:0x00,cs0_drv:0x00,hd_drv:0x00,wp_drv:0x00
mode:DIO, clock div:2
load:0x3fff0030,len:7168
load:0x40078000,len:15452
load:0x40080400,len:4
load:0x40080404,len:3684
entry 0x40080614
[0;32mI (29) boot: ESP-IDF v5.3-dirty 2nd stage bootloader[0m
[0;32mI (29) boot: compile time Aug 24 2024 21:55:52[0m
[0;33mW (30) boot: Unicore bootloader[0m
[0;32mI (34) boot: chip revision: v3.1[0m
[0;32mI (38) boot.esp32: SPI Speed      : 40MHz[0m
[0;32mI (42) boot.esp32: SPI Mode       : DIO[0m
[0;32mI (47) boot.esp32: SPI Flash Size : 4MB[0m
[0;32mI (51) boot: Enabling RNG early entropy source...[0m
[0;32mI (57) boot: Partition Table:[0m
[0;32mI (60) boot: ## Label            Usage          Type ST Offset   Length[0m
[0;32mI (68) boot:  0 nvs              WiFi data        01 02 00009000 00004000[0m
[0;32mI (75) boot:  1 otadata          OTA data         01 00 0000d000 00002000[0m
[0;32mI (82) boot:  2 phy_init         RF data          01 01 0000f000 00001000[0m
[0;32mI (90) boot:  3 ota_0            OTA app          00 10 00010000 001e0000[0m
[0;32mI (97) boot:  4 ota_1            OTA app          00 11 001f0000 001e0000[0m
[0;32mI (105) boot:  5 coredump         Unknown data     01 03 003d0000 00010000[0m
[0;32mI (112) boot:  6 reserved         Unknown data     01 fe 003e0000 00020000[0m
[0;32mI (120) boot: End of partition table[0m
[0;32mI (124) boot: No factory image, trying OTA 0[0m
[0;32mI (129) esp_image: segment 0: paddr=00010020 vaddr=3f400020 size=2dfd4h (188372) map[0m
[0;32mI (202) esp_image: segment 1: paddr=0003dffc vaddr=3ffbdb60 size=0201ch (  8220) load[0m
[0;32mI (206) esp_image: segment 2: paddr=00040020 vaddr=400d0020 size=c2de8h (798184) map[0m
[0;32mI (482) esp_image: segment 3: paddr=00102e10 vaddr=3ffbfb7c size=03f5ch ( 16220) load[0m
[0;32mI (488) esp_image: segment 4: paddr=00106d74 vaddr=40080000 size=1cc6ch (117868) load[0m
[0;32mI (549) boot: Loaded app from partition at offset 0x10000[0m
[0;32mI (554) boot: Set actual ota_seq=1 in otadata[0][0m
[0;32mI (554) boot: Disabling RNG early entropy source...[0m
[0;32mI (566) quad_psram: This chip is ESP32-D0WD[0m
[0;32mI (567) esp_psram: Found 8MB PSRAM device[0m
[0;32mI (567) esp_psram: Speed: 40MHz[0m
[0;32mI (570) esp_psram: PSRAM initialized, cache is in normal (1-core) mode.[0m
[0;33mW (578) esp_psram: Virtual address not enough for PSRAM, map as much as we can. 4MB is mapped[0m
[0;32mI (587) cpu_start: Unicore app[0m
[0;32mI (590) cpu_start: Single core mode[0m
[0;32mI (1520) esp_psram: SPI SRAM memory test OK[0m
[0;32mI (1528) cpu_start: Pro cpu start user code[0m
[0;32mI (1528) cpu_start: cpu freq: 240000000 Hz[0m
[0;32mI (1528) app_init: Application information:[0m
[0;32mI (1531) app_init: Project name:     mesh_local_control[0m
[0;32mI (1537) app_init: App version:      f4bea835-dirty[0m
[0;32mI (1543) app_init: Compile time:     Aug 24 2024 21:55:48[0m
[0;32mI (1549) app_init: ELF file SHA256:  46579c144...[0m
[0;32mI (1554) app_init: ESP-IDF:          v5.3-dirty[0m
[0;32mI (1559) efuse_init: Min chip rev:     v0.0[0m
[0;32mI (1564) efuse_init: Max chip rev:     v3.99 [0m
[0;32mI (1569) efuse_init: Chip rev:         v3.1[0m
[0;32mI (1575) heap_init: Initializing. RAM available for dynamic allocation:[0m
[0;32mI (1582) heap_init: At 3FFAE6E0 len 0000F480 (61 KiB): DRAM[0m
[0;32mI (1588) heap_init: At 3FFC8940 len 000176C0 (93 KiB): DRAM[0m
[0;32mI (1594) heap_init: At 3FFE0440 len 0001FBC0 (126 KiB): D/IRAM[0m
[0;32mI (1601) heap_init: At 40078000 len 00008000 (32 KiB): IRAM[0m
[0;32mI (1607) heap_init: At 4009CC6C len 00003394 (12 KiB): IRAM[0m
[0;32mI (1613) heap_init: At 3FF80000 len 00002000 (8 KiB): RTCRAM[0m
[0;32mI (1620) esp_psram: Adding pool of 4096K of PSRAM memory to heap allocator[0m
[0;32mI (1628) spi_flash: detected chip: generic[0m
[0;32mI (1632) spi_flash: flash io: dio[0m
[0;33mW (1636) i2c: This driver is an old driver, please migrate your application code to adapt `driver/i2c_master.h`[0m
[0;32mI (1658) coexist: coex firmware version: dab85ae96[0m
[0;32mI (1659) main_task: Started on CPU0[0m
[0;32mI (1659) esp_psram: Reserving pool of 32K of internal memory for DMA/internal allocations[0m
[0;32mI (1667) main_task: Calling app_main()[0m
[0;32mI (1686) bridge_common: esp-iot-bridge version: 0.11.8[0m
I (1689) wifi:wifi driver task: 3ffbd604, prio:23, stack:6656, core=0
I (1692) wifi:wifi firmware version: 0caa81945
I (1693) wifi:wifi certification version: v7.0
I (1696) wifi:config NVS flash: enabled
I (1699) wifi:config nano formating: disabled
I (1703) wifi:Init data frame dynamic rx buffer num: 32
I (1708) wifi:Init static rx mgmt buffer num: 5
I (1712) wifi:Init management short buffer num: 32
I (1717) wifi:Init static tx buffer num: 16
I (1721) wifi:Init tx cache buffer num: 32
I (1725) wifi:Init static rx buffer size: 1600
I (1729) wifi:Init static rx buffer num: 10
I (1733) wifi:Init dynamic rx buffer num: 32
[0;32mI (1738) wifi_init: accept mbox: 6[0m
[0;32mI (1741) wifi_init: tcpip mbox: 32[0m
[0;32mI (1745) wifi_init: udp mbox: 6[0m
[0;32mI (1748) wifi_init: tcp mbox: 6[0m
[0;32mI (1752) wifi_init: tcp tx win: 5760[0m
[0;32mI (1756) wifi_init: tcp rx win: 5760[0m
[0;32mI (1761) wifi_init: tcp mss: 1440[0m
[0;32mI (1765) wifi_init: WiFi IRAM OP enabled[0m
[0;32mI (1769) wifi_init: WiFi RX IRAM OP enabled[0m
[0;32mI (1775) phy_init: phy_version 4830,54550f7,Jun 20 2024,14:22:08[0m
[0;33mW (1781) phy_init: failed to load RF calibration data (0x1102), falling back to full calibration[0m
ï¿½ets Jul 29 2019 12:21:46

rst:0x3 (SW_RESET),boot:0x13 (SPI_FAST_FLASH_BOOT)
configsip: 0, SPIWP:0xee
clk_drv:0x00,q_drv:0x00,d_drv:0x00,cs0_drv:0x00,hd_drv:0x00,wp_drv:0x00
mode:DIO, clock div:2
load:0x3fff0030,len:7168
load:0x40078000,len:15452
load:0x40080400,len:4
load:0x40080404,len:3684
entry 0x40080614
[0;32mI (169) boot: ESP-IDF v5.3-dirty 2nd stage bootloader[0m
[0;32mI (169) boot: compile time Aug 24 2024 21:55:52[0m
[0;33mW (169) boot: Unicore bootloader[0m
[0;32mI (174) boot: chip revision: v3.1[0m
[0;32mI (178) boot.esp32: SPI Speed      : 40MHz[0m
[0;32mI (183) boot.esp32: SPI Mode       : DIO[0m
[0;32mI (187) boot.esp32: SPI Flash Size : 4MB[0m
[0;32mI (192) boot: Enabling RNG early entropy source...[0m
[0;32mI (197) boot: Partition Table:[0m
[0;32mI (201) boot: ## Label            Usage          Type ST Offset   Length[0m
[0;32mI (208) boot:  0 nvs              WiFi data        01 02 00009000 00004000[0m
[0;32mI (216) boot:  1 otadata          OTA data         01 00 0000d000 00002000[0m
[0;32mI (224) boot:  2 phy_init         RF data          01 01 0000f000 00001000[0m
[0;32mI (231) boot:  3 ota_0            OTA app          00 10 00010000 001e0000[0m
[0;32mI (239) boot:  4 ota_1            OTA app          00 11 001f0000 001e0000[0m
[0;32mI (246) boot:  5 coredump         Unknown data     01 03 003d0000 00010000[0m
[0;32mI (254) boot:  6 reserved         Unknown data     01 fe 003e0000 00020000[0m
[0;32mI (261) boot: End of partition table[0m
[0;32mI (266) esp_image: segment 0: paddr=00010020 vaddr=3f400020 size=2dfd4h (188372) map[0m
[0;32mI (339) esp_image: segment 1: paddr=0003dffc vaddr=3ffbdb60 size=0201ch (  8220) load[0m
[0;32mI (342) esp_image: segment 2: paddr=00040020 vaddr=400d0020 size=c2de8h (798184) map[0m
[0;32mI (618) esp_image: segment 3: paddr=00102e10 vaddr=3ffbfb7c size=03f5ch ( 16220) load[0m
[0;32mI (624) esp_image: segment 4: paddr=00106d74 vaddr=40080000 size=1cc6ch (117868) load[0m
[0;32mI (685) boot: Loaded app from partition at offset 0x10000[0m
[0;32mI (685) boot: Disabling RNG early entropy source...[0m
[0;32mI (697) quad_psram: This chip is ESP32-D0WD[0m
[0;32mI (698) esp_psram: Found 8MB PSRAM device[0m
[0;32mI (698) esp_psram: Speed: 40MHz[0m
[0;32mI (701) esp_psram: PSRAM initialized, cache is in normal (1-core) mode.[0m
[0;33mW (709) esp_psram: Virtual address not enough for PSRAM, map as much as we can. 4MB is mapped[0m
[0;32mI (718) cpu_start: Unicore app[0m
[0;32mI (722) cpu_start: Single core mode[0m
[0;32mI (1651) esp_psram: SPI SRAM memory test OK[0m
[0;32mI (1659) cpu_start: Pro cpu start user code[0m
[0;32mI (1659) cpu_start: cpu freq: 240000000 Hz[0m
[0;32mI (1659) app_init: Application information:[0m
[0;32mI (1662) app_init: Project name:     mesh_local_control[0m
[0;32mI (1668) app_init: App version:      f4bea835-dirty[0m
[0;32mI (1674) app_init: Compile time:     Aug 24 2024 21:55:48[0m
[0;32mI (1680) app_init: ELF file SHA256:  46579c144...[0m
[0;32mI (1685) app_init: ESP-IDF:          v5.3-dirty[0m
[0;32mI (1691) efuse_init: Min chip rev:     v0.0[0m
[0;32mI (1695) efuse_init: Max chip rev:     v3.99 [0m
[0;32mI (1700) efuse_init: Chip rev:         v3.1[0m
[0;32mI (1706) heap_init: Initializing. RAM available for dynamic allocation:[0m
[0;32mI (1713) heap_init: At 3FFAE6E0 len 0000F480 (61 KiB): DRAM[0m
[0;32mI (1719) heap_init: At 3FFC8940 len 000176C0 (93 KiB): DRAM[0m
[0;32mI (1725) heap_init: At 3FFE0440 len 0001FBC0 (126 KiB): D/IRAM[0m
[0;32mI (1732) heap_init: At 40078000 len 00008000 (32 KiB): IRAM[0m
[0;32mI (1738) heap_init: At 4009CC6C len 00003394 (12 KiB): IRAM[0m
[0;32mI (1744) heap_init: At 3FF80000 len 00002000 (8 KiB): RTCRAM[0m
[0;32mI (1751) esp_psram: Adding pool of 4096K of PSRAM memory to heap allocator[0m
[0;32mI (1759) spi_flash: detected chip: generic[0m
[0;32mI (1763) spi_flash: flash io: dio[0m
[0;33mW (1767) i2c: This driver is an old driver, please migrate your application code to adapt `driver/i2c_master.h`[0m
[0;32mI (1789) coexist: coex firmware version: dab85ae96[0m
[0;32mI (1790) main_task: Started on CPU0[0m
[0;32mI (1790) esp_psram: Reserving pool of 32K of internal memory for DMA/internal allocations[0m
[0;32mI (1798) main_task: Calling app_main()[0m
[0;32mI (1817) bridge_common: esp-iot-bridge version: 0.11.8[0m
I (1819) wifi:wifi driver task: 3ffbd618, prio:23, stack:6656, core=0
I (1822) wifi:wifi firmware version: 0caa81945
I (1823) wifi:wifi certification version: v7.0
I (1827) wifi:config NVS flash: enabled
I (1830) wifi:config nano formating: disabled
I (1834) wifi:Init data frame dynamic rx buffer num: 32
I (1839) wifi:Init static rx mgmt buffer num: 5
I (1843) wifi:Init management short buffer num: 32
I (1848) wifi:Init static tx buffer num: 16
I (1852) wifi:Init tx cache buffer num: 32
I (1856) wifi:Init static rx buffer size: 1600
I (1860) wifi:Init static rx buffer num: 10
I (1864) wifi:Init dynamic rx buffer num: 32
[0;32mI (1869) wifi_init: accept mbox: 6[0m
[0;32mI (1872) wifi_init: tcpip mbox: 32[0m
[0;32mI (1876) wifi_init: udp mbox: 6[0m
[0;32mI (1879) wifi_init: tcp mbox: 6[0m
[0;32mI (1883) wifi_init: tcp tx win: 5760[0m
[0;32mI (1887) wifi_init: tcp rx win: 5760[0m
[0;32mI (1892) wifi_init: tcp mss: 1440[0m
[0;32mI (1896) wifi_init: WiFi IRAM OP enabled[0m
[0;32mI (1900) wifi_init: WiFi RX IRAM OP enabled[0m
[0;32mI (1906) phy_init: phy_version 4830,54550f7,Jun 20 2024,14:22:08[0m
[0;33mW (1912) phy_init: failed to load RF calibration data (0x1102), falling back to full calibration[0m
ï¿½ets Jul 29 2019 12:21:46

rst:0x3 (SW_RESET),boot:0x13 (SPI_FAST_FLASH_BOOT)
configsip: 0, SPIWP:0xee
clk_drv:0x00,q_drv:0x00,d_drv:0x00,cs0_drv:0x00,hd_drv:0x00,wp_drv:0x00
mode:DIO, clock div:2
load:0x3fff0030,len:7168
load:0x40078000,len:15452
load:0x40080400,len:4
load:0x40080404,len:3684
entry 0x40080614
[0;32mI (169) boot: ESP-IDF v5.3-dirty 2nd stage bootloader[0m
[0;32mI (169) boot: compile time Aug 24 2024 21:55:52[0m
[0;33mW (169) boot: Unicore bootloader[0m
[0;32mI (174) boot: chip revision: v3.1[0m
[0;32mI (178) boot.esp32: SPI Speed      : 40MHz[0m
[0;32mI (183) boot.esp32: SPI Mode       : DIO[0m
[0;32mI (187) boot.esp32: SPI Flash Size : 4MB[0m
[0;32mI (192) boot: Enabling RNG early entropy source...[0m
[0;32mI (197) boot: Partition Table:[0m
[0;32mI (201) boot: ## Label            Usage          Type ST Offset   Length[0m
[0;32mI (208) boot:  0 nvs              WiFi data        01 02 00009000 00004000[0m
[0;32mI (216) boot:  1 otadata          OTA data         01 00 0000d000 00002000[0m
[0;32mI (224) boot:  2 phy_init         RF data          01 01 0000f000 00001000[0m
[0;32mI (231) boot:  3 ota_0            OTA app          00 10 00010000 001e0000[0m
[0;32mI (239) boot:  4 ota_1            OTA app          00 11 001f0000 001e0000[0m
[0;32mI (246) boot:  5 coredump         Unknown data     01 03 003d0000 00010000[0m
[0;32mI (254) boot:  6 reserved         Unknown data     01 fe 003e0000 00020000[0m
[0;32mI (261) boot: End of partition table[0m
[0;32mI (266) esp_image: segment 0: paddr=00010020 vaddr=3f400020 size=2dfd4h (188372) map[0m
[0;32mI (339) esp_image: segment 1: paddr=0003dffc vaddr=3ffbdb60 size=0201ch (  8220) load[0m
[0;32mI (342) esp_image: segment 2: paddr=00040020 vaddr=400d0020 size=c2de8h (798184) map[0m
[0;32mI (618) esp_image: segment 3: paddr=00102e10 vaddr=3ffbfb7c size=03f5ch ( 16220) load[0m
[0;32mI (624) esp_image: segment 4: paddr=00106d74 vaddr=40080000 size=1cc6ch (117868) load[0m
[0;32mI (685) boot: Loaded app from partition at offset 0x10000[0m
[0;32mI (685) boot: Disabling RNG early entropy source...[0m
[0;32mI (697) quad_psram: This chip is ESP32-D0WD[0m
[0;32mI (698) esp_psram: Found 8MB PSRAM device[0m
[0;32mI (698) esp_psram: Speed: 40MHz[0m
[0;32mI (701) esp_psram: PSRAM initialized, cache is in normal (1-core) mode.[0m
[0;33mW (709) esp_psram: Virtual address not enough for PSRAM, map as much as we can. 4MB is mapped[0m
[0;32mI (718) cpu_start: Unicore app[0m
[0;32mI (722) cpu_start: Single core mode[0m
[0;32mI (1651) esp_psram: SPI SRAM memory test OK[0m
[0;32mI (1659) cpu_start: Pro cpu start user code[0m
[0;32mI (1659) cpu_start: cpu freq: 240000000 Hz[0m
[0;32mI (1659) app_init: Application information:[0m
[0;32mI (1662) app_init: Project name:     mesh_local_control[0m
[0;32mI (1668) app_init: App version:      f4bea835-dirty[0m
[0;32mI (1674) app_init: Compile time:     Aug 24 2024 21:55:48[0m
[0;32mI (1680) app_init: ELF file SHA256:  46579c144...[0m
[0;32mI (1685) app_init: ESP-IDF:          v5.3-dirty[0m
[0;32mI (1691) efuse_init: Min chip rev:     v0.0[0m
[0;32mI (1695) efuse_init: Max chip rev:     v3.99 [0m
[0;32mI (1700) efuse_init: Chip rev:         v3.1[0m
[0;32mI (1706) heap_init: Initializing. RAM available for dynamic allocation:[0m
[0;32mI (1713) heap_init: At 3FFAE6E0 len 0000F480 (61 KiB): DRAM[0m
[0;32mI (1719) heap_init: At 3FFC8940 len 000176C0 (93 KiB): DRAM[0m
[0;32mI (1725) heap_init: At 3FFE0440 len 0001FBC0 (126 KiB): D/IRAM[0m
[0;32mI (1732) heap_init: At 40078000 len 00008000 (32 KiB): IRAM[0m
[0;32mI (1738) heap_init: At 4009CC6C len 00003394 (12 KiB): IRAM[0m
[0;32mI (1744) heap_init: At 3FF80000 len 00002000 (8 KiB): RTCRAM[0m
[0;32mI (1751) esp_psram: Adding pool of 4096K of PSRAM memory to heap allocator[0m
[0;32mI (1759) spi_flash: detected chip: generic[0m
[0;32mI (1763) spi_flash: flash io: dio[0m
[0;33mW (1767) i2c: This driver is an old driver, please migrate your application code to adapt `driver/i2c_master.h`[0m
[0;32mI (1789) coexist: coex firmware version: dab85ae96[0m
[0;32mI (1790) main_task: Started on CPU0[0m
[0;32mI (1790) esp_psram: Reserving pool of 32K of internal memory for DMA/internal allocations[0m
[0;32mI (1798) main_task: Calling app_main()[0m
[0;32mI (1817) bridge_common: esp-iot-bridge version: 0.11.8[0m
I (1819) wifi:wifi driver task: 3ffbd618, prio:23, stack:6656, core=0
I (1822) wifi:wifi firmware version: 0caa81945
I (1823) wifi:wifi certification version: v7.0
I (1827) wifi:config NVS flash: enabled
I (1830) wifi:config nano formating: disabled
I (1834) wifi:Init data frame dynamic rx buffer num: 32
I (1839) wifi:Init static rx mgmt buffer num: 5
I (1843) wifi:Init management short buffer num: 32
I (1848) wifi:Init static tx buffer num: 16
I (1852) wifi:Init tx cache buffer num: 32
I (1856) wifi:Init static rx buffer size: 1600
I (1860) wifi:Init static rx buffer num: 10
I (1864) wifi:Init dynamic rx buffer num: 32
[0;32mI (1869) wifi_init: accept mbox: 6[0m
[0;32mI (1872) wifi_init: tcpip mbox: 32[0m
[0;32mI (1876) wifi_init: udp mbox: 6[0m
[0;32mI (1879) wifi_init: tcp mbox: 6[0m
[0;32mI (1883) wifi_init: tcp tx win: 5760[0m
[0;32mI (1887) wifi_init: tcp rx win: 5760[0m
[0;32mI (1892) wifi_init: tcp mss: 1440[0m
[0;32mI (1896) wifi_init: WiFi IRAM OP enabled[0m
[0;32mI (1900) wifi_init: WiFi RX IRAM OP enabled[0m
[0;32mI (1906) phy_init: phy_version 4830,54550f7,Jun 20 2024,14:22:08[0m
[0;33mW (1912) phy_init: failed to load RF calibration data (0x1102), falling back to full calibration[0m
ï¿½ets Jul 29 2019 12:21:46

rst:0x3 (SW_RESET),boot:0x13 (SPI_FAST_FLASH_BOOT)
configsip: 0, SPIWP:0xee
clk_drv:0x00,q_drv:0x00,d_drv:0x00,cs0_drv:0x00,hd_drv:0x00,wp_drv:0x00
mode:DIO, clock div:2
load:0x3fff0030,len:7168
load:0x40078000,len:15452
load:0x40080400,len:4
load:0x40080404,len:3684
entry 0x40080614
[0;32mI (169) boot: ESP-IDF v5.3-dirty 2nd stage bootloader[0m
[0;32mI (169) boot: compile time Aug 24 2024 21:55:52[0m
[0;33mW (169) boot: Unicore bootloader[0m
[0;32mI (174) boot: chip revision: v3.1[0m
[0;32mI (178) boot.esp32: SPI Speed      : 40MHz[0m
[0;32mI (183) boot.esp32: SPI Mode       : DIO[0m
[0;32mI (187) boot.esp32: SPI Flash Size : 4MB[0m
[0;32mI (192) boot: Enabling RNG early entropy source...[0m
[0;32mI (197) boot: Partition Table:[0m
[0;32mI (201) boot: ## Label            Usage          Type ST Offset   Length[0m
[0;32mI (208) boot:  0 nvs              WiFi data        01 02 00009000 00004000[0m
[0;32mI (216) boot:  1 otadata          OTA data         01 00 0000d000 00002000[0m
[0;32mI (224) boot:  2 phy_init         RF data          01 01 0000f000 00001000[0m
[0;32mI (231) boot:  3 ota_0            OTA app          00 10 00010000 001e0000[0m
[0;32mI (239) boot:  4 ota_1            OTA app          00 11 001f0000 001e0000[0m
[0;32mI (246) boot:  5 coredump         Unknown data     01 03 003d0000 00010000[0m
[0;32mI (254) boot:  6 reserved         Unknown data     01 fe 003e0000 00020000[0m
[0;32mI (261) boot: End of partition table[0m
[0;32mI (266) esp_image: segment 0: paddr=00010020 vaddr=3f400020 size=2dfd4h (188372) map[0m
[0;32mI (339) esp_image: segment 1: paddr=0003dffc vaddr=3ffbdb60 size=0201ch (  8220) load[0m
[0;32mI (342) esp_image: segment 2: paddr=00040020 vaddr=400d0020 size=c2de8h (798184) map[0m
[0;32mI (618) esp_image: segment 3: paddr=00102e10 vaddr=3ffbfb7c size=03f5ch ( 16220) load[0m
[0;32mI (624) esp_image: segment 4: paddr=00106d74 vaddr=40080000 size=1cc6ch (117868) load[0m
[0;32mI (685) boot: Loaded app from partition at offset 0x10000[0m
[0;32mI (685) boot: Disabling RNG early entropy source...[0m
[0;32mI (697) quad_psram: This chip is ESP32-D0WD[0m
[0;32mI (698) esp_psram: Found 8MB PSRAM device[0m
[0;32mI (698) esp_psram: Speed: 40MHz[0m
[0;32mI (701) esp_psram: PSRAM initialized, cache is in normal (1-core) mode.[0m
[0;33mW (709) esp_psram: Virtual address not enough for PSRAM, map as much as we can. 4MB is mapped[0m
[0;32mI (718) cpu_start: Unicore app[0m
[0;32mI (721) cpu_start: Single core mode[0m
[0;32mI (1651) esp_psram: SPI SRAM memory test OK[0m
[0;32mI (1659) cpu_start: Pro cpu start user code[0m
[0;32mI (1659) cpu_start: cpu freq: 240000000 Hz[0m
[0;32mI (1659) app_init: Application information:[0m
[0;32mI (1662) app_init: Project name:     mesh_local_control[0m
[0;32mI (1668) app_init: App version:      f4bea835-dirty[0m
[0;32mI (1674) app_init: Compile time:     Aug 24 2024 21:55:48[0m
[0;32mI (1680) app_init: ELF file SHA256:  46579c144...[0m
[0;32mI (1685) app_init: ESP-IDF:          v5.3-dirty[0m
[0;32mI (1691) efuse_init: Min chip rev:     v0.0[0m
[0;32mI (1695) efuse_init: Max chip rev:     v3.99 [0m
[0;32mI (1700) efuse_init: Chip rev:         v3.1[0m
[0;32mI (1706) heap_init: Initializing. RAM available for dynamic allocation:[0m
[0;32mI (1713) heap_init: At 3FFAE6E0 len 0000F480 (61 KiB): DRAM[0m
[0;32mI (1719) heap_init: At 3FFC8940 len 000176C0 (93 KiB): DRAM[0m
[0;32mI (1725) heap_init: At 3FFE0440 len 0001FBC0 (126 KiB): D/IRAM[0m
[0;32mI (1732) heap_init: At 40078000 len 00008000 (32 KiB): IRAM[0m
[0;32mI (1738) heap_init: At 4009CC6C len 00003394 (12 KiB): IRAM[0m
[0;32mI (1744) heap_init: At 3FF80000 len 00002000 (8 KiB): RTCRAM[0m
[0;32mI (1751) esp_psram: Adding pool of 4096K of PSRAM memory to heap allocator[0m
[0;32mI (1759) spi_flash: detected chip: generic[0m
[0;32mI (1763) spi_flash: flash io: dio[0m
[0;33mW (1767) i2c: This driver is an old driver, please migrate your application code to adapt `driver/i2c_master.h`[0m
[0;32mI (1789) coexist: coex firmware version: dab85ae96[0m
[0;32mI (1790) main_task: Started on CPU0[0m
[0;32mI (1790) esp_psram: Reserving pool of 32K of internal memory for DMA/internal allocations[0m
[0;32mI (1798) main_task: Calling app_main()[0m
[0;32mI (1817) bridge_common: esp-iot-bridge version: 0.11.8[0m
I (1819) wifi:wifi driver task: 3ffbd618, prio:23, stack:6656, core=0
I (1822) wifi:wifi firmware version: 0caa81945
I (1823) wifi:wifi certification version: v7.0
I (1827) wifi:config NVS flash: enabled
I (1830) wifi:config nano formating: disabled
I (1834) wifi:Init data frame dynamic rx buffer num: 32
I (1839) wifi:Init static rx mgmt buffer num: 5
I (1843) wifi:Init management short buffer num: 32
I (1848) wifi:Init static tx buffer num: 16
I (1852) wifi:Init tx cache buffer num: 32
I (1856) wifi:Init static rx buffer size: 1600
I (1860) wifi:Init static rx buffer num: 10
I (1864) wifi:Init dynamic rx buffer num: 32
[0;32mI (1869) wifi_init: accept mbox: 6[0m
[0;32mI (1872) wifi_init: tcpip mbox: 32[0m
[0;32mI (1876) wifi_init: udp mbox: 6[0m
[0;32mI (1879) wifi_init: tcp mbox: 6[0m
[0;32mI (1883) wifi_init: tcp tx win: 5760[0m
[0;32mI (1887) wifi_init: tcp rx win: 5760[0m
[0;32mI (1892) wifi_init: tcp mss: 1440[0m
[0;32mI (1896) wifi_init: WiFi IRAM OP enabled[0m
[0;32mI (1900) wifi_init: WiFi RX IRAM OP enabled[0m
[0;32mI (1906) phy_init: phy_version 4830,54550f7,Jun 20 2024,14:22:08[0m
[0;33mW (1912) phy_init: failed to load RF calibration data (0x1102), falling back to full calibration[0m
ï¿½ets Jul 29 2019 12:21:46

rst:0x3 (SW_RESET),boot:0x13 (SPI_FAST_FLASH_BOOT)
configsip: 0, SPIWP:0xee
clk_drv:0x00,q_drv:0x00,d_drv:0x00,cs0_drv:0x00,hd_drv:0x00,wp_drv:0x00
mode:DIO, clock div:2
load:0x3fff0030,len:7168
load:0x40078000,len:15452
load:0x40080400,len:4
load:0x40080404,len:3684
entry 0x40080614
[0;32mI (169) boot: ESP-IDF v5.3-dirty 2nd stage bootloader[0m
[0;32mI (169) boot: compile time Aug 24 2024 21:55:52[0m
[0;33mW (169) boot: Unicore bootloader[0m
[0;32mI (174) boot: chip revision: v3.1[0m
[0;32mI (178) boot.esp32: SPI Speed      : 40MHz[0m
[0;32mI (183) boot.esp32: SPI Mode       : DIO[0m
[0;32mI (187) boot.esp32: SPI Flash Size : 4MB[0m
[0;32mI (192) boot: Enabling RNG early entropy source...[0m
[0;32mI (197) boot: Partition Table:[0m
[0;32mI (201) boot: ## Label            Usage          Type ST Offset   Length[0m
[0;32mI (208) boot:  0 nvs              WiFi data        01 02 00009000 00004000[0m
[0;32mI (216) boot:  1 otadata          OTA data         01 00 0000d000 00002000[0m
[0;32mI (224) boot:  2 phy_init         RF data          01 01 0000f000 00001000[0m
[0;32mI (231) boot:  3 ota_0            OTA app          00 10 00010000 001e0000[0m
[0;32mI (239) boot:  4 ota_1            OTA app          00 11 001f0000 001e0000[0m
[0;32mI (246) boot:  5 coredump         Unknown data     01 03 003d0000 00010000[0m
[0;32mI (254) boot:  6 reserved         Unknown data     01 fe 003e0000 00020000[0m
[0;32mI (261) boot: End of partition table[0m
[0;32mI (266) esp_image: segment 0: paddr=00010020 vaddr=3f400020 size=2dfd4h (188372) map[0m
ets Jul 29 2019 12:21:46

rst:0x1 (POWERON_RESET),boot:0x13 (SPI_FAST_FLASH_BOOT)
configsip: 0, SPIWP:0xee
clk_drv:0x00,q_drv:0x00,d_drv:0x00,cs0_drv:0x00,hd_drv:0x00,wp_drv:0x00
mode:DIO, clock div:2
load:0x3fff0030,len:7168
load:0x40078000,len:15452
load:0x40080400,len:4
load:0x40080404,len:3684
entry 0x40080614
[0;32mI (29) boot: ESP-IDF v5.3-dirty 2nd stage bootloader[0m
[0;32mI (29) boot: compile time Aug 24 2024 21:55:52[0m
[0;33mW (29) boot: Unicore bootloader[0m
[0;32mI (34) boot: chip revision: v3.1[0m
[0;32mI (38) boot.esp32: SPI Speed      : 40MHz[0m
[0;32mI (42) boot.esp32: SPI Mode       : DIO[0m
[0;32mI (47) boot.esp32: SPI Flash Size : 4MB[0m
[0;32mI (51) boot: Enabling RNG early entropy source...[0m
[0;32mI (57) boot: Partition Table:[0m
[0;32mI (60) boot: ## Label            Usage          Type ST Offset   Length[0m
[0;32mI (68) boot:  0 nvs              WiFi data        01 02 00009000 00004000[0m
[0;32mI (75) boot:  1 otadata          OTA data         01 00 0000d000 00002000[0m
[0;32mI (82) boot:  2 phy_init         RF data          01 01 0000f000 00001000[0m
[0;32mI (90) boot:  3 ota_0            OTA app          00 10 00010000 001e0000[0m
[0;32mI (97) boot:  4 ota_1            OTA app          00 11 001f0000 001e0000[0m
[0;32mI (105) boot:  5 coredump         Unknown data     01 03 003d0000 00010000[0m
[0;32mI (112) boot:  6 reserved         Unknown data     01 fe 003e0000 00020000[0m
[0;32mI (120) boot: End of partition table[0m
[0;32mI (124) esp_image: segment 0: paddr=00010020 vaddr=3f400020 size=2dfd4h (188372) map[0m
[0;32mI (197) esp_image: segment 1: paddr=0003dffc vaddr=3ffbdb60 size=0201ch (  8220) load[0m
[0;32mI (201) esp_image: segment 2: paddr=00040020 vaddr=400d0020 size=c2de8h (798184) map[0m
[0;32mI (477) esp_image: segment 3: paddr=00102e10 vaddr=3ffbfb7c size=03f5ch ( 16220) load[0m
[0;32mI (483) esp_image: segment 4: paddr=00106d74 vaddr=40080000 size=1cc6ch (117868) load[0m
[0;32mI (544) boot: Loaded app from partition at offset 0x10000[0m
[0;32mI (544) boot: Disabling RNG early entropy source...[0m
[0;32mI (556) quad_psram: This chip is ESP32-D0WD[0m
[0;32mI (556) esp_psram: Found 8MB PSRAM device[0m
[0;32mI (557) esp_psram: Speed: 40MHz[0m
[0;32mI (560) esp_psram: PSRAM initialized, cache is in normal (1-core) mode.[0m
[0;33mW (567) esp_psram: Virtual address not enough for PSRAM, map as much as we can. 4MB is mapped[0m
[0;32mI (576) cpu_start: Unicore app[0m
[0;32mI (580) cpu_start: Single core mode[0m
[0;32mI (1510) esp_psram: SPI SRAM memory test OK[0m
[0;32mI (1518) cpu_start: Pro cpu start user code[0m
[0;32mI (1518) cpu_start: cpu freq: 240000000 Hz[0m
[0;32mI (1518) app_init: Application information:[0m
[0;32mI (1521) app_init: Project name:     mesh_local_control[0m
[0;32mI (1527) app_init: App version:      f4bea835-dirty[0m
[0;32mI (1533) app_init: Compile time:     Aug 24 2024 21:55:48[0m
[0;32mI (1539) app_init: ELF file SHA256:  46579c144...[0m
[0;32mI (1544) app_init: ESP-IDF:          v5.3-dirty[0m
[0;32mI (1549) efuse_init: Min chip rev:     v0.0[0m
[0;32mI (1554) efuse_init: Max chip rev:     v3.99 [0m
[0;32mI (1559) efuse_init: Chip rev:         v3.1[0m
[0;32mI (1564) heap_init: Initializing. RAM available for dynamic allocation:[0m
[0;32mI (1571) heap_init: At 3FFAE6E0 len 0000F480 (61 KiB): DRAM[0m
[0;32mI (1577) heap_init: At 3FFC8940 len 000176C0 (93 KiB): DRAM[0m
[0;32mI (1584) heap_init: At 3FFE0440 len 0001FBC0 (126 KiB): D/IRAM[0m
[0;32mI (1590) heap_init: At 40078000 len 00008000 (32 KiB): IRAM[0m
[0;32mI (1597) heap_init: At 4009CC6C len 00003394 (12 KiB): IRAM[0m
[0;32mI (1603) heap_init: At 3FF80000 len 00002000 (8 KiB): RTCRAM[0m
[0;32mI (1610) esp_psram: Adding pool of 4096K of PSRAM memory to heap allocator[0m
[0;32mI (1618) spi_flash: detected chip: generic[0m
[0;32mI (1621) spi_flash: flash io: dioï¿½ets Jul 29 2019 12:21:46

rst:0x1 (POWERON_RESET),boot:0x13 (SPI_FAST_FLASH_BOOT)
configsip: 0, SPIWP:0xee
clk_drv:0x00,q_drv:0x00,d_drv:0x00,cs0_drv:0x00,hd_drv:0x00,wp_drv:0x00
mode:DIO, clock div:2
load:0x3fff0030,len:7168
load:0x40078000,len:15452
load:0x40080400,len:4
load:0x40080404,len:3684
entry 0x40080614
[0;32mI (29) boot: ESP-IDF v5.3-dirty 2nd stage bootloader[0m
[0;32mI (29) boot: compile time Aug 24 2024 21:55:52[0m
[0;33mW (29) boot: Unicore bootloader[0m
[0;32mI (34) boot: chip revision: v3.1[0m
[0;32mI (38) boot.esp32: SPI Speed      : 40MHz[0m
[0;32mI (42) boot.esp32: SPI Mode       : DIO[0m
[0;32mI (47) boot.esp32: SPI Flash Size : 4MB[0m
[0;32mI (51) boot: Enabling RNG early entropy source...[0m
[0;32mI (57) boot: Partition Table:[0m
[0;32mI (60) boot: ## Label            Usage          Type ST Offset   Length[0m
[0;32mI (68) boot:  0 nvs              WiFi data        01 02 00009000 00004000[0m
[0;32mI (75) boot:  1 otadata          OTA data         01 00 0000d000 00002000[0m
[0;32mI (82) boot:  2 phy_init         RF data          01 01 0000f000 00001000[0m
[0;32mI (90) boot:  3 ota_0            OTA app          00 10 00010000 001e0000[0m
[0;32mI (97) boot:  4 ota_1            OTA app          00 11 001f0000 001e0000[0m
[0;32mI (105) boot:  5 coredump         Unknown data     01 03 003d0000 00010000[0m
[0;32mI (112) boot:  6 reserved         Unknown data     01 fe 003e0000 00020000[0m
[0;32mI (120) boot: End of partition table[0m
[0;32mI (124) esp_image: segment 0: paddr=00010020 vaddr=3f400020 size=2dfd4h (188372) map[0m
[0;32mI (197) esp_image: segment 1: paddr=0003dffc vaddr=3ffbdb60 size=0201ch (  8220) load[0m
[0;32mI (201) esp_image: segment 2: paddr=00040020 vaddr=400d0020 size=c2de8h (798184) map[0m
[0;32mI (477) esp_image: segment 3: paddr=00102e10 vaddr=3ffbfb7c size=03f5ch ( 16220) load[0m
[0;32mI (483) esp_image: segment 4: paddr=00106d74 vaddr=40080000 size=1cc6ch (117868) load[0m
[0;32mI (544) boot: Loaded app from partition at offset 0x10000[0m
[0;32mI (544) boot: Disabling RNG early entropy source...[0m
[0;32mI (556) quad_psram: This chip is ESP32-D0WD[0m
[0;32mI (556) esp_psram: Found 8MB PSRAM device[0m
[0;32mI (557) esp_psram: Speed: 40MHz[0m
[0;32mI (560) esp_psram: PSRAM initialized, cache is in normal (1-core) mode.[0m
[0;33mW (567) esp_psram: Virtual address not enough for PSRAM, map as much as we can. 4MB is mapped[0m
[0;32mI (576) cpu_start: Unicore app[0m
[0;32mI (580) cpu_start: Single core mode[0m
[0;32mI (1510) esp_psram: SPI SRAM memory test OK[0m
[0;32mI (1518) cpu_start: Pro cpu start user code[0m
[0;32mI (1518) cpu_start: cpu freq: 240000000 Hz[0m
[0;32mI (1518) app_init: Application information:[0m
[0;32mI (1521) app_init: Project name:     mesh_local_control[0m
[0;32mI (1527) app_init: App version:      f4bea835-dirty[0m
[0;32mI (1533) app_init: Compile time:     Aug 24 2024 21:55:48[0m
[0;32mI (1539) app_init: ELF file SHA256:  46579c144...[0m
[0;32mI (1544) app_init: ESP-IDF:          v5.3-dirty[0m
[0;32mI (1549) efuse_init: Min chip rev:     v0.0[0m
[0;32mI (1554) efuse_init: Max chip rev:     v3.99 [0m
[0;32mI (1559) efuse_init: Chip rev:         v3.1[0m
[0;32mI (1564) heap_init: Initializing. RAM available for dynamic allocation:[0m
[0;32mI (1571) heap_init: At 3FFAE6E0 len 0000F480 (61 KiB): DRAM[0m
[0;32mI (1577) heap_init: At 3FFC8940 len 000176C0 (93 KiB): DRAM[0m
[0;32mI (1584) heap_init: At 3FFE0440 len 0001FBC0 (126 KiB): D/IRAM[0m
[0;32mI (1590) heap_init: At 40078000 len 00008000 (32 KiB): IRAM[0m
[0;32mI (1597) heap_init: At 4009CC6C len 00003394 (12 KiB): IRAM[0m
[0;32mI (1603) heap_init: At 3FF80000 len 00002000 (8 KiB): RTCRAM[0m
[0;32mI (1610) esp_psram: Adding pool of 4096K of PSRAM memory to heap allocator[0m
[0;32mI (1618) spi_flash: detected chip: generic[0m
[0;32mI (1621) spi_flash: flash io: dio[0m
[0;33mW (1626) i2c: This driver is an old driver, please migrate your application code to adapt `driver/i2c_master.h`[0m
[0;32mI (1648) coexist: coex firmware version: dab85ae96[0m
[0;32mI (1649) main_task: Started on CPU0[0m
[0;32mI (1649) esp_psram: Reserving pool of 32K of internal memory for DMA/internal allocations[0m
[0;32mI (1657) main_task: Calling app_main()[0m
[0;32mI (1676) bridge_common: esp-iot-bridge version: 0.11.8[0m
I (1678) wifi:wifi driver task: 3ffbd618, prio:23, stack:6656, core=0
I (1681) wifi:wifi firmware version: 0caa81945
I (1682) wifi:wifi certification version: v7.0
I (1686) wifi:config NVS flash: enabled
I (1689) wifi:config nano formating: disabled
I (1693) wifi:Init data frame dynamic rx buffer num: 32
I (1698) wifi:Init static rx mgmt buffer num: 5
I (1702) wifi:Init management short buffer num: 32
I (1707) wifi:Init static tx buffer num: 16
I (1711) wifi:Init tx cache buffer num: 32
I (1715) wifi:Init static rx buffer size: 1600
I (1719) wifi:Init static rx buffer num: 10
I (1723) wifi:Init dynamic rx buffer num: 32
[0;32mI (1728) wifi_init: accept mbox: 6[0m
[0;32mI (1731) wifi_init: tcpip mbox: 32[0m
[0;32mI (1735) wifi_init: udp mbox: 6[0m
[0;32mI (1738) wifi_init: tcp mbox: 6[0m
[0;32mI (1742) wifi_init: tcp tx win: 5760[0m
[0;32mI (1746) wifi_init: tcp rx win: 5760[0m
[0;32mI (1751) wifi_init: tcp mss: 1440[0m
[0;32mI (1755) wifi_init: WiFi IRAM OP enabled[0m
[0;32mI (1759) wifi_init: WiFi RX IRAM OP enabled[0m
[0;32mI (1765) phy_init: phy_version 4830,54550f7,Jun 20 2024,14:22:08[0m
[0;33mW (1771) phy_init: failed to load RF calibration data (0x1102), falling back to full calibration[0m
ï¿½ets Jul 29 2019 12:21:46

rst:0x3 (SW_RESET),boot:0x13 (SPI_FAST_FLASH_BOOT)
configsip: 0, SPIWP:0xee
clk_drv:0x00,q_drv:0x00,d_drv:0x00,cs0_drv:0x00,hd_drv:0x00,wp_drv:0x00
mode:DIO, clock div:2
load:0x3fff0030,len:7168
load:0x40078000,len:15452
load:0x40080400,len:4
load:0x40080404,len:3684
entry 0x40080614
[0;32mI (169) boot: ESP-IDF v5.3-dirty 2nd stage bootloader[0m
[0;32mI (169) boot: compile time Aug 24 2024 21:55:52[0m
[0;33mW (169) boot: Unicore bootloader[0m
[0;32mI (174) boot: chip revision: v3.1[0m
[0;32mI (178) boot.esp32: SPI Speed      : 40MHz[0m
[0;32mI (183) boot.esp32: SPI Mode       : DIO[0m
[0;32mI (187) boot.esp32: SPI Flash Size : 4MB[0m
[0;32mI (192) boot: Enabling RNG early entropy source...[0m
[0;32mI (197) boot: Partition Table:[0m
[0;32mI (201) boot: ## Label            Usage          Type ST Offset   Length[0m
[0;32mI (208) boot:  0 nvs              WiFi data        01 02 00009000 00004000[0m
[0;32mI (216) boot:  1 otadata          OTA data         01 00 0000d000 00002000[0m
[0;32mI (224) boot:  2 phy_init         RF data          01 01 0000f000 00001000[0m
[0;32mI (231) boot:  3 ota_0            OTA app          00 10 00010000 001e0000[0m
[0;32mI (239) boot:  4 ota_1            OTA app          00 11 001f0000 001e0000[0m
[0;32mI (246) boot:  5 coredump         Unknown data     01 03 003d0000 00010000[0m
[0;32mI (254) boot:  6 reserved         Unknown data     01 fe 003e0000 00020000[0m
[0;32mI (261) boot: End of partition table[0m
[0;32mI (266) esp_image: segment 0: paddr=00010020 vaddr=3f400020 size=2dfd4h (188372) map[0m
[0;32mI (339) esp_image: segment 1: paddr=0003dffc vaddr=3ffbdb60 size=0201ch (  8220) load[0m
[0;32mI (342) esp_image: segment 2: paddr=00040020 vaddr=400d0020 size=c2de8h (798184) map[0m
[0;32mI (618) esp_image: segment 3: paddr=00102e10 vaddr=3ffbfb7c size=03f5ch ( 16220) load[0m
[0;32mI (624) esp_image: segment 4: paddr=00106d74 vaddr=40080000 size=1cc6ch (117868) load[0m
[0;32mI (685) boot: Loaded app from partition at offset 0x10000[0m
[0;32mI (685) boot: Disabling RNG early entropy source...[0m
[0;32mI (697) quad_psram: This chip is ESP32-D0WD[0m
[0;32mI (698) esp_psram: Found 8MB PSRAM device[0m
[0;32mI (698) esp_psram: Speed: 40MHz[0m
[0;32mI (701) esp_psram: PSRAM initialized, cache is in normal (1-core) mode.[0m
[0;33mW (709) esp_psram: Virtual address not enough for PSRAM, map as much as we can. 4MB is mapped[0m
[0;32mI (718) cpu_start: Unicore app[0m
[0;32mI (722) cpu_start: Single core mode[0m
[0;32mI (1651) esp_psram: SPI SRAM memory test OK[0m
[0;32mI (1659) cpu_start: Pro cpu start user code[0m
[0;32mI (1659) cpu_start: cpu freq: 240000000 Hz[0m
[0;32mI (1659) app_init: Application information:[0m
[0;32mI (1662) app_init: Project name:     mesh_local_control[0m
[0;32mI (1668) app_init: App version:      f4bea835-dirty[0m
[0;32mI (1674) app_init: Compile time:     Aug 24 2024 21:55:48[0m
[0;32mI (1680) app_init: ELF file SHA256:  46579c144...[0m
[0;32mI (1685) app_init: ESP-IDF:          v5.3-dirty[0m
[0;32mI (1691) efuse_init: Min chip rev:     v0.0[0m
[0;32mI (1695) efuse_init: Max chip rev:     v3.99 [0m
[0;32mI (1700) efuse_init: Chip rev:         v3.1[0m
[0;32mI (1706) heap_init: Initializing. RAM available for dynamic allocation:[0m
[0;32mI (1713) heap_init: At 3FFAE6E0 len 0000F480 (61 KiB): DRAM[0m
[0;32mI (1719) heap_init: At 3FFC8940 len 000176C0 (93 KiB): DRAM[0m
[0;32mI (1725) heap_init: At 3FFE0440 len 0001FBC0 (126 KiB): D/IRAM[0m
[0;32mI (1732) heap_init: At 40078000 len 00008000 (32 KiB): IRAM[0m
[0;32mI (1738) heap_init: At 4009CC6C len 00003394 (12 KiB): IRAM[0m
[0;32mI (1744) heap_init: At 3FF80000 len 00002000 (8 KiB): RTCRAM[0m
[0;32mI (1751) esp_psram: Adding pool of 4096K of PSRAM memory to heap allocator[0m
[0;32mI (1759) spi_flash: detected chip: generic[0m
[0;32mI (1763) spi_flash: flash io: dio[0m
[0;33mW (1767) i2c: This driver is an old driver, please migrate your application code to adapt `driver/i2c_master.h`[0m
[0;32mI (1789) coexist: coex firmware version: dab85ae96[0m
[0;32mI (1790) main_task: Started on CPU0[0m
[0;32mI (1790) esp_psram: Reserving pool of 32K of internal memory for DMA/internal allocations[0m
[0;32mI (1798) main_task: Calling app_main()[0m
[0;32mI (1817) bridge_common: esp-iot-bridge version: 0.11.8[0m
I (1819) wifi:wifi driver task: 3ffbd618, prio:23, stack:6656, core=0
I (1822) wifi:wifi firmware version: 0caa81945
I (1823) wifi:wifi certification version: v7.0
I (1827) wifi:config NVS flash: enabled
I (1830) wifi:config nano formating: disabled
I (1834) wifi:Init data frame dynamic rx buffer num: 32
I (1839) wifi:Init static rx mgmt buffer num: 5
I (1843) wifi:Init management short buffer num: 32
I (1848) wifi:Init static tx buffer num: 16
I (1852) wifi:Init tx cache buffer num: 32
I (1856) wifi:Init static rx buffer size: 1600
I (1860) wifi:Init static rx buffer num: 10
I (1864) wifi:Init dynamic rx buffer num: 32
[0;32mI (1869) wifi_init: accept mbox: 6[0m
[0;32mI (1872) wifi_init: tcpip mbox: 32[0m
[0;32mI (1876) wifi_init: udp mbox: 6[0m
[0;32mI (1879) wifi_init: tcp mbox: 6[0m
[0;32mI (1883) wifi_init: tcp tx win: 5760[0m
[0;32mI (1887) wifi_init: tcp rx win: 5760[0m
[0;32mI (1892) wifi_init: tcp mss: 1440[0m
[0;32mI (1896) wifi_init: WiFi IRAM OP enabled[0m
[0;32mI (1900) wifi_init: WiFi RX IRAM OP enabled[0m
[0;32mI (1906) phy_init: phy_version 4830,54550f7,Jun 20 2024,14:22:08[0m
[0;33mW (1912) phy_init: failed to load RF calibration data (0x1102), falling back to full calibration[0m
ï¿½ets Jul 29 2019 12:21:46

rst:0x3 (SW_RESET),boot:0x13 (SPI_FAST_FLASH_BOOT)
configsip: 0, SPIWP:0xee
clk_drv:0x00,q_drv:0x00,d_drv:0x00,cs0_drv:0x00,hd_drv:0x00,wp_drv:0x00
mode:DIO, clock div:2
load:0x3fff0030,len:7168
load:0x40078000,len:15452
load:0x40080400,len:4
load:0x40080404,len:3684
entry 0x40080614
[0;32mI (169) boot: ESP-IDF v5.3-dirty 2nd stage bootloader[0m
[0;32mI (169) boot: compile time Aug 24 2024 21:55:52[0m
[0;33mW (169) boot: Unicore bootloader[0m
[0;32mI (174) boot: chip revision: v3.1[0m
[0;32mI (178) boot.esp32: SPI Speed      : 40MHz[0m
[0;32mI (183) boot.esp32: SPI Mode       : DIO[0m
[0;32mI (187) boot.esp32: SPI Flash Size : 4MB[0m
[0;32mI (192) boot: Enabling RNG early entropy source...[0m
[0;32mI (197) boot: Partition Table:[0m
[0;32mI (201) boot: ## Label            Usage          Type ST Offset   Length[0m
[0;32mI (208) boot:  0 nvs              WiFi data        01 02 00009000 00004000[0m
[0;32mI (216) boot:  1 otadata          OTA data         01 00 0000d000 00002000[0m
[0;32mI (224) boot:  2 phy_init         RF data          01 01 0000f000 00001000[0m
[0;32mI (231) boot:  3 ota_0            OTA app          00 10 00010000 001e0000[0m
[0;32mI (239) boot:  4 ota_1            OTA app          00 11 001f0000 001e0000[0m
[0;32mI (246) boot:  5 coredump         Unknown data     01 03 003d0000 00010000[0m
[0;32mI (254) boot:  6 reserved         Unknown data     01 fe 003e0000 00020000[0m
[0;32mI (261) boot: End of partition table[0m
[0;32mI (266) esp_image: segment 0: paddr=00010020 vaddr=3f400020 size=2dfd4h (188372) map[0m
[0;32mI (339) esp_image: segment 1: paddr=0003dffc vaddr=3ffbdb60 size=0201ch (  8220) load[0m
[0;32mI (342) esp_image: segment 2: paddr=00040020 vaddr=400d0020 size=c2de8h (798184) map[0m
[0;32mI (618) esp_image: segment 3: paddr=00102e10 vaddr=3ffbfb7c size=03f5ch ( 16220) load[0m
[0;32mI (624) esp_image: segment 4: paddr=00106d74 vaddr=40080000 size=1cc6ch (117868) load[0m
[0;32mI (685) boot: Loaded app from partition at offset 0x10000[0m
[0;32mI (685) boot: Disabling RNG early entropy source...[0m
[0;32mI (697) quad_psram: This chip is ESP32-D0WD[0m
[0;32mI (698) esp_psram: Found 8MB PSRAM device[0m
[0;32mI (698) esp_psram: Speed: 40MHz[0m
[0;32mI (701) esp_psram: PSRAM initialized, cache is in normal (1-core) mode.[0m
[0;33mW (709) esp_psram: Virtual address not enough for PSRAM, map as much as we can. 4MB is mapped[0m
[0;32mI (718) cpu_start: Unicore app[0m
[0;32mI (721) cpu_start: Single core mode[0m
[0;32mI (1651) esp_psram: SPI SRAM memory test OK[0m
[0;32mI (1659) cpu_start: Pro cpu start user code[0m
[0;32mI (1659) cpu_start: cpu freq: 240000000 Hz[0m
[0;32mI (1659) app_init: Application information:[0m
[0;32mI (1662) app_init: Project name:     mesh_local_control[0m
[0;32mI (1668) app_init: App version:      f4bea835-dirty[0m
[0;32mI (1674) app_init: Compile time:     Aug 24 2024 21:55:48[0m
[0;32mI (1680) app_init: ELF file SHA256:  46579c144...[0m
[0;32mI (1685) app_init: ESP-IDF:          v5.3-dirty[0m
[0;32mI (1690) efuse_init: Min chip rev:     v0.0[0m
[0;32mI (1695) efuse_init: Max chip rev:     v3.99 [0m
[0;32mI (1700) efuse_init: Chip rev:         v3.1[0m
[0;32mI (1706) heap_init: Initializing. RAM available for dynamic allocation:[0m
[0;32mI (1713) heap_init: At 3FFAE6E0 len 0000F480 (61 KiB): DRAM[0m
[0;32mI (1719) heap_init: At 3FFC8940 len 000176C0 (93 KiB): DRAM[0m
[0;32mI (1725) heap_init: At 3FFE0440 len 0001FBC0 (126 KiB): D/IRAM[0m
[0;32mI (1732) heap_init: At 40078000 len 00008000 (32 KiB): IRAM[0m
[0;32mI (1738) heap_init: At 4009CC6C len 00003394 (12 KiB): IRAM[0m
[0;32mI (1744) heap_init: At 3FF80000 len 00002000 (8 KiB): RTCRAM[0m
[0;32mI (1751) esp_psram: Adding pool of 4096K of PSRAM memory to heap allocator[0m
[0;32mI (1759) spi_flash: detected chip: generic[0m
[0;32mI (1763) spi_flash: flash io: dio[0m
[0;33mW (1767) i2c: This driver is an old driver, please migrate your application code to adapt `driver/i2c_master.h`[0m
[0;32mI (1789) coexist: coex firmware version: dab85ae96[0m
[0;32mI (1790) main_task: Started on CPU0[0m
[0;32mI (1790) esp_psram: Reserving pool of 32K of internal memory for DMA/internal allocations[0m
[0;32mI (1798) main_task: Calling app_main()[0m
[0;32mI (1817) bridge_common: esp-iot-bridge version: 0.11.8[0m
I (1819) wifi:wifi driver task: 3ffbd618, prio:23, stack:6656, core=0
I (1822) wifi:wifi firmware version: 0caa81945
I (1823) wifi:wifi certification version: v7.0
I (1827) wifi:config NVS flash: enabled
I (1830) wifi:config nano formating: disabled
I (1834) wifi:Init data frame dynamic rx buffer num: 32
I (1839) wifi:Init static rx mgmt buffer num: 5
I (1843) wifi:Init management short buffer num: 32
I (1848) wifi:Init static tx buffer num: 16
I (1852) wifi:Init tx cache buffer num: 32
I (1856) wifi:Init static rx buffer size: 1600
I (1860) wifi:Init static rx buffer num: 10
I (1864) wifi:Init dynamic rx buffer num: 32
[0;32mI (1869) wifi_init: accept mbox: 6[0m
[0;32mI (1872) wifi_init: tcpip mbox: 32[0m
[0;32mI (1876) wifi_init: udp mbox: 6[0m
[0;32mI (1879) wifi_init: tcp mbox: 6[0m
[0;32mI (1883) wifi_init: tcp tx win: 5760[0m
[0;32mI (1887) wifi_init: tcp rx win: 5760[0m
[0;32mI (1892) wifi_init: tcp mss: 1440[0m
[0;32mI (1896) wifi_init: WiFi IRAM OP enabled[0m
[0;32mI (1900) wifi_init: WiFi RX IRAM OP enabled[0m
[0;32mI (1906) phy_init: phy_version 4830,54550f7,Jun 20 2024,14:22:08[0m
[0;33mW (1912) phy_init: failed to load RF calibration data (0x1102), falling back to full calibration[0m
ï¿½ets Jul 29 2019 12:21:46

rst:0x3 (SW_RESET),boot:0x13 (SPI_FAST_FLASH_BOOT)
configsip: 0, SPIWP:0xee
clk_drv:0x00,q_drv:0x00,d_drv:0x00,cs0_drv:0x00,hd_drv:0x00,wp_drv:0x00
mode:DIO, clock div:2
load:0x3fff0030,len:7168
load:0x40078000,len:15452
load:0x40080400,len:4
load:0x40080404,len:3684
entry 0x40080614
[0;32mI (169) boot: ESP-IDF v5.3-dirty 2nd stage bootloader[0m
[0;32mI (169) boot: compile time Aug 24 2024 21:55:52[0m
[0;33mW (169) boot: Unicore bootloader[0m
[0;32mI (174) boot: chip revision: v3.1[0m
[0;32mI (178) boot.esp32: SPI Speed      : 40MHz[0m
[0;32mI (183) boot.esp32: SPI Mode       : DIO[0m
[0;32mI (187) boot.esp32: SPI Flash Size : 4MB[0m
[0;32mI (192) boot: Enabling RNG early entropy source...[0m
[0;32mI (197) boot: Partition Table:[0m
[0;32mI (201) boot: ## Label            Usage          Type ST Offset   Length[0m
[0;32mI (208) boot:  0 nvs              WiFi data        01 02 00009000 00004000[0m
[0;32mI (216) boot:  1 otadata          OTA data         01 00 0000d000 00002000[0m
[0;32mI (224) boot:  2 phy_init         RF data          01 01 0000f000 00001000[0m
[0;32mI (231) boot:  3 ota_0            OTA app          00 10 00010000 001e0000[0m
[0;32mI (239) boot:  4 ota_1            OTA app          00 11 001f0000 001e0000[0m
[0;32mI (246) boot:  5 coredump         Unknown data     01 03 003d0000 00010000[0m
[0;32mI (254) boot:  6 reserved         Unknown data     01 fe 003e0000 00020000[0m
[0;32mI (261) boot: End of partition table[0m
[0;32mI (266) esp_image: segment 0: paddr=00010020 vaddr=3f400020 size=2dfd4h (188372) map[0m
[0;32mI (339) esp_image: segment 1: paddr=0003dffc vaddr=3ffbdb60 size=0201ch (  8220) load[0m
[0;32mI (342) esp_image: segment 2: paddr=00040020 vaddr=400d0020 size=c2de8h (798184) map[0m
[0;32mI (618) esp_image: segment 3: paddr=00102e10 vaddr=3ffbfb7c size=03f5ch ( 16220) load[0m
[0;32mI (624) esp_image: segment 4: paddr=00106d74 vaddr=40080000 size=1cc6ch (117868) load[0m
[0;32mI (685) boot: Loaded app from partition at offset 0x10000[0m
[0;32mI (685) boot: Disabling RNG early entropy source...[0m
[0;32mI (697) quad_psram: This chip is ESP32-D0WD[0m
[0;32mI (698) esp_psram: Found 8MB PSRAM device[0m
[0;32mI (698) esp_psram: Speed: 40MHz[0m
[0;32mI (701) esp_psram: PSRAM initialized, cache is in normal (1-core) mode.[0m
[0;33mW (709) esp_psram: Virtual address not enough for PSRAM, map as much as we can. 4MB is mapped[0m
[0;32mI (718) cpu_start: Unicore app[0m
[0;32mI (721) cpu_start: Single core mode[0m
[0;32mI (1651) esp_psram: SPI SRAM memory test OK[0m
[0;32mI (1659) cpu_start: Pro cpu start user code[0m
[0;32mI (1659) cpu_start: cpu freq: 240000000 Hz[0m
[0;32mI (1659) app_init: Application information:[0m
[0;32mI (1662) app_init: Project name:     mesh_local_control[0m
[0;32mI (1668) app_init: App version:      f4bea835-dirty[0m
[0;32mI (1674) app_init: Compile time:     Aug 24 2024 21:55:48[0m
[0;32mI (1680) app_init: ELF file SHA256:  46579c144...[0m
[0;32mI (1685) app_init: ESP-IDF:          v5.3-dirty[0m
[0;32mI (1691) efuse_init: Min chip rev:     v0.0[0m
[0;32mI (1695) efuse_init: Max chip rev:     v3.99 [0m
[0;32mI (1700) efuse_init: Chip rev:         v3.1[0m
[0;32mI (1706) heap_init: Initializing. RAM available for dynamic allocation:[0m
[0;32mI (1713) heap_init: At 3FFAE6E0 len 0000F480 (61 KiB): DRAM[0m
[0;32mI (1719) heap_init: At 3FFC8940 len 000176C0 (93 KiB): DRAM[0m
[0;32mI (1725) heap_init: At 3FFE0440 len 0001FBC0 (126 KiB): D/IRAM[0m
[0;32mI (1732) heap_init: At 40078000 len 00008000 (32 KiB): IRAM[0m
[0;32mI (1738) heap_init: At 4009CC6C len 00003394 (12 KiB): IRAM[0m
[0;32mI (1744) heap_init: At 3FF80000 len 00002000 (8 KiB): RTCRAM[0m
[0;32mI (1751) esp_psram: Adding pool of 4096K of PSRAM memory to heap allocator[0m
[0;32mI (1759) spi_flash: detected chip: generic[0m
[0;32mI (1763) spi_flash: flash io: dio[0m
[0;33mW (1767) i2c: This driver is an old driver, please migrate your application code to adapt `driver/i2c_master.h`[0m
[0;32mI (1789) coexist: coex firmware version: dab85ae96[0m
[0;32mI (1790) main_task: Started on CPU0[0m
[0;32mI (1790) esp_psram: Reserving pool of 32K of internal memory for DMA/internal allocations[0m
[0;32mI (1798) main_task: Calling app_main()[0m
[0;32mI (1817) bridge_common: esp-iot-bridge version: 0.11.8[0m
I (1819) wifi:wifi driver task: 3ffbd618, prio:23, stack:6656, core=0
I (1822) wifi:wifi firmware version: 0caa81945
I (1823) wifi:wifi certification version: v7.0
I (1827) wifi:config NVS flash: enabled
I (1830) wifi:config nano formating: disabled
I (1834) wifi:Init data frame dynamic rx buffer num: 32
I (1839) wifi:Init static rx mgmt buffer num: 5
I (1843) wifi:Init management short buffer num: 32
I (1848) wifi:Init static tx buffer num: 16
I (1852) wifi:Init tx cache buffer num: 32
I (1856) wifi:Init static rx buffer size: 1600
I (1860) wifi:Init static rx buffer num: 10
I (1864) wifi:Init dynamic rx buffer num: 32
[0;32mI (1869) wifi_init: accept mbox: 6[0m
[0;32mI (1872) wifi_init: tcpip mbox: 32[0m
[0;32mI (1876) wifi_init: udp mbox: 6[0m
[0;32mI (1879) wifi_init: tcp mbox: 6[0m
[0;32mI (1883) wifi_init: tcp tx win: 5760[0m
[0;32mI (1887) wifi_init: tcp rx win: 5760[0m
[0;32mI (1892) wifi_init: tcp mss: 1440[0m
[0;32mI (1896) wifi_init: WiFi IRAM OP enabled[0m
[0;32mI (1900) wifi_init: WiFi RX IRAM OP enabled[0m
[0;32mI (1906) phy_init: phy_version 4830,54550f7,Jun 20 2024,14:22:08[0m
[0;33mW (1912) phy_init: failed to load RF calibration data (0x1102), falling back to full calibration[0m
ï¿½ets Jul 29 2019 12:21:46

rst:0x3 (SW_RESET),boot:0x13 (SPI_FAST_FLASH_BOOT)
configsip: 0, SPIWP:0xee
clk_drv:0x00,q_drv:0x00,d_drv:0x00,cs0_drv:0x00,hd_drv:0x00,wp_drv:0x00
mode:DIO, clock div:2
load:0x3fff0030,len:7168
load:0x40078000,len:15452
load:0x40080400,len:4
load:0x40080404,len:3684
entry 0x40080614
[0;32mI (169) boot: ESP-IDF v5.3-dirty 2nd stage bootloader[0m
[0;32mI (169) boot: compile time Aug 24 2024 21:55:52[0m
[0;33mW (169) boot: Unicore bootloader[0m
[0;32mI (174) boot: chip revision: v3.1[0m
[0;32mI (178) boot.esp32: SPI Speed      : 40MHz[0m
[0;32mI (183) boot.esp32: SPI Mode       : DIO[0m
[0;32mI (187) boot.esp32: SPI Flash Size : 4MB[0m
[0;32mI (192) boot: Enabling RNG early entropy source...[0m
[0;32mI (197) boot: Partition Table:[0m
[0;32mI (201) boot: ## Label            Usage          Type ST Offset   Length[0m
[0;32mI (208) boot:  0 nvs              WiFi data        01 02 00009000 00004000[0m
[0;32mI (216) boot:  1 otadata          OTA data         01 00 0000d000 00002000[0m
[0;32mI (224) boot:  2 phy_init         RF data          01 01 0000f000 00001000[0m
[0;32mI (231) boot:  3 ota_0            OTA app          00 10 00010000 001e0000[0m
[0;32mI (239) boot:  4 ota_1            OTA app          00 11 001f0000 001e0000[0m
[0;32mI (246) boot:  5 coredump         Unknown data     01 03 003d0000 00010000[0m
[0;32mI (254) boot:  6 reserved         Unknown data     01 fe 003e0000 00020000[0m
[0;32mI (261) boot: End of partition table[0m
[0;32mI (266) esp_image: segment 0: paddr=00010020 vaddr=3f400020 size=2dfd4h (188372) map[0m
[0;32mI (339) esp_image: segment 1: paddr=0003dffc vaddr=3ffbdb60 size=0201ch (  8220) load[0m
[0;32mI (342) esp_image: segment 2: paddr=00040020 vaddr=400d0020 size=c2de8h (798184) map[0m
[0;32mI (618) esp_image: segment 3: paddr=00102e10 vaddr=3ffbfb7c size=03f5ch ( 16220) load[0m
[0;32mI (624) esp_image: segment 4: paddr=00106d74 vaddr=40080000 size=1cc6ch (117868) load[0m
[0;32mI (685) boot: Loaded app from partition at offset 0x10000[0m
[0;32mI (685) boot: Disabling RNG early entropy source...[0m
[0;32mI (697) quad_psram: This chip is ESP32-D0WD[0m
[0;32mI (698) esp_psram: Found 8MB PSRAM device[0m
[0;32mI (698) esp_psram: Speed: 40MHz[0m
[0;32mI (701) esp_psram: PSRAM initialized, cache is in normal (1-core) mode.[0m
[0;33mW (709) esp_psram: Virtual address not enough for PSRAM, map as much as we can. 4MB is mapped[0m
[0;32mI (718) cpu_start: Unicore app[0m
[0;32mI (721) cpu_start: Single core mode[0m
[0;32mI (1651) esp_psram: SPI SRAM memory test OK[0m
[0;32mI (1659) cpu_start: Pro cpu start user code[0m
[0;32mI (1659) cpu_start: cpu freq: 240000000 Hz[0m
[0;32mI (1659) app_init: Application information:[0m
[0;32mI (1662) app_init: Project name:     mesh_local_control[0m
[0;32mI (1668) app_init: App version:      f4bea835-dirty[0m
[0;32mI (1674) app_init: Compile time:     Aug 24 2024 21:55:48[0m
[0;32mI (1680) app_init: ELF file SHA256:  46579c144...[0m
[0;32mI (1685) app_init: ESP-IDF:          v5.3-dirty[0m
[0;32mI (1691) efuse_init: Min chip rev:     v0.0[0m
[0;32mI (1695) efuse_init: Max chip rev:     v3.99 [0m
[0;32mI (1700) efuse_init: Chip rev:         v3.1[0m
[0;32mI (1706) heap_init: Initializing. RAM available for dynamic allocation:[0m
[0;32mI (1713) heap_init: At 3FFAE6E0 len 0000F480 (61 KiB): DRAM[0m
[0;32mI (1719) heap_init: At 3FFC8940 len 000176C0 (93 KiB): DRAM[0m
[0;32mI (1725) heap_init: At 3FFE0440 len 0001FBC0 (126 KiB): D/IRAM[0m
[0;32mI (1732) heap_init: At 40078000 len 00008000 (32 KiB): IRAM[0m
[0;32mI (1738) heap_init: At 4009CC6C len 00003394 (12 KiB): IRAM[0m
[0;32mI (1744) heap_init: At 3FF80000 len 00002000 (8 KiB): RTCRAM[0m
[0;32mI (1751) esp_psram: Adding pool of 4096K of PSRAM memory to heap allocator[0m
[0;32mI (1759) spi_flash: detected chip: generic[0m
[0;32mI (1763) spi_flash: flash io: dio[0m
[0;33mW (1767) i2c: This driver is an old driver, please migrate your application code to adapt `driver/i2c_master.h`[0m
[0;32mI (1789) coexist: coex firmware version: dab85ae96[0m
[0;32mI (1790) main_task: Started on CPU0[0m
[0;32mI (1790) esp_psram: Reserving pool of 32K of internal memory for DMA/internal allocations[0m
[0;32mI (1798) main_task: Calling app_main()[0m
[0;32mI (1817) bridge_common: esp-iot-bridge version: 0.11.8[0m
I (1819) wifi:wifi driver task: 3ffbd618, prio:23, stack:6656, core=0
I (1822) wifi:wifi firmware version: 0caa81945
I (1823) wifi:wifi certification version: v7.0
I (1827) wifi:config NVS flash: enabled
I (1830) wifi:config nano formating: disabled
I (1834) wifi:Init data frame dynamic rx buffer num: 32
I (1839) wifi:Init static rx mgmt buffer num: 5
I (1843) wifi:Init management short buffer num: 32
I (1848) wifi:Init static tx buffer num: 16
I (1852) wifi:Init tx cache buffer num: 32
I (1856) wifi:Init static rx buffer size: 1600
I (1860) wifi:Init static rx buffer num: 10
I (1864) wifi:Init dynamic rx buffer num: 32
[0;32mI (1869) wifi_init: accept mbox: 6[0m
[0;32mI (1872) wifi_init: tcpip mbox: 32[0m
[0;32mI (1876) wifi_init: udp mbox: 6[0m
[0;32mI (1879) wifi_init: tcp mbox: 6[0m
[0;32mI (1883) wifi_init: tcp tx win: 5760[0m
[0;32mI (1887) wifi_init: tcp rx win: 5760[0m
[0;32mI (1892) wifi_init: tcp mss: 1440[0m
[0;32mI (1896) wifi_init: WiFi IRAM OP enabled[0m
[0;32mI (1900) wifi_init: WiFi RX IRAM OP enabled[0m
[0;32mI (1906) phy_init: phy_version 4830,54550f7,Jun 20 2024,14:22:08[0m
[0;33mW (1912) phy_init: failed to load RF calibration data (0x1102), falling back to full calibration[0m
ï¿½ets Jul 29 2019 12:21:46

rst:0x3 (SW_RESET),boot:0x13 (SPI_FAST_FLASH_BOOT)
configsip: 0, SPIWP:0xee
clk_drv:0x00,q_drv:0x00,d_drv:0x00,cs0_drv:0x00,hd_drv:0x00,wp_drv:0x00
mode:DIO, clock div:2
load:0x3fff0030,len:7168
load:0x40078000,len:15452
load:0x40080400,len:4
load:0x40080404,len:3684
entry 0x40080614
[0;32mI (169) boot: ESP-IDF v5.3-dirty 2nd stage bootloader[0m
[0;32mI (169) boot: compile time Aug 24 2024 21:55:52[0m
[0;33mW (169) boot: Unicore bootloader[0m
[0;32mI (174) boot: chip revision: v3.1[0m
[0;32mI (178) boot.esp32: SPI Speed      : 40MHz[0m
[0;32mI (183) boot.esp32: SPI Mode       : DIO[0m
[0;32mI (187) boot.esp32: SPI Flash Size : 4MB[0m
[0;32mI (192) boot: Enabling RNG early entropy source...[0m
[0;32mI (197) boot: Partition Table:[0m
[0;32mI (201) boot: ## Label            Usage          Type ST Offset   Length[0m
[0;32mI (208) boot:  0 nvs              WiFi data        01 02 00009000 00004000[0m
[0;32mI (216) boot:  1 otadata          OTA data         01 00 0000d000 00002000[0m
[0;32mI (224) boot:  2 phy_init         RF data          01 01 0000f000 00001000[0m
[0;32mI (231) boot:  3 ota_0            OTA app          00 10 00010000 001e0000[0m
[0;32mI (239) boot:  4 ota_1            OTA app          00 11 001f0000 001e0000[0m
[0;32mI (246) boot:  5 coredump         Unknown data     01 03 003d0000 00010000[0m
[0;32mI (254) boot:  6 reserved         Unknown data     01 fe 003e0000 00020000[0m
[0;32mI (261) boot: End of partition table[0m
[0;32mI (266) esp_image: segment 0: paddr=00010020 vaddr=3f400020 size=2dfd4h (188372) map[0m
[0;32mI (339) esp_image: segment 1: paddr=0003dffc vaddr=3ffbdb60 size=0201ch (  8220) load[0m
[0;32mI (342) esp_image: segment 2: paddr=00040020 vaddr=400d0020 size=c2de8h (798184) map[0m
[0;32mI (618) esp_image: segment 3: paddr=00102e10 vaddr=3ffbfb7c size=03f5ch ( 16220) load[0m
[0;32mI (624) esp_image: segment 4: paddr=00106d74 vaddr=40080000 size=1cc6ch (117868) load[0m
[0;32mI (685) boot: Loaded app from partition at offset 0x10000[0m
[0;32mI (685) boot: Disabling RNG early entropy source...[0m
[0;32mI (697) quad_psram: This chip is ESP32-D0WD[0m
[0;32mI (698) esp_psram: Found 8MB PSRAM device[0m
[0;32mI (698) esp_psram: Speed: 40MHz[0m
[0;32mI (701) esp_psram: PSRAM initialized, cache is in normal (1-core) mode.[0m
[0;33mW (709) esp_psram: Virtual address not enough for PSRAM, map as much as we can. 4MB is mapped[0m
[0;32mI (718) cpu_start: Unicore app[0m
[0;32mI (721) cpu_start: Single core mode[0m
[0;32mI (1651) esp_psram: SPI SRAM memory test OK[0m
[0;32mI (1659) cpu_start: Pro cpu start user code[0m
[0;32mI (1659) cpu_start: cpu freq: 240000000 Hz[0m
[0;32mI (1659) app_init: Application information:[0m
[0;32mI (1662) app_init: Project name:     mesh_local_control[0m
[0;32mI (1668) app_init: App version:      f4bea835-dirty[0m
[0;32mI (1674) app_init: Compile time:     Aug 24 2024 21:55:48[0m
[0;32mI (1680) app_init: ELF file SHA256:  46579c144...[0m
[0;32mI (1685) app_init: ESP-IDF:          v5.3-dirty[0m
[0;32mI (1691) efuse_init: Min chip rev:     v0.0[0m
[0;32mI (1695) efuse_init: Max chip rev:     v3.99 [0m
[0;32mI (1700) efuse_init: Chip rev:         v3.1[0m
[0;32mI (1706) heap_init: Initializing. RAM available for dynamic allocation:[0m
[0;32mI (1713) heap_init: At 3FFAE6E0 len 0000F480 (61 KiB): DRAM[0m
[0;32mI (1719) heap_init: At 3FFC8940 len 000176C0 (93 KiB): DRAM[0m
[0;32mI (1725) heap_init: At 3FFE0440 len 0001FBC0 (126 KiB): D/IRAM[0m
[0;32mI (1732) heap_init: At 40078000 len 00008000 (32 KiB): IRAM[0m
[0;32mI (1738) heap_init: At 4009CC6C len 00003394 (12 KiB): IRAM[0m
[0;32mI (1744) heap_init: At 3FF80000 len 00002000 (8 KiB): RTCRAM[0m
[0;32mI (1751) esp_psram: Adding pool of 4096K of PSRAM memory to heap allocator[0m
[0;32mI (1759) spi_flash: detected chip: generic[0m
[0;32mI (1763) spi_flash: flash io: dio[0m
[0;33mW (1767) i2c: This driver is an old driver, please migrate your application code to adapt `driver/i2c_master.h`[0m
[0;32mI (1789) coexist: coex firmware version: dab85ae96[0m
[0;32mI (1790) main_task: Started on CPU0[0m
[0;32mI (1790) esp_psram: Reserving pool of 32K of internal memory for DMA/internal allocations[0m
[0;32mI (1798) main_task: Calling app_main()[0m
[0;32mI (1817) bridge_common: esp-iot-bridge version: 0.11.8[0m
I (1819) wifi:wifi driver task: 3ffbd618, prio:23, stack:6656, core=0
I (1822) wifi:wifi firmware version: 0caa81945
I (1823) wifi:wifi certification version: v7.0
I (1827) wifi:config NVS flash: enabled
I (1830) wifi:config nano formating: disabled
I (1834) wifi:Init data frame dynamic rx buffer num: 32
I (1839) wifi:Init static rx mgmt buffer num: 5
I (1843) wifi:Init management short buffer num: 32
I (1848) wifi:Init static tx buffer num: 16
I (1852) wifi:Init tx cache buffer num: 32
I (1856) wifi:Init static rx buffer size: 1600
I (1860) wifi:Init static rx buffer num: 10
I (1864) wifi:Init dynamic rx buffer num: 32
[0;32mI (1869) wifi_init: accept mbox: 6[0m
[0;32mI (1872) wifi_init: tcpip mbox: 32[0m
[0;32mI (1876) wifi_init: udp mbox: 6[0m
[0;32mI (1879) wifi_init: tcp mbox: 6[0m
[0;32mI (1883) wifi_init: tcp tx win: 5760[0m
[0;32mI (1887) wifi_init: tcp rx win: 5760[0m
[0;32mI (1892) wifi_init: tcp mss: 1440[0m
[0;32mI (1896) wifi_init: WiFi IRAM OP enabled[0m
[0;32mI (1900) wifi_init: WiFi RX IRAM OP enabled[0m
[0;32mI (1906) phy_init: phy_version 4830,54550f7,Jun 20 2024,14:22:08[0m
[0;33mW (1912) phy_init: failed to load RF calibration data (0x1102), falling back to full calibration[0m
ï¿½ets Jul 29 2019 12:21:46

rst:0x3 (SW_RESET),boot:0x13 (SPI_FAST_FLASH_BOOT)
configsip: 0, SPIWP:0xee
clk_drv:0x00,q_drv:0x00,d_drv:0x00,cs0_drv:0x00,hd_drv:0x00,wp_drv:0x00
mode:DIO, clock div:2
load:0x3fff0030,len:7168
load:0x40078000,len:15452
load:0x40080400,len:4
load:0x40080404,len:3684
entry 0x40080614
[0;32mI (169) boot: ESP-IDF v5.3-dirty 2nd stage bootloader[0m
[0;32mI (169) boot: compile time Aug 24 2024 21:55:52[0m
[0;33mW (169) boot: Unicore bootloader[0m
[0;32mI (174) boot: chip revision: v3.1[0m
[0;32mI (178) boot.esp32: SPI Speed      : 40MHz[0m
[0;32mI (183) boot.esp32: SPI Mode       : DIO[0m
[0;32mI (187) boot.esp32: SPI Flash Size : 4MB[0m
[0;32mI (192) boot: Enabling RNG early entropy source...[0m
[0;32mI (197) boot: Partition Table:[0m
[0;32mI (201) boot: ## Label            Usage          Type ST Offset   Length[0m
[0;32mI (208) boot:  0 nvs              WiFi data        01 02 00009000 00004000[0m
[0;32mI (216) boot:  1 otadata          OTA data         01 00 0000d000 00002000[0m
[0;32mI (224) boot:  2 phy_init         RF data          01 01 0000f000 00001000[0m
[0;32mI (231) boot:  3 ota_0            OTA app          00 10 00010000 001e0000[0m
[0;32mI (239) boot:  4 ota_1            OTA app          00 11 001f0000 001e0000[0m
[0;32mI (246) boot:  5 coredump         Unknown data     01 03 003d0000 00010000[0m
[0;32mI (254) boot:  6 reserved         Unknown data     01 fe 003e0000 00020000[0m
[0;32mI (261) boot: End of partition table[0m
[0;32mI (266) esp_image: segment 0: paddr=00010020 vaddr=3f400020 size=2dfd4h (188372) map[0m
[0;32mI (339) esp_image: segment 1: paddr=0003dffc vaddr=3ffbdb60 size=0201ch (  8220) load[0m
[0;32mI (342) esp_image: segment 2: paddr=00040020 vaddr=400d0020 size=c2de8h (798184) map[0m
[0;32mI (618) esp_image: segment 3: paddr=00102e10 vaddr=3ffbfb7c size=03f5ch ( 16220) load[0m
[0;32mI (624) esp_image: segment 4: paddr=00106d74 vaddr=40080000 size=1cc6ch (117868) load[0m
[0;32mI (685) boot: Loaded app from partition at offset 0x10000[0m
[0;32mI (685) boot: Disabling RNG early entropy source...[0m
[0;32mI (697) quad_psram: This chip is ESP32-D0WD[0m
[0;32mI (698) esp_psram: Found 8MB PSRAM device[0m
[0;32mI (698) esp_psram: Speed: 40MHz[0m
[0;32mI (701) esp_psram: PSRAM initialized, cache is in normal (1-core) mode.[0m
[0;33mW (709) esp_psram: Virtual address not enough for PSRAM, map as much as we can. 4MB is mapped[0m
[0;32mI (718) cpu_start: Unicore app[0m
[0;32mI (721) cpu_start: Single core mode[0m
[0;32mI (1651) esp_psram: SPI SRAM memory test OK[0m
[0;32mI (1659) cpu_start: Pro cpu start user code[0m
[0;32mI (1659) cpu_start: cpu freq: 240000000 Hz[0m
[0;32mI (1659) app_init: Application information:[0m
[0;32mI (1662) app_init: Project name:     mesh_local_control[0m
[0;32mI (1668) app_init: App version:      f4bea835-dirty[0m
[0;32mI (1674) app_init: Compile time:     Aug 24 2024 21:55:48[0m
[0;32mI (1680) app_init: ELF file SHA256:  46579c144...[0m
[0;32mI (1685) app_init: ESP-IDF:          v5.3-dirty[0m
[0;32mI (1691) efuse_init: Min chip rev:     v0.0[0m
[0;32mI (1695) efuse_init: Max chip rev:     v3.99 [0m
[0;32mI (1700) efuse_init: Chip rev:         v3.1[0m
[0;32mI (1706) heap_init: Initializing. RAM available for dynamic allocation:[0m
[0;32mI (1713) heap_init: At 3FFAE6E0 len 0000F480 (61 KiB): DRAM[0m
[0;32mI (1719) heap_init: At 3FFC8940 len 000176C0 (93 KiB): DRAM[0m
[0;32mI (1725) heap_init: At 3FFE0440 len 0001FBC0 (126 KiB): D/IRAM[0m
[0;32mI (1732) heap_init: At 40078000 len 00008000 (32 KiB): IRAM[0m
[0;32mI (1738) heap_init: At 4009CC6C len 00003394 (12 KiB): IRAM[0m
[0;32mI (1744) heap_init: At 3FF80000 len 00002000 (8 KiB): RTCRAM[0m
[0;32mI (1751) esp_psram: Adding pool of 4096K of PSRAM memory to heap allocator[0m
[0;32mI (1759) spi_flash: detected chip: generic[0m
[0;32mI (1763) spi_flash: flash io: dio[0m
[0;33mW (1767) i2c: This driver is an old driver, please migrate your application code to adapt `driver/i2c_master.h`[0m
[0;32mI (1789) coexist: coex firmware version: dab85ae96[0m
[0;32mI (1790) main_task: Started on CPU0[0m
[0;32mI (1790) esp_psram: Reserving pool of 32K of internal memory for DMA/internal allocations[0m
[0;32mI (1798) main_task: Calling app_main()[0m
[0;32mI (1817) bridge_common: esp-iot-bridge version: 0.11.8[0m
I (1819) wifi:wifi driver task: 3ffbd618, prio:23, stack:6656, core=0
I (1822) wifi:wifi firmware version: 0caa81945
I (1823) wifi:wifi certification version: v7.0
I (1827) wifi:config NVS flash: enabled
I (1830) wifi:config nano formating: disabled
I (1834) wifi:Init data frame dynamic rx buffer num: 32
I (1839) wifi:Init static rx mgmt buffer num: 5
I (1843) wifi:Init management short buffer num: 32
I (1848) wifi:Init static tx buffer num: 16
I (1852) wifi:Init tx cache buffer num: 32
I (1856) wifi:Init static rx buffer size: 1600
I (1860) wifi:Init static rx buffer num: 10
I (1864) wifi:Init dynamic rx buffer num: 32
[0;32mI (1869) wifi_init: accept mbox: 6[0m
[0;32mI (1872) wifi_init: tcpip mbox: 32[0m
[0;32mI (1876) wifi_init: udp mbox: 6[0m
[0;32mI (1879) wifi_init: tcp mbox: 6[0m
[0;32mI (1883) wifi_init: tcp tx win: 5760[0m
[0;32mI (1887) wifi_init: tcp rx win: 5760[0m
[0;32mI (1892) wifi_init: tcp mss: 1440[0m
[0;32mI (1896) wifi_init: WiFi IRAM OP enabled[0m
[0;32mI (1900) wifi_init: WiFi RX IRAM OP enabled[0m
[0;32mI (1906) phy_init: phy_version 4830,54550f7,Jun 20 2024,14:22:08[0m
[0;33mW (1912) phy_init: failed to load RF calibration data (0x1102), falling back to full calibration[0m
ï¿½ets Jul 29 2019 12:21:46

rst:0x3 (SW_RESET),boot:0x13 (SPI_FAST_FLASH_BOOT)
configsip: 0, SPIWP:0xee
clk_drv:0x00,q_drv:0x00,d_drv:0x00,cs0_drv:0x00,hd_drv:0x00,wp_drv:0x00
mode:DIO, clock div:2
load:0x3fff0030,len:7168
load:0x40078000,len:15452
load:0x40080400,len:4
load:0x40080404,len:3684
entry 0x40080614
[0;32mI (169) boot: ESP-IDF v5.3-dirty 2nd stage bootloader[0m
[0;32mI (169) boot: compile time Aug 24 2024 21:55:52[0m
[0;33mW (169) boot: Unicore bootloader[0m
[0;32mI (174) boot: chip revision: v3.1[0m
[0;32mI (178) boot.esp32: SPI Speed      : 40MHz[0m
[0;32mI (183) boot.esp32: SPI Mode       : DIO[0m
[0;32mI (187) boot.esp32: SPI Flash Size : 4MB[0m
[0;32mI (192) boot: Enabling RNG early entropy source...[0m
[0;32mI (197) boot: Partition Table:[0m
[0;32mI (201) boot: ## Label            Usage          Type ST Offset   Length[0m
[0;32mI (208) boot:  0 nvs              WiFi data        01 02 00009000 00004000[0m
[0;32mI (216) boot:  1 otadata          OTA data         01 00 0000d000 00002000[0m
[0;32mI (224) boot:  2 phy_init         RF data          01 01 0000f000 00001000[0m
[0;32mI (231) boot:  3 ota_0            OTA app          00 10 00010000 001e0000[0m
[0;32mI (239) boot:  4 ota_1            OTA app          00 11 001f0000 001e0000[0m
[0;32mI (246) boot:  5 coredump         Unknown data     01 03 003d0000 00010000[0m
[0;32mI (254) boot:  6 reserved         Unknown data     01 fe 003e0000 00020000[0m
[0;32mI (261) boot: End of partition table[0m
[0;32mI (266) esp_image: segment 0: paddr=00010020 vaddr=3f400020 size=2dfd4h (188372) map[0m
[0;32mI (339) esp_image: segment 1: paddr=0003dffc vaddr=3ffbdb60 size=0201ch (  8220) load[0m
[0;32mI (342) esp_image: segment 2: paddr=00040020 vaddr=400d0020 size=c2de8h (798184) map[0m
[0;32mI (618) esp_image: segment 3: paddr=00102e10 vaddr=3ffbfb7c size=03f5ch ( 16220) load[0m
[0;32mI (624) esp_image: segment 4: paddr=00106d74 vaddr=40080000 size=1cc6ch (117868) load[0m
[0;32mI (685) boot: Loaded app from partition at offset 0x10000[0m
[0;32mI (685) boot: Disabling RNG early entropy source...[0m
[0;32mI (697) quad_psram: This chip is ESP32-D0WD[0m
[0;32mI (698) esp_psram: Found 8MB PSRAM device[0m
[0;32mI (698) esp_psram: Speed: 40MHz[0m
[0;32mI (701) esp_psram: PSRAM initialized, cache is in normal (1-core) mode.[0m
[0;33mW (709) esp_psram: Virtual address not enough for PSRAM, map as much as we can. 4MB is mapped[0m
[0;32mI (718) cpu_start: Unicore app[0m
[0;32mI (721) cpu_start: Single core mode[0m
[0;32mI (1651) esp_psram: SPI SRAM memory test OK[0m
[0;32mI (1659) cpu_start: Pro cpu start user code[0m
[0;32mI (1659) cpu_start: cpu freq: 240000000 Hz[0m
[0;32mI (1659) app_init: Application information:[0m
[0;32mI (1662) app_init: Project name:     mesh_local_control[0m
[0;32mI (1668) app_init: App version:      f4bea835-dirty[0m
[0;32mI (1674) app_init: Compile time:     Aug 24 2024 21:55:48[0m
[0;32mI (1680) app_init: ELF file SHA256:  46579c144...[0m
[0;32mI (1685) app_init: ESP-IDF:          v5.3-dirty[0m
[0;32mI (1691) efuse_init: Min chip rev:     v0.0[0m
[0;32mI (1695) efuse_init: Max chip rev:     v3.99 [0m
[0;32mI (1700) efuse_init: Chip rev:         v3.1[0m
[0;32mI (1706) heap_init: Initializing. RAM available for dynamic allocation:[0m
[0;32mI (1713) heap_init: At 3FFAE6E0 len 0000F480 (61 KiB): DRAM[0m
[0;32mI (1719) heap_init: At 3FFC8940 len 000176C0 (93 KiB): DRAM[0m
[0;32mI (1725) heap_init: At 3FFE0440 len 0001FBC0 (126 KiB): D/IRAM[0m
[0;32mI (1732) heap_init: At 40078000 len 00008000 (32 KiB): IRAM[0m
[0;32mI (1738) heap_init: At 4009CC6C len 00003394 (12 KiB): IRAM[0m
[0;32mI (1744) heap_init: At 3FF80000 len 00002000 (8 KiB): RTCRAM[0m
[0;32mI (1751) esp_psram: Adding pool of 4096K of PSRAM memory to heap allocator[0m
[0;32mI (1759) spi_flash: detected chip: generic[0m
[0;32mI (1763) spi_flash: flash io: dio[0m
[0;33mW (1767) i2c: This driver is an old driver, please migrate your application code to adapt `driver/i2c_master.h`[0m
[0;32mI (1789) coexist: coex firmware version: dab85ae96[0m
[0;32mI (1790) main_task: Started on CPU0[0m
[0;32mI (1790) esp_psram: Reserving pool of 32K of internal memory for DMA/internal allocations[0m
[0;32mI (1798) main_task: Calling app_main()[0m
[0;32mI (1817) bridge_common: esp-iot-bridge version: 0.11.8[0m
I (1819) wifi:wifi driver task: 3ffbd618, prio:23, stack:6656, core=0
I (1822) wifi:wifi firmware version: 0caa81945
I (1823) wifi:wifi certification version: v7.0
I (1827) wifi:config NVS flash: enabled
I (1830) wifi:config nano formating: disabled
I (1834) wifi:Init data frame dynamic rx buffer num: 32
I (1839) wifi:Init static rx mgmt buffer num: 5
I (1843) wifi:Init management short buffer num: 32
I (1848) wifi:Init static tx buffer num: 16
I (1852) wifi:Init tx cache buffer num: 32
I (1856) wifi:Init static rx buffer size: 1600
I (1860) wifi:Init static rx buffer num: 10
I (1864) wifi:Init dynamic rx buffer num: 32
[0;32mI (1869) wifi_init: accept mbox: 6[0m
[0;32mI (1872) wifi_init: tcpip mbox: 32[0m
[0;32mI (1876) wifi_init: udp mbox: 6[0m
[0;32mI (1879) wifi_init: tcp mbox: 6[0m
[0;32mI (1883) wifi_init: tcp tx win: 5760[0m
[0;32mI (1887) wifi_init: tcp rx win: 5760[0m
[0;32mI (1892) wifi_init: tcp mss: 1440[0m
[0;32mI (1896) wifi_init: WiFi IRAM OP enabled[0m
[0;32mI (1900) wifi_init: WiFi RX IRAM OP enabled[0m
[0;32mI (1906) phy_init: phy_version 4830,54550f7,Jun 20 2024,14:22:08[0m
[0;33mW (1912) phy_init: failed to load RF calibration data (0x1102), falling back to full calibration[0m
ï¿½ets Jul 29 2019 12:21:46

rst:0x3 (SW_RESET),boot:0x13 (SPI_FAST_FLASH_BOOT)
configsip: 0, SPIWP:0xee
clk_drv:0x00,q_drv:0x00,d_drv:0x00,cs0_drv:0x00,hd_drv:0x00,wp_drv:0x00
mode:DIO, clock div:2
load:0x3fff0030,len:7168
load:0x40078000,len:15452
load:0x40080400,len:4
load:0x40080404,len:3684
entry 0x40080614
[0;32mI (169) boot: ESP-IDF v5.3-dirty 2nd stage bootloader[0m
[0;32mI (169) boot: compile time Aug 24 2024 21:55:52[0m
[0;33mW (169) boot: Unicore bootloader[0m
[0;32mI (174) boot: chip revision: v3.1[0m
[0;32mI (178) boot.esp32: SPI Speed      : 40MHz[0m
[0;32mI (183) boot.esp32: SPI Mode       : DIO[0m
[0;32mI (187) boot.esp32: SPI Flash Size : 4MB[0m
[0;32mI (192) boot: Enabling RNG early entropy source...[0m
[0;32mI (197) boot: Partition Table:[0m
[0;32mI (201) boot: ## Label            Usage          Type ST Offset   Length[0m
[0;32mI (208) boot:  0 nvs              WiFi data        01 02 00009000 00004000[0m
[0;32mI (216) boot:  1 otadata          OTA data         01 00 0000d000 00002000[0m
[0;32mI (224) boot:  2 phy_init         RF data          01 01 0000f000 00001000[0m
[0;32mI (231) boot:  3 ota_0            OTA app          00 10 00010000 001e0000[0m
[0;32mI (239) boot:  4 ota_1            OTA app          00 11 001f0000 001e0000[0m
[0;32mI (246) boot:  5 coredump         Unknown data     01 03 003d0000 00010000[0m
[0;32mI (254) boot:  6 reserved         Unknown data     01 fe 003e0000 00020000[0m
[0;32mI (261) boot: End of partition table[0m
[0;32mI (266) esp_image: segment 0: paddr=00010020 vaddr=3f400020 size=2dfd4h (188372) map[0m
[0;32mI (339) esp_image: segment 1: paddr=0003dffc vaddr=3ffbdb60 size=0201ch (  8220) load[0m
[0;32mI (342) esp_image: segment 2: paddr=00040020 vaddr=400d0020 size=c2de8h (798184) map[0m
[0;32mI (618) esp_image: segment 3: paddr=00102e10 vaddr=3ffbfb7c size=03f5ch ( 16220) load[0m
[0;32mI (624) esp_image: segment 4: paddr=00106d74 vaddr=40080000 size=1cc6ch (117868) load[0m
[0;32mI (685) boot: Loaded app from partition at offset 0x10000[0m
[0;32mI (685) boot: Disabling RNG early entropy source...[0m
[0;32mI (697) quad_psram: This chip is ESP32-D0WD[0m
[0;32mI (698) esp_psram: Found 8MB PSRAM device[0m
[0;32mI (698) esp_psram: Speed: 40MHz[0m
[0;32mI (701) esp_psram: PSRAM initialized, cache is in normal (1-core) mode.[0m
[0;33mW (709) esp_psram: Virtual address not enough for PSRAM, map as much as we can. 4MB is mapped[0m
[0;32mI (718) cpu_start: Unicore app[0m
[0;32mI (721) cpu_start: Single core mode[0m
[0;32mI (1651) esp_psram: SPI SRAM memory test OK[0m
[0;32mI (1659) cpu_start: Pro cpu start user code[0m
[0;32mI (1659) cpu_start: cpu freq: 240000000 Hz[0m
[0;32mI (1659) app_init: Application information:[0m
[0;32mI (1662) app_init: Project name:     mesh_local_control[0m
[0;32mI (1668) app_init: App version:      f4bea835-dirty[0m
[0;32mI (1674) app_init: Compile time:     Aug 24 2024 21:55:48[0m
[0;32mI (1680) app_init: ELF file SHA256:  46579c144...[0m
[0;32mI (1685) app_init: ESP-IDF:          v5.3-dirty[0m
[0;32mI (1691) efuse_init: Min chip rev:     v0.0[0m
[0;32mI (1695) efuse_init: Max chip rev:     v3.99 [0m
[0;32mI (1700) efuse_init: Chip rev:         v3.1[0m
[0;32mI (1706) heap_init: Initializing. RAM available for dynamic allocation:[0m
[0;32mI (1713) heap_init: At 3FFAE6E0 len 0000F480 (61 KiB): DRAM[0m
[0;32mI (1719) heap_init: At 3FFC8940 len 000176C0 (93 KiB): DRAM[0m
[0;32mI (1725) heap_init: At 3FFE0440 len 0001FBC0 (126 KiB): D/IRAM[0m
[0;32mI (1732) heap_init: At 40078000 len 00008000 (32 KiB): IRAM[0m
[0;32mI (1738) heap_init: At 4009CC6C len 00003394 (12 KiB): IRAM[0m
[0;32mI (1744) heap_init: At 3FF80000 len 00002000 (8 KiB): RTCRAM[0m
[0;32mI (1751) esp_psram: Adding pool of 4096K of PSRAM memory to heap allocator[0m
[0;32mI (1759) spi_flash: detected chip: generic[0m
[0;32mI (1763) spi_flash: flash io: dio[0m
[0;33mW (1767) i2c: This driver is an old driver, please migrate your application code to adapt `driver/i2c_master.h`[0m
[0;32mI (1789) coexist: coex firmware version: dab85ae96[0m
[0;32mI (1790) main_task: Started on CPU0[0m
[0;32mI (1790) esp_psram: Reserving pool of 32K of internal memory for DMA/internal allocations[0m
[0;32mI (1798) main_task: Calling app_main()[0m
[0;32mI (1817) bridge_common: esp-iot-bridge version: 0.11.8[0m
I (1819) wifi:wifi driver task: 3ffbd618, prio:23, stack:6656, core=0
I (1822) wifi:wifi firmware version: 0caa81945
I (1823) wifi:wifi certification version: v7.0
I (1827) wifi:config NVS flash: enabled
I (1830) wifi:config nano formating: disabled
I (1834) wifi:Init data frame dynamic rx buffer num: 32
I (1839) wifi:Init static rx mgmt buffer num: 5
I (1843) wifi:Init management short buffer num: 32
I (1848) wifi:Init static tx buffer num: 16
I (1852) wifi:Init tx cache buffer num: 32
I (1856) wifi:Init static rx buffer size: 1600
I (1860) wifi:Init static rx buffer num: 10
I (1864) wifi:Init dynamic rx buffer num: 32
[0;32mI (1869) wifi_init: accept mbox: 6[0m
[0;32mI (1872) wifi_init: tcpip mbox: 32[0m
[0;32mI (1876) wifi_init: udp mbox: 6[0m
[0;32mI (1879) wifi_init: tcp mbox: 6[0m
[0;32mI (1883) wifi_init: tcp tx win: 5760[0m
[0;32mI (1887) wifi_init: tcp rx win: 5760[0m
[0;32mI (1892) wifi_init: tcp mss: 1440[0m
[0;32mI (1896) wifi_init: WiFi IRAM OP enabled[0m
[0;32mI (1900) wifi_init: WiFi RX IRAM OP enabled[0m
[0;32mI (1906) phy_init: phy_version 4830,54550f7,Jun 20 2024,14:22:08[0m
[0;33mW (1912) phy_init: failed to load RF calibration data (0x1102), falling back to full calibration[0m
ï¿½ets Jul 29 2019 12:21:46

rst:0x3 (SW_RESET),boot:0x13 (SPI_FAST_FLASH_BOOT)
configsip: 0, SPIWP:0xee
clk_drv:0x00,q_drv:0x00,d_drv:0x00,cs0_drv:0x00,hd_drv:0x00,wp_drv:0x00
mode:DIO, clock div:2
load:0x3fff0030,len:7168
load:0x40078000,len:15452
load:0x40080400,len:4
load:0x40080404,len:3684
entry 0x40080614
[0;32mI (169) boot: ESP-IDF v5.3-dirty 2nd stage bootloader[0m
[0;32mI (169) boot: compile time Aug 24 2024 21:55:52[0m
[0;33mW (169) boot: Unicore bootloader[0m
[0;32mI (174) boot: chip revision: v3.1[0m
[0;32mI (178) boot.esp32: SPI Speed      : 40MHz[0m
[0;32mI (183) boot.esp32: SPI Mode       : DIO[0m
[0;32mI (187) boot.esp32: SPI Flash Size : 4MB[0m
[0;32mI (192) boot: Enabling RNG early entropy source...[0m
[0;32mI (197) boot: Partition Table:[0m
[0;32mI (201) boot: ## Label            Usage          Type ST Offset   Length[0m
[0;32mI (208) boot:  0 nvs              WiFi data        01 02 00009000 00004000[0m
[0;32mI (216) boot:  1 otadata          OTA data         01 00 0000d000 00002000[0m
[0;32mI (224) boot:  2 phy_init         RF data          01 01 0000f000 00001000[0m
[0;32mI (231) boot:  3 ota_0            OTA app          00 10 00010000 001e0000[0m
[0;32mI (239) boot:  4 ota_1            OTA app          00 11 001f0000 001e0000[0m
[0;32mI (246) boot:  5 coredump         Unknown data     01 03 003d0000 00010000[0m
[0;32mI (254) boot:  6 reserved         Unknown data     01 fe 003e0000 00020000[0m
[0;32mI (261) boot: End of partition table[0m
[0;32mI (266) esp_image: segment 0: paddr=00010020 vaddr=3f400020 size=2dfd4h (188372) map[0m
[0;32mI (339) esp_image: segment 1: paddr=0003dffc vaddr=3ffbdb60 size=0201ch (  8220) load[0m
[0;32mI (342) esp_image: segment 2: paddr=00040020 vaddr=400d0020 size=c2de8h (798184) map[0m
[0;32mI (618) esp_image: segment 3: paddr=00102e10 vaddr=3ffbfb7c size=03f5ch ( 16220) load[0m
[0;32mI (624) esp_image: segment 4: paddr=00106d74 vaddr=40080000 size=1cc6ch (117868) load[0m
[0;32mI (685) boot: Loaded app from partition at offset 0x10000[0m
[0;32mI (685) boot: Disabling RNG early entropy source...[0m
[0;32mI (697) quad_psram: This chip is ESP32-D0WD[0m
[0;32mI (698) esp_psram: Found 8MB PSRAM device[0m
[0;32mI (698) esp_psram: Speed: 40MHz[0m
[0;32mI (701) esp_psram: PSRAM initialized, cache is in normal (1-core) mode.[0m
[0;33mW (709) esp_psram: Virtual address not enough for PSRAM, map as much as we can. 4MB is mapped[0m
[0;32mI (718) cpu_start: Unicore app[0m
[0;32mI (722) cpu_start: Single core mode[0m
[0;32mI (1651) esp_psram: SPI SRAM memory test OK[0m
[0;32mI (1659) cpu_start: Pro cpu start user code[0m
[0;32mI (1659) cpu_start: cpu freq: 240000000 Hz[0m
[0;32mI (1659) app_init: Application information:[0m
[0;32mI (1662) app_init: Project name:     mesh_local_control[0m
[0;32mI (1668) app_init: App version:      f4bea835-dirty[0m
[0;32mI (1674) app_init: Compile time:     Aug 24 2024 21:55:48[0m
[0;32mI (1680) app_init: ELF file SHA256:  46579c144...[0m
[0;32mI (1685) app_init: ESP-IDF:          v5.3-dirty[0m
[0;32mI (1691) efuse_init: Min chip rev:     v0.0[0m
[0;32mI (1695) efuse_init: Max chip rev:     v3.99 [0m
[0;32mI (1700) efuse_init: Chip rev:         v3.1[0m
[0;32mI (1706) heap_init: Initializing. RAM available for dynamic allocation:[0m
[0;32mI (1713) heap_init: At 3FFAE6E0 len 0000F480 (61 KiB): DRAM[0m
[0;32mI (1719) heap_init: At 3FFC8940 len 000176C0 (93 KiB): DRAM[0m
[0;32mI (1725) heap_init: At 3FFE0440 len 0001FBC0 (126 KiB): D/IRAM[0m
[0;32mI (1732) heap_init: At 40078000 len 00008000 (32 KiB): IRAM[0m
[0;32mI (1738) heap_init: At 4009CC6C len 00003394 (12 KiB): IRAM[0m
[0;32mI (1744) heap_init: At 3FF80000 len 00002000 (8 KiB): RTCRAM[0m
[0;32mI (1751) esp_psram: Adding pool of 4096K of PSRAM memory to heap allocator[0m
[0;32mI (1759) spi_flash: detected chip: generic[0m
[0;32mI (1763) spi_flash: flash io: dio[0m
[0;33mW (1767) i2c: This driver is an old driver, please migrate your application code to adapt `driver/i2c_master.h`[0m
[0;32mI (1789) coexist: coex firmware version: dab85ae96[0m
[0;32mI (1790) main_task: Started on CPU0[0m
[0;32mI (1790) esp_psram: Reserving pool of 32K of internal memory for DMA/internal allocations[0m
[0;32mI (1798) main_task: Calling app_main()[0m
[0;32mI (1817) bridge_common: esp-iot-bridge version: 0.11.8[0m
I (1819) wifi:wifi driver task: 3ffbd618, prio:23, stack:6656, core=0
I (1822) wifi:wifi firmware version: 0caa81945
I (1823) wifi:wifi certification version: v7.0
I (1827) wifi:config NVS flash: enabled
I (1830) wifi:config nano formating: disabled
I (1834) wifi:Init data frame dynamic rx buffer num: 32
I (1839) wifi:Init static rx mgmt buffer num: 5
I (1843) wifi:Init management short buffer num: 32
I (1848) wifi:Init static tx buffer num: 16
I (1852) wifi:Init tx cache buffer num: 32
I (1856) wifi:Init static rx buffer size: 1600
I (1860) wifi:Init static rx buffer num: 10
I (1864) wifi:Init dynamic rx buffer num: 32
[0;32mI (1869) wifi_init: accept mbox: 6[0m
[0;32mI (1872) wifi_init: tcpip mbox: 32[0m
[0;32mI (1876) wifi_init: udp mbox: 6[0m
[0;32mI (1879) wifi_init: tcp mbox: 6[0m
[0;32mI (1883) wifi_init: tcp tx win: 5760[0m
[0;32mI (1887) wifi_init: tcp rx win: 5760[0m
[0;32mI (1892) wifi_init: tcp mss: 1440[0m
[0;32mI (1896) wifi_init: WiFi IRAM OP enabled[0m
[0;32mI (1900) wifi_init: WiFi RX IRAM OP enabled[0m
[0;32mI (1906) phy_init: phy_version 4830,54550f7,Jun 20 2024,14:22:08[0m
[0;33mW (1912) phy_init: failed to load RF calibration data (0x1102), falling back to full calibration[0m
ï¿½ets Jul 29 2019 12:21:46

rst:0x3 (SW_RESET),boot:0x13 (SPI_FAST_FLASH_BOOT)
configsip: 0, SPIWP:0xee
clk_drv:0x00,q_drv:0x00,d_drv:0x00,cs0_drv:0x00,hd_drv:0x00,wp_drv:0x00
mode:DIO, clock div:2
load:0x3fff0030,len:7168
load:0x40078000,len:15452
load:0x40080400,len:4
load:0x40080404,len:3684
entry 0x40080614
[0;32mI (169) boot: ESP-IDF v5.3-dirty 2nd stage bootloader[0m
[0;32mI (169) boot: compile time Aug 24 2024 21:55:52[0m
[0;33mW (169) boot: Unicore bootloader[0m
[0;32mI (174) boot: chip revision: v3.1[0m
[0;32mI (178) boot.esp32: SPI Speed      : 40MHz[0m
[0;32mI (183) boot.esp32: SPI Mode       : DIO[0m
[0;32mI (187) boot.esp32: SPI Flash Size : 4MB[0m
[0;32mI (192) boot: Enabling RNG early entropy source...[0m
[0;32mI (197) boot: Partition Table:[0m
[0;32mI (201) boot: ## Label            Usage          Type ST Offset   Length[0m
[0;32mI (208) boot:  0 nvs              WiFi data        01 02 00009000 00004000[0m
[0;32mI (216) boot:  1 otadata          OTA data         01 00 0000d000 00002000[0m
[0;32mI (224) boot:  2 phy_init         RF data          01 01 0000f000 00001000[0m
[0;32mI (231) boot:  3 ota_0            OTA app          00 10 00010000 001e0000[0m
[0;32mI (239) boot:  4 ota_1            OTA app          00 11 001f0000 001e0000[0m
[0;32mI (246) boot:  5 coredump         Unknown data     01 03 003d0000 00010000[0m
[0;32mI (254) boot:  6 reserved         Unknown data     01 fe 003e0000 00020000[0m
[0;32mI (261) boot: End of partition table[0m
[0;32mI (266) esp_image: segment 0: paddr=00010020 vaddr=3f400020 size=2dfd4h (188372) map[0m
[0;32mI (339) esp_image: segment 1: paddr=0003dffc vaddr=3ffbdb60 size=0201ch (  8220) load[0m
[0;32mI (342) esp_image: segment 2: paddr=00040020 vaddr=400d0020 size=c2de8h (798184) map[0m
[0;32mI (618) esp_image: segment 3: paddr=00102e10 vaddr=3ffbfb7c size=03f5ch ( 16220) load[0m
[0;32mI (624) esp_image: segment 4: paddr=00106d74 vaddr=40080000 size=1cc6ch (117868) load[0m
[0;32mI (685) boot: Loaded app from partition at offset 0x10000[0m
[0;32mI (685) boot: Disabling RNG early entropy source...[0m
[0;32mI (697) quad_psram: This chip is ESP32-D0WD[0m
[0;32mI (698) esp_psram: Found 8MB PSRAM device[0m
[0;32mI (698) esp_psram: Speed: 40MHz[0m
[0;32mI (701) esp_psram: PSRAM initialized, cache is in normal (1-core) mode.[0m
[0;33mW (709) esp_psram: Virtual address not enough for PSRAM, map as much as we can. 4MB is mapped[0m
[0;32mI (718) cpu_start: Unicore app[0m
[0;32mI (721) cpu_start: Single core mode[0m
[0;32mI (1651) esp_psram: SPI SRAM memory test OK[0m
[0;32mI (1659) cpu_start: Pro cpu start user code[0m
[0;32mI (1659) cpu_start: cpu freq: 240000000 Hz[0m
[0;32mI (1659) app_init: Application information:[0m
[0;32mI (1662) app_init: Project name:     mesh_local_control[0m
[0;32mI (1668) app_init: App version:      f4bea835-dirty[0m
[0;32mI (1674) app_init: Compile time:     Aug 24 2024 21:55:48[0m
[0;32mI (1680) app_init: ELF file SHA256:  46579c144...[0m
[0;32mI (1685) app_init: ESP-IDF:          v5.3-dirty[0m
[0;32mI (1691) efuse_init: Min chip rev:     v0.0[0m
[0;32mI (1695) efuse_init: Max chip rev:     v3.99 [0m
[0;32mI (1700) efuse_init: Chip rev:         v3.1[0m
[0;32mI (1706) heap_init: Initializing. RAM available for dynamic allocation:[0m
[0;32mI (1713) heap_init: At 3FFAE6E0 len 0000F480 (61 KiB): DRAM[0m
[0;32mI (1719) heap_init: At 3FFC8940 len 000176C0 (93 KiB): DRAM[0m
[0;32mI (1725) heap_init: At 3FFE0440 len 0001FBC0 (126 KiB): D/IRAM[0m
[0;32mI (1732) heap_init: At 40078000 len 00008000 (32 KiB): IRAM[0m
[0;32mI (1738) heap_init: At 4009CC6C len 00003394 (12 KiB): IRAM[0m
[0;32mI (1744) heap_init: At 3FF80000 len 00002000 (8 KiB): RTCRAM[0m
[0;32mI (1751) esp_psram: Adding pool of 4096K of PSRAM memory to heap allocator[0m
[0;32mI (1759) spi_flash: detected chip: generic[0m
[0;32mI (1763) spi_flash: flash io: dio[0m
[0;33mW (1767) i2c: This driver is an old driver, please migrate your application code to adapt `driver/i2c_master.h`[0m
[0;32mI (1789) coexist: coex firmware version: dab85ae96[0m
[0;32mI (1790) main_task: Started on CPU0[0m
[0;32mI (1790) esp_psram: Reserving pool of 32K of internal memory for DMA/internal allocations[0m
[0;32mI (1798) main_task: Calling app_main()[0m
[0;32mI (1817) bridge_common: esp-iot-bridge version: 0.11.8[0m
I (1819) wifi:wifi driver task: 3ffbd618, prio:23, stack:6656, core=0
I (1822) wifi:wifi firmware version: 0caa81945
I (1823) wifi:wifi certification version: v7.0
I (1827) wifi:config NVS flash: enabled
I (1830) wifi:config nano formating: disabled
I (1834) wifi:Init data frame dynamic rx buffer num: 32
I (1839) wifi:Init static rx mgmt buffer num: 5
I (1843) wifi:Init management short buffer num: 32
I (1848) wifi:Init static tx buffer num: 16
I (1852) wifi:Init tx cache buffer num: 32
I (1856) wifi:Init static rx buffer size: 1600
I (1860) wifi:Init static rx buffer num: 10
I (1864) wifi:Init dynamic rx buffer num: 32
[0;32mI (1869) wifi_init: accept mbox: 6[0m
[0;32mI (1872) wifi_init: tcpip mbox: 32[0m
[0;32mI (1876) wifi_init: udp mbox: 6[0m
[0;32mI (1879) wifi_init: tcp mbox: 6[0m
[0;32mI (1883) wifi_init: tcp tx win: 5760[0m
[0;32mI (1887) wifi_init: tcp rx win: 5760[0m
[0;32mI (1892) wifi_init: tcp mss: 1440[0m
[0;32mI (1896) wifi_init: WiFi IRAM OP enabled[0m
[0;32mI (1900) wifi_init: WiFi RX IRAM OP enabled[0m
[0;32mI (1906) phy_init: phy_version 4830,54550f7,Jun 20 2024,14:22:08[0m
[0;33mW (1912) phy_init: failed to load RF calibration data (0x1102), falling back to full calibration[0m
ï¿½ets Jul 29 2019 12:21:46

rst:0x3 (SW_RESET),boot:0x13 (SPI_FAST_FLASH_BOOT)
configsip: 0, SPIWP:0xee
clk_drv:0x00,q_drv:0x00,d_drv:0x00,cs0_drv:0x00,hd_drv:0x00,wp_drv:0x00
mode:DIO, clock div:2
load:0x3fff0030,len:7168
load:0x40078000,len:15452
load:0x40080400,len:4
load:0x40080404,len:3684
entry 0x40080614
[0;32mI (169) boot: ESP-IDF v5.3-dirty 2nd stage bootloader[0m
[0;32mI (169) boot: compile time Aug 24 2024 21:55:52[0m
[0;33mW (169) boot: Unicore bootloader[0m
[0;32mI (174) boot: chip revision: v3.1[0m
[0;32mI (178) boot.esp32: SPI Speed      : 40MHz[0m
[0;32mI (183) boot.esp32: SPI Mode       : DIO[0m
[0;32mI (187) boot.esp32: SPI Flash Size : 4MB[0m
[0;32mI (192) boot: Enabling RNG early entropy source...[0m
[0;32mI (197) boot: Partition Table:[0m
[0;32mI (201) boot: ## Label            Usage          Type ST Offset   Length[0m
[0;32mI (208) boot:  0 nvs              WiFi data        01 02 00009000 00004000[0m
[0;32mI (216) boot:  1 otadata          OTA data         01 00 0000d000 00002000[0m
[0;32mI (224) boot:  2 phy_init         RF data          01 01 0000f000 00001000[0m
[0;32mI (231) boot:  3 ota_0            OTA app          00 10 00010000 001e0000[0m
[0;32mI (239) boot:  4 ota_1            OTA app          00 11 001f0000 001e0000[0m
[0;32mI (246) boot:  5 coredump         Unknown data     01 03 003d0000 00010000[0m
[0;32mI (254) boot:  6 reserved         Unknown data     01 fe 003e0000 00020000[0m
[0;32mI (261) boot: End of partition table[0m
[0;32mI (266) esp_image: segment 0: paddr=00010020 vaddr=3f400020 size=2dfd4h (188372) map[0m
[0;32mI (339) esp_image: segment 1: paddr=0003dffc vaddr=3ffbdb60 size=0201ch (  8220) load[0m
[0;32mI (342) esp_image: segment 2: paddr=00040020 vaddr=400d0020 size=c2de8h (798184) map[0m
[0;32mI (618) esp_image: segment 3: paddr=00102e10 vaddr=3ffbfb7c size=03f5ch ( 16220) load[0m
[0;32mI (624) esp_image: segment 4: paddr=00106d74 vaddr=40080000 size=1cc6ch (117868) load[0m
[0;32mI (685) boot: Loaded app from partition at offset 0x10000[0m
[0;32mI (685) boot: Disabling RNG early entropy source...[0m
[0;32mI (697) quad_psram: This chip is ESP32-D0WD[0m
[0;32mI (698) esp_psram: Found 8MB PSRAM device[0m
[0;32mI (698) esp_psram: Speed: 40MHz[0m
[0;32mI (701) esp_psram: PSRAM initialized, cache is in normal (1-core) mode.[0m
[0;33mW (709) esp_psram: Virtual address not enough for PSRAM, map as much as we can. 4MB is mapped[0m
[0;32mI (718) cpu_start: Unicore app[0m
[0;32mI (722) cpu_start: Single core mode[0m
[0;32mI (1651) esp_psram: SPI SRAM memory test OK[0m
[0;32mI (1659) cpu_start: Pro cpu start user code[0m
[0;32mI (1659) cpu_start: cpu freq: 240000000 Hz[0m
[0;32mI (1659) app_init: Application information:[0m
[0;32mI (1662) app_init: Project name:     mesh_local_control[0m
[0;32mI (1668) app_init: App version:      f4bea835-dirty[0m
[0;32mI (1674) app_init: Compile time:     Aug 24 2024 21:55:48[0m
[0;32mI (1680) app_init: ELF file SHA256:  46579c144...[0m
[0;32mI (1685) app_init: ESP-IDF:          v5.3-dirty[0m
[0;32mI (1691) efuse_init: Min chip rev:     v0.0[0m
[0;32mI (1695) efuse_init: Max chip rev:     v3.99 [0m
[0;32mI (1700) efuse_init: Chip rev:         v3.1[0m
[0;32mI (1706) heap_init: Initializing. RAM available for dynamic allocation:[0m
[0;32mI (1713) heap_init: At 3FFAE6E0 len 0000F480 (61 KiB): DRAM[0m
[0;32mI (1719) heap_init: At 3FFC8940 len 000176C0 (93 KiB): DRAM[0m
[0;32mI (1725) heap_init: At 3FFE0440 len 0001FBC0 (126 KiB): D/IRAM[0m
[0;32mI (1732) heap_init: At 40078000 len 00008000 (32 KiB): IRAM[0m
[0;32mI (1738) heap_init: At 4009CC6C len 00003394 (12 KiB): IRAM[0m
[0;32mI (1744) heap_init: At 3FF80000 len 00002000 (8 KiB): RTCRAM[0m
[0;32mI (1751) esp_psram: Adding pool of 4096K of PSRAM memory to heap allocator[0m
[0;32mI (1759) spi_flash: detected chip: generic[0m
[0;32mI (1763) spi_flash: flash io: dio[0m
[0;33mW (1767) i2c: This driver is an old driver, please migrate your application code to adapt `driver/i2c_master.h`[0m
[0;32mI (1789) coexist: coex firmware version: dab85ae96[0m
[0;32mI (1790) main_task: Started on CPU0[0m
[0;32mI (1790) esp_psram: Reserving pool of 32K of internal memory for DMA/internal allocations[0m
[0;32mI (1798) main_task: Calling app_main()[0m
[0;32mI (1817) bridge_common: esp-iot-bridge version: 0.11.8[0m
I (1819) wifi:wifi driver task: 3ffbd618, prio:23, stack:6656, core=0
I (1822) wifi:wifi firmware version: 0caa81945
I (1823) wifi:wifi certification version: v7.0
I (1827) wifi:config NVS flash: enabled
I (1830) wifi:config nano formating: disabled
I (1834) wifi:Init data frame dynamic rx buffer num: 32
I (1839) wifi:Init static rx mgmt buffer num: 5
I (1843) wifi:Init management short buffer num: 32
I (1848) wifi:Init static tx buffer num: 16
I (1852) wifi:Init tx cache buffer num: 32
I (1856) wifi:Init static rx buffer size: 1600
I (1860) wifi:Init static rx buffer num: 10
I (1864) wifi:Init dynamic rx buffer num: 32
[0;32mI (1869) wifi_init: accept mbox: 6[0m
[0;32mI (1872) wifi_init: tcpip mbox: 32[0m
[0;32mI (1876) wifi_init: udp mbox: 6[0m
[0;32mI (1879) wifi_init: tcp mbox: 6[0m
[0;32mI (1883) wifi_init: tcp tx win: 5760[0m
[0;32mI (1887) wifi_init: tcp rx win: 5760[0m
[0;32mI (1892) wifi_init: tcp mss: 1440[0m
[0;32mI (1896) wifi_init: WiFi IRAM OP enabled[0m
[0;32mI (1900) wifi_init: WiFi RX IRAM OP enabled[0m
[0;32mI (1906) phy_init: phy_version 4830,54550f7,Jun 20 2024,14:22:08[0m
[0;33mW (1912) phy_init: failed to load RF calibration data (0x1102), falling back to full calibration[0m
ï¿½ets Jul 29 2019 12:21:46

rst:0x3 (SW_RESET),boot:0x13 (SPI_FAST_FLASH_BOOT)
configsip: 0, SPIWP:0xee
clk_drv:0x00,q_drv:0x00,d_drv:0x00,cs0_drv:0x00,hd_drv:0x00,wp_drv:0x00
mode:DIO, clock div:2
load:0x3fff0030,len:7168
load:0x40078000,len:15452
load:0x40080400,len:4
load:0x40080404,len:3684
entry 0x40080614
[0;32mI (169) boot: ESP-IDF v5.3-dirty 2nd stage bootloader[0m
[0;32mI (169) boot: compile time Aug 24 2024 21:55:52[0m
[0;33mW (169) boot: Unicore bootloader[0m
[0;32mI (174) boot: chip revision: v3.1[0m
[0;32mI (178) boot.esp32: SPI Speed      : 40MHz[0m
[0;32mI (183) boot.esp32: SPI Mode       : DIO[0m
[0;32mI (187) boot.esp32: SPI Flash Size : 4MB[0m
[0;32mI (192) boot: Enabling RNG early entropy source...[0m
[0;32mI (197) boot: Partition Table:[0m
[0;32mI (201) boot: ## Label            Usage          Type ST Offset   Length[0m
[0;32mI (208) boot:  0 nvs              WiFi data        01 02 00009000 00004000[0m
[0;32mI (216) boot:  1 otadata          OTA data         01 00 0000d000 00002000[0m
[0;32mI (224) boot:  2 phy_init         RF data          01 01 0000f000 00001000[0m
[0;32mI (231) boot:  3 ota_0            OTA app          00 10 00010000 001e0000[0m
[0;32mI (239) boot:  4 ota_1            OTA app          00 11 001f0000 001e0000[0m
[0;32mI (246) boot:  5 coredump         Unknown data     01 03 003d0000 00010000[0m
[0;32mI (254) boot:  6 reserved         Unknown data     01 fe 003e0000 00020000[0m
[0;32mI (261) boot: End of partition table[0m
[0;32mI (266) esp_image: segment 0: paddr=00010020 vaddr=3f400020 size=2dfd4h (188372) map[0m
[0;32mI (339) esp_image: segment 1: paddr=0003dffc vaddr=3ffbdb60 size=0201ch (  8220) load[0m
[0;32mI (342) esp_image: segment 2: paddr=00040020 vaddr=400d0020 size=c2de8h (798184) map[0m
[0;32mI (618) esp_image: segment 3: paddr=00102e10 vaddr=3ffbfb7c size=03f5ch ( 16220) load[0m
[0;32mI (624) esp_image: segment 4: paddr=00106d74 vaddr=40080000 size=1cc6ch (117868) load[0m
[0;32mI (685) boot: Loaded app from partition at offset 0x10000[0m
[0;32mI (685) boot: Disabling RNG early entropy source...[0m
