ets Jul 29 2019 12:21:46

rst:0x1 (POWERON_RESET),boot:0x13 (SPI_FAST_FLASH_BOOT)
configsip: 0, SPIWP:0xee
clk_drv:0x00,q_drv:0x00,d_drv:0x00,cs0_drv:0x00,hd_drv:0x00,wp_drv:0x00
mode:DIO, clock div:2
load:0x3fff0030,len:7168
load:0x40078000,len:15452
load:0x40080400,len:4
load:0x40080404,len:3684
entry 0x40080614
[0;32mI (29) boot: ESP-IDF v5.3-dirty 2nd stage bootloader[0m
[0;32mI (29) boot: compile time Aug 17 2024 00:42:55[0m
[0;33mW (30) boot: Unicore bootloader[0m
[0;32mI (34) boot: chip revision: v3.1[0m
[0;32mI (38) boot.esp32: SPI Speed      : 40MHz[0m
[0;32mI (42) boot.esp32: SPI Mode       : DIO[0m
[0;32mI (47) boot.esp32: SPI Flash Size : 4MB[0m
[0;32mI (51) boot: Enabling RNG early entropy source...[0m
[0;32mI (57) boot: Partition Table:[0m
[0;32mI (60) boot: ## Label            Usage          Type ST Offset   Length[0m
[0;32mI (68) boot:  0 nvs              WiFi data        01 02 00009000 00004000[0m
[0;32mI (75) boot:  1 otadata          OTA data         01 00 0000d000 00002000[0m
[0;32mI (82) boot:  2 phy_init         RF data          01 01 0000f000 00001000[0m
[0;32mI (90) boot:  3 ota_0            OTA app          00 10 00010000 001e0000[0m
[0;32mI (97) boot:  4 ota_1            OTA app          00 11 001f0000 001e0000[0m
[0;32mI (105) boot:  5 coredump         Unknown data     01 03 003d0000 00010000[0m
[0;32mI (112) boot:  6 reserved         Unknown data     01 fe 003e0000 00020000[0m
[0;32mI (120) boot: End of partition table[0m
[0;32mI (124) boot: No factory image, trying OTA 0[0m
[0;32mI (129) esp_image: segment 0: paddr=00010020 vaddr=3f400020 size=30d2ch (199980) map[0m
[0;32mI (206) esp_image: segment 1: paddr=00040d54 vaddr=3ffbdb60 size=0607ch ( 24700) load[0m
[0;32mI (216) esp_image: segment 2: paddr=00046dd8 vaddr=40080000 size=09240h ( 37440) load[0m
[0;32mI (231) esp_image: segment 3: paddr=00050020 vaddr=400d0020 size=cb130h (831792) map[0m
[0;32mI (516) esp_image: segment 4: paddr=0011b158 vaddr=40089240 size=14e44h ( 85572) load[0m
[0;32mI (565) boot: Loaded app from partition at offset 0x10000[0m
[0;32mI (570) boot: Set actual ota_seq=1 in otadata[0][0m
[0;32mI (570) boot: Disabling RNG early entropy source...[0m
[0;32mI (582) quad_psram: This chip is ESP32-D0WD[0m
[0;32mI (583) esp_psram: Found 8MB PSRAM device[0m
[0;32mI (583) esp_psram: Speed: 40MHz[0m
[0;32mI (586) esp_psram: PSRAM initialized, cache is in normal (1-core) mode.[0m
[0;33mW (594) esp_psram: Virtual address not enough for PSRAM, map as much as we can. 4MB is mapped[0m
[0;32mI (603) cpu_start: Unicore app[0m
[0;32mI (606) cpu_start: Single core mode[0m
[0;32mI (1536) esp_psram: SPI SRAM memory test OK[0m
[0;32mI (1544) cpu_start: Pro cpu start user code[0m
[0;32mI (1544) cpu_start: cpu freq: 240000000 Hz[0m
[0;32mI (1544) app_init: Application information:[0m
[0;32mI (1547) app_init: Project name:     mesh_local_control[0m
[0;32mI (1553) app_init: App version:      61a7688-dirty[0m
[0;32mI (1559) app_init: Compile time:     Aug 17 2024 00:42:40[0m
[0;32mI (1565) app_init: ELF file SHA256:  2b211b84e...[0m
[0;32mI (1570) app_init: ESP-IDF:          v5.3-dirty[0m
[0;32mI (1575) efuse_init: Min chip rev:     v0.0[0m
[0;32mI (1580) efuse_init: Max chip rev:     v3.99 [0m
[0;32mI (1585) efuse_init: Chip rev:         v3.1[0m
[0;32mI (1590) heap_init: Initializing. RAM available for dynamic allocation:[0m
[0;32mI (1598) heap_init: At 3FFAE6E0 len 0000F480 (61 KiB): DRAM[0m
[0;32mI (1604) heap_init: At 3FFC8A00 len 00017600 (93 KiB): DRAM[0m
[0;32mI (1610) heap_init: At 3FFE0440 len 0001FBC0 (126 KiB): D/IRAM[0m
[0;32mI (1616) heap_init: At 40078000 len 00008000 (32 KiB): IRAM[0m
[0;32mI (1623) heap_init: At 4009E084 len 00001F7C (7 KiB): IRAM[0m
[0;32mI (1629) heap_init: At 3FF80000 len 00002000 (8 KiB): RTCRAM[0m
[0;32mI (1636) esp_psram: Adding pool of 4096K of PSRAM memory to heap allocator[0m
[0;32mI (1644) spi_flash: detected chip: generic[0m
[0;32mI (1647) spi_flash: flash io: dio[0m
[0;33mW (1652) i2c: This driver is an old driver, please migrate your application code to adapt `driver/i2c_master.h`[0m
[0;32mI (1663) coexist: coex firmware version: dab85ae96[0m
[0;32mI (1668) main_task: Started on CPU0[0m
[0;32mI (1671) esp_psram: Reserving pool of 32K of internal memory for DMA/internal allocations[0m
[0;32mI (1680) main_task: Calling app_main()[0m
[0;32mI (1699) bridge_common: esp-iot-bridge version: 0.11.8[0m
I (1703) wifi:wifi driver task: 3ffbd5e0, prio:23, stack:6656, core=0
I (1706) wifi:wifi firmware version: 0caa81945
I (1707) wifi:wifi certification version: v7.0
I (1709) wifi:config NVS flash: enabled
I (1713) wifi:config nano formating: disabled
I (1717) wifi:Init data frame dynamic rx buffer num: 32
I (1722) wifi:Init static rx mgmt buffer num: 5
I (1726) wifi:Init management short buffer num: 32
I (1731) wifi:Init static tx buffer num: 16
I (1735) wifi:Init tx cache buffer num: 32
I (1738) wifi:Init static rx buffer size: 1600
I (1743) wifi:Init static rx buffer num: 10
I (1746) wifi:Init dynamic rx buffer num: 32
[0;32mI (1751) wifi_init: accept mbox: 6[0m
[0;32mI (1754) wifi_init: tcpip mbox: 32[0m
[0;32mI (1758) wifi_init: udp mbox: 6[0m
[0;32mI (1762) wifi_init: tcp mbox: 6[0m
[0;32mI (1766) wifi_init: tcp tx win: 5760[0m
[0;32mI (1770) wifi_init: tcp rx win: 5760[0m
[0;32mI (1775) wifi_init: tcp mss: 1440[0m
[0;32mI (1779) wifi_init: WiFi IRAM OP enabled[0m
[0;32mI (1783) wifi_init: WiFi RX IRAM OP enabled[0m
[0;32mI (1789) phy_init: phy_version 4830,54550f7,Jun 20 2024,14:22:08[0m
[0;33mW (1795) phy_init: failed to load RF calibration data (0x1102), falling back to full calibration[0m
[0;33mW (1857) phy_init: saving new calibration data because of checksum failure, mode(2)[0m
I (1869) wifi:mode : null
I (1872) wifi:mode : softAP (08:a6:f7:11:51:a9)
I (1874) wifi:Total power save buffer number: 8
I (1874) wifi:Init max length of beacon: 752/752
I (1876) wifi:Init max length of beacon: 752/752
[0;32mI (1883) esp_netif_lwip: DHCP server started on interface WIFI_AP_DEF with IP: 192.168.4.1[0m
Add netif ap with 61a7688(commit id)
[0;32mI (1892) bridge_common: netif list add success[0m
[0;31mE (1898) NVS: Failed to open NVS namespace[0m
[0;32mI (1902) bridge_common: IP Address:192.168.5.1[0m
[0;32mI (1907) bridge_common: GW Address:192.168.5.1[0m
[0;32mI (1913) bridge_common: NM Address:255.255.255.0[0m
[0;32mI (1918) bridge_common: [WIFI_AP_DEF ][0m
[0;32mI (1923) bridge_common: Set ip info:192.168.5.1[0m
[0;32mI (1928) bridge_wifi: SoftAP IP network segment has changed, deauth all station[0m
I (1940) wifi:Disabled PMF config for SoftAP
I (1941) wifi:Total power save buffer number: 8
[0;32mI (1947) esp_netif_lwip: DHCP server started on interface WIFI_AP_DEF with IP: 192.168.5.1[0m
[0;32mI (1953) bridge_common: [WIFI_AP_DEF ]Name Server1: 114.114.114.114[0m
[0;32mI (1960) bridge_common: DHCPS Restart, deauth all station[0m
Add netif sta with 61a7688(commit id)
[0;32mI (1969) bridge_common: netif list add success[0m
I (1975) wifi:mode : sta (08:a6:f7:11:51:a8) + softAP (08:a6:f7:11:51:a9)
I (1981) wifi:enable tsf
[0;31mE (1985) NVS: Failed to read IP info from NVS[0m
I (1989) wifi:Disabled PMF config for STA
[0;32mI (1992) bridge_wifi: [esp_bridge_wifi_set_config] sta ssid: Xiaomi13T password: password[0m
[0;32mI (2001) bridge_wifi: [esp_bridge_wifi_set_config] softap ssid: ESP_Bridge_1151a9 password: 12345678[0m
I (2184) wifi:Total power save buffer number: 8
[0;32mI (2188) esp_netif_lwip: DHCP server started on interface WIFI_AP_DEF with IP: 192.168.5.1[0m
[0;32mI (2190) bridge_wifi: SoftAP config changed, deauth all station[0m
[0;32mI (2194) Mesh-Lite: esp-mesh-lite component version: 1.0.0[0m
I (2200) ESPNOW: espnow [version: 1.0] init
[0;32mI (2204) [vendor_ie]: Mesh-Lite commit id: bc9302d
 [0m
[0;31mE (2211) [vendor_ie]: Error Get! [0m
[0;33mW (2213) [vendor_ie]: Mesh ID is not saved in flash [0m
[0;32mI (2219) [vendor_ie]: Mesh ID: 77 [0m
[0;33mW (2223) [vendor_ie]: Error Get[4354] [0m
[0;33mW (2228) [vendor_ie]: Error Get[4354] [0m
[0;32mI (2234) [ESP_Mesh_Lite_Comm]: msg action add success [0m
[0;32mI (2240) [ESP_Mesh_Lite_Comm]: Bind Socket 54, port 6364 [0m
[0;32mI (2244) [ESP_Mesh_Lite_Comm]: Bind Socket 55, port 6363 [0m
[0;32mI (2250) [ESP_Mesh_Lite_Comm]: Bind Socket 56, port 6366 [0m
[0;32mI (2256) [ESP_Mesh_Lite_Comm]: Bind Socket 57, port 6365 [0m
[0;32mI (2263) [mesh-lite-espnow]: Start espnow task [0m
[0;32mI (2270) Mesh-Lite: Mesh-Lite connecting[0m
[0;32mI (2275) [vendor_ie]: esp_mesh_lite_wifi_scan_start return ESP_OK [0m
[0;31mE (2282) rc522: Read/write test failed[0m
[0;32mI (2283) gpio: GPIO[15]| InputEn: 0| OutputEn: 0| OpenDrain: 0| Pullup: 1| Pulldown: 0| Intr:0 [0m
[0;32mI (2293) gpio: GPIO[25]| InputEn: 1| OutputEn: 0| OpenDrain: 0| Pullup: 1| Pulldown: 0| Intr:2 [0m
[0;32mI (2303) cam_hal: cam init ok[0m
[0;32mI (2306) sccb: pin_sda 26 pin_scl 27[0m
[0;32mI (2310) sccb: sccb_i2c_port=1[0m
[0;32mI (2314) gpio: GPIO[32]| InputEn: 0| OutputEn: 1| OpenDrain: 0| Pullup: 0| Pulldown: 0| Intr:0 [0m
[0;32mI (2353) camera: Detected camera at address=0x30[0m
[0;32mI (2356) camera: Detected OV2640 camera[0m
[0;32mI (2357) camera: Camera PID=0x26 VER=0x42 MIDL=0x7f MIDH=0xa2[0m
[0;32mI (2443) cam_hal: buffer_size: 32768, half_buffer_size: 4096, node_buffer_size: 2048, node_cnt: 16, total_cnt: 5[0m
[0;32mI (2444) cam_hal: Allocating 23680 Byte frame buffer in PSRAM[0m
[0;32mI (2450) cam_hal: cam config ok[0m
[0;32mI (2454) ov2640: Set PLL: clk_2x: 0, clk_div: 0, pclk_auto: 0, pclk_div: 8[0m
[0;33mW (2545) websocket_client: `reconnect_timeout_ms` is not set, or it is less than or equal to zero, using default time out 10000 (milliseconds)[0m
[0;33mW (2548) websocket_client: `network_timeout_ms` is not set, or it is less than or equal to zero, using default time out 10000 (milliseconds)[0m
[0;32mI (4120) [vendor_ie]: Mesh-Lite Scan done [0m
[0;32mI (4121) [vendor_ie]: RTC store: temp_mesh_id:255; ssid:Xiaomi13T; bssid:00:00:00:00:00:00; crc:1883151208 [0m
[0;32mI (4125) [vendor_ie]: wifi_cfg Xiaomi13T router_config Xiaomi13T [0m
[0;32mI (4133) [vendor_ie]: esp_mesh_lite_wifi_connect return ESP_OK [0m
I (4312) wifi:new:<1,1>, old:<1,1>, ap:<1,1>, sta:<1,0>, prof:1, snd_ch_cfg:0x0
I (4313) wifi:state: init -> auth (0xb0)
I (4323) wifi:state: auth -> assoc (0x0)
I (4337) wifi:state: assoc -> run (0x10)
I (4361) wifi:connected with Xiaomi13T, aid = 3, channel 1, BW20, bssid = 96:d2:c4:85:39:18
I (4362) wifi:security: WPA2-PSK, phy: bgn, rssi: -74
I (4364) wifi:pm start, type: 1

I (4367) wifi:dp: 1, bi: 102400, li: 3, scale listen interval from 307200 us to 307200 us
[0;32mI (4399) bridge_common: [WIFI_AP_DEF ]Name Server1: 192.168.26.27[0m
I (4540) wifi:dp: 2, bi: 102400, li: 4, scale listen interval from 307200 us to 409600 us
I (4540) wifi:AP's beacon interval = 102400 us, DTIM period = 2
[0;32mI (5379) esp_netif_handlers: sta ip: 192.168.26.175, mask: 255.255.255.0, gw: 192.168.26.27[0m
[0;32mI (5379) bridge_wifi: Connected with IP Address:192.168.26.175[0m
[0;32mI (5385) [vendor_ie]: RTC store: temp_mesh_id:175; ssid:Xiaomi13T; bssid:00:00:00:00:00:00; crc:3139967922 [0m
[0;31mE (5395) [ESP_Mesh_Lite_Comm]: Error Get! [0m
[0;33mW (5399) [ESP_Mesh_Lite_Comm]: argot is not saved in flash [0m
[0;32mI (5411) esp32cam_security_gate: TCP client write task is running[0m
[0;32mI (12296) esp32cam_security_gate: System information, channel: 1, layer: 1, self mac: 08:a6:f7:11:51:a8, parent bssid: 96:d2:c4:85:39:18, parent rssi: -79, free heap: 4213900[0m
[0;31mE (12544) task_wdt: Task watchdog got triggered. The following tasks/users did not reset the watchdog in time:[0m
[0;31mE (12544) task_wdt:  - IDLE (CPU 0)[0m
[0;31mE (12544) task_wdt: Tasks currently running:[0m
[0;31mE (12544) task_wdt: CPU 0: main[0m
[0;31mE (12544) task_wdt: Aborting.[0m
[0;31mE (12544) task_wdt: Print CPU 0 (current core) backtrace[0m




Backtrace: 0x400da90b:0x3ffb1510 0x401990af:0x3ffb1560 0x4008fff5:0x3ffb1590




ELF file SHA256: 2b211b84e

Rebooting...
ets Jul 29 2019 12:21:46

rst:0xc (SW_CPU_RESET),boot:0x13 (SPI_FAST_FLASH_BOOT)
configsip: 0, SPIWP:0xee
clk_drv:0x00,q_drv:0x00,d_drv:0x00,cs0_drv:0x00,hd_drv:0x00,wp_drv:0x00
mode:DIO, clock div:2
load:0x3fff0030,len:7168
load:0x40078000,len:15452
load:0x40080400,len:4
load:0x40080404,len:3684
entry 0x40080614
[0;32mI (29) boot: ESP-IDF v5.3-dirty 2nd stage bootloader[0m
[0;32mI (29) boot: compile time Aug 17 2024 00:42:55[0m
[0;33mW (29) boot: Unicore bootloader[0m
[0;32mI (34) boot: chip revision: v3.1[0m
[0;32mI (37) boot.esp32: SPI Speed      : 40MHz[0m
[0;32mI (42) boot.esp32: SPI Mode       : DIO[0m
[0;32mI (47) boot.esp32: SPI Flash Size : 4MB[0m
[0;32mI (51) boot: Enabling RNG early entropy source...[0m
[0;32mI (57) boot: Partition Table:[0m
[0;32mI (60) boot: ## Label            Usage          Type ST Offset   Length[0m
[0;32mI (67) boot:  0 nvs              WiFi data        01 02 00009000 00004000[0m
[0;32mI (75) boot:  1 otadata          OTA data         01 00 0000d000 00002000[0m
[0;32mI (82) boot:  2 phy_init         RF data          01 01 0000f000 00001000[0m
[0;32mI (90) boot:  3 ota_0            OTA app          00 10 00010000 001e0000[0m
[0;32mI (97) boot:  4 ota_1            OTA app          00 11 001f0000 001e0000[0m
[0;32mI (105) boot:  5 coredump         Unknown data     01 03 003d0000 00010000[0m
[0;32mI (112) boot:  6 reserved         Unknown data     01 fe 003e0000 00020000[0m
[0;32mI (120) boot: End of partition table[0m
[0;32mI (124) esp_image: segment 0: paddr=00010020 vaddr=3f400020 size=30d2ch (199980) map[0m
[0;32mI (201) esp_image: segment 1: paddr=00040d54 vaddr=3ffbdb60 size=0607ch ( 24700) load[0m
[0;32mI (211) esp_image: segment 2: paddr=00046dd8 vaddr=40080000 size=09240h ( 37440) load[0m
[0;32mI (226) esp_image: segment 3: paddr=00050020 vaddr=400d0020 size=cb130h (831792) map[0m
[0;32mI (511) esp_image: segment 4: paddr=0011b158 vaddr=40089240 size=14e44h ( 85572) load[0m
[0;32mI (560) boot: Loaded app from partition at offset 0x10000[0m
[0;32mI (560) boot: Disabling RNG early entropy source...[0m
[0;32mI (572) quad_psram: This chip is ESP32-D0WD[0m
[0;32mI (572) esp_psram: Found 8MB PSRAM device[0m
[0;32mI (572) esp_psram: Speed: 40MHz[0m
[0;32mI (576) esp_psram: PSRAM initialized, cache is in normal (1-core) mode.[0m
[0;33mW (583) esp_psram: Virtual address not enough for PSRAM, map as much as we can. 4MB is mapped[0m
[0;32mI (592) cpu_start: Unicore app[0m
[0;32mI (596) cpu_start: Single core mode[0m
[0;32mI (1526) esp_psram: SPI SRAM memory test OK[0m
[0;32mI (1534) cpu_start: Pro cpu start user code[0m
[0;32mI (1534) cpu_start: cpu freq: 240000000 Hz[0m
[0;32mI (1534) app_init: Application information:[0m
[0;32mI (1537) app_init: Project name:     mesh_local_control[0m
[0;32mI (1543) app_init: App version:      61a7688-dirty[0m
[0;32mI (1548) app_init: Compile time:     Aug 17 2024 00:42:40[0m
[0;32mI (1554) app_init: ELF file SHA256:  2b211b84e...[0m
[0;32mI (1560) app_init: ESP-IDF:          v5.3-dirty[0m
[0;32mI (1565) efuse_init: Min chip rev:     v0.0[0m
[0;32mI (1570) efuse_init: Max chip rev:     v3.99 [0m
[0;32mI (1575) efuse_init: Chip rev:         v3.1[0m
[0;32mI (1580) heap_init: Initializing. RAM available for dynamic allocation:[0m
[0;32mI (1587) heap_init: At 3FFAE6E0 len 0000F480 (61 KiB): DRAM[0m
[0;32mI (1593) heap_init: At 3FFC8A00 len 00017600 (93 KiB): DRAM[0m
[0;32mI (1600) heap_init: At 3FFE0440 len 0001FBC0 (126 KiB): D/IRAM[0m
[0;32mI (1606) heap_init: At 40078000 len 00008000 (32 KiB): IRAM[0m
[0;32mI (1612) heap_init: At 4009E084 len 00001F7C (7 KiB): IRAM[0m
[0;32mI (1618) heap_init: At 3FF80000 len 00002000 (8 KiB): RTCRAM[0m
[0;32mI (1625) esp_psram: Adding pool of 4096K of PSRAM memory to heap allocator[0m
[0;32mI (1634) spi_flash: detected chip: generic[0m
[0;32mI (1637) spi_flash: flash io: dio[0m
[0;33mW (1641) i2c: This driver is an old driver, please migrate your application code to adapt `driver/i2c_master.h`[0m
[0;32mI (1652) coexist: coex firmware version: dab85ae96[0m
[0;32mI (1658) main_task: Started on CPU0[0m
[0;32mI (1661) esp_psram: Reserving pool of 32K of internal memory for DMA/internal allocations[0m
[0;32mI (1670) main_task: Calling app_main()[0m
[0;32mI (1692) bridge_common: esp-iot-bridge version: 0.11.8[0m
I (1694) wifi:wifi driver task: 3ffbd654, prio:23, stack:6656, core=0
I (1697) wifi:wifi firmware version: 0caa81945
I (1697) wifi:wifi certification version: v7.0
I (1701) wifi:config NVS flash: enabled
I (1705) wifi:config nano formating: disabled
I (1709) wifi:Init data frame dynamic rx buffer num: 32
I (1714) wifi:Init static rx mgmt buffer num: 5
I (1718) wifi:Init management short buffer num: 32
I (1723) wifi:Init static tx buffer num: 16
I (1727) wifi:Init tx cache buffer num: 32
I (1731) wifi:Init static rx buffer size: 1600
I (1735) wifi:Init static rx buffer num: 10
I (1738) wifi:Init dynamic rx buffer num: 32
[0;32mI (1743) wifi_init: accept mbox: 6[0m
[0;32mI (1747) wifi_init: tcpip mbox: 32[0m
[0;32mI (1751) wifi_init: udp mbox: 6[0m
[0;32mI (1754) wifi_init: tcp mbox: 6[0m
[0;32mI (1758) wifi_init: tcp tx win: 5760[0m
[0;32mI (1763) wifi_init: tcp rx win: 5760[0m
[0;32mI (1767) wifi_init: tcp mss: 1440[0m
[0;32mI (1771) wifi_init: WiFi IRAM OP enabled[0m
[0;32mI (1775) wifi_init: WiFi RX IRAM OP enabled[0m
[0;32mI (1781) phy_init: phy_version 4830,54550f7,Jun 20 2024,14:22:08[0m
I (1845) wifi:mode : null
I (1848) wifi:mode : softAP (08:a6:f7:11:51:a9)
I (1849) wifi:Total power save buffer number: 8
I (1850) wifi:Init max length of beacon: 752/752
I (1852) wifi:Init max length of beacon: 752/752
[0;32mI (1859) esp_netif_lwip: DHCP server started on interface WIFI_AP_DEF with IP: 192.168.4.1[0m
Add netif ap with 61a7688(commit id)
[0;32mI (1868) bridge_common: netif list add success[0m
[0;32mI (1875) bridge_common: [WIFI_AP_DEF ][0m
[0;32mI (1879) bridge_common: Set ip info:192.168.5.1[0m
[0;32mI (1883) bridge_wifi: SoftAP IP network segment has changed, deauth all station[0m
I (1893) wifi:Disabled PMF config for SoftAP
I (1896) wifi:Total power save buffer number: 8
[0;32mI (1902) esp_netif_lwip: DHCP server started on interface WIFI_AP_DEF with IP: 192.168.5.1[0m
[0;32mI (1909) bridge_common: [WIFI_AP_DEF ]Name Server1: 114.114.114.114[0m
[0;32mI (1915) bridge_common: DHCPS Restart, deauth all station[0m
Add netif sta with 61a7688(commit id)
[0;32mI (1925) bridge_common: netif list add success[0m
I (1930) wifi:mode : sta (08:a6:f7:11:51:a8) + softAP (08:a6:f7:11:51:a9)
I (1937) wifi:enable tsf
[0;31mE (1940) NVS: Failed to read IP info from NVS[0m
I (1944) wifi:Disabled PMF config for STA
[0;32mI (1947) bridge_wifi: [esp_bridge_wifi_set_config] sta ssid: Xiaomi13T password: password[0m
[0;32mI (1957) bridge_wifi: [esp_bridge_wifi_set_config] softap ssid: ESP_Bridge_1151a9 password: 12345678[0m
I (2140) wifi:Total power save buffer number: 8
[0;32mI (2144) esp_netif_lwip: DHCP server started on interface WIFI_AP_DEF with IP: 192.168.5.1[0m
[0;32mI (2145) bridge_wifi: SoftAP config changed, deauth all station[0m
[0;32mI (2149) Mesh-Lite: esp-mesh-lite component version: 1.0.0[0m
I (2156) ESPNOW: espnow [version: 1.0] init
[0;32mI (2159) [vendor_ie]: Mesh-Lite commit id: bc9302d
 [0m
[0;32mI (2166) [vendor_ie]: Mesh ID: 77 [0m
[0;32mI (2171) [ESP_Mesh_Lite_Comm]: msg action add success [0m
[0;32mI (2177) [ESP_Mesh_Lite_Comm]: Bind Socket 54, port 6364 [0m
[0;32mI (2181) [ESP_Mesh_Lite_Comm]: Bind Socket 55, port 6363 [0m
[0;32mI (2187) [ESP_Mesh_Lite_Comm]: Bind Socket 56, port 6366 [0m
[0;32mI (2193) [ESP_Mesh_Lite_Comm]: Bind Socket 57, port 6365 [0m
[0;32mI (2200) [mesh-lite-espnow]: Start espnow task [0m
[0;33mW (2206) [vendor_ie]: [Unexpected restart]: the rtc data: temp_mesh_id:175, level:1, ssid:Xiaomi13T, bssid 00:00:00:00:00:00 [0m
[0;33mW (2216) [vendor_ie]: Try to connect the original parent node [0m
[0;32mI (2226) [vendor_ie]: esp_mesh_lite_wifi_connect return ESP_OK [0m
I (2403) wifi:new:<1,1>, old:<1,1>, ap:<1,1>, sta:<1,0>, prof:1, snd_ch_cfg:0x0
I (2404) wifi:state: init -> auth (0xb0)
[0;31mE (2408) rc522: Read/write test failed[0m
[0;32mI (2409) gpio: GPIO[15]| InputEn: 0| OutputEn: 0| OpenDrain: 0| Pullup: 1| Pulldown: 0| Intr:0 [0m
I (2417) wifi:state: auth -> assoc (0x0)
[0;32mI (2422) gpio: GPIO[25]| InputEn: 1| OutputEn: 0| OpenDrain: 0| Pullup: 1| Pulldown: 0| Intr:2 [0m
[0;32mI (2431) cam_hal: cam init ok[0m
[0;32mI (2434) sccb: pin_sda 26 pin_scl 27[0m
[0;32mI (2438) sccb: sccb_i2c_port=1[0m
[0;32mI (2443) gpio: GPIO[32]| InputEn: 0| OutputEn: 1| OpenDrain: 0| Pullup: 0| Pulldown: 0| Intr:0 [0m
[0;32mI (2481) camera: Detected camera at address=0x30[0m
[0;32mI (2484) camera: Detected OV2640 camera[0m
[0;32mI (2485) camera: Camera PID=0x26 VER=0x42 MIDL=0x7f MIDH=0xa2[0m
Guru Meditation Error: Core  0 panic'ed (LoadProhibited). Exception was unhandled.

Core  0 register dump:
PC      : 0x400edd96  PS      : 0x00060530  A0      : 0x800ee1aa  A1      : 0x3ffe9900  
A2      : 0x3ffe7dc0  A3      : 0x0000000d  A4      : 0x00000001  A5      : 0x3ffe9926  
A6      : 0x00000002  A7      : 0x3ffe88b4  A8      : 0x00000000  A9      : 0x3ffe98f0  
A10     : 0x3ffe88b5  A11     : 0x3ffe9927  A12     : 0x00000001  A13     : 0x3ffe88b6  
A14     : 0x00000007  A15     : 0x3f408c88  SAR     : 0x0000001c  EXCCAUSE: 0x0000001c  
EXCVADDR: 0x0000000c  LBEG    : 0x4008bb44  LEND    : 0x4008bb57  LCOUNT  : 0x00000000  


Backtrace: 0x400edd93:0x3ffe9900 0x400ee1a7:0x3ffe9920 0x400ee280:0x3ffe9950 0x400ee3cb:0x3ffe9980 0x4008fff5:0x3ffe99b0




ELF file SHA256: 2b211b84e

Rebooting...
ets Jul 29 2019 12:21:46

rst:0xc (SW_CPU_RESET),boot:0x13 (SPI_FAST_FLASH_BOOT)
configsip: 0, SPIWP:0xee
clk_drv:0x00,q_drv:0x00,d_drv:0x00,cs0_drv:0x00,hd_drv:0x00,wp_drv:0x00
mode:DIO, clock div:2
load:0x3fff0030,len:7168
load:0x40078000,len:15452
load:0x40080400,len:4
load:0x40080404,len:3684
entry 0x40080614
[0;32mI (29) boot: ESP-IDF v5.3-dirty 2nd stage bootloader[0m
[0;32mI (29) boot: compile time Aug 17 2024 00:42:55[0m
[0;33mW (29) boot: Unicore bootloader[0m
[0;32mI (34) boot: chip revision: v3.1[0m
[0;32mI (37) boot.esp32: SPI Speed      : 40MHz[0m
[0;32mI (42) boot.esp32: SPI Mode       : DIO[0m
[0;32mI (47) boot.esp32: SPI Flash Size : 4MB[0m
[0;32mI (51) boot: Enabling RNG early entropy source...[0m
[0;32mI (57) boot: Partition Table:[0m
[0;32mI (60) boot: ## Label            Usage          Type ST Offset   Length[0m
[0;32mI (67) boot:  0 nvs              WiFi data        01 02 00009000 00004000[0m
[0;32mI (75) boot:  1 otadata          OTA data         01 00 0000d000 00002000[0m
[0;32mI (82) boot:  2 phy_init         RF data          01 01 0000f000 00001000[0m
[0;32mI (90) boot:  3 ota_0            OTA app          00 10 00010000 001e0000[0m
[0;32mI (97) boot:  4 ota_1            OTA app          00 11 001f0000 001e0000[0m
[0;32mI (105) boot:  5 coredump         Unknown data     01 03 003d0000 00010000[0m
[0;32mI (112) boot:  6 reserved         Unknown data     01 fe 003e0000 00020000[0m
[0;32mI (120) boot: End of partition table[0m
[0;32mI (124) esp_image: segment 0: paddr=00010020 vaddr=3f400020 size=30d2ch (199980) map[0m
[0;32mI (201) esp_image: segment 1: paddr=00040d54 vaddr=3ffbdb60 size=0607ch ( 24700) load[0m
[0;32mI (211) esp_image: segment 2: paddr=00046dd8 vaddr=40080000 size=09240h ( 37440) load[0m
[0;32mI (226) esp_image: segment 3: paddr=00050020 vaddr=400d0020 size=cb130h (831792) map[0m
[0;32mI (511) esp_image: segment 4: paddr=0011b158 vaddr=40089240 size=14e44h ( 85572) load[0m
[0;32mI (560) boot: Loaded app from partition at offset 0x10000[0m
[0;32mI (560) boot: Disabling RNG early entropy source...[0m
[0;32mI (572) quad_psram: This chip is ESP32-D0WD[0m
[0;32mI (572) esp_psram: Found 8MB PSRAM device[0m
[0;32mI (572) esp_psram: Speed: 40MHz[0m
[0;32mI (576) esp_psram: PSRAM initialized, cache is in normal (1-core) mode.[0m
[0;33mW (583) esp_psram: Virtual address not enough for PSRAM, map as much as we can. 4MB is mapped[0m
[0;32mI (592) cpu_start: Unicore app[0m
[0;32mI (596) cpu_start: Single core mode[0m
[0;32mI (1526) esp_psram: SPI SRAM memory test OK[0m
[0;32mI (1534) cpu_start: Pro cpu start user code[0m
[0;32mI (1534) cpu_start: cpu freq: 240000000 Hz[0m
[0;32mI (1534) app_init: Application information:[0m
[0;32mI (1537) app_init: Project name:     mesh_local_control[0m
[0;32mI (1543) app_init: App version:      61a7688-dirty[0m
[0;32mI (1548) app_init: Compile time:     Aug 17 2024 00:42:40[0m
[0;32mI (1554) app_init: ELF file SHA256:  2b211b84e...[0m
[0;32mI (1560) app_init: ESP-IDF:          v5.3-dirty[0m
[0;32mI (1565) efuse_init: Min chip rev:     v0.0[0m
[0;32mI (1570) efuse_init: Max chip rev:     v3.99 [0m
[0;32mI (1575) efuse_init: Chip rev:         v3.1[0m
[0;32mI (1580) heap_init: Initializing. RAM available for dynamic allocation:[0m
[0;32mI (1587) heap_init: At 3FFAE6E0 len 0000F480 (61 KiB): DRAM[0m
[0;32mI (1593) heap_init: At 3FFC8A00 len 00017600 (93 KiB): DRAM[0m
[0;32mI (1600) heap_init: At 3FFE0440 len 0001FBC0 (126 KiB): D/IRAM[0m
[0;32mI (1606) heap_init: At 40078000 len 00008000 (32 KiB): IRAM[0m
[0;32mI (1612) heap_init: At 4009E084 len 00001F7C (7 KiB): IRAM[0m
[0;32mI (1618) heap_init: At 3FF80000 len 00002000 (8 KiB): RTCRAM[0m
[0;32mI (1625) esp_psram: Adding pool of 4096K of PSRAM memory to heap allocator[0m
[0;32mI (1634) spi_flash: detected chip: generic[0m
[0;32mI (1637) spi_flash: flash io: dio[0m
[0;33mW (1641) i2c: This driver is an old driver, please migrate your application code to adapt `driver/i2c_master.h`[0m
[0;32mI (1652) coexist: coex firmware version: dab85ae96[0m
[0;32mI (1658) main_task: Started on CPU0[0m
[0;32mI (1661) esp_psram: Reserving pool of 32K of internal memory for DMA/internal allocations[0m
[0;32mI (1670) main_task: Calling app_main()[0m
[0;32mI (1692) bridge_common: esp-iot-bridge version: 0.11.8[0m
I (1694) wifi:wifi driver task: 3ffbd654, prio:23, stack:6656, core=0
I (1697) wifi:wifi firmware version: 0caa81945
I (1697) wifi:wifi certification version: v7.0
I (1701) wifi:config NVS flash: enabled
I (1705) wifi:config nano formating: disabled
I (1709) wifi:Init data frame dynamic rx buffer num: 32
I (1714) wifi:Init static rx mgmt buffer num: 5
I (1718) wifi:Init management short buffer num: 32
I (1723) wifi:Init static tx buffer num: 16
I (1727) wifi:Init tx cache buffer num: 32
I (1731) wifi:Init static rx buffer size: 1600
I (1735) wifi:Init static rx buffer num: 10
I (1738) wifi:Init dynamic rx buffer num: 32
[0;32mI (1743) wifi_init: accept mbox: 6[0m
[0;32mI (1747) wifi_init: tcpip mbox: 32[0m
[0;32mI (1751) wifi_init: udp mbox: 6[0m
[0;32mI (1754) wifi_init: tcp mbox: 6[0m
[0;32mI (1758) wifi_init: tcp tx win: 5760[0m
[0;32mI (1763) wifi_init: tcp rx win: 5760[0m
[0;32mI (1767) wifi_init: tcp mss: 1440[0m
[0;32mI (1771) wifi_init: WiFi IRAM OP enabled[0m
[0;32mI (1775) wifi_init: WiFi RX IRAM OP enabled[0m
[0;32mI (1781) phy_init: phy_version 4830,54550f7,Jun 20 2024,14:22:08[0m
I (1844) wifi:mode : null
I (1846) wifi:mode : softAP (08:a6:f7:11:51:a9)
I (1848) wifi:Total power save buffer number: 8
I (1849) wifi:Init max length of beacon: 752/752
I (1851) wifi:Init max length of beacon: 752/752
[0;32mI (1858) esp_netif_lwip: DHCP server started on interface WIFI_AP_DEF with IP: 192.168.4.1[0m
Add netif ap with 61a7688(commit id)
[0;32mI (1867) bridge_common: netif list add success[0m
[0;32mI (1873) bridge_common: [WIFI_AP_DEF ][0m
[0;32mI (1878) bridge_common: Set ip info:192.168.5.1[0m
[0;32mI (1882) bridge_wifi: SoftAP IP network segment has changed, deauth all station[0m
I (1892) wifi:Disabled PMF config for SoftAP
I (1895) wifi:Total power save buffer number: 8
[0;32mI (1901) esp_netif_lwip: DHCP server started on interface WIFI_AP_DEF with IP: 192.168.5.1[0m
[0;32mI (1907) bridge_common: [WIFI_AP_DEF ]Name Server1: 114.114.114.114[0m
[0;32mI (1914) bridge_common: DHCPS Restart, deauth all station[0m
Add netif sta with 61a7688(commit id)
[0;32mI (1923) bridge_common: netif list add success[0m
I (1929) wifi:mode : sta (08:a6:f7:11:51:a8) + softAP (08:a6:f7:11:51:a9)
I (1935) wifi:enable tsf
[0;31mE (1939) NVS: Failed to read IP info from NVS[0m
I (1943) wifi:Disabled PMF config for STA
[0;32mI (1946) bridge_wifi: [esp_bridge_wifi_set_config] sta ssid: Xiaomi13T password: password[0m
[0;32mI (1956) bridge_wifi: [esp_bridge_wifi_set_config] softap ssid: ESP_Bridge_1151a9 password: 12345678[0m
I (2138) wifi:Total power save buffer number: 8
[0;32mI (2143) esp_netif_lwip: DHCP server started on interface WIFI_AP_DEF with IP: 192.168.5.1[0m
[0;32mI (2144) bridge_wifi: SoftAP config changed, deauth all station[0m
[0;32mI (2148) Mesh-Lite: esp-mesh-lite component version: 1.0.0[0m
I (2154) ESPNOW: espnow [version: 1.0] init
[0;32mI (2158) [vendor_ie]: Mesh-Lite commit id: bc9302d
 [0m
[0;32mI (2164) [vendor_ie]: Mesh ID: 77 [0m
[0;32mI (2170) [ESP_Mesh_Lite_Comm]: msg action add success [0m
[0;32mI (2176) [ESP_Mesh_Lite_Comm]: Bind Socket 54, port 6364 [0m
[0;32mI (2180) [ESP_Mesh_Lite_Comm]: Bind Socket 55, port 6363 [0m
[0;32mI (2186) [ESP_Mesh_Lite_Comm]: Bind Socket 56, port 6366 [0m
[0;32mI (2192) [ESP_Mesh_Lite_Comm]: Bind Socket 57, port 6365 [0m
[0;32mI (2199) [mesh-lite-espnow]: Start espnow task [0m
[0;33mW (2204) [vendor_ie]: [Unexpected restart]: the rtc data: temp_mesh_id:175, level:1, ssid:Xiaomi13T, bssid 00:00:00:00:00:00 [0m
[0;33mW (2215) [vendor_ie]: Try to connect the original parent node [0m
[0;32mI (2225) [vendor_ie]: esp_mesh_lite_wifi_connect return ESP_OK [0m
I (2402) wifi:new:<1,1>, old:<1,1>, ap:<1,1>, sta:<1,0>, prof:1, snd_ch_cfg:0x0
I (2403) wifi:state: init -> auth (0xb0)
[0;31mE (2407) rc522: Read/write test failed[0m
[0;32mI (2408) gpio: GPIO[15]| InputEn: 0| OutputEn: 0| OpenDrain: 0| Pullup: 1| Pulldown: 0| Intr:0 [0m
I (2411) wifi:state: auth -> assoc (0x0)
[0;32mI (2421) gpio: GPIO[25]| InputEn: 1| OutputEn: 0| OpenDrain: 0| Pullup: 1| Pulldown: 0| Intr:2 [0m
I (2429) wifi:state: assoc -> run (0x10)
[0;32mI (2435) cam_hal: cam init ok[0m
[0;32mI (2437) sccb: pin_sda 26 pin_scl 27[0m
[0;32mI (2442) sccb: sccb_i2c_port=1[0m
[0;32mI (2445) gpio: GPIO[32]| InputEn: 0| OutputEn: 1| OpenDrain: 0| Pullup: 0| Pulldown: 0| Intr:0 [0m
I (2454) wifi:connected with Xiaomi13T, aid = 3, channel 1, BW20, bssid = 96:d2:c4:85:39:18
I (2462) wifi:security: WPA2-PSK, phy: bgn, rssi: -71
I (2467) wifi:pm start, type: 1

I (2470) wifi:dp: 1, bi: 102400, li: 3, scale listen interval from 307200 us to 307200 us
I (2478) wifi:dp: 2, bi: 102400, li: 4, scale listen interval from 307200 us to 409600 us
I (2485) wifi:AP's beacon interval = 102400 us, DTIM period = 2
Guru Meditation Error: Core  0 panic'ed (LoadProhibited). Exception was unhandled.

Core  0 register dump:
PC      : 0x400edd96  PS      : 0x00060330  A0      : 0x800ee1aa  A1      : 0x3ffe9900  
A2      : 0x3ffe7dc0  A3      : 0x0000000d  A4      : 0x00000001  A5      : 0x3ffe9926  
A6      : 0x00000002  A7      : 0x3ffe88c8  A8      : 0x00000000  A9      : 0x3ffe98f0  
A10     : 0x3ffe88c9  A11     : 0x3ffe9927  A12     : 0x00000001  A13     : 0x3ffe88ca  
A14     : 0x00000007  A15     : 0x3f408c88  SAR     : 0x0000001d  EXCCAUSE: 0x0000001c  
EXCVADDR: 0x0000000c  LBEG    : 0x4008bb44  LEND    : 0x4008bb57  LCOUNT  : 0x00000000  


Backtrace: 0x400edd93:0x3ffe9900 0x400ee1a7:0x3ffe9920 0x400ee280:0x3ffe9950 0x400ee3cb:0x3ffe9980 0x4008fff5:0x3ffe99b0




ELF file SHA256: 2b211b84e

Rebooting...
ets Jul 29 2019 12:21:46

rst:0xc (SW_CPU_RESET),boot:0x13 (SPI_FAST_FLASH_BOOT)
configsip: 0, SPIWP:0xee
clk_drv:0x00,q_drv:0x00,d_drv:0x00,cs0_drv:0x00,hd_drv:0x00,wp_drv:0x00
mode:DIO, clock div:2
load:0x3fff0030,len:7168
load:0x40078000,len:15452
load:0x40080400,len:4
load:0x40080404,len:3684
entry 0x40080614
[0;32mI (29) boot: ESP-IDF v5.3-dirty 2nd stage bootloader[0m
[0;32mI (29) boot: compile time Aug 17 2024 00:42:55[0m
[0;33mW (29) boot: Unicore bootloader[0m
[0;32mI (34) boot: chip revision: v3.1[0m
[0;32mI (37) boot.esp32: SPI Speed      : 40MHz[0m
[0;32mI (42) boot.esp32: SPI Mode       : DIO[0m
[0;32mI (47) boot.esp32: SPI Flash Size : 4MB[0m
[0;32mI (51) boot: Enabling RNG early entropy source...[0m
[0;32mI (57) boot: Partition Table:[0m
[0;32mI (60) boot: ## Label            Usage          Type ST Offset   Length[0m
[0;32mI (67) boot:  0 nvs              WiFi data        01 02 00009000 00004000[0m
[0;32mI (75) boot:  1 otadata          OTA data         01 00 0000d000 00002000[0m
[0;32mI (82) boot:  2 phy_init         RF data          01 01 0000f000 00001000[0m
[0;32mI (90) boot:  3 ota_0            OTA app          00 10 00010000 001e0000[0m
[0;32mI (97) boot:  4 ota_1            OTA app          00 11 001f0000 001e0000[0m
[0;32mI (105) boot:  5 coredump         Unknown data     01 03 003d0000 00010000[0m
[0;32mI (112) boot:  6 reserved         Unknown data     01 fe 003e0000 00020000[0m
[0;32mI (120) boot: End of partition table[0m
[0;32mI (124) esp_image: segment 0: paddr=00010020 vaddr=3f400020 size=30d2ch (199980) map[0m
[0;32mI (201) esp_image: segment 1: paddr=00040d54 vaddr=3ffbdb60 size=0607ch ( 24700) load[0m
[0;32mI (211) esp_image: segment 2: paddr=00046dd8 vaddr=40080000 size=09240h ( 37440) load[0m
[0;32mI (226) esp_image: segment 3: paddr=00050020 vaddr=400d0020 size=cb130h (831792) map[0m
[0;32mI (511) esp_image: segment 4: paddr=0011b158 vaddr=40089240 size=14e44h ( 85572) load[0m
[0;32mI (560) boot: Loaded app from partition at offset 0x10000[0m
[0;32mI (560) boot: Disabling RNG early entropy source...[0m
[0;32mI (572) quad_psram: This chip is ESP32-D0WD[0m
[0;32mI (572) esp_psram: Found 8MB PSRAM device[0m
[0;32mI (572) esp_psram: Speed: 40MHz[0m
[0;32mI (576) esp_psram: PSRAM initialized, cache is in normal (1-core) mode.[0m
[0;33mW (583) esp_psram: Virtual address not enough for PSRAM, map as much as we can. 4MB is mapped[0m
[0;32mI (592) cpu_start: Unicore app[0m
[0;32mI (596) cpu_start: Single core mode[0m
[0;32mI (1526) esp_psram: SPI SRAM memory test OK[0m
[0;32mI (1534) cpu_start: Pro cpu start user code[0m
[0;32mI (1534) cpu_start: cpu freq: 240000000 Hz[0m
[0;32mI (1534) app_init: Application information:[0m
[0;32mI (1537) app_init: Project name:     mesh_local_control[0m
[0;32mI (1543) app_init: App version:      61a7688-dirty[0m
[0;32mI (1548) app_init: Compile time:     Aug 17 2024 00:42:40[0m
[0;32mI (1554) app_init: ELF file SHA256:  2b211b84e...[0m
[0;32mI (1560) app_init: ESP-IDF:          v5.3-dirty[0m
[0;32mI (1565) efuse_init: Min chip rev:     v0.0[0m
[0;32mI (1570) efuse_init: Max chip rev:     v3.99 [0m
[0;32mI (1575) efuse_init: Chip rev:         v3.1[0m
[0;32mI (1580) heap_init: Initializing. RAM available for dynamic allocation:[0m
[0;32mI (1587) heap_init: At 3FFAE6E0 len 0000F480 (61 KiB): DRAM[0m
[0;32mI (1593) heap_init: At 3FFC8A00 len 00017600 (93 KiB): DRAM[0m
[0;32mI (1600) heap_init: At 3FFE0440 len 0001FBC0 (126 KiB): D/IRAM[0m
[0;32mI (1606) heap_init: At 40078000 len 00008000 (32 KiB): IRAM[0m
[0;32mI (1612) heap_init: At 4009E084 len 00001F7C (7 KiB): IRAM[0m
[0;32mI (1618) heap_init: At 3FF80000 len 00002000 (8 KiB): RTCRAM[0m
[0;32mI (1625) esp_psram: Adding pool of 4096K of PSRAM memory to heap allocator[0m
[0;32mI (1634) spi_flash: detected chip: generic[0m
[0;32mI (1637) spi_flash: flash io: dio[0m
[0;33mW (1641) i2c: This driver is an old driver, please migrate your application code to adapt `driver/i2c_master.h`[0m
[0;32mI (1652) coexist: coex firmware version: dab85ae96[0m
[0;32mI (1658) main_task: Started on CPU0[0m
[0;32mI (1661) esp_psram: Reserving pool of 32K of internal memory for DMA/internal allocations[0m
[0;32mI (1670) main_task: Calling app_main()[0m
[0;32mI (1692) bridge_common: esp-iot-bridge version: 0.11.8[0m
I (1694) wifi:wifi driver task: 3ffbd654, prio:23, stack:6656, core=0
I (1697) wifi:wifi firmware version: 0caa81945
I (1697) wifi:wifi certification version: v7.0
I (1701) wifi:config NVS flash: enabled
I (1705) wifi:config nano formating: disabled
I (1709) wifi:Init data frame dynamic rx buffer num: 32
I (1714) wifi:Init static rx mgmt buffer num: 5
I (1718) wifi:Init management short buffer num: 32
I (1723) wifi:Init static tx buffer num: 16
I (1727) wifi:Init tx cache buffer num: 32
I (1731) wifi:Init static rx buffer size: 1600
I (1735) wifi:Init static rx buffer num: 10
I (1738) wifi:Init dynamic rx buffer num: 32
[0;32mI (1743) wifi_init: accept mbox: 6[0m
[0;32mI (1747) wifi_init: tcpip mbox: 32[0m
[0;32mI (1751) wifi_init: udp mbox: 6[0m
[0;32mI (1754) wifi_init: tcp mbox: 6[0m
[0;32mI (1758) wifi_init: tcp tx win: 5760[0m
[0;32mI (1763) wifi_init: tcp rx win: 5760[0m
[0;32mI (1767) wifi_init: tcp mss: 1440[0m
[0;32mI (1771) wifi_init: WiFi IRAM OP enabled[0m
[0;32mI (1775) wifi_init: WiFi RX IRAM OP enabled[0m
[0;32mI (1781) phy_init: phy_version 4830,54550f7,Jun 20 2024,14:22:08[0m
I (1845) wifi:mode : null
I (1848) wifi:mode : softAP (08:a6:f7:11:51:a9)
I (1849) wifi:Total power save buffer number: 8
I (1850) wifi:Init max length of beacon: 752/752
I (1852) wifi:Init max length of beacon: 752/752
[0;32mI (1859) esp_netif_lwip: DHCP server started on interface WIFI_AP_DEF with IP: 192.168.4.1[0m
Add netif ap with 61a7688(commit id)
[0;32mI (1868) bridge_common: netif list add success[0m
[0;32mI (1875) bridge_common: [WIFI_AP_DEF ][0m
[0;32mI (1879) bridge_common: Set ip info:192.168.5.1[0m
[0;32mI (1883) bridge_wifi: SoftAP IP network segment has changed, deauth all station[0m
I (1893) wifi:Disabled PMF config for SoftAP
I (1896) wifi:Total power save buffer number: 8
[0;32mI (1902) esp_netif_lwip: DHCP server started on interface WIFI_AP_DEF with IP: 192.168.5.1[0m
[0;32mI (1909) bridge_common: [WIFI_AP_DEF ]Name Server1: 114.114.114.114[0m
[0;32mI (1915) bridge_common: DHCPS Restart, deauth all station[0m
Add netif sta with 61a7688(commit id)
[0;32mI (1925) bridge_common: netif list add success[0m
I (1930) wifi:mode : sta (08:a6:f7:11:51:a8) + softAP (08:a6:f7:11:51:a9)
I (1937) wifi:enable tsf
[0;31mE (1940) NVS: Failed to read IP info from NVS[0m
I (1944) wifi:Disabled PMF config for STA
[0;32mI (1947) bridge_wifi: [esp_bridge_wifi_set_config] sta ssid: Xiaomi13T password: password[0m
[0;32mI (1957) bridge_wifi: [esp_bridge_wifi_set_config] softap ssid: ESP_Bridge_1151a9 password: 12345678[0m
I (2140) wifi:Total power save buffer number: 8
[0;32mI (2144) esp_netif_lwip: DHCP server started on interface WIFI_AP_DEF with IP: 192.168.5.1[0m
[0;32mI (2145) bridge_wifi: SoftAP config changed, deauth all station[0m
[0;32mI (2149) Mesh-Lite: esp-mesh-lite component version: 1.0.0[0m
I (2155) ESPNOW: espnow [version: 1.0] init
[0;32mI (2159) [vendor_ie]: Mesh-Lite commit id: bc9302d
 [0m
[0;32mI (2166) [vendor_ie]: Mesh ID: 77 [0m
[0;32mI (2171) [ESP_Mesh_Lite_Comm]: msg action add success [0m
[0;32mI (2177) [ESP_Mesh_Lite_Comm]: Bind Socket 54, port 6364 [0m
[0;32mI (2181) [ESP_Mesh_Lite_Comm]: Bind Socket 55, port 6363 [0m
[0;32mI (2187) [ESP_Mesh_Lite_Comm]: Bind Socket 56, port 6366 [0m
[0;32mI (2193) [ESP_Mesh_Lite_Comm]: Bind Socket 57, port 6365 [0m
[0;32mI (2200) [mesh-lite-espnow]: Start espnow task [0m
[0;33mW (2206) [vendor_ie]: [Unexpected restart]: the rtc data: temp_mesh_id:175, level:1, ssid:Xiaomi13T, bssid 00:00:00:00:00:00 [0m
[0;33mW (2216) [vendor_ie]: Try to connect the original parent node [0m
[0;32mI (2226) [vendor_ie]: esp_mesh_lite_wifi_connect return ESP_OK [0m
I (2403) wifi:new:<1,1>, old:<1,1>, ap:<1,1>, sta:<1,0>, prof:1, snd_ch_cfg:0x0
I (2404) wifi:state: init -> auth (0xb0)
[0;31mE (2408) rc522: Read/write test failed[0m
[0;32mI (2409) gpio: GPIO[15]| InputEn: 0| OutputEn: 0| OpenDrain: 0| Pullup: 1| Pulldown: 0| Intr:0 [0m
I (2414) wifi:state: auth -> assoc (0x0)
[0;32mI (2422) gpio: GPIO[25]| InputEn: 1| OutputEn: 0| OpenDrain: 0| Pullup: 1| Pulldown: 0| Intr:2 [0m
[0;32mI (2431) cam_hal: cam init ok[0m
[0;32mI (2434) sccb: pin_sda 26 pin_scl 27[0m
[0;32mI (2438) sccb: sccb_i2c_port=1[0m
[0;32mI (2442) gpio: GPIO[32]| InputEn: 0| OutputEn: 1| OpenDrain: 0| Pullup: 0| Pulldown: 0| Intr:0 [0m
[0;32mI (2481) camera: Detected camera at address=0x30[0m
[0;32mI (2484) camera: Detected OV2640 camera[0m
[0;32mI (2485) camera: Camera PID=0x26 VER=0x42 MIDL=0x7f MIDH=0xa2[0m
Guru Meditation Error: Core  0 panic'ed (LoadProhibited). Exception was unhandled.

Core  0 register dump:
PC      : 0x400edd96  PS      : 0x00060b30  A0      : 0x800ee1aa  A1      : 0x3ffe9900  
A2      : 0x3ffe7dc0  A3      : 0x0000000d  A4      : 0x00000001  A5      : 0x3ffe9926  
A6      : 0x00000002  A7      : 0x3ffe88b4  A8      : 0x00000000  A9      : 0x3ffe98f0  
A10     : 0x3ffe88b5  A11     : 0x3ffe9927  A12     : 0x00000001  A13     : 0x3ffe88b6  
A14     : 0x00000007  A15     : 0x3f408c88  SAR     : 0x0000001c  EXCCAUSE: 0x0000001c  
EXCVADDR: 0x0000000c  LBEG    : 0x4008bb44  LEND    : 0x4008bb57  LCOUNT  : 0x00000000  


Backtrace: 0x400edd93:0x3ffe9900 0x400ee1a7:0x3ffe9920 0x400ee280:0x3ffe9950 0x400ee3cb:0x3ffe9980 0x4008fff5:0x3ffe99b0




ELF file SHA256: 2b211b84e

Rebooting...
ets Jul 29 2019 12:21:46

rst:0xc (SW_CPU_RESET),boot:0x13 (SPI_FAST_FLASH_BOOT)
configsip: 0, SPIWP:0xee
clk_drv:0x00,q_drv:0x00,d_drv:0x00,cs0_drv:0x00,hd_drv:0x00,wp_drv:0x00
mode:DIO, clock div:2
load:0x3fff0030,len:7168
load:0x40078000,len:15452
load:0x40080400,len:4
load:0x40080404,len:3684
entry 0x40080614
[0;32mI (29) boot: ESP-IDF v5.3-dirty 2nd stage bootloader[0m
[0;32mI (29) boot: compile time Aug 17 2024 00:42:55[0m
[0;33mW (29) boot: Unicore bootloader[0m
[0;32mI (34) boot: chip revision: v3.1[0m
[0;32mI (37) boot.esp32: SPI Speed      : 40MHz[0m
[0;32mI (42) boot.esp32: SPI Mode       : DIO[0m
[0;32mI (47) boot.esp32: SPI Flash Size : 4MB[0m
[0;32mI (51) boot: Enabling RNG early entropy source...[0m
[0;32mI (57) boot: Partition Table:[0m
[0;32mI (60) boot: ## Label            Usage          Type ST Offset   Length[0m
[0;32mI (67) boot:  0 nvs              WiFi data        01 02 00009000 00004000[0m
[0;32mI (75) boot:  1 otadata          OTA data         01 00 0000d000 00002000[0m
[0;32mI (82) boot:  2 phy_init         RF data          01 01 0000f000 00001000[0m
[0;32mI (90) boot:  3 ota_0            OTA app          00 10 00010000 001e0000[0m
[0;32mI (97) boot:  4 ota_1            OTA app          00 11 001f0000 001e0000[0m
[0;32mI (105) boot:  5 coredump         Unknown data     01 03 003d0000 00010000[0m
[0;32mI (112) boot:  6 reserved         Unknown data     01 fe 003e0000 00020000[0m
[0;32mI (120) boot: End of partition table[0m
[0;32mI (124) esp_image: segment 0: paddr=00010020 vaddr=3f400020 size=30d2ch (199980) map[0m
[0;32mI (201) esp_image: segment 1: paddr=00040d54 vaddr=3ffbdb60 size=0607ch ( 24700) load[0m
[0;32mI (211) esp_image: segment 2: paddr=00046dd8 vaddr=40080000 size=09240h ( 37440) load[0m
[0;32mI (226) esp_image: segment 3: paddr=00050020 vaddr=400d0020 size=cb130h (831792) map[0m
[0;32mI (511) esp_image: segment 4: paddr=0011b158 vaddr=40089240 size=14e44h ( 85572) load[0m
[0;32mI (560) boot: Loaded app from partition at offset 0x10000[0m
[0;32mI (560) boot: Disabling RNG early entropy source...[0m
[0;32mI (572) quad_psram: This chip is ESP32-D0WD[0m
[0;32mI (572) esp_psram: Found 8MB PSRAM device[0m
[0;32mI (572) esp_psram: Speed: 40MHz[0m
[0;32mI (576) esp_psram: PSRAM initialized, cache is in normal (1-core) mode.[0m
[0;33mW (583) esp_psram: Virtual address not enough for PSRAM, map as much as we can. 4MB is mapped[0m
[0;32mI (592) cpu_start: Unicore app[0m
[0;32mI (596) cpu_start: Single core mode[0m
[0;32mI (1526) esp_psram: SPI SRAM memory test OK[0m
[0;32mI (1534) cpu_start: Pro cpu start user code[0m
[0;32mI (1534) cpu_start: cpu freq: 240000000 Hz[0m
[0;32mI (1534) app_init: Application information:[0m
[0;32mI (1537) app_init: Project name:     mesh_local_control[0m
[0;32mI (1543) app_init: App version:      61a7688-dirty[0m
[0;32mI (1548) app_init: Compile time:     Aug 17 2024 00:42:40[0m
[0;32mI (1554) app_init: ELF file SHA256:  2b211b84e...[0m
[0;32mI (1560) app_init: ESP-IDF:          v5.3-dirty[0m
[0;32mI (1565) efuse_init: Min chip rev:     v0.0[0m
[0;32mI (1570) efuse_init: Max chip rev:     v3.99 [0m
[0;32mI (1575) efuse_init: Chip rev:         v3.1[0m
[0;32mI (1580) heap_init: Initializing. RAM available for dynamic allocation:[0m
[0;32mI (1587) heap_init: At 3FFAE6E0 len 0000F480 (61 KiB): DRAM[0m
[0;32mI (1593) heap_init: At 3FFC8A00 len 00017600 (93 KiB): DRAM[0m
[0;32mI (1600) heap_init: At 3FFE0440 len 0001FBC0 (126 KiB): D/IRAM[0m
[0;32mI (1606) heap_init: At 40078000 len 00008000 (32 KiB): IRAM[0m
[0;32mI (1612) heap_init: At 4009E084 len 00001F7C (7 KiB): IRAM[0m
[0;32mI (1618) heap_init: At 3FF80000 len 00002000 (8 KiB): RTCRAM[0m
[0;32mI (1625) esp_psram: Adding pool of 4096K of PSRAM memory to heap allocator[0m
[0;32mI (1634) spi_flash: detected chip: generic[0m
[0;32mI (1637) spi_flash: flash io: dio[0m
[0;33mW (1641) i2c: This driver is an old driver, please migrate your application code to adapt `driver/i2c_master.h`[0m
[0;32mI (1652) coexist: coex firmware version: dab85ae96[0m
[0;32mI (1658) main_task: Started on CPU0[0m
[0;32mI (1661) esp_psram: Reserving pool of 32K of internal memory for DMA/internal allocations[0m
[0;32mI (1670) main_task: Calling app_main()[0m
[0;32mI (1692) bridge_common: esp-iot-bridge version: 0.11.8[0m
I (1694) wifi:wifi driver task: 3ffbd654, prio:23, stack:6656, core=0
I (1697) wifi:wifi firmware version: 0caa81945
I (1697) wifi:wifi certification version: v7.0
I (1701) wifi:config NVS flash: enabled
I (1705) wifi:config nano formating: disabled
I (1709) wifi:Init data frame dynamic rx buffer num: 32
I (1714) wifi:Init static rx mgmt buffer num: 5
I (1718) wifi:Init management short buffer num: 32
I (1723) wifi:Init static tx buffer num: 16
I (1727) wifi:Init tx cache buffer num: 32
I (1731) wifi:Init static rx buffer size: 1600
I (1735) wifi:Init static rx buffer num: 10
I (1738) wifi:Init dynamic rx buffer num: 32
[0;32mI (1743) wifi_init: accept mbox: 6[0m
[0;32mI (1747) wifi_init: tcpip mbox: 32[0m
[0;32mI (1751) wifi_init: udp mbox: 6[0m
[0;32mI (1754) wifi_init: tcp mbox: 6[0m
[0;32mI (1758) wifi_init: tcp tx win: 5760[0m
[0;32mI (1763) wifi_init: tcp rx win: 5760[0m
[0;32mI (1767) wifi_init: tcp mss: 1440[0m
[0;32mI (1771) wifi_init: WiFi IRAM OP enabled[0m
[0;32mI (1775) wifi_init: WiFi RX IRAM OP enabled[0m
[0;32mI (1781) phy_init: phy_version 4830,54550f7,Jun 20 2024,14:22:08[0m
I (1844) wifi:mode : null
I (1847) wifi:mode : softAP (08:a6:f7:11:51:a9)
I (1848) wifi:Total power save buffer number: 8
I (1849) wifi:Init max length of beacon: 752/752
I (1851) wifi:Init max length of beacon: 752/752
[0;32mI (1858) esp_netif_lwip: DHCP server started on interface WIFI_AP_DEF with IP: 192.168.4.1[0m
Add netif ap with 61a7688(commit id)
[0;32mI (1867) bridge_common: netif list add success[0m
[0;32mI (1874) bridge_common: [WIFI_AP_DEF ][0m
[0;32mI (1878) bridge_common: Set ip info:192.168.5.1[0m
[0;32mI (1882) bridge_wifi: SoftAP IP network segment has changed, deauth all station[0m
I (1892) wifi:Disabled PMF config for SoftAP
I (1895) wifi:Total power save buffer number: 8
[0;32mI (1901) esp_netif_lwip: DHCP server started on interface WIFI_AP_DEF with IP: 192.168.5.1[0m
[0;32mI (1908) bridge_common: [WIFI_AP_DEF ]Name Server1: 114.114.114.114[0m
[0;32mI (1914) bridge_common: DHCPS Restart, deauth all station[0m
Add netif sta with 61a7688(commit id)
[0;32mI (1924) bridge_common: netif list add success[0m
I (1929) wifi:mode : sta (08:a6:f7:11:51:a8) + softAP (08:a6:f7:11:51:a9)
I (1936) wifi:enable tsf
[0;31mE (1939) NVS: Failed to read IP info from NVS[0m
I (1943) wifi:Disabled PMF config for STA
[0;32mI (1946) bridge_wifi: [esp_bridge_wifi_set_config] sta ssid: Xiaomi13T password: password[0m
[0;32mI (1956) bridge_wifi: [esp_bridge_wifi_set_config] softap ssid: ESP_Bridge_1151a9 password: 12345678[0m
I (2139) wifi:Total power save buffer number: 8
[0;32mI (2143) esp_netif_lwip: DHCP server started on interface WIFI_AP_DEF with IP: 192.168.5.1[0m
[0;32mI (2144) bridge_wifi: SoftAP config changed, deauth all station[0m
[0;32mI (2148) Mesh-Lite: esp-mesh-lite component version: 1.0.0[0m
I (2155) ESPNOW: espnow [version: 1.0] init
[0;32mI (2158) [vendor_ie]: Mesh-Lite commit id: bc9302d
 [0m
[0;32mI (2165) [vendor_ie]: Mesh ID: 77 [0m
[0;32mI (2170) [ESP_Mesh_Lite_Comm]: msg action add success [0m
[0;32mI (2176) [ESP_Mesh_Lite_Comm]: Bind Socket 54, port 6364 [0m
[0;32mI (2180) [ESP_Mesh_Lite_Comm]: Bind Socket 55, port 6363 [0m
[0;32mI (2186) [ESP_Mesh_Lite_Comm]: Bind Socket 56, port 6366 [0m
[0;32mI (2192) [ESP_Mesh_Lite_Comm]: Bind Socket 57, port 6365 [0m
[0;32mI (2199) [mesh-lite-espnow]: Start espnow task [0m
[0;33mW (2205) [vendor_ie]: [Unexpected restart]: the rtc data: temp_mesh_id:175, level:1, ssid:Xiaomi13T, bssid 00:00:00:00:00:00 [0m
[0;33mW (2215) [vendor_ie]: Try to connect the original parent node [0m
[0;32mI (2225) [vendor_ie]: esp_mesh_lite_wifi_connect return ESP_OK [0m
[0;31mE (2231) rc522: Read/write test failed[0m
[0;32mI (2233) gpio: GPIO[15]| InputEn: 0| OutputEn: 0| OpenDrain: 0| Pullup: 1| Pulldown: 0| Intr:0 [0m
[0;32mI (2244) gpio: GPIO[25]| InputEn: 1| OutputEn: 0| OpenDrain: 0| Pullup: 1| Pulldown: 0| Intr:2 [0m
[0;32mI (2252) cam_hal: cam init ok[0m
[0;32mI (2256) sccb: pin_sda 26 pin_scl 27[0m
[0;32mI (2259) sccb: sccb_i2c_port=1[0m
[0;32mI (2264) gpio: GPIO[32]| InputEn: 0| OutputEn: 1| OpenDrain: 0| Pullup: 0| Pulldown: 0| Intr:0 [0m
[0;32mI (2302) camera: Detected camera at address=0x30[0m
[0;32mI (2306) camera: Detected OV2640 camera[0m
[0;32mI (2306) camera: Camera PID=0x26 VER=0x42 MIDL=0x7f MIDH=0xa2[0m
Guru Meditation Error: Core  0 panic'ed (LoadProhibited). Exception was unhandled.

Core  0 register dump:
PC      : 0x400edd96  PS      : 0x00060f30  A0      : 0x800ee1aa  A1      : 0x3ffe98c0  
A2      : 0x3ffe7dc0  A3      : 0x0000000d  A4      : 0x00000001  A5      : 0x3ffe98e6  
A6      : 0x00000002  A7      : 0x3ffe88b4  A8      : 0x00000000  A9      : 0x3ffe98b0  
A10     : 0x3ffe88b5  A11     : 0x3ffe98e7  A12     : 0x00000001  A13     : 0x3ffe88b6  
A14     : 0x00000007  A15     : 0x3f408c88  SAR     : 0x0000001c  EXCCAUSE: 0x0000001c  
EXCVADDR: 0x0000000c  LBEG    : 0x4008bb44  LEND    : 0x4008bb57  LCOUNT  : 0x00000000  


Backtrace: 0x400edd93:0x3ffe98c0 0x400ee1a7:0x3ffe98e0 0x400ee280:0x3ffe9910 0x400ee3cb:0x3ffe9940 0x4008fff5:0x3ffe9970




ELF file SHA256: 2b211b84e

Rebooting...
ets Jul 29 2019 12:21:46

rst:0xc (SW_CPU_RESET),boot:0x13 (SPI_FAST_FLASH_BOOT)
configsip: 0, SPIWP:0xee
clk_drv:0x00,q_drv:0x00,d_drv:0x00,cs0_drv:0x00,hd_drv:0x00,wp_drv:0x00
mode:DIO, clock div:2
load:0x3fff0030,len:7168
load:0x40078000,len:15452
load:0x40080400,len:4
load:0x40080404,len:3684
entry 0x40080614
[0;32mI (29) boot: ESP-IDF v5.3-dirty 2nd stage bootloader[0m
[0;32mI (29) boot: compile time Aug 17 2024 00:42:55[0m
[0;33mW (29) boot: Unicore bootloader[0m
[0;32mI (34) boot: chip revision: v3.1[0m
[0;32mI (37) boot.esp32: SPI Speed      : 40MHz[0m
[0;32mI (42) boot.esp32: SPI Mode       : DIO[0m
[0;32mI (47) boot.esp32: SPI Flash Size : 4MB[0m
[0;32mI (51) boot: Enabling RNG early entropy source...[0m
[0;32mI (57) boot: Partition Table:[0m
[0;32mI (60) boot: ## Label            Usage          Type ST Offset   Length[0m
[0;32mI (67) boot:  0 nvs              WiFi data        01 02 00009000 00004000[0m
[0;32mI (75) boot:  1 otadata          OTA data         01 00 0000d000 00002000[0m
[0;32mI (82) boot:  2 phy_init         RF data          01 01 0000f000 00001000[0m
[0;32mI (90) boot:  3 ota_0            OTA app          00 10 00010000 001e0000[0m
[0;32mI (97) boot:  4 ota_1            OTA app          00 11 001f0000 001e0000[0m
[0;32mI (105) boot:  5 coredump         Unknown data     01 03 003d0000 00010000[0m
[0;32mI (112) boot:  6 reserved         Unknown data     01 fe 003e0000 00020000[0m
[0;32mI (120) boot: End of partition table[0m
[0;32mI (124) esp_image: segment 0: paddr=00010020 vaddr=3f400020 size=30d2ch (199980) map[0m
[0;32mI (201) esp_image: segment 1: paddr=00040d54 vaddr=3ffbdb60 size=0607ch ( 24700) load[0m
[0;32mI (211) esp_image: segment 2: paddr=00046dd8 vaddr=40080000 size=09240h ( 37440) load[0m
[0;32mI (226) esp_image: segment 3: paddr=00050020 vaddr=400d0020 size=cb130h (831792) map[0m
[0;32mI (511) esp_image: segment 4: paddr=0011b158 vaddr=40089240 size=14e44h ( 85572) load[0m
[0;32mI (560) boot: Loaded app from partition at offset 0x10000[0m
[0;32mI (560) boot: Disabling RNG early entropy source...[0m
[0;32mI (572) quad_psram: This chip is ESP32-D0WD[0m
[0;32mI (572) esp_psram: Found 8MB PSRAM device[0m
[0;32mI (572) esp_psram: Speed: 40MHz[0m
[0;32mI (576) esp_psram: PSRAM initialized, cache is in normal (1-core) mode.[0m
[0;33mW (583) esp_psram: Virtual address not enough for PSRAM, map as much as we can. 4MB is mapped[0m
[0;32mI (592) cpu_start: Unicore app[0m
[0;32mI (596) cpu_start: Single core mode[0m
[0;32mI (1526) esp_psram: SPI SRAM memory test OK[0m
[0;32mI (1534) cpu_start: Pro cpu start user code[0m
[0;32mI (1534) cpu_start: cpu freq: 240000000 Hz[0m
[0;32mI (1534) app_init: Application information:[0m
[0;32mI (1537) app_init: Project name:     mesh_local_control[0m
[0;32mI (1543) app_init: App version:      61a7688-dirty[0m
[0;32mI (1548) app_init: Compile time:     Aug 17 2024 00:42:40[0m
[0;32mI (1554) app_init: ELF file SHA256:  2b211b84e...[0m
[0;32mI (1560) app_init: ESP-IDF:          v5.3-dirty[0m
[0;32mI (1565) efuse_init: Min chip rev:     v0.0[0m
[0;32mI (1570) efuse_init: Max chip rev:     v3.99 [0m
[0;32mI (1575) efuse_init: Chip rev:         v3.1[0m
[0;32mI (1580) heap_init: Initializing. RAM available for dynamic allocation:[0m
[0;32mI (1587) heap_init: At 3FFAE6E0 len 0000F480 (61 KiB): DRAM[0m
[0;32mI (1593) heap_init: At 3FFC8A00 len 00017600 (93 KiB): DRAM[0m
[0;32mI (1600) heap_init: At 3FFE0440 len 0001FBC0 (126 KiB): D/IRAM[0m
[0;32mI (1606) heap_init: At 40078000 len 00008000 (32 KiB): IRAM[0m
[0;32mI (1612) heap_init: At 4009E084 len 00001F7C (7 KiB): IRAM[0m
[0;32mI (1618) heap_init: At 3FF80000 len 00002000 (8 KiB): RTCRAM[0m
[0;32mI (1625) esp_psram: Adding pool of 4096K of PSRAM memory to heap allocator[0m
[0;32mI (1634) spi_flash: detected chip: generic[0m
[0;32mI (1637) spi_flash: flash io: dio[0m
[0;33mW (1641) i2c: This driver is an old driver, please migrate your application code to adapt `driver/i2c_master.h`[0m
[0;32mI (1652) coexist: coex firmware version: dab85ae96[0m
[0;32mI (1658) main_task: Started on CPU0[0m
[0;32mI (1661) esp_psram: Reserving pool of 32K of internal memory for DMA/internal allocations[0m
[0;32mI (1670) main_task: Calling app_main()[0m
[0;32mI (1692) bridge_common: esp-iot-bridge version: 0.11.8[0m
I (1694) wifi:wifi driver task: 3ffbd654, prio:23, stack:6656, core=0
I (1697) wifi:wifi firmware version: 0caa81945
I (1697) wifi:wifi certification version: v7.0
I (1701) wifi:config NVS flash: enabled
I (1705) wifi:config nano formating: disabled
I (1709) wifi:Init data frame dynamic rx buffer num: 32
I (1714) wifi:Init static rx mgmt buffer num: 5
I (1718) wifi:Init management short buffer num: 32
I (1723) wifi:Init static tx buffer num: 16
I (1727) wifi:Init tx cache buffer num: 32
I (1731) wifi:Init static rx buffer size: 1600
I (1735) wifi:Init static rx buffer num: 10
I (1738) wifi:Init dynamic rx buffer num: 32
[0;32mI (1743) wifi_init: accept mbox: 6[0m
[0;32mI (1747) wifi_init: tcpip mbox: 32[0m
[0;32mI (1751) wifi_init: udp mbox: 6[0m
[0;32mI (1754) wifi_init: tcp mbox: 6[0m
[0;32mI (1758) wifi_init: tcp tx win: 5760[0m
[0;32mI (1763) wifi_init: tcp rx win: 5760[0m
[0;32mI (1767) wifi_init: tcp mss: 1440[0m
[0;32mI (1771) wifi_init: WiFi IRAM OP enabled[0m
[0;32mI (1775) wifi_init: WiFi RX IRAM OP enabled[0m
[0;32mI (1781) phy_init: phy_version 4830,54550f7,Jun 20 2024,14:22:08[0m
I (1844) wifi:mode : null
I (1847) wifi:mode : softAP (08:a6:f7:11:51:a9)
I (1849) wifi:Total power save buffer number: 8
I (1849) wifi:Init max length of beacon: 752/752
I (1851) wifi:Init max length of beacon: 752/752
[0;32mI (1858) esp_netif_lwip: DHCP server started on interface WIFI_AP_DEF with IP: 192.168.4.1[0m
Add netif ap with 61a7688(commit id)
[0;32mI (1867) bridge_common: netif list add success[0m
[0;32mI (1874) bridge_common: [WIFI_AP_DEF ][0m
[0;32mI (1878) bridge_common: Set ip info:192.168.5.1[0m
[0;32mI (1882) bridge_wifi: SoftAP IP network segment has changed, deauth all station[0m
I (1892) wifi:Disabled PMF config for SoftAP
I (1895) wifi:Total power save buffer number: 8
[0;32mI (1901) esp_netif_lwip: DHCP server started on interface WIFI_AP_DEF with IP: 192.168.5.1[0m
[0;32mI (1908) bridge_common: [WIFI_AP_DEF ]Name Server1: 114.114.114.114[0m
[0;32mI (1914) bridge_common: DHCPS Restart, deauth all station[0m
Add netif sta with 61a7688(commit id)
[0;32mI (1924) bridge_common: netif list add success[0m
I (1930) wifi:mode : sta (08:a6:f7:11:51:a8) + softAP (08:a6:f7:11:51:a9)
I (1936) wifi:enable tsf
[0;31mE (1940) NVS: Failed to read IP info from NVS[0m
I (1943) wifi:Disabled PMF config for STA
[0;32mI (1947) bridge_wifi: [esp_bridge_wifi_set_config] sta ssid: Xiaomi13T password: password[0m
[0;32mI (1956) bridge_wifi: [esp_bridge_wifi_set_config] softap ssid: ESP_Bridge_1151a9 password: 12345678[0m
I (2139) wifi:Total power save buffer number: 8
[0;32mI (2143) esp_netif_lwip: DHCP server started on interface WIFI_AP_DEF with IP: 192.168.5.1[0m
[0;32mI (2144) bridge_wifi: SoftAP config changed, deauth all station[0m
[0;32mI (2148) Mesh-Lite: esp-mesh-lite component version: 1.0.0[0m
I (2155) ESPNOW: espnow [version: 1.0] init
[0;32mI (2158) [vendor_ie]: Mesh-Lite commit id: bc9302d
 [0m
[0;32mI (2165) [vendor_ie]: Mesh ID: 77 [0m
[0;32mI (2170) [ESP_Mesh_Lite_Comm]: msg action add success [0m
[0;32mI (2176) [ESP_Mesh_Lite_Comm]: Bind Socket 54, port 6364 [0m
[0;32mI (2180) [ESP_Mesh_Lite_Comm]: Bind Socket 55, port 6363 [0m
[0;32mI (2186) [ESP_Mesh_Lite_Comm]: Bind Socket 56, port 6366 [0m
[0;32mI (2192) [ESP_Mesh_Lite_Comm]: Bind Socket 57, port 6365 [0m
[0;32mI (2199) [mesh-lite-espnow]: Start espnow task [0m
[0;33mW (2205) [vendor_ie]: [Unexpected restart]: the rtc data: temp_mesh_id:175, level:1, ssid:Xiaomi13T, bssid 00:00:00:00:00:00 [0m
[0;33mW (2215) [vendor_ie]: Try to connect the original parent node [0m
[0;32mI (2225) [vendor_ie]: esp_mesh_lite_wifi_connect return ESP_OK [0m
[0;31mE (2231) rc522: Read/write test failed[0m
I (2405) wifi:new:<1,1>, old:<1,1>, ap:<1,1>, sta:<1,0>, prof:1, snd_ch_cfg:0x0
I (2406) wifi:state: init -> auth (0xb0)
[0;32mI (2409) gpio: GPIO[15]| InputEn: 0| OutputEn: 0| OpenDrain: 0| Pullup: 1| Pulldown: 0| Intr:0 [0m
[0;32mI (2416) gpio: GPIO[25]| InputEn: 1| OutputEn: 0| OpenDrain: 0| Pullup: 1| Pulldown: 0| Intr:2 [0m
I (2417) wifi:state: auth -> assoc (0x0)
[0;32mI (2430) cam_hal: cam init ok[0m
[0;32mI (2433) sccb: pin_sda 26 pin_scl 27[0m
[0;32mI (2436) sccb: sccb_i2c_port=1[0m
I (2438) wifi:state: assoc -> run (0x10)
[0;32mI (2446) gpio: GPIO[32]| InputEn: 0| OutputEn: 1| OpenDrain: 0| Pullup: 0| Pulldown: 0| Intr:0 [0m
I (2465) wifi:connected with Xiaomi13T, aid = 3, channel 1, BW20, bssid = 96:d2:c4:85:39:18
I (2466) wifi:security: WPA2-PSK, phy: bgn, rssi: -85
I (2468) wifi:pm start, type: 1

I (2471) wifi:dp: 1, bi: 102400, li: 3, scale listen interval from 307200 us to 307200 us
I (2490) wifi:dp: 2, bi: 102400, li: 4, scale listen interval from 307200 us to 409600 us
I (2491) wifi:AP's beacon interval = 102400 us, DTIM period = 2
[0;32mI (2499) camera: Detected camera at address=0x30[0m
[0;32mI (2503) camera: Detected OV2640 camera[0m
[0;32mI (2505) camera: Camera PID=0x26 VER=0x42 MIDL=0x7f MIDH=0xa2[0m
[0;32mI (2509) bridge_common: [WIFI_AP_DEF ]Name Server1: 192.168.26.27[0m
Guru Meditation Error: Core  0 panic'ed (LoadProhibited). Exception was unhandled.

Core  0 register dump:
PC      : 0x400edd96  PS      : 0x00060930  A0      : 0x800ee1aa  A1      : 0x3ffe98c0  
A2      : 0x3ffe7dc0  A3      : 0x0000000d  A4      : 0x00000001  A5      : 0x3ffe98e6  
A6      : 0x00000002  A7      : 0x3ffe88c8  A8      : 0x00000000  A9      : 0x3ffe98b0  
A10     : 0x3ffe88c9  A11     : 0x3ffe98e7  A12     : 0x00000001  A13     : 0x3ffe88ca  
A14     : 0x00000007  A15     : 0x00000000  SAR     : 0x0000001d  EXCCAUSE: 0x0000001c  
EXCVADDR: 0x0000000c  LBEG    : 0x4008bb44  LEND    : 0x4008bb57  LCOUNT  : 0x00000000  


Backtrace: 0x400edd93:0x3ffe98c0 0x400ee1a7:0x3ffe98e0 0x400ee280:0x3ffe9910 0x400ee3cb:0x3ffe9940 0x4008fff5:0x3ffe9970




ELF file SHA256: 2b211b84e

Rebooting...
ets Jul 29 2019 12:21:46

rst:0xc (SW_CPU_RESET),boot:0x13 (SPI_FAST_FLASH_BOOT)
configsip: 0, SPIWP:0xee
clk_drv:0x00,q_drv:0x00,d_drv:0x00,cs0_drv:0x00,hd_drv:0x00,wp_drv:0x00
mode:DIO, clock div:2
load:0x3fff0030,len:7168
load:0x40078000,len:15452
load:0x40080400,len:4
load:0x40080404,len:3684
entry 0x40080614
[0;32mI (29) boot: ESP-IDF v5.3-dirty 2nd stage bootloader[0m
[0;32mI (29) boot: compile time Aug 17 2024 00:42:55[0m
[0;33mW (29) boot: Unicore bootloader[0m
[0;32mI (34) boot: chip revision: v3.1[0m
[0;32mI (37) boot.esp32: SPI Speed      : 40MHz[0m
[0;32mI (42) boot.esp32: SPI Mode       : DIO[0m
[0;32mI (47) boot.esp32: SPI Flash Size : 4MB[0m
[0;32mI (51) boot: Enabling RNG early entropy source...[0m
[0;32mI (57) boot: Partition Table:[0m
[0;32mI (60) boot: ## Label            Usage          Type ST Offset   Length[0m
[0;32mI (67) boot:  0 nvs              WiFi data        01 02 00009000 00004000[0m
[0;32mI (75) boot:  1 otadata          OTA data         01 00 0000d000 00002000[0m
[0;32mI (82) boot:  2 phy_init         RF data          01 01 0000f000 00001000[0m
[0;32mI (90) boot:  3 ota_0            OTA app          00 10 00010000 001e0000[0m
[0;32mI (97) boot:  4 ota_1            OTA app          00 11 001f0000 001e0000[0m
[0;32mI (105) boot:  5 coredump         Unknown data     01 03 003d0000 00010000[0m
[0;32mI (112) boot:  6 reserved         Unknown data     01 fe 003e0000 00020000[0m
[0;32mI (120) boot: End of partition table[0m
[0;32mI (124) esp_image: segment 0: paddr=00010020 vaddr=3f400020 size=30d2ch (199980) map[0m
[0;32mI (201) esp_image: segment 1: paddr=00040d54 vaddr=3ffbdb60 size=0607ch ( 24700) load[0m
[0;32mI (211) esp_image: segment 2: paddr=00046dd8 vaddr=40080000 size=09240h ( 37440) load[0m
[0;32mI (226) esp_image: segment 3: paddr=00050020 vaddr=400d0020 size=cb130h (831792) map[0m
[0;32mI (511) esp_image: segment 4: paddr=0011b158 vaddr=40089240 size=14e44h ( 85572) load[0m
[0;32mI (560) boot: Loaded app from partition at offset 0x10000[0m
[0;32mI (560) boot: Disabling RNG early entropy source...[0m
[0;32mI (572) quad_psram: This chip is ESP32-D0WD[0m
[0;32mI (572) esp_psram: Found 8MB PSRAM device[0m
[0;32mI (572) esp_psram: Speed: 40MHz[0m
[0;32mI (576) esp_psram: PSRAM initialized, cache is in normal (1-core) mode.[0m
[0;33mW (583) esp_psram: Virtual address not enough for PSRAM, map as much as we can. 4MB is mapped[0m
[0;32mI (592) cpu_start: Unicore app[0m
[0;32mI (596) cpu_start: Single core mode[0m
[0;32mI (1526) esp_psram: SPI SRAM memory test OK[0m
[0;32mI (1534) cpu_start: Pro cpu start user code[0m
[0;32mI (1534) cpu_start: cpu freq: 240000000 Hz[0m
[0;32mI (1534) app_init: Application information:[0m
[0;32mI (1537) app_init: Project name:     mesh_local_control[0m
[0;32mI (1543) app_init: App version:      61a7688-dirty[0m
[0;32mI (1548) app_init: Compile time:     Aug 17 2024 00:42:40[0m
[0;32mI (1554) app_init: ELF file SHA256:  2b211b84e...[0m
[0;32mI (1560) app_init: ESP-IDF:          v5.3-dirty[0m
[0;32mI (1565) efuse_init: Min chip rev:     v0.0[0m
[0;32mI (1570) efuse_init: Max chip rev:     v3.99 [0m
[0;32mI (1575) efuse_init: Chip rev:         v3.1[0m
[0;32mI (1580) heap_init: Initializing. RAM available for dynamic allocation:[0m
[0;32mI (1587) heap_init: At 3FFAE6E0 len 0000F480 (61 KiB): DRAM[0m
[0;32mI (1593) heap_init: At 3FFC8A00 len 00017600 (93 KiB): DRAM[0m
[0;32mI (1600) heap_init: At 3FFE0440 len 0001FBC0 (126 KiB): D/IRAM[0m
[0;32mI (1606) heap_init: At 40078000 len 00008000 (32 KiB): IRAM[0m
[0;32mI (1612) heap_init: At 4009E084 len 00001F7C (7 KiB): IRAM[0m
[0;32mI (1619) heap_init: At 3FF80000 len 00002000 (8 KiB): RTCRAM[0m
[0;32mI (1625) esp_psram: Adding pool of 4096K of PSRAM memory to heap allocator[0m
[0;32mI (1634) spi_flash: detected chip: generic[0m
[0;32mI (1637) spi_flash: flash io: dio[0m
[0;33mW (1641) i2c: This driver is an old driver, please migrate your application code to adapt `driver/i2c_master.h`[0m
[0;32mI (1652) coexist: coex firmware version: dab85ae96[0m
[0;32mI (1658) main_task: Started on CPU0[0m
[0;32mI (1661) esp_psram: Reserving pool of 32K of internal memory for DMA/internal allocations[0m
[0;32mI (1670) main_task: Calling app_main()[0m
[0;32mI (1692) bridge_common: esp-iot-bridge version: 0.11.8[0m
I (1694) wifi:wifi driver task: 3ffbd654, prio:23, stack:6656, core=0
I (1697) wifi:wifi firmware version: 0caa81945
I (1697) wifi:wifi certification version: v7.0
I (1701) wifi:config NVS flash: enabled
I (1705) wifi:config nano formating: disabled
I (1709) wifi:Init data frame dynamic rx buffer num: 32
I (1714) wifi:Init static rx mgmt buffer num: 5
I (1718) wifi:Init management short buffer num: 32
I (1723) wifi:Init static tx buffer num: 16
I (1727) wifi:Init tx cache buffer num: 32
I (1731) wifi:Init static rx buffer size: 1600
I (1735) wifi:Init static rx buffer num: 10
I (1738) wifi:Init dynamic rx buffer num: 32
[0;32mI (1743) wifi_init: accept mbox: 6[0m
[0;32mI (1747) wifi_init: tcpip mbox: 32[0m
[0;32mI (1751) wifi_init: udp mbox: 6[0m
[0;32mI (1754) wifi_init: tcp mbox: 6[0m
[0;32mI (1758) wifi_init: tcp tx win: 5760[0m
[0;32mI (1763) wifi_init: tcp rx win: 5760[0m
[0;32mI (1767) wifi_init: tcp mss: 1440[0m
[0;32mI (1771) wifi_init: WiFi IRAM OP enabled[0m
[0;32mI (1775) wifi_init: WiFi RX IRAM OP enabled[0m
[0;32mI (1781) phy_init: phy_version 4830,54550f7,Jun 20 2024,14:22:08[0m
I (1844) wifi:mode : null
I (1847) wifi:mode : softAP (08:a6:f7:11:51:a9)
I (1848) wifi:Total power save buffer number: 8
I (1849) wifi:Init max length of beacon: 752/752
I (1851) wifi:Init max length of beacon: 752/752
[0;32mI (1858) esp_netif_lwip: DHCP server started on interface WIFI_AP_DEF with IP: 192.168.4.1[0m
Add netif ap with 61a7688(commit id)
[0;32mI (1867) bridge_common: netif list add success[0m
[0;32mI (1874) bridge_common: [WIFI_AP_DEF ][0m
[0;32mI (1878) bridge_common: Set ip info:192.168.5.1[0m
[0;32mI (1882) bridge_wifi: SoftAP IP network segment has changed, deauth all station[0m
I (1892) wifi:Disabled PMF config for SoftAP
I (1895) wifi:Total power save buffer number: 8
[0;32mI (1901) esp_netif_lwip: DHCP server started on interface WIFI_AP_DEF with IP: 192.168.5.1[0m
[0;32mI (1908) bridge_common: [WIFI_AP_DEF ]Name Server1: 114.114.114.114[0m
[0;32mI (1914) bridge_common: DHCPS Restart, deauth all station[0m
Add netif sta with 61a7688(commit id)
[0;32mI (1924) bridge_common: netif list add success[0m
I (1929) wifi:mode : sta (08:a6:f7:11:51:a8) + softAP (08:a6:f7:11:51:a9)
I (1936) wifi:enable tsf
[0;31mE (1939) NVS: Failed to read IP info from NVS[0m
I (1943) wifi:Disabled PMF config for STA
[0;32mI (1946) bridge_wifi: [esp_bridge_wifi_set_config] sta ssid: Xiaomi13T password: password[0m
[0;32mI (1956) bridge_wifi: [esp_bridge_wifi_set_config] softap ssid: ESP_Bridge_1151a9 password: 12345678[0m
I (2139) wifi:Total power save buffer number: 8
[0;32mI (2143) esp_netif_lwip: DHCP server started on interface WIFI_AP_DEF with IP: 192.168.5.1[0m
[0;32mI (2144) bridge_wifi: SoftAP config changed, deauth all station[0m
[0;32mI (2148) Mesh-Lite: esp-mesh-lite component version: 1.0.0[0m
I (2155) ESPNOW: espnow [version: 1.0] init
[0;32mI (2158) [vendor_ie]: Mesh-Lite commit id: bc9302d
 [0m
[0;32mI (2165) [vendor_ie]: Mesh ID: 77 [0m
[0;32mI (2170) [ESP_Mesh_Lite_Comm]: msg action add success [0m
[0;32mI (2176) [ESP_Mesh_Lite_Comm]: Bind Socket 54, port 6364 [0m
[0;32mI (2180) [ESP_Mesh_Lite_Comm]: Bind Socket 55, port 6363 [0m
[0;32mI (2186) [ESP_Mesh_Lite_Comm]: Bind Socket 56, port 6366 [0m
[0;32mI (2192) [ESP_Mesh_Lite_Comm]: Bind Socket 57, port 6365 [0m
[0;32mI (2199) [mesh-lite-espnow]: Start espnow task [0m
[0;33mW (2205) [vendor_ie]: [Unexpected restart]: the rtc data: temp_mesh_id:175, level:1, ssid:Xiaomi13T, bssid 00:00:00:00:00:00 [0m
[0;33mW (2215) [vendor_ie]: Try to connect the original parent node [0m
[0;32mI (2225) [vendor_ie]: esp_mesh_lite_wifi_connect return ESP_OK [0m
I (2402) wifi:new:<1,1>, old:<1,1>, ap:<1,1>, sta:<1,0>, prof:1, snd_ch_cfg:0x0
I (2403) wifi:state: init -> auth (0xb0)
[0;31mE (2408) rc522: Read/write test failed[0m
[0;32mI (2408) gpio: GPIO[15]| InputEn: 0| OutputEn: 0| OpenDrain: 0| Pullup: 1| Pulldown: 0| Intr:0 [0m
I (2414) wifi:state: auth -> assoc (0x0)
[0;32mI (2421) gpio: GPIO[25]| InputEn: 1| OutputEn: 0| OpenDrain: 0| Pullup: 1| Pulldown: 0| Intr:2 [0m
[0;32mI (2430) cam_hal: cam init ok[0m
[0;32mI (2433) sccb: pin_sda 26 pin_scl 27[0m
[0;32mI (2437) sccb: sccb_i2c_port=1[0m
[0;32mI (2441) gpio: GPIO[32]| InputEn: 0| OutputEn: 1| OpenDrain: 0| Pullup: 0| Pulldown: 0| Intr:0 [0m
[0;32mI (2480) camera: Detected camera at address=0x30[0m
[0;32mI (2483) camera: Detected OV2640 camera[0m
[0;32mI (2484) camera: Camera PID=0x26 VER=0x42 MIDL=0x7f MIDH=0xa2[0m
Guru Meditation Error: Core  0 panic'ed (LoadProhibited). Exception was unhandled.

Core  0 register dump:
PC      : 0x400edd96  PS      : 0x00060b30  A0      : 0x800ee1aa  A1      : 0x3ffe9900  
A2      : 0x3ffe7dc0  A3      : 0x0000000d  A4      : 0x00000001  A5      : 0x3ffe9926  
A6      : 0x00000002  A7      : 0x3ffe88b4  A8      : 0x00000000  A9      : 0x3ffe98f0  
A10     : 0x3ffe88b5  A11     : 0x3ffe9927  A12     : 0x00000001  A13     : 0x3ffe88b6  
A14     : 0x00000007  A15     : 0x3f408c88  SAR     : 0x0000001c  EXCCAUSE: 0x0000001c  
EXCVADDR: 0x0000000c  LBEG    : 0x4008bb44  LEND    : 0x4008bb57  LCOUNT  : 0x00000000  


Backtrace: 0x400edd93:0x3ffe9900 0x400ee1a7:0x3ffe9920 0x400ee280:0x3ffe9950 0x400ee3cb:0x3ffe9980 0x4008fff5:0x3ffe99b0




ELF file SHA256: 2b211b84e

Rebooting...
ets Jul 29 2019 12:21:46

rst:0xc (SW_CPU_RESET),boot:0x13 (SPI_FAST_FLASH_BOOT)
configsip: 0, SPIWP:0xee
clk_drv:0x00,q_drv:0x00,d_drv:0x00,cs0_drv:0x00,hd_drv:0x00,wp_drv:0x00
mode:DIO, clock div:2
load:0x3fff0030,len:7168
load:0x40078000,len:15452
load:0x40080400,len:4
load:0x40080404,len:3684
entry 0x40080614
[0;32mI (29) boot: ESP-IDF v5.3-dirty 2nd stage bootloader[0m
[0;32mI (29) boot: compile time Aug 17 2024 00:42:55[0m
[0;33mW (29) boot: Unicore bootloader[0m
[0;32mI (34) boot: chip revision: v3.1[0m
[0;32mI (37) boot.esp32: SPI Speed      : 40MHz[0m
[0;32mI (42) boot.esp32: SPI Mode       : DIO[0m
[0;32mI (47) boot.esp32: SPI Flash Size : 4MB[0m
[0;32mI (51) boot: Enabling RNG early entropy source...[0m
[0;32mI (57) boot: Partition Table:[0m
[0;32mI (60) boot: ## Label            Usage          Type ST Offset   Length[0m
[0;32mI (67) boot:  0 nvs              WiFi data        01 02 00009000 00004000[0m
[0;32mI (75) boot:  1 otadata          OTA data         01 00 0000d000 00002000[0m
[0;32mI (82) boot:  2 phy_init         RF data          01 01 0000f000 00001000[0m
[0;32mI (90) boot:  3 ota_0            OTA app          00 10 00010000 001e0000[0m
[0;32mI (97) boot:  4 ota_1            OTA app          00 11 001f0000 001e0000[0m
[0;32mI (105) boot:  5 coredump         Unknown data     01 03 003d0000 00010000[0m
[0;32mI (112) boot:  6 reserved         Unknown data     01 fe 003e0000 00020000[0m
[0;32mI (120) boot: End of partition table[0m
[0;32mI (124) esp_image: segment 0: paddr=00010020 vaddr=3f400020 size=30d2ch (199980) map[0m
[0;32mI (201) esp_image: segment 1: paddr=00040d54 vaddr=3ffbdb60 size=0607ch ( 24700) load[0m
[0;32mI (211) esp_image: segment 2: paddr=00046dd8 vaddr=40080000 size=09240h ( 37440) load[0m
[0;32mI (226) esp_image: segment 3: paddr=00050020 vaddr=400d0020 size=cb130h (831792) map[0m
[0;32mI (511) esp_image: segment 4: paddr=0011b158 vaddr=40089240 size=14e44h ( 85572) load[0m
[0;32mI (560) boot: Loaded app from partition at offset 0x10000[0m
[0;32mI (560) boot: Disabling RNG early entropy source...[0m
[0;32mI (572) quad_psram: This chip is ESP32-D0WD[0m
[0;32mI (572) esp_psram: Found 8MB PSRAM device[0m
[0;32mI (572) esp_psram: Speed: 40MHz[0m
[0;32mI (576) esp_psram: PSRAM initialized, cache is in normal (1-core) mode.[0m
[0;33mW (583) esp_psram: Virtual address not enough for PSRAM, map as much as we can. 4MB is mapped[0m
[0;32mI (592) cpu_start: Unicore app[0m
[0;32mI (596) cpu_start: Single core mode[0m
[0;32mI (1526) esp_psram: SPI SRAM memory test OK[0m
[0;32mI (1534) cpu_start: Pro cpu start user code[0m
[0;32mI (1534) cpu_start: cpu freq: 240000000 Hz[0m
[0;32mI (1534) app_init: Application information:[0m
[0;32mI (1537) app_init: Project name:     mesh_local_control[0m
[0;32mI (1543) app_init: App version:      61a7688-dirty[0m
[0;32mI (1548) app_init: Compile time:     Aug 17 2024 00:42:40[0m
[0;32mI (1554) app_init: ELF file SHA256:  2b211b84e...[0m
[0;32mI (1560) app_init: ESP-IDF:          v5.3-dirty[0m
[0;32mI (1565) efuse_init: Min chip rev:     v0.0[0m
[0;32mI (1570) efuse_init: Max chip rev:     v3.99 [0m
[0;32mI (1575) efuse_init: Chip rev:         v3.1[0m
[0;32mI (1580) heap_init: Initializing. RAM available for dynamic allocation:[0m
[0;32mI (1587) heap_init: At 3FFAE6E0 len 0000F480 (61 KiB): DRAM[0m
[0;32mI (1593) heap_init: At 3FFC8A00 len 00017600 (93 KiB): DRAM[0m
[0;32mI (1600) heap_init: At 3FFE0440 len 0001FBC0 (126 KiB): D/IRAM[0m
[0;32mI (1606) heap_init: At 40078000 len 00008000 (32 KiB): IRAM[0m
[0;32mI (1612) heap_init: At 4009E084 len 00001F7C (7 KiB): IRAM[0m
[0;32mI (1618) heap_init: At 3FF80000 len 00002000 (8 KiB): RTCRAM[0m
[0;32mI (1625) esp_psram: Adding pool of 4096K of PSRAM memory to heap allocator[0m
[0;32mI (1634) spi_flash: detected chip: generic[0m
[0;32mI (1637) spi_flash: flash io: dio[0m
[0;33mW (1641) i2c: This driver is an old driver, please migrate your application code to adapt `driver/i2c_master.h`[0m
[0;32mI (1652) coexist: coex firmware version: dab85ae96[0m
[0;32mI (1658) main_task: Started on CPU0[0m
[0;32mI (1661) esp_psram: Reserving pool of 32K of internal memory for DMA/internal allocations[0m
[0;32mI (1670) main_task: Calling app_main()[0m
[0;32mI (1692) bridge_common: esp-iot-bridge version: 0.11.8[0m
I (1694) wifi:wifi driver task: 3ffbd654, prio:23, stack:6656, core=0
I (1697) wifi:wifi firmware version: 0caa81945
I (1697) wifi:wifi certification version: v7.0
I (1701) wifi:config NVS flash: enabled
I (1705) wifi:config nano formating: disabled
I (1709) wifi:Init data frame dynamic rx buffer num: 32
I (1714) wifi:Init static rx mgmt buffer num: 5
I (1718) wifi:Init management short buffer num: 32
I (1723) wifi:Init static tx buffer num: 16
I (1727) wifi:Init tx cache buffer num: 32
I (1731) wifi:Init static rx buffer size: 1600
I (1735) wifi:Init static rx buffer num: 10
I (1738) wifi:Init dynamic rx buffer num: 32
[0;32mI (1743) wifi_init: accept mbox: 6[0m
[0;32mI (1747) wifi_init: tcpip mbox: 32[0m
[0;32mI (1751) wifi_init: udp mbox: 6[0m
[0;32mI (1754) wifi_init: tcp mbox: 6[0m
[0;32mI (1758) wifi_init: tcp tx win: 5760[0m
[0;32mI (1763) wifi_init: tcp rx win: 5760[0m
[0;32mI (1767) wifi_init: tcp mss: 1440[0m
[0;32mI (1771) wifi_init: WiFi IRAM OP enabled[0m
[0;32mI (1775) wifi_init: WiFi RX IRAM OP enabled[0m
[0;32mI (1781) phy_init: phy_version 4830,54550f7,Jun 20 2024,14:22:08[0m
I (1844) wifi:mode : null
I (1847) wifi:mode : softAP (08:a6:f7:11:51:a9)
I (1849) wifi:Total power save buffer number: 8
I (1849) wifi:Init max length of beacon: 752/752
I (1852) wifi:Init max length of beacon: 752/752
[0;32mI (1858) esp_netif_lwip: DHCP server started on interface WIFI_AP_DEF with IP: 192.168.4.1[0m
Add netif ap with 61a7688(commit id)
[0;32mI (1868) bridge_common: netif list add success[0m
[0;32mI (1874) bridge_common: [WIFI_AP_DEF ][0m
[0;32mI (1879) bridge_common: Set ip info:192.168.5.1[0m
[0;32mI (1883) bridge_wifi: SoftAP IP network segment has changed, deauth all station[0m
I (1893) wifi:Disabled PMF config for SoftAP
I (1896) wifi:Total power save buffer number: 8
[0;32mI (1902) esp_netif_lwip: DHCP server started on interface WIFI_AP_DEF with IP: 192.168.5.1[0m
[0;32mI (1908) bridge_common: [WIFI_AP_DEF ]Name Server1: 114.114.114.114[0m
[0;32mI (1915) bridge_common: DHCPS Restart, deauth all station[0m
Add netif sta with 61a7688(commit id)
[0;32mI (1924) bridge_common: netif list add success[0m
I (1930) wifi:mode : sta (08:a6:f7:11:51:a8) + softAP (08:a6:f7:11:51:a9)
I (1936) wifi:enable tsf
[0;31mE (1940) NVS: Failed to read IP info from NVS[0m
I (1944) wifi:Disabled PMF config for STA
[0;32mI (1947) bridge_wifi: [esp_bridge_wifi_set_config] sta ssid: Xiaomi13T password: password[0m
[0;32mI (1956) bridge_wifi: [esp_bridge_wifi_set_config] softap ssid: ESP_Bridge_1151a9 password: 12345678[0m
I (2139) wifi:Total power save buffer number: 8
[0;32mI (2143) esp_netif_lwip: DHCP server started on interface WIFI_AP_DEF with IP: 192.168.5.1[0m
[0;32mI (2145) bridge_wifi: SoftAP config changed, deauth all station[0m
[0;32mI (2149) Mesh-Lite: esp-mesh-lite component version: 1.0.0[0m
I (2155) ESPNOW: espnow [version: 1.0] init
[0;32mI (2159) [vendor_ie]: Mesh-Lite commit id: bc9302d
 [0m
[0;32mI (2165) [vendor_ie]: Mesh ID: 77 [0m
[0;32mI (2171) [ESP_Mesh_Lite_Comm]: msg action add success [0m
[0;32mI (2176) [ESP_Mesh_Lite_Comm]: Bind Socket 54, port 6364 [0m
[0;32mI (2181) [ESP_Mesh_Lite_Comm]: Bind Socket 55, port 6363 [0m
[0;32mI (2187) [ESP_Mesh_Lite_Comm]: Bind Socket 56, port 6366 [0m
[0;32mI (2193) [ESP_Mesh_Lite_Comm]: Bind Socket 57, port 6365 [0m
[0;32mI (2199) [mesh-lite-espnow]: Start espnow task [0m
[0;33mW (2205) [vendor_ie]: [Unexpected restart]: the rtc data: temp_mesh_id:175, level:1, ssid:Xiaomi13T, bssid 00:00:00:00:00:00 [0m
[0;33mW (2216) [vendor_ie]: Try to connect the original parent node [0m
[0;32mI (2225) [vendor_ie]: esp_mesh_lite_wifi_connect return ESP_OK [0m
I (2403) wifi:new:<1,1>, old:<1,1>, ap:<1,1>, sta:<1,0>, prof:1, snd_ch_cfg:0x0
I (2404) wifi:state: init -> auth (0xb0)
[0;31mE (2408) rc522: Read/write test failed[0m
[0;32mI (2409) gpio: GPIO[15]| InputEn: 0| OutputEn: 0| OpenDrain: 0| Pullup: 1| Pulldown: 0| Intr:0 [0m
I (2413) wifi:state: auth -> assoc (0x0)
[0;32mI (2423) gpio: GPIO[25]| InputEn: 1| OutputEn: 0| OpenDrain: 0| Pullup: 1| Pulldown: 0| Intr:2 [0m
[0;32mI (2431) cam_hal: cam init ok[0m
I (2435) wifi:state: assoc -> run (0x10)
[0;32mI (2440) sccb: pin_sda 26 pin_scl 27[0m
[0;32mI (2442) sccb: sccb_i2c_port=1[0m
[0;32mI (2449) gpio: GPIO[32]| InputEn: 0| OutputEn: 1| OpenDrain: 0| Pullup: 0| Pulldown: 0| Intr:0 [0m
I (2455) wifi:connected with Xiaomi13T, aid = 3, channel 1, BW20, bssid = 96:d2:c4:85:39:18
I (2463) wifi:security: WPA2-PSK, phy: bgn, rssi: -83
I (2468) wifi:pm start, type: 1

I (2471) wifi:dp: 1, bi: 102400, li: 3, scale listen interval from 307200 us to 307200 us
[0;32mI (2501) bridge_common: [WIFI_AP_DEF ]Name Server1: 192.168.26.27[0m
Guru Meditation Error: Core  0 panic'ed (LoadProhibited). Exception was unhandled.

Core  0 register dump:
PC      : 0x400edd96  PS      : 0x00060330  A0      : 0x800ee1aa  A1      : 0x3ffe9900  
A2      : 0x3ffe7dc0  A3      : 0x0000000d  A4      : 0x00000001  A5      : 0x3ffe9926  
A6      : 0x00000002  A7      : 0x3ffe88c8  A8      : 0x00000000  A9      : 0x3ffe98f0  
A10     : 0x3ffe88c9  A11     : 0x3ffe9927  A12     : 0x00000001  A13     : 0x3ffe88ca  
A14     : 0x00000007  A15     : 0x3f408c88  SAR     : 0x0000001d  EXCCAUSE: 0x0000001c  
EXCVADDR: 0x0000000c  LBEG    : 0x4008bb44  LEND    : 0x4008bb57  LCOUNT  : 0x00000000  


Backtrace: 0x400edd93:0x3ffe9900 0x400ee1a7:0x3ffe9920 0x400ee280:0x3ffe9950 0x400ee3cb:0x3ffe9980 0x4008fff5:0x3ffe99b0




ELF file SHA256: 2b211b84e

Rebooting...
ets Jul 29 2019 12:21:46

rst:0xc (SW_CPU_RESET),boot:0x13 (SPI_FAST_FLASH_BOOT)
configsip: 0, SPIWP:0xee
clk_drv:0x00,q_drv:0x00,d_drv:0x00,cs0_drv:0x00,hd_drv:0x00,wp_drv:0x00
mode:DIO, clock div:2
load:0x3fff0030,len:7168
load:0x40078000,len:15452
load:0x40080400,len:4
load:0x40080404,len:3684
entry 0x40080614
[0;32mI (29) boot: ESP-IDF v5.3-dirty 2nd stage bootloader[0m
[0;32mI (29) boot: compile time Aug 17 2024 00:42:55[0m
[0;33mW (29) boot: Unicore bootloader[0m
[0;32mI (34) boot: chip revision: v3.1[0m
[0;32mI (37) boot.esp32: SPI Speed      : 40MHz[0m
[0;32mI (42) boot.esp32: SPI Mode       : DIO[0m
[0;32mI (47) boot.esp32: SPI Flash Size : 4MB[0m
[0;32mI (51) boot: Enabling RNG early entropy source...[0m
[0;32mI (57) boot: Partition Table:[0m
[0;32mI (60) boot: ## Label            Usage          Type ST Offset   Length[0m
[0;32mI (67) boot:  0 nvs              WiFi data        01 02 00009000 00004000[0m
[0;32mI (75) boot:  1 otadata          OTA data         01 00 0000d000 00002000[0m
[0;32mI (82) boot:  2 phy_init         RF data          01 01 0000f000 00001000[0m
[0;32mI (90) boot:  3 ota_0            OTA app          00 10 00010000 001e0000[0m
[0;32mI (97) boot:  4 ota_1            OTA app          00 11 001f0000 001e0000[0m
[0;32mI (105) boot:  5 coredump         Unknown data     01 03 003d0000 00010000[0m
[0;32mI (112) boot:  6 reserved         Unknown data     01 fe 003e0000 00020000[0m
[0;32mI (120) boot: End of partition table[0m
[0;32mI (124) esp_image: segment 0: paddr=00010020 vaddr=3f400020 size=30d2ch (199980) map[0m
[0;32mI (201) esp_image: segment 1: paddr=00040d54 vaddr=3ffbdb60 size=0607ch ( 24700) load[0m
[0;32mI (211) esp_image: segment 2: paddr=00046dd8 vaddr=40080000 size=09240h ( 37440) load[0m
[0;32mI (226) esp_image: segment 3: paddr=00050020 vaddr=400d0020 size=cb130h (831792) map[0m
[0;32mI (511) esp_image: segment 4: paddr=0011b158 vaddr=40089240 size=14e44h ( 85572) load[0m
[0;32mI (560) boot: Loaded app from partition at offset 0x10000[0m
[0;32mI (560) boot: Disabling RNG early entropy source...[0m
[0;32mI (572) quad_psram: This chip is ESP32-D0WD[0m
[0;32mI (572) esp_psram: Found 8MB PSRAM device[0m
[0;32mI (572) esp_psram: Speed: 40MHz[0m
[0;32mI (576) esp_psram: PSRAM initialized, cache is in normal (1-core) mode.[0m
[0;33mW (583) esp_psram: Virtual address not enough for PSRAM, map as much as we can. 4MB is mapped[0m
[0;32mI (592) cpu_start: Unicore app[0m
[0;32mI (596) cpu_start: Single core mode[0m
[0;32mI (1526) esp_psram: SPI SRAM memory test OK[0m
[0;32mI (1534) cpu_start: Pro cpu start user code[0m
[0;32mI (1534) cpu_start: cpu freq: 240000000 Hz[0m
[0;32mI (1534) app_init: Application information:[0m
[0;32mI (1537) app_init: Project name:     mesh_local_control[0m
[0;32mI (1543) app_init: App version:      61a7688-dirty[0m
[0;32mI (1548) app_init: Compile time:     Aug 17 2024 00:42:40[0m
[0;32mI (1554) app_init: ELF file SHA256:  2b211b84e...[0m
[0;32mI (1560) app_init: ESP-IDF:          v5.3-dirty[0m
[0;32mI (1565) efuse_init: Min chip rev:     v0.0[0m
[0;32mI (1570) efuse_init: Max chip rev:     v3.99 [0m
[0;32mI (1575) efuse_init: Chip rev:         v3.1[0m
[0;32mI (1580) heap_init: Initializing. RAM available for dynamic allocation:[0m
[0;32mI (1587) heap_init: At 3FFAE6E0 len 0000F480 (61 KiB): DRAM[0m
[0;32mI (1593) heap_init: At 3FFC8A00 len 00017600 (93 KiB): DRAM[0m
[0;32mI (1600) heap_init: At 3FFE0440 len 0001FBC0 (126 KiB): D/IRAM[0m
[0;32mI (1606) heap_init: At 40078000 len 00008000 (32 KiB): IRAM[0m
[0;32mI (1612) heap_init: At 4009E084 len 00001F7C (7 KiB): IRAM[0m
[0;32mI (1618) heap_init: At 3FF80000 len 00002000 (8 KiB): RTCRAM[0m
[0;32mI (1625) esp_psram: Adding pool of 4096K of PSRAM memory to heap allocator[0m
[0;32mI (1634) spi_flash: detected chip: generic[0m
[0;32mI (1637) spi_flash: flash io: dio[0m
[0;33mW (1641) i2c: This driver is an old driver, please migrate your application code to adapt `driver/i2c_master.h`[0m
[0;32mI (1652) coexist: coex firmware version: dab85ae96[0m
[0;32mI (1658) main_task: Started on CPU0[0m
[0;32mI (1661) esp_psram: Reserving pool of 32K of internal memory for DMA/internal allocations[0m
[0;32mI (1670) main_task: Calling app_main()[0m
[0;32mI (1692) bridge_common: esp-iot-bridge version: 0.11.8[0m
I (1694) wifi:wifi driver task: 3ffbd654, prio:23, stack:6656, core=0
I (1697) wifi:wifi firmware version: 0caa81945
I (1697) wifi:wifi certification version: v7.0
I (1701) wifi:config NVS flash: enabled
I (1705) wifi:config nano formating: disabled
I (1709) wifi:Init data frame dynamic rx buffer num: 32
I (1714) wifi:Init static rx mgmt buffer num: 5
I (1718) wifi:Init management short buffer num: 32
I (1723) wifi:Init static tx buffer num: 16
I (1727) wifi:Init tx cache buffer num: 32
I (1731) wifi:Init static rx buffer size: 1600
I (1735) wifi:Init static rx buffer num: 10
I (1738) wifi:Init dynamic rx buffer num: 32
[0;32mI (1743) wifi_init: accept mbox: 6[0m
[0;32mI (1747) wifi_init: tcpip mbox: 32[0m
[0;32mI (1751) wifi_init: udp mbox: 6[0m
[0;32mI (1754) wifi_init: tcp mbox: 6[0m
[0;32mI (1758) wifi_init: tcp tx win: 5760[0m
[0;32mI (1763) wifi_init: tcp rx win: 5760[0m
[0;32mI (1767) wifi_init: tcp mss: 1440[0m
[0;32mI (1771) wifi_init: WiFi IRAM OP enabled[0m
[0;32mI (1775) wifi_init: WiFi RX IRAM OP enabled[0m
[0;32mI (1781) phy_init: phy_version 4830,54550f7,Jun 20 2024,14:22:08[0m
I (1845) wifi:mode : null
I (1848) wifi:mode : softAP (08:a6:f7:11:51:a9)
I (1849) wifi:Total power save buffer number: 8
I (1850) wifi:Init max length of beacon: 752/752
I (1852) wifi:Init max length of beacon: 752/752
[0;32mI (1859) esp_netif_lwip: DHCP server started on interface WIFI_AP_DEF with IP: 192.168.4.1[0m
Add netif ap with 61a7688(commit id)
[0;32mI (1868) bridge_common: netif list add success[0m
[0;32mI (1875) bridge_common: [WIFI_AP_DEF ][0m
[0;32mI (1879) bridge_common: Set ip info:192.168.5.1[0m
[0;32mI (1883) bridge_wifi: SoftAP IP network segment has changed, deauth all station[0m
I (1893) wifi:Disabled PMF config for SoftAP
I (1896) wifi:Total power save buffer number: 8
[0;32mI (1902) esp_netif_lwip: DHCP server started on interface WIFI_AP_DEF with IP: 192.168.5.1[0m
[0;32mI (1909) bridge_common: [WIFI_AP_DEF ]Name Server1: 114.114.114.114[0m
[0;32mI (1915) bridge_common: DHCPS Restart, deauth all station[0m
Add netif sta with 61a7688(commit id)
[0;32mI (1925) bridge_common: netif list add success[0m
I (1930) wifi:mode : sta (08:a6:f7:11:51:a8) + softAP (08:a6:f7:11:51:a9)
I (1937) wifi:enable tsf
[0;31mE (1940) NVS: Failed to read IP info from NVS[0m
I (1944) wifi:Disabled PMF config for STA
[0;32mI (1947) bridge_wifi: [esp_bridge_wifi_set_config] sta ssid: Xiaomi13T password: password[0m
[0;32mI (1957) bridge_wifi: [esp_bridge_wifi_set_config] softap ssid: ESP_Bridge_1151a9 password: 12345678[0m
I (2140) wifi:Total power save buffer number: 8
[0;32mI (2144) esp_netif_lwip: DHCP server started on interface WIFI_AP_DEF with IP: 192.168.5.1[0m
[0;32mI (2145) bridge_wifi: SoftAP config changed, deauth all station[0m
[0;32mI (2149) Mesh-Lite: esp-mesh-lite component version: 1.0.0[0m
I (2156) ESPNOW: espnow [version: 1.0] init
[0;32mI (2159) [vendor_ie]: Mesh-Lite commit id: bc9302d
 [0m
[0;32mI (2166) [vendor_ie]: Mesh ID: 77 [0m
[0;32mI (2171) [ESP_Mesh_Lite_Comm]: msg action add success [0m
[0;32mI (2177) [ESP_Mesh_Lite_Comm]: Bind Socket 54, port 6364 [0m
[0;32mI (2181) [ESP_Mesh_Lite_Comm]: Bind Socket 55, port 6363 [0m
[0;32mI (2187) [ESP_Mesh_Lite_Comm]: Bind Socket 56, port 6366 [0m
[0;32mI (2193) [ESP_Mesh_Lite_Comm]: Bind Socket 57, port 6365 [0m
[0;32mI (2200) [mesh-lite-espnow]: Start espnow task [0m
[0;33mW (2206) [vendor_ie]: [Unexpected restart]: the rtc data: temp_mesh_id:175, level:1, ssid:Xiaomi13T, bssid 00:00:00:00:00:00 [0m
[0;33mW (2216) [vendor_ie]: Try to connect the original parent node [0m
[0;32mI (2226) [vendor_ie]: esp_mesh_lite_wifi_connect return ESP_OK [0m
I (2403) wifi:new:<1,1>, old:<1,1>, ap:<1,1>, sta:<1,0>, prof:1, snd_ch_cfg:0x0
I (2404) wifi:state: init -> auth (0xb0)
[0;31mE (2408) rc522: Read/write test failed[0m
[0;32mI (2409) gpio: GPIO[15]| InputEn: 0| OutputEn: 0| OpenDrain: 0| Pullup: 1| Pulldown: 0| Intr:0 [0m
[0;32mI (2418) gpio: GPIO[25]| InputEn: 1| OutputEn: 0| OpenDrain: 0| Pullup: 1| Pulldown: 0| Intr:2 [0m
I (2418) wifi:state: auth -> assoc (0x0)
[0;32mI (2432) cam_hal: cam init ok[0m
[0;32mI (2435) sccb: pin_sda 26 pin_scl 27[0m
[0;32mI (2438) sccb: sccb_i2c_port=1[0m
[0;32mI (2443) gpio: GPIO[32]| InputEn: 0| OutputEn: 1| OpenDrain: 0| Pullup: 0| Pulldown: 0| Intr:0 [0m
[0;32mI (2481) camera: Detected camera at address=0x30[0m
[0;32mI (2485) camera: Detected OV2640 camera[0m
[0;32mI (2485) camera: Camera PID=0x26 VER=0x42 MIDL=0x7f MIDH=0xa2[0m
Guru Meditation Error: Core  0 panic'ed (LoadProhibited). Exception was unhandled.

Core  0 register dump:
PC      : 0x400edd96  PS      : 0x00060530  A0      : 0x800ee1aa  A1      : 0x3ffe9900  
A2      : 0x3ffe7dc0  A3      : 0x0000000d  A4      : 0x00000001  A5      : 0x3ffe9926  
A6      : 0x00000002  A7      : 0x3ffe88b4  A8      : 0x00000000  A9      : 0x3ffe98f0  
A10     : 0x3ffe88b5  A11     : 0x3ffe9927  A12     : 0x00000001  A13     : 0x3ffe88b6  
A14     : 0x00000007  A15     : 0x3f408c88  SAR     : 0x0000001c  EXCCAUSE: 0x0000001c  
EXCVADDR: 0x0000000c  LBEG    : 0x4008bb44  LEND    : 0x4008bb57  LCOUNT  : 0x00000000  


Backtrace: 0x400edd93:0x3ffe9900 0x400ee1a7:0x3ffe9920 0x400ee280:0x3ffe9950 0x400ee3cb:0x3ffe9980 0x4008fff5:0x3ffe99b0




ELF file SHA256: 2b211b84e

Rebooting...
ets Jul 29 2019 12:21:46

rst:0xc (SW_CPU_RESET),boot:0x13 (SPI_FAST_FLASH_BOOT)
configsip: 0, SPIWP:0xee
clk_drv:0x00,q_drv:0x00,d_drv:0x00,cs0_drv:0x00,hd_drv:0x00,wp_drv:0x00
mode:DIO, clock div:2
load:0x3fff0030,len:7168
load:0x40078000,len:15452
load:0x40080400,len:4
load:0x40080404,len:3684
entry 0x40080614
[0;32mI (29) boot: ESP-IDF v5.3-dirty 2nd stage bootloader[0m
[0;32mI (29) boot: compile time Aug 17 2024 00:42:55[0m
[0;33mW (29) boot: Unicore bootloader[0m
[0;32mI (34) boot: chip revision: v3.1[0m
[0;32mI (37) boot.esp32: SPI Speed      : 40MHz[0m
[0;32mI (42) boot.esp32: SPI Mode       : DIO[0m
[0;32mI (47) boot.esp32: SPI Flash Size : 4MB[0m
[0;32mI (51) boot: Enabling RNG early entropy source...[0m
[0;32mI (57) boot: Partition Table:[0m
[0;32mI (60) boot: ## Label            Usage          Type ST Offset   Length[0m
[0;32mI (67) boot:  0 nvs              WiFi data        01 02 00009000 00004000[0m
[0;32mI (75) boot:  1 otadata          OTA data         01 00 0000d000 00002000[0m
[0;32mI (82) boot:  2 phy_init         RF data          01 01 0000f000 00001000[0m
[0;32mI (90) boot:  3 ota_0            OTA app          00 10 00010000 001e0000[0m
[0;32mI (97) boot:  4 ota_1            OTA app          00 11 001f0000 001e0000[0m
[0;32mI (105) boot:  5 coredump         Unknown data     01 03 003d0000 00010000[0m
[0;32mI (112) boot:  6 reserved         Unknown data     01 fe 003e0000 00020000[0m
[0;32mI (120) boot: End of partition table[0m
[0;32mI (124) esp_image: segment 0: paddr=00010020 vaddr=3f400020 size=30d2ch (199980) map[0m
[0;32mI (201) esp_image: segment 1: paddr=00040d54 vaddr=3ffbdb60 size=0607ch ( 24700) load[0m
[0;32mI (211) esp_image: segment 2: paddr=00046dd8 vaddr=40080000 size=09240h ( 37440) load[0m
[0;32mI (226) esp_image: segment 3: paddr=00050020 vaddr=400d0020 size=cb130h (831792) map[0m
[0;32mI (511) esp_image: segment 4: paddr=0011b158 vaddr=40089240 size=14e44h ( 85572) load[0m
[0;32mI (560) boot: Loaded app from partition at offset 0x10000[0m
[0;32mI (560) boot: Disabling RNG early entropy source...[0m
[0;32mI (572) quad_psram: This chip is ESP32-D0WD[0m
[0;32mI (572) esp_psram: Found 8MB PSRAM device[0m
[0;32mI (572) esp_psram: Speed: 40MHz[0m
[0;32mI (576) esp_psram: PSRAM initialized, cache is in normal (1-core) mode.[0m
[0;33mW (583) esp_psram: Virtual address not enough for PSRAM, map as much as we can. 4MB is mapped[0m
[0;32mI (592) cpu_start: Unicore app[0m
[0;32mI (596) cpu_start: Single core mode[0m
