ets Jul 29 2019 12:21:46

rst:0x1 (POWERON_RESET),boot:0x13 (SPI_FAST_FLASH_BOOT)
configsip: 0, SPIWP:0xee
clk_drv:0x00,q_drv:0x00,d_drv:0x00,cs0_drv:0x00,hd_drv:0x00,wp_drv:0x00
mode:DIO, clock div:2
load:0x3fff0030,len:7168
load:0x40078000,len:15452
load:0x40080400,len:4
load:0x40080404,len:3684
entry 0x40080614
[0;32mI (29) boot: ESP-IDF v5.3-dirty 2nd stage bootloader[0m
[0;32mI (29) boot: compile time Aug 17 2024 00:42:55[0m
[0;33mW (29) boot: Unicore bootloader[0m
[0;32mI (34) boot: chip revision: v3.1[0m
[0;32mI (38) boot.esp32: SPI Speed      : 40MHz[0m
[0;32mI (42) boot.esp32: SPI Mode       : DIO[0m
[0;32mI (47) boot.esp32: SPI Flash Size : 4MB[0m
[0;32mI (51) boot: Enabling RNG early entropy source...[0m
[0;32mI (57) boot: Partition Table:[0m
[0;32mI (60) boot: ## Label            Usage          Type ST Offset   Length[0m
[0;32mI (68) boot:  0 nvs              WiFi data        01 02 00009000 00004000[0m
[0;32mI (75) boot:  1 otadata          OTA data         01 00 0000d000 00002000[0m
[0;32mI (82) boot:  2 phy_init         RF data          01 01 0000f000 00001000[0m
[0;32mI (90) boot:  3 ota_0            OTA app          00 10 00010000 001e0000[0m
[0;32mI (97) boot:  4 ota_1            OTA app          00 11 001f0000 001e0000[0m
[0;32mI (105) boot:  5 coredump         Unknown data     01 03 003d0000 00010000[0m
[0;32mI (112) boot:  6 reserved         Unknown data     01 fe 003e0000 00020000[0m
[0;32mI (120) boot: End of partition table[0m
[0;32mI (124) boot: No factory image, trying OTA 0[0m
[0;32mI (129) esp_image: segment 0: paddr=00010020 vaddr=3f400020 size=30cbch (199868) map[0m
[0;32mI (206) esp_image: segment 1: paddr=00040ce4 vaddr=3ffbdb60 size=0608ch ( 24716) load[0m
[0;32mI (216) esp_image: segment 2: paddr=00046d78 vaddr=40080000 size=092a0h ( 37536) load[0m
[0;32mI (231) esp_image: segment 3: paddr=00050020 vaddr=400d0020 size=cb034h (831540) map[0m
[0;32mI (516) esp_image: segment 4: paddr=0011b05c vaddr=400892a0 size=14f10h ( 85776) load[0m
[0;32mI (565) boot: Loaded app from partition at offset 0x10000[0m
[0;32mI (569) boot: Set actual ota_seq=1 in otadata[0][0m
[0;32mI (569) boot: Disabling RNG early entropy source...[0m
[0;32mI (582) quad_psram: This chip is ESP32-D0WD[0m
[0;32mI (583) esp_psram: Found 8MB PSRAM device[0m
[0;32mI (583) esp_psram: Speed: 40MHz[0m
[0;32mI (586) esp_psram: PSRAM initialized, cache is in normal (1-core) mode.[0m
[0;33mW (594) esp_psram: Virtual address not enough for PSRAM, map as much as we can. 4MB is mapped[0m
[0;32mI (603) cpu_start: Unicore app[0m
[0;32mI (606) cpu_start: Single core mode[0m
[0;32mI (1536) esp_psram: SPI SRAM memory test OK[0m
[0;32mI (1544) cpu_start: Pro cpu start user code[0m
[0;32mI (1544) cpu_start: cpu freq: 240000000 Hz[0m
[0;32mI (1544) app_init: Application information:[0m
[0;32mI (1547) app_init: Project name:     mesh_local_control[0m
[0;32mI (1553) app_init: App version:      d09847c-dirty[0m
[0;32mI (1559) app_init: Compile time:     Aug 17 2024 10:43:49[0m
[0;32mI (1565) app_init: ELF file SHA256:  78f40f0e4...[0m
[0;32mI (1570) app_init: ESP-IDF:          v5.3-dirty[0m
[0;32mI (1575) efuse_init: Min chip rev:     v0.0[0m
[0;32mI (1580) efuse_init: Max chip rev:     v3.99 [0m
[0;32mI (1585) efuse_init: Chip rev:         v3.1[0m
[0;32mI (1591) heap_init: Initializing. RAM available for dynamic allocation:[0m
[0;32mI (1598) heap_init: At 3FFAE6E0 len 0000F480 (61 KiB): DRAM[0m
[0;32mI (1604) heap_init: At 3FFC8A18 len 000175E8 (93 KiB): DRAM[0m
[0;32mI (1610) heap_init: At 3FFE0440 len 0001FBC0 (126 KiB): D/IRAM[0m
[0;32mI (1616) heap_init: At 40078000 len 00008000 (32 KiB): IRAM[0m
[0;32mI (1623) heap_init: At 4009E1B0 len 00001E50 (7 KiB): IRAM[0m
[0;32mI (1629) heap_init: At 3FF80000 len 00002000 (8 KiB): RTCRAM[0m
[0;32mI (1636) esp_psram: Adding pool of 4096K of PSRAM memory to heap allocator[0m
[0;32mI (1644) spi_flash: detected chip: generic[0m
[0;32mI (1647) spi_flash: flash io: dio[0m
[0;33mW (1652) i2c: This driver is an old driver, please migrate your application code to adapt `driver/i2c_master.h`[0m
[0;32mI (1663) coexist: coex firmware version: dab85ae96[0m
[0;32mI (1668) main_task: Started on CPU0[0m
[0;32mI (1671) esp_psram: Reserving pool of 32K of internal memory for DMA/internal allocations[0m
[0;32mI (1680) main_task: Calling app_main()[0m
[0;32mI (1699) bridge_common: esp-iot-bridge version: 0.11.8[0m
I (1703) wifi:wifi driver task: 3ffbd5e0, prio:23, stack:6656, core=0
I (1706) wifi:wifi firmware version: 0caa81945
I (1707) wifi:wifi certification version: v7.0
I (1709) wifi:config NVS flash: enabled
I (1713) wifi:config nano formating: disabled
I (1717) wifi:Init data frame dynamic rx buffer num: 32
I (1722) wifi:Init static rx mgmt buffer num: 5
I (1726) wifi:Init management short buffer num: 32
I (1731) wifi:Init static tx buffer num: 16
I (1735) wifi:Init tx cache buffer num: 32
I (1738) wifi:Init static rx buffer size: 1600
I (1743) wifi:Init static rx buffer num: 10
I (1746) wifi:Init dynamic rx buffer num: 32
[0;32mI (1751) wifi_init: accept mbox: 6[0m
[0;32mI (1754) wifi_init: tcpip mbox: 32[0m
[0;32mI (1758) wifi_init: udp mbox: 6[0m
[0;32mI (1762) wifi_init: tcp mbox: 6[0m
[0;32mI (1766) wifi_init: tcp tx win: 5760[0m
[0;32mI (1770) wifi_init: tcp rx win: 5760[0m
[0;32mI (1775) wifi_init: tcp mss: 1440[0m
[0;32mI (1779) wifi_init: WiFi IRAM OP enabled[0m
[0;32mI (1783) wifi_init: WiFi RX IRAM OP enabled[0m
[0;32mI (1789) phy_init: phy_version 4830,54550f7,Jun 20 2024,14:22:08[0m
[0;33mW (1795) phy_init: failed to load RF calibration data (0x1102), falling back to full calibration[0m
[0;33mW (1858) phy_init: saving new calibration data because of checksum failure, mode(2)[0m
I (1869) wifi:mode : null
I (1872) wifi:mode : softAP (08:a6:f7:11:51:a9)
I (1874) wifi:Total power save buffer number: 8
I (1874) wifi:Init max length of beacon: 752/752
I (1877) wifi:Init max length of beacon: 752/752
[0;32mI (1883) esp_netif_lwip: DHCP server started on interface WIFI_AP_DEF with IP: 192.168.4.1[0m
Add netif ap with d09847c(commit id)
[0;32mI (1893) bridge_common: netif list add success[0m
[0;31mE (1898) NVS: Failed to open NVS namespace[0m
[0;32mI (1903) bridge_common: IP Address:192.168.5.1[0m
[0;32mI (1908) bridge_common: GW Address:192.168.5.1[0m
[0;32mI (1913) bridge_common: NM Address:255.255.255.0[0m
[0;32mI (1918) bridge_common: [WIFI_AP_DEF ][0m
[0;32mI (1924) bridge_common: Set ip info:192.168.5.1[0m
[0;32mI (1928) bridge_wifi: SoftAP IP network segment has changed, deauth all station[0m
I (1940) wifi:Disabled PMF config for SoftAP
I (1941) wifi:Total power save buffer number: 8
[0;32mI (1947) esp_netif_lwip: DHCP server started on interface WIFI_AP_DEF with IP: 192.168.5.1[0m
[0;32mI (1954) bridge_common: [WIFI_AP_DEF ]Name Server1: 114.114.114.114[0m
[0;32mI (1960) bridge_common: DHCPS Restart, deauth all station[0m
Add netif sta with d09847c(commit id)
[0;32mI (1970) bridge_common: netif list add success[0m
I (1975) wifi:mode : sta (08:a6:f7:11:51:a8) + softAP (08:a6:f7:11:51:a9)
I (1982) wifi:enable tsf
[0;31mE (1985) NVS: Failed to read IP info from NVS[0m
I (1989) wifi:Disabled PMF config for STA
[0;32mI (1992) bridge_wifi: [esp_bridge_wifi_set_config] sta ssid: Xiaomi13T password: password[0m
[0;32mI (2002) bridge_wifi: [esp_bridge_wifi_set_config] softap ssid: ESP_Bridge_1151a9 password: 12345678[0m
I (2184) wifi:Total power save buffer number: 8
[0;32mI (2189) esp_netif_lwip: DHCP server started on interface WIFI_AP_DEF with IP: 192.168.5.1[0m
[0;32mI (2190) bridge_wifi: SoftAP config changed, deauth all station[0m
[0;32mI (2194) Mesh-Lite: esp-mesh-lite component version: 1.0.0[0m
I (2200) ESPNOW: espnow [version: 1.0] init
[0;32mI (2204) [vendor_ie]: Mesh-Lite commit id: bc9302d
 [0m
[0;31mE (2211) [vendor_ie]: Error Get! [0m
[0;33mW (2214) [vendor_ie]: Mesh ID is not saved in flash [0m
[0;32mI (2220) [vendor_ie]: Mesh ID: 77 [0m
[0;33mW (2224) [vendor_ie]: Error Get[4354] [0m
[0;33mW (2228) [vendor_ie]: Error Get[4354] [0m
[0;32mI (2234) [ESP_Mesh_Lite_Comm]: msg action add success [0m
[0;32mI (2240) [ESP_Mesh_Lite_Comm]: Bind Socket 54, port 6364 [0m
[0;32mI (2244) [ESP_Mesh_Lite_Comm]: Bind Socket 55, port 6363 [0m
[0;32mI (2251) [ESP_Mesh_Lite_Comm]: Bind Socket 56, port 6366 [0m
[0;32mI (2257) [ESP_Mesh_Lite_Comm]: Bind Socket 57, port 6365 [0m
[0;32mI (2263) [mesh-lite-espnow]: Start espnow task [0m
[0;32mI (2270) Mesh-Lite: Mesh-Lite connecting[0m
[0;32mI (2275) [vendor_ie]: esp_mesh_lite_wifi_scan_start return ESP_OK [0m
[0;31mE (2281) rc522: Read/write test failed[0m
[0;32mI (2284) gpio: GPIO[15]| InputEn: 0| OutputEn: 0| OpenDrain: 0| Pullup: 1| Pulldown: 0| Intr:0 [0m
[0;32mI (2293) gpio: GPIO[25]| InputEn: 1| OutputEn: 0| OpenDrain: 0| Pullup: 1| Pulldown: 0| Intr:2 [0m
[0;32mI (2303) cam_hal: cam init ok[0m
[0;32mI (2306) sccb: pin_sda 26 pin_scl 27[0m
[0;32mI (2310) sccb: sccb_i2c_port=1[0m
[0;32mI (2315) gpio: GPIO[32]| InputEn: 0| OutputEn: 1| OpenDrain: 0| Pullup: 0| Pulldown: 0| Intr:0 [0m
[0;32mI (2353) camera: Detected camera at address=0x30[0m
[0;32mI (2356) camera: Detected OV2640 camera[0m
[0;32mI (2357) camera: Camera PID=0x26 VER=0x42 MIDL=0x7f MIDH=0xa2[0m
[0;32mI (2443) cam_hal: buffer_size: 32768, half_buffer_size: 4096, node_buffer_size: 2048, node_cnt: 16, total_cnt: 5[0m
[0;32mI (2444) cam_hal: Allocating 23680 Byte frame buffer in PSRAM[0m
[0;32mI (2450) cam_hal: cam config ok[0m
[0;32mI (2454) ov2640: Set PLL: clk_2x: 0, clk_div: 0, pclk_auto: 0, pclk_div: 8[0m
[0;33mW (2546) websocket_client: `reconnect_timeout_ms` is not set, or it is less than or equal to zero, using default time out 10000 (milliseconds)[0m
[0;33mW (2549) websocket_client: `network_timeout_ms` is not set, or it is less than or equal to zero, using default time out 10000 (milliseconds)[0m
[0;32mI (2571) main_task: Returned from app_main()[0m
[0;32mI (3968) [vendor_ie]: Mesh-Lite Scan done [0m
[0;32mI (3970) [vendor_ie]: RTC store: temp_mesh_id:255; ssid:Xiaomi13T; bssid:00:00:00:00:00:00; crc:1883151208 [0m
[0;32mI (3974) [vendor_ie]: wifi_cfg Xiaomi13T router_config Xiaomi13T [0m
[0;32mI (3982) [vendor_ie]: esp_mesh_lite_wifi_connect return ESP_OK [0m
I (4183) wifi:new:<1,1>, old:<1,1>, ap:<1,1>, sta:<1,0>, prof:1, snd_ch_cfg:0x0
I (4184) wifi:state: init -> auth (0xb0)
I (4251) wifi:state: auth -> assoc (0x0)
I (4262) wifi:state: assoc -> run (0x10)
I (6294) wifi:connected with Xiaomi13T, aid = 3, channel 1, BW20, bssid = a6:d5:8f:32:69:1d
I (6295) wifi:security: WPA2-PSK, phy: bgn, rssi: -70
I (6297) wifi:pm start, type: 1

I (6300) wifi:dp: 1, bi: 102400, li: 3, scale listen interval from 307200 us to 307200 us
I (6377) wifi:dp: 2, bi: 102400, li: 4, scale listen interval from 307200 us to 409600 us
I (6378) wifi:AP's beacon interval = 102400 us, DTIM period = 2
[0;32mI (6393) bridge_common: [WIFI_AP_DEF ]Name Server1: 192.168.26.27[0m
[0;32mI (7312) esp_netif_handlers: sta ip: 192.168.26.175, mask: 255.255.255.0, gw: 192.168.26.27[0m
[0;32mI (7313) bridge_wifi: Connected with IP Address:192.168.26.175[0m
[0;32mI (7318) [vendor_ie]: RTC store: temp_mesh_id:175; ssid:Xiaomi13T; bssid:00:00:00:00:00:00; crc:1318901176 [0m
[0;31mE (7328) [ESP_Mesh_Lite_Comm]: Error Get! [0m
[0;33mW (7332) [ESP_Mesh_Lite_Comm]: argot is not saved in flash [0m
[0;32mI (7344) esp32cam_security_gate: TCP client write task is running[0m
[0;32mI (12293) esp32cam_security_gate: System information, channel: 1, layer: 1, self mac: 08:a6:f7:11:51:a8, parent bssid: a6:d5:8f:32:69:1d, parent rssi: -62, free heap: 4213760[0m
[0;31mE (12571) esp-tls: [sock=58] select() timeout[0m
[0;31mE (12572) transport_base: Failed to open a new connection: 32774[0m
[0;31mE (12572) transport_ws: Error connecting to host 192.168.26.35:3000[0m
[0;31mE (12579) websocket_client: esp_transport_connect() failed with -1, transport_error=ESP_ERR_ESP_TLS_CONNECTION_TIMEOUT, tls_error_code=0, tls_flags=0, esp_ws_handshake_status_code=0, errno=119[0m
[0;32mI (12597) websocket_client: Reconnect after 10000 ms[0m
[0;32mI (12602) websocket_client: WebSocket client connected[0m
[0;33mW (12608) websocket_client: WebSocket client task started[0m
[0;31mE (12614) FreeRTOS: FreeRTOS Task "send_image_to_w" should not return, Aborting now![0m

abort() was called at PC 0x4009002b on core 0


Backtrace: 0x40081989:0x3fff4850 0x4008f0c9:0x3fff4870 0x40097809:0x3fff4890 0x4009002b:0x3fff4900




ELF file SHA256: 78f40f0e4

Rebooting...
ets Jul 29 2019 12:21:46

rst:0xc (SW_CPU_RESET),boot:0x13 (SPI_FAST_FLASH_BOOT)
configsip: 0, SPIWP:0xee
clk_drv:0x00,q_drv:0x00,d_drv:0x00,cs0_drv:0x00,hd_drv:0x00,wp_drv:0x00
mode:DIO, clock div:2
load:0x3fff0030,len:7168
load:0x40078000,len:15452
load:0x40080400,len:4
load:0x40080404,len:3684
entry 0x40080614
[0;32mI (29) boot: ESP-IDF v5.3-dirty 2nd stage bootloader[0m
[0;32mI (29) boot: compile time Aug 17 2024 00:42:55[0m
[0;33mW (29) boot: Unicore bootloader[0m
[0;32mI (34) boot: chip revision: v3.1[0m
[0;32mI (37) boot.esp32: SPI Speed      : 40MHz[0m
[0;32mI (42) boot.esp32: SPI Mode       : DIO[0m
[0;32mI (47) boot.esp32: SPI Flash Size : 4MB[0m
[0;32mI (51) boot: Enabling RNG early entropy source...[0m
[0;32mI (57) boot: Partition Table:[0m
[0;32mI (60) boot: ## Label            Usage          Type ST Offset   Length[0m
[0;32mI (67) boot:  0 nvs              [0;32mI (71) boot:  1 otadata          [0;32mI (74) boot:  2 phy_init         [0;32mI (78) boot:  3 ota_0            [0;32mI (81) boot:  4 ota_1            [0;32mI (85) boot:  5 coredump         [0;32mI (88) boot:  6 reserved         [0;32mI (92) Jï¿½: segment 0: paddr=00010020 vaddr=3f400020 size=30cbch (199868) map[0m
[0;32mI (168) Jï¿½: segment 1: paddr=00040ce4 vaddr=3ffbdb60 size=0608ch ( 24716) load[0m
[0;32mI (178) Jï¿½: segment 2: paddr=00046d78 vaddr=40080000 size=092a0h ( 37536) load[0m
[0;32mI (192) Jï¿½: segment 3: paddr=00050020 vaddr=400d0020 size=cb034h (831540) map[0m
[0;32mI (478) Jï¿½: segment 4: paddr=0011b05c vaddr=400892a0 size=14f10h ( 85776) load[0m
[0;32mI (527) boot: Loaded app from partition at offset 0x10000[0m
[0;32mI (527) boot: Disabling RNG early entropy source...[0m
[0;32mI (539) quad_psram: This chip is ESP32-D0WD[0m
[0;32mI (539) esp_psram: Found 8MB PSRAM device[0m
[0;32mI (539) esp_psram: Speed: 40MHz[0m
[0;32mI (543) esp_psram: PSRAM initialized, cache is in normal (1-core) mode.[0m
[0;33mW (550) esp_psram: Virtual address not enough for PSRAM, map as much as we can. 4MB is mapped[0m
[0;32mI (559) cpu_start: Unicore app[0m
[0;32mI (563) cpu_start: Single core mode[0m
[0;32mI (1493) esp_psram: SPI SRAM memory test OK[0m
[0;32mI (1501) cpu_start: Pro cpu start user code[0m
[0;32mI (1501) cpu_start: cpu freq: 240000000 Hz[0m
[0;32mI (1501) app_init: Application information:[0m
[0;32mI (1504) app_init: Project name:     mesh_local_control[0m
[0;32mI (1510) app_init: App version:      d09847c-dirty[0m
[0;32mI (1515) app_init: Compile time:     Aug 17 2024 10:43:49[0m
[0;32mI (1521) app_init: ELF file SHA256:  78f40f0e4...[0m
[0;32mI (1527) app_init: ESP-IDF:          v5.3-dirty[0m
[0;32mI (1532) efuse_init: Min chip rev:     v0.0[0m
[0;32mI (1537) efuse_init: Max chip rev:     v3.99 [0m
[0;32mI (1542) efuse_init: Chip rev:         v3.1[0m
[0;32mI (1547) heap_init: Initializing. RAM available for dynamic allocation:[0m
[0;32mI (1554) heap_init: At 3FFAE6E0 len 0000F480 (61 KiB): DRAM[0m
[0;32mI (1560) heap_init: At 3FFC8A18 len 000175E8 (93 KiB): DRAM[0m
[0;32mI (1566) heap_init: At 3FFE0440 len 0001FBC0 (126 KiB): D/IRAM[0m
[0;32mI (1573) heap_init: At 40078000 len 00008000 (32 KiB): IRAM[0m
[0;32mI (1579) heap_init: At 4009E1B0 len 00001E50 (7 KiB): IRAM[0m
[0;32mI (1585) heap_init: At 3FF80000 len 00002000 (8 KiB): RTCRAM[0m
[0;32mI (1592) esp_psram: Adding pool of 4096K of PSRAM memory to heap allocator[0m
[0;32mI (1601) spi_flash: detected chip: generic[0m
[0;32mI (1604) spi_flash: flash io: dio[0m
[0;33mW (1608) i2c: This driver is an old driver, please migrate your application code to adapt `driver/i2c_master.h`[0m
[0;32mI (1619) coexist: coex firmware version: dab85ae96[0m
[0;32mI (1625) main_task: Started on CPU0[0m
[0;32mI (1628) esp_psram: Reserving pool of 32K of internal memory for DMA/internal allocations[0m
[0;32mI (1637) main_task: Calling app_main()[0m
[0;32mI (1659) bridge_common: esp-iot-bridge version: 0.11.8[0m
I (1661) wifi:wifi driver task: 3ffbd654, prio:23, stack:6656, core=0
I (1664) wifi:wifi firmware version: 0caa81945
I (1664) wifi:wifi certification version: v7.0
I (1668) wifi:config NVS flash: enabled
I (1672) wifi:config nano formating: disabled
I (1676) wifi:Init data frame dynamic rx buffer num: 32
I (1681) wifi:Init static rx mgmt buffer num: 5
I (1685) wifi:Init management short buffer num: 32
I (1690) wifi:Init static tx buffer num: 16
I (1694) wifi:Init tx cache buffer num: 32
I (1698) wifi:Init static rx buffer size: 1600
I (1702) wifi:Init static rx buffer num: 10
I (1706) wifi:Init dynamic rx buffer num: 32
[0;32mI (1711) wifi_init: accept mbox: 6[0m
[0;32mI (1714) wifi_init: tcpip mbox: 32[0m
[0;32mI (1718) wifi_init: udp mbox: 6[0m
[0;32mI (1721) wifi_init: tcp mbox: 6[0m
[0;32mI (1725) wifi_init: tcp tx win: 5760[0m
[0;32mI (1730) wifi_init: tcp rx win: 5760[0m
[0;32mI (1734) wifi_init: tcp mss: 1440[0m
[0;32mI (1738) wifi_init: WiFi IRAM OP enabled[0m
[0;32mI (1742) wifi_init: WiFi RX IRAM OP enabled[0m
[0;32mI (1748) phy_init: phy_version 4830,54550f7,Jun 20 2024,14:22:08[0m
[0;33mW (1810) phy_init: saving new calibration data because of checksum failure, mode(0)[0m
I (1823) wifi:mode : null
I (1826) wifi:mode : softAP (08:a6:f7:11:51:a9)
I (1828) wifi:Total power save buffer number: 8
I (1828) wifi:Init max length of beacon: 752/752
I (1831) wifi:Init max length of beacon: 752/752
[0;32mI (1837) esp_netif_lwip: DHCP server started on interface WIFI_AP_DEF with IP: 192.168.4.1[0m
Add netif ap with d09847c(commit id)
[0;32mI (1847) bridge_common: netif list add success[0m
[0;32mI (1853) bridge_common: [WIFI_AP_DEF ][0m
[0;32mI (1857) bridge_common: Set ip info:192.168.5.1[0m
[0;32mI (1862) bridge_wifi: SoftAP IP network segment has changed, deauth all station[0m
I (1872) wifi:Disabled PMF config for SoftAP
I (1874) wifi:Total power save buffer number: 8
[0;32mI (1880) esp_netif_lwip: DHCP server started on interface WIFI_AP_DEF with IP: 192.168.5.1[0m
[0;32mI (1887) bridge_common: [WIFI_AP_DEF ]Name Server1: 114.114.114.114[0m
[0;32mI (1894) bridge_common: DHCPS Restart, deauth all station[0m
Add netif sta with d09847c(commit id)
[0;32mI (1903) bridge_common: netif list add success[0m
I (1909) wifi:mode : sta (08:a6:f7:11:51:a8) + softAP (08:a6:f7:11:51:a9)
I (1915) wifi:enable tsf
[0;31mE (1919) NVS: Failed to read IP info from NVS[0m
I (1922) wifi:Disabled PMF config for STA
[0;32mI (1926) bridge_wifi: [esp_bridge_wifi_set_config] sta ssid: Xiaomi13T password: password[0m
[0;32mI (1935) bridge_wifi: [esp_bridge_wifi_set_config] softap ssid: ESP_Bridge_1151a9 password: 12345678[0m
I (2118) wifi:Total power save buffer number: 8
[0;32mI (2122) esp_netif_lwip: DHCP server started on interface WIFI_AP_DEF with IP: 192.168.5.1[0m
[0;32mI (2124) bridge_wifi: SoftAP config changed, deauth all station[0m
[0;32mI (2128) Mesh-Lite: esp-mesh-lite component version: 1.0.0[0m
I (2134) ESPNOW: espnow [version: 1.0] init
[0;32mI (2137) [vendor_ie]: Mesh-Lite commit id: bc9302d
 [0m
[0;32mI (2144) [vendor_ie]: Mesh ID: 77 [0m
[0;32mI (2149) [ESP_Mesh_Lite_Comm]: msg action add success [0m
[0;32mI (2155) [ESP_Mesh_Lite_Comm]: Bind Socket 54, port 6364 [0m
[0;32mI (2159) [ESP_Mesh_Lite_Comm]: Bind Socket 55, port 6363 [0m
[0;32mI (2166) [ESP_Mesh_Lite_Comm]: Bind Socket 56, port 6366 [0m
[0;32mI (2172) [ESP_Mesh_Lite_Comm]: Bind Socket 57, port 6365 [0m
[0;32mI (2178) [mesh-lite-espnow]: Start espnow task [0m
[0;33mW (2184) [vendor_ie]: [Unexpected restart]: the rtc data: temp_mesh_id:175, level:1, ssid:Xiaomi13T, bssid 00:00:00:00:00:00 [0m
[0;33mW (2195) [vendor_ie]: Try to connect the original parent node [0m
[0;32mI (2204) [vendor_ie]: esp_mesh_lite_wifi_connect return ESP_OK [0m
[0;31mE (2210) rc522: Read/write test failed[0m
[0;32mI (2212) gpio: GPIO[15]| InputEn: 0| OutputEn: 0| OpenDrain: 0| Pullup: 1| Pulldown: 0| Intr:0 [0m
I (2390) wifi:new:<1,1>, old:<1,1>, ap:<1,1>, sta:<1,0>, prof:1, snd_ch_cfg:0x0
I (2391) wifi:state: init -> auth (0xb0)
[0;32mI (2398) gpio: GPIO[25]| InputEn: 1| OutputEn: 0| OpenDrain: 0| Pullup: 1| Pulldown: 0| Intr:2 [0m
