ets Jul 29 2019 12:21:46

rst:0x1 (POWERON_RESET),boot:0x13 (SPI_FAST_FLASH_BOOT)
configsip: 0, SPIWP:0xee
clk_drv:0x00,q_drv:0x00,d_drv:0x00,cs0_drv:0x00,hd_drv:0x00,wp_drv:0x00
mode:DIO, clock div:1
load:0x3fff0030,len:7168
load:0x40078000,len:15464
load:0x40080400,len:4
ho 8 tail 4 room 4
load:0x40080404,len:3684
entry 0x40080614
[0;32mI (31) boot: ESP-IDF v5.3-dirty 2nd stage bootloader[0m
[0;32mI (31) boot: compile time Aug 26 2024 19:21:57[0m
[0;33mW (31) boot: Unicore bootloader[0m
[0;32mI (35) boot: chip revision: v3.1[0m
[0;32mI (39) boot.esp32: SPI Speed      : 80MHz[0m
[0;32mI (44) boot.esp32: SPI Mode       : DIO[0m
[0;32mI (48) boot.esp32: SPI Flash Size : 4MB[0m
[0;32mI (53) boot: Enabling RNG early entropy source...[0m
[0;32mI (58) boot: Partition Table:[0m
[0;32mI (62) boot: ## Label            Usage          Type ST Offset   Length[0m
[0;32mI (69) boot:  0 nvs              WiFi data        01 02 00009000 00004000[0m
[0;32mI (77) boot:  1 otadata          OTA data         01 00 0000d000 00002000[0m
[0;32mI (84) boot:  2 phy_init         RF data          01 01 0000f000 00001000[0m
[0;32mI (92) boot:  3 ota_0            OTA app          00 10 00010000 001e0000[0m
[0;32mI (99) boot:  4 ota_1            OTA app          00 11 001f0000 001e0000[0m
[0;32mI (107) boot:  5 coredump         Unknown data     01 03 003d0000 00010000[0m
[0;32mI (114) boot:  6 reserved         Unknown data     01 fe 003e0000 00020000[0m
[0;32mI (122) boot: End of partition table[0m
[0;32mI (126) boot: No factory image, trying OTA 0[0m
[0;32mI (131) esp_image: segment 0: paddr=00010020 vaddr=3f400020 size=2fb8ch (195468) map[0m
[0;32mI (195) esp_image: segment 1: paddr=0003fbb4 vaddr=3ffbdb60 size=00464h (  1124) load[0m
[0;32mI (195) esp_image: segment 2: paddr=00040020 vaddr=400d0020 size=c644ch (812108) map[0m
[0;32mI (430) esp_image: segment 3: paddr=00106474 vaddr=3ffbdfc4 size=05c38h ( 23608) load[0m
[0;32mI (438) esp_image: segment 4: paddr=0010c0b4 vaddr=40080000 size=1e5f0h (124400) load[0m
[0;32mI (495) boot: Loaded app from partition at offset 0x10000[0m
[0;32mI (500) boot: Set actual ota_seq=1 in otadata[0][0m
[0;32mI (500) boot: Disabling RNG early entropy source...[0m
[0;32mI (512) quad_psram: This chip is ESP32-D0WD[0m
[0;32mI (512) esp_psram: Found 8MB PSRAM device[0m
[0;32mI (512) esp_psram: Speed: 40MHz[0m
[0;32mI (516) esp_psram: PSRAM initialized, cache is in normal (1-core) mode.[0m
[0;33mW (523) esp_psram: Virtual address not enough for PSRAM, map as much as we can. 4MB is mapped[0m
[0;32mI (533) cpu_start: Unicore app[0m
[0;32mI (536) cpu_start: Single core mode[0m
[0;32mI (1464) esp_psram: SPI SRAM memory test OK[0m
[0;32mI (1471) cpu_start: Pro cpu start user code[0m
[0;32mI (1471) cpu_start: cpu freq: 240000000 Hz[0m
[0;32mI (1471) app_init: Application information:[0m
[0;32mI (1475) app_init: Project name:     mesh_local_control[0m
[0;32mI (1481) app_init: App version:      d1ba481-dirty[0m
[0;32mI (1486) app_init: Compile time:     Aug 26 2024 19:21:52[0m
[0;32mI (1492) app_init: ELF file SHA256:  a8fa9a525...[0m
[0;32mI (1497) app_init: ESP-IDF:          v5.3-dirty[0m
[0;32mI (1503) efuse_init: Min chip rev:     v0.0[0m
[0;32mI (1508) efuse_init: Max chip rev:     v3.99 [0m
[0;32mI (1513) efuse_init: Chip rev:         v3.1[0m
[0;32mI (1518) heap_init: Initializing. RAM available for dynamic allocation:[0m
[0;32mI (1525) heap_init: At 3FFAE6E0 len 0000F480 (61 KiB): DRAM[0m
[0;32mI (1531) heap_init: At 3FFC8A98 len 00017568 (93 KiB): DRAM[0m
[0;32mI (1537) heap_init: At 3FFE0440 len 0001FBC0 (126 KiB): D/IRAM[0m
[0;32mI (1544) heap_init: At 40078000 len 00008000 (32 KiB): IRAM[0m
[0;32mI (1550) heap_init: At 4009E5F0 len 00001A10 (6 KiB): IRAM[0m
[0;32mI (1556) heap_init: At 3FF80000 len 00002000 (8 KiB): RTCRAM[0m
[0;32mI (1563) esp_psram: Adding pool of 4096K of PSRAM memory to heap allocator[0m
[0;32mI (1571) spi_flash: detected chip: generic[0m
[0;32mI (1575) spi_flash: flash io: dio[0m
[0;33mW (1579) i2c: This driver is an old driver, please migrate your application code to adapt `driver/i2c_master.h`[0m
[0;32mI (1601) coexist: coex firmware version: dab85ae96[0m
[0;32mI (1602) main_task: Started on CPU0[0m
[0;32mI (1602) esp_psram: Reserving pool of 32K of internal memory for DMA/internal allocations[0m
[0;32mI (1610) main_task: Calling app_main()[0m
[0;32mI (1627) bridge_common: esp-iot-bridge version: 0.11.8[0m
I (1630) wifi:wifi driver task: 3ffbd604, prio:23, stack:6656, core=0
I (1632) wifi:wifi firmware version: 0caa81945
I (1633) wifi:wifi certification version: v7.0
I (1637) wifi:config NVS flash: enabled
I (1640) wifi:config nano formating: disabled
I (1645) wifi:Init data frame dynamic rx buffer num: 32
I (1650) wifi:Init static rx mgmt buffer num: 5
I (1654) wifi:Init management short buffer num: 32
I (1658) wifi:Init static tx buffer num: 16
I (1662) wifi:Init tx cache buffer num: 32
I (1666) wifi:Init static rx buffer size: 1600
I (1670) wifi:Init static rx buffer num: 10
I (1674) wifi:Init dynamic rx buffer num: 32
[0;32mI (1678) wifi_init: accept mbox: 6[0m
[0;32mI (1682) wifi_init: tcpip mbox: 32[0m
[0;32mI (1686) wifi_init: udp mbox: 6[0m
[0;32mI (1690) wifi_init: tcp mbox: 6[0m
[0;32mI (1693) wifi_init: tcp tx win: 5760[0m
[0;32mI (1698) wifi_init: tcp rx win: 5760[0m
[0;32mI (1702) wifi_init: tcp mss: 1440[0m
[0;32mI (1706) wifi_init: WiFi IRAM OP enabled[0m
[0;32mI (1710) wifi_init: WiFi RX IRAM OP enabled[0m
[0;32mI (1716) phy_init: phy_version 4830,54550f7,Jun 20 2024,14:22:08[0m
[0;33mW (1722) phy_init: failed to load RF calibration data (0x1102), falling back to full calibration[0m
ï¿½ets Jul 29 2019 12:21:46

rst:0x3 (SW_RESET),boot:0x13 (SPI_FAST_FLASH_BOOT)
configsip: 0, SPIWP:0xee
clk_drv:0x00,q_drv:0x00,d_drv:0x00,cs0_drv:0x00,hd_drv:0x00,wp_drv:0x00
mode:DIO, clock div:1
load:0x3fff0030,len:7168
load:0x40078000,len:15464
load:0x40080400,len:4
ho 8 tail 4 room 4
load:0x40080404,len:3684
entry 0x40080614
[0;32mI (179) boot: ESP-IDF v5.3-dirty 2nd stage bootloader[0m
[0;32mI (179) boot: compile time Aug 26 2024 19:21:57[0m
[0;33mW (179) boot: Unicore bootloader[0m
[0;32mI (184) boot: chip revision: v3.1[0m
[0;32mI (188) boot.esp32: SPI Speed      : 80MHz[0m
[0;32mI (193) boot.esp32: SPI Mode       : DIO[0m
[0;32mI (198) boot.esp32: SPI Flash Size : 4MB[0m
[0;32mI (202) boot: Enabling RNG early entropy source...[0m
[0;32mI (208) boot: Partition Table:[0m
[0;32mI (211) boot: ## Label            Usage          Type ST Offset   Length[0m
[0;32mI (219) boot:  0 nvs              WiFi data        01 02 00009000 00004000[0m
[0;32mI (226) boot:  1 otadata          OTA data         01 00 0000d000 00002000[0m
[0;32mI (234) boot:  2 phy_init         RF data          01 01 0000f000 00001000[0m
[0;32mI (242) boot:  3 ota_0            OTA app          00 10 00010000 001e0000[0m
[0;32mI (249) boot:  4 ota_1            OTA app          00 11 001f0000 001e0000[0m
[0;32mI (257) boot:  5 coredump         Unknown data     01 03 003d0000 00010000[0m
[0;32mI (264) boot:  6 reserved         Unknown data     01 fe 003e0000 00020000[0m
[0;32mI (272) boot: End of partition table[0m
[0;32mI (276) esp_image: segment 0: paddr=00010020 vaddr=3f400020 size=2fb8ch (195468) map[0m
[0;32mI (340) esp_image: segment 1: paddr=0003fbb4 vaddr=3ffbdb60 size=00464h (  1124) load[0m
[0;32mI (341) esp_image: segment 2: paddr=00040020 vaddr=400d0020 size=c644ch (812108) map[0m
[0;32mI (575) esp_image: segment 3: paddr=00106474 vaddr=3ffbdfc4 size=05c38h ( 23608) load[0m
[0;32mI (583) esp_image: segment 4: paddr=0010c0b4 vaddr=40080000 size=1e5f0h (124400) load[0m
[0;32mI (640) boot: Loaded app from partition at offset 0x10000[0m
[0;32mI (640) boot: Disabling RNG early entropy source...[0m
[0;32mI (651) quad_psram: This chip is ESP32-D0WD[0m
[0;32mI (652) esp_psram: Found 8MB PSRAM device[0m
[0;32mI (652) esp_psram: Speed: 40MHz[0m
[0;32mI (656) esp_psram: PSRAM initialized, cache is in normal (1-core) mode.[0m
[0;33mW (663) esp_psram: Virtual address not enough for PSRAM, map as much as we can. 4MB is mapped[0m
[0;32mI (672) cpu_start: Unicore app[0m
[0;32mI (676) cpu_start: Single core mode[0m
[0;32mI (1603) esp_psram: SPI SRAM memory test OK[0m
[0;32mI (1611) cpu_start: Pro cpu start user code[0m
[0;32mI (1611) cpu_start: cpu freq: 240000000 Hz[0m
[0;32mI (1611) app_init: Application information:[0m
[0;32mI (1614) app_init: Project name:     mesh_local_control[0m
[0;32mI (1620) app_init: App version:      d1ba481-dirty[0m
[0;32mI (1626) app_init: Compile time:     Aug 26 2024 19:21:52[0m
[0;32mI (1632) app_init: ELF file SHA256:  a8fa9a525...[0m
[0;32mI (1637) app_init: ESP-IDF:          v5.3-dirty[0m
[0;32mI (1642) efuse_init: Min chip rev:     v0.0[0m
[0;32mI (1647) efuse_init: Max chip rev:     v3.99 [0m
[0;32mI (1652) efuse_init: Chip rev:         v3.1[0m
[0;32mI (1657) heap_init: Initializing. RAM available for dynamic allocation:[0m
[0;32mI (1665) heap_init: At 3FFAE6E0 len 0000F480 (61 KiB): DRAM[0m
[0;32mI (1671) heap_init: At 3FFC8A98 len 00017568 (93 KiB): DRAM[0m
[0;32mI (1677) heap_init: At 3FFE0440 len 0001FBC0 (126 KiB): D/IRAM[0m
[0;32mI (1684) heap_init: At 40078000 len 00008000 (32 KiB): IRAM[0m
[0;32mI (1690) heap_init: At 4009E5F0 len 00001A10 (6 KiB): IRAM[0m
[0;32mI (1696) heap_init: At 3FF80000 len 00002000 (8 KiB): RTCRAM[0m
[0;32mI (1703) esp_psram: Adding pool of 4096K of PSRAM memory to heap allocator[0m
[0;32mI (1711) spi_flash: detected chip: generic[0m
[0;32mI (1715) spi_flash: flash io: dio[0m
[0;33mW (1719) i2c: This driver is an old driver, please migrate your application code to adapt `driver/i2c_master.h`[0m
[0;32mI (1741) coexist: coex firmware version: dab85ae96[0m
[0;32mI (1741) main_task: Started on CPU0[0m
[0;32mI (1741) esp_psram: Reserving pool of 32K of internal memory for DMA/internal allocations[0m
[0;32mI (1749) main_task: Calling app_main()[0m
[0;32mI (1766) bridge_common: esp-iot-bridge version: 0.11.8[0m
I (1768) wifi:wifi driver task: 3ffbd618, prio:23, stack:6656, core=0
I (1770) wifi:wifi firmware version: 0caa81945
I (1772) wifi:wifi certification version: v7.0
I (1776) wifi:config NVS flash: enabled
I (1779) wifi:config nano formating: disabled
I (1784) wifi:Init data frame dynamic rx buffer num: 32
I (1789) wifi:Init static rx mgmt buffer num: 5
I (1793) wifi:Init management short buffer num: 32
I (1797) wifi:Init static tx buffer num: 16
I (1801) wifi:Init tx cache buffer num: 32
I (1805) wifi:Init static rx buffer size: 1600
I (1809) wifi:Init static rx buffer num: 10
I (1813) wifi:Init dynamic rx buffer num: 32
[0;32mI (1817) wifi_init: accept mbox: 6[0m
[0;32mI (1821) wifi_init: tcpip mbox: 32[0m
[0;32mI (1825) wifi_init: udp mbox: 6[0m
[0;32mI (1829) wifi_init: tcp mbox: 6[0m
[0;32mI (1832) wifi_init: tcp tx win: 5760[0m
[0;32mI (1837) wifi_init: tcp rx win: 5760[0m
[0;32mI (1841) wifi_init: tcp mss: 1440[0m
[0;32mI (1845) wifi_init: WiFi IRAM OP enabled[0m
[0;32mI (1849) wifi_init: WiFi RX IRAM OP enabled[0m
[0;32mI (1855) phy_init: phy_version 4830,54550f7,Jun 20 2024,14:22:08[0m
[0;33mW (1861) phy_init: failed to load RF calibration data (0x1102), falling back to full calibration[0m
ï¿½ets Jul 29 2019 12:21:46

rst:0x3 (SW_RESET),boot:0x13 (SPI_FAST_FLASH_BOOT)
configsip: 0, SPIWP:0xee
clk_drv:0x00,q_drv:0x00,d_drv:0x00,cs0_drv:0x00,hd_drv:0x00,wp_drv:0x00
mode:DIO, clock div:1
load:0x3fff0030,len:7168
load:0x40078000,len:15464
load:0x40080400,len:4
ho 8 tail 4 room 4
load:0x40080404,len:3684
entry 0x40080614
[0;32mI (179) boot: ESP-IDF v5.3-dirty 2nd stage bootloader[0m
[0;32mI (179) boot: compile time Aug 26 2024 19:21:57[0m
[0;33mW (179) boot: Unicore bootloader[0m
[0;32mI (184) boot: chip revision: v3.1[0m
[0;32mI (188) boot.esp32: SPI Speed      : 80MHz[0m
[0;32mI (193) boot.esp32: SPI Mode       : DIO[0m
[0;32mI (198) boot.esp32: SPI Flash Size : 4MB[0m
[0;32mI (202) boot: Enabling RNG early entropy source...[0m
[0;32mI (208) boot: Partition Table:[0m
[0;32mI (211) boot: ## Label            Usage          Type ST Offset   Length[0m
[0;32mI (219) boot:  0 nvs              WiFi data        01 02 00009000 00004000[0m
[0;32mI (226) boot:  1 otadata          OTA data         01 00 0000d000 00002000[0m
[0;32mI (234) boot:  2 phy_init         RF data          01 01 0000f000 00001000[0m
[0;32mI (242) boot:  3 ota_0            OTA app          00 10 00010000 001e0000[0m
[0;32mI (249) boot:  4 ota_1            OTA app          00 11 001f0000 001e0000[0m
[0;32mI (257) boot:  5 coredump         Unknown data     01 03 003d0000 00010000[0m
[0;32mI (264) boot:  6 reserved         Unknown data     01 fe 003e0000 00020000[0m
[0;32mI (272) boot: End of partition table[0m
[0;32mI (276) esp_image: segment 0: paddr=00010020 vaddr=3f400020 size=2fb8ch (195468) map[0m
[0;32mI (340) esp_image: segment 1: paddr=0003fbb4 vaddr=3ffbdb60 size=00464h (  1124) load[0m
[0;32mI (341) esp_image: segment 2: paddr=00040020 vaddr=400d0020 size=c644ch (812108) map[0m
[0;32mI (575) esp_image: segment 3: paddr=00106474 vaddr=3ffbdfc4 size=05c38h ( 23608) load[0m
[0;32mI (583) esp_image: segment 4: paddr=0010c0b4 vaddr=40080000 size=1e5f0h (124400) load[0m
[0;32mI (640) boot: Loaded app from partition at offset 0x10000[0m
[0;32mI (640) boot: Disabling RNG early entropy source...[0m
[0;32mI (651) quad_psram: This chip is ESP32-D0WD[0m
[0;32mI (652) esp_psram: Found 8MB PSRAM device[0m
[0;32mI (652) esp_psram: Speed: 40MHz[0m
[0;32mI (656) esp_psram: PSRAM initialized, cache is in normal (1-core) mode.[0m
[0;33mW (663) esp_psram: Virtual address not enough for PSRAM, map as much as we can. 4MB is mapped[0m
[0;32mI (672) cpu_start: Unicore app[0m
[0;32mI (676) cpu_start: Single core mode[0m
[0;32mI (1603) esp_psram: SPI SRAM memory test OK[0m
[0;32mI (1611) cpu_start: Pro cpu start user code[0m
[0;32mI (1611) cpu_start: cpu freq: 240000000 Hz[0m
[0;32mI (1611) app_init: Application information:[0m
[0;32mI (1614) app_init: Project name:     mesh_local_control[0m
[0;32mI (1620) app_init: App version:      d1ba481-dirty[0m
[0;32mI (1626) app_init: Compile time:     Aug 26 2024 19:21:52[0m
[0;32mI (1632) app_init: ELF file SHA256:  a8fa9a525...[0m
[0;32mI (1637) app_init: ESP-IDF:          v5.3-dirty[0m
[0;32mI (1642) efuse_init: Min chip rev:     v0.0[0m
[0;32mI (1647) efuse_init: Max chip rev:     v3.99 [0m
[0;32mI (1652) efuse_init: Chip rev:         v3.1[0m
[0;32mI (1657) heap_init: Initializing. RAM available for dynamic allocation:[0m
[0;32mI (1665) heap_init: At 3FFAE6E0 len 0000F480 (61 KiB): DRAM[0m
[0;32mI (1671) heap_init: At 3FFC8A98 len 00017568 (93 KiB): DRAM[0m
[0;32mI (1677) heap_init: At 3FFE0440 len 0001FBC0 (126 KiB): D/IRAM[0m
[0;32mI (1684) heap_init: At 40078000 len 00008000 (32 KiB): IRAM[0m
[0;32mI (1690) heap_init: At 4009E5F0 len 00001A10 (6 KiB): IRAM[0m
[0;32mI (1696) heap_init: At 3FF80000 len 00002000 (8 KiB): RTCRAM[0m
[0;32mI (1703) esp_psram: Adding pool of 4096K of PSRAM memory to heap allocator[0m
[0;32mI (1711) spi_flash: detected chip: generic[0m
[0;32mI (1715) spi_flash: flash io: dio[0m
[0;33mW (1719) i2c: This driver is an old driver, please migrate your application code to adapt `driver/i2c_master.h`[0m
[0;32mI (1741) coexist: coex firmware version: dab85ae96[0m
[0;32mI (1741) main_task: Started on CPU0[0m
[0;32mI (1741) esp_psram: Reserving pool of 32K of internal memory for DMA/internal allocations[0m
[0;32mI (1749) main_task: Calling app_main()[0m
[0;32mI (1766) bridge_common: esp-iot-bridge version: 0.11.8[0m
I (1768) wifi:wifi driver task: 3ffbd618, prio:23, stack:6656, core=0
I (1770) wifi:wifi firmware version: 0caa81945
I (1772) wifi:wifi certification version: v7.0
I (1776) wifi:config NVS flash: enabled
I (1779) wifi:config nano formating: disabled
I (1784) wifi:Init data frame dynamic rx buffer num: 32
I (1789) wifi:Init static rx mgmt buffer num: 5
I (1793) wifi:Init management short buffer num: 32
I (1797) wifi:Init static tx buffer num: 16
I (1801) wifi:Init tx cache buffer num: 32
I (1805) wifi:Init static rx buffer size: 1600
I (1809) wifi:Init static rx buffer num: 10
I (1813) wifi:Init dynamic rx buffer num: 32
[0;32mI (1817) wifi_init: accept mbox: 6[0m
[0;32mI (1821) wifi_init: tcpip mbox: 32[0m
[0;32mI (1825) wifi_init: udp mbox: 6[0m
[0;32mI (1829) wifi_init: tcp mbox: 6[0m
[0;32mI (1832) wifi_init: tcp tx win: 5760[0m
[0;32mI (1837) wifi_init: tcp rx win: 5760[0m
[0;32mI (1841) wifi_init: tcp mss: 1440[0m
[0;32mI (1845) wifi_init: WiFi IRAM OP enabled[0m
[0;32mI (1849) wifi_init: WiFi RX IRAM OP enabled[0m
[0;32mI (1855) phy_init: phy_version 4830,54550f7,Jun 20 2024,14:22:08[0m
[0;33mW (1861) phy_init: failed to load RF calibration data (0x1102), falling back to full calibration[0m
ï¿½ets Jul 29 2019 12:21:46

rst:0x3 (SW_RESET),boot:0x13 (SPI_FAST_FLASH_BOOT)
configsip: 0, SPIWP:0xee
clk_drv:0x00,q_drv:0x00,d_drv:0x00,cs0_drv:0x00,hd_drv:0x00,wp_drv:0x00
mode:DIO, clock div:1
load:0x3fff0030,len:7168
load:0x40078000,len:15464
load:0x40080400,len:4
ho 8 tail 4 room 4
load:0x40080404,len:3684
entry 0x40080614
[0;32mI (179) boot: ESP-IDF v5.3-dirty 2nd stage bootloader[0m
[0;32mI (179) boot: compile time Aug 26 2024 19:21:57[0m
[0;33mW (179) boot: Unicore bootloader[0m
[0;32mI (184) boot: chip revision: v3.1[0m
[0;32mI (188) boot.esp32: SPI Speed      : 80MHz[0m
[0;32mI (193) boot.esp32: SPI Mode       : DIO[0m
[0;32mI (198) boot.esp32: SPI Flash Size : 4MB[0m
[0;32mI (202) boot: Enabling RNG early entropy source...[0m
[0;32mI (208) boot: Partition Table:[0m
[0;32mI (211) boot: ## Label            Usage          Type ST Offset   Length[0m
[0;32mI (219) boot:  0 nvs              WiFi data        01 02 00009000 00004000[0m
[0;32mI (226) boot:  1 otadata          OTA data         01 00 0000d000 00002000[0m
[0;32mI (234) boot:  2 phy_init         RF data          01 01 0000f000 00001000[0m
[0;32mI (242) boot:  3 ota_0            OTA app          00 10 00010000 001e0000[0m
[0;32mI (249) boot:  4 ota_1            OTA app          00 11 001f0000 001e0000[0m
[0;32mI (257) boot:  5 coredump         Unknown data     01 03 003d0000 00010000[0m
[0;32mI (264) boot:  6 reserved         Unknown data     01 fe 003e0000 00020000[0m
[0;32mI (272) boot: End of partition table[0m
[0;32mI (276) esp_image: segment 0: paddr=00010020 vaddr=3f400020 size=2fb8ch (195468) map[0m
[0;32mI (340) esp_image: segment 1: paddr=0003fbb4 vaddr=3ffbdb60 size=00464h (  1124) load[0m
[0;32mI (341) esp_image: segment 2: paddr=00040020 vaddr=400d0020 size=c644ch (812108) map[0m
[0;32mI (575) esp_image: segment 3: paddr=00106474 vaddr=3ffbdfc4 size=05c38h ( 23608) load[0m
[0;32mI (583) esp_image: segment 4: paddr=0010c0b4 vaddr=40080000 size=1e5f0h (124400) load[0m
[0;32mI (640) boot: Loaded app from partition at offset 0x10000[0m
[0;32mI (640) boot: Disabling RNG early entropy source...[0m
[0;32mI (651) quad_psram: This chip is ESP32-D0WD[0m
[0;32mI (652) esp_psram: Found 8MB PSRAM device[0m
[0;32mI (652) esp_psram: Speed: 40MHz[0m
[0;32mI (656) esp_psram: PSRAM initialized, cache is in normal (1-core) mode.[0m
[0;33mW (663) esp_psram: Virtual address not enough for PSRAM, map as much as we can. 4MB is mapped[0m
[0;32mI (672) cpu_start: Unicore app[0m
[0;32mI (676) cpu_start: Single core mode[0m
[0;32mI (1603) esp_psram: SPI SRAM memory test OK[0m
[0;32mI (1611) cpu_start: Pro cpu start user code[0m
[0;32mI (1611) cpu_start: cpu freq: 240000000 Hz[0m
[0;32mI (1611) app_init: Application information:[0m
[0;32mI (1614) app_init: Project name:     mesh_local_control[0m
[0;32mI (1620) app_init: App version:      d1ba481-dirty[0m
[0;32mI (1626) app_init: Compile time:     Aug 26 2024 19:21:52[0m
[0;32mI (1632) app_init: ELF file SHA256:  a8fa9a525...[0m
[0;32mI (1637) app_init: ESP-IDF:          v5.3-dirty[0m
[0;32mI (1642) efuse_init: Min chip rev:     v0.0[0m
[0;32mI (1647) efuse_init: Max chip rev:     v3.99 [0m
[0;32mI (1652) efuse_init: Chip rev:         v3.1[0m
[0;32mI (1657) heap_init: Initializing. RAM available for dynamic allocation:[0m
[0;32mI (1665) heap_init: At 3FFAE6E0 len 0000F480 (61 KiB): DRAM[0m
[0;32mI (1671) heap_init: At 3FFC8A98 len 00017568 (93 KiB): DRAM[0m
[0;32mI (1677) heap_init: At 3FFE0440 len 0001FBC0 (126 KiB): D/IRAM[0m
[0;32mI (1684) heap_init: At 40078000 len 00008000 (32 KiB): IRAM[0m
[0;32mI (1690) heap_init: At 4009E5F0 len 00001A10 (6 KiB): IRAM[0m
[0;32mI (1696) heap_init: At 3FF80000 len 00002000 (8 KiB): RTCRAM[0m
[0;32mI (1703) esp_psram: Adding pool of 4096K of PSRAM memory to heap allocator[0m
[0;32mI (1711) spi_flash: detected chip: generic[0m
[0;32mI (1715) spi_flash: flash io: dio[0m
[0;33mW (1719) i2c: This driver is an old driver, please migrate your application code to adapt `driver/i2c_master.h`[0m
[0;32mI (1741) coexist: coex firmware version: dab85ae96[0m
[0;32mI (1741) main_task: Started on CPU0[0m
[0;32mI (1741) esp_psram: Reserving pool of 32K of internal memory for DMA/internal allocations[0m
[0;32mI (1749) main_task: Calling app_main()[0m
[0;32mI (1766) bridge_common: esp-iot-bridge version: 0.11.8[0m
I (1768) wifi:wifi driver task: 3ffbd618, prio:23, stack:6656, core=0
I (1770) wifi:wifi firmware version: 0caa81945
I (1772) wifi:wifi certification version: v7.0
I (1776) wifi:config NVS flash: enabled
I (1779) wifi:config nano formating: disabled
I (1784) wifi:Init data frame dynamic rx buffer num: 32
I (1789) wifi:Init static rx mgmt buffer num: 5
I (1793) wifi:Init management short buffer num: 32
I (1797) wifi:Init static tx buffer num: 16
I (1801) wifi:Init tx cache buffer num: 32
I (1805) wifi:Init static rx buffer size: 1600
I (1809) wifi:Init static rx buffer num: 10
I (1813) wifi:Init dynamic rx buffer num: 32
[0;32mI (1817) wifi_init: accept mbox: 6[0m
[0;32mI (1821) wifi_init: tcpip mbox: 32[0m
[0;32mI (1825) wifi_init: udp mbox: 6[0m
[0;32mI (1829) wifi_init: tcp mbox: 6[0m
[0;32mI (1832) wifi_init: tcp tx win: 5760[0m
[0;32mI (1837) wifi_init: tcp rx win: 5760[0m
[0;32mI (1841) wifi_init: tcp mss: 1440[0m
[0;32mI (1845) wifi_init: WiFi IRAM OP enabled[0m
[0;32mI (1849) wifi_init: WiFi RX IRAM OP enabled[0m
[0;32mI (1855) phy_init: phy_version 4830,54550f7,Jun 20 2024,14:22:08[0m
[0;33mW (1861) phy_init: failed to load RF calibration data (0x1102), falling back to full calibration[0m
ï¿½ets Jul 29 2019 12:21:46

rst:0x3 (SW_RESET),boot:0x13 (SPI_FAST_FLASH_BOOT)
configsip: 0, SPIWP:0xee
clk_drv:0x00,q_drv:0x00,d_drv:0x00,cs0_drv:0x00,hd_drv:0x00,wp_drv:0x00
mode:DIO, clock div:1
load:0x3fff0030,len:7168
load:0x40078000,len:15464
load:0x40080400,len:4
ho 8 tail 4 room 4
load:0x40080404,len:3684
entry 0x40080614
[0;32mI (179) boot: ESP-IDF v5.3-dirty 2nd stage bootloader[0m
[0;32mI (179) boot: compile time Aug 26 2024 19:21:57[0m
[0;33mW (179) boot: Unicore bootloader[0m
[0;32mI (184) boot: chip revision: v3.1[0m
[0;32mI (188) boot.esp32: SPI Speed      : 80MHz[0m
[0;32mI (193) boot.esp32: SPI Mode       : DIO[0m
[0;32mI (198) boot.esp32: SPI Flash Size : 4MB[0m
[0;32mI (202) boot: Enabling RNG early entropy source...[0m
[0;32mI (208) boot: Partition Table:[0m
[0;32mI (211) boot: ## Label            Usage          Type ST Offset   Length[0m
[0;32mI (219) boot:  0 nvs              WiFi data        01 02 00009000 00004000[0m
[0;32mI (226) boot:  1 otadata          OTA data         01 00 0000d000 00002000[0m
[0;32mI (234) boot:  2 phy_init         RF data          01 01 0000f000 00001000[0m
[0;32mI (242) boot:  3 ota_0            OTA app          00 10 00010000 001e0000[0m
[0;32mI (249) boot:  4 ota_1            OTA app          00 11 001f0000 001e0000[0m
[0;32mI (257) boot:  5 coredump         Unknown data     01 03 003d0000 00010000[0m
[0;32mI (264) boot:  6 reserved         Unknown data     01 fe 003e0000 00020000[0m
[0;32mI (272) boot: End of partition table[0m
[0;32mI (276) esp_image: segment 0: paddr=00010020 vaddr=3f400020 size=2fb8ch (195468) map[0m
[0;32mI (340) esp_image: segment 1: paddr=0003fbb4 vaddr=3ffbdb60 size=00464h (  1124) load[0m
[0;32mI (341) esp_image: segment 2: paddr=00040020 vaddr=400d0020 size=c644ch (812108) map[0m
[0;32mI (575) esp_image: segment 3: paddr=00106474 vaddr=3ffbdfc4 size=05c38h ( 23608) load[0m
[0;32mI (583) esp_image: segment 4: paddr=0010c0b4 vaddr=40080000 size=1e5f0h (124400) load[0m
[0;32mI (640) boot: Loaded app from partition at offset 0x10000[0m
[0;32mI (640) boot: Disabling RNG early entropy source...[0m
[0;32mI (651) quad_psram: This chip is ESP32-D0WD[0m
[0;32mI (652) esp_psram: Found 8MB PSRAM device[0m
[0;32mI (652) esp_psram: Speed: 40MHz[0m
[0;32mI (656) esp_psram: PSRAM initialized, cache is in normal (1-core) mode.[0m
[0;33mW (663) esp_psram: Virtual address not enough for PSRAM, map as much as we can. 4MB is mapped[0m
[0;32mI (672) cpu_start: Unicore app[0m
[0;32mI (676) cpu_start: Single core mode[0m
[0;32mI (1603) esp_psram: SPI SRAM memory test OK[0m
[0;32mI (1611) cpu_start: Pro cpu start user code[0m
[0;32mI (1611) cpu_start: cpu freq: 240000000 Hz[0m
[0;32mI (1611) app_init: Application information:[0m
[0;32mI (1614) app_init: Project name:     mesh_local_control[0m
[0;32mI (1620) app_init: App version:      d1ba481-dirty[0m
[0;32mI (1626) app_init: Compile time:     Aug 26 2024 19:21:52[0m
[0;32mI (1632) app_init: ELF file SHA256:  a8fa9a525...[0m
[0;32mI (1637) app_init: ESP-IDF:          v5.3-dirty[0m
[0;32mI (1642) efuse_init: Min chip rev:     v0.0[0m
[0;32mI (1647) efuse_init: Max chip rev:     v3.99 [0m
[0;32mI (1652) efuse_init: Chip rev:         v3.1[0m
[0;32mI (1657) heap_init: Initializing. RAM available for dynamic allocation:[0m
[0;32mI (1665) heap_init: At 3FFAE6E0 len 0000F480 (61 KiB): DRAM[0m
[0;32mI (1671) heap_init: At 3FFC8A98 len 00017568 (93 KiB): DRAM[0m
[0;32mI (1677) heap_init: At 3FFE0440 len 0001FBC0 (126 KiB): D/IRAM[0m
[0;32mI (1684) heap_init: At 40078000 len 00008000 (32 KiB): IRAM[0m
[0;32mI (1690) heap_init: At 4009E5F0 len 00001A10 (6 KiB): IRAM[0m
[0;32mI (1696) heap_init: At 3FF80000 len 00002000 (8 KiB): RTCRAM[0m
[0;32mI (1703) esp_psram: Adding pool of 4096K of PSRAM memory to heap allocator[0m
[0;32mI (1711) spi_flash: detected chip: generic[0m
[0;32mI (1715) spi_flash: flash io: dio[0m
[0;33mW (1719) i2c: This driver is an old driver, please migrate your application code to adapt `driver/i2c_master.h`[0m
[0;32mI (1741) coexist: coex firmware version: dab85ae96[0m
[0;32mI (1742) main_task: Started on CPU0[0m
[0;32mI (1742) esp_psram: Reserving pool of 32K of internal memory for DMA/internal allocations[0m
[0;32mI (1750) main_task: Calling app_main()[0m
[0;32mI (1767) bridge_common: esp-iot-bridge version: 0.11.8[0m
I (1769) wifi:wifi driver task: 3ffbd618, prio:23, stack:6656, core=0
I (1771) wifi:wifi firmware version: 0caa81945
I (1773) wifi:wifi certification version: v7.0
I (1777) wifi:config NVS flash: enabled
I (1780) wifi:config nano formating: disabled
I (1785) wifi:Init data frame dynamic rx buffer num: 32
I (1790) wifi:Init static rx mgmt buffer num: 5
I (1794) wifi:Init management short buffer num: 32
I (1798) wifi:Init static tx buffer num: 16
I (1802) wifi:Init tx cache buffer num: 32
I (1806) wifi:Init static rx buffer size: 1600
I (1810) wifi:Init static rx buffer num: 10
I (1814) wifi:Init dynamic rx buffer num: 32
[0;32mI (1818) wifi_init: accept mbox: 6[0m
[0;32mI (1822) wifi_init: tcpip mbox: 32[0m
[0;32mI (1826) wifi_init: udp mbox: 6[0m
[0;32mI (1830) wifi_init: tcp mbox: 6[0m
[0;32mI (1833) wifi_init: tcp tx win: 5760[0m
[0;32mI (1838) wifi_init: tcp rx win: 5760[0m
[0;32mI (1842) wifi_init: tcp mss: 1440[0m
[0;32mI (1846) wifi_init: WiFi IRAM OP enabled[0m
[0;32mI (1850) wifi_init: WiFi RX IRAM OP enabled[0m
[0;32mI (1856) phy_init: phy_version 4830,54550f7,Jun 20 2024,14:22:08[0m
[0;33mW (1862) phy_init: failed to load RF calibration data (0x1102), falling back to full calibration[0m
ï¿½ets Jul 29 2019 12:21:46

rst:0x3 (SW_RESET),boot:0x13 (SPI_FAST_FLASH_BOOT)
configsip: 0, SPIWP:0xee
clk_drv:0x00,q_drv:0x00,d_drv:0x00,cs0_drv:0x00,hd_drv:0x00,wp_drv:0x00
mode:DIO, clock div:1
load:0x3fff0030,len:7168
load:0x40078000,len:15464
load:0x40080400,len:4
ho 8 tail 4 room 4
load:0x40080404,len:3684
entry 0x40080614
[0;32mI (179) boot: ESP-IDF v5.3-dirty 2nd stage bootloader[0m
[0;32mI (179) boot: compile time Aug 26 2024 19:21:57[0m
[0;33mW (179) boot: Unicore bootloader[0m
[0;32mI (184) boot: chip revision: v3.1[0m
[0;32mI (188) boot.esp32: SPI Speed      : 80MHz[0m
[0;32mI (193) boot.esp32: SPI Mode       : DIO[0m
[0;32mI (198) boot.esp32: SPI Flash Size : 4MB[0m
[0;32mI (202) boot: Enabling RNG early entropy source...[0m
[0;32mI (208) boot: Partition Table:[0m
[0;32mI (211) boot: ## Label            Usage          Type ST Offset   Length[0m
[0;32mI (219) boot:  0 nvs              WiFi data        01 02 00009000 00004000[0m
[0;32mI (226) boot:  1 otadata          OTA data         01 00 0000d000 00002000[0m
[0;32mI (234) boot:  2 phy_init         RF data          01 01 0000f000 00001000[0m
[0;32mI (242) boot:  3 ota_0            OTA app          00 10 00010000 001e0000[0m
[0;32mI (249) boot:  4 ota_1            OTA app          00 11 001f0000 001e0000[0m
[0;32mI (257) boot:  5 coredump         Unknown data     01 03 003d0000 00010000[0m
[0;32mI (264) boot:  6 reserved         Unknown data     01 fe 003e0000 00020000[0m
[0;32mI (272) boot: End of partition table[0m
[0;32mI (276) esp_image: segment 0: paddr=00010020 vaddr=3f400020 size=2fb8ch (195468) map[0m
[0;32mI (340) esp_image: segment 1: paddr=0003fbb4 vaddr=3ffbdb60 size=00464h (  1124) load[0m
[0;32mI (341) esp_image: segment 2: paddr=00040020 vaddr=400d0020 size=c644ch (812108) map[0m
[0;32mI (575) esp_image: segment 3: paddr=00106474 vaddr=3ffbdfc4 size=05c38h ( 23608) load[0m
[0;32mI (583) esp_image: segment 4: paddr=0010c0b4 vaddr=40080000 size=1e5f0h (124400) load[0m
[0;32mI (640) boot: Loaded app from partition at offset 0x10000[0m
[0;32mI (640) boot: Disabling RNG early entropy source...[0m
[0;32mI (651) quad_psram: This chip is ESP32-D0WD[0m
[0;32mI (652) esp_psram: Found 8MB PSRAM device[0m
[0;32mI (652) esp_psram: Speed: 40MHz[0m
[0;32mI (656) esp_psram: PSRAM initialized, cache is in normal (1-core) mode.[0m
[0;33mW (663) esp_psram: Virtual address not enough for PSRAM, map as much as we can. 4MB is mapped[0m
[0;32mI (672) cpu_start: Unicore app[0m
[0;32mI (676) cpu_start: Single core mode[0m
[0;32mI (1603) esp_psram: SPI SRAM memory test OK[0m
[0;32mI (1611) cpu_start: Pro cpu start user code[0m
[0;32mI (1611) cpu_start: cpu freq: 240000000 Hz[0m
[0;32mI (1611) app_init: Application information:[0m
[0;32mI (1614) app_init: Project name:     mesh_local_control[0m
[0;32mI (1620) app_init: App version:      d1ba481-dirty[0m
[0;32mI (1626) app_init: Compile time:     Aug 26 2024 19:21:52[0m
[0;32mI (1632) app_init: ELF file SHA256:  a8fa9a525...[0m
[0;32mI (1637) app_init: ESP-IDF:          v5.3-dirty[0m
[0;32mI (1642) efuse_init: Min chip rev:     v0.0[0m
[0;32mI (1647) efuse_init: Max chip rev:     v3.99 [0m
[0;32mI (1652) efuse_init: Chip rev:         v3.1[0m
[0;32mI (1657) heap_init: Initializing. RAM available for dynamic allocation:[0m
[0;32mI (1665) heap_init: At 3FFAE6E0 len 0000F480 (61 KiB): DRAM[0m
[0;32mI (1671) heap_init: At 3FFC8A98 len 00017568 (93 KiB): DRAM[0m
[0;32mI (1677) heap_init: At 3FFE0440 len 0001FBC0 (126 KiB): D/IRAM[0m
[0;32mI (1683) heap_init: At 40078000 len 00008000 (32 KiB): IRAM[0m
[0;32mI (1690) heap_init: At 4009E5F0 len 00001A10 (6 KiB): IRAM[0m
[0;32mI (1696) heap_init: At 3FF80000 len 00002000 (8 KiB): RTCRAM[0m
[0;32mI (1703) esp_psram: Adding pool of 4096K of PSRAM memory to heap allocator[0m
[0;32mI (1711) spi_flash: detected chip: generic[0m
[0;32mI (1715) spi_flash: flash io: dio[0m
[0;33mW (1719) i2c: This driver is an old driver, please migrate your application code to adapt `driver/i2c_master.h`[0m
[0;32mI (1741) coexist: coex firmware version: dab85ae96[0m
[0;32mI (1741) main_task: Started on CPU0[0m
[0;32mI (1741) esp_psram: Reserving pool of 32K of internal memory for DMA/internal allocations[0m
[0;32mI (1749) main_task: Calling app_main()[0m
[0;32mI (1766) bridge_common: esp-iot-bridge version: 0.11.8[0m
I (1768) wifi:wifi driver task: 3ffbd618, prio:23, stack:6656, core=0
I (1770) wifi:wifi firmware version: 0caa81945
I (1772) wifi:wifi certification version: v7.0
I (1776) wifi:config NVS flash: enabled
I (1779) wifi:config nano formating: disabled
I (1784) wifi:Init data frame dynamic rx buffer num: 32
I (1789) wifi:Init static rx mgmt buffer num: 5
I (1793) wifi:Init management short buffer num: 32
I (1797) wifi:Init static tx buffer num: 16
I (1801) wifi:Init tx cache buffer num: 32
I (1805) wifi:Init static rx buffer size: 1600
I (1809) wifi:Init static rx buffer num: 10
I (1813) wifi:Init dynamic rx buffer num: 32
[0;32mI (1817) wifi_init: accept mbox: 6[0m
[0;32mI (1821) wifi_init: tcpip mbox: 32[0m
[0;32mI (1825) wifi_init: udp mbox: 6[0m
[0;32mI (1829) wifi_init: tcp mbox: 6[0m
[0;32mI (1832) wifi_init: tcp tx win: 5760[0m
[0;32mI (1837) wifi_init: tcp rx win: 5760[0m
[0;32mI (1841) wifi_init: tcp mss: 1440[0m
[0;32mI (1845) wifi_init: WiFi IRAM OP enabled[0m
[0;32mI (1849) wifi_init: WiFi RX IRAM OP enabled[0m
[0;32mI (1855) phy_init: phy_version 4830,54550f7,Jun 20 2024,14:22:08[0m
[0;33mW (1861) phy_init: failed to load RF calibration data (0x1102), falling back to full calibration[0m
ï¿½ets Jul 29 2019 12:21:46

rst:0x3 (SW_RESET),boot:0x13 (SPI_FAST_FLASH_BOOT)
configsip: 0, SPIWP:0xee
clk_drv:0x00,q_drv:0x00,d_drv:0x00,cs0_drv:0x00,hd_drv:0x00,wp_drv:0x00
mode:DIO, clock div:1
load:0x3fff0030,len:7168
load:0x40078000,len:15464
load:0x40080400,len:4
ho 8 tail 4 room 4
load:0x40080404,len:3684
entry 0x40080614
[0;32mI (179) boot: ESP-IDF v5.3-dirty 2nd stage bootloader[0m
[0;32mI (179) boot: compile time Aug 26 2024 19:21:57[0m
[0;33mW (179) boot: Unicore bootloader[0m
[0;32mI (184) boot: chip revision: v3.1[0m
[0;32mI (188) boot.esp32: SPI Speed      : 80MHz[0m
[0;32mI (193) boot.esp32: SPI Mode       : DIO[0m
[0;32mI (198) boot.esp32: SPI Flash Size : 4MB[0m
[0;32mI (202) boot: Enabling RNG early entropy source...[0m
[0;32mI (208) boot: Partition Table:[0m
[0;32mI (212) boot: ## Label            Usage          Type ST Offset   Length[0m
[0;32mI (219) boot:  0 nvs              WiFi data        01 02 00009000 00004000[0m
[0;32mI (226) boot:  1 otadata          OTA data         01 00 0000d000 00002000[0m
[0;32mI (234) boot:  2 phy_init         RF data          01 01 0000f000 00001000[0m
[0;32mI (242) boot:  3 ota_0            OTA app          00 10 00010000 001e0000[0m
[0;32mI (249) boot:  4 ota_1            OTA app          00 11 001f0000 001e0000[0m
[0;32mI (257) boot:  5 coredump         Unknown data     01 03 003d0000 00010000[0m
[0;32mI (264) boot:  6 reserved         Unknown data     01 fe 003e0000 00020000[0m
[0;32mI (272) boot: End of partition table[0m
[0;32mI (276) esp_image: segment 0: paddr=00010020 vaddr=3f400020 size=2fb8ch (195468) map[0m
[0;32mI (340) esp_image: segment 1: paddr=0003fbb4 vaddr=3ffbdb60 size=00464h (  1124) load[0m
[0;32mI (341) esp_image: segment 2: paddr=00040020 vaddr=400d0020 size=c644ch (812108) map[0m
[0;32mI (575) esp_image: segment 3: paddr=00106474 vaddr=3ffbdfc4 size=05c38h ( 23608) load[0m
[0;32mI (583) esp_image: segment 4: paddr=0010c0b4 vaddr=40080000 size=1e5f0h (124400) load[0m
[0;32mI (640) boot: Loaded app from partition at offset 0x10000[0m
[0;32mI (640) boot: Disabling RNG early entropy source...[0m
[0;32mI (651) quad_psram: This chip is ESP32-D0WD[0m
[0;32mI (652) esp_psram: Found 8MB PSRAM device[0m
[0;32mI (652) esp_psram: Speed: 40MHz[0m
[0;32mI (656) esp_psram: PSRAM initialized, cache is in normal (1-core) mode.[0m
[0;33mW (663) esp_psram: Virtual address not enough for PSRAM, map as much as we can. 4MB is mapped[0m
[0;32mI (672) cpu_start: Unicore app[0m
[0;32mI (676) cpu_start: Single core mode[0m
[0;32mI (1603) esp_psram: SPI SRAM memory test OK[0m
[0;32mI (1611) cpu_start: Pro cpu start user code[0m
[0;32mI (1611) cpu_start: cpu freq: 240000000 Hz[0m
[0;32mI (1611) app_init: Application information:[0m
[0;32mI (1614) app_init: Project name:     mesh_local_control[0m
[0;32mI (1620) app_init: App version:      d1ba481-dirty[0m
[0;32mI (1626) app_init: Compile time:     Aug 26 2024 19:21:52[0m
[0;32mI (1632) app_init: ELF file SHA256:  a8fa9a525...[0m
[0;32mI (1637) app_init: ESP-IDF:          v5.3-dirty[0m
[0;32mI (1642) efuse_init: Min chip rev:     v0.0[0m
[0;32mI (1647) efuse_init: Max chip rev:     v3.99 [0m
[0;32mI (1652) efuse_init: Chip rev:         v3.1[0m
[0;32mI (1657) heap_init: Initializing. RAM available for dynamic allocation:[0m
[0;32mI (1665) heap_init: At 3FFAE6E0 len 0000F480 (61 KiB): DRAM[0m
[0;32mI (1671) heap_init: At 3FFC8A98 len 00017568 (93 KiB): DRAM[0m
[0;32mI (1677) heap_init: At 3FFE0440 len 0001FBC0 (126 KiB): D/IRAM[0m
[0;32mI (1684) heap_init: At 40078000 len 00008000 (32 KiB): IRAM[0m
[0;32mI (1690) heap_init: At 4009E5F0 len 00001A10 (6 KiB): IRAM[0m
[0;32mI (1696) heap_init: At 3FF80000 len 00002000 (8 KiB): RTCRAM[0m
[0;32mI (1703) esp_psram: Adding pool of 4096K of PSRAM memory to heap allocator[0m
[0;32mI (1711) spi_flash: detected chip: generic[0m
[0;32mI (1715) spi_flash: flash io: dio[0m
[0;33mW (1719) i2c: This driver is an old driver, please migrate your application code to adapt `driver/i2c_master.h`[0m
[0;32mI (1741) coexist: coex firmware version: dab85ae96[0m
[0;32mI (1742) main_task: Started on CPU0[0m
[0;32mI (1742) esp_psram: Reserving pool of 32K of internal memory for DMA/internal allocations[0m
[0;32mI (1750) main_task: Calling app_main()[0m
[0;32mI (1767) bridge_common: esp-iot-bridge version: 0.11.8[0m
I (1769) wifi:wifi driver task: 3ffbd618, prio:23, stack:6656, core=0
I (1771) wifi:wifi firmware version: 0caa81945
I (1773) wifi:wifi certification version: v7.0
I (1777) wifi:config NVS flash: enabled
I (1780) wifi:config nano formating: disabled
I (1785) wifi:Init data frame dynamic rx buffer num: 32
I (1790) wifi:Init static rx mgmt buffer num: 5
I (1794) wifi:Init management short buffer num: 32
I (1798) wifi:Init static tx buffer num: 16
I (1802) wifi:Init tx cache buffer num: 32
I (1806) wifi:Init static rx buffer size: 1600
I (1810) wifi:Init static rx buffer num: 10
I (1814) wifi:Init dynamic rx buffer num: 32
[0;32mI (1818) wifi_init: accept mbox: 6[0m
[0;32mI (1822) wifi_init: tcpip mbox: 32[0m
[0;32mI (1826) wifi_init: udp mbox: 6[0m
[0;32mI (1830) wifi_init: tcp mbox: 6[0m
[0;32mI (1833) wifi_init: tcp tx win: 5760[0m
[0;32mI (1838) wifi_init: tcp rx win: 5760[0m
[0;32mI (1842) wifi_init: tcp mss: 1440[0m
[0;32mI (1846) wifi_init: WiFi IRAM OP enabled[0m
[0;32mI (1850) wifi_init: WiFi RX IRAM OP enabled[0m
[0;32mI (1856) phy_init: phy_version 4830,54550f7,Jun 20 2024,14:22:08[0m
[0;33mW (1862) phy_init: failed to load RF calibration data (0x1102), falling back to full calibration[0m
ï¿½ets Jul 29 2019 12:21:46

rst:0x3 (SW_RESET),boot:0x13 (SPI_FAST_FLASH_BOOT)
configsip: 0, SPIWP:0xee
clk_drv:0x00,q_drv:0x00,d_drv:0x00,cs0_drv:0x00,hd_drv:0x00,wp_drv:0x00
mode:DIO, clock div:1
load:0x3fff0030,len:7168
load:0x40078000,len:15464
load:0x40080400,len:4
ho 8 tail 4 room 4
load:0x40080404,len:3684
entry 0x40080614
[0;32mI (179) boot: ESP-IDF v5.3-dirty 2nd stage bootloader[0m
[0;32mI (179) boot: compile time Aug 26 2024 19:21:57[0m
[0;33mW (179) boot: Unicore bootloader[0m
[0;32mI (184) boot: chip revision: v3.1[0m
[0;32mI (188) boot.esp32: SPI Speed      : 80MHz[0m
[0;32mI (193) boot.esp32: SPI Mode       : DIO[0m
[0;32mI (198) boot.esp32: SPI Flash Size : 4MB[0m
[0;32mI (202) boot: Enabling RNG early entropy source...[0m
[0;32mI (208) boot: Partition Table:[0m
[0;32mI (211) boot: ## Label            Usage          Type ST Offset   Length[0m
[0;32mI (219) boot:  0 nvs              WiFi data        01 02 00009000 00004000[0m
[0;32mI (226) boot:  1 otadata          OTA data         01 00 0000d000 00002000[0m
[0;32mI (234) boot:  2 phy_init         RF data          01 01 0000f000 00001000[0m
[0;32mI (242) boot:  3 ota_0            OTA app          00 10 00010000 001e0000[0m
[0;32mI (249) boot:  4 ota_1            OTA app          00 11 001f0000 001e0000[0m
[0;32mI (257) boot:  5 coredump         Unknown data     01 03 003d0000 00010000[0m
[0;32mI (264) boot:  6 reserved         Unknown data     01 fe 003e0000 00020000[0m
[0;32mI (272) boot: End of partition table[0m
[0;32mI (276) esp_image: segment 0: paddr=00010020 vaddr=3f400020 size=2fb8ch (195468) map[0m
[0;32mI (340) esp_image: segment 1: paddr=0003fbb4 vaddr=3ffbdb60 size=00464h (  1124) load[0m
[0;32mI (341) esp_image: segment 2: paddr=00040020 vaddr=400d0020 size=c644ch (812108) map[0m
[0;32mI (575) esp_image: segment 3: paddr=00106474 vaddr=3ffbdfc4 size=05c38h ( 23608) load[0m
[0;32mI (583) esp_image: segment 4: paddr=0010c0b4 vaddr=40080000 size=1e5f0h (124400) load[0m
[0;32mI (640) boot: Loaded app from partition at offset 0x10000[0m
[0;32mI (640) boot: Disabling RNG early entropy source...[0m
[0;32mI (651) quad_psram: This chip is ESP32-D0WD[0m
[0;32mI (652) esp_psram: Found 8MB PSRAM device[0m
[0;32mI (652) esp_psram: Speed: 40MHz[0m
[0;32mI (656) esp_psram: PSRAM initialized, cache is in normal (1-core) mode.[0m
[0;33mW (663) esp_psram: Virtual address not enough for PSRAM, map as much as we can. 4MB is mapped[0m
[0;32mI (672) cpu_start: Unicore app[0m
[0;32mI (676) cpu_start: Single core mode[0m
[0;32mI (1603) esp_psram: SPI SRAM memory test OK[0m
[0;32mI (1611) cpu_start: Pro cpu start user code[0m
[0;32mI (1611) cpu_start: cpu freq: 240000000 Hz[0m
[0;32mI (1611) app_init: Application information:[0m
[0;32mI (1614) app_init: Project name:     mesh_local_control[0m
[0;32mI (1620) app_init: App version:      d1ba481-dirty[0m
[0;32mI (1626) app_init: Compile time:     Aug 26 2024 19:21:52[0m
[0;32mI (1632) app_init: ELF file SHA256:  a8fa9a525...[0m
[0;32mI (1637) app_init: ESP-IDF:          v5.3-dirty[0m
[0;32mI (1642) efuse_init: Min chip rev:     v0.0[0m
[0;32mI (1647) efuse_init: Max chip rev:     v3.99 [0m
[0;32mI (1652) efuse_init: Chip rev:         v3.1[0m
[0;32mI (1657) heap_init: Initializing. RAM available for dynamic allocation:[0m
[0;32mI (1665) heap_init: At 3FFAE6E0 len 0000F480 (61 KiB): DRAM[0m
[0;32mI (1671) heap_init: At 3FFC8A98 len 00017568 (93 KiB): DRAM[0m
[0;32mI (1677) heap_init: At 3FFE0440 len 0001FBC0 (126 KiB): D/IRAM[0m
[0;32mI (1684) heap_init: At 40078000 len 00008000 (32 KiB): IRAM[0m
[0;32mI (1690) heap_init: At 4009E5F0 len 00001A10 (6 KiB): IRAM[0m
[0;32mI (1696) heap_init: At 3FF80000 len 00002000 (8 KiB): RTCRAM[0m
[0;32mI (1703) esp_psram: Adding pool of 4096K of PSRAM memory to heap allocator[0m
[0;32mI (1711) spi_flash: detected chip: generic[0m
[0;32mI (1715) spi_flash: flash io: dio[0m
[0;33mW (1719) i2c: This driver is an old driver, please migrate your application code to adapt `driver/i2c_master.h`[0m
[0;32mI (1741) coexist: coex firmware version: dab85ae96[0m
[0;32mI (1741) main_task: Started on CPU0[0m
[0;32mI (1741) esp_psram: Reserving pool of 32K of internal memory for DMA/internal allocations[0m
[0;32mI (1749) main_task: Calling app_main()[0m
[0;32mI (1766) bridge_common: esp-iot-bridge version: 0.11.8[0m
I (1768) wifi:wifi driver task: 3ffbd618, prio:23, stack:6656, core=0
I (1770) wifi:wifi firmware version: 0caa81945
I (1772) wifi:wifi certification version: v7.0
I (1776) wifi:config NVS flash: enabled
I (1779) wifi:config nano formating: disabled
I (1784) wifi:Init data frame dynamic rx buffer num: 32
I (1789) wifi:Init static rx mgmt buffer num: 5
I (1793) wifi:Init management short buffer num: 32
I (1797) wifi:Init static tx buffer num: 16
I (1801) wifi:Init tx cache buffer num: 32
I (1805) wifi:Init static rx buffer size: 1600
I (1809) wifi:Init static rx buffer num: 10
I (1813) wifi:Init dynamic rx buffer num: 32
[0;32mI (1817) wifi_init: accept mbox: 6[0m
[0;32mI (1821) wifi_init: tcpip mbox: 32[0m
[0;32mI (1825) wifi_init: udp mbox: 6[0m
[0;32mI (1829) wifi_init: tcp mbox: 6[0m
[0;32mI (1832) wifi_init: tcp tx win: 5760[0m
[0;32mI (1837) wifi_init: tcp rx win: 5760[0m
[0;32mI (1841) wifi_init: tcp mss: 1440[0m
[0;32mI (1845) wifi_init: WiFi IRAM OP enabled[0m
[0;32mI (1849) wifi_init: WiFi RX IRAM OP enabled[0m
[0;32mI (1855) phy_init: phy_version 4830,54550f7,Jun 20 2024,14:22:08[0m
[0;33mW (1861) phy_init: failed to load RF calibration data (0x1102), falling back to full calibration[0m
ï¿½ets Jul 29 2019 12:21:46

rst:0x3 (SW_RESET),boot:0x13 (SPI_FAST_FLASH_BOOT)
configsip: 0, SPIWP:0xee
clk_drv:0x00,q_drv:0x00,d_drv:0x00,cs0_drv:0x00,hd_drv:0x00,wp_drv:0x00
mode:DIO, clock div:1
load:0x3fff0030,len:7168
load:0x40078000,len:15464
load:0x40080400,len:4
ho 8 tail 4 room 4
load:0x40080404,len:3684
entry 0x40080614
[0;32mI (179) boot: ESP-IDF v5.3-dirty 2nd stage bootloader[0m
[0;32mI (179) boot: compile time Aug 26 2024 19:21:57[0m
[0;33mW (179) boot: Unicore bootloader[0m
[0;32mI (184) boot: chip revision: v3.1[0m
[0;32mI (188) boot.esp32: SPI Speed      : 80MHz[0m
[0;32mI (193) boot.esp32: SPI Mode       : DIO[0m
[0;32mI (198) boot.esp32: SPI Flash Size : 4MB[0m
[0;32mI (202) boot: Enabling RNG early entropy source...[0m
[0;32mI (208) boot: Partition Table:[0m
[0;32mI (211) boot: ## Label            Usage          Type ST Offset   Length[0m
[0;32mI (219) boot:  0 nvs              WiFi data        01 02 00009000 00004000[0m
[0;32mI (226) boot:  1 otadata          OTA data         01 00 0000d000 00002000[0m
[0;32mI (234) boot:  2 phy_init         RF data          01 01 0000f000 00001000[0m
[0;32mI (242) boot:  3 ota_0            OTA app          00 10 00010000 001e0000[0m
[0;32mI (249) boot:  4 ota_1            OTA app          00 11 001f0000 001e0000[0m
[0;32mI (257) boot:  5 coredump         Unknown data     01 03 003d0000 00010000[0m
[0;32mI (264) boot:  6 reserved         Unknown data     01 fe 003e0000 00020000[0m
[0;32mI (272) boot: End of partition table[0m
[0;32mI (276) esp_image: segment 0: paddr=00010020 vaddr=3f400020 size=2fb8ch (195468) map[0m
[0;32mI (340) esp_image: segment 1: paddr=0003fbb4 vaddr=3ffbdb60 size=00464h (  1124) load[0m
[0;32mI (341) esp_image: segment 2: paddr=00040020 vaddr=400d0020 size=c644ch (812108) map[0m
[0;32mI (575) esp_image: segment 3: paddr=00106474 vaddr=3ffbdfc4 size=05c38h ( 23608) load[0m
[0;32mI (583) esp_image: segment 4: paddr=0010c0b4 vaddr=40080000 size=1e5f0h (124400) load[0m
[0;32mI (640) boot: Loaded app from partition at offset 0x10000[0m
[0;32mI (640) boot: Disabling RNG early entropy source...[0m
[0;32mI (651) quad_psram: This chip is ESP32-D0WD[0m
[0;32mI (652) esp_psram: Found 8MB PSRAM device[0m
[0;32mI (652) esp_psram: Speed: 40MHz[0m
[0;32mI (656) esp_psram: PSRAM initialized, cache is in normal (1-core) mode.[0m
[0;33mW (663) esp_psram: Virtual address not enough for PSRAM, map as much as we can. 4MB is mapped[0m
[0;32mI (672) cpu_start: Unicore app[0m
[0;32mI (676) cpu_start: Single core mode[0m
[0;32mI (1603) esp_psram: SPI SRAM memory test OK[0m
[0;32mI (1611) cpu_start: Pro cpu start user code[0m
[0;32mI (1611) cpu_start: cpu freq: 240000000 Hz[0m
[0;32mI (1611) app_init: Application information:[0m
[0;32mI (1614) app_init: Project name:     mesh_local_control[0m
[0;32mI (1620) app_init: App version:      d1ba481-dirty[0m
[0;32mI (1626) app_init: Compile time:     Aug 26 2024 19:21:52[0m
[0;32mI (1632) app_init: ELF file SHA256:  a8fa9a525...[0m
[0;32mI (1637) app_init: ESP-IDF:          v5.3-dirty[0m
[0;32mI (1642) efuse_init: Min chip rev:     v0.0[0m
[0;32mI (1647) efuse_init: Max chip rev:     v3.99 [0m
[0;32mI (1652) efuse_init: Chip rev:         v3.1[0m
[0;32mI (1657) heap_init: Initializing. RAM available for dynamic allocation:[0m
[0;32mI (1665) heap_init: At 3FFAE6E0 len 0000F480 (61 KiB): DRAM[0m
[0;32mI (1671) heap_init: At 3FFC8A98 len 00017568 (93 KiB): DRAM[0m
[0;32mI (1677) heap_init: At 3FFE0440 len 0001FBC0 (126 KiB): D/IRAM[0m
[0;32mI (1684) heap_init: At 40078000 len 00008000 (32 KiB): IRAM[0m
[0;32mI (1690) heap_init: At 4009E5F0 len 00001A10 (6 KiB): IRAM[0m
[0;32mI (1696) heap_init: At 3FF80000 len 00002000 (8 KiB): RTCRAM[0m
[0;32mI (1703) esp_psram: Adding pool of 4096K of PSRAM memory to heap allocator[0m
[0;32mI (1711) spi_flash: detected chip: generic[0m
[0;32mI (1715) spi_flash: flash io: dio[0m
[0;33mW (1719) i2c: This driver is an old driver, please migrate your application code to adapt `driver/i2c_master.h`[0m
[0;32mI (1741) coexist: coex firmware version: dab85ae96[0m
[0;32mI (1741) main_task: Started on CPU0[0m
[0;32mI (1741) esp_psram: Reserving pool of 32K of internal memory for DMA/internal allocations[0m
[0;32mI (1749) main_task: Calling app_main()[0m
[0;32mI (1766) bridge_common: esp-iot-bridge version: 0.11.8[0m
I (1768) wifi:wifi driver task: 3ffbd618, prio:23, stack:6656, core=0
I (1770) wifi:wifi firmware version: 0caa81945
I (1772) wifi:wifi certification version: v7.0
I (1776) wifi:config NVS flash: enabled
I (1779) wifi:config nano formating: disabled
I (1784) wifi:Init data frame dynamic rx buffer num: 32
I (1789) wifi:Init static rx mgmt buffer num: 5
I (1793) wifi:Init management short buffer num: 32
I (1797) wifi:Init static tx buffer num: 16
I (1801) wifi:Init tx cache buffer num: 32
I (1805) wifi:Init static rx buffer size: 1600
I (1809) wifi:Init static rx buffer num: 10
I (1813) wifi:Init dynamic rx buffer num: 32
[0;32mI (1817) wifi_init: accept mbox: 6[0m
[0;32mI (1821) wifi_init: tcpip mbox: 32[0m
[0;32mI (1825) wifi_init: udp mbox: 6[0m
[0;32mI (1829) wifi_init: tcp mbox: 6[0m
[0;32mI (1832) wifi_init: tcp tx win: 5760[0m
[0;32mI (1837) wifi_init: tcp rx win: 5760[0m
[0;32mI (1841) wifi_init: tcp mss: 1440[0m
[0;32mI (1845) wifi_init: WiFi IRAM OP enabled[0m
[0;32mI (1849) wifi_init: WiFi RX IRAM OP enabled[0m
[0;32mI (1855) phy_init: phy_version 4830,54550f7,Jun 20 2024,14:22:08[0m
[0;33mW (1861) phy_init: failed to load RF calibration data (0x1102), falling back to full calibration[0m
ï¿½ets Jul 29 2019 12:21:46

rst:0x3 (SW_RESET),boot:0x13 (SPI_FAST_FLASH_BOOT)
configsip: 0, SPIWP:0xee
clk_drv:0x00,q_drv:0x00,d_drv:0x00,cs0_drv:0x00,hd_drv:0x00,wp_drv:0x00
mode:DIO, clock div:1
load:0x3fff0030,len:7168
load:0x40078000,len:15464
load:0x40080400,len:4
ho 8 tail 4 room 4
load:0x40080404,len:3684
entry 0x40080614
[0;32mI (179) boot: ESP-IDF v5.3-dirty 2nd stage bootloader[0m
[0;32mI (179) boot: compile time Aug 26 2024 19:21:57[0m
[0;33mW (179) boot: Unicore bootloader[0m
[0;32mI (184) boot: chip revision: v3.1[0m
[0;32mI (188) boot.esp32: SPI Speed      : 80MHz[0m
[0;32mI (193) boot.esp32: SPI Mode       : DIO[0m
[0;32mI (198) boot.esp32: SPI Flash Size : 4MB[0m
[0;32mI (202) boot: Enabling RNG early entropy source...[0m
[0;32mI (208) boot: Partition Table:[0m
[0;32mI (211) boot: ## Label            Usage          Type ST Offset   Length[0m
[0;32mI (219) boot:  0 nvs              WiFi data        01 02 00009000 00004000[0m
[0;32mI (226) boot:  1 otadata          OTA data         01 00 0000d000 00002000[0m
[0;32mI (234) boot:  2 phy_init         RF data          01 01 0000f000 00001000[0m
[0;32mI (242) boot:  3 ota_0            OTA app          00 10 00010000 001e0000[0m
[0;32mI (249) boot:  4 ota_1            OTA app          00 11 001f0000 001e0000[0m
[0;32mI (257) boot:  5 coredump         Unknown data     01 03 003d0000 00010000[0m
[0;32mI (264) boot:  6 reserved         Unknown data     01 fe 003e0000 00020000[0m
[0;32mI (272) boot: End of partition table[0m
[0;32mI (276) esp_image: segment 0: paddr=00010020 vaddr=3f400020 size=2fb8ch (195468) map[0m
[0;32mI (340) esp_image: segment 1: paddr=0003fbb4 vaddr=3ffbdb60 size=00464h (  1124) load[0m
[0;32mI (341) esp_image: segment 2: paddr=00040020 vaddr=400d0020 size=c644ch (812108) map[0m
[0;32mI (575) esp_image: segment 3: paddr=00106474 vaddr=3ffbdfc4 size=05c38h ( 23608) load[0m
[0;32mI (583) esp_image: segment 4: paddr=0010c0b4 vaddr=40080000 size=1e5f0h (124400) load[0m
[0;32mI (640) boot: Loaded app from partition at offset 0x10000[0m
[0;32mI (640) boot: Disabling RNG early entropy source...[0m
[0;32mI (651) quad_psram: This chip is ESP32-D0WD[0m
[0;32mI (652) esp_psram: Found 8MB PSRAM device[0m
[0;32mI (652) esp_psram: Speed: 40MHz[0m
[0;32mI (656) esp_psram: PSRAM initialized, cache is in normal (1-core) mode.[0m
[0;33mW (663) esp_psram: Virtual address not enough for PSRAM, map as much as we can. 4MB is mapped[0m
[0;32mI (672) cpu_start: Unicore app[0m
[0;32mI (676) cpu_start: Single core mode[0m
[0;32mI (1603) esp_psram: SPI SRAM memory test OK[0m
[0;32mI (1611) cpu_start: Pro cpu start user code[0m
[0;32mI (1611) cpu_start: cpu freq: 240000000 Hz[0m
[0;32mI (1611) app_init: Application information:[0m
[0;32mI (1614) app_init: Project name:     mesh_local_control[0m
[0;32mI (1620) app_init: App version:      d1ba481-dirty[0m
[0;32mI (1626) app_init: Compile time:     Aug 26 2024 19:21:52[0m
[0;32mI (1632) app_init: ELF file SHA256:  a8fa9a525...[0m
[0;32mI (1637) app_init: ESP-IDF:          v5.3-dirty[0m
[0;32mI (1642) efuse_init: Min chip rev:     v0.0[0m
[0;32mI (1647) efuse_init: Max chip rev:     v3.99 [0m
[0;32mI (1652) efuse_init: Chip rev:         v3.1[0m
[0;32mI (1657) heap_init: Initializing. RAM available for dynamic allocation:[0m
[0;32mI (1665) heap_init: At 3FFAE6E0 len 0000F480 (61 KiB): DRAM[0m
[0;32mI (1671) heap_init: At 3FFC8A98 len 00017568 (93 KiB): DRAM[0m
[0;32mI (1677) heap_init: At 3FFE0440 len 0001FBC0 (126 KiB): D/IRAM[0m
[0;32mI (1684) heap_init: At 40078000 len 00008000 (32 KiB): IRAM[0m
[0;32mI (1690) heap_init: At 4009E5F0 len 00001A10 (6 KiB): IRAM[0m
[0;32mI (1696) heap_init: At 3FF80000 len 00002000 (8 KiB): RTCRAM[0m
[0;32mI (1703) esp_psram: Adding pool of 4096K of PSRAM memory to heap allocator[0m
[0;32mI (1711) spi_flash: detected chip: generic[0m
[0;32mI (1715) spi_flash: flash io: dio[0m
[0;33mW (1719) i2c: This driver is an old driver, please migrate your application code to adapt `driver/i2c_master.h`[0m
[0;32mI (1741) coexist: coex firmware version: dab85ae96[0m
[0;32mI (1742) main_task: Started on CPU0[0m
[0;32mI (1742) esp_psram: Reserving pool of 32K of internal memory for DMA/internal allocations[0m
[0;32mI (1750) main_task: Calling app_main()[0m
[0;32mI (1767) bridge_common: esp-iot-bridge version: 0.11.8[0m
I (1769) wifi:wifi driver task: 3ffbd618, prio:23, stack:6656, core=0
I (1771) wifi:wifi firmware version: 0caa81945
I (1773) wifi:wifi certification version: v7.0
I (1777) wifi:config NVS flash: enabled
I (1780) wifi:config nano formating: disabled
I (1785) wifi:Init data frame dynamic rx buffer num: 32
I (1790) wifi:Init static rx mgmt buffer num: 5
I (1794) wifi:Init management short buffer num: 32
I (1798) wifi:Init static tx buffer num: 16
I (1802) wifi:Init tx cache buffer num: 32
I (1806) wifi:Init static rx buffer size: 1600
I (1810) wifi:Init static rx buffer num: 10
I (1814) wifi:Init dynamic rx buffer num: 32
[0;32mI (1818) wifi_init: accept mbox: 6[0m
[0;32mI (1822) wifi_init: tcpip mbox: 32[0m
[0;32mI (1826) wifi_init: udp mbox: 6[0m
[0;32mI (1830) wifi_init: tcp mbox: 6[0m
[0;32mI (1833) wifi_init: tcp tx win: 5760[0m
[0;32mI (1838) wifi_init: tcp rx win: 5760[0m
[0;32mI (1842) wifi_init: tcp mss: 1440[0m
[0;32mI (1846) wifi_init: WiFi IRAM OP enabled[0m
[0;32mI (1850) wifi_init: WiFi RX IRAM Oï¿½ets Jul 29 2019 12:21:46

rst:0x3 (SW_RESET),boot:0x13 (SPI_FAST_FLASH_BOOT)
configsip: 0, SPIWP:0xee
clk_drv:0x00,q_drv:0x00,d_drv:0x00,cs0_drv:0x00,hd_drv:0x00,wp_drv:0x00
mode:DIO, clock div:1
load:0x3fff0030,len:7168
load:0x40078000,len:15464
load:0x40080400,len:4
ho 8 tail 4 room 4
load:0x40080404,len:3684
entry 0x40080614
[0;32mI (179) boot: ESP-IDF v5.3-dirty 2nd stage bootloader[0m
[0;32mI (179) boot: compile time Aug 26 2024 19:21:57[0m
[0;33mW (179) boot: Unicore bootloader[0m
[0;32mI (184) boot: chip revision: v3.1[0m
[0;32mI (188) boot.esp32: SPI Speed      : 80MHz[0m
[0;32mI (193) boot.esp32: SPI Mode       : DIO[0m
[0;32mI (198) boot.esp32: SPI Flash Size : 4MB[0m
[0;32mI (202) boot: Enabling RNG early entropy source...[0m
[0;32mI (208) boot: Partition Table:[0m
[0;32mI (211) boot: ## Label            Usage          Type ST Offset   Length[0m
[0;32mI (219) boot:  0 nvs              WiFi data        01 02 00009000 00004000[0m
[0;32mI (226) boot:  1 otadata          OTA data         01 00 0000d000 00002000[0m
[0;32mI (234) boot:  2 phy_init         RF data          01 01 0000f000 00001000[0m
[0;32mI (242) boot:  3 ota_0            OTA app          00 10 00010000 001e0000[0m
[0;32mI (249) boot:  4 ota_1            OTA app          00 11 001f0000 001e0000[0m
[0;32mI (257) boot:  5 coredump         Unknown data     01 03 003d0000 00010000[0m
[0;32mI (264) boot:  6 reserved         Unknown data     01 fe 003e0000 00020000[0m
[0;32mI (272) boot: End of partition table[0m
[0;32mI (276) esp_image: segment 0: paddr=00010020 vaddr=3f400020 size=2fb8ch (195468) map[0m
[0;32mI (340) esp_image: segment 1: paddr=0003fbb4 vaddr=3ffbdb60 size=00464h (  1124) load[0m
[0;32mI (341) esp_image: segment 2: paddr=00040020 vaddr=400d0020 size=c644ch (812108) map[0m
[0;32mI (575) esp_image: segment 3: paddr=00106474 vaddr=3ffbdfc4 size=05c38h ( 23608) load[0m
[0;32mI (583) esp_image: segment 4: paddr=0010c0b4 vaddr=40080000 size=1e5f0h (124400) load[0m
[0;32mI (640) boot: Loaded app from partition at offset 0x10000[0m
[0;32mI (640) boot: Disabling RNG early entropy source...[0m
[0;32mI (651) quad_psram: This chip is ESP32-D0WD[0m
[0;32mI (652) esp_psram: Found 8MB PSRAM device[0m
[0;32mI (652) esp_psram: Speed: 40MHz[0m
[0;32mI (656) esp_psram: PSRAM initialized, cache is in normal (1-core) mode.[0m
[0;33mW (663) esp_psram: Virtual address not enough for PSRAM, map as much as we can. 4MB is mapped[0m
[0;32mI (672) cpu_start: Unicore app[0m
[0;32mI (676) cpu_start: Single core mode[0m
ets Jul 29 2019 12:21:46

rst:0x1 (POWERON_RESET),boot:0x13 (SPI_FAST_FLASH_BOOT)
configsip: 0, SPIWP:0xee
clk_drv:0x00,q_drv:0x00,d_drv:0x00,cs0_drv:0x00,hd_drv:0x00,wp_drv:0x00
mode:DIO, clock div:1
load:0x3fff0030,len:7168
load:0x40078000,len:15464
load:0x40080400,len:4
ho 8 tail 4 room 4
load:0x40080404,len:3684
entry 0x40080614
[0;32mI (31) boot: ESP-IDF v5.3-dirty 2nd stage bootloader[0m
[0;32mI (31) boot: compile time Aug 26 2024 19:21:57[0m
[0;33mW (31) boot: Unicore bootloader[0m
[0;32mI (35) boot: chip revision: v3.1[0m
[0;32mI (39) boot.esp32: SPI Speed      : 80MHz[0m
[0;32mI (44) boot.esp32: SPI Mode       : DIO[0m
[0;32mI (48) boot.esp32: SPI Flash Size : 4MB[0m
[0;32mI (53) boot: Enabling RNG early entropy source...[0m
[0;32mI (58) boot: Partition Table:[0m
[0;32mI (62) boot: ## Label            Usage          Type ST Offset   Length[0m
[0;32mI (69) boot:  0 nvs              WiFi data        01 02 00009000 00004000[0m
[0;32mI (77) boot:  1 otadata          OTA data         01 00 0000d000 00002000[0m
[0;32mI (84) boot:  2 phy_init         RF data          01 01 0000f000 00001000[0m
[0;32mI (92) boot:  3 ota_0            OTA app          00 10 00010000 001e0000[0m
[0;32mI (99) boot:  4 ota_1            OTA app          00 11 001f0000 001e0000[0m
[0;32mI (107) boot:  5 coredump         Unknown data     01 03 003d0000 00010000[0m
[0;32mI (114) boot:  6 reserved         Unknown data     01 fe 003e0000 00020000[0m
[0;32mI (122) boot: End of partition table[0m
[0;32mI (126) esp_image: segment 0: paddr=00010020 vaddr=3f400020 size=2fb8ch (195468) map[0m
[0;32mI (190) esp_image: segment 1: paddr=0003fbb4 vaddr=3ffbdb60 size=00464h (  1124) load[0m
[0;32mI (191) esp_image: segment 2: paddr=00040020 vaddr=400d0020 size=c644ch (812108) map[0m
[0;32mI (425) esp_image: segment 3: paddr=00106474 vaddr=3ffbdfc4 size=05c38h ( 23608) load[0m
[0;32mI (433) esp_image: segment 4: paddr=0010c0b4 vaddr=40080000 size=1e5f0h (124400) load[0m
[0;32mI (490) boot: Loaded app from partition at offset 0x10000[0m
[0;32mI (490) boot: Disabling RNG early entropy source...[0m
[0;32mI (501) quad_psram: This chip is ESP32-D0WD[0m
[0;32mI (502) esp_psram: Found 8MB PSRAM device[0m
[0;32mI (502) esp_psram: Speed: 40MHz[0m
[0;32mI (506) esp_psram: PSRAM initialized, cache is in normal (1-core) mode.[0m
[0;33mW (513) esp_psram: Virtual address not enough for PSRAM, map as much as we can. 4MB is mapped[0m
[0;32mI (522) cpu_start: Unicore app[0m
[0;32mI (526) cpu_start: Single core mode[0m
[0;32mI (1453) esp_psram: SPI SRAM memory test OK[0m
[0;32mI (1461) cpu_start: Pro cpu start user code[0m
[0;32mI (1461) cpu_start: cpu freq: 240000000 Hz[0m
[0;32mI (1461) app_init: Application information:[0m
[0;32mI (1464) app_init: Project name:     mesh_local_control[0m
[0;32mI (1470) app_init: App version:      d1ba481-dirty[0m
[0;32mI (1476) app_init: Compile time:     Aug 26 2024 19:21:52[0m
[0;32mI (1482) app_init: ELF file SHA256:  a8fa9a525...[0m
[0;32mI (1487) app_init: ESP-IDF:          v5.3-dirty[0m
[0;32mI (1492) efuse_init: Min chip rev:     v0.0[0m
[0;32mI (1497) efuse_init: Max chip rev:     v3.99 [0m
[0;32mI (1502) efuse_init: Chip rev:         v3.1[0m
[0;32mI (1507) heap_init: Initializing. RAM available for dynamic allocation:[0m
[0;32mI (1515) heap_init: At 3FFAE6E0 len 0000F480 (61 KiB): DRAM[0m
[0;32mI (1521) heap_init: At 3FFC8A98 len 00017568 (93 KiB): DRAM[0m
[0;32mI (1527) heap_init: At 3FFE0440 len 0001FBC0 (126 KiB): D/IRAM[0m
[0;32mI (1534) heap_init: At 40078000 len 00008000 (32 KiB): IRAM[0m
[0;32mI (1540) heap_init: At 4009E5F0 len 00001A10 (6 KiB): IRAM[0m
[0;32mI (1546) heap_init: At 3FF80000 len 00002000 (8 KiB): RTCRAM[0m
[0;32mI (1553) esp_psram: Adding pool of 4096K of PSRAM memory to heap allocator[0m
[0;32mI (1561) spi_flash: detected chip: generic[0m
[0;32mI (1565) spi_flash: flash io: dio[0m
[0;33mW (1569) i2c: This driver is an old driver, please migrate your application code to adapt `driver/i2c_master.h`[0m
[0;32mI (1591) coexist: coex firmware version: dab85ae96[0m
[0;32mI (1591) main_task: Started on CPU0[0m
[0;32mI (1591) esp_psram: Reserving pool of 32K of internal memory for DMA/internal allocations[0m
[0;32mI (1599) main_task: Calling app_main()[0m
[0;32mI (1616) bridge_common: esp-iot-bridge version: 0.11.8[0m
I (1618) wifi:wifi driver task: 3ffbd618, prio:23, stack:6656, core=0
I (1620) wifi:wifi firmware version: 0caa81945
I (1622) wifi:wifi certification version: v7.0
I (1626) wifi:config NVS flash: enabled
I (1629) wifi:config nano formating: disabled
I (1634) wifi:Init data frame dynamic rx buffer num: 32
I (1639) wifi:Init static rx mgmt buffer num: 5
I (1643) wifi:Init management short buffer num: 32
I (1647) wifi:Init static tx buffer num: 16
I (1651) wifi:Init tx cache buffer num: 32
I (1655) wifi:Init static rx buffer size: 1600
I (1659) wifi:Init static rx buffer num: 10
I (1663) wifi:Init dynamic rx buffer num: 32
[0;32mI (1667) wifi_init: accept mbox: 6[0m
[0;32mI (1671) wifi_init: tcpip mbox: 32[0m
[0;32mI (1675) wifi_init: udp mbox: 6[0m
[0;32mI (1679) wifi_init: tcp mbox: 6[0m
[0;32mI (1682) wifi_init: tcp tx win: 5760[0m
[0;32mI (1687) wifi_init: tcp rx win: 5760[0m
[0;32mI (1691) wifi_init: tcp mss: 1440[0m
[0;32mI (1695) wifi_init: WiFi IRAM OP enabled[0m
[0;32mI (1699) wifi_init: WiFi RX IRAM OP enabled[0m
[0;32mI (1705) phy_init: phy_version 4830,54550f7,Jun 20 2024,14:22:08[0m
[0;33mW (1711) phy_init: failed to load RF calibration data (0x1102), falling back to full calibration[0m
[0;33mW (1779) phy_init: saving new calibration data because of checksum failure, mode(2)[0m
I (1788) wifi:mode : null
I (1790) wifi:mode : softAP (08:a6:f7:11:51:a9)
I (1791) wifi:Total power save buffer number: 8
I (1791) wifi:Init max length of beacon: 752/752
I (1794) wifi:Init max length of beacon: 752/752
[0;32mI (1800) esp_netif_lwip: DHCP server started on interface WIFI_AP_DEF with IP: 192.168.4.1[0m
Add netif ap with d1ba481(commit id)
[0;32mI (1810) bridge_common: netif list add success[0m
[0;31mE (1815) NVS: Failed to open NVS namespace[0m
[0;32mI (1820) bridge_common: IP Address:192.168.5.1[0m
[0;32mI (1825) bridge_common: GW Address:192.168.5.1[0m
[0;32mI (1830) bridge_common: NM Address:255.255.255.0[0m
[0;32mI (1835) bridge_common: [WIFI_AP_DEF ][0m
[0;32mI (1840) bridge_common: Set ip info:192.168.5.1[0m
[0;32mI (1845) bridge_wifi: SoftAP IP network segment has changed, deauth all station[0m
I (1856) wifi:Disabled PMF config for SoftAP
I (1857) wifi:Total power save buffer number: 8
[0;32mI (1863) esp_netif_lwip: DHCP server started on interface WIFI_AP_DEF with IP: 192.168.5.1[0m
[0;32mI (1870) bridge_common: [WIFI_AP_DEF ]Name Server1: 114.114.114.114[0m
[0;32mI (1877) bridge_common: DHCPS Restart, deauth all station[0m
Add netif sta with d1ba481(commit id)
[0;32mI (1886) bridge_common: netif list add success[0m
I (1892) wifi:mode : sta (08:a6:f7:11:51:a8) + softAP (08:a6:f7:11:51:a9)
I (1898) wifi:enable tsf
[0;31mE (1901) NVS: Failed to read IP info from NVS[0m
I (1905) wifi:Disabled PMF config for STA
[0;32mI (1909) bridge_wifi: [esp_bridge_wifi_set_config] sta ssid: Tran Con Dev password: password[0m
[0;32mI (1918) bridge_wifi: [esp_bridge_wifi_set_config] softap ssid: ESP_Bridge_1151a9 password: 12345678[0m
I (2099) wifi:Total power save buffer number: 8
[0;32mI (2102) esp_netif_lwip: DHCP server started on interface WIFI_AP_DEF with IP: 192.168.5.1[0m
[0;32mI (2103) bridge_wifi: SoftAP config changed, deauth all station[0m
[0;32mI (2108) Mesh-Lite: esp-mesh-lite component version: 1.0.0[0m
I (2115) ESPNOW: espnow [version: 1.0] init
[0;32mI (2118) [vendor_ie]: Mesh-Lite commit id: bc9302d
 [0m
[0;31mE (2125) [vendor_ie]: Error Get! [0m
[0;33mW (2128) [vendor_ie]: Mesh ID is not saved in flash [0m
[0;32mI (2134) [vendor_ie]: Mesh ID: 77 [0m
[0;33mW (2138) [vendor_ie]: Error Get[4354] [0m
[0;33mW (2142) [vendor_ie]: Error Get[4354] [0m
[0;32mI (2148) [ESP_Mesh_Lite_Comm]: msg action add success [0m
[0;32mI (2154) [ESP_Mesh_Lite_Comm]: Bind Socket 54, port 6364 [0m
[0;32mI (2158) [ESP_Mesh_Lite_Comm]: Bind Socket 55, port 6363 [0m
[0;32mI (2165) [ESP_Mesh_Lite_Comm]: Bind Socket 56, port 6366 [0m
[0;32mI (2171) [ESP_Mesh_Lite_Comm]: Bind Socket 57, port 6365 [0m
[0;32mI (2177) [mesh-lite-espnow]: Start espnow task [0m
[0;32mI (2184) Mesh-Lite: Mesh-Lite connecting[0m
[0;32mI (2188) [vendor_ie]: esp_mesh_lite_wifi_scan_start return ESP_OK [0m
[0;32mI (2193) gpio: GPIO[25]| InputEn: 1| OutputEn: 0| OpenDrain: 0| Pullup: 1| Pulldown: 0| Intr:2 [0m
[0;32mI (2203) cam_hal: cam init ok[0m
[0;32mI (2206) sccb: pin_sda 26 pin_scl 27[0m
[0;32mI (2210) sccb: sccb_i2c_port=1[0m
[0;32mI (2214) gpio: GPIO[32]| InputEn: 0| OutputEn: 1| OpenDrain: 0| Pullup: 0| Pulldown: 0| Intr:0 [0m
[0;32mI (2253) camera: Detected camera at address=0x30[0m
[0;32mI (2255) camera: Detected OV2640 camera[0m
[0;32mI (2255) camera: Camera PID=0x26 VER=0x42 MIDL=0x7f MIDH=0xa2[0m
[0;32mI (2321) cam_hal: buffer_size: 32768, half_buffer_size: 4096, node_buffer_size: 2048, node_cnt: 16, total_cnt: 5[0m
[0;32mI (2321) cam_hal: Allocating 23680 Byte frame buffer in PSRAM[0m
[0;32mI (2327) cam_hal: Allocating 23680 Byte frame buffer in PSRAM[0m
[0;32mI (2334) cam_hal: cam config ok[0m
[0;32mI (2337) ov2640: Set PLL: clk_2x: 0, clk_div: 0, pclk_auto: 0, pclk_div: 8[0m
[0;32mI (2419) rc522: Initialized (firmware v2.0)[0m
[0;32mI (3727) [vendor_ie]: Mesh-Lite Scan done [0m
[0;32mI (3728) [vendor_ie]: RTC store: temp_mesh_id:255; ssid:Tran Con Dev; bssid:00:00:00:00:00:00; crc:2891781910 [0m
[0;32mI (3732) [vendor_ie]: wifi_cfg Tran Con Dev router_config Tran Con Dev [0m
[0;32mI (3740) [vendor_ie]: esp_mesh_lite_wifi_connect return ESP_OK [0m
I (4367) wifi:ap channel adjust o:1,1 n:4,1
I (4368) wifi:new:<4,0>, old:<1,1>, ap:<4,1>, sta:<4,0>, prof:1, snd_ch_cfg:0x0
I (4368) wifi:state: init -> auth (0xb0)
I (4373) wifi:state: auth -> assoc (0x0)
I (4379) wifi:state: assoc -> run (0x10)
I (4419) wifi:connected with Tran Con Dev, aid = 2, channel 4, BW20, bssid = e4:ca:12:bd:52:70
I (4419) wifi:security: WPA2-PSK, phy: bgn, rssi: -43
I (4421) wifi:pm start, type: 1

I (4424) wifi:dp: 1, bi: 102400, li: 3, scale listen interval from 307200 us to 307200 us
I (4433) wifi:AP's beacon interval = 102400 us, DTIM period = 1
[0;32mI (6531) bridge_common: [WIFI_AP_DEF ]Name Server1: 203.113.131.2[0m
[0;31mE (7417) esp-tls: [sock=58] select() timeout[0m
[0;31mE (7417) transport_base: Failed to open a new connection: 32774[0m
[0;31mE (7418) transport_ws: Error connecting to host 192.168.1.88:3000[0m
[0;31mE (7425) websocket_client: esp_transport_connect() failed with -1, transport_error=ESP_ERR_ESP_TLS_CONNECTION_TIMEOUT, tls_error_code=0, tls_flags=0, esp_ws_handshake_status_code=0, errno=119[0m
[0;31mE (7442) websocket_client: WebSocket client error[0m
[0;32mI (7447) websocket_client: Reconnect after 500 ms[0m
[0;32mI (7453) websocket_client: WebSocket client connected[0m
[0;31mE (7458) websocket_client: Websocket client is not connected[0m
[0;33mW (7464) websocket_client: Send frame error![0m
[0;31mE (7469) websocket_client: Websocket client is not connected[0m
[0;33mW (7476) websocket_client: Send frame error![0m
[0;32mI (7439) esp_netif_handlers: sta ip: 192.168.1.3, mask: 255.255.255.0, gw: 192.168.1.1[0m
[0;32mI (7489) bridge_wifi: Connected with IP Address:192.168.1.3[0m
[0;33mW (7484) cam_hal: NO-SOI[0m
[0;33mW (7499) cam_hal: NO-SOI[0m
[0;32mI (7504) [vendor_ie]: RTC store: temp_mesh_id:3; ssid:Tran Con Dev; bssid:00:00:00:00:00:00; crc:725609446 [0m
[0;31mE (7513) [ESP_Mesh_Lite_Comm]: Error Get! [0m
[0;33mW (7517) [ESP_Mesh_Lite_Comm]: argot is not saved in flash [0m
[0;31mE (7532) websocket_client: Websocket client is not connected[0m
[0;33mW (7532) websocket_client: Send frame error![0m
[0;33mW (7537) cam_hal: NO-SOI[0m
[0;32mI (7545) esp32cam_security_gate: TCP client write task is running[0m
[0;31mE (7572) websocket_client: Websocket client is not connected[0m
[0;33mW (7572) websocket_client: Send frame error![0m
[0;31mE (7592) websocket_client: Websocket client is not connected[0m
[0;33mW (7592) websocket_client: Send frame error![0m
[0;31mE (7612) websocket_client: Websocket client is not connected[0m
[0;33mW (7612) websocket_client: Send frame error![0m
[0;31mE (7632) websocket_client: Websocket client is not connected[0m
[0;33mW (7632) websocket_client: Send frame error![0m
[0;31mE (7652) websocket_client: Websocket client is not connected[0m
[0;33mW (7652) websocket_client: Send frame error![0m
[0;31mE (7672) websocket_client: Websocket client is not connected[0m
[0;33mW (7672) websocket_client: Send frame error![0m
[0;31mE (7692) websocket_client: Websocket client is not connected[0m
[0;33mW (7692) websocket_client: Send frame error![0m
[0;31mE (7712) websocket_client: Websocket client is not connected[0m
[0;33mW (7712) websocket_client: Send frame error![0m
[0;31mE (7732) websocket_client: Websocket client is not connected[0m
[0;33mW (7732) websocket_client: Send frame error![0m
[0;31mE (7752) websocket_client: Websocket client is not connected[0m
[0;33mW (7752) websocket_client: Send frame error![0m
[0;31mE (7772) websocket_client: Websocket client is not connected[0m
[0;33mW (7772) websocket_client: Send frame error![0m
[0;31mE (7792) websocket_client: Websocket client is not connected[0m
[0;33mW (7792) websocket_client: Send frame error![0m
[0;31mE (7812) websocket_client: Websocket client is not connected[0m
[0;33mW (7812) websocket_client: Send frame error![0m
[0;31mE (7832) websocket_client: Websocket client is not connected[0m
[0;33mW (7832) websocket_client: Send frame error![0m
[0;31mE (7852) websocket_client: Websocket client is not connected[0m
[0;33mW (7852) websocket_client: Send frame error![0m
[0;31mE (7872) websocket_client: Websocket client is not connected[0m
[0;33mW (7872) websocket_client: Send frame error![0m
[0;31mE (7892) websocket_client: Websocket client is not connected[0m
[0;33mW (7892) websocket_client: Send frame error![0m
[0;31mE (7912) websocket_client: Websocket client is not connected[0m
[0;33mW (7912) websocket_client: Send frame error![0m
[0;31mE (7932) websocket_client: Websocket client is not connected[0m
[0;33mW (7932) websocket_client: Send frame error![0m
[0;31mE (7952) websocket_client: Websocket client is not connected[0m
[0;33mW (7952) websocket_client: Send frame error![0m
[0;31mE (7972) websocket_client: Websocket client is not connected[0m
[0;33mW (7972) websocket_client: Send frame error![0m
[0;31mE (7992) websocket_client: Websocket client is not connected[0m
[0;33mW (7992) websocket_client: Send frame error![0m
[0;31mE (8012) websocket_client: Websocket client is not connected[0m
[0;33mW (8012) websocket_client: Send frame error![0m
[0;32mI (8043) websocket_client: WebSocket client connected[0m
[0;32mI (8057) websocket_client: Image sent to WebSocket: 7867 bytes (0.2fps)[0m
[0;32mI (8107) websocket_client: Image sent to WebSocket: 8485 bytes (20.0fps)[0m
[0;32mI (8128) websocket_client: Image sent to WebSocket: 7595 bytes (47.6fps)[0m
[0;33mW (8137) cam_hal: NO-SOI[0m
[0;32mI (8164) websocket_client: Image sent to WebSocket: 7676 bytes (27.8fps)[0m
[0;32mI (8185) websocket_client: Image sent to WebSocket: 7676 bytes (50.0fps)[0m
[0;32mI (8203) websocket_client: Image sent to WebSocket: 7891 bytes (58.8fps)[0m
[0;32mI (8225) websocket_client: Image sent to WebSocket: 7891 bytes (45.5fps)[0m
[0;33mW (8236) cam_hal: NO-SOI[0m
[0;32mI (8244) websocket_client: Image sent to WebSocket: 7891 bytes (55.6fps)[0m
[0;32mI (8284) websocket_client: Image sent to WebSocket: 7891 bytes (25.6fps)[0m
[0;33mW (8296) cam_hal: NO-SOI[0m
[0;32mI (8308) websocket_client: Image sent to WebSocket: 7928 bytes (41.7fps)[0m
[0;32mI (8344) websocket_client: Image sent to WebSocket: 7928 bytes (28.6fps)[0m
[0;33mW (8357) cam_hal: NO-SOI[0m
[0;32mI (8369) websocket_client: Image sent to WebSocket: 8416 bytes (40.0fps)[0m
[0;32mI (8404) websocket_client: Image sent to WebSocket: 7536 bytes (29.4fps)[0m
[0;33mW (8416) cam_hal: NO-SOI[0m
[0;32mI (8423) websocket_client: Image sent to WebSocket: 7990 bytes (52.6fps)[0m
[0;32mI (8464) websocket_client: Image sent to WebSocket: 7990 bytes (25.0fps)[0m
[0;32mI (8490) websocket_client: Image sent to WebSocket: 8147 bytes (38.5fps)[0m
[0;32mI (8504) websocket_client: Image sent to WebSocket: 8379 bytes (71.4fps)[0m
[0;33mW (8517) cam_hal: NO-SOI[0m
[0;32mI (8526) websocket_client: Image sent to WebSocket: 7799 bytes (47.6fps)[0m
[0;33mW (8556) cam_hal: NO-SOI[0m
[0;32mI (8567) websocket_client: Image sent to WebSocket: 7799 bytes (24.4fps)[0m
[0;32mI (8605) websocket_client: Image sent to WebSocket: 7799 bytes (26.3fps)[0m
[0;33mW (8617) cam_hal: NO-SOI[0m
[0;32mI (8625) websocket_client: Image sent to WebSocket: 8259 bytes (52.6fps)[0m
[0;32mI (8666) websocket_client: Image sent to WebSocket: 7498 bytes (24.4fps)[0m
[0;33mW (8677) cam_hal: NO-SOI[0m
[0;32mI (8685) websocket_client: Image sent to WebSocket: 8436 bytes (55.6fps)[0m
[0;32mI (8723) websocket_client: Image sent to WebSocket: 7486 bytes (27.0fps)[0m
[0;33mW (8737) cam_hal: NO-SOI[0m
[0;32mI (8744) websocket_client: Image sent to WebSocket: 8184 bytes (47.6fps)[0m
[0;32mI (8788) websocket_client: Image sent to WebSocket: 8184 bytes (23.3fps)[0m
[0;33mW (8797) cam_hal: NO-SOI[0m
[0;32mI (8804) websocket_client: Image sent to WebSocket: 8184 bytes (66.7fps)[0m
[0;32mI (8846) websocket_client: Image sent to WebSocket: 8184 bytes (24.4fps)[0m
[0;33mW (8855) cam_hal: NO-SOI[0m
[0;32mI (8865) websocket_client: Image sent to WebSocket: 8184 bytes (52.6fps)[0m
[0;32mI (8907) websocket_client: Image sent to WebSocket: 8184 bytes (24.4fps)[0m
[0;33mW (8917) cam_hal: NO-SOI[0m
[0;32mI (8929) websocket_client: Image sent to WebSocket: 8184 bytes (47.6fps)[0m
[0;32mI (8963) websocket_client: Image sent to WebSocket: 8184 bytes (29.4fps)[0m
[0;33mW (8977) cam_hal: NO-SOI[0m
[0;32mI (8989) websocket_client: Image sent to WebSocket: 8724 bytes (38.5fps)[0m
[0;32mI (9026) websocket_client: Image sent to WebSocket: 7403 bytes (27.8fps)[0m
[0;33mW (9037) cam_hal: NO-SOI[0m
[0;32mI (9050) websocket_client: Image sent to WebSocket: 7990 bytes (43.5fps)[0m
[0;32mI (9087) websocket_client: Image sent to WebSocket: 7990 bytes (27.8fps)[0m
[0;33mW (9097) cam_hal: NO-SOI[0m
[0;32mI (9108) websocket_client: Image sent to WebSocket: 7990 bytes (47.6fps)[0m
[0;32mI (9143) websocket_client: Image sent to WebSocket: 7990 bytes (28.6fps)[0m
[0;33mW (9157) cam_hal: NO-SOI[0m
[0;32mI (9171) websocket_client: Image sent to WebSocket: 8283 bytes (35.7fps)[0m
[0;32mI (9203) websocket_client: Image sent to WebSocket: 7600 bytes (32.3fps)[0m
[0;33mW (9217) cam_hal: NO-SOI[0m
[0;32mI (9224) websocket_client: Image sent to WebSocket: 8197 bytes (50.0fps)[0m
[0;32mI (9263) websocket_client: Image sent to WebSocket: 7490 bytes (25.6fps)[0m
[0;33mW (9277) cam_hal: NO-SOI[0m
[0;32mI (9287) websocket_client: Image sent to WebSocket: 8303 bytes (41.7fps)[0m
[0;32mI (9322) websocket_client: Image sent to WebSocket: 7478 bytes (29.4fps)[0m
[0;33mW (9337) cam_hal: NO-SOI[0m
[0;32mI (9343) websocket_client: Image sent to WebSocket: 8284 bytes (50.0fps)[0m
[0;33mW (9376) cam_hal: NO-SOI[0m
[0;32mI (9383) websocket_client: Image sent to WebSocket: 7479 bytes (25.0fps)[0m
[0;32mI (9423) websocket_client: Image sent to WebSocket: 7479 bytes (25.0fps)[0m
[0;32mI (9444) websocket_client: Image sent to WebSocket: 7975 bytes (50.0fps)[0m
[0;33mW (9458) cam_hal: NO-SOI[0m
[0;32mI (9471) websocket_client: Image sent to WebSocket: 7975 bytes (38.5fps)[0m
[0;32mI (9503) websocket_client: Image sent to WebSocket: 7975 bytes (31.2fps)[0m
[0;33mW (9517) cam_hal: NO-SOI[0m
[0;32mI (9523) websocket_client: Image sent to WebSocket: 8248 bytes (52.6fps)[0m
[0;32mI (9566) websocket_client: Image sent to WebSocket: 7473 bytes (23.3fps)[0m
[0;33mW (9575) cam_hal: NO-SOI[0m
[0;32mI (9585) websocket_client: Image sent to WebSocket: 8109 bytes (52.6fps)[0m
[0;32mI (9629) websocket_client: Image sent to WebSocket: 8109 bytes (23.3fps)[0m
[0;33mW (9637) cam_hal: NO-SOI[0m
[0;32mI (9645) websocket_client: Image sent to WebSocket: 8624 bytes (66.7fps)[0m
[0;32mI (9691) websocket_client: Image sent to WebSocket: 7490 bytes (21.7fps)[0m
[0;32mI (9711) websocket_client: Image sent to WebSocket: 8487 bytes (52.6fps)[0m
[0;32mI (9726) websocket_client: Image sent to WebSocket: 8119 bytes (66.7fps)[0m
[0;32mI (9748) websocket_client: Image sent to WebSocket: 8119 bytes (47.6fps)[0m
[0;33mW (9757) cam_hal: NO-SOI[0m
[0;32mI (9767) websocket_client: Image sent to WebSocket: 8119 bytes (52.6fps)[0m
[0;32mI (9806) websocket_client: Image sent to WebSocket: 8119 bytes (25.6fps)[0m
[0;33mW (9817) cam_hal: NO-SOI[0m
[0;32mI (9824) websocket_client: Image sent to WebSocket: 8119 bytes (58.8fps)[0m
[0;32mI (9867) websocket_client: Image sent to WebSocket: 8119 bytes (23.3fps)[0m
[0;33mW (9877) cam_hal: NO-SOI[0m
[0;32mI (9885) websocket_client: Image sent to WebSocket: 8119 bytes (55.6fps)[0m
[0;32mI (9923) websocket_client: Image sent to WebSocket: 8119 bytes (27.0fps)[0m
[0;33mW (9935) cam_hal: NO-SOI[0m
[0;32mI (9944) websocket_client: Image sent to WebSocket: 8119 bytes (50.0fps)[0m
[0;32mI (9983) websocket_client: Image sent to WebSocket: 8119 bytes (26.3fps)[0m
[0;33mW (9997) cam_hal: NO-SOI[0m
[0;32mI (10005) websocket_client: Image sent to WebSocket: 8419 bytes (45.5fps)[0m
[0;32mI (10041) websocket_client: Image sent to WebSocket: 7158 bytes (28.6fps)[0m
[0;32mI (10070) websocket_client: Image sent to WebSocket: 7718 bytes (34.5fps)[0m
[0;32mI (10099) websocket_client: Image sent to WebSocket: 8031 bytes (35.7fps)[0m
[0;32mI (10115) websocket_client: Image sent to WebSocket: 8031 bytes (62.5fps)[0m
[0;32mI (10144) websocket_client: Image sent to WebSocket: 8031 bytes (35.7fps)[0m
[0;33mW (10156) cam_hal: NO-SOI[0m
[0;32mI (10166) websocket_client: Image sent to WebSocket: 8031 bytes (45.5fps)[0m
[0;33mW (10197) cam_hal: NO-SOI[0m
[0;32mI (10203) websocket_client: Image sent to WebSocket: 8031 bytes (27.8fps)[0m
[0;32mI (10242) websocket_client: Image sent to WebSocket: 7149 bytes (26.3fps)[0m
[0;32mI (10268) websocket_client: Image sent to WebSocket: 8031 bytes (40.0fps)[0m
[0;33mW (10277) cam_hal: NO-SOI[0m
[0;32mI (10286) websocket_client: Image sent to WebSocket: 8031 bytes (55.6fps)[0m
[0;32mI (10327) websocket_client: Image sent to WebSocket: 8031 bytes (24.4fps)[0m
[0;33mW (10337) cam_hal: NO-SOI[0m
[0;32mI (10345) websocket_client: Image sent to WebSocket: 8031 bytes (58.8fps)[0m
[0;33mW (10377) cam_hal: NO-SOI[0m
[0;32mI (10382) websocket_client: Image sent to WebSocket: 8031 bytes (27.0fps)[0m
[0;32mI (10425) websocket_client: Image sent to WebSocket: 8031 bytes (23.8fps)[0m
[0;33mW (10436) cam_hal: NO-SOI[0m
[0;32mI (10443) websocket_client: Image sent to WebSocket: 8031 bytes (55.6fps)[0m
[0;32mI (10496) websocket_client: Image sent to WebSocket: 8031 bytes (18.9fps)[0m
[0;32mI (10526) websocket_client: Image sent to WebSocket: 8031 bytes (33.3fps)[0m
[0;33mW (10535) cam_hal: NO-SOI[0m
[0;32mI (10655) websocket_client: Image sent to WebSocket: 8031 bytes (7.8fps)[0m
[0;32mI (10668) websocket_client: Image sent to WebSocket: 7036 bytes (76.9fps)[0m
[0;32mI (10702) websocket_client: Image sent to WebSocket: 7061 bytes (29.4fps)[0m
[0;33mW (10716) cam_hal: NO-SOI[0m
[0;32mI (10725) websocket_client: Image sent to WebSocket: 8349 bytes (43.5fps)[0m
[0;32mI (10760) websocket_client: Image sent to WebSocket: 6982 bytes (29.4fps)[0m
[0;32mI (10781) websocket_client: Image sent to WebSocket: 7307 bytes (50.0fps)[0m
[0;33mW (10795) cam_hal: NO-SOI[0m
[0;32mI (10803) websocket_client: Image sent to WebSocket: 7543 bytes (47.6fps)[0m
[0;32mI (10841) websocket_client: Image sent to WebSocket: 6961 bytes (26.3fps)[0m
[0;32mI (10862) websocket_client: Image sent to WebSocket: 7543 bytes (50.0fps)[0m
[0;32mI (10881) websocket_client: Image sent to WebSocket: 7543 bytes (52.6fps)[0m
[0;33mW (10896) cam_hal: NO-SOI[0m
[0;32mI (10903) websocket_client: Image sent to WebSocket: 7697 bytes (47.6fps)[0m
[0;32mI (10942) websocket_client: Image sent to WebSocket: 6933 bytes (25.6fps)[0m
[0;32mI (10962) websocket_client: Image sent to WebSocket: 7697 bytes (52.6fps)[0m
[0;32mI (10981) websocket_client: Image sent to WebSocket: 7685 bytes (55.6fps)[0m
[0;33mW (10996) cam_hal: NO-SOI[0m
[0;32mI (11001) websocket_client: Image sent to WebSocket: 7685 bytes (50.0fps)[0m
[0;32mI (11040) websocket_client: Image sent to WebSocket: 6866 bytes (26.3fps)[0m
[0;32mI (11062) websocket_client: Image sent to WebSocket: 7789 bytes (47.6fps)[0m
[0;32mI (11082) websocket_client: Image sent to WebSocket: 7799 bytes (50.0fps)[0m
[0;32mI (11105) websocket_client: Image sent to WebSocket: 7799 bytes (45.5fps)[0m
[0;33mW (11114) cam_hal: NO-SOI[0m
[0;32mI (11122) websocket_client: Image sent to WebSocket: 7799 bytes (58.8fps)[0m
[0;32mI (11162) websocket_client: Image sent to WebSocket: 6905 bytes (25.0fps)[0m
[0;33mW (11175) cam_hal: NO-SOI[0m
[0;32mI (11182) websocket_client: Image sent to WebSocket: 7799 bytes (52.6fps)[0m
[0;32mI (11223) websocket_client: Image sent to WebSocket: 6929 bytes (25.0fps)[0m
[0;32mI (11242) websocket_client: Image sent to WebSocket: 7799 bytes (55.6fps)[0m
[0;32mI (11271) websocket_client: Image sent to WebSocket: 7799 bytes (34.5fps)[0m
[0;33mW (11276) cam_hal: NO-SOI[0m
[0;32mI (11291) websocket_client: Image sent to WebSocket: 7799 bytes (50.0fps)[0m
[0;32mI (11324) websocket_client: Image sent to WebSocket: 7161 bytes (31.2fps)[0m
[0;33mW (11336) cam_hal: NO-SOI[0m
[0;32mI (11343) websocket_client: Image sent to WebSocket: 7799 bytes (55.6fps)[0m
[0;32mI (11382) websocket_client: Image sent to WebSocket: 6950 bytes (25.6fps)[0m
[0;32mI (11404) websocket_client: Image sent to WebSocket: 7799 bytes (45.5fps)[0m
[0;33mW (11414) cam_hal: NO-SOI[0m
[0;32mI (11421) websocket_client: Image sent to WebSocket: 7799 bytes (62.5fps)[0m
[0;32mI (11464) websocket_client: Image sent to WebSocket: 6975 bytes (23.3fps)[0m
[0;33mW (11476) cam_hal: NO-SOI[0m
[0;32mI (11516) websocket_client: Image sent to WebSocket: 7799 bytes (19.6fps)[0m
[0;32mI (11621) websocket_client: Image sent to WebSocket: 6997 bytes (9.6fps)[0m
[0;32mI (11715) websocket_client: Image sent to WebSocket: 6997 bytes (10.6fps)[0m
[0;32mI (11812) websocket_client: Image sent to WebSocket: 7123 bytes (10.4fps)[0m
[0;32mI (11823) websocket_client: Image sent to WebSocket: 7123 bytes (100.0fps)[0m
[0;32mI (11861) websocket_client: Image sent to WebSocket: 7123 bytes (26.3fps)[0m
[0;33mW (11874) cam_hal: NO-SOI[0m
[0;32mI (11882) websocket_client: Image sent to WebSocket: 7799 bytes (50.0fps)[0m
[0;32mI (11933) websocket_client: Image sent to WebSocket: 6720 bytes (19.6fps)[0m
[0;32mI (11947) websocket_client: Image sent to WebSocket: 7799 bytes (71.4fps)[0m
[0;32mI (11981) websocket_client: Image sent to WebSocket: 6742 bytes (30.3fps)[0m
[0;33mW (11995) cam_hal: NO-SOI[0m
[0;32mI (12007) websocket_client: Image sent to WebSocket: 7799 bytes (38.5fps)[0m
[0;32mI (12050) websocket_client: Image sent to WebSocket: 7153 bytes (23.8fps)[0m
[0;32mI (12066) websocket_client: Image sent to WebSocket: 7799 bytes (62.5fps)[0m
[0;32mI (12081) websocket_client: Image sent to WebSocket: 7799 bytes (66.7fps)[0m
[0;32mI (12104) websocket_client: Image sent to WebSocket: 7799 bytes (45.5fps)[0m
[0;32mI (12120) websocket_client: Image sent to WebSocket: 7121 bytes (62.5fps)[0m
[0;32mI (12144) websocket_client: Image sent to WebSocket: 7799 bytes (43.5fps)[0m
[0;33mW (12155) cam_hal: NO-SOI[0m
[0;32mI (12161) websocket_client: Image sent to WebSocket: 7813 bytes (62.5fps)[0m
[0;32mI (12205) websocket_client: Image sent to WebSocket: 6742 bytes (22.7fps)[0m
[0;33mW (12216) cam_hal: NO-SOI[0m
[0;32mI (12224) websocket_client: Image sent to WebSocket: 7813 bytes (55.6fps)[0m
[0;32mI (12268) websocket_client: Image sent to WebSocket: 7138 bytes (22.7fps)[0m
[0;32mI (12284) websocket_client: Image sent to WebSocket: 7138 bytes (66.7fps)[0m
[0;32mI (12304) websocket_client: Image sent to WebSocket: 7813 bytes (50.0fps)[0m
[0;33mW (12314) cam_hal: NO-SOI[0m
[0;32mI (12324) websocket_client: Image sent to WebSocket: 7813 bytes (52.6fps)[0m
[0;32mI (12371) websocket_client: Image sent to WebSocket: 7813 bytes (21.3fps)[0m
[0;32mI (12385) websocket_client: Image sent to WebSocket: 7140 bytes (76.9fps)[0m
[0;32mI (12419) websocket_client: Image sent to WebSocket: 7140 bytes (29.4fps)[0m
[0;33mW (12434) cam_hal: NO-SOI[0m
[0;32mI (12448) websocket_client: Image sent to WebSocket: 7813 bytes (35.7fps)[0m
[0;32mI (12479) websocket_client: Image sent to WebSocket: 6908 bytes (32.3fps)[0m
[0;32mI (12509) websocket_client: Image sent to WebSocket: 7813 bytes (34.5fps)[0m
[0;32mI (12522) websocket_client: Image sent to WebSocket: 7813 bytes (76.9fps)[0m
[0;33mW (12535) cam_hal: NO-SOI[0m
[0;32mI (12541) websocket_client: Image sent to WebSocket: 7813 bytes (55.6fps)[0m
[0;32mI (12580) websocket_client: Image sent to WebSocket: 6889 bytes (25.6fps)[0m
[0;32mI (12600) websocket_client: Image sent to WebSocket: 7813 bytes (52.6fps)[0m
[0;32mI (12620) websocket_client: Image sent to WebSocket: 7813 bytes (50.0fps)[0m
[0;33mW (12635) cam_hal: NO-SOI[0m
[0;32mI (12641) websocket_client: Image sent to WebSocket: 7813 bytes (50.0fps)[0m
[0;32mI (12680) websocket_client: Image sent to WebSocket: 7025 bytes (26.3fps)[0m
[0;32mI (12702) websocket_client: Image sent to WebSocket: 7813 bytes (45.5fps)[0m
[0;32mI (12720) websocket_client: Image sent to WebSocket: 7813 bytes (55.6fps)[0m
[0;33mW (12734) cam_hal: NO-SOI[0m
[0;32mI (12741) websocket_client: Image sent to WebSocket: 7813 bytes (47.6fps)[0m
[0;32mI (12780) websocket_client: Image sent to WebSocket: 7079 bytes (26.3fps)[0m
[0;32mI (12806) websocket_client: Image sent to WebSocket: 7813 bytes (38.5fps)[0m
[0;33mW (12814) cam_hal: NO-SOI[0m
[0;32mI (12821) websocket_client: Image sent to WebSocket: 7813 bytes (66.7fps)[0m
[0;32mI (12863) websocket_client: Image sent to WebSocket: 7063 bytes (24.4fps)[0m
[0;33mW (12875) cam_hal: NO-SOI[0m
[0;32mI (12882) websocket_client: Image sent to WebSocket: 7997 bytes (52.6fps)[0m
[0;32mI (12920) websocket_client: Image sent to WebSocket: 7042 bytes (26.3fps)[0m
[0;32mI (12943) websocket_client: Image sent to WebSocket: 7997 bytes (45.5fps)[0m
[0;32mI (12967) websocket_client: Image sent to WebSocket: 7997 bytes (41.7fps)[0m
[0;32mI (12981) websocket_client: Image sent to WebSocket: 7997 bytes (76.9fps)[0m
[0;32mI (13000) websocket_client: Image sent to WebSocket: 7997 bytes (52.6fps)[0m
[0;33mW (13015) cam_hal: NO-SOI[0m
[0;32mI (13033) websocket_client: Image sent to WebSocket: 7997 bytes (30.3fps)[0m
[0;32mI (13063) websocket_client: Image sent to WebSocket: 7997 bytes (34.5fps)[0m
[0;32mI (13085) websocket_client: Image sent to WebSocket: 8032 bytes (47.6fps)[0m
[0;32mI (13103) websocket_client: Image sent to WebSocket: 8032 bytes (58.8fps)[0m
[0;33mW (13114) cam_hal: NO-SOI[0m
[0;32mI (13124) websocket_client: Image sent to WebSocket: 8032 bytes (47.6fps)[0m
[0;32mI (13162) websocket_client: Image sent to WebSocket: 6976 bytes (27.0fps)[0m
[0;32mI (13184) websocket_client: Image sent to WebSocket: 8032 bytes (47.6fps)[0m
[0;32mI (13201) websocket_client: Image sent to WebSocket: 8032 bytes (58.8fps)[0m
[0;32mI (13221) websocket_client: Image sent to WebSocket: 8032 bytes (50.0fps)[0m
[0;32mI (13245) websocket_client: Image sent to WebSocket: 8032 bytes (43.5fps)[0m
[0;33mW (13254) cam_hal: NO-SOI[0m
[0;32mI (13266) websocket_client: Image sent to WebSocket: 8032 bytes (47.6fps)[0m
[0;32mI (13297) websocket_client: Image sent to WebSocket: 6976 bytes (33.3fps)[0m
[0;32mI (13321) websocket_client: Image sent to WebSocket: 8032 bytes (43.5fps)[0m
[0;32mI (13342) websocket_client: Image sent to WebSocket: 8032 bytes (47.6fps)[0m
[0;33mW (13354) cam_hal: NO-SOI[0m
[0;32mI (13364) websocket_client: Image sent to WebSocket: 8032 bytes (47.6fps)[0m
[0;32mI (13399) websocket_client: Image sent to WebSocket: 7063 bytes (29.4fps)[0m
[0;32mI (13422) websocket_client: Image sent to WebSocket: 8032 bytes (43.5fps)[0m
[0;32mI (13439) websocket_client: Image sent to WebSocket: 8032 bytes (58.8fps)[0m
[0;33mW (13455) cam_hal: NO-SOI[0m
[0;32mI (13470) websocket_client: Image sent to WebSocket: 8032 bytes (33.3fps)[0m
[0;32mI (13499) websocket_client: Image sent to WebSocket: 7078 bytes (34.5fps)[0m
[0;33mW (13515) cam_hal: NO-SOI[0m
[0;32mI (13526) websocket_client: Image sent to WebSocket: 8090 bytes (38.5fps)[0m
[0;32mI (13565) websocket_client: Image sent to WebSocket: 7023 bytes (26.3fps)[0m
[0;32mI (13584) websocket_client: Image sent to WebSocket: 8090 bytes (52.6fps)[0m
[0;33mW (13595) cam_hal: NO-SOI[0m
[0;32mI (13602) websocket_client: Image sent to WebSocket: 8661 bytes (58.8fps)[0m
[0;32mI (13639) websocket_client: Image sent to WebSocket: 7049 bytes (27.0fps)[0m
[0;33mW (13656) cam_hal: NO-SOI[0m
[0;32mI (13665) websocket_client: Image sent to WebSocket: 7308 bytes (38.5fps)[0m
[0;32mI (13703) websocket_client: Image sent to WebSocket: 7308 bytes (27.0fps)[0m
[0;32mI (13723) websocket_client: Image sent to WebSocket: 7598 bytes (50.0fps)[0m
[0;33mW (13734) cam_hal: NO-SOI[0m
[0;32mI (13740) websocket_client: Image sent to WebSocket: 7798 bytes (62.5fps)[0m
[0;32mI (13783) websocket_client: Image sent to WebSocket: 7013 bytes (23.3fps)[0m
[0;33mW (13794) cam_hal: NO-SOI[0m
[0;32mI (13799) websocket_client: Image sent to WebSocket: 7798 bytes (62.5fps)[0m
[0;32mI (13843) websocket_client: Image sent to WebSocket: 6913 bytes (23.3fps)[0m
[0;32mI (13859) websocket_client: Image sent to WebSocket: 7093 bytes (66.7fps)[0m
[0;32mI (13883) websocket_client: Image sent to WebSocket: 7798 bytes (41.7fps)[0m
[0;32mI (13902) websocket_client: Image sent to WebSocket: 7798 bytes (55.6fps)[0m
[0;32mI (13922) websocket_client: Image sent to WebSocket: 7798 bytes (50.0fps)[0m
[0;32mI (13943) websocket_client: Image sent to WebSocket: 7798 bytes (47.6fps)[0m
[0;32mI (13965) websocket_client: Image sent to WebSocket: 7798 bytes (45.5fps)[0m
[0;33mW (13973) cam_hal: NO-SOI[0m
[0;32mI (13987) websocket_client: Image sent to WebSocket: 7798 bytes (47.6fps)[0m
[0;32mI (14018) websocket_client: Image sent to WebSocket: 6980 bytes (33.3fps)[0m
[0;33mW (14033) cam_hal: NO-SOI[0m
[0;32mI (14041) websocket_client: Image sent to WebSocket: 7798 bytes (43.5fps)[0m
[0;32mI (14082) websocket_client: Image sent to WebSocket: 7111 bytes (24.4fps)[0m
[0;33mW (14094) cam_hal: NO-SOI[0m
[0;32mI (14103) websocket_client: Image sent to WebSocket: 8020 bytes (50.0fps)[0m
[0;32mI (14140) websocket_client: Image sent to WebSocket: 7036 bytes (27.0fps)[0m
[0;32mI (14167) websocket_client: Image sent to WebSocket: 8020 bytes (38.5fps)[0m
[0;32mI (14182) websocket_client: Image sent to WebSocket: 8020 bytes (66.7fps)[0m
[0;32mI (14204) websocket_client: Image sent to WebSocket: 8020 bytes (47.6fps)[0m
[0;32mI (14219) websocket_client: Image sent to WebSocket: 8020 bytes (66.7fps)[0m
[0;32mI (14241) websocket_client: Image sent to WebSocket: 8020 bytes (47.6fps)[0m
[0;32mI (14272) websocket_client: Image sent to WebSocket: 8020 bytes (33.3fps)[0m
[0;32mI (14285) websocket_client: Image sent to WebSocket: 8020 bytes (76.9fps)[0m
[0;32mI (14320) websocket_client: Image sent to WebSocket: 7038 bytes (29.4fps)[0m
[0;32mI (14340) websocket_client: Image sent to WebSocket: 8020 bytes (50.0fps)[0m
[0;32mI (14361) websocket_client: Image sent to WebSocket: 8020 bytes (50.0fps)[0m
[0;32mI (14383) websocket_client: Image sent to WebSocket: 8020 bytes (45.5fps)[0m
[0;33mW (14395) cam_hal: NO-SOI[0m
[0;32mI (14400) websocket_client: Image sent to WebSocket: 8020 bytes (62.5fps)[0m
[0;32mI (14440) websocket_client: Image sent to WebSocket: 7142 bytes (25.6fps)[0m
[0;32mI (14459) websocket_client: Image sent to WebSocket: 8020 bytes (52.6fps)[0m
[0;32mI (14481) websocket_client: Image sent to WebSocket: 8020 bytes (45.5fps)[0m
[0;33mW (14493) cam_hal: NO-SOI[0m
[0;32mI (14501) websocket_client: Image sent to WebSocket: 8020 bytes (50.0fps)[0m
[0;32mI (14540) websocket_client: Image sent to WebSocket: 7061 bytes (25.6fps)[0m
[0;32mI (14562) websocket_client: Image sent to WebSocket: 8020 bytes (47.6fps)[0m
[0;33mW (14575) cam_hal: NO-SOI[0m
[0;32mI (14582) websocket_client: Image sent to WebSocket: 8020 bytes (52.6fps)[0m
[0;32mI (14622) websocket_client: Image sent to WebSocket: 8020 bytes (25.6fps)[0m
[0;32mI (14640) websocket_client: Image sent to WebSocket: 8020 bytes (55.6fps)[0m
[0;32mI (14662) websocket_client: Image sent to WebSocket: 8020 bytes (45.5fps)[0m
[0;32mI (14683) websocket_client: Image sent to WebSocket: 8020 bytes (50.0fps)[0m
[0;33mW (14694) cam_hal: NO-SOI[0m
[0;32mI (14704) websocket_client: Image sent to WebSocket: 8020 bytes (50.0fps)[0m
[0;32mI (14741) websocket_client: Image sent to WebSocket: 6991 bytes (27.0fps)[0m
[0;33mW (14754) cam_hal: NO-SOI[0m
[0;32mI (14767) websocket_client: Image sent to WebSocket: 8020 bytes (38.5fps)[0m
[0;32mI (14803) websocket_client: Image sent to WebSocket: 7060 bytes (28.6fps)[0m
[0;33mW (14813) cam_hal: NO-SOI[0m
[0;32mI (14827) websocket_client: Image sent to WebSocket: 8096 bytes (43.5fps)[0m
[0;32mI (14857) websocket_client: Image sent to WebSocket: 7046 bytes (33.3fps)[0m
[0;32mI (14887) websocket_client: Image sent to WebSocket: 8096 bytes (33.3fps)[0m
[0;32mI (14902) websocket_client: Image sent to WebSocket: 8096 bytes (66.7fps)[0m
[0;33mW (14914) cam_hal: NO-SOI[0m
[0;32mI (14924) websocket_client: Image sent to WebSocket: 8096 bytes (45.5fps)[0m
[0;32mI (14960) websocket_client: Image sent to WebSocket: 7062 bytes (28.6fps)[0m
[0;32mI (14986) websocket_client: Image sent to WebSocket: 8096 bytes (38.5fps)[0m
[0;32mI (14999) websocket_client: Image sent to WebSocket: 8096 bytes (76.9fps)[0m
[0;33mW (15014) cam_hal: NO-SOI[0m
[0;32mI (15020) websocket_client: Image sent to WebSocket: 8096 bytes (50.0fps)[0m
[0;32mI (15059) websocket_client: Image sent to WebSocket: 6984 bytes (26.3fps)[0m
[0;32mI (15082) websocket_client: Image sent to WebSocket: 8096 bytes (45.5fps)[0m
